
Note: No compatibility mode selected!


Circuit: * comparator-preamp-noise @ tt_27c_3.30v -- generated by sim/harness, do not edit

Doing analysis at TEMP = 27.000000 and TNOM = 27.000000


No. of Data Rows : 1
Doing analysis at TEMP = 27.000000 and TNOM = 27.000000


No. of Data Rows : 181

No. of Data Rows : 1
Doing analysis at TEMP = 27.000000 and TNOM = 27.000000


No. of Data Rows : 121

No. of Data Rows : 1
Doing analysis at TEMP = 27.000000 and TNOM = 27.000000


No. of Data Rows : 181
m_av_dc = 1.8493554794e+01
m_vn_in_uv = 9.9462469874e+01
m_vn_in_hf_uv = 9.9210926349e+01
m_onoise_uv = 1.8394146366e+03
m_onoise_hf_uv = 1.8347627026e+03
m_inoise_band_uv = 4.1468391002e+02
m_flicker_frac_pct = 5.0516630996e-01
m_white_nv_rthz = 2.5946351059e+02
m_enbw_mhz = 5.0258172899e+01
m_vbias_anchor_mv = 1.0013196457e+03
Note: Simulation executed from .control section 

Using SPARSE 1.3 as Direct Linear Solver
Using SPARSE 1.3 as Direct Linear Solver
Using SPARSE 1.3 as Direct Linear Solver
Using SPARSE 1.3 as Direct Linear Solver
