
Note: Compatibility modes selected: hs a


Circuit: * comparator-regeneration @ ff_-40c_3.63v -- generated by sim/harness, do not edit

Doing analysis at TEMP = -40.000000 and TNOM = 27.000000

Using SPARSE 1.3 as Direct Linear Solver

Initial Transient Solution
--------------------------

Node                                   Voltage
----                                   -------
vdd                                       3.63
vdda                                      3.63
clk                                          0
cm                                        1.65
sa                                  -0.0622988
apa                                    1.61885
ana                                    1.68115
ibna                                  0.890958
xa.xlayout_dut.sp__t2              4.43802e-09
xa.xlayout_dut.qp__t6                     3.63
xa.xlayout_dut.vss__t17            4.89734e-11
xa.xlayout_dut.vss__t2             4.24686e-20
xa.xlayout_dut.dout__t3                   3.63
xa.xlayout_dut.sp__t3              4.54724e-09
xa.xlayout_dut.vss__t25            3.82125e-15
xa.xlayout_dut.vss__t3             4.07317e-11
xa.xlayout_dut.dout__t2                   3.63
xa.xlayout_dut.doutb__t0           6.02681e-09
xa.xlayout_dut.vss__t24             4.0184e-15
xa.xlayout_dut.vss__t4             4.28332e-11
xa.xlayout_dut.ibias__t0               0.88968
xa.xlayout_dut.ibias__t1              0.890958
xa.xlayout_dut.vss__t20            0.000254896
xa.xlayout_dut.vss__t8              2.2684e-11
xa.xlayout_dut.sn__t2              4.43793e-09
xa.xlayout_dut.qn__t6                     3.63
xa.xlayout_dut.vss__t23            4.88822e-11
xa.xlayout_dut.vss__t5             4.23878e-20
xa.xlayout_dut.doutb__t1           6.02681e-09
xa.xlayout_dut.sn__t3              4.60357e-09
xa.xlayout_dut.vss__t22            4.40965e-22
xa.xlayout_dut.vss__t6             6.73944e-20
xa.xlayout_dut.doutb__t4           5.77415e-09
xa.xlayout_dut.dout__t4                   3.63
xa.xlayout_dut.vss__t21            7.89632e-11
xa.xlayout_dut.vss__t7             6.88377e-20
xa.xlayout_dut.qn__t4                     3.63
xa.xlayout_dut.qp__t0                     3.63
xa.xlayout_dut.mn__t0                     3.63
xa.xlayout_dut.vss__t9              4.7653e-11
xa.xlayout_dut.mn__t1                     3.63
xa.xlayout_dut.aop__t2                 1.99852
xa.xlayout_dut.ltail__t0               2.30661
xa.xlayout_dut.vss__t11            3.55028e-11
xa.xlayout_dut.atail__t0              0.746359
xa.xlayout_dut.ibias__t2              0.890958
xa.xlayout_dut.vss__t19            0.000500216
xa.xlayout_dut.vss__t13            1.83003e-11
xa.xlayout_dut.qp__t1                     3.63
xa.xlayout_dut.qn__t5                     3.63
xa.xlayout_dut.mp__t2                     3.63
xa.xlayout_dut.vss__t10            4.77387e-11
xa.xlayout_dut.ltail__t1               2.30661
xa.xlayout_dut.clk__t2                       0
xa.xlayout_dut.vss__t18            1.46999e-14
xa.xlayout_dut.vss__t14            1.24574e-11
xa.xlayout_dut.mp__t1                     3.63
xa.xlayout_dut.aon__t0                 3.08774
xa.xlayout_dut.ltail__t2               2.30661
xa.xlayout_dut.vss__t12            3.58587e-11
xa.xlayout_dut.aon__t1                 3.08733
xa.xlayout_dut.vinp__t0                1.61885
xa.xlayout_dut.atail__t1              0.746915
xa.xlayout_dut.vss__t15            2.83554e-07
xa.xlayout_dut.aop__t1                 1.99662
xa.xlayout_dut.vinn__t0                1.68115
xa.xlayout_dut.atail__t2               0.74738
xa.xlayout_dut.vss__t16            9.56505e-11
xa.xlayout_dut.mn__t2                     3.63
xa.xlayout_dut.clk__t0                       0
xa.xlayout_dut.vdd__t0                    3.63
xa.xlayout_dut.vdd__t1                    3.63
xa.xlayout_dut.qn__t1                     3.63
xa.xlayout_dut.clk__t1                       0
xa.xlayout_dut.vdd__t2                    3.63
xa.xlayout_dut.vdd__t3                    3.63
xa.xlayout_dut.sp__t0              4.78651e-09
xa.xlayout_dut.qp__t2                     3.63
xa.xlayout_dut.vdd__t4                    3.63
xa.xlayout_dut.vdd__t5                    3.63
xa.xlayout_dut.mp__t0                     3.63
xa.xlayout_dut.clk__t4                       0
xa.xlayout_dut.vdd__t21                   3.63
xa.xlayout_dut.vdd__t20                   3.63
xa.xlayout_dut.qn__t0                     3.63
xa.xlayout_dut.qp__t3                     3.63
xa.xlayout_dut.vdd__t6                    3.63
xa.xlayout_dut.vdd__t7                    3.63
xa.xlayout_dut.qp__t4                     3.63
xa.xlayout_dut.clk__t3                       0
xa.xlayout_dut.vdd__t19                   3.63
xa.xlayout_dut.vdd__t18                   3.63
xa.xlayout_dut.na__t1                     3.63
xa.xlayout_dut.sp__t1              4.54724e-09
xa.xlayout_dut.vdd__t23                   3.63
xa.xlayout_dut.vdd__t8                    3.63
xa.xlayout_dut.dout__t0                   3.63
xa.xlayout_dut.doutb__t2           6.02681e-09
xa.xlayout_dut.na__t0                     3.63
xa.xlayout_dut.vdd__t13                   3.63
xa.xlayout_dut.sn__t0              4.86379e-09
xa.xlayout_dut.qn__t3                     3.63
xa.xlayout_dut.vdd__t17                   3.63
xa.xlayout_dut.vdd__t16                   3.63
xa.xlayout_dut.qp__t5                     3.63
xa.xlayout_dut.qn__t2                     3.63
xa.xlayout_dut.vdd__t15                   3.63
xa.xlayout_dut.vdd__t14                   3.63
xa.xlayout_dut.nb__t1                     3.63
xa.xlayout_dut.sn__t1              4.60357e-09
xa.xlayout_dut.vdd__t22                   3.63
xa.xlayout_dut.vdd__t12                   3.63
xa.xlayout_dut.doutb__t3            6.5767e-09
xa.xlayout_dut.dout__t1                   3.63
xa.xlayout_dut.nb__t0                     3.63
xa.xlayout_dut.vdd__t11                   3.63
xa.xlayout_dut.aon__t2                  3.0879
xa.xlayout_dut.x$28.11                 3.08866
xa.xlayout_dut.vss__t0                       0
xa.xlayout_dut.x$28.21                 3.62859
xa.xlayout_dut.vdd__t10                3.62935
xa.xlayout_dut.aop__t0                 1.99905
xa.xlayout_dut.x$29.11                 2.00134
xa.xlayout_dut.vss__t1                       0
xa.xlayout_dut.x$29.21                 3.62693
xa.xlayout_dut.vdd__t9                 3.62922
xa.xlayout_dut.aon                     3.08774
vsubs                                        0
xa.xlayout_dut.aop                     1.99852
xa.xlayout_dut.atail                  0.746862
douta                                     3.63
doutba                             6.02681e-09
xa.xlayout_dut.ltail                   2.30661
xa.xlayout_dut.mn                         3.63
xa.xlayout_dut.mp                         3.63
xa.xlayout_dut.na                         3.63
xa.xlayout_dut.nb                         3.63
xa.xlayout_dut.qn                         3.63
xa.xlayout_dut.qp                         3.63
xa.xlayout_dut.sn                  4.60357e-09
xa.xlayout_dut.sp                  4.54724e-09
sb                                  -0.0132988
apb                                    1.64335
anb                                    1.65665
ibnb                                  0.890958
xb.xlayout_dut.sp__t2              4.43802e-09
xb.xlayout_dut.qp__t6                     3.63
xb.xlayout_dut.vss__t17            4.89734e-11
xb.xlayout_dut.vss__t2             4.24686e-20
xb.xlayout_dut.dout__t3                   3.63
xb.xlayout_dut.sp__t3              4.54724e-09
xb.xlayout_dut.vss__t25            3.82125e-15
xb.xlayout_dut.vss__t3             4.07317e-11
xb.xlayout_dut.dout__t2                   3.63
xb.xlayout_dut.doutb__t0           6.02681e-09
xb.xlayout_dut.vss__t24             4.0184e-15
xb.xlayout_dut.vss__t4             4.28332e-11
xb.xlayout_dut.ibias__t0               0.88968
xb.xlayout_dut.ibias__t1              0.890958
xb.xlayout_dut.vss__t20            0.000254896
xb.xlayout_dut.vss__t8              2.2684e-11
xb.xlayout_dut.sn__t2              4.43793e-09
xb.xlayout_dut.qn__t6                     3.63
xb.xlayout_dut.vss__t23            4.88822e-11
xb.xlayout_dut.vss__t5             4.23878e-20
xb.xlayout_dut.doutb__t1           6.02681e-09
xb.xlayout_dut.sn__t3              4.60357e-09
xb.xlayout_dut.vss__t22            4.40965e-22
xb.xlayout_dut.vss__t6             6.73944e-20
xb.xlayout_dut.doutb__t4           5.77415e-09
xb.xlayout_dut.dout__t4                   3.63
xb.xlayout_dut.vss__t21            7.89632e-11
xb.xlayout_dut.vss__t7             6.88377e-20
xb.xlayout_dut.qn__t4                     3.63
xb.xlayout_dut.qp__t0                     3.63
xb.xlayout_dut.mn__t0                     3.63
xb.xlayout_dut.vss__t9              4.7653e-11
xb.xlayout_dut.mn__t1                     3.63
xb.xlayout_dut.aop__t2                 2.42222
xb.xlayout_dut.ltail__t0               1.94984
xb.xlayout_dut.vss__t11            3.33692e-11
xb.xlayout_dut.atail__t0               0.74185
xb.xlayout_dut.ibias__t2              0.890958
xb.xlayout_dut.vss__t19             0.00050019
xb.xlayout_dut.vss__t13            1.81898e-11
xb.xlayout_dut.qp__t1                     3.63
xb.xlayout_dut.qn__t5                     3.63
xb.xlayout_dut.mp__t2                     3.63
xb.xlayout_dut.vss__t10            4.77387e-11
xb.xlayout_dut.ltail__t1               1.94984
xb.xlayout_dut.clk__t2                       0
xb.xlayout_dut.vss__t18            1.37901e-14
xb.xlayout_dut.vss__t14            1.05306e-11
xb.xlayout_dut.mp__t1                     3.63
xb.xlayout_dut.aon__t0                 2.66492
xb.xlayout_dut.ltail__t2               1.94984
xb.xlayout_dut.vss__t12            3.37044e-11
xb.xlayout_dut.aon__t1                 2.66419
xb.xlayout_dut.vinp__t0                1.64335
xb.xlayout_dut.atail__t1              0.742448
xb.xlayout_dut.vss__t15            4.04265e-08
xb.xlayout_dut.aop__t1                 2.42081
xb.xlayout_dut.vinn__t0                1.65665
xb.xlayout_dut.atail__t2              0.742736
xb.xlayout_dut.vss__t16            6.61391e-09
xb.xlayout_dut.mn__t2                     3.63
xb.xlayout_dut.clk__t0                       0
xb.xlayout_dut.vdd__t0                    3.63
xb.xlayout_dut.vdd__t1                    3.63
xb.xlayout_dut.qn__t1                     3.63
xb.xlayout_dut.clk__t1                       0
xb.xlayout_dut.vdd__t2                    3.63
xb.xlayout_dut.vdd__t3                    3.63
xb.xlayout_dut.sp__t0              4.78651e-09
xb.xlayout_dut.qp__t2                     3.63
xb.xlayout_dut.vdd__t4                    3.63
xb.xlayout_dut.vdd__t5                    3.63
xb.xlayout_dut.mp__t0                     3.63
xb.xlayout_dut.clk__t4                       0
xb.xlayout_dut.vdd__t21                   3.63
xb.xlayout_dut.vdd__t20                   3.63
xb.xlayout_dut.qn__t0                     3.63
xb.xlayout_dut.qp__t3                     3.63
xb.xlayout_dut.vdd__t6                    3.63
xb.xlayout_dut.vdd__t7                    3.63
xb.xlayout_dut.qp__t4                     3.63
xb.xlayout_dut.clk__t3                       0
xb.xlayout_dut.vdd__t19                   3.63
xb.xlayout_dut.vdd__t18                   3.63
xb.xlayout_dut.na__t1                     3.63
xb.xlayout_dut.sp__t1              4.54724e-09
xb.xlayout_dut.vdd__t23                   3.63
xb.xlayout_dut.vdd__t8                    3.63
xb.xlayout_dut.dout__t0                   3.63
xb.xlayout_dut.doutb__t2           6.02681e-09
xb.xlayout_dut.na__t0                     3.63
xb.xlayout_dut.vdd__t13                   3.63
xb.xlayout_dut.sn__t0              4.86379e-09
xb.xlayout_dut.qn__t3                     3.63
xb.xlayout_dut.vdd__t17                   3.63
xb.xlayout_dut.vdd__t16                   3.63
xb.xlayout_dut.qp__t5                     3.63
xb.xlayout_dut.qn__t2                     3.63
xb.xlayout_dut.vdd__t15                   3.63
xb.xlayout_dut.vdd__t14                   3.63
xb.xlayout_dut.nb__t1                     3.63
xb.xlayout_dut.sn__t1              4.60357e-09
xb.xlayout_dut.vdd__t22                   3.63
xb.xlayout_dut.vdd__t12                   3.63
xb.xlayout_dut.doutb__t3            6.5767e-09
xb.xlayout_dut.dout__t1                   3.63
xb.xlayout_dut.nb__t0                     3.63
xb.xlayout_dut.vdd__t11                   3.63
xb.xlayout_dut.aon__t2                 2.66521
xb.xlayout_dut.x$28.11                 2.66656
xb.xlayout_dut.vss__t0                       0
xb.xlayout_dut.x$28.21                 3.62749
xb.xlayout_dut.vdd__t10                3.62884
xb.xlayout_dut.aop__t0                 2.42261
xb.xlayout_dut.x$29.11                 2.42431
xb.xlayout_dut.vss__t1                       0
xb.xlayout_dut.x$29.21                 3.62773
xb.xlayout_dut.vdd__t9                 3.62942
xb.xlayout_dut.aon                     2.66492
xb.xlayout_dut.aop                     2.42222
xb.xlayout_dut.atail                  0.742353
doutb                                     3.63
doutbb                             6.02681e-09
xb.xlayout_dut.ltail                   1.94984
xb.xlayout_dut.mn                         3.63
xb.xlayout_dut.mp                         3.63
xb.xlayout_dut.na                         3.63
xb.xlayout_dut.nb                         3.63
xb.xlayout_dut.qn                         3.63
xb.xlayout_dut.qp                         3.63
xb.xlayout_dut.sn                  4.60357e-09
xb.xlayout_dut.sp                  4.54724e-09
sc                                  -0.0123988
apc                                     1.6438
anc                                     1.6562
ibnc                                  0.890958
xc.xlayout_dut.sp__t2              4.43802e-09
xc.xlayout_dut.qp__t6                     3.63
xc.xlayout_dut.vss__t17            4.89734e-11
xc.xlayout_dut.vss__t2             4.24686e-20
xc.xlayout_dut.dout__t3                   3.63
xc.xlayout_dut.sp__t3              4.54724e-09
xc.xlayout_dut.vss__t25            3.82125e-15
xc.xlayout_dut.vss__t3             4.07317e-11
xc.xlayout_dut.dout__t2                   3.63
xc.xlayout_dut.doutb__t0           6.02681e-09
xc.xlayout_dut.vss__t24             4.0184e-15
xc.xlayout_dut.vss__t4             4.28332e-11
xc.xlayout_dut.ibias__t0               0.88968
xc.xlayout_dut.ibias__t1              0.890958
xc.xlayout_dut.vss__t20            0.000254896
xc.xlayout_dut.vss__t8              2.2684e-11
xc.xlayout_dut.sn__t2              4.43793e-09
xc.xlayout_dut.qn__t6                     3.63
xc.xlayout_dut.vss__t23            4.88822e-11
xc.xlayout_dut.vss__t5             4.23878e-20
xc.xlayout_dut.doutb__t1           6.02681e-09
xc.xlayout_dut.sn__t3              4.60357e-09
xc.xlayout_dut.vss__t22            4.40965e-22
xc.xlayout_dut.vss__t6             6.73944e-20
xc.xlayout_dut.doutb__t4           5.77415e-09
xc.xlayout_dut.dout__t4                   3.63
xc.xlayout_dut.vss__t21            7.89632e-11
xc.xlayout_dut.vss__t7             6.88377e-20
xc.xlayout_dut.qn__t4                     3.63
xc.xlayout_dut.qp__t0                     3.63
xc.xlayout_dut.mn__t0                     3.63
xc.xlayout_dut.vss__t9              4.7653e-11
xc.xlayout_dut.mn__t1                     3.63
xc.xlayout_dut.aop__t2                  2.4306
xc.xlayout_dut.ltail__t0               1.94282
xc.xlayout_dut.vss__t11            3.33272e-11
xc.xlayout_dut.atail__t0              0.741823
xc.xlayout_dut.ibias__t2              0.890958
xc.xlayout_dut.vss__t19             0.00050019
xc.xlayout_dut.vss__t13            1.81891e-11
xc.xlayout_dut.qp__t1                     3.63
xc.xlayout_dut.qn__t5                     3.63
xc.xlayout_dut.mp__t2                     3.63
xc.xlayout_dut.vss__t10            4.77387e-11
xc.xlayout_dut.ltail__t1               1.94282
xc.xlayout_dut.clk__t2                       0
xc.xlayout_dut.vss__t18            1.37724e-14
xc.xlayout_dut.vss__t14            1.04926e-11
xc.xlayout_dut.mp__t1                     3.63
xc.xlayout_dut.aon__t0                 2.65653
xc.xlayout_dut.ltail__t2               1.94282
xc.xlayout_dut.vss__t12             3.3662e-11
xc.xlayout_dut.aon__t1                  2.6558
xc.xlayout_dut.vinp__t0                 1.6438
xc.xlayout_dut.atail__t1              0.742422
xc.xlayout_dut.vss__t15            3.83342e-08
xc.xlayout_dut.aop__t1                 2.42921
xc.xlayout_dut.vinn__t0                 1.6562
xc.xlayout_dut.atail__t2              0.742706
xc.xlayout_dut.vss__t16            7.12103e-09
xc.xlayout_dut.mn__t2                     3.63
xc.xlayout_dut.clk__t0                       0
xc.xlayout_dut.vdd__t0                    3.63
xc.xlayout_dut.vdd__t1                    3.63
xc.xlayout_dut.qn__t1                     3.63
xc.xlayout_dut.clk__t1                       0
xc.xlayout_dut.vdd__t2                    3.63
xc.xlayout_dut.vdd__t3                    3.63
xc.xlayout_dut.sp__t0              4.78651e-09
xc.xlayout_dut.qp__t2                     3.63
xc.xlayout_dut.vdd__t4                    3.63
xc.xlayout_dut.vdd__t5                    3.63
xc.xlayout_dut.mp__t0                     3.63
xc.xlayout_dut.clk__t4                       0
xc.xlayout_dut.vdd__t21                   3.63
xc.xlayout_dut.vdd__t20                   3.63
xc.xlayout_dut.qn__t0                     3.63
xc.xlayout_dut.qp__t3                     3.63
xc.xlayout_dut.vdd__t6                    3.63
xc.xlayout_dut.vdd__t7                    3.63
xc.xlayout_dut.qp__t4                     3.63
xc.xlayout_dut.clk__t3                       0
xc.xlayout_dut.vdd__t19                   3.63
xc.xlayout_dut.vdd__t18                   3.63
xc.xlayout_dut.na__t1                     3.63
xc.xlayout_dut.sp__t1              4.54724e-09
xc.xlayout_dut.vdd__t23                   3.63
xc.xlayout_dut.vdd__t8                    3.63
xc.xlayout_dut.dout__t0                   3.63
xc.xlayout_dut.doutb__t2           6.02681e-09
xc.xlayout_dut.na__t0                     3.63
xc.xlayout_dut.vdd__t13                   3.63
xc.xlayout_dut.sn__t0              4.86379e-09
xc.xlayout_dut.qn__t3                     3.63
xc.xlayout_dut.vdd__t17                   3.63
xc.xlayout_dut.vdd__t16                   3.63
xc.xlayout_dut.qp__t5                     3.63
xc.xlayout_dut.qn__t2                     3.63
xc.xlayout_dut.vdd__t15                   3.63
xc.xlayout_dut.vdd__t14                   3.63
xc.xlayout_dut.nb__t1                     3.63
xc.xlayout_dut.sn__t1              4.60357e-09
xc.xlayout_dut.vdd__t22                   3.63
xc.xlayout_dut.vdd__t12                   3.63
xc.xlayout_dut.doutb__t3            6.5767e-09
xc.xlayout_dut.dout__t1                   3.63
xc.xlayout_dut.nb__t0                     3.63
xc.xlayout_dut.vdd__t11                   3.63
xc.xlayout_dut.aon__t2                 2.65683
xc.xlayout_dut.x$28.11                 2.65819
xc.xlayout_dut.vss__t0                       0
xc.xlayout_dut.x$28.21                 3.62747
xc.xlayout_dut.vdd__t10                3.62883
xc.xlayout_dut.aop__t0                   2.431
xc.xlayout_dut.x$29.11                 2.43268
xc.xlayout_dut.vss__t1                       0
xc.xlayout_dut.x$29.21                 3.62775
xc.xlayout_dut.vdd__t9                 3.62943
xc.xlayout_dut.aon                     2.65653
xc.xlayout_dut.aop                      2.4306
xc.xlayout_dut.atail                  0.742325
doutc                                     3.63
doutbc                             6.02681e-09
xc.xlayout_dut.ltail                   1.94282
xc.xlayout_dut.mn                         3.63
xc.xlayout_dut.mp                         3.63
xc.xlayout_dut.na                         3.63
xc.xlayout_dut.nb                         3.63
xc.xlayout_dut.qn                         3.63
xc.xlayout_dut.qp                         3.63
xc.xlayout_dut.sn                  4.60357e-09
xc.xlayout_dut.sp                  4.54724e-09
clkn                                         0
dan                                          1
dbn                                          1
dcn                                          1
bdcn#branch                                  0
bdbn#branch                                  0
bdan#branch                                  0
bclkn#branch                                 0
eanc#branch                        1.05856e-18
eapc#branch                        4.55035e-19
eanb#branch                        8.80933e-21
eapb#branch                       -2.87124e-19
eana#branch                       -1.61213e-19
eapa#branch                       -1.17102e-19
vsc#branch                                   0
vsb#branch                                   0
vsa#branch                                   0
vcm#branch                          9.5697e-19
vclk#branch                                  0
vsupa#branch                      -3.04266e-05
vsup#branch                       -6.08309e-05

 Reference value :  1.37640e-09
 Reference value :  4.49640e-09
 Reference value :  7.26140e-09
 Reference value :  1.00314e-08
 Reference value :  1.23810e-08
 Reference value :  1.50410e-08
 Reference value :  1.78060e-08
 Reference value :  2.05487e-08
 Reference value :  2.33275e-08
 Reference value :  2.61925e-08
 Reference value :  2.90425e-08
 Reference value :  3.19275e-08
 Reference value :  3.48225e-08
 Reference value :  3.78075e-08
 Reference value :  4.07661e-08
 Reference value :  4.35561e-08
 Reference value :  4.65811e-08
 Reference value :  4.92961e-08
 Reference value :  5.17885e-08
 Reference value :  5.45485e-08
 Reference value :  5.74685e-08
No. of Data Rows : 12050
vsup_v              =  3.63000e+00
td_a                =  7.66418e-10 targ=  4.08164e-08 trig=  4.00500e-08
td_b                =  9.61443e-10 targ=  4.10114e-08 trig=  4.00500e-08
td_c                =  1.09020e-09 targ=  4.11402e-08 trig=  4.00500e-08
da_first            =  8.76190e-06
db_first            =  8.76191e-06
dc_first            =  8.76191e-06
da_end              =  9.99962e-01
db_end              =  9.99962e-01
dc_end              =  9.99962e-01
i_stat              =  -2.85807e-05 from=  2.50000e-08 to=  2.90025e-08
q_dec               =  -8.99947e-13 from=  3.99000e-08 to=  4.80000e-08
m_td_od50_ns = 7.6641820000e-01
m_td_od1_ns = 9.6144250000e-01
m_td_od01_ns = 1.0902010000e+00
m_tau_ps = 5.5919106048e+01
m_resolve_decades = 1.7193452613e+01
m_dout_od50_end = 9.9996210000e-01
m_dout_od1_end = 9.9996210000e-01
m_dout_od01_end = 9.9996210000e-01
m_dout_od50_first = 8.7619050000e-06
m_dout_od1_first = 8.7619060000e-06
m_dout_od01_first = 8.7619060000e-06
m_i_static_ua = 2.8580720000e+01
m_e_dec_fj = 2.4264468848e+03
Note: Simulation executed from .control section 

Warning: m=xx on .subckt line will override multiplier m hierarchy!

