
Note: Compatibility modes selected: hs a


Circuit: * comparator-regeneration @ ff_-40c_3.30v -- generated by sim/harness, do not edit

Doing analysis at TEMP = -40.000000 and TNOM = 27.000000

Using SPARSE 1.3 as Direct Linear Solver

Initial Transient Solution
--------------------------

Node                                   Voltage
----                                   -------
vdd                                        3.3
vdda                                       3.3
clk                                          0
cm                                        1.65
sa                                  -0.0598387
apa                                    1.62008
ana                                    1.67992
ibna                                  0.890958
xa.xlayout_dut.sp__t2              3.39681e-09
xa.xlayout_dut.qp__t6                      3.3
xa.xlayout_dut.vss__t17            3.63674e-11
xa.xlayout_dut.vss__t2             3.24944e-20
xa.xlayout_dut.dout__t3                    3.3
xa.xlayout_dut.sp__t3              3.47791e-09
xa.xlayout_dut.vss__t25            3.58633e-15
xa.xlayout_dut.vss__t3             3.69612e-11
xa.xlayout_dut.dout__t2                    3.3
xa.xlayout_dut.doutb__t0           4.04948e-09
xa.xlayout_dut.vss__t24            3.77135e-15
xa.xlayout_dut.vss__t4             3.88682e-11
xa.xlayout_dut.ibias__t0               0.88968
xa.xlayout_dut.ibias__t1              0.890958
xa.xlayout_dut.vss__t20            0.000254896
xa.xlayout_dut.vss__t8              2.2684e-11
xa.xlayout_dut.sn__t2              3.39674e-09
xa.xlayout_dut.qn__t6                      3.3
xa.xlayout_dut.vss__t23            3.62997e-11
xa.xlayout_dut.vss__t5             3.24327e-20
xa.xlayout_dut.doutb__t1           4.04948e-09
xa.xlayout_dut.sn__t3              3.51974e-09
xa.xlayout_dut.vss__t22            2.96289e-22
xa.xlayout_dut.vss__t6              4.5283e-20
xa.xlayout_dut.doutb__t4           3.88455e-09
xa.xlayout_dut.dout__t4                    3.3
xa.xlayout_dut.vss__t21            5.15444e-11
xa.xlayout_dut.vss__t7             4.62919e-20
xa.xlayout_dut.qn__t4                      3.3
xa.xlayout_dut.qp__t0                      3.3
xa.xlayout_dut.mn__t0                      3.3
xa.xlayout_dut.vss__t9             4.33209e-11
xa.xlayout_dut.mn__t1                      3.3
xa.xlayout_dut.aop__t2                 1.68748
xa.xlayout_dut.ltail__t0               2.01139
xa.xlayout_dut.vss__t11            3.17637e-11
xa.xlayout_dut.atail__t0              0.745573
xa.xlayout_dut.ibias__t2              0.890958
xa.xlayout_dut.vss__t19            0.000500212
xa.xlayout_dut.vss__t13             1.8281e-11
xa.xlayout_dut.qp__t1                      3.3
xa.xlayout_dut.qn__t5                      3.3
xa.xlayout_dut.mp__t2                      3.3
xa.xlayout_dut.vss__t10            4.33989e-11
xa.xlayout_dut.ltail__t1               2.01139
xa.xlayout_dut.clk__t2                       0
xa.xlayout_dut.vss__t18            1.39454e-14
xa.xlayout_dut.vss__t14             1.0863e-11
xa.xlayout_dut.mp__t1                      3.3
xa.xlayout_dut.aon__t0                 2.73987
xa.xlayout_dut.ltail__t2               2.01139
xa.xlayout_dut.vss__t12            3.20822e-11
xa.xlayout_dut.aon__t1                 2.73944
xa.xlayout_dut.vinp__t0                1.62008
xa.xlayout_dut.atail__t1              0.746132
xa.xlayout_dut.vss__t15             4.1999e-08
xa.xlayout_dut.aop__t1                 1.68561
xa.xlayout_dut.vinn__t0                1.67992
xa.xlayout_dut.atail__t2              0.746588
xa.xlayout_dut.vss__t16            5.86283e-11
xa.xlayout_dut.mn__t2                      3.3
xa.xlayout_dut.clk__t0                       0
xa.xlayout_dut.vdd__t0                     3.3
xa.xlayout_dut.vdd__t1                     3.3
xa.xlayout_dut.qn__t1                      3.3
xa.xlayout_dut.clk__t1                       0
xa.xlayout_dut.vdd__t2                     3.3
xa.xlayout_dut.vdd__t3                     3.3
xa.xlayout_dut.sp__t0               3.6556e-09
xa.xlayout_dut.qp__t2                      3.3
xa.xlayout_dut.vdd__t4                     3.3
xa.xlayout_dut.vdd__t5                     3.3
xa.xlayout_dut.mp__t0                      3.3
xa.xlayout_dut.clk__t4                       0
xa.xlayout_dut.vdd__t21                    3.3
xa.xlayout_dut.vdd__t20                    3.3
xa.xlayout_dut.qn__t0                      3.3
xa.xlayout_dut.qp__t3                      3.3
xa.xlayout_dut.vdd__t6                     3.3
xa.xlayout_dut.vdd__t7                     3.3
xa.xlayout_dut.qp__t4                      3.3
xa.xlayout_dut.clk__t3                       0
xa.xlayout_dut.vdd__t19                    3.3
xa.xlayout_dut.vdd__t18                    3.3
xa.xlayout_dut.na__t1                      3.3
xa.xlayout_dut.sp__t1              3.47791e-09
xa.xlayout_dut.vdd__t23                    3.3
xa.xlayout_dut.vdd__t8                     3.3
xa.xlayout_dut.dout__t0                    3.3
xa.xlayout_dut.doutb__t2           4.04948e-09
xa.xlayout_dut.na__t0                      3.3
xa.xlayout_dut.vdd__t13                    3.3
xa.xlayout_dut.sn__t0              3.71298e-09
xa.xlayout_dut.qn__t3                      3.3
xa.xlayout_dut.vdd__t17                    3.3
xa.xlayout_dut.vdd__t16                    3.3
xa.xlayout_dut.qp__t5                      3.3
xa.xlayout_dut.qn__t2                      3.3
xa.xlayout_dut.vdd__t15                    3.3
xa.xlayout_dut.vdd__t14                    3.3
xa.xlayout_dut.nb__t1                      3.3
xa.xlayout_dut.sn__t1              3.51974e-09
xa.xlayout_dut.vdd__t22                    3.3
xa.xlayout_dut.vdd__t12                    3.3
xa.xlayout_dut.doutb__t3           4.40842e-09
xa.xlayout_dut.dout__t1                    3.3
xa.xlayout_dut.nb__t0                      3.3
xa.xlayout_dut.vdd__t11                    3.3
xa.xlayout_dut.aon__t2                 2.74004
xa.xlayout_dut.x$28.11                 2.74082
xa.xlayout_dut.vss__t0                       0
xa.xlayout_dut.x$28.21                 3.29854
xa.xlayout_dut.vdd__t10                3.29933
xa.xlayout_dut.aop__t0                 1.68801
xa.xlayout_dut.x$29.11                 1.69027
xa.xlayout_dut.vss__t1                       0
xa.xlayout_dut.x$29.21                 3.29697
xa.xlayout_dut.vdd__t9                 3.29923
xa.xlayout_dut.aon                     2.73987
vsubs                                        0
xa.xlayout_dut.aop                     1.68748
xa.xlayout_dut.atail                  0.746076
douta                                      3.3
doutba                             4.04948e-09
xa.xlayout_dut.ltail                   2.01139
xa.xlayout_dut.mn                          3.3
xa.xlayout_dut.mp                          3.3
xa.xlayout_dut.na                          3.3
xa.xlayout_dut.nb                          3.3
xa.xlayout_dut.qn                          3.3
xa.xlayout_dut.qp                          3.3
xa.xlayout_dut.sn                  3.51974e-09
xa.xlayout_dut.sp                  3.47791e-09
sb                                  -0.0108387
apb                                    1.64458
anb                                    1.65542
ibnb                                  0.890958
xb.xlayout_dut.sp__t2              3.39681e-09
xb.xlayout_dut.qp__t6                      3.3
xb.xlayout_dut.vss__t17            3.63674e-11
xb.xlayout_dut.vss__t2             3.24944e-20
xb.xlayout_dut.dout__t3                    3.3
xb.xlayout_dut.sp__t3              3.47791e-09
xb.xlayout_dut.vss__t25            3.58633e-15
xb.xlayout_dut.vss__t3             3.69612e-11
xb.xlayout_dut.dout__t2                    3.3
xb.xlayout_dut.doutb__t0           4.04948e-09
xb.xlayout_dut.vss__t24            3.77135e-15
xb.xlayout_dut.vss__t4             3.88682e-11
xb.xlayout_dut.ibias__t0               0.88968
xb.xlayout_dut.ibias__t1              0.890958
xb.xlayout_dut.vss__t20            0.000254896
xb.xlayout_dut.vss__t8              2.2684e-11
xb.xlayout_dut.sn__t2              3.39674e-09
xb.xlayout_dut.qn__t6                      3.3
xb.xlayout_dut.vss__t23            3.62997e-11
xb.xlayout_dut.vss__t5             3.24327e-20
xb.xlayout_dut.doutb__t1           4.04948e-09
xb.xlayout_dut.sn__t3              3.51974e-09
xb.xlayout_dut.vss__t22            2.96289e-22
xb.xlayout_dut.vss__t6              4.5283e-20
xb.xlayout_dut.doutb__t4           3.88455e-09
xb.xlayout_dut.dout__t4                    3.3
xb.xlayout_dut.vss__t21            5.15444e-11
xb.xlayout_dut.vss__t7             4.62919e-20
xb.xlayout_dut.qn__t4                      3.3
xb.xlayout_dut.qp__t0                      3.3
xb.xlayout_dut.mn__t0                      3.3
xb.xlayout_dut.vss__t9             4.33209e-11
xb.xlayout_dut.mn__t1                      3.3
xb.xlayout_dut.aop__t2                 2.11519
xb.xlayout_dut.ltail__t0               1.65482
xb.xlayout_dut.vss__t11            2.96314e-11
xb.xlayout_dut.atail__t0              0.741373
xb.xlayout_dut.ibias__t2              0.890958
xb.xlayout_dut.vss__t19            0.000500187
xb.xlayout_dut.vss__t13            1.81781e-11
xb.xlayout_dut.qp__t1                      3.3
xb.xlayout_dut.qn__t5                      3.3
xb.xlayout_dut.mp__t2                      3.3
xb.xlayout_dut.vss__t10            4.33989e-11
xb.xlayout_dut.ltail__t1               1.65482
xb.xlayout_dut.clk__t2                       0
xb.xlayout_dut.vss__t18            1.30543e-14
xb.xlayout_dut.vss__t14            8.93724e-12
xb.xlayout_dut.mp__t1                      3.3
xb.xlayout_dut.aon__t0                 2.31214
xb.xlayout_dut.ltail__t2               1.65482
xb.xlayout_dut.vss__t12            2.99289e-11
xb.xlayout_dut.aon__t1                 2.31139
xb.xlayout_dut.vinp__t0                1.64458
xb.xlayout_dut.atail__t1              0.741974
xb.xlayout_dut.vss__t15            1.93271e-09
xb.xlayout_dut.aop__t1                 2.11382
xb.xlayout_dut.vinn__t0                1.65542
xb.xlayout_dut.atail__t2              0.742252
xb.xlayout_dut.vss__t16            2.49811e-10
xb.xlayout_dut.mn__t2                      3.3
xb.xlayout_dut.clk__t0                       0
xb.xlayout_dut.vdd__t0                     3.3
xb.xlayout_dut.vdd__t1                     3.3
xb.xlayout_dut.qn__t1                      3.3
xb.xlayout_dut.clk__t1                       0
xb.xlayout_dut.vdd__t2                     3.3
xb.xlayout_dut.vdd__t3                     3.3
xb.xlayout_dut.sp__t0               3.6556e-09
xb.xlayout_dut.qp__t2                      3.3
xb.xlayout_dut.vdd__t4                     3.3
xb.xlayout_dut.vdd__t5                     3.3
xb.xlayout_dut.mp__t0                      3.3
xb.xlayout_dut.clk__t4                       0
xb.xlayout_dut.vdd__t21                    3.3
xb.xlayout_dut.vdd__t20                    3.3
xb.xlayout_dut.qn__t0                      3.3
xb.xlayout_dut.qp__t3                      3.3
xb.xlayout_dut.vdd__t6                     3.3
xb.xlayout_dut.vdd__t7                     3.3
xb.xlayout_dut.qp__t4                      3.3
xb.xlayout_dut.clk__t3                       0
xb.xlayout_dut.vdd__t19                    3.3
xb.xlayout_dut.vdd__t18                    3.3
xb.xlayout_dut.na__t1                      3.3
xb.xlayout_dut.sp__t1              3.47791e-09
xb.xlayout_dut.vdd__t23                    3.3
xb.xlayout_dut.vdd__t8                     3.3
xb.xlayout_dut.dout__t0                    3.3
xb.xlayout_dut.doutb__t2           4.04948e-09
xb.xlayout_dut.na__t0                      3.3
xb.xlayout_dut.vdd__t13                    3.3
xb.xlayout_dut.sn__t0              3.71298e-09
xb.xlayout_dut.qn__t3                      3.3
xb.xlayout_dut.vdd__t17                    3.3
xb.xlayout_dut.vdd__t16                    3.3
xb.xlayout_dut.qp__t5                      3.3
xb.xlayout_dut.qn__t2                      3.3
xb.xlayout_dut.vdd__t15                    3.3
xb.xlayout_dut.vdd__t14                    3.3
xb.xlayout_dut.nb__t1                      3.3
xb.xlayout_dut.sn__t1              3.51974e-09
xb.xlayout_dut.vdd__t22                    3.3
xb.xlayout_dut.vdd__t12                    3.3
xb.xlayout_dut.doutb__t3           4.40842e-09
xb.xlayout_dut.dout__t1                    3.3
xb.xlayout_dut.nb__t0                      3.3
xb.xlayout_dut.vdd__t11                    3.3
xb.xlayout_dut.aon__t2                 2.31244
xb.xlayout_dut.x$28.11                 2.31382
xb.xlayout_dut.vss__t0                       0
xb.xlayout_dut.x$28.21                 3.29743
xb.xlayout_dut.vdd__t10                3.29881
xb.xlayout_dut.aop__t0                 2.11558
xb.xlayout_dut.x$29.11                 2.11724
xb.xlayout_dut.vss__t1                       0
xb.xlayout_dut.x$29.21                 3.29777
xb.xlayout_dut.vdd__t9                 3.29944
xb.xlayout_dut.aon                     2.31214
xb.xlayout_dut.aop                     2.11519
xb.xlayout_dut.atail                  0.741876
doutb                                      3.3
doutbb                             4.04948e-09
xb.xlayout_dut.ltail                   1.65482
xb.xlayout_dut.mn                          3.3
xb.xlayout_dut.mp                          3.3
xb.xlayout_dut.na                          3.3
xb.xlayout_dut.nb                          3.3
xb.xlayout_dut.qn                          3.3
xb.xlayout_dut.qp                          3.3
xb.xlayout_dut.sn                  3.51974e-09
xb.xlayout_dut.sp                  3.47791e-09
sc                                 -0.00993868
apc                                    1.64503
anc                                    1.65497
ibnc                                  0.890958
xc.xlayout_dut.sp__t2              3.39681e-09
xc.xlayout_dut.qp__t6                      3.3
xc.xlayout_dut.vss__t17            3.63674e-11
xc.xlayout_dut.vss__t2             3.24944e-20
xc.xlayout_dut.dout__t3                    3.3
xc.xlayout_dut.sp__t3              3.47791e-09
xc.xlayout_dut.vss__t25            3.58633e-15
xc.xlayout_dut.vss__t3             3.69612e-11
xc.xlayout_dut.dout__t2                    3.3
xc.xlayout_dut.doutb__t0           4.04948e-09
xc.xlayout_dut.vss__t24            3.77135e-15
xc.xlayout_dut.vss__t4             3.88682e-11
xc.xlayout_dut.ibias__t0               0.88968
xc.xlayout_dut.ibias__t1              0.890958
xc.xlayout_dut.vss__t20            0.000254896
xc.xlayout_dut.vss__t8              2.2684e-11
xc.xlayout_dut.sn__t2              3.39674e-09
xc.xlayout_dut.qn__t6                      3.3
xc.xlayout_dut.vss__t23            3.62997e-11
xc.xlayout_dut.vss__t5             3.24327e-20
xc.xlayout_dut.doutb__t1           4.04948e-09
xc.xlayout_dut.sn__t3              3.51974e-09
xc.xlayout_dut.vss__t22            2.96289e-22
xc.xlayout_dut.vss__t6              4.5283e-20
xc.xlayout_dut.doutb__t4           3.88455e-09
xc.xlayout_dut.dout__t4                    3.3
xc.xlayout_dut.vss__t21            5.15444e-11
xc.xlayout_dut.vss__t7             4.62919e-20
xc.xlayout_dut.qn__t4                      3.3
xc.xlayout_dut.qp__t0                      3.3
xc.xlayout_dut.mn__t0                      3.3
xc.xlayout_dut.vss__t9             4.33209e-11
xc.xlayout_dut.mn__t1                      3.3
xc.xlayout_dut.aop__t2                 2.12361
xc.xlayout_dut.ltail__t0               1.64787
xc.xlayout_dut.vss__t11            2.95898e-11
xc.xlayout_dut.atail__t0              0.741351
xc.xlayout_dut.ibias__t2              0.890958
xc.xlayout_dut.vss__t19            0.000500187
xc.xlayout_dut.vss__t13            1.81776e-11
xc.xlayout_dut.qp__t1                      3.3
xc.xlayout_dut.qn__t5                      3.3
xc.xlayout_dut.mp__t2                      3.3
xc.xlayout_dut.vss__t10            4.33989e-11
xc.xlayout_dut.ltail__t1               1.64787
xc.xlayout_dut.clk__t2                       0
xc.xlayout_dut.vss__t18            1.30371e-14
xc.xlayout_dut.vss__t14            8.89969e-12
xc.xlayout_dut.mp__t1                      3.3
xc.xlayout_dut.aon__t0                 2.30372
xc.xlayout_dut.ltail__t2               1.64787
xc.xlayout_dut.vss__t12            2.98869e-11
xc.xlayout_dut.aon__t1                 2.30296
xc.xlayout_dut.vinp__t0                1.64503
xc.xlayout_dut.atail__t1              0.741953
xc.xlayout_dut.vss__t15            1.78023e-09
xc.xlayout_dut.aop__t1                 2.12224
xc.xlayout_dut.vinn__t0                1.65497
xc.xlayout_dut.atail__t2              0.742228
xc.xlayout_dut.vss__t16            2.72394e-10
xc.xlayout_dut.mn__t2                      3.3
xc.xlayout_dut.clk__t0                       0
xc.xlayout_dut.vdd__t0                     3.3
xc.xlayout_dut.vdd__t1                     3.3
xc.xlayout_dut.qn__t1                      3.3
xc.xlayout_dut.clk__t1                       0
xc.xlayout_dut.vdd__t2                     3.3
xc.xlayout_dut.vdd__t3                     3.3
xc.xlayout_dut.sp__t0               3.6556e-09
xc.xlayout_dut.qp__t2                      3.3
xc.xlayout_dut.vdd__t4                     3.3
xc.xlayout_dut.vdd__t5                     3.3
xc.xlayout_dut.mp__t0                      3.3
xc.xlayout_dut.clk__t4                       0
xc.xlayout_dut.vdd__t21                    3.3
xc.xlayout_dut.vdd__t20                    3.3
xc.xlayout_dut.qn__t0                      3.3
xc.xlayout_dut.qp__t3                      3.3
xc.xlayout_dut.vdd__t6                     3.3
xc.xlayout_dut.vdd__t7                     3.3
xc.xlayout_dut.qp__t4                      3.3
xc.xlayout_dut.clk__t3                       0
xc.xlayout_dut.vdd__t19                    3.3
xc.xlayout_dut.vdd__t18                    3.3
xc.xlayout_dut.na__t1                      3.3
xc.xlayout_dut.sp__t1              3.47791e-09
xc.xlayout_dut.vdd__t23                    3.3
xc.xlayout_dut.vdd__t8                     3.3
xc.xlayout_dut.dout__t0                    3.3
xc.xlayout_dut.doutb__t2           4.04948e-09
xc.xlayout_dut.na__t0                      3.3
xc.xlayout_dut.vdd__t13                    3.3
xc.xlayout_dut.sn__t0              3.71298e-09
xc.xlayout_dut.qn__t3                      3.3
xc.xlayout_dut.vdd__t17                    3.3
xc.xlayout_dut.vdd__t16                    3.3
xc.xlayout_dut.qp__t5                      3.3
xc.xlayout_dut.qn__t2                      3.3
xc.xlayout_dut.vdd__t15                    3.3
xc.xlayout_dut.vdd__t14                    3.3
xc.xlayout_dut.nb__t1                      3.3
xc.xlayout_dut.sn__t1              3.51974e-09
xc.xlayout_dut.vdd__t22                    3.3
xc.xlayout_dut.vdd__t12                    3.3
xc.xlayout_dut.doutb__t3           4.40842e-09
xc.xlayout_dut.dout__t1                    3.3
xc.xlayout_dut.nb__t0                      3.3
xc.xlayout_dut.vdd__t11                    3.3
xc.xlayout_dut.aon__t2                 2.30402
xc.xlayout_dut.x$28.11                 2.30542
xc.xlayout_dut.vss__t0                       0
xc.xlayout_dut.x$28.21                 3.29741
xc.xlayout_dut.vdd__t10                 3.2988
xc.xlayout_dut.aop__t0                 2.12399
xc.xlayout_dut.x$29.11                 2.12564
xc.xlayout_dut.vss__t1                       0
xc.xlayout_dut.x$29.21                 3.29779
xc.xlayout_dut.vdd__t9                 3.29944
xc.xlayout_dut.aon                     2.30372
xc.xlayout_dut.aop                     2.12361
xc.xlayout_dut.atail                  0.741854
doutc                                      3.3
doutbc                             4.04948e-09
xc.xlayout_dut.ltail                   1.64787
xc.xlayout_dut.mn                          3.3
xc.xlayout_dut.mp                          3.3
xc.xlayout_dut.na                          3.3
xc.xlayout_dut.nb                          3.3
xc.xlayout_dut.qn                          3.3
xc.xlayout_dut.qp                          3.3
xc.xlayout_dut.sn                  3.51974e-09
xc.xlayout_dut.sp                  3.47791e-09
clkn                                         0
dan                                          1
dbn                                          1
dcn                                          1
bdcn#branch                                  0
bdbn#branch                                  0
bdan#branch                                  0
bclkn#branch                                 0
eanc#branch                       -4.92644e-19
eapc#branch                        2.14329e-19
eanb#branch                        2.49516e-19
eapb#branch                       -5.27831e-19
eana#branch                        7.94933e-20
eapa#branch                       -3.57808e-19
vsc#branch                                   0
vsb#branch                                   0
vsa#branch                                   0
vcm#branch                        -8.34945e-19
vclk#branch                                  0
vsupa#branch                      -3.04161e-05
vsup#branch                       -6.08269e-05

 Reference value :  1.30640e-09
 Reference value :  4.10640e-09
 Reference value :  6.89140e-09
 Reference value :  9.70140e-09
 Reference value :  1.19312e-08
 Reference value :  1.47512e-08
 Reference value :  1.78612e-08
 Reference value :  2.04977e-08
 Reference value :  2.33325e-08
 Reference value :  2.62475e-08
 Reference value :  2.92775e-08
 Reference value :  3.22375e-08
 Reference value :  3.50425e-08
 Reference value :  3.85225e-08
 Reference value :  4.10652e-08
 Reference value :  4.37702e-08
 Reference value :  4.65802e-08
 Reference value :  4.93702e-08
 Reference value :  5.20326e-08
 Reference value :  5.51876e-08
 Reference value :  5.82576e-08
No. of Data Rows : 12046
vsup_v              =  3.30000e+00
td_a                =  8.21590e-10 targ=  4.08716e-08 trig=  4.00500e-08
td_b                =  1.02885e-09 targ=  4.10788e-08 trig=  4.00500e-08
td_c                =  1.15868e-09 targ=  4.12087e-08 trig=  4.00500e-08
da_first            =  8.24328e-06
db_first            =  8.24329e-06
dc_first            =  8.24329e-06
da_end              =  9.99964e-01
db_end              =  9.99964e-01
dc_end              =  9.99964e-01
i_stat              =  -2.89023e-05 from=  2.50000e-08 to=  2.90025e-08
q_dec               =  -8.14564e-13 from=  3.99000e-08 to=  4.80000e-08
m_td_od50_ns = 8.2158960000e-01
m_td_od1_ns = 1.0288470000e+00
m_td_od01_ns = 1.1586790000e+00
m_tau_ps = 5.6385321174e+01
m_resolve_decades = 1.8246717028e+01
m_dout_od50_end = 9.9996390000e-01
m_dout_od1_end = 9.9996390000e-01
m_dout_od01_end = 9.9996390000e-01
m_dout_od50_first = 8.2432840000e-06
m_dout_od1_first = 8.2432850000e-06
m_dout_od01_first = 8.2432850000e-06
m_i_static_ua = 2.8902290000e+01
m_e_dec_fj = 1.9155039783e+03
Note: Simulation executed from .control section 

Warning: m=xx on .subckt line will override multiplier m hierarchy!

