
Note: Compatibility modes selected: hs a


Circuit: * comparator-regeneration-vosprobe @ ff_125c_3.30v -- generated by sim/harness, do not edit

Doing analysis at TEMP = 125.000000 and TNOM = 27.000000

Using SPARSE 1.3 as Direct Linear Solver

Initial Transient Solution
--------------------------

Node                                   Voltage
----                                   -------
vdd                                        3.3
cm                                        1.65
clk                                          0
rmp                                      -0.04
vp                                        1.63
vn                                        1.67
ibn                                   0.862347
xdut.xlayout_dut.sp__t2            4.48668e-08
xdut.xlayout_dut.qp__t6                    3.3
xdut.xlayout_dut.vss__t17          2.97984e-10
xdut.xlayout_dut.vss__t2           3.31201e-18
xdut.xlayout_dut.dout__t3              1.63963
xdut.xlayout_dut.sp__t3            4.55313e-08
xdut.xlayout_dut.vss__t25           1.0783e-09
xdut.xlayout_dut.vss__t3           2.09907e-11
xdut.xlayout_dut.dout__t2              1.63136
xdut.xlayout_dut.doutb__t0             1.64334
xdut.xlayout_dut.vss__t24           0.00235429
xdut.xlayout_dut.vss__t4           2.21754e-11
xdut.xlayout_dut.ibias__t0            0.861069
xdut.xlayout_dut.ibias__t1            0.862347
xdut.xlayout_dut.vss__t20          0.000254896
xdut.xlayout_dut.vss__t8           3.47751e-11
xdut.xlayout_dut.sn__t2            4.48662e-08
xdut.xlayout_dut.qn__t6                    3.3
xdut.xlayout_dut.vss__t23           2.9743e-10
xdut.xlayout_dut.vss__t5           3.30577e-18
xdut.xlayout_dut.doutb__t1             1.64334
xdut.xlayout_dut.sn__t3             4.5874e-08
xdut.xlayout_dut.vss__t22          1.07738e-09
xdut.xlayout_dut.vss__t6           2.10046e-11
xdut.xlayout_dut.doutb__t4             1.63585
xdut.xlayout_dut.dout__t4              1.63963
xdut.xlayout_dut.vss__t21           0.00234038
xdut.xlayout_dut.vss__t7           2.22016e-11
xdut.xlayout_dut.qn__t4                    3.3
xdut.xlayout_dut.qp__t0                    3.3
xdut.xlayout_dut.mn__t0                    3.3
xdut.xlayout_dut.vss__t9           5.10372e-11
xdut.xlayout_dut.mn__t1                    3.3
xdut.xlayout_dut.aop__t2               2.14498
xdut.xlayout_dut.ltail__t0             2.03565
xdut.xlayout_dut.vss__t11          4.10561e-11
xdut.xlayout_dut.atail__t0            0.851294
xdut.xlayout_dut.ibias__t2            0.862347
xdut.xlayout_dut.vss__t19          0.000493882
xdut.xlayout_dut.vss__t13          4.42741e-11
xdut.xlayout_dut.qp__t1                    3.3
xdut.xlayout_dut.qn__t5                    3.3
xdut.xlayout_dut.mp__t2                    3.3
xdut.xlayout_dut.vss__t10          5.11291e-11
xdut.xlayout_dut.ltail__t1             2.03565
xdut.xlayout_dut.clk__t2                     0
xdut.xlayout_dut.vss__t18          4.06136e-09
xdut.xlayout_dut.vss__t14          1.97243e-11
xdut.xlayout_dut.mp__t1                    3.3
xdut.xlayout_dut.aon__t0               2.59365
xdut.xlayout_dut.ltail__t2             2.03565
xdut.xlayout_dut.vss__t12          4.14682e-11
xdut.xlayout_dut.aon__t1               2.59303
xdut.xlayout_dut.vinp__t0                 1.63
xdut.xlayout_dut.atail__t1            0.851871
xdut.xlayout_dut.vss__t15          5.71484e-09
xdut.xlayout_dut.aop__t1               2.14343
xdut.xlayout_dut.vinn__t0                 1.67
xdut.xlayout_dut.atail__t2            0.852213
xdut.xlayout_dut.vss__t16          2.23604e-10
xdut.xlayout_dut.mn__t2                    3.3
xdut.xlayout_dut.clk__t0                     0
xdut.xlayout_dut.vdd__t0                   3.3
xdut.xlayout_dut.vdd__t1                   3.3
xdut.xlayout_dut.qn__t1                    3.3
xdut.xlayout_dut.clk__t1                     0
xdut.xlayout_dut.vdd__t2                   3.3
xdut.xlayout_dut.vdd__t3                   3.3
xdut.xlayout_dut.sp__t0            4.69872e-08
xdut.xlayout_dut.qp__t2                    3.3
xdut.xlayout_dut.vdd__t4                   3.3
xdut.xlayout_dut.vdd__t5                   3.3
xdut.xlayout_dut.mp__t0                    3.3
xdut.xlayout_dut.clk__t4                     0
xdut.xlayout_dut.vdd__t21                  3.3
xdut.xlayout_dut.vdd__t20                  3.3
xdut.xlayout_dut.qn__t0                    3.3
xdut.xlayout_dut.qp__t3                    3.3
xdut.xlayout_dut.vdd__t6                   3.3
xdut.xlayout_dut.vdd__t7                   3.3
xdut.xlayout_dut.qp__t4                    3.3
xdut.xlayout_dut.clk__t3                     0
xdut.xlayout_dut.vdd__t19                  3.3
xdut.xlayout_dut.vdd__t18                  3.3
xdut.xlayout_dut.na__t1                3.12526
xdut.xlayout_dut.sp__t1            4.55313e-08
xdut.xlayout_dut.vdd__t23              3.29681
xdut.xlayout_dut.vdd__t8                   3.3
xdut.xlayout_dut.dout__t0              1.64571
xdut.xlayout_dut.doutb__t2             1.64334
xdut.xlayout_dut.na__t0                 3.1223
xdut.xlayout_dut.vdd__t13                  3.3
xdut.xlayout_dut.sn__t0            4.74574e-08
xdut.xlayout_dut.qn__t3                    3.3
xdut.xlayout_dut.vdd__t17                  3.3
xdut.xlayout_dut.vdd__t16                  3.3
xdut.xlayout_dut.qp__t5                    3.3
xdut.xlayout_dut.qn__t2                    3.3
xdut.xlayout_dut.vdd__t15                  3.3
xdut.xlayout_dut.vdd__t14                  3.3
xdut.xlayout_dut.nb__t1                3.12583
xdut.xlayout_dut.sn__t1             4.5874e-08
xdut.xlayout_dut.vdd__t22              3.29656
xdut.xlayout_dut.vdd__t12                  3.3
xdut.xlayout_dut.doutb__t3             1.65964
xdut.xlayout_dut.dout__t1              1.63963
xdut.xlayout_dut.nb__t0                3.11821
xdut.xlayout_dut.vdd__t11                  3.3
xdut.xlayout_dut.aon__t2               2.59389
xdut.xlayout_dut.x$28.11               2.59432
xdut.xlayout_dut.vss__t0                     0
xdut.xlayout_dut.x$28.21                3.2986
xdut.xlayout_dut.vdd__t10              3.29902
xdut.xlayout_dut.aop__t0               2.14541
xdut.xlayout_dut.x$29.11               2.14611
xdut.xlayout_dut.vss__t1                     0
xdut.xlayout_dut.x$29.21               3.29867
xdut.xlayout_dut.vdd__t9               3.29937
xdut.xlayout_dut.aon                   2.59365
vsubs                                        0
xdut.xlayout_dut.aop                   2.14498
xdut.xlayout_dut.atail                 0.85179
dout                                   1.63963
doutb                                  1.64334
xdut.xlayout_dut.ltail                 2.03565
xdut.xlayout_dut.mn                        3.3
xdut.xlayout_dut.mp                        3.3
xdut.xlayout_dut.na                    3.12378
xdut.xlayout_dut.nb                    3.12202
xdut.xlayout_dut.qn                        3.3
xdut.xlayout_dut.qp                        3.3
xdut.xlayout_dut.sn                 4.5874e-08
xdut.xlayout_dut.sp                4.55313e-08
dn                                    0.496859
bdn#branch                                   0
bnn#branch                         1.17161e-18
bpp#branch                          3.4199e-19
vrmp#branch                                  0
vclk#branch                                  0
vcm#branch                                   0
vsup#branch                       -0.000429094

 Reference value :  1.00901e-07
 Reference value :  3.80508e-07
 Reference value :  6.80508e-07
 Reference value :  1.00014e-06
 Reference value :  1.28064e-06
 Reference value :  1.57189e-06
 Reference value :  1.87001e-06
 Reference value :  2.14119e-06
 Reference value :  2.42533e-06
 Reference value :  2.71188e-06
 Reference value :  2.99534e-06
 Reference value :  3.28020e-06
 Reference value :  3.58016e-06
 Reference value :  3.86058e-06
 Reference value :  4.15039e-06
 Reference value :  4.45011e-06
 Reference value :  4.73020e-06
 Reference value :  5.02010e-06
 Reference value :  5.30097e-06
 Reference value :  5.59009e-06
 Reference value :  5.86010e-06
 Reference value :  6.14058e-06
 Reference value :  6.41069e-06
 Reference value :  6.70024e-06
 Reference value :  6.97084e-06
 Reference value :  7.25200e-06
 Reference value :  7.54083e-06
 Reference value :  7.82020e-06
 Reference value :  8.11010e-06
 Reference value :  8.38166e-06
 Reference value :  8.66200e-06
 Reference value :  8.96041e-06
 Reference value :  9.26073e-06
 Reference value :  9.55075e-06
 Reference value :  9.83064e-06
 Reference value :  1.01801e-05
 Reference value :  1.04501e-05
 Reference value :  1.07208e-05
 Reference value :  1.10001e-05
 Reference value :  1.12708e-05
 Reference value :  1.15602e-05
 Reference value :  1.18402e-05
 Reference value :  1.21301e-05
 Reference value :  1.24178e-05
 Reference value :  1.27010e-05
 Reference value :  1.29738e-05
 Reference value :  1.32502e-05
 Reference value :  1.35404e-05
 Reference value :  1.38202e-05
 Reference value :  1.40902e-05
 Reference value :  1.43802e-05
 Reference value :  1.46501e-05
 Reference value :  1.49203e-05
 Reference value :  1.52110e-05
 Reference value :  1.55002e-05
 Reference value :  1.57901e-05
 Reference value :  1.60412e-05
 Reference value :  1.63107e-05
 Reference value :  1.65801e-05
 Reference value :  1.68557e-05
 Reference value :  1.71402e-05
 Reference value :  1.74134e-05
 Reference value :  1.77101e-05
 Reference value :  1.79804e-05
 Reference value :  1.82602e-05
 Reference value :  1.85511e-05
 Reference value :  1.88504e-05
 Reference value :  1.91309e-05
 Reference value :  1.94302e-05
 Reference value :  1.97201e-05
 Reference value :  1.99908e-05
 Reference value :  2.02909e-05
 Reference value :  2.06302e-05
 Reference value :  2.09302e-05
 Reference value :  2.12200e-05
 Reference value :  2.14715e-05
 Reference value :  2.17324e-05
 Reference value :  2.20023e-05
 Reference value :  2.22706e-05
 Reference value :  2.25514e-05
 Reference value :  2.28411e-05
 Reference value :  2.31202e-05
 Reference value :  2.33912e-05
 Reference value :  2.36806e-05
 Reference value :  2.39606e-05
 Reference value :  2.42302e-05
 Reference value :  2.44912e-05
 Reference value :  2.47601e-05
 Reference value :  2.50113e-05
 Reference value :  2.53002e-05
 Reference value :  2.55802e-05
 Reference value :  2.58502e-05
 Reference value :  2.61225e-05
 Reference value :  2.63909e-05
 Reference value :  2.66604e-05
 Reference value :  2.69501e-05
 Reference value :  2.72208e-05
 Reference value :  2.74910e-05
 Reference value :  2.77609e-05
 Reference value :  2.80408e-05
 Reference value :  2.83116e-05
 Reference value :  2.86301e-05
 Reference value :  2.89240e-05
 Reference value :  2.92102e-05
 Reference value :  2.94815e-05
 Reference value :  2.97702e-05
 Reference value :  3.00402e-05
 Reference value :  3.03101e-05
 Reference value :  3.06512e-05
 Reference value :  3.09207e-05
 Reference value :  3.11902e-05
 Reference value :  3.14511e-05
 Reference value :  3.17202e-05
 Reference value :  3.20008e-05
 Reference value :  3.23002e-05
 Reference value :  3.25901e-05
 Reference value :  3.28702e-05
 Reference value :  3.31601e-05
 Reference value :  3.34300e-05
 Reference value :  3.37302e-05
 Reference value :  3.40106e-05
 Reference value :  3.42809e-05
 Reference value :  3.45714e-05
 Reference value :  3.48414e-05
 Reference value :  3.51405e-05
 Reference value :  3.54206e-05
 Reference value :  3.57202e-05
 Reference value :  3.59905e-05
 Reference value :  3.62613e-05
 Reference value :  3.65318e-05
 Reference value :  3.68200e-05
 Reference value :  3.70915e-05
 Reference value :  3.73901e-05
 Reference value :  3.76495e-05
 Reference value :  3.79332e-05
 Reference value :  3.82110e-05
 Reference value :  3.85000e-05
 Reference value :  3.87707e-05
 Reference value :  3.90701e-05
 Reference value :  3.93701e-05
 Reference value :  3.96400e-05
 Reference value :  3.99201e-05
 Reference value :  4.01912e-05
 Reference value :  4.04800e-05
 Reference value :  4.07510e-05
 Reference value :  4.10933e-05
 Reference value :  4.13902e-05
 Reference value :  4.16618e-05
 Reference value :  4.19501e-05
 Reference value :  4.22215e-05
 Reference value :  4.25302e-05
 Reference value :  4.28217e-05
 Reference value :  4.31208e-05
 Reference value :  4.34007e-05
 Reference value :  4.36902e-05
 Reference value :  4.39709e-05
 Reference value :  4.42702e-05
 Reference value :  4.45701e-05
 Reference value :  4.48409e-05
 Reference value :  4.51339e-05
 Reference value :  4.54301e-05
 Reference value :  4.57001e-05
 Reference value :  4.60001e-05
 Reference value :  4.62706e-05
 Reference value :  4.65707e-05
 Reference value :  4.68703e-05
 Reference value :  4.71469e-05
 Reference value :  4.74401e-05
 Reference value :  4.77201e-05
 Reference value :  4.79949e-05
 Reference value :  4.82810e-05
 Reference value :  4.85800e-05
 Reference value :  4.88511e-05
 Reference value :  4.91312e-05
 Reference value :  4.94311e-05
 Reference value :  4.97204e-05
 Reference value :  5.00002e-05
 Reference value :  5.02902e-05
 Reference value :  5.05702e-05
 Reference value :  5.08602e-05
 Reference value :  5.11310e-05
 Reference value :  5.15307e-05
 Reference value :  5.18007e-05
 Reference value :  5.20909e-05
 Reference value :  5.23702e-05
 Reference value :  5.26601e-05
 Reference value :  5.29601e-05
 Reference value :  5.32609e-05
 Reference value :  5.35702e-05
 Reference value :  5.38707e-05
 Reference value :  5.41710e-05
 Reference value :  5.44602e-05
 Reference value :  5.47406e-05
 Reference value :  5.50313e-05
 Reference value :  5.53013e-05
 Reference value :  5.55722e-05
 Reference value :  5.58827e-05
 Reference value :  5.61613e-05
 Reference value :  5.64432e-05
 Reference value :  5.67401e-05
 Reference value :  5.70216e-05
 Reference value :  5.73202e-05
 Reference value :  5.76101e-05
 Reference value :  5.78805e-05
 Reference value :  5.81502e-05
 Reference value :  5.84312e-05
 Reference value :  5.87312e-05
 Reference value :  5.90302e-05
 Reference value :  5.93006e-05
 Reference value :  5.95738e-05
 Reference value :  5.98900e-05
 Reference value :  6.01610e-05
 Reference value :  6.04603e-05
 Reference value :  6.07402e-05
 Reference value :  6.10300e-05
 Reference value :  6.13001e-05
 Reference value :  6.15806e-05
 Reference value :  6.18416e-05
 Reference value :  6.21176e-05
 Reference value :  6.23803e-05
 Reference value :  6.27402e-05
 Reference value :  6.30101e-05
 Reference value :  6.32902e-05
 Reference value :  6.35602e-05
 Reference value :  6.38302e-05
 Reference value :  6.41311e-05
 Reference value :  6.44302e-05
 Reference value :  6.47208e-05
 Reference value :  6.50201e-05
 Reference value :  6.53008e-05
 Reference value :  6.55905e-05
 Reference value :  6.58705e-05
 Reference value :  6.61711e-05
 Reference value :  6.64604e-05
 Reference value :  6.67601e-05
 Reference value :  6.70301e-05
 Reference value :  6.73102e-05
 Reference value :  6.75812e-05
 Reference value :  6.78701e-05
 Reference value :  6.81701e-05
 Reference value :  6.84404e-05
 Reference value :  6.87103e-05
 Reference value :  6.89801e-05
 Reference value :  6.92602e-05
 Reference value :  6.95302e-05
 Reference value :  6.98009e-05
 Reference value :  7.00902e-05
 Reference value :  7.03607e-05
 Reference value :  7.06402e-05
 Reference value :  7.09301e-05
 Reference value :  7.12273e-05
 Reference value :  7.15301e-05
 Reference value :  7.18001e-05
 Reference value :  7.21012e-05
 Reference value :  7.23808e-05
 Reference value :  7.26717e-05
 Reference value :  7.29503e-05
 Reference value :  7.32401e-05
 Reference value :  7.35502e-05
 Reference value :  7.38406e-05
 Reference value :  7.41401e-05
 Reference value :  7.44113e-05
 Reference value :  7.46807e-05
 Reference value :  7.49608e-05
 Reference value :  7.52608e-05
 Reference value :  7.55634e-05
 Reference value :  7.58621e-05
 Reference value :  7.61611e-05
 Reference value :  7.64503e-05
 Reference value :  7.67500e-05
 Reference value :  7.70501e-05
 Reference value :  7.73522e-05
 Reference value :  7.76308e-05
 Reference value :  7.79242e-05
 Reference value :  7.82302e-05
 Reference value :  7.85201e-05
 Reference value :  7.88200e-05
 Reference value :  7.91201e-05
 Reference value :  7.94012e-05
 Reference value :  7.96903e-05
 Reference value :  7.99701e-05
No. of Data Rows : 279191
t_flip              =  2.20020e-05
vos_v               =  -1.79980e-02
m_dut_vos = -1.799803000e-02
Note: Simulation executed from .control section 

Warning: m=xx on .subckt line will override multiplier m hierarchy!

Note: Starting dynamic gmin stepping
Note: Dynamic gmin stepping completed
