
Note: Compatibility modes selected: hs a


Circuit: * comparator-regeneration @ ff_125c_2.97v -- generated by sim/harness, do not edit

Doing analysis at TEMP = 125.000000 and TNOM = 27.000000

Using SPARSE 1.3 as Direct Linear Solver

Initial Transient Solution
--------------------------

Node                                   Voltage
----                                   -------
vdd                                       2.97
vdda                                      2.97
clk                                          0
cm                                        1.65
sa                                  -0.0644878
apa                                    1.61776
ana                                    1.68224
ibna                                  0.862347
xa.xlayout_dut.sp__t2              4.58857e-08
xa.xlayout_dut.qp__t6                     2.97
xa.xlayout_dut.vss__t17            2.86014e-10
xa.xlayout_dut.vss__t2             3.38586e-18
xa.xlayout_dut.dout__t3                1.46646
xa.xlayout_dut.sp__t3              4.65235e-08
xa.xlayout_dut.vss__t25            1.05453e-09
xa.xlayout_dut.vss__t3             1.90409e-11
xa.xlayout_dut.dout__t2                1.46006
xa.xlayout_dut.doutb__t0               1.46929
xa.xlayout_dut.vss__t24             0.00182076
xa.xlayout_dut.vss__t4             2.01082e-11
xa.xlayout_dut.ibias__t0              0.861069
xa.xlayout_dut.ibias__t1              0.862347
xa.xlayout_dut.vss__t20            0.000254896
xa.xlayout_dut.vss__t8             3.47751e-11
xa.xlayout_dut.sn__t2              4.58852e-08
xa.xlayout_dut.qn__t6                     2.97
xa.xlayout_dut.vss__t23            2.85482e-10
xa.xlayout_dut.vss__t5             3.37948e-18
xa.xlayout_dut.doutb__t1               1.46929
xa.xlayout_dut.sn__t3              4.68525e-08
xa.xlayout_dut.vss__t22            1.05352e-09
xa.xlayout_dut.vss__t6             1.90473e-11
xa.xlayout_dut.doutb__t4                1.4635
xa.xlayout_dut.dout__t4                1.46646
xa.xlayout_dut.vss__t21             0.00181067
xa.xlayout_dut.vss__t7             2.01236e-11
xa.xlayout_dut.qn__t4                     2.97
xa.xlayout_dut.qp__t0                     2.97
xa.xlayout_dut.mn__t0                     2.97
xa.xlayout_dut.vss__t9             4.67051e-11
xa.xlayout_dut.mn__t1                     2.97
xa.xlayout_dut.aop__t2                 1.68442
xa.xlayout_dut.ltail__t0               1.86783
xa.xlayout_dut.vss__t11             3.8079e-11
xa.xlayout_dut.atail__t0              0.853033
xa.xlayout_dut.ibias__t2              0.862347
xa.xlayout_dut.vss__t19             0.00049389
xa.xlayout_dut.vss__t13            4.43167e-11
xa.xlayout_dut.qp__t1                     2.97
xa.xlayout_dut.qn__t5                     2.97
xa.xlayout_dut.mp__t2                     2.97
xa.xlayout_dut.vss__t10            4.67892e-11
xa.xlayout_dut.ltail__t1               1.86783
xa.xlayout_dut.clk__t2                       0
xa.xlayout_dut.vss__t18            3.98055e-09
xa.xlayout_dut.vss__t14            1.82986e-11
xa.xlayout_dut.mp__t1                     2.97
xa.xlayout_dut.aon__t0                  2.3943
xa.xlayout_dut.ltail__t2               1.86783
xa.xlayout_dut.vss__t12            3.84608e-11
xa.xlayout_dut.aon__t1                 2.39379
xa.xlayout_dut.vinp__t0                1.61776
xa.xlayout_dut.atail__t1              0.853595
xa.xlayout_dut.vss__t15            8.09709e-10
xa.xlayout_dut.aop__t1                  1.6827
xa.xlayout_dut.vinn__t0                1.68224
xa.xlayout_dut.atail__t2                 0.854
xa.xlayout_dut.vss__t16            1.91822e-10
xa.xlayout_dut.mn__t2                     2.97
xa.xlayout_dut.clk__t0                       0
xa.xlayout_dut.vdd__t0                    2.97
xa.xlayout_dut.vdd__t1                    2.97
xa.xlayout_dut.qn__t1                     2.97
xa.xlayout_dut.clk__t1                       0
xa.xlayout_dut.vdd__t2                    2.97
xa.xlayout_dut.vdd__t3                    2.97
xa.xlayout_dut.sp__t0               4.7921e-08
xa.xlayout_dut.qp__t2                     2.97
xa.xlayout_dut.vdd__t4                    2.97
xa.xlayout_dut.vdd__t5                    2.97
xa.xlayout_dut.mp__t0                     2.97
xa.xlayout_dut.clk__t4                       0
xa.xlayout_dut.vdd__t21                   2.97
xa.xlayout_dut.vdd__t20                   2.97
xa.xlayout_dut.qn__t0                     2.97
xa.xlayout_dut.qp__t3                     2.97
xa.xlayout_dut.vdd__t6                    2.97
xa.xlayout_dut.vdd__t7                    2.97
xa.xlayout_dut.qp__t4                     2.97
xa.xlayout_dut.clk__t3                       0
xa.xlayout_dut.vdd__t19                   2.97
xa.xlayout_dut.vdd__t18                   2.97
xa.xlayout_dut.na__t1                  2.82428
xa.xlayout_dut.sp__t1              4.65235e-08
xa.xlayout_dut.vdd__t23                2.96753
xa.xlayout_dut.vdd__t8                    2.97
xa.xlayout_dut.dout__t0                1.47116
xa.xlayout_dut.doutb__t2               1.46929
xa.xlayout_dut.na__t0                  2.82198
xa.xlayout_dut.vdd__t13                   2.97
xa.xlayout_dut.sn__t0              4.83722e-08
xa.xlayout_dut.qn__t3                     2.97
xa.xlayout_dut.vdd__t17                   2.97
xa.xlayout_dut.vdd__t16                   2.97
xa.xlayout_dut.qp__t5                     2.97
xa.xlayout_dut.qn__t2                     2.97
xa.xlayout_dut.vdd__t15                   2.97
xa.xlayout_dut.vdd__t14                   2.97
xa.xlayout_dut.nb__t1                  2.82471
xa.xlayout_dut.sn__t1              4.68525e-08
xa.xlayout_dut.vdd__t22                2.96734
xa.xlayout_dut.vdd__t12                   2.97
xa.xlayout_dut.doutb__t3                1.4819
xa.xlayout_dut.dout__t1                1.46646
xa.xlayout_dut.nb__t0                  2.81882
xa.xlayout_dut.vdd__t11                   2.97
xa.xlayout_dut.aon__t2                  2.3945
xa.xlayout_dut.x$28.11                 2.39485
xa.xlayout_dut.vss__t0                       0
xa.xlayout_dut.x$28.21                 2.96886
xa.xlayout_dut.vdd__t10                 2.9692
xa.xlayout_dut.aop__t0                 1.68491
xa.xlayout_dut.x$29.11                 1.68568
xa.xlayout_dut.vss__t1                       0
xa.xlayout_dut.x$29.21                 2.96852
xa.xlayout_dut.vdd__t9                 2.96929
xa.xlayout_dut.aon                      2.3943
vsubs                                        0
xa.xlayout_dut.aop                     1.68442
xa.xlayout_dut.atail                   0.85353
douta                                  1.46646
doutba                                 1.46929
xa.xlayout_dut.ltail                   1.86783
xa.xlayout_dut.mn                         2.97
xa.xlayout_dut.mp                         2.97
xa.xlayout_dut.na                      2.82313
xa.xlayout_dut.nb                      2.82177
xa.xlayout_dut.qn                         2.97
xa.xlayout_dut.qp                         2.97
xa.xlayout_dut.sn                  4.68525e-08
xa.xlayout_dut.sp                  4.65235e-08
sb                                  -0.0154878
apb                                    1.64226
anb                                    1.65774
ibnb                                  0.862347
xb.xlayout_dut.sp__t2              4.58857e-08
xb.xlayout_dut.qp__t6                     2.97
xb.xlayout_dut.vss__t17            2.86014e-10
xb.xlayout_dut.vss__t2             3.38586e-18
xb.xlayout_dut.dout__t3                1.46646
xb.xlayout_dut.sp__t3              4.65235e-08
xb.xlayout_dut.vss__t25            1.05453e-09
xb.xlayout_dut.vss__t3             1.90409e-11
xb.xlayout_dut.dout__t2                1.46006
xb.xlayout_dut.doutb__t0               1.46929
xb.xlayout_dut.vss__t24             0.00182076
xb.xlayout_dut.vss__t4             2.01082e-11
xb.xlayout_dut.ibias__t0              0.861069
xb.xlayout_dut.ibias__t1              0.862347
xb.xlayout_dut.vss__t20            0.000254896
xb.xlayout_dut.vss__t8             3.47751e-11
xb.xlayout_dut.sn__t2              4.58852e-08
xb.xlayout_dut.qn__t6                     2.97
xb.xlayout_dut.vss__t23            2.85482e-10
xb.xlayout_dut.vss__t5             3.37948e-18
xb.xlayout_dut.doutb__t1               1.46929
xb.xlayout_dut.sn__t3              4.68525e-08
xb.xlayout_dut.vss__t22            1.05352e-09
xb.xlayout_dut.vss__t6             1.90473e-11
xb.xlayout_dut.doutb__t4                1.4635
xb.xlayout_dut.dout__t4                1.46646
xb.xlayout_dut.vss__t21             0.00181067
xb.xlayout_dut.vss__t7             2.01236e-11
xb.xlayout_dut.qn__t4                     2.97
xb.xlayout_dut.qp__t0                     2.97
xb.xlayout_dut.mn__t0                     2.97
xb.xlayout_dut.vss__t9             4.67051e-11
xb.xlayout_dut.mn__t1                     2.97
xb.xlayout_dut.aop__t2                 1.95277
xb.xlayout_dut.ltail__t0               1.64603
xb.xlayout_dut.vss__t11            3.67526e-11
xb.xlayout_dut.atail__t0               0.84978
xb.xlayout_dut.ibias__t2              0.862347
xb.xlayout_dut.vss__t19            0.000493875
xb.xlayout_dut.vss__t13             4.4237e-11
xb.xlayout_dut.qp__t1                     2.97
xb.xlayout_dut.qn__t5                     2.97
xb.xlayout_dut.mp__t2                     2.97
xb.xlayout_dut.vss__t10            4.67892e-11
xb.xlayout_dut.ltail__t1               1.64603
xb.xlayout_dut.clk__t2                       0
xb.xlayout_dut.vss__t18            3.87408e-09
xb.xlayout_dut.vss__t14            1.68861e-11
xb.xlayout_dut.mp__t1                     2.97
xb.xlayout_dut.aon__t0                 2.12579
xb.xlayout_dut.ltail__t2               1.64603
xb.xlayout_dut.vss__t12            3.71222e-11
xb.xlayout_dut.aon__t1                 2.12506
xb.xlayout_dut.vinp__t0                1.64226
xb.xlayout_dut.atail__t1              0.850372
xb.xlayout_dut.vss__t15              2.134e-10
xb.xlayout_dut.aop__t1                  1.9514
xb.xlayout_dut.vinn__t0                1.65774
xb.xlayout_dut.atail__t2              0.850648
xb.xlayout_dut.vss__t16            1.98576e-10
xb.xlayout_dut.mn__t2                     2.97
xb.xlayout_dut.clk__t0                       0
xb.xlayout_dut.vdd__t0                    2.97
xb.xlayout_dut.vdd__t1                    2.97
xb.xlayout_dut.qn__t1                     2.97
xb.xlayout_dut.clk__t1                       0
xb.xlayout_dut.vdd__t2                    2.97
xb.xlayout_dut.vdd__t3                    2.97
xb.xlayout_dut.sp__t0               4.7921e-08
xb.xlayout_dut.qp__t2                     2.97
xb.xlayout_dut.vdd__t4                    2.97
xb.xlayout_dut.vdd__t5                    2.97
xb.xlayout_dut.mp__t0                     2.97
xb.xlayout_dut.clk__t4                       0
xb.xlayout_dut.vdd__t21                   2.97
xb.xlayout_dut.vdd__t20                   2.97
xb.xlayout_dut.qn__t0                     2.97
xb.xlayout_dut.qp__t3                     2.97
xb.xlayout_dut.vdd__t6                    2.97
xb.xlayout_dut.vdd__t7                    2.97
xb.xlayout_dut.qp__t4                     2.97
xb.xlayout_dut.clk__t3                       0
xb.xlayout_dut.vdd__t19                   2.97
xb.xlayout_dut.vdd__t18                   2.97
xb.xlayout_dut.na__t1                  2.82428
xb.xlayout_dut.sp__t1              4.65235e-08
xb.xlayout_dut.vdd__t23                2.96753
xb.xlayout_dut.vdd__t8                    2.97
xb.xlayout_dut.dout__t0                1.47116
xb.xlayout_dut.doutb__t2               1.46929
xb.xlayout_dut.na__t0                  2.82198
xb.xlayout_dut.vdd__t13                   2.97
xb.xlayout_dut.sn__t0              4.83722e-08
xb.xlayout_dut.qn__t3                     2.97
xb.xlayout_dut.vdd__t17                   2.97
xb.xlayout_dut.vdd__t16                   2.97
xb.xlayout_dut.qp__t5                     2.97
xb.xlayout_dut.qn__t2                     2.97
xb.xlayout_dut.vdd__t15                   2.97
xb.xlayout_dut.vdd__t14                   2.97
xb.xlayout_dut.nb__t1                  2.82471
xb.xlayout_dut.sn__t1              4.68525e-08
xb.xlayout_dut.vdd__t22                2.96734
xb.xlayout_dut.vdd__t12                   2.97
xb.xlayout_dut.doutb__t3                1.4819
xb.xlayout_dut.dout__t1                1.46646
xb.xlayout_dut.nb__t0                  2.81882
xb.xlayout_dut.vdd__t11                   2.97
xb.xlayout_dut.aon__t2                 2.12609
xb.xlayout_dut.x$28.11                  2.1266
xb.xlayout_dut.vss__t0                       0
xb.xlayout_dut.x$28.21                 2.96832
xb.xlayout_dut.vdd__t10                2.96883
xb.xlayout_dut.aop__t0                 1.95315
xb.xlayout_dut.x$29.11                 1.95376
xb.xlayout_dut.vss__t1                       0
xb.xlayout_dut.x$29.21                 2.96883
xb.xlayout_dut.vdd__t9                 2.96944
xb.xlayout_dut.aon                     2.12579
xb.xlayout_dut.aop                     1.95277
xb.xlayout_dut.atail                  0.850276
doutb                                  1.46646
doutbb                                 1.46929
xb.xlayout_dut.ltail                   1.64603
xb.xlayout_dut.mn                         2.97
xb.xlayout_dut.mp                         2.97
xb.xlayout_dut.na                      2.82313
xb.xlayout_dut.nb                      2.82177
xb.xlayout_dut.qn                         2.97
xb.xlayout_dut.qp                         2.97
xb.xlayout_dut.sn                  4.68525e-08
xb.xlayout_dut.sp                  4.65235e-08
sc                                  -0.0145878
apc                                    1.64271
anc                                    1.65729
ibnc                                  0.862347
xc.xlayout_dut.sp__t2              4.58857e-08
xc.xlayout_dut.qp__t6                     2.97
xc.xlayout_dut.vss__t17            2.86014e-10
xc.xlayout_dut.vss__t2             3.38586e-18
xc.xlayout_dut.dout__t3                1.46646
xc.xlayout_dut.sp__t3              4.65235e-08
xc.xlayout_dut.vss__t25            1.05453e-09
xc.xlayout_dut.vss__t3             1.90409e-11
xc.xlayout_dut.dout__t2                1.46006
xc.xlayout_dut.doutb__t0               1.46929
xc.xlayout_dut.vss__t24             0.00182076
xc.xlayout_dut.vss__t4             2.01082e-11
xc.xlayout_dut.ibias__t0              0.861069
xc.xlayout_dut.ibias__t1              0.862347
xc.xlayout_dut.vss__t20            0.000254896
xc.xlayout_dut.vss__t8             3.47751e-11
xc.xlayout_dut.sn__t2              4.58852e-08
xc.xlayout_dut.qn__t6                     2.97
xc.xlayout_dut.vss__t23            2.85482e-10
xc.xlayout_dut.vss__t5             3.37948e-18
xc.xlayout_dut.doutb__t1               1.46929
xc.xlayout_dut.sn__t3              4.68525e-08
xc.xlayout_dut.vss__t22            1.05352e-09
xc.xlayout_dut.vss__t6             1.90473e-11
xc.xlayout_dut.doutb__t4                1.4635
xc.xlayout_dut.dout__t4                1.46646
xc.xlayout_dut.vss__t21             0.00181067
xc.xlayout_dut.vss__t7             2.01236e-11
xc.xlayout_dut.qn__t4                     2.97
xc.xlayout_dut.qp__t0                     2.97
xc.xlayout_dut.mn__t0                     2.97
xc.xlayout_dut.vss__t9             4.67051e-11
xc.xlayout_dut.mn__t1                     2.97
xc.xlayout_dut.aop__t2                  1.9579
xc.xlayout_dut.ltail__t0               1.64196
xc.xlayout_dut.vss__t11            3.67283e-11
xc.xlayout_dut.atail__t0              0.849758
xc.xlayout_dut.ibias__t2              0.862347
xc.xlayout_dut.vss__t19            0.000493875
xc.xlayout_dut.vss__t13            4.42364e-11
xc.xlayout_dut.qp__t1                     2.97
xc.xlayout_dut.qn__t5                     2.97
xc.xlayout_dut.mp__t2                     2.97
xc.xlayout_dut.vss__t10            4.67892e-11
xc.xlayout_dut.ltail__t1               1.64196
xc.xlayout_dut.clk__t2                       0
xc.xlayout_dut.vss__t18            3.87213e-09
xc.xlayout_dut.vss__t14            1.68626e-11
xc.xlayout_dut.mp__t1                     2.97
xc.xlayout_dut.aon__t0                 2.12066
xc.xlayout_dut.ltail__t2               1.64196
xc.xlayout_dut.vss__t12            3.70977e-11
xc.xlayout_dut.aon__t1                 2.11992
xc.xlayout_dut.vinp__t0                1.64271
xc.xlayout_dut.atail__t1              0.850351
xc.xlayout_dut.vss__t15            2.11988e-10
xc.xlayout_dut.aop__t1                 1.95654
xc.xlayout_dut.vinn__t0                1.65729
xc.xlayout_dut.atail__t2              0.850625
xc.xlayout_dut.vss__t16            1.98749e-10
xc.xlayout_dut.mn__t2                     2.97
xc.xlayout_dut.clk__t0                       0
xc.xlayout_dut.vdd__t0                    2.97
xc.xlayout_dut.vdd__t1                    2.97
xc.xlayout_dut.qn__t1                     2.97
xc.xlayout_dut.clk__t1                       0
xc.xlayout_dut.vdd__t2                    2.97
xc.xlayout_dut.vdd__t3                    2.97
xc.xlayout_dut.sp__t0               4.7921e-08
xc.xlayout_dut.qp__t2                     2.97
xc.xlayout_dut.vdd__t4                    2.97
xc.xlayout_dut.vdd__t5                    2.97
xc.xlayout_dut.mp__t0                     2.97
xc.xlayout_dut.clk__t4                       0
xc.xlayout_dut.vdd__t21                   2.97
xc.xlayout_dut.vdd__t20                   2.97
xc.xlayout_dut.qn__t0                     2.97
xc.xlayout_dut.qp__t3                     2.97
xc.xlayout_dut.vdd__t6                    2.97
xc.xlayout_dut.vdd__t7                    2.97
xc.xlayout_dut.qp__t4                     2.97
xc.xlayout_dut.clk__t3                       0
xc.xlayout_dut.vdd__t19                   2.97
xc.xlayout_dut.vdd__t18                   2.97
xc.xlayout_dut.na__t1                  2.82428
xc.xlayout_dut.sp__t1              4.65235e-08
xc.xlayout_dut.vdd__t23                2.96753
xc.xlayout_dut.vdd__t8                    2.97
xc.xlayout_dut.dout__t0                1.47116
xc.xlayout_dut.doutb__t2               1.46929
xc.xlayout_dut.na__t0                  2.82198
xc.xlayout_dut.vdd__t13                   2.97
xc.xlayout_dut.sn__t0              4.83722e-08
xc.xlayout_dut.qn__t3                     2.97
xc.xlayout_dut.vdd__t17                   2.97
xc.xlayout_dut.vdd__t16                   2.97
xc.xlayout_dut.qp__t5                     2.97
xc.xlayout_dut.qn__t2                     2.97
xc.xlayout_dut.vdd__t15                   2.97
xc.xlayout_dut.vdd__t14                   2.97
xc.xlayout_dut.nb__t1                  2.82471
xc.xlayout_dut.sn__t1              4.68525e-08
xc.xlayout_dut.vdd__t22                2.96734
xc.xlayout_dut.vdd__t12                   2.97
xc.xlayout_dut.doutb__t3                1.4819
xc.xlayout_dut.dout__t1                1.46646
xc.xlayout_dut.nb__t0                  2.81882
xc.xlayout_dut.vdd__t11                   2.97
xc.xlayout_dut.aon__t2                 2.12096
xc.xlayout_dut.x$28.11                 2.12147
xc.xlayout_dut.vss__t0                       0
xc.xlayout_dut.x$28.21                 2.96831
xc.xlayout_dut.vdd__t10                2.96882
xc.xlayout_dut.aop__t0                 1.95828
xc.xlayout_dut.x$29.11                 1.95889
xc.xlayout_dut.vss__t1                       0
xc.xlayout_dut.x$29.21                 2.96883
xc.xlayout_dut.vdd__t9                 2.96944
xc.xlayout_dut.aon                     2.12066
xc.xlayout_dut.aop                      1.9579
xc.xlayout_dut.atail                  0.850254
doutc                                  1.46646
doutbc                                 1.46929
xc.xlayout_dut.ltail                   1.64196
xc.xlayout_dut.mn                         2.97
xc.xlayout_dut.mp                         2.97
xc.xlayout_dut.na                      2.82313
xc.xlayout_dut.nb                      2.82177
xc.xlayout_dut.qn                         2.97
xc.xlayout_dut.qp                         2.97
xc.xlayout_dut.sn                  4.68525e-08
xc.xlayout_dut.sp                  4.65235e-08
clkn                                         0
dan                                   0.493759
dbn                                   0.493759
dcn                                   0.493759
bdcn#branch                                  0
bdbn#branch                                  0
bdan#branch                                  0
bclkn#branch                                 0
eanc#branch                       -3.10025e-19
eapc#branch                        3.17101e-20
eanb#branch                        4.32134e-19
eapb#branch                        1.08147e-18
eana#branch                        2.62112e-19
eapa#branch                       -5.40427e-19
vsc#branch                                   0
vsb#branch                                   0
vsa#branch                                   0
vcm#branch                          9.5697e-19
vclk#branch                                  0
vsupa#branch                      -0.000338744
vsup#branch                       -0.000677487

 Reference value :  5.41400e-10
 Reference value :  3.37140e-09
 Reference value :  6.30140e-09
 Reference value :  9.28140e-09
 Reference value :  1.19212e-08
 Reference value :  1.46662e-08
 Reference value :  1.75112e-08
 Reference value :  2.04281e-08
 Reference value :  2.31675e-08
 Reference value :  2.60525e-08
 Reference value :  2.89125e-08
 Reference value :  3.18625e-08
 Reference value :  3.45875e-08
 Reference value :  3.74525e-08
 Reference value :  4.01263e-08
 Reference value :  4.26863e-08
 Reference value :  4.55163e-08
 Reference value :  4.85763e-08
 Reference value :  5.13580e-08
 Reference value :  5.41180e-08
 Reference value :  5.70930e-08
 Reference value :  5.98780e-08
No. of Data Rows : 12046
vsup_v              =  2.97000e+00
td_a                =  1.32416e-09 targ=  4.13742e-08 trig=  4.00500e-08
td_b                =  1.69555e-09 targ=  4.17455e-08 trig=  4.00500e-08
td_c                =  1.92558e-09 targ=  4.19756e-08 trig=  4.00500e-08
da_first            =  4.13681e-05
db_first            =  3.67874e-05
dc_first            =  3.41820e-05
da_end              =  9.99932e-01
db_end              =  9.99932e-01
dc_end              =  9.99932e-01
i_stat              =  -2.84325e-05 from=  2.50000e-08 to=  2.90025e-08
q_dec               =  -8.10756e-13 from=  3.99000e-08 to=  4.80000e-08
m_td_od50_ns = 1.3241580000e+00
m_td_od1_ns = 1.6955490000e+00
m_td_od01_ns = 1.9255820000e+00
m_tau_ps = 9.9902062556e+01
m_resolve_decades = 1.6972112053e+01
m_dout_od50_end = 9.9993180000e-01
m_dout_od1_end = 9.9993180000e-01
m_dout_od01_end = 9.9993180000e-01
m_dout_od50_first = 4.1368090000e-05
m_dout_od1_first = 3.6787430000e-05
m_dout_od01_first = 3.4182050000e-05
m_i_static_ua = 2.8432480000e+01
m_e_dec_fj = 1.7239454456e+03
Note: Simulation executed from .control section 

Warning: m=xx on .subckt line will override multiplier m hierarchy!

Note: Starting dynamic gmin stepping
Note: Dynamic gmin stepping completed
