
Note: Compatibility modes selected: hs a


Circuit: * comparator-regeneration @ ff_125c_3.30v -- generated by sim/harness, do not edit

Doing analysis at TEMP = 125.000000 and TNOM = 27.000000

Using SPARSE 1.3 as Direct Linear Solver

Initial Transient Solution
--------------------------

Node                                   Voltage
----                                   -------
vdd                                        3.3
vdda                                       3.3
clk                                          0
cm                                        1.65
sa                                   -0.067998
apa                                      1.616
ana                                      1.684
ibna                                  0.862347
xa.xlayout_dut.sp__t2              4.48668e-08
xa.xlayout_dut.qp__t6                      3.3
xa.xlayout_dut.vss__t17            2.97984e-10
xa.xlayout_dut.vss__t2             3.31201e-18
xa.xlayout_dut.dout__t3                1.63963
xa.xlayout_dut.sp__t3              4.55313e-08
xa.xlayout_dut.vss__t25             1.0783e-09
xa.xlayout_dut.vss__t3             2.09907e-11
xa.xlayout_dut.dout__t2                1.63136
xa.xlayout_dut.doutb__t0               1.64334
xa.xlayout_dut.vss__t24             0.00235429
xa.xlayout_dut.vss__t4             2.21754e-11
xa.xlayout_dut.ibias__t0              0.861069
xa.xlayout_dut.ibias__t1              0.862347
xa.xlayout_dut.vss__t20            0.000254896
xa.xlayout_dut.vss__t8             3.47751e-11
xa.xlayout_dut.sn__t2              4.48662e-08
xa.xlayout_dut.qn__t6                      3.3
xa.xlayout_dut.vss__t23             2.9743e-10
xa.xlayout_dut.vss__t5             3.30577e-18
xa.xlayout_dut.doutb__t1               1.64334
xa.xlayout_dut.sn__t3               4.5874e-08
xa.xlayout_dut.vss__t22            1.07738e-09
xa.xlayout_dut.vss__t6             2.10046e-11
xa.xlayout_dut.doutb__t4               1.63585
xa.xlayout_dut.dout__t4                1.63963
xa.xlayout_dut.vss__t21             0.00234038
xa.xlayout_dut.vss__t7             2.22016e-11
xa.xlayout_dut.qn__t4                      3.3
xa.xlayout_dut.qp__t0                      3.3
xa.xlayout_dut.mn__t0                      3.3
xa.xlayout_dut.vss__t9             5.10372e-11
xa.xlayout_dut.mn__t1                      3.3
xa.xlayout_dut.aop__t2                 1.99618
xa.xlayout_dut.ltail__t0               2.16047
xa.xlayout_dut.vss__t11            4.18026e-11
xa.xlayout_dut.atail__t0              0.853832
xa.xlayout_dut.ibias__t2              0.862347
xa.xlayout_dut.vss__t19            0.000493893
xa.xlayout_dut.vss__t13            4.43363e-11
xa.xlayout_dut.qp__t1                      3.3
xa.xlayout_dut.qn__t5                      3.3
xa.xlayout_dut.mp__t2                      3.3
xa.xlayout_dut.vss__t10            5.11291e-11
xa.xlayout_dut.ltail__t1               2.16047
xa.xlayout_dut.clk__t2                       0
xa.xlayout_dut.vss__t18            4.12169e-09
xa.xlayout_dut.vss__t14            2.12067e-11
xa.xlayout_dut.mp__t1                      3.3
xa.xlayout_dut.aon__t0                 2.74249
xa.xlayout_dut.ltail__t2               2.16047
xa.xlayout_dut.vss__t12            4.22217e-11
xa.xlayout_dut.aon__t1                   2.742
xa.xlayout_dut.vinp__t0                  1.616
xa.xlayout_dut.atail__t1              0.854392
xa.xlayout_dut.vss__t15            1.63215e-08
xa.xlayout_dut.aop__t1                 1.99443
xa.xlayout_dut.vinn__t0                  1.684
xa.xlayout_dut.atail__t2              0.854806
xa.xlayout_dut.vss__t16            2.00211e-10
xa.xlayout_dut.mn__t2                      3.3
xa.xlayout_dut.clk__t0                       0
xa.xlayout_dut.vdd__t0                     3.3
xa.xlayout_dut.vdd__t1                     3.3
xa.xlayout_dut.qn__t1                      3.3
xa.xlayout_dut.clk__t1                       0
xa.xlayout_dut.vdd__t2                     3.3
xa.xlayout_dut.vdd__t3                     3.3
xa.xlayout_dut.sp__t0              4.69872e-08
xa.xlayout_dut.qp__t2                      3.3
xa.xlayout_dut.vdd__t4                     3.3
xa.xlayout_dut.vdd__t5                     3.3
xa.xlayout_dut.mp__t0                      3.3
xa.xlayout_dut.clk__t4                       0
xa.xlayout_dut.vdd__t21                    3.3
xa.xlayout_dut.vdd__t20                    3.3
xa.xlayout_dut.qn__t0                      3.3
xa.xlayout_dut.qp__t3                      3.3
xa.xlayout_dut.vdd__t6                     3.3
xa.xlayout_dut.vdd__t7                     3.3
xa.xlayout_dut.qp__t4                      3.3
xa.xlayout_dut.clk__t3                       0
xa.xlayout_dut.vdd__t19                    3.3
xa.xlayout_dut.vdd__t18                    3.3
xa.xlayout_dut.na__t1                  3.12526
xa.xlayout_dut.sp__t1              4.55313e-08
xa.xlayout_dut.vdd__t23                3.29681
xa.xlayout_dut.vdd__t8                     3.3
xa.xlayout_dut.dout__t0                1.64571
xa.xlayout_dut.doutb__t2               1.64334
xa.xlayout_dut.na__t0                   3.1223
xa.xlayout_dut.vdd__t13                    3.3
xa.xlayout_dut.sn__t0              4.74574e-08
xa.xlayout_dut.qn__t3                      3.3
xa.xlayout_dut.vdd__t17                    3.3
xa.xlayout_dut.vdd__t16                    3.3
xa.xlayout_dut.qp__t5                      3.3
xa.xlayout_dut.qn__t2                      3.3
xa.xlayout_dut.vdd__t15                    3.3
xa.xlayout_dut.vdd__t14                    3.3
xa.xlayout_dut.nb__t1                  3.12583
xa.xlayout_dut.sn__t1               4.5874e-08
xa.xlayout_dut.vdd__t22                3.29656
xa.xlayout_dut.vdd__t12                    3.3
xa.xlayout_dut.doutb__t3               1.65964
xa.xlayout_dut.dout__t1                1.63963
xa.xlayout_dut.nb__t0                  3.11821
xa.xlayout_dut.vdd__t11                    3.3
xa.xlayout_dut.aon__t2                 2.74268
xa.xlayout_dut.x$28.11                 2.74302
xa.xlayout_dut.vss__t0                       0
xa.xlayout_dut.x$28.21                 3.29889
xa.xlayout_dut.vdd__t10                3.29923
xa.xlayout_dut.aop__t0                 1.99667
xa.xlayout_dut.x$29.11                 1.99746
xa.xlayout_dut.vss__t1                       0
xa.xlayout_dut.x$29.21                  3.2985
xa.xlayout_dut.vdd__t9                 3.29928
xa.xlayout_dut.aon                     2.74249
vsubs                                        0
xa.xlayout_dut.aop                     1.99618
xa.xlayout_dut.atail                  0.854328
douta                                  1.63963
doutba                                 1.64334
xa.xlayout_dut.ltail                   2.16047
xa.xlayout_dut.mn                          3.3
xa.xlayout_dut.mp                          3.3
xa.xlayout_dut.na                      3.12378
xa.xlayout_dut.nb                      3.12202
xa.xlayout_dut.qn                          3.3
xa.xlayout_dut.qp                          3.3
xa.xlayout_dut.sn                   4.5874e-08
xa.xlayout_dut.sp                  4.55313e-08
sb                                   -0.018998
apb                                     1.6405
anb                                     1.6595
ibnb                                  0.862347
xb.xlayout_dut.sp__t2              4.48668e-08
xb.xlayout_dut.qp__t6                      3.3
xb.xlayout_dut.vss__t17            2.97984e-10
xb.xlayout_dut.vss__t2             3.31201e-18
xb.xlayout_dut.dout__t3                1.63963
xb.xlayout_dut.sp__t3              4.55313e-08
xb.xlayout_dut.vss__t25             1.0783e-09
xb.xlayout_dut.vss__t3             2.09907e-11
xb.xlayout_dut.dout__t2                1.63136
xb.xlayout_dut.doutb__t0               1.64334
xb.xlayout_dut.vss__t24             0.00235429
xb.xlayout_dut.vss__t4             2.21754e-11
xb.xlayout_dut.ibias__t0              0.861069
xb.xlayout_dut.ibias__t1              0.862347
xb.xlayout_dut.vss__t20            0.000254896
xb.xlayout_dut.vss__t8             3.47751e-11
xb.xlayout_dut.sn__t2              4.48662e-08
xb.xlayout_dut.qn__t6                      3.3
xb.xlayout_dut.vss__t23             2.9743e-10
xb.xlayout_dut.vss__t5             3.30577e-18
xb.xlayout_dut.doutb__t1               1.64334
xb.xlayout_dut.sn__t3               4.5874e-08
xb.xlayout_dut.vss__t22            1.07738e-09
xb.xlayout_dut.vss__t6             2.10046e-11
xb.xlayout_dut.doutb__t4               1.63585
xb.xlayout_dut.dout__t4                1.63963
xb.xlayout_dut.vss__t21             0.00234038
xb.xlayout_dut.vss__t7             2.22016e-11
xb.xlayout_dut.qn__t4                      3.3
xb.xlayout_dut.qp__t0                      3.3
xb.xlayout_dut.mn__t0                      3.3
xb.xlayout_dut.vss__t9             5.10372e-11
xb.xlayout_dut.mn__t1                      3.3
xb.xlayout_dut.aop__t2                 2.26272
xb.xlayout_dut.ltail__t0               1.93745
xb.xlayout_dut.vss__t11            4.04689e-11
xb.xlayout_dut.atail__t0              0.850268
xb.xlayout_dut.ibias__t2              0.862347
xb.xlayout_dut.vss__t19            0.000493877
xb.xlayout_dut.vss__t13            4.42489e-11
xb.xlayout_dut.qp__t1                      3.3
xb.xlayout_dut.qn__t5                      3.3
xb.xlayout_dut.mp__t2                      3.3
xb.xlayout_dut.vss__t10            5.11291e-11
xb.xlayout_dut.ltail__t1               1.93745
xb.xlayout_dut.clk__t2                       0
xb.xlayout_dut.vss__t18            4.01404e-09
xb.xlayout_dut.vss__t14            1.88335e-11
xb.xlayout_dut.mp__t1                      3.3
xb.xlayout_dut.aon__t0                 2.47585
xb.xlayout_dut.ltail__t2               1.93745
xb.xlayout_dut.vss__t12            4.08766e-11
xb.xlayout_dut.aon__t1                 2.47513
xb.xlayout_dut.vinp__t0                 1.6405
xb.xlayout_dut.atail__t1              0.850858
xb.xlayout_dut.vss__t15            2.08834e-09
xb.xlayout_dut.aop__t1                 2.26133
xb.xlayout_dut.vinn__t0                 1.6595
xb.xlayout_dut.atail__t2              0.851144
xb.xlayout_dut.vss__t16            3.47803e-10
xb.xlayout_dut.mn__t2                      3.3
xb.xlayout_dut.clk__t0                       0
xb.xlayout_dut.vdd__t0                     3.3
xb.xlayout_dut.vdd__t1                     3.3
xb.xlayout_dut.qn__t1                      3.3
xb.xlayout_dut.clk__t1                       0
xb.xlayout_dut.vdd__t2                     3.3
xb.xlayout_dut.vdd__t3                     3.3
xb.xlayout_dut.sp__t0              4.69872e-08
xb.xlayout_dut.qp__t2                      3.3
xb.xlayout_dut.vdd__t4                     3.3
xb.xlayout_dut.vdd__t5                     3.3
xb.xlayout_dut.mp__t0                      3.3
xb.xlayout_dut.clk__t4                       0
xb.xlayout_dut.vdd__t21                    3.3
xb.xlayout_dut.vdd__t20                    3.3
xb.xlayout_dut.qn__t0                      3.3
xb.xlayout_dut.qp__t3                      3.3
xb.xlayout_dut.vdd__t6                     3.3
xb.xlayout_dut.vdd__t7                     3.3
xb.xlayout_dut.qp__t4                      3.3
xb.xlayout_dut.clk__t3                       0
xb.xlayout_dut.vdd__t19                    3.3
xb.xlayout_dut.vdd__t18                    3.3
xb.xlayout_dut.na__t1                  3.12526
xb.xlayout_dut.sp__t1              4.55313e-08
xb.xlayout_dut.vdd__t23                3.29681
xb.xlayout_dut.vdd__t8                     3.3
xb.xlayout_dut.dout__t0                1.64571
xb.xlayout_dut.doutb__t2               1.64334
xb.xlayout_dut.na__t0                   3.1223
xb.xlayout_dut.vdd__t13                    3.3
xb.xlayout_dut.sn__t0              4.74574e-08
xb.xlayout_dut.qn__t3                      3.3
xb.xlayout_dut.vdd__t17                    3.3
xb.xlayout_dut.vdd__t16                    3.3
xb.xlayout_dut.qp__t5                      3.3
xb.xlayout_dut.qn__t2                      3.3
xb.xlayout_dut.vdd__t15                    3.3
xb.xlayout_dut.vdd__t14                    3.3
xb.xlayout_dut.nb__t1                  3.12583
xb.xlayout_dut.sn__t1               4.5874e-08
xb.xlayout_dut.vdd__t22                3.29656
xb.xlayout_dut.vdd__t12                    3.3
xb.xlayout_dut.doutb__t3               1.65964
xb.xlayout_dut.dout__t1                1.63963
xb.xlayout_dut.nb__t0                  3.11821
xb.xlayout_dut.vdd__t11                    3.3
xb.xlayout_dut.aon__t2                 2.47613
xb.xlayout_dut.x$28.11                 2.47663
xb.xlayout_dut.vss__t0                       0
xb.xlayout_dut.x$28.21                 3.29836
xb.xlayout_dut.vdd__t10                3.29886
xb.xlayout_dut.aop__t0                 2.26311
xb.xlayout_dut.x$29.11                 2.26373
xb.xlayout_dut.vss__t1                       0
xb.xlayout_dut.x$29.21                  3.2988
xb.xlayout_dut.vdd__t9                 3.29943
xb.xlayout_dut.aon                     2.47585
xb.xlayout_dut.aop                     2.26272
xb.xlayout_dut.atail                  0.850764
doutb                                  1.63963
doutbb                                 1.64334
xb.xlayout_dut.ltail                   1.93745
xb.xlayout_dut.mn                          3.3
xb.xlayout_dut.mp                          3.3
xb.xlayout_dut.na                      3.12378
xb.xlayout_dut.nb                      3.12202
xb.xlayout_dut.qn                          3.3
xb.xlayout_dut.qp                          3.3
xb.xlayout_dut.sn                   4.5874e-08
xb.xlayout_dut.sp                  4.55313e-08
sc                                   -0.018098
apc                                    1.64095
anc                                    1.65905
ibnc                                  0.862347
xc.xlayout_dut.sp__t2              4.48668e-08
xc.xlayout_dut.qp__t6                      3.3
xc.xlayout_dut.vss__t17            2.97984e-10
xc.xlayout_dut.vss__t2             3.31201e-18
xc.xlayout_dut.dout__t3                1.63963
xc.xlayout_dut.sp__t3              4.55313e-08
xc.xlayout_dut.vss__t25             1.0783e-09
xc.xlayout_dut.vss__t3             2.09907e-11
xc.xlayout_dut.dout__t2                1.63136
xc.xlayout_dut.doutb__t0               1.64334
xc.xlayout_dut.vss__t24             0.00235429
xc.xlayout_dut.vss__t4             2.21754e-11
xc.xlayout_dut.ibias__t0              0.861069
xc.xlayout_dut.ibias__t1              0.862347
xc.xlayout_dut.vss__t20            0.000254896
xc.xlayout_dut.vss__t8             3.47751e-11
xc.xlayout_dut.sn__t2              4.48662e-08
xc.xlayout_dut.qn__t6                      3.3
xc.xlayout_dut.vss__t23             2.9743e-10
xc.xlayout_dut.vss__t5             3.30577e-18
xc.xlayout_dut.doutb__t1               1.64334
xc.xlayout_dut.sn__t3               4.5874e-08
xc.xlayout_dut.vss__t22            1.07738e-09
xc.xlayout_dut.vss__t6             2.10046e-11
xc.xlayout_dut.doutb__t4               1.63585
xc.xlayout_dut.dout__t4                1.63963
xc.xlayout_dut.vss__t21             0.00234038
xc.xlayout_dut.vss__t7             2.22016e-11
xc.xlayout_dut.qn__t4                      3.3
xc.xlayout_dut.qp__t0                      3.3
xc.xlayout_dut.mn__t0                      3.3
xc.xlayout_dut.vss__t9             5.10372e-11
xc.xlayout_dut.mn__t1                      3.3
xc.xlayout_dut.aop__t2                 2.26783
xc.xlayout_dut.ltail__t0               1.93324
xc.xlayout_dut.vss__t11            4.04437e-11
xc.xlayout_dut.atail__t0              0.850241
xc.xlayout_dut.ibias__t2              0.862347
xc.xlayout_dut.vss__t19            0.000493877
xc.xlayout_dut.vss__t13            4.42483e-11
xc.xlayout_dut.qp__t1                      3.3
xc.xlayout_dut.qn__t5                      3.3
xc.xlayout_dut.mp__t2                      3.3
xc.xlayout_dut.vss__t10            5.11291e-11
xc.xlayout_dut.ltail__t1               1.93324
xc.xlayout_dut.clk__t2                       0
xc.xlayout_dut.vss__t18            4.01201e-09
xc.xlayout_dut.vss__t14            1.87992e-11
xc.xlayout_dut.mp__t1                      3.3
xc.xlayout_dut.aon__t0                 2.47073
xc.xlayout_dut.ltail__t2               1.93324
xc.xlayout_dut.vss__t12            4.08512e-11
xc.xlayout_dut.aon__t1                    2.47
xc.xlayout_dut.vinp__t0                1.64095
xc.xlayout_dut.atail__t1              0.850832
xc.xlayout_dut.vss__t15            1.99336e-09
xc.xlayout_dut.aop__t1                 2.26645
xc.xlayout_dut.vinn__t0                1.65905
xc.xlayout_dut.atail__t2              0.851115
xc.xlayout_dut.vss__t16            3.58909e-10
xc.xlayout_dut.mn__t2                      3.3
xc.xlayout_dut.clk__t0                       0
xc.xlayout_dut.vdd__t0                     3.3
xc.xlayout_dut.vdd__t1                     3.3
xc.xlayout_dut.qn__t1                      3.3
xc.xlayout_dut.clk__t1                       0
xc.xlayout_dut.vdd__t2                     3.3
xc.xlayout_dut.vdd__t3                     3.3
xc.xlayout_dut.sp__t0              4.69872e-08
xc.xlayout_dut.qp__t2                      3.3
xc.xlayout_dut.vdd__t4                     3.3
xc.xlayout_dut.vdd__t5                     3.3
xc.xlayout_dut.mp__t0                      3.3
xc.xlayout_dut.clk__t4                       0
xc.xlayout_dut.vdd__t21                    3.3
xc.xlayout_dut.vdd__t20                    3.3
xc.xlayout_dut.qn__t0                      3.3
xc.xlayout_dut.qp__t3                      3.3
xc.xlayout_dut.vdd__t6                     3.3
xc.xlayout_dut.vdd__t7                     3.3
xc.xlayout_dut.qp__t4                      3.3
xc.xlayout_dut.clk__t3                       0
xc.xlayout_dut.vdd__t19                    3.3
xc.xlayout_dut.vdd__t18                    3.3
xc.xlayout_dut.na__t1                  3.12526
xc.xlayout_dut.sp__t1              4.55313e-08
xc.xlayout_dut.vdd__t23                3.29681
xc.xlayout_dut.vdd__t8                     3.3
xc.xlayout_dut.dout__t0                1.64571
xc.xlayout_dut.doutb__t2               1.64334
xc.xlayout_dut.na__t0                   3.1223
xc.xlayout_dut.vdd__t13                    3.3
xc.xlayout_dut.sn__t0              4.74574e-08
xc.xlayout_dut.qn__t3                      3.3
xc.xlayout_dut.vdd__t17                    3.3
xc.xlayout_dut.vdd__t16                    3.3
xc.xlayout_dut.qp__t5                      3.3
xc.xlayout_dut.qn__t2                      3.3
xc.xlayout_dut.vdd__t15                    3.3
xc.xlayout_dut.vdd__t14                    3.3
xc.xlayout_dut.nb__t1                  3.12583
xc.xlayout_dut.sn__t1               4.5874e-08
xc.xlayout_dut.vdd__t22                3.29656
xc.xlayout_dut.vdd__t12                    3.3
xc.xlayout_dut.doutb__t3               1.65964
xc.xlayout_dut.dout__t1                1.63963
xc.xlayout_dut.nb__t0                  3.11821
xc.xlayout_dut.vdd__t11                    3.3
xc.xlayout_dut.aon__t2                 2.47102
xc.xlayout_dut.x$28.11                 2.47152
xc.xlayout_dut.vss__t0                       0
xc.xlayout_dut.x$28.21                 3.29835
xc.xlayout_dut.vdd__t10                3.29885
xc.xlayout_dut.aop__t0                 2.26822
xc.xlayout_dut.x$29.11                 2.26885
xc.xlayout_dut.vss__t1                       0
xc.xlayout_dut.x$29.21                 3.29881
xc.xlayout_dut.vdd__t9                 3.29943
xc.xlayout_dut.aon                     2.47073
xc.xlayout_dut.aop                     2.26783
xc.xlayout_dut.atail                  0.850737
doutc                                  1.63963
doutbc                                 1.64334
xc.xlayout_dut.ltail                   1.93324
xc.xlayout_dut.mn                          3.3
xc.xlayout_dut.mp                          3.3
xc.xlayout_dut.na                      3.12378
xc.xlayout_dut.nb                      3.12202
xc.xlayout_dut.qn                          3.3
xc.xlayout_dut.qp                          3.3
xc.xlayout_dut.sn                   4.5874e-08
xc.xlayout_dut.sp                  4.55313e-08
clkn                                         0
dan                                   0.496859
dbn                                   0.496859
dcn                                   0.496859
bdcn#branch                                  0
bdbn#branch                                  0
bdan#branch                                  0
bclkn#branch                                 0
eanc#branch                        1.19255e-18
eapc#branch                        3.21048e-19
eanb#branch                        1.42797e-19
eapb#branch                       -4.21112e-19
eana#branch                       -2.72257e-20
eapa#branch                       -2.51089e-19
vsc#branch                                   0
vsb#branch                                   0
vsa#branch                                   0
vcm#branch                          9.5697e-19
vclk#branch                                  0
vsupa#branch                      -0.000429095
vsup#branch                       -0.000858188

 Reference value :  4.81400e-10
 Reference value :  3.22640e-09
 Reference value :  6.00140e-09
 Reference value :  9.19140e-09
 Reference value :  1.17457e-08
 Reference value :  1.45257e-08
 Reference value :  1.74557e-08
 Reference value :  2.01916e-08
 Reference value :  2.29175e-08
 Reference value :  2.57525e-08
 Reference value :  2.86475e-08
 Reference value :  3.16275e-08
 Reference value :  3.43325e-08
 Reference value :  3.72875e-08
 Reference value :  4.00270e-08
 Reference value :  4.26858e-08
 Reference value :  4.55258e-08
 Reference value :  4.88708e-08
 Reference value :  5.16171e-08
 Reference value :  5.44371e-08
 Reference value :  5.72471e-08
No. of Data Rows : 12046
vsup_v              =  3.30000e+00
td_a                =  1.21139e-09 targ=  4.12614e-08 trig=  4.00500e-08
td_b                =  1.55083e-09 targ=  4.16008e-08 trig=  4.00500e-08
td_c                =  1.75793e-09 targ=  4.18079e-08 trig=  4.00500e-08
da_first            =  4.15567e-05
db_first            =  3.76252e-05
dc_first            =  3.53995e-05
da_end              =  9.99929e-01
db_end              =  9.99929e-01
dc_end              =  9.99929e-01
i_stat              =  -2.80723e-05 from=  2.50000e-08 to=  2.90025e-08
q_dec               =  -9.01377e-13 from=  3.99000e-08 to=  4.80000e-08
m_td_od50_ns = 1.2113950000e+00
m_td_od1_ns = 1.5508310000e+00
m_td_od01_ns = 1.7579320000e+00
m_tau_ps = 8.9942821497e+01
m_resolve_decades = 1.7242409947e+01
m_dout_od50_end = 9.9992930000e-01
m_dout_od1_end = 9.9992930000e-01
m_dout_od01_end = 9.9992930000e-01
m_dout_od50_first = 4.1556710000e-05
m_dout_od1_first = 3.7625210000e-05
m_dout_od01_first = 3.5399520000e-05
m_i_static_ua = 2.8072270000e+01
m_e_dec_fj = 2.2241713329e+03
Note: Simulation executed from .control section 

Warning: m=xx on .subckt line will override multiplier m hierarchy!

Note: Starting dynamic gmin stepping
Note: Dynamic gmin stepping completed
