
Note: Compatibility modes selected: hs a


Circuit: * comparator-regeneration @ ff_27c_3.63v -- generated by sim/harness, do not edit

Doing analysis at TEMP = 27.000000 and TNOM = 27.000000

Using SPARSE 1.3 as Direct Linear Solver

Initial Transient Solution
--------------------------

Node                                   Voltage
----                                   -------
vdd                                       3.63
vdda                                      3.63
clk                                          0
cm                                        1.65
sa                                  -0.0661681
apa                                    1.61692
ana                                    1.68308
ibna                                  0.880116
xa.xlayout_dut.sp__t2              5.50602e-09
xa.xlayout_dut.qp__t6                     3.63
xa.xlayout_dut.vss__t17             4.9288e-11
xa.xlayout_dut.vss__t2             5.25824e-20
xa.xlayout_dut.dout__t3                1.79099
xa.xlayout_dut.sp__t3              5.61593e-09
xa.xlayout_dut.vss__t25            2.83578e-12
xa.xlayout_dut.vss__t3             2.00544e-11
xa.xlayout_dut.dout__t2                1.77917
xa.xlayout_dut.doutb__t0               1.79628
xa.xlayout_dut.vss__t24             0.00336355
xa.xlayout_dut.vss__t4             2.38504e-11
xa.xlayout_dut.ibias__t0              0.878838
xa.xlayout_dut.ibias__t1              0.880116
xa.xlayout_dut.vss__t20            0.000254896
xa.xlayout_dut.vss__t8             2.24078e-11
xa.xlayout_dut.sn__t2              5.50593e-09
xa.xlayout_dut.qn__t6                     3.63
xa.xlayout_dut.vss__t23            4.91962e-11
xa.xlayout_dut.vss__t5             5.24828e-20
xa.xlayout_dut.doutb__t1               1.79628
xa.xlayout_dut.sn__t3              5.67263e-09
xa.xlayout_dut.vss__t22            2.83434e-12
xa.xlayout_dut.vss__t6              2.0087e-11
xa.xlayout_dut.doutb__t4                1.7856
xa.xlayout_dut.dout__t4                1.79099
xa.xlayout_dut.vss__t21             0.00333888
xa.xlayout_dut.vss__t7             2.46018e-11
xa.xlayout_dut.qn__t4                     3.63
xa.xlayout_dut.qp__t0                     3.63
xa.xlayout_dut.mn__t0                     3.63
xa.xlayout_dut.vss__t9              4.7653e-11
xa.xlayout_dut.mn__t1                     3.63
xa.xlayout_dut.aop__t2                 2.16226
xa.xlayout_dut.ltail__t0               2.42675
xa.xlayout_dut.vss__t11            3.62213e-11
xa.xlayout_dut.atail__t0              0.791466
xa.xlayout_dut.ibias__t2              0.880116
xa.xlayout_dut.vss__t19            0.000496976
xa.xlayout_dut.vss__t13            1.94056e-11
xa.xlayout_dut.qp__t1                     3.63
xa.xlayout_dut.qn__t5                     3.63
xa.xlayout_dut.mp__t2                     3.63
xa.xlayout_dut.vss__t10            4.77388e-11
xa.xlayout_dut.ltail__t1               2.42675
xa.xlayout_dut.clk__t2                       0
xa.xlayout_dut.vss__t18            1.29313e-11
xa.xlayout_dut.vss__t14            1.31249e-11
xa.xlayout_dut.mp__t1                     3.63
xa.xlayout_dut.aon__t0                 3.08841
xa.xlayout_dut.ltail__t2               2.42675
xa.xlayout_dut.vss__t12            3.65845e-11
xa.xlayout_dut.aon__t1                 3.08796
xa.xlayout_dut.vinp__t0                1.61692
xa.xlayout_dut.atail__t1              0.792023
xa.xlayout_dut.vss__t15             2.2274e-07
xa.xlayout_dut.aop__t1                 2.16043
xa.xlayout_dut.vinn__t0                1.68308
xa.xlayout_dut.atail__t2              0.792467
xa.xlayout_dut.vss__t16            2.07371e-10
xa.xlayout_dut.mn__t2                     3.63
xa.xlayout_dut.clk__t0                       0
xa.xlayout_dut.vdd__t0                    3.63
xa.xlayout_dut.vdd__t1                    3.63
xa.xlayout_dut.qn__t1                     3.63
xa.xlayout_dut.clk__t1                       0
xa.xlayout_dut.vdd__t2                    3.63
xa.xlayout_dut.vdd__t3                    3.63
xa.xlayout_dut.sp__t0              5.85675e-09
xa.xlayout_dut.qp__t2                     3.63
xa.xlayout_dut.vdd__t4                    3.63
xa.xlayout_dut.vdd__t5                    3.63
xa.xlayout_dut.mp__t0                     3.63
xa.xlayout_dut.clk__t4                       0
xa.xlayout_dut.vdd__t21                   3.63
xa.xlayout_dut.vdd__t20                   3.63
xa.xlayout_dut.qn__t0                     3.63
xa.xlayout_dut.qp__t3                     3.63
xa.xlayout_dut.vdd__t6                    3.63
xa.xlayout_dut.vdd__t7                    3.63
xa.xlayout_dut.qp__t4                     3.63
xa.xlayout_dut.clk__t3                       0
xa.xlayout_dut.vdd__t19                   3.63
xa.xlayout_dut.vdd__t18                   3.63
xa.xlayout_dut.na__t1                  3.43873
xa.xlayout_dut.sp__t1              5.61593e-09
xa.xlayout_dut.vdd__t23                3.62544
xa.xlayout_dut.vdd__t8                    3.63
xa.xlayout_dut.dout__t0                1.79967
xa.xlayout_dut.doutb__t2               1.79628
xa.xlayout_dut.na__t0                  3.43449
xa.xlayout_dut.vdd__t13                   3.63
xa.xlayout_dut.sn__t0              5.93452e-09
xa.xlayout_dut.qn__t3                     3.63
xa.xlayout_dut.vdd__t17                   3.63
xa.xlayout_dut.vdd__t16                   3.63
xa.xlayout_dut.qp__t5                     3.63
xa.xlayout_dut.qn__t2                     3.63
xa.xlayout_dut.vdd__t15                   3.63
xa.xlayout_dut.vdd__t14                   3.63
xa.xlayout_dut.nb__t1                  3.43954
xa.xlayout_dut.sn__t1              5.67263e-09
xa.xlayout_dut.vdd__t22                3.62509
xa.xlayout_dut.vdd__t12                   3.63
xa.xlayout_dut.doutb__t3               1.81953
xa.xlayout_dut.dout__t1                1.79099
xa.xlayout_dut.nb__t0                  3.42867
xa.xlayout_dut.vdd__t11                   3.63
xa.xlayout_dut.aon__t2                 3.08858
xa.xlayout_dut.x$28.11                 3.08906
xa.xlayout_dut.vss__t0                       0
xa.xlayout_dut.x$28.21                 3.62883
xa.xlayout_dut.vdd__t10                 3.6293
xa.xlayout_dut.aop__t0                 2.16278
xa.xlayout_dut.x$29.11                 2.16406
xa.xlayout_dut.vss__t1                       0
xa.xlayout_dut.x$29.21                 3.62796
xa.xlayout_dut.vdd__t9                 3.62925
xa.xlayout_dut.aon                     3.08841
vsubs                                        0
xa.xlayout_dut.aop                     2.16226
xa.xlayout_dut.atail                  0.791966
douta                                  1.79099
doutba                                 1.79628
xa.xlayout_dut.ltail                   2.42675
xa.xlayout_dut.mn                         3.63
xa.xlayout_dut.mp                         3.63
xa.xlayout_dut.na                      3.43661
xa.xlayout_dut.nb                      3.43411
xa.xlayout_dut.qn                         3.63
xa.xlayout_dut.qp                         3.63
xa.xlayout_dut.sn                  5.67263e-09
xa.xlayout_dut.sp                  5.61593e-09
sb                                  -0.0171681
apb                                    1.64142
anb                                    1.65858
ibnb                                  0.880116
xb.xlayout_dut.sp__t2              5.50602e-09
xb.xlayout_dut.qp__t6                     3.63
xb.xlayout_dut.vss__t17             4.9288e-11
xb.xlayout_dut.vss__t2             5.25824e-20
xb.xlayout_dut.dout__t3                1.79099
xb.xlayout_dut.sp__t3              5.61593e-09
xb.xlayout_dut.vss__t25            2.83578e-12
xb.xlayout_dut.vss__t3             2.00544e-11
xb.xlayout_dut.dout__t2                1.77917
xb.xlayout_dut.doutb__t0               1.79628
xb.xlayout_dut.vss__t24             0.00336355
xb.xlayout_dut.vss__t4             2.38504e-11
xb.xlayout_dut.ibias__t0              0.878838
xb.xlayout_dut.ibias__t1              0.880116
xb.xlayout_dut.vss__t20            0.000254896
xb.xlayout_dut.vss__t8             2.24078e-11
xb.xlayout_dut.sn__t2              5.50593e-09
xb.xlayout_dut.qn__t6                     3.63
xb.xlayout_dut.vss__t23            4.91962e-11
xb.xlayout_dut.vss__t5             5.24828e-20
xb.xlayout_dut.doutb__t1               1.79628
xb.xlayout_dut.sn__t3              5.67263e-09
xb.xlayout_dut.vss__t22            2.83434e-12
xb.xlayout_dut.vss__t6              2.0087e-11
xb.xlayout_dut.doutb__t4                1.7856
xb.xlayout_dut.dout__t4                1.79099
xb.xlayout_dut.vss__t21             0.00333888
xb.xlayout_dut.vss__t7             2.46018e-11
xb.xlayout_dut.qn__t4                     3.63
xb.xlayout_dut.qp__t0                     3.63
xb.xlayout_dut.mn__t0                     3.63
xb.xlayout_dut.vss__t9              4.7653e-11
xb.xlayout_dut.mn__t1                     3.63
xb.xlayout_dut.aop__t2                 2.50128
xb.xlayout_dut.ltail__t0               2.14134
xb.xlayout_dut.vss__t11            3.45144e-11
xb.xlayout_dut.atail__t0              0.787328
xb.xlayout_dut.ibias__t2              0.880116
xb.xlayout_dut.vss__t19            0.000496955
xb.xlayout_dut.vss__t13            1.93042e-11
xb.xlayout_dut.qp__t1                     3.63
xb.xlayout_dut.qn__t5                     3.63
xb.xlayout_dut.mp__t2                     3.63
xb.xlayout_dut.vss__t10            4.77388e-11
xb.xlayout_dut.ltail__t1               2.14134
xb.xlayout_dut.clk__t2                       0
xb.xlayout_dut.vss__t18            1.24058e-11
xb.xlayout_dut.vss__t14            1.15695e-11
xb.xlayout_dut.mp__t1                     3.63
xb.xlayout_dut.aon__t0                 2.74993
xb.xlayout_dut.ltail__t2               2.14134
xb.xlayout_dut.vss__t12            3.48606e-11
xb.xlayout_dut.aon__t1                 2.74921
xb.xlayout_dut.vinp__t0                1.64142
xb.xlayout_dut.atail__t1              0.787921
xb.xlayout_dut.vss__t15            4.54174e-08
xb.xlayout_dut.aop__t1                 2.49987
xb.xlayout_dut.vinn__t0                1.65858
xb.xlayout_dut.atail__t2              0.788213
xb.xlayout_dut.vss__t16            7.34431e-09
xb.xlayout_dut.mn__t2                     3.63
xb.xlayout_dut.clk__t0                       0
xb.xlayout_dut.vdd__t0                    3.63
xb.xlayout_dut.vdd__t1                    3.63
xb.xlayout_dut.qn__t1                     3.63
xb.xlayout_dut.clk__t1                       0
xb.xlayout_dut.vdd__t2                    3.63
xb.xlayout_dut.vdd__t3                    3.63
xb.xlayout_dut.sp__t0              5.85675e-09
xb.xlayout_dut.qp__t2                     3.63
xb.xlayout_dut.vdd__t4                    3.63
xb.xlayout_dut.vdd__t5                    3.63
xb.xlayout_dut.mp__t0                     3.63
xb.xlayout_dut.clk__t4                       0
xb.xlayout_dut.vdd__t21                   3.63
xb.xlayout_dut.vdd__t20                   3.63
xb.xlayout_dut.qn__t0                     3.63
xb.xlayout_dut.qp__t3                     3.63
xb.xlayout_dut.vdd__t6                    3.63
xb.xlayout_dut.vdd__t7                    3.63
xb.xlayout_dut.qp__t4                     3.63
xb.xlayout_dut.clk__t3                       0
xb.xlayout_dut.vdd__t19                   3.63
xb.xlayout_dut.vdd__t18                   3.63
xb.xlayout_dut.na__t1                  3.43873
xb.xlayout_dut.sp__t1              5.61593e-09
xb.xlayout_dut.vdd__t23                3.62544
xb.xlayout_dut.vdd__t8                    3.63
xb.xlayout_dut.dout__t0                1.79967
xb.xlayout_dut.doutb__t2               1.79628
xb.xlayout_dut.na__t0                  3.43449
xb.xlayout_dut.vdd__t13                   3.63
xb.xlayout_dut.sn__t0              5.93452e-09
xb.xlayout_dut.qn__t3                     3.63
xb.xlayout_dut.vdd__t17                   3.63
xb.xlayout_dut.vdd__t16                   3.63
xb.xlayout_dut.qp__t5                     3.63
xb.xlayout_dut.qn__t2                     3.63
xb.xlayout_dut.vdd__t15                   3.63
xb.xlayout_dut.vdd__t14                   3.63
xb.xlayout_dut.nb__t1                  3.43954
xb.xlayout_dut.sn__t1              5.67263e-09
xb.xlayout_dut.vdd__t22                3.62509
xb.xlayout_dut.vdd__t12                   3.63
xb.xlayout_dut.doutb__t3               1.81953
xb.xlayout_dut.dout__t1                1.79099
xb.xlayout_dut.nb__t0                  3.42867
xb.xlayout_dut.vdd__t11                   3.63
xb.xlayout_dut.aon__t2                 2.75021
xb.xlayout_dut.x$28.11                 2.75098
xb.xlayout_dut.vss__t0                       0
xb.xlayout_dut.x$28.21                 3.62809
xb.xlayout_dut.vdd__t10                3.62886
xb.xlayout_dut.aop__t0                 2.50168
xb.xlayout_dut.x$29.11                 2.50267
xb.xlayout_dut.vss__t1                       0
xb.xlayout_dut.x$29.21                 3.62843
xb.xlayout_dut.vdd__t9                 3.62942
xb.xlayout_dut.aon                     2.74993
xb.xlayout_dut.aop                     2.50128
xb.xlayout_dut.atail                  0.787827
doutb                                  1.79099
doutbb                                 1.79628
xb.xlayout_dut.ltail                   2.14134
xb.xlayout_dut.mn                         3.63
xb.xlayout_dut.mp                         3.63
xb.xlayout_dut.na                      3.43661
xb.xlayout_dut.nb                      3.43411
xb.xlayout_dut.qn                         3.63
xb.xlayout_dut.qp                         3.63
xb.xlayout_dut.sn                  5.67263e-09
xb.xlayout_dut.sp                  5.61593e-09
sc                                  -0.0162681
apc                                    1.64187
anc                                    1.65813
ibnc                                  0.880116
xc.xlayout_dut.sp__t2              5.50602e-09
xc.xlayout_dut.qp__t6                     3.63
xc.xlayout_dut.vss__t17             4.9288e-11
xc.xlayout_dut.vss__t2             5.25824e-20
xc.xlayout_dut.dout__t3                1.79099
xc.xlayout_dut.sp__t3              5.61594e-09
xc.xlayout_dut.vss__t25            2.83578e-12
xc.xlayout_dut.vss__t3             2.00544e-11
xc.xlayout_dut.dout__t2                1.77917
xc.xlayout_dut.doutb__t0               1.79628
xc.xlayout_dut.vss__t24             0.00336355
xc.xlayout_dut.vss__t4             2.38504e-11
xc.xlayout_dut.ibias__t0              0.878838
xc.xlayout_dut.ibias__t1              0.880116
xc.xlayout_dut.vss__t20            0.000254896
xc.xlayout_dut.vss__t8             2.24078e-11
xc.xlayout_dut.sn__t2              5.50593e-09
xc.xlayout_dut.qn__t6                     3.63
xc.xlayout_dut.vss__t23            4.91962e-11
xc.xlayout_dut.vss__t5             5.24828e-20
xc.xlayout_dut.doutb__t1               1.79628
xc.xlayout_dut.sn__t3              5.67263e-09
xc.xlayout_dut.vss__t22            2.83434e-12
xc.xlayout_dut.vss__t6              2.0087e-11
xc.xlayout_dut.doutb__t4                1.7856
xc.xlayout_dut.dout__t4                1.79099
xc.xlayout_dut.vss__t21             0.00333888
xc.xlayout_dut.vss__t7             2.46018e-11
xc.xlayout_dut.qn__t4                     3.63
xc.xlayout_dut.qp__t0                     3.63
xc.xlayout_dut.mn__t0                     3.63
xc.xlayout_dut.vss__t9              4.7653e-11
xc.xlayout_dut.mn__t1                     3.63
xc.xlayout_dut.aop__t2                 2.50789
xc.xlayout_dut.ltail__t0               2.13579
xc.xlayout_dut.vss__t11            3.44813e-11
xc.xlayout_dut.atail__t0              0.787298
xc.xlayout_dut.ibias__t2              0.880116
xc.xlayout_dut.vss__t19            0.000496955
xc.xlayout_dut.vss__t13            1.93035e-11
xc.xlayout_dut.qp__t1                     3.63
xc.xlayout_dut.qn__t5                     3.63
xc.xlayout_dut.mp__t2                     3.63
xc.xlayout_dut.vss__t10            4.77388e-11
xc.xlayout_dut.ltail__t1               2.13579
xc.xlayout_dut.clk__t2                       0
xc.xlayout_dut.vss__t18            1.23957e-11
xc.xlayout_dut.vss__t14            1.15394e-11
xc.xlayout_dut.mp__t1                     3.63
xc.xlayout_dut.aon__t0                 2.74332
xc.xlayout_dut.ltail__t2               2.13579
xc.xlayout_dut.vss__t12            3.48271e-11
xc.xlayout_dut.aon__t1                 2.74259
xc.xlayout_dut.vinp__t0                1.64187
xc.xlayout_dut.atail__t1              0.787892
xc.xlayout_dut.vss__t15            4.36077e-08
xc.xlayout_dut.aop__t1                 2.50649
xc.xlayout_dut.vinn__t0                1.65813
xc.xlayout_dut.atail__t2              0.788181
xc.xlayout_dut.vss__t16            7.78123e-09
xc.xlayout_dut.mn__t2                     3.63
xc.xlayout_dut.clk__t0                       0
xc.xlayout_dut.vdd__t0                    3.63
xc.xlayout_dut.vdd__t1                    3.63
xc.xlayout_dut.qn__t1                     3.63
xc.xlayout_dut.clk__t1                       0
xc.xlayout_dut.vdd__t2                    3.63
xc.xlayout_dut.vdd__t3                    3.63
xc.xlayout_dut.sp__t0              5.85675e-09
xc.xlayout_dut.qp__t2                     3.63
xc.xlayout_dut.vdd__t4                    3.63
xc.xlayout_dut.vdd__t5                    3.63
xc.xlayout_dut.mp__t0                     3.63
xc.xlayout_dut.clk__t4                       0
xc.xlayout_dut.vdd__t21                   3.63
xc.xlayout_dut.vdd__t20                   3.63
xc.xlayout_dut.qn__t0                     3.63
xc.xlayout_dut.qp__t3                     3.63
xc.xlayout_dut.vdd__t6                    3.63
xc.xlayout_dut.vdd__t7                    3.63
xc.xlayout_dut.qp__t4                     3.63
xc.xlayout_dut.clk__t3                       0
xc.xlayout_dut.vdd__t19                   3.63
xc.xlayout_dut.vdd__t18                   3.63
xc.xlayout_dut.na__t1                  3.43873
xc.xlayout_dut.sp__t1              5.61594e-09
xc.xlayout_dut.vdd__t23                3.62544
xc.xlayout_dut.vdd__t8                    3.63
xc.xlayout_dut.dout__t0                1.79967
xc.xlayout_dut.doutb__t2               1.79628
xc.xlayout_dut.na__t0                  3.43449
xc.xlayout_dut.vdd__t13                   3.63
xc.xlayout_dut.sn__t0              5.93452e-09
xc.xlayout_dut.qn__t3                     3.63
xc.xlayout_dut.vdd__t17                   3.63
xc.xlayout_dut.vdd__t16                   3.63
xc.xlayout_dut.qp__t5                     3.63
xc.xlayout_dut.qn__t2                     3.63
xc.xlayout_dut.vdd__t15                   3.63
xc.xlayout_dut.vdd__t14                   3.63
xc.xlayout_dut.nb__t1                  3.43954
xc.xlayout_dut.sn__t1              5.67263e-09
xc.xlayout_dut.vdd__t22                3.62509
xc.xlayout_dut.vdd__t12                   3.63
xc.xlayout_dut.doutb__t3               1.81953
xc.xlayout_dut.dout__t1                1.79099
xc.xlayout_dut.nb__t0                  3.42867
xc.xlayout_dut.vdd__t11                   3.63
xc.xlayout_dut.aon__t2                 2.74361
xc.xlayout_dut.x$28.11                 2.74438
xc.xlayout_dut.vss__t0                       0
xc.xlayout_dut.x$28.21                 3.62808
xc.xlayout_dut.vdd__t10                3.62886
xc.xlayout_dut.aop__t0                 2.50829
xc.xlayout_dut.x$29.11                 2.50927
xc.xlayout_dut.vss__t1                       0
xc.xlayout_dut.x$29.21                 3.62844
xc.xlayout_dut.vdd__t9                 3.62943
xc.xlayout_dut.aon                     2.74332
xc.xlayout_dut.aop                     2.50789
xc.xlayout_dut.atail                  0.787798
doutc                                  1.79099
doutbc                                 1.79628
xc.xlayout_dut.ltail                   2.13579
xc.xlayout_dut.mn                         3.63
xc.xlayout_dut.mp                         3.63
xc.xlayout_dut.na                      3.43661
xc.xlayout_dut.nb                      3.43411
xc.xlayout_dut.qn                         3.63
xc.xlayout_dut.qp                         3.63
xc.xlayout_dut.sn                  5.67263e-09
xc.xlayout_dut.sp                  5.61594e-09
clkn                                         0
dan                                   0.493385
dbn                                   0.493385
dcn                                   0.493385
bdcn#branch                                  0
bdbn#branch                                  0
bdan#branch                                  0
bclkn#branch                                 0
eanc#branch                        8.50518e-19
eapc#branch                         6.0589e-19
eanb#branch                       -1.42046e-19
eapb#branch                       -1.36269e-19
eana#branch                       -3.12068e-19
eapa#branch                        3.37535e-20
vsc#branch                                   0
vsb#branch                                   0
vsa#branch                                   0
vcm#branch                         8.99779e-19
vclk#branch                                  0
vsupa#branch                       -0.00059984
vsup#branch                        -0.00119966

 Reference value :  6.16400e-10
 Reference value :  3.56640e-09
 Reference value :  6.37140e-09
 Reference value :  9.35640e-09
 Reference value :  1.18412e-08
 Reference value :  1.46862e-08
 Reference value :  1.78112e-08
 Reference value :  2.05320e-08
 Reference value :  2.33125e-08
 Reference value :  2.62125e-08
 Reference value :  2.90625e-08
 Reference value :  3.19575e-08
 Reference value :  3.48825e-08
 Reference value :  3.77575e-08
 Reference value :  4.05562e-08
 Reference value :  4.31512e-08
 Reference value :  4.62412e-08
 Reference value :  4.92062e-08
 Reference value :  5.18666e-08
 Reference value :  5.47716e-08
 Reference value :  5.75766e-08
No. of Data Rows : 12046
vsup_v              =  3.63000e+00
td_a                =  9.13405e-10 targ=  4.09634e-08 trig=  4.00500e-08
td_b                =  1.15810e-09 targ=  4.12081e-08 trig=  4.00500e-08
td_c                =  1.31946e-09 targ=  4.13695e-08 trig=  4.00500e-08
da_first            =  2.05245e-05
db_first            =  1.76814e-05
dc_first            =  1.64327e-05
da_end              =  9.99948e-01
db_end              =  9.99948e-01
dc_end              =  9.99948e-01
i_stat              =  -2.82111e-05 from=  2.50000e-08 to=  2.90025e-08
q_dec               =  -9.40112e-13 from=  3.99000e-08 to=  4.80000e-08
m_td_od50_ns = 9.1340480000e-01
m_td_od1_ns = 1.1580960000e+00
m_td_od01_ns = 1.3194640000e+00
m_tau_ps = 7.0081231956e+01
m_resolve_decades = 1.6525051967e+01
m_dout_od50_end = 9.9994790000e-01
m_dout_od1_end = 9.9994790000e-01
m_dout_od01_end = 9.9994790000e-01
m_dout_od50_first = 2.0524460000e-05
m_dout_od1_first = 1.7681350000e-05
m_dout_od01_first = 1.6432710000e-05
m_i_static_ua = 2.8211060000e+01
m_e_dec_fj = 2.5831156738e+03
Note: Simulation executed from .control section 

Warning: m=xx on .subckt line will override multiplier m hierarchy!

Note: Starting dynamic gmin stepping
Note: Dynamic gmin stepping completed
