
Note: Compatibility modes selected: hs a


Circuit: * comparator-regeneration @ ff_27c_2.97v -- generated by sim/harness, do not edit

Doing analysis at TEMP = 27.000000 and TNOM = 27.000000

Using SPARSE 1.3 as Direct Linear Solver

Initial Transient Solution
--------------------------

Node                                   Voltage
----                                   -------
vdd                                       2.97
vdda                                      2.97
clk                                          0
cm                                        1.65
sa                                  -0.0603482
apa                                    1.61983
ana                                    1.68017
ibna                                  0.880116
xa.xlayout_dut.sp__t2              3.64674e-09
xa.xlayout_dut.qp__t6                     2.97
xa.xlayout_dut.vss__t17            2.98366e-11
xa.xlayout_dut.vss__t2             3.47998e-20
xa.xlayout_dut.dout__t3                1.44712
xa.xlayout_dut.sp__t3              3.71328e-09
xa.xlayout_dut.vss__t25            2.68459e-12
xa.xlayout_dut.vss__t3             1.62039e-11
xa.xlayout_dut.dout__t2                1.44005
xa.xlayout_dut.doutb__t0               1.45019
xa.xlayout_dut.vss__t24             0.00201221
xa.xlayout_dut.vss__t4             1.70057e-11
xa.xlayout_dut.ibias__t0              0.878838
xa.xlayout_dut.ibias__t1              0.880116
xa.xlayout_dut.vss__t20            0.000254896
xa.xlayout_dut.vss__t8             2.24078e-11
xa.xlayout_dut.sn__t2              3.64669e-09
xa.xlayout_dut.qn__t6                     2.97
xa.xlayout_dut.vss__t23            2.97811e-11
xa.xlayout_dut.vss__t5             3.47339e-20
xa.xlayout_dut.doutb__t1               1.45019
xa.xlayout_dut.sn__t3               3.7476e-09
xa.xlayout_dut.vss__t22            2.68236e-12
xa.xlayout_dut.vss__t6             1.62167e-11
xa.xlayout_dut.doutb__t4               1.44379
xa.xlayout_dut.dout__t4                1.44712
xa.xlayout_dut.vss__t21             0.00199908
xa.xlayout_dut.vss__t7             1.70341e-11
xa.xlayout_dut.qn__t4                     2.97
xa.xlayout_dut.qp__t0                     2.97
xa.xlayout_dut.mn__t0                     2.97
xa.xlayout_dut.vss__t9             3.89888e-11
xa.xlayout_dut.mn__t1                     2.97
xa.xlayout_dut.aop__t2                 1.53985
xa.xlayout_dut.ltail__t0               1.83979
xa.xlayout_dut.vss__t11            2.87641e-11
xa.xlayout_dut.atail__t0              0.789893
xa.xlayout_dut.ibias__t2              0.880116
xa.xlayout_dut.vss__t19            0.000496968
xa.xlayout_dut.vss__t13             1.9367e-11
xa.xlayout_dut.qp__t1                     2.97
xa.xlayout_dut.qn__t5                     2.97
xa.xlayout_dut.mp__t2                     2.97
xa.xlayout_dut.vss__t10             3.9059e-11
xa.xlayout_dut.ltail__t1               1.83979
xa.xlayout_dut.clk__t2                       0
xa.xlayout_dut.vss__t18            1.18592e-11
xa.xlayout_dut.vss__t14            9.93694e-12
xa.xlayout_dut.mp__t1                     2.97
xa.xlayout_dut.aon__t0                 2.39175
xa.xlayout_dut.ltail__t2               1.83979
xa.xlayout_dut.vss__t12            2.90525e-11
xa.xlayout_dut.aon__t1                 2.39127
xa.xlayout_dut.vinp__t0                1.61983
xa.xlayout_dut.atail__t1              0.790454
xa.xlayout_dut.vss__t15            1.60334e-09
xa.xlayout_dut.aop__t1                 1.53807
xa.xlayout_dut.vinn__t0                1.68017
xa.xlayout_dut.atail__t2               0.79088
xa.xlayout_dut.vss__t16            5.61243e-11
xa.xlayout_dut.mn__t2                     2.97
xa.xlayout_dut.clk__t0                       0
xa.xlayout_dut.vdd__t0                    2.97
xa.xlayout_dut.vdd__t1                    2.97
xa.xlayout_dut.qn__t1                     2.97
xa.xlayout_dut.clk__t1                       0
xa.xlayout_dut.vdd__t2                    2.97
xa.xlayout_dut.vdd__t3                    2.97
xa.xlayout_dut.sp__t0              3.85906e-09
xa.xlayout_dut.qp__t2                     2.97
xa.xlayout_dut.vdd__t4                    2.97
xa.xlayout_dut.vdd__t5                    2.97
xa.xlayout_dut.mp__t0                     2.97
xa.xlayout_dut.clk__t4                       0
xa.xlayout_dut.vdd__t21                   2.97
xa.xlayout_dut.vdd__t20                   2.97
xa.xlayout_dut.qn__t0                     2.97
xa.xlayout_dut.qp__t3                     2.97
xa.xlayout_dut.vdd__t6                    2.97
xa.xlayout_dut.vdd__t7                    2.97
xa.xlayout_dut.qp__t4                     2.97
xa.xlayout_dut.clk__t3                       0
xa.xlayout_dut.vdd__t19                   2.97
xa.xlayout_dut.vdd__t18                   2.97
xa.xlayout_dut.na__t1                  2.84011
xa.xlayout_dut.sp__t1              3.71328e-09
xa.xlayout_dut.vdd__t23                2.96727
xa.xlayout_dut.vdd__t8                    2.97
xa.xlayout_dut.dout__t0                1.45231
xa.xlayout_dut.doutb__t2               1.45019
xa.xlayout_dut.na__t0                  2.83758
xa.xlayout_dut.vdd__t13                   2.97
xa.xlayout_dut.sn__t0              3.90614e-09
xa.xlayout_dut.qn__t3                     2.97
xa.xlayout_dut.vdd__t17                   2.97
xa.xlayout_dut.vdd__t16                   2.97
xa.xlayout_dut.qp__t5                     2.97
xa.xlayout_dut.qn__t2                     2.97
xa.xlayout_dut.vdd__t15                   2.97
xa.xlayout_dut.vdd__t14                   2.97
xa.xlayout_dut.nb__t1                  2.84059
xa.xlayout_dut.sn__t1               3.7476e-09
xa.xlayout_dut.vdd__t22                2.96706
xa.xlayout_dut.vdd__t12                   2.97
xa.xlayout_dut.doutb__t3               1.46411
xa.xlayout_dut.dout__t1                1.44712
xa.xlayout_dut.nb__t0                  2.83408
xa.xlayout_dut.vdd__t11                   2.97
xa.xlayout_dut.aon__t2                 2.39193
xa.xlayout_dut.x$28.11                 2.39244
xa.xlayout_dut.vss__t0                       0
xa.xlayout_dut.x$28.21                 2.96875
xa.xlayout_dut.vdd__t10                2.96925
xa.xlayout_dut.aop__t0                 1.54035
xa.xlayout_dut.x$29.11                 1.54161
xa.xlayout_dut.vss__t1                       0
xa.xlayout_dut.x$29.21                 2.96802
xa.xlayout_dut.vdd__t9                 2.96927
xa.xlayout_dut.aon                     2.39175
vsubs                                        0
xa.xlayout_dut.aop                     1.53985
xa.xlayout_dut.atail                  0.790392
douta                                  1.44712
doutba                                 1.45019
xa.xlayout_dut.ltail                   1.83979
xa.xlayout_dut.mn                         2.97
xa.xlayout_dut.mp                         2.97
xa.xlayout_dut.na                      2.83885
xa.xlayout_dut.nb                      2.83733
xa.xlayout_dut.qn                         2.97
xa.xlayout_dut.qp                         2.97
xa.xlayout_dut.sn                   3.7476e-09
xa.xlayout_dut.sp                  3.71328e-09
sb                                  -0.0113482
apb                                    1.64433
anb                                    1.65567
ibnb                                  0.880116
xb.xlayout_dut.sp__t2              3.64674e-09
xb.xlayout_dut.qp__t6                     2.97
xb.xlayout_dut.vss__t17            2.98366e-11
xb.xlayout_dut.vss__t2             3.47998e-20
xb.xlayout_dut.dout__t3                1.44712
xb.xlayout_dut.sp__t3              3.71328e-09
xb.xlayout_dut.vss__t25            2.68459e-12
xb.xlayout_dut.vss__t3             1.62039e-11
xb.xlayout_dut.dout__t2                1.44005
xb.xlayout_dut.doutb__t0               1.45019
xb.xlayout_dut.vss__t24             0.00201221
xb.xlayout_dut.vss__t4             1.70057e-11
xb.xlayout_dut.ibias__t0              0.878838
xb.xlayout_dut.ibias__t1              0.880116
xb.xlayout_dut.vss__t20            0.000254896
xb.xlayout_dut.vss__t8             2.24078e-11
xb.xlayout_dut.sn__t2              3.64669e-09
xb.xlayout_dut.qn__t6                     2.97
xb.xlayout_dut.vss__t23            2.97811e-11
xb.xlayout_dut.vss__t5             3.47339e-20
xb.xlayout_dut.doutb__t1               1.45019
xb.xlayout_dut.sn__t3               3.7476e-09
xb.xlayout_dut.vss__t22            2.68236e-12
xb.xlayout_dut.vss__t6             1.62167e-11
xb.xlayout_dut.doutb__t4               1.44379
xb.xlayout_dut.dout__t4                1.44712
xb.xlayout_dut.vss__t21             0.00199908
xb.xlayout_dut.vss__t7             1.70341e-11
xb.xlayout_dut.qn__t4                     2.97
xb.xlayout_dut.qp__t0                     2.97
xb.xlayout_dut.mn__t0                     2.97
xb.xlayout_dut.vss__t9             3.89888e-11
xb.xlayout_dut.mn__t1                     2.97
xb.xlayout_dut.aop__t2                 1.88427
xb.xlayout_dut.ltail__t0               1.55619
xb.xlayout_dut.vss__t11            2.70681e-11
xb.xlayout_dut.atail__t0              0.786371
xb.xlayout_dut.ibias__t2              0.880116
xb.xlayout_dut.vss__t19             0.00049695
xb.xlayout_dut.vss__t13            1.92807e-11
xb.xlayout_dut.qp__t1                     2.97
xb.xlayout_dut.qn__t5                     2.97
xb.xlayout_dut.mp__t2                     2.97
xb.xlayout_dut.vss__t10             3.9059e-11
xb.xlayout_dut.ltail__t1               1.55619
xb.xlayout_dut.clk__t2                       0
xb.xlayout_dut.vss__t18            1.13512e-11
xb.xlayout_dut.vss__t14            8.40468e-12
xb.xlayout_dut.mp__t1                     2.97
xb.xlayout_dut.aon__t0                 2.04715
xb.xlayout_dut.ltail__t2               1.55619
xb.xlayout_dut.vss__t12            2.73395e-11
xb.xlayout_dut.aon__t1                 2.04639
xb.xlayout_dut.vinp__t0                1.64433
xb.xlayout_dut.atail__t1              0.786968
xb.xlayout_dut.vss__t15            8.65288e-11
xb.xlayout_dut.aop__t1                 1.88291
xb.xlayout_dut.vinn__t0                1.65567
xb.xlayout_dut.atail__t2              0.787241
xb.xlayout_dut.vss__t16            6.50581e-11
xb.xlayout_dut.mn__t2                     2.97
xb.xlayout_dut.clk__t0                       0
xb.xlayout_dut.vdd__t0                    2.97
xb.xlayout_dut.vdd__t1                    2.97
xb.xlayout_dut.qn__t1                     2.97
xb.xlayout_dut.clk__t1                       0
xb.xlayout_dut.vdd__t2                    2.97
xb.xlayout_dut.vdd__t3                    2.97
xb.xlayout_dut.sp__t0              3.85906e-09
xb.xlayout_dut.qp__t2                     2.97
xb.xlayout_dut.vdd__t4                    2.97
xb.xlayout_dut.vdd__t5                    2.97
xb.xlayout_dut.mp__t0                     2.97
xb.xlayout_dut.clk__t4                       0
xb.xlayout_dut.vdd__t21                   2.97
xb.xlayout_dut.vdd__t20                   2.97
xb.xlayout_dut.qn__t0                     2.97
xb.xlayout_dut.qp__t3                     2.97
xb.xlayout_dut.vdd__t6                    2.97
xb.xlayout_dut.vdd__t7                    2.97
xb.xlayout_dut.qp__t4                     2.97
xb.xlayout_dut.clk__t3                       0
xb.xlayout_dut.vdd__t19                   2.97
xb.xlayout_dut.vdd__t18                   2.97
xb.xlayout_dut.na__t1                  2.84011
xb.xlayout_dut.sp__t1              3.71328e-09
xb.xlayout_dut.vdd__t23                2.96727
xb.xlayout_dut.vdd__t8                    2.97
xb.xlayout_dut.dout__t0                1.45231
xb.xlayout_dut.doutb__t2               1.45019
xb.xlayout_dut.na__t0                  2.83758
xb.xlayout_dut.vdd__t13                   2.97
xb.xlayout_dut.sn__t0              3.90614e-09
xb.xlayout_dut.qn__t3                     2.97
xb.xlayout_dut.vdd__t17                   2.97
xb.xlayout_dut.vdd__t16                   2.97
xb.xlayout_dut.qp__t5                     2.97
xb.xlayout_dut.qn__t2                     2.97
xb.xlayout_dut.vdd__t15                   2.97
xb.xlayout_dut.vdd__t14                   2.97
xb.xlayout_dut.nb__t1                  2.84059
xb.xlayout_dut.sn__t1               3.7476e-09
xb.xlayout_dut.vdd__t22                2.96706
xb.xlayout_dut.vdd__t12                   2.97
xb.xlayout_dut.doutb__t3               1.46411
xb.xlayout_dut.dout__t1                1.44712
xb.xlayout_dut.nb__t0                  2.83408
xb.xlayout_dut.vdd__t11                   2.97
xb.xlayout_dut.aon__t2                 2.04745
xb.xlayout_dut.x$28.11                 2.04826
xb.xlayout_dut.vss__t0                       0
xb.xlayout_dut.x$28.21                   2.968
xb.xlayout_dut.vdd__t10                2.96881
xb.xlayout_dut.aop__t0                 1.88465
xb.xlayout_dut.x$29.11                  1.8856
xb.xlayout_dut.vss__t1                       0
xb.xlayout_dut.x$29.21                 2.96849
xb.xlayout_dut.vdd__t9                 2.96944
xb.xlayout_dut.aon                     2.04715
xb.xlayout_dut.aop                     1.88427
xb.xlayout_dut.atail                   0.78687
doutb                                  1.44712
doutbb                                 1.45019
xb.xlayout_dut.ltail                   1.55619
xb.xlayout_dut.mn                         2.97
xb.xlayout_dut.mp                         2.97
xb.xlayout_dut.na                      2.83885
xb.xlayout_dut.nb                      2.83733
xb.xlayout_dut.qn                         2.97
xb.xlayout_dut.qp                         2.97
xb.xlayout_dut.sn                   3.7476e-09
xb.xlayout_dut.sp                  3.71328e-09
sc                                  -0.0104482
apc                                    1.64478
anc                                    1.65522
ibnc                                  0.880116
xc.xlayout_dut.sp__t2              3.64674e-09
xc.xlayout_dut.qp__t6                     2.97
xc.xlayout_dut.vss__t17            2.98366e-11
xc.xlayout_dut.vss__t2             3.47998e-20
xc.xlayout_dut.dout__t3                1.44712
xc.xlayout_dut.sp__t3              3.71328e-09
xc.xlayout_dut.vss__t25            2.68459e-12
xc.xlayout_dut.vss__t3             1.62039e-11
xc.xlayout_dut.dout__t2                1.44005
xc.xlayout_dut.doutb__t0               1.45019
xc.xlayout_dut.vss__t24             0.00201221
xc.xlayout_dut.vss__t4             1.70057e-11
xc.xlayout_dut.ibias__t0              0.878838
xc.xlayout_dut.ibias__t1              0.880116
xc.xlayout_dut.vss__t20            0.000254896
xc.xlayout_dut.vss__t8             2.24078e-11
xc.xlayout_dut.sn__t2              3.64669e-09
xc.xlayout_dut.qn__t6                     2.97
xc.xlayout_dut.vss__t23            2.97811e-11
xc.xlayout_dut.vss__t5             3.47339e-20
xc.xlayout_dut.doutb__t1               1.45019
xc.xlayout_dut.sn__t3               3.7476e-09
xc.xlayout_dut.vss__t22            2.68236e-12
xc.xlayout_dut.vss__t6             1.62167e-11
xc.xlayout_dut.doutb__t4               1.44379
xc.xlayout_dut.dout__t4                1.44712
xc.xlayout_dut.vss__t21             0.00199908
xc.xlayout_dut.vss__t7             1.70341e-11
xc.xlayout_dut.qn__t4                     2.97
xc.xlayout_dut.qp__t0                     2.97
xc.xlayout_dut.mn__t0                     2.97
xc.xlayout_dut.vss__t9             3.89888e-11
xc.xlayout_dut.mn__t1                     2.97
xc.xlayout_dut.aop__t2                 1.89091
xc.xlayout_dut.ltail__t0               1.55084
xc.xlayout_dut.vss__t11            2.70361e-11
xc.xlayout_dut.atail__t0              0.786352
xc.xlayout_dut.ibias__t2              0.880116
xc.xlayout_dut.vss__t19             0.00049695
xc.xlayout_dut.vss__t13            1.92803e-11
xc.xlayout_dut.qp__t1                     2.97
xc.xlayout_dut.qn__t5                     2.97
xc.xlayout_dut.mp__t2                     2.97
xc.xlayout_dut.vss__t10             3.9059e-11
xc.xlayout_dut.ltail__t1               1.55084
xc.xlayout_dut.clk__t2                       0
xc.xlayout_dut.vss__t18            1.13417e-11
xc.xlayout_dut.vss__t14            8.37576e-12
xc.xlayout_dut.mp__t1                     2.97
xc.xlayout_dut.aon__t0                  2.0405
xc.xlayout_dut.ltail__t2               1.55084
xc.xlayout_dut.vss__t12            2.73072e-11
xc.xlayout_dut.aon__t1                 2.03974
xc.xlayout_dut.vinp__t0                1.64478
xc.xlayout_dut.atail__t1               0.78695
xc.xlayout_dut.vss__t15            8.42532e-11
xc.xlayout_dut.aop__t1                 1.88957
xc.xlayout_dut.vinn__t0                1.65522
xc.xlayout_dut.atail__t2               0.78722
xc.xlayout_dut.vss__t16            6.53404e-11
xc.xlayout_dut.mn__t2                     2.97
xc.xlayout_dut.clk__t0                       0
xc.xlayout_dut.vdd__t0                    2.97
xc.xlayout_dut.vdd__t1                    2.97
xc.xlayout_dut.qn__t1                     2.97
xc.xlayout_dut.clk__t1                       0
xc.xlayout_dut.vdd__t2                    2.97
xc.xlayout_dut.vdd__t3                    2.97
xc.xlayout_dut.sp__t0              3.85906e-09
xc.xlayout_dut.qp__t2                     2.97
xc.xlayout_dut.vdd__t4                    2.97
xc.xlayout_dut.vdd__t5                    2.97
xc.xlayout_dut.mp__t0                     2.97
xc.xlayout_dut.clk__t4                       0
xc.xlayout_dut.vdd__t21                   2.97
xc.xlayout_dut.vdd__t20                   2.97
xc.xlayout_dut.qn__t0                     2.97
xc.xlayout_dut.qp__t3                     2.97
xc.xlayout_dut.vdd__t6                    2.97
xc.xlayout_dut.vdd__t7                    2.97
xc.xlayout_dut.qp__t4                     2.97
xc.xlayout_dut.clk__t3                       0
xc.xlayout_dut.vdd__t19                   2.97
xc.xlayout_dut.vdd__t18                   2.97
xc.xlayout_dut.na__t1                  2.84011
xc.xlayout_dut.sp__t1              3.71328e-09
xc.xlayout_dut.vdd__t23                2.96727
xc.xlayout_dut.vdd__t8                    2.97
xc.xlayout_dut.dout__t0                1.45231
xc.xlayout_dut.doutb__t2               1.45019
xc.xlayout_dut.na__t0                  2.83758
xc.xlayout_dut.vdd__t13                   2.97
xc.xlayout_dut.sn__t0              3.90614e-09
xc.xlayout_dut.qn__t3                     2.97
xc.xlayout_dut.vdd__t17                   2.97
xc.xlayout_dut.vdd__t16                   2.97
xc.xlayout_dut.qp__t5                     2.97
xc.xlayout_dut.qn__t2                     2.97
xc.xlayout_dut.vdd__t15                   2.97
xc.xlayout_dut.vdd__t14                   2.97
xc.xlayout_dut.nb__t1                  2.84059
xc.xlayout_dut.sn__t1               3.7476e-09
xc.xlayout_dut.vdd__t22                2.96706
xc.xlayout_dut.vdd__t12                   2.97
xc.xlayout_dut.doutb__t3               1.46411
xc.xlayout_dut.dout__t1                1.44712
xc.xlayout_dut.nb__t0                  2.83408
xc.xlayout_dut.vdd__t11                   2.97
xc.xlayout_dut.aon__t2                  2.0408
xc.xlayout_dut.x$28.11                 2.04161
xc.xlayout_dut.vss__t0                       0
xc.xlayout_dut.x$28.21                 2.96799
xc.xlayout_dut.vdd__t10                 2.9688
xc.xlayout_dut.aop__t0                 1.89129
xc.xlayout_dut.x$29.11                 1.89224
xc.xlayout_dut.vss__t1                       0
xc.xlayout_dut.x$29.21                  2.9685
xc.xlayout_dut.vdd__t9                 2.96945
xc.xlayout_dut.aon                      2.0405
xc.xlayout_dut.aop                     1.89091
xc.xlayout_dut.atail                  0.786851
doutc                                  1.44712
doutbc                                 1.45019
xc.xlayout_dut.ltail                   1.55084
xc.xlayout_dut.mn                         2.97
xc.xlayout_dut.mp                         2.97
xc.xlayout_dut.na                      2.83885
xc.xlayout_dut.nb                      2.83733
xc.xlayout_dut.qn                         2.97
xc.xlayout_dut.qp                         2.97
xc.xlayout_dut.sn                   3.7476e-09
xc.xlayout_dut.sp                  3.71328e-09
clkn                                         0
dan                                   0.487247
dbn                                   0.487247
dcn                                   0.487247
bdcn#branch                                  0
bdbn#branch                                  0
bdan#branch                                  0
bclkn#branch                                 0
eanc#branch                        8.58099e-19
eapc#branch                        5.98309e-19
eanb#branch                       -1.34465e-19
eapb#branch                        -1.4385e-19
eana#branch                       -3.04487e-19
eapa#branch                        2.61722e-20
vsc#branch                                   0
vsb#branch                                   0
vsa#branch                                   0
vcm#branch                         8.99779e-19
vclk#branch                                  0
vsupa#branch                      -0.000371148
vsup#branch                       -0.000742294

 Reference value :  6.66400e-10
 Reference value :  3.40140e-09
 Reference value :  6.24640e-09
 Reference value :  9.19140e-09
 Reference value :  1.18516e-08
 Reference value :  1.46066e-08
 Reference value :  1.74516e-08
 Reference value :  2.03084e-08
 Reference value :  2.30725e-08
 Reference value :  2.60975e-08
 Reference value :  2.89675e-08
 Reference value :  3.19025e-08
 Reference value :  3.46425e-08
 Reference value :  3.74475e-08
 Reference value :  4.01216e-08
 Reference value :  4.25816e-08
 Reference value :  4.54216e-08
 Reference value :  4.83766e-08
 Reference value :  5.10834e-08
 Reference value :  5.38284e-08
 Reference value :  5.67584e-08
 Reference value :  5.95234e-08
No. of Data Rows : 12046
vsup_v              =  2.97000e+00
td_a                =  1.07194e-09 targ=  4.11219e-08 trig=  4.00500e-08
td_b                =  1.36148e-09 targ=  4.14115e-08 trig=  4.00500e-08
td_c                =  1.55869e-09 targ=  4.16087e-08 trig=  4.00500e-08
da_first            =  1.59972e-05
db_first            =  1.08613e-05
dc_first            =  1.08613e-05
da_end              =  9.99952e-01
db_end              =  9.99952e-01
dc_end              =  9.99952e-01
i_stat              =  -2.88645e-05 from=  2.50000e-08 to=  2.90025e-08
q_dec               =  -7.65105e-13 from=  3.99000e-08 to=  4.80000e-08
m_td_od50_ns = 1.0719360000e+00
m_td_od1_ns = 1.3614830000e+00
m_td_od01_ns = 1.5586900000e+00
m_tau_ps = 8.5645911893e+01
m_resolve_decades = 1.5896649004e+01
m_dout_od50_end = 9.9995220000e-01
m_dout_od1_end = 9.9995220000e-01
m_dout_od01_end = 9.9995220000e-01
m_dout_od50_first = 1.5997250000e-05
m_dout_od1_first = 1.0861280000e-05
m_dout_od01_first = 1.0861280000e-05
m_i_static_ua = 2.8864480000e+01
m_e_dec_fj = 1.5779681636e+03
Note: Simulation executed from .control section 

Warning: m=xx on .subckt line will override multiplier m hierarchy!

Note: Starting dynamic gmin stepping
Note: Dynamic gmin stepping completed
