
Note: Compatibility modes selected: hs a


Circuit: * comparator-regeneration-vosprobe @ ff_27c_3.63v -- generated by sim/harness, do not edit

Doing analysis at TEMP = 27.000000 and TNOM = 27.000000

Using SPARSE 1.3 as Direct Linear Solver

Initial Transient Solution
--------------------------

Node                                   Voltage
----                                   -------
vdd                                       3.63
cm                                        1.65
clk                                          0
rmp                                      -0.04
vp                                        1.63
vn                                        1.67
ibn                                   0.880116
xdut.xlayout_dut.sp__t2            5.50602e-09
xdut.xlayout_dut.qp__t6                   3.63
xdut.xlayout_dut.vss__t17           4.9288e-11
xdut.xlayout_dut.vss__t2           5.25824e-20
xdut.xlayout_dut.dout__t3              1.79099
xdut.xlayout_dut.sp__t3            5.61594e-09
xdut.xlayout_dut.vss__t25          2.83578e-12
xdut.xlayout_dut.vss__t3           2.00544e-11
xdut.xlayout_dut.dout__t2              1.77917
xdut.xlayout_dut.doutb__t0             1.79628
xdut.xlayout_dut.vss__t24           0.00336355
xdut.xlayout_dut.vss__t4           2.38504e-11
xdut.xlayout_dut.ibias__t0            0.878838
xdut.xlayout_dut.ibias__t1            0.880116
xdut.xlayout_dut.vss__t20          0.000254896
xdut.xlayout_dut.vss__t8           2.24078e-11
xdut.xlayout_dut.sn__t2            5.50593e-09
xdut.xlayout_dut.qn__t6                   3.63
xdut.xlayout_dut.vss__t23          4.91962e-11
xdut.xlayout_dut.vss__t5           5.24828e-20
xdut.xlayout_dut.doutb__t1             1.79628
xdut.xlayout_dut.sn__t3            5.67263e-09
xdut.xlayout_dut.vss__t22          2.83434e-12
xdut.xlayout_dut.vss__t6            2.0087e-11
xdut.xlayout_dut.doutb__t4              1.7856
xdut.xlayout_dut.dout__t4              1.79099
xdut.xlayout_dut.vss__t21           0.00333888
xdut.xlayout_dut.vss__t7           2.46018e-11
xdut.xlayout_dut.qn__t4                   3.63
xdut.xlayout_dut.qp__t0                   3.63
xdut.xlayout_dut.mn__t0                   3.63
xdut.xlayout_dut.vss__t9            4.7653e-11
xdut.xlayout_dut.mn__t1                   3.63
xdut.xlayout_dut.aop__t2               2.33701
xdut.xlayout_dut.ltail__t0             2.27938
xdut.xlayout_dut.vss__t11            3.534e-11
xdut.xlayout_dut.atail__t0             0.78864
xdut.xlayout_dut.ibias__t2            0.880116
xdut.xlayout_dut.vss__t19          0.000496962
xdut.xlayout_dut.vss__t13          1.93363e-11
xdut.xlayout_dut.qp__t1                   3.63
xdut.xlayout_dut.qn__t5                   3.63
xdut.xlayout_dut.mp__t2                   3.63
xdut.xlayout_dut.vss__t10          4.77388e-11
xdut.xlayout_dut.ltail__t1             2.27938
xdut.xlayout_dut.clk__t2                     0
xdut.xlayout_dut.vss__t18          1.26588e-11
xdut.xlayout_dut.vss__t14          1.23199e-11
xdut.xlayout_dut.mp__t1                   3.63
xdut.xlayout_dut.aon__t0               2.91405
xdut.xlayout_dut.ltail__t2             2.27938
xdut.xlayout_dut.vss__t12          3.56943e-11
xdut.xlayout_dut.aon__t1               2.91347
xdut.xlayout_dut.vinp__t0                 1.63
xdut.xlayout_dut.atail__t1            0.789215
xdut.xlayout_dut.vss__t15           1.1032e-07
xdut.xlayout_dut.aop__t1               2.33539
xdut.xlayout_dut.vinn__t0                 1.67
xdut.xlayout_dut.atail__t2            0.789581
xdut.xlayout_dut.vss__t16          1.46094e-09
xdut.xlayout_dut.mn__t2                   3.63
xdut.xlayout_dut.clk__t0                     0
xdut.xlayout_dut.vdd__t0                  3.63
xdut.xlayout_dut.vdd__t1                  3.63
xdut.xlayout_dut.qn__t1                   3.63
xdut.xlayout_dut.clk__t1                     0
xdut.xlayout_dut.vdd__t2                  3.63
xdut.xlayout_dut.vdd__t3                  3.63
xdut.xlayout_dut.sp__t0            5.85675e-09
xdut.xlayout_dut.qp__t2                   3.63
xdut.xlayout_dut.vdd__t4                  3.63
xdut.xlayout_dut.vdd__t5                  3.63
xdut.xlayout_dut.mp__t0                   3.63
xdut.xlayout_dut.clk__t4                     0
xdut.xlayout_dut.vdd__t21                 3.63
xdut.xlayout_dut.vdd__t20                 3.63
xdut.xlayout_dut.qn__t0                   3.63
xdut.xlayout_dut.qp__t3                   3.63
xdut.xlayout_dut.vdd__t6                  3.63
xdut.xlayout_dut.vdd__t7                  3.63
xdut.xlayout_dut.qp__t4                   3.63
xdut.xlayout_dut.clk__t3                     0
xdut.xlayout_dut.vdd__t19                 3.63
xdut.xlayout_dut.vdd__t18                 3.63
xdut.xlayout_dut.na__t1                3.43873
xdut.xlayout_dut.sp__t1            5.61594e-09
xdut.xlayout_dut.vdd__t23              3.62544
xdut.xlayout_dut.vdd__t8                  3.63
xdut.xlayout_dut.dout__t0              1.79967
xdut.xlayout_dut.doutb__t2             1.79628
xdut.xlayout_dut.na__t0                3.43449
xdut.xlayout_dut.vdd__t13                 3.63
xdut.xlayout_dut.sn__t0            5.93452e-09
xdut.xlayout_dut.qn__t3                   3.63
xdut.xlayout_dut.vdd__t17                 3.63
xdut.xlayout_dut.vdd__t16                 3.63
xdut.xlayout_dut.qp__t5                   3.63
xdut.xlayout_dut.qn__t2                   3.63
xdut.xlayout_dut.vdd__t15                 3.63
xdut.xlayout_dut.vdd__t14                 3.63
xdut.xlayout_dut.nb__t1                3.43954
xdut.xlayout_dut.sn__t1            5.67263e-09
xdut.xlayout_dut.vdd__t22              3.62509
xdut.xlayout_dut.vdd__t12                 3.63
xdut.xlayout_dut.doutb__t3             1.81953
xdut.xlayout_dut.dout__t1              1.79099
xdut.xlayout_dut.nb__t0                3.42867
xdut.xlayout_dut.vdd__t11                 3.63
xdut.xlayout_dut.aon__t2               2.91428
xdut.xlayout_dut.x$28.11               2.91491
xdut.xlayout_dut.vss__t0                     0
xdut.xlayout_dut.x$28.21               3.62845
xdut.xlayout_dut.vdd__t10              3.62908
xdut.xlayout_dut.aop__t0               2.33746
xdut.xlayout_dut.x$29.11               2.33859
xdut.xlayout_dut.vss__t1                     0
xdut.xlayout_dut.x$29.21               3.62821
xdut.xlayout_dut.vdd__t9               3.62934
xdut.xlayout_dut.aon                   2.91405
vsubs                                        0
xdut.xlayout_dut.aop                   2.33701
xdut.xlayout_dut.atail                0.789139
dout                                   1.79099
doutb                                  1.79628
xdut.xlayout_dut.ltail                 2.27938
xdut.xlayout_dut.mn                       3.63
xdut.xlayout_dut.mp                       3.63
xdut.xlayout_dut.na                    3.43661
xdut.xlayout_dut.nb                    3.43411
xdut.xlayout_dut.qn                       3.63
xdut.xlayout_dut.qp                       3.63
xdut.xlayout_dut.sn                5.67263e-09
xdut.xlayout_dut.sp                5.61594e-09
dn                                    0.493385
bdn#branch                                   0
bnn#branch                         1.17161e-18
bpp#branch                          3.4199e-19
vrmp#branch                                  0
vclk#branch                                  0
vcm#branch                                   0
vsup#branch                       -0.000599835

 Reference value :  1.10540e-07
 Reference value :  4.10206e-07
 Reference value :  7.00095e-07
 Reference value :  1.01020e-06
 Reference value :  1.30053e-06
 Reference value :  1.58713e-06
 Reference value :  1.84802e-06
 Reference value :  2.12010e-06
 Reference value :  2.38054e-06
 Reference value :  2.68002e-06
 Reference value :  2.96078e-06
 Reference value :  3.25054e-06
 Reference value :  3.53103e-06
 Reference value :  3.82002e-06
 Reference value :  4.07024e-06
 Reference value :  4.34013e-06
 Reference value :  4.60082e-06
 Reference value :  4.87015e-06
 Reference value :  5.12998e-06
 Reference value :  5.41033e-06
 Reference value :  5.66074e-06
 Reference value :  5.94002e-06
 Reference value :  6.23020e-06
 Reference value :  6.49189e-06
 Reference value :  6.77020e-06
 Reference value :  7.05663e-06
 Reference value :  7.31021e-06
 Reference value :  7.57064e-06
 Reference value :  7.85020e-06
 Reference value :  8.11004e-06
 Reference value :  8.38001e-06
 Reference value :  8.65038e-06
 Reference value :  8.93035e-06
 Reference value :  9.20054e-06
 Reference value :  9.49005e-06
 Reference value :  9.77030e-06
 Reference value :  1.00601e-05
 Reference value :  1.03306e-05
 Reference value :  1.06305e-05
 Reference value :  1.09301e-05
 Reference value :  1.12111e-05
 Reference value :  1.14817e-05
 Reference value :  1.18303e-05
 Reference value :  1.21005e-05
 Reference value :  1.23802e-05
 Reference value :  1.26668e-05
 Reference value :  1.29250e-05
 Reference value :  1.32101e-05
 Reference value :  1.34906e-05
 Reference value :  1.37671e-05
 Reference value :  1.40500e-05
 Reference value :  1.43201e-05
 Reference value :  1.45904e-05
 Reference value :  1.48702e-05
 Reference value :  1.51601e-05
 Reference value :  1.54345e-05
 Reference value :  1.57600e-05
 Reference value :  1.60303e-05
 Reference value :  1.62805e-05
 Reference value :  1.65720e-05
 Reference value :  1.68705e-05
 Reference value :  1.71420e-05
 Reference value :  1.74202e-05
 Reference value :  1.76905e-05
 Reference value :  1.79901e-05
 Reference value :  1.82801e-05
 Reference value :  1.85602e-05
 Reference value :  1.88317e-05
 Reference value :  1.91212e-05
 Reference value :  1.93920e-05
 Reference value :  1.96701e-05
 Reference value :  1.99601e-05
 Reference value :  2.02305e-05
 Reference value :  2.05001e-05
 Reference value :  2.07802e-05
 Reference value :  2.10505e-05
 Reference value :  2.13205e-05
 Reference value :  2.16201e-05
 Reference value :  2.18906e-05
 Reference value :  2.22401e-05
 Reference value :  2.24911e-05
 Reference value :  2.27602e-05
 Reference value :  2.30200e-05
 Reference value :  2.32705e-05
 Reference value :  2.35613e-05
 Reference value :  2.38304e-05
 Reference value :  2.40802e-05
 Reference value :  2.43700e-05
 Reference value :  2.46202e-05
 Reference value :  2.49101e-05
 Reference value :  2.51802e-05
 Reference value :  2.54506e-05
 Reference value :  2.57200e-05
 Reference value :  2.59711e-05
 Reference value :  2.62410e-05
 Reference value :  2.65005e-05
 Reference value :  2.67815e-05
 Reference value :  2.70701e-05
 Reference value :  2.73209e-05
 Reference value :  2.75905e-05
 Reference value :  2.78508e-05
 Reference value :  2.81213e-05
 Reference value :  2.83908e-05
 Reference value :  2.86601e-05
 Reference value :  2.89106e-05
 Reference value :  2.91802e-05
 Reference value :  2.94505e-05
 Reference value :  2.97403e-05
 Reference value :  3.00125e-05
 Reference value :  3.02918e-05
 Reference value :  3.05579e-05
 Reference value :  3.08302e-05
 Reference value :  3.10915e-05
 Reference value :  3.13601e-05
 Reference value :  3.16112e-05
 Reference value :  3.19402e-05
 Reference value :  3.22004e-05
 Reference value :  3.24700e-05
 Reference value :  3.27106e-05
 Reference value :  3.29801e-05
 Reference value :  3.32801e-05
 Reference value :  3.35602e-05
 Reference value :  3.38502e-05
 Reference value :  3.41217e-05
 Reference value :  3.44002e-05
 Reference value :  3.46601e-05
 Reference value :  3.49404e-05
 Reference value :  3.52300e-05
 Reference value :  3.54806e-05
 Reference value :  3.57407e-05
 Reference value :  3.60107e-05
 Reference value :  3.62806e-05
 Reference value :  3.65800e-05
 Reference value :  3.68500e-05
 Reference value :  3.71206e-05
 Reference value :  3.74006e-05
 Reference value :  3.76702e-05
 Reference value :  3.79317e-05
 Reference value :  3.82102e-05
 Reference value :  3.84810e-05
 Reference value :  3.87727e-05
 Reference value :  3.90501e-05
 Reference value :  3.93401e-05
 Reference value :  3.96201e-05
 Reference value :  3.98804e-05
 Reference value :  4.01509e-05
 Reference value :  4.04333e-05
 Reference value :  4.07204e-05
 Reference value :  4.10003e-05
 Reference value :  4.12900e-05
 Reference value :  4.15406e-05
 Reference value :  4.18300e-05
 Reference value :  4.21001e-05
 Reference value :  4.24302e-05
 Reference value :  4.27106e-05
 Reference value :  4.29846e-05
 Reference value :  4.32509e-05
 Reference value :  4.35205e-05
 Reference value :  4.38102e-05
 Reference value :  4.40909e-05
 Reference value :  4.43801e-05
 Reference value :  4.46502e-05
 Reference value :  4.49201e-05
 Reference value :  4.51903e-05
 Reference value :  4.54702e-05
 Reference value :  4.57600e-05
 Reference value :  4.60302e-05
 Reference value :  4.63301e-05
 Reference value :  4.66102e-05
 Reference value :  4.68802e-05
 Reference value :  4.71704e-05
 Reference value :  4.74509e-05
 Reference value :  4.77400e-05
 Reference value :  4.80207e-05
 Reference value :  4.83102e-05
 Reference value :  4.85803e-05
 Reference value :  4.88602e-05
 Reference value :  4.91501e-05
 Reference value :  4.94201e-05
 Reference value :  4.96901e-05
 Reference value :  4.99607e-05
 Reference value :  5.02402e-05
 Reference value :  5.05300e-05
 Reference value :  5.08107e-05
 Reference value :  5.10808e-05
 Reference value :  5.13700e-05
 Reference value :  5.16415e-05
 Reference value :  5.19107e-05
 Reference value :  5.21913e-05
 Reference value :  5.24931e-05
 Reference value :  5.29702e-05
 Reference value :  5.32402e-05
 Reference value :  5.35044e-05
 Reference value :  5.37706e-05
 Reference value :  5.40401e-05
 Reference value :  5.43201e-05
 Reference value :  5.46205e-05
 Reference value :  5.49206e-05
 Reference value :  5.52110e-05
 Reference value :  5.54901e-05
 Reference value :  5.57645e-05
 Reference value :  5.60307e-05
 Reference value :  5.63212e-05
 Reference value :  5.66008e-05
 Reference value :  5.68607e-05
 Reference value :  5.71600e-05
 Reference value :  5.74322e-05
 Reference value :  5.77003e-05
 Reference value :  5.79805e-05
 Reference value :  5.82802e-05
 Reference value :  5.85701e-05
 Reference value :  5.88502e-05
 Reference value :  5.91209e-05
 Reference value :  5.93902e-05
 Reference value :  5.96502e-05
 Reference value :  5.99302e-05
 Reference value :  6.02012e-05
 Reference value :  6.04902e-05
 Reference value :  6.07419e-05
 Reference value :  6.10300e-05
 Reference value :  6.13102e-05
 Reference value :  6.16006e-05
 Reference value :  6.18811e-05
 Reference value :  6.21801e-05
 Reference value :  6.24520e-05
 Reference value :  6.27503e-05
 Reference value :  6.30400e-05
 Reference value :  6.32907e-05
 Reference value :  6.35801e-05
 Reference value :  6.38415e-05
 Reference value :  6.41902e-05
 Reference value :  6.44652e-05
 Reference value :  6.47502e-05
 Reference value :  6.50201e-05
 Reference value :  6.52901e-05
 Reference value :  6.55708e-05
 Reference value :  6.58607e-05
 Reference value :  6.61610e-05
 Reference value :  6.64601e-05
 Reference value :  6.67406e-05
 Reference value :  6.70302e-05
 Reference value :  6.73108e-05
 Reference value :  6.76107e-05
 Reference value :  6.79003e-05
 Reference value :  6.82001e-05
 Reference value :  6.84702e-05
 Reference value :  6.87505e-05
 Reference value :  6.90401e-05
 Reference value :  6.93407e-05
 Reference value :  6.96202e-05
 Reference value :  6.99101e-05
 Reference value :  7.01801e-05
 Reference value :  7.04602e-05
 Reference value :  7.07501e-05
 Reference value :  7.10501e-05
 Reference value :  7.13201e-05
 Reference value :  7.16001e-05
 Reference value :  7.18702e-05
 Reference value :  7.21600e-05
 Reference value :  7.24402e-05
 Reference value :  7.27300e-05
 Reference value :  7.30300e-05
 Reference value :  7.33001e-05
 Reference value :  7.35809e-05
 Reference value :  7.38806e-05
 Reference value :  7.41702e-05
 Reference value :  7.44502e-05
 Reference value :  7.47124e-05
 Reference value :  7.50205e-05
 Reference value :  7.52912e-05
 Reference value :  7.55801e-05
 Reference value :  7.58310e-05
 Reference value :  7.60909e-05
 Reference value :  7.63902e-05
 Reference value :  7.66603e-05
 Reference value :  7.69601e-05
 Reference value :  7.72402e-05
 Reference value :  7.75005e-05
 Reference value :  7.77802e-05
 Reference value :  7.80701e-05
 Reference value :  7.83667e-05
 Reference value :  7.86501e-05
 Reference value :  7.89108e-05
 Reference value :  7.92209e-05
 Reference value :  7.94906e-05
 Reference value :  7.97624e-05
No. of Data Rows : 286766
t_flip              =  2.38319e-05
vos_v               =  -1.61681e-02
m_dut_vos = -1.616810000e-02
Note: Simulation executed from .control section 

Warning: m=xx on .subckt line will override multiplier m hierarchy!

Note: Starting dynamic gmin stepping
Note: Dynamic gmin stepping completed
