
Note: Compatibility modes selected: hs a


Circuit: * comparator-regeneration @ fs_-40c_3.30v -- generated by sim/harness, do not edit

Doing analysis at TEMP = -40.000000 and TNOM = 27.000000

Using SPARSE 1.3 as Direct Linear Solver

Initial Transient Solution
--------------------------

Node                                   Voltage
----                                   -------
vdd                                        3.3
vdda                                       3.3
clk                                          0
cm                                        1.65
sa                                  -0.0560284
apa                                    1.62199
ana                                    1.67801
ibna                                   0.92481
xa.xlayout_dut.sp__t2              3.19758e-09
xa.xlayout_dut.qp__t6                      3.3
xa.xlayout_dut.vss__t17              3.346e-11
xa.xlayout_dut.vss__t2             3.05812e-20
xa.xlayout_dut.dout__t3            3.57433e-09
xa.xlayout_dut.sp__t3               3.2722e-09
xa.xlayout_dut.vss__t25            1.03383e-22
xa.xlayout_dut.vss__t3              4.0023e-20
xa.xlayout_dut.dout__t2            3.41835e-09
xa.xlayout_dut.doutb__t0                   3.3
xa.xlayout_dut.vss__t24            4.43877e-11
xa.xlayout_dut.vss__t4             4.07738e-20
xa.xlayout_dut.ibias__t0              0.923532
xa.xlayout_dut.ibias__t1               0.92481
xa.xlayout_dut.vss__t20            0.000254896
xa.xlayout_dut.vss__t8             2.35469e-11
xa.xlayout_dut.sn__t2              3.19752e-09
xa.xlayout_dut.qn__t6                      3.3
xa.xlayout_dut.vss__t23            3.33977e-11
xa.xlayout_dut.vss__t5             3.05231e-20
xa.xlayout_dut.doutb__t1                   3.3
xa.xlayout_dut.sn__t3              3.31069e-09
xa.xlayout_dut.vss__t22            1.41492e-15
xa.xlayout_dut.vss__t6             3.69082e-11
xa.xlayout_dut.doutb__t4                   3.3
xa.xlayout_dut.dout__t4            3.57433e-09
xa.xlayout_dut.vss__t21            1.48811e-15
xa.xlayout_dut.vss__t7             3.88173e-11
xa.xlayout_dut.qn__t4                      3.3
xa.xlayout_dut.qp__t0                      3.3
xa.xlayout_dut.mn__t0                      3.3
xa.xlayout_dut.vss__t9             4.33209e-11
xa.xlayout_dut.mn__t1                      3.3
xa.xlayout_dut.aop__t2                 1.33396
xa.xlayout_dut.ltail__t0               1.82218
xa.xlayout_dut.vss__t11            3.06323e-11
xa.xlayout_dut.atail__t0              0.716035
xa.xlayout_dut.ibias__t2               0.92481
xa.xlayout_dut.vss__t19            0.000500041
xa.xlayout_dut.vss__t13            1.75573e-11
xa.xlayout_dut.qp__t1                      3.3
xa.xlayout_dut.qn__t5                      3.3
xa.xlayout_dut.mp__t2                      3.3
xa.xlayout_dut.vss__t10            4.33989e-11
xa.xlayout_dut.ltail__t1               1.82218
xa.xlayout_dut.clk__t2                       0
xa.xlayout_dut.vss__t18            5.32216e-15
xa.xlayout_dut.vss__t14            9.84112e-12
xa.xlayout_dut.mp__t1                      3.3
xa.xlayout_dut.aon__t0                 2.55333
xa.xlayout_dut.ltail__t2               1.82218
xa.xlayout_dut.vss__t12            3.09395e-11
xa.xlayout_dut.aon__t1                 2.55288
xa.xlayout_dut.vinp__t0                1.62199
xa.xlayout_dut.atail__t1              0.716597
xa.xlayout_dut.vss__t15            1.44739e-08
xa.xlayout_dut.aop__t1                 1.33213
xa.xlayout_dut.vinn__t0                1.67801
xa.xlayout_dut.atail__t2              0.717038
xa.xlayout_dut.vss__t16            4.93816e-11
xa.xlayout_dut.mn__t2                      3.3
xa.xlayout_dut.clk__t0                       0
xa.xlayout_dut.vdd__t0                     3.3
xa.xlayout_dut.vdd__t1                     3.3
xa.xlayout_dut.qn__t1                      3.3
xa.xlayout_dut.clk__t1                       0
xa.xlayout_dut.vdd__t2                     3.3
xa.xlayout_dut.vdd__t3                     3.3
xa.xlayout_dut.sp__t0              3.43568e-09
xa.xlayout_dut.qp__t2                      3.3
xa.xlayout_dut.vdd__t4                     3.3
xa.xlayout_dut.vdd__t5                     3.3
xa.xlayout_dut.mp__t0                      3.3
xa.xlayout_dut.clk__t4                       0
xa.xlayout_dut.vdd__t21                    3.3
xa.xlayout_dut.vdd__t20                    3.3
xa.xlayout_dut.qn__t0                      3.3
xa.xlayout_dut.qp__t3                      3.3
xa.xlayout_dut.vdd__t6                     3.3
xa.xlayout_dut.vdd__t7                     3.3
xa.xlayout_dut.qp__t4                      3.3
xa.xlayout_dut.clk__t3                       0
xa.xlayout_dut.vdd__t19                    3.3
xa.xlayout_dut.vdd__t18                    3.3
xa.xlayout_dut.na__t1                      3.3
xa.xlayout_dut.sp__t1               3.2722e-09
xa.xlayout_dut.vdd__t23                    3.3
xa.xlayout_dut.vdd__t8                     3.3
xa.xlayout_dut.dout__t0            3.68886e-09
xa.xlayout_dut.doutb__t2                   3.3
xa.xlayout_dut.na__t0                      3.3
xa.xlayout_dut.vdd__t13                    3.3
xa.xlayout_dut.sn__t0              3.48847e-09
xa.xlayout_dut.qn__t3                      3.3
xa.xlayout_dut.vdd__t17                    3.3
xa.xlayout_dut.vdd__t16                    3.3
xa.xlayout_dut.qp__t5                      3.3
xa.xlayout_dut.qn__t2                      3.3
xa.xlayout_dut.vdd__t15                    3.3
xa.xlayout_dut.vdd__t14                    3.3
xa.xlayout_dut.nb__t1                      3.3
xa.xlayout_dut.sn__t1              3.31069e-09
xa.xlayout_dut.vdd__t22                    3.3
xa.xlayout_dut.vdd__t12                    3.3
xa.xlayout_dut.doutb__t3                   3.3
xa.xlayout_dut.dout__t1            3.57433e-09
xa.xlayout_dut.nb__t0                      3.3
xa.xlayout_dut.vdd__t11                    3.3
xa.xlayout_dut.aon__t2                 2.55352
xa.xlayout_dut.x$28.11                 2.55435
xa.xlayout_dut.vss__t0                       0
xa.xlayout_dut.x$28.21                 3.29844
xa.xlayout_dut.vdd__t10                3.29928
xa.xlayout_dut.aop__t0                 1.33448
xa.xlayout_dut.x$29.11                 1.33669
xa.xlayout_dut.vss__t1                       0
xa.xlayout_dut.x$29.21                 3.29704
xa.xlayout_dut.vdd__t9                 3.29925
xa.xlayout_dut.aon                     2.55333
vsubs                                        0
xa.xlayout_dut.aop                     1.33396
xa.xlayout_dut.atail                  0.716538
douta                              3.57433e-09
doutba                                     3.3
xa.xlayout_dut.ltail                   1.82218
xa.xlayout_dut.mn                          3.3
xa.xlayout_dut.mp                          3.3
xa.xlayout_dut.na                          3.3
xa.xlayout_dut.nb                          3.3
xa.xlayout_dut.qn                          3.3
xa.xlayout_dut.qp                          3.3
xa.xlayout_dut.sn                  3.31069e-09
xa.xlayout_dut.sp                   3.2722e-09
sb                                 -0.00702842
apb                                    1.64649
anb                                    1.65351
ibnb                                   0.92481
xb.xlayout_dut.sp__t2              3.19758e-09
xb.xlayout_dut.qp__t6                      3.3
xb.xlayout_dut.vss__t17              3.346e-11
xb.xlayout_dut.vss__t2             3.05812e-20
xb.xlayout_dut.dout__t3            3.57433e-09
xb.xlayout_dut.sp__t3               3.2722e-09
xb.xlayout_dut.vss__t25            1.03383e-22
xb.xlayout_dut.vss__t3              4.0023e-20
xb.xlayout_dut.dout__t2            3.41835e-09
xb.xlayout_dut.doutb__t0                   3.3
xb.xlayout_dut.vss__t24            4.43877e-11
xb.xlayout_dut.vss__t4             4.07738e-20
xb.xlayout_dut.ibias__t0              0.923532
xb.xlayout_dut.ibias__t1               0.92481
xb.xlayout_dut.vss__t20            0.000254896
xb.xlayout_dut.vss__t8             2.35469e-11
xb.xlayout_dut.sn__t2              3.19752e-09
xb.xlayout_dut.qn__t6                      3.3
xb.xlayout_dut.vss__t23            3.33977e-11
xb.xlayout_dut.vss__t5             3.05231e-20
xb.xlayout_dut.doutb__t1                   3.3
xb.xlayout_dut.sn__t3              3.31069e-09
xb.xlayout_dut.vss__t22            1.41492e-15
xb.xlayout_dut.vss__t6             3.69082e-11
xb.xlayout_dut.doutb__t4                   3.3
xb.xlayout_dut.dout__t4            3.57433e-09
xb.xlayout_dut.vss__t21            1.48811e-15
xb.xlayout_dut.vss__t7             3.88173e-11
xb.xlayout_dut.qn__t4                      3.3
xb.xlayout_dut.qp__t0                      3.3
xb.xlayout_dut.mn__t0                      3.3
xb.xlayout_dut.vss__t9             4.33209e-11
xb.xlayout_dut.mn__t1                      3.3
xb.xlayout_dut.aop__t2                 1.86654
xb.xlayout_dut.ltail__t0               1.38497
xb.xlayout_dut.vss__t11            2.80176e-11
xb.xlayout_dut.atail__t0              0.712451
xb.xlayout_dut.ibias__t2               0.92481
xb.xlayout_dut.vss__t19            0.000500019
xb.xlayout_dut.vss__t13            1.74694e-11
xb.xlayout_dut.qp__t1                      3.3
xb.xlayout_dut.qn__t5                      3.3
xb.xlayout_dut.mp__t2                      3.3
xb.xlayout_dut.vss__t10            4.33989e-11
xb.xlayout_dut.ltail__t1               1.38497
xb.xlayout_dut.clk__t2                       0
xb.xlayout_dut.vss__t18            4.89492e-15
xb.xlayout_dut.vss__t14            7.47986e-12
xb.xlayout_dut.mp__t1                      3.3
xb.xlayout_dut.aon__t0                 2.02065
xb.xlayout_dut.ltail__t2               1.38497
xb.xlayout_dut.vss__t12            2.83011e-11
xb.xlayout_dut.aon__t1                 2.01988
xb.xlayout_dut.vinp__t0                1.64649
xb.xlayout_dut.atail__t1              0.713055
xb.xlayout_dut.vss__t15            1.26056e-10
xb.xlayout_dut.aop__t1                 1.86521
xb.xlayout_dut.vinn__t0                1.65351
xb.xlayout_dut.atail__t2              0.713318
xb.xlayout_dut.vss__t16            6.61524e-11
xb.xlayout_dut.mn__t2                      3.3
xb.xlayout_dut.clk__t0                       0
xb.xlayout_dut.vdd__t0                     3.3
xb.xlayout_dut.vdd__t1                     3.3
xb.xlayout_dut.qn__t1                      3.3
xb.xlayout_dut.clk__t1                       0
xb.xlayout_dut.vdd__t2                     3.3
xb.xlayout_dut.vdd__t3                     3.3
xb.xlayout_dut.sp__t0              3.43568e-09
xb.xlayout_dut.qp__t2                      3.3
xb.xlayout_dut.vdd__t4                     3.3
xb.xlayout_dut.vdd__t5                     3.3
xb.xlayout_dut.mp__t0                      3.3
xb.xlayout_dut.clk__t4                       0
xb.xlayout_dut.vdd__t21                    3.3
xb.xlayout_dut.vdd__t20                    3.3
xb.xlayout_dut.qn__t0                      3.3
xb.xlayout_dut.qp__t3                      3.3
xb.xlayout_dut.vdd__t6                     3.3
xb.xlayout_dut.vdd__t7                     3.3
xb.xlayout_dut.qp__t4                      3.3
xb.xlayout_dut.clk__t3                       0
xb.xlayout_dut.vdd__t19                    3.3
xb.xlayout_dut.vdd__t18                    3.3
xb.xlayout_dut.na__t1                      3.3
xb.xlayout_dut.sp__t1               3.2722e-09
xb.xlayout_dut.vdd__t23                    3.3
xb.xlayout_dut.vdd__t8                     3.3
xb.xlayout_dut.dout__t0            3.68886e-09
xb.xlayout_dut.doutb__t2                   3.3
xb.xlayout_dut.na__t0                      3.3
xb.xlayout_dut.vdd__t13                    3.3
xb.xlayout_dut.sn__t0              3.48847e-09
xb.xlayout_dut.qn__t3                      3.3
xb.xlayout_dut.vdd__t17                    3.3
xb.xlayout_dut.vdd__t16                    3.3
xb.xlayout_dut.qp__t5                      3.3
xb.xlayout_dut.qn__t2                      3.3
xb.xlayout_dut.vdd__t15                    3.3
xb.xlayout_dut.vdd__t14                    3.3
xb.xlayout_dut.nb__t1                      3.3
xb.xlayout_dut.sn__t1              3.31069e-09
xb.xlayout_dut.vdd__t22                    3.3
xb.xlayout_dut.vdd__t12                    3.3
xb.xlayout_dut.doutb__t3                   3.3
xb.xlayout_dut.dout__t1            3.57433e-09
xb.xlayout_dut.nb__t0                      3.3
xb.xlayout_dut.vdd__t11                    3.3
xb.xlayout_dut.aon__t2                 2.02096
xb.xlayout_dut.x$28.11                  2.0224
xb.xlayout_dut.vss__t0                       0
xb.xlayout_dut.x$28.21                 3.29733
xb.xlayout_dut.vdd__t10                3.29877
xb.xlayout_dut.aop__t0                 1.86692
xb.xlayout_dut.x$29.11                 1.86853
xb.xlayout_dut.vss__t1                       0
xb.xlayout_dut.x$29.21                 3.29784
xb.xlayout_dut.vdd__t9                 3.29945
xb.xlayout_dut.aon                     2.02065
xb.xlayout_dut.aop                     1.86654
xb.xlayout_dut.atail                  0.712954
doutb                              3.57433e-09
doutbb                                     3.3
xb.xlayout_dut.ltail                   1.38497
xb.xlayout_dut.mn                          3.3
xb.xlayout_dut.mp                          3.3
xb.xlayout_dut.na                          3.3
xb.xlayout_dut.nb                          3.3
xb.xlayout_dut.qn                          3.3
xb.xlayout_dut.qp                          3.3
xb.xlayout_dut.sn                  3.31069e-09
xb.xlayout_dut.sp                   3.2722e-09
sc                                 -0.00612842
apc                                    1.64694
anc                                    1.65306
ibnc                                   0.92481
xc.xlayout_dut.sp__t2              3.19758e-09
xc.xlayout_dut.qp__t6                      3.3
xc.xlayout_dut.vss__t17              3.346e-11
xc.xlayout_dut.vss__t2             3.05812e-20
xc.xlayout_dut.dout__t3            3.57433e-09
xc.xlayout_dut.sp__t3               3.2722e-09
xc.xlayout_dut.vss__t25            1.03383e-22
xc.xlayout_dut.vss__t3              4.0023e-20
xc.xlayout_dut.dout__t2            3.41835e-09
xc.xlayout_dut.doutb__t0                   3.3
xc.xlayout_dut.vss__t24            4.43877e-11
xc.xlayout_dut.vss__t4             4.07738e-20
xc.xlayout_dut.ibias__t0              0.923532
xc.xlayout_dut.ibias__t1               0.92481
xc.xlayout_dut.vss__t20            0.000254896
xc.xlayout_dut.vss__t8             2.35469e-11
xc.xlayout_dut.sn__t2              3.19752e-09
xc.xlayout_dut.qn__t6                      3.3
xc.xlayout_dut.vss__t23            3.33977e-11
xc.xlayout_dut.vss__t5             3.05231e-20
xc.xlayout_dut.doutb__t1                   3.3
xc.xlayout_dut.sn__t3              3.31069e-09
xc.xlayout_dut.vss__t22            1.41492e-15
xc.xlayout_dut.vss__t6             3.69082e-11
xc.xlayout_dut.doutb__t4                   3.3
xc.xlayout_dut.dout__t4            3.57433e-09
xc.xlayout_dut.vss__t21            1.48811e-15
xc.xlayout_dut.vss__t7             3.88173e-11
xc.xlayout_dut.qn__t4                      3.3
xc.xlayout_dut.qp__t0                      3.3
xc.xlayout_dut.mn__t0                      3.3
xc.xlayout_dut.vss__t9             4.33209e-11
xc.xlayout_dut.mn__t1                      3.3
xc.xlayout_dut.aop__t2                 1.87689
xc.xlayout_dut.ltail__t0               1.37663
xc.xlayout_dut.vss__t11            2.79677e-11
xc.xlayout_dut.atail__t0              0.712438
xc.xlayout_dut.ibias__t2               0.92481
xc.xlayout_dut.vss__t19            0.000500019
xc.xlayout_dut.vss__t13            1.74691e-11
xc.xlayout_dut.qp__t1                      3.3
xc.xlayout_dut.qn__t5                      3.3
xc.xlayout_dut.mp__t2                      3.3
xc.xlayout_dut.vss__t10            4.33989e-11
xc.xlayout_dut.ltail__t1               1.37663
xc.xlayout_dut.clk__t2                       0
xc.xlayout_dut.vss__t18            4.88687e-15
xc.xlayout_dut.vss__t14            7.43482e-12
xc.xlayout_dut.mp__t1                      3.3
xc.xlayout_dut.aon__t0                  2.0103
xc.xlayout_dut.ltail__t2               1.37663
xc.xlayout_dut.vss__t12            2.82509e-11
xc.xlayout_dut.aon__t1                 2.00951
xc.xlayout_dut.vinp__t0                1.64694
xc.xlayout_dut.atail__t1              0.713043
xc.xlayout_dut.vss__t15            1.16709e-10
xc.xlayout_dut.aop__t1                 1.87557
xc.xlayout_dut.vinn__t0                1.65306
xc.xlayout_dut.atail__t2              0.713303
xc.xlayout_dut.vss__t16             6.7339e-11
xc.xlayout_dut.mn__t2                      3.3
xc.xlayout_dut.clk__t0                       0
xc.xlayout_dut.vdd__t0                     3.3
xc.xlayout_dut.vdd__t1                     3.3
xc.xlayout_dut.qn__t1                      3.3
xc.xlayout_dut.clk__t1                       0
xc.xlayout_dut.vdd__t2                     3.3
xc.xlayout_dut.vdd__t3                     3.3
xc.xlayout_dut.sp__t0              3.43568e-09
xc.xlayout_dut.qp__t2                      3.3
xc.xlayout_dut.vdd__t4                     3.3
xc.xlayout_dut.vdd__t5                     3.3
xc.xlayout_dut.mp__t0                      3.3
xc.xlayout_dut.clk__t4                       0
xc.xlayout_dut.vdd__t21                    3.3
xc.xlayout_dut.vdd__t20                    3.3
xc.xlayout_dut.qn__t0                      3.3
xc.xlayout_dut.qp__t3                      3.3
xc.xlayout_dut.vdd__t6                     3.3
xc.xlayout_dut.vdd__t7                     3.3
xc.xlayout_dut.qp__t4                      3.3
xc.xlayout_dut.clk__t3                       0
xc.xlayout_dut.vdd__t19                    3.3
xc.xlayout_dut.vdd__t18                    3.3
xc.xlayout_dut.na__t1                      3.3
xc.xlayout_dut.sp__t1               3.2722e-09
xc.xlayout_dut.vdd__t23                    3.3
xc.xlayout_dut.vdd__t8                     3.3
xc.xlayout_dut.dout__t0            3.68886e-09
xc.xlayout_dut.doutb__t2                   3.3
xc.xlayout_dut.na__t0                      3.3
xc.xlayout_dut.vdd__t13                    3.3
xc.xlayout_dut.sn__t0              3.48847e-09
xc.xlayout_dut.qn__t3                      3.3
xc.xlayout_dut.vdd__t17                    3.3
xc.xlayout_dut.vdd__t16                    3.3
xc.xlayout_dut.qp__t5                      3.3
xc.xlayout_dut.qn__t2                      3.3
xc.xlayout_dut.vdd__t15                    3.3
xc.xlayout_dut.vdd__t14                    3.3
xc.xlayout_dut.nb__t1                      3.3
xc.xlayout_dut.sn__t1              3.31069e-09
xc.xlayout_dut.vdd__t22                    3.3
xc.xlayout_dut.vdd__t12                    3.3
xc.xlayout_dut.doutb__t3                   3.3
xc.xlayout_dut.dout__t1            3.57433e-09
xc.xlayout_dut.nb__t0                      3.3
xc.xlayout_dut.vdd__t11                    3.3
xc.xlayout_dut.aon__t2                 2.01061
xc.xlayout_dut.x$28.11                 2.01206
xc.xlayout_dut.vss__t0                       0
xc.xlayout_dut.x$28.21                 3.29731
xc.xlayout_dut.vdd__t10                3.29876
xc.xlayout_dut.aop__t0                 1.87727
xc.xlayout_dut.x$29.11                 1.87886
xc.xlayout_dut.vss__t1                       0
xc.xlayout_dut.x$29.21                 3.29786
xc.xlayout_dut.vdd__t9                 3.29946
xc.xlayout_dut.aon                      2.0103
xc.xlayout_dut.aop                     1.87689
xc.xlayout_dut.atail                  0.712941
doutc                              3.57433e-09
doutbc                                     3.3
xc.xlayout_dut.ltail                   1.37663
xc.xlayout_dut.mn                          3.3
xc.xlayout_dut.mp                          3.3
xc.xlayout_dut.na                          3.3
xc.xlayout_dut.nb                          3.3
xc.xlayout_dut.qn                          3.3
xc.xlayout_dut.qp                          3.3
xc.xlayout_dut.sn                  3.31069e-09
xc.xlayout_dut.sp                   3.2722e-09
clkn                                         0
dan                                1.08313e-09
dbn                                1.08313e-09
dcn                                1.08313e-09
bdcn#branch                                  0
bdbn#branch                                  0
bdan#branch                                  0
bclkn#branch                                 0
eanc#branch                       -1.58768e-19
eapc#branch                       -1.19547e-19
eanb#branch                        5.83391e-19
eapb#branch                        9.30209e-19
eana#branch                        4.13369e-19
eapa#branch                        1.10023e-18
vsc#branch                                   0
vsb#branch                                   0
vsa#branch                                   0
vcm#branch                         2.74889e-18
vclk#branch                                  0
vsupa#branch                       -3.0408e-05
vsup#branch                        -6.0813e-05

 Reference value :  1.04140e-09
 Reference value :  4.02640e-09
 Reference value :  6.90640e-09
 Reference value :  9.68140e-09
 Reference value :  1.22012e-08
 Reference value :  1.49962e-08
 Reference value :  1.78212e-08
 Reference value :  2.06527e-08
 Reference value :  2.35825e-08
 Reference value :  2.64025e-08
 Reference value :  2.93425e-08
 Reference value :  3.24825e-08
 Reference value :  3.52125e-08
 Reference value :  3.80775e-08
 Reference value :  4.07208e-08
 Reference value :  4.41308e-08
 Reference value :  4.69058e-08
 Reference value :  4.98858e-08
 Reference value :  5.26477e-08
 Reference value :  5.55527e-08
 Reference value :  5.83627e-08
No. of Data Rows : 12046
vsup_v              =  3.30000e+00
td_a                =  9.54816e-10 targ=  4.10048e-08 trig=  4.00500e-08
td_b                =  1.20310e-09 targ=  4.12531e-08 trig=  4.00500e-08
td_c                =  1.39288e-09 targ=  4.14429e-08 trig=  4.00500e-08
da_first            =  7.20716e-06
db_first            =  7.20910e-06
dc_first            =  7.21184e-06
da_end              =  9.99970e-01
db_end              =  9.99970e-01
dc_end              =  9.99970e-01
i_stat              =  -2.94308e-05 from=  2.50000e-08 to=  2.90025e-08
q_dec               =  -7.83365e-13 from=  3.99000e-08 to=  4.80000e-08
m_td_od50_ns = 9.5481590000e-01
m_td_od1_ns = 1.2031020000e+00
m_td_od01_ns = 1.3928850000e+00
m_tau_ps = 8.2421709659e+01
m_resolve_decades = 1.4596906628e+01
m_dout_od50_end = 9.9997020000e-01
m_dout_od1_end = 9.9997020000e-01
m_dout_od01_end = 9.9997020000e-01
m_dout_od50_first = 7.2071560000e-06
m_dout_od1_first = 7.2091010000e-06
m_dout_od01_first = 7.2118410000e-06
m_i_static_ua = 2.9430830000e+01
m_e_dec_fj = 1.7984180841e+03
Note: Simulation executed from .control section 

Warning: m=xx on .subckt line will override multiplier m hierarchy!

