
Note: Compatibility modes selected: hs a


Circuit: * comparator-regeneration-vosprobe @ fs_-40c_3.63v -- generated by sim/harness, do not edit

Doing analysis at TEMP = -40.000000 and TNOM = 27.000000

Using SPARSE 1.3 as Direct Linear Solver

Initial Transient Solution
--------------------------

Node                                   Voltage
----                                   -------
vdd                                       3.63
cm                                        1.65
clk                                          0
rmp                                      -0.04
vp                                        1.63
vn                                        1.67
ibn                                    0.92481
xdut.xlayout_dut.sp__t2             3.7993e-09
xdut.xlayout_dut.qp__t6                   3.63
xdut.xlayout_dut.vss__t17          4.10762e-11
xdut.xlayout_dut.vss__t2           3.63485e-20
xdut.xlayout_dut.dout__t3          4.64074e-09
xdut.xlayout_dut.sp__t3             3.8909e-09
xdut.xlayout_dut.vss__t25          1.34227e-22
xdut.xlayout_dut.vss__t3           5.19639e-20
xdut.xlayout_dut.dout__t2          4.43182e-09
xdut.xlayout_dut.doutb__t0                3.63
xdut.xlayout_dut.vss__t24          5.94529e-11
xdut.xlayout_dut.vss__t4           5.28848e-20
xdut.xlayout_dut.ibias__t0            0.923532
xdut.xlayout_dut.ibias__t1             0.92481
xdut.xlayout_dut.vss__t20          0.000254896
xdut.xlayout_dut.vss__t8           2.35469e-11
xdut.xlayout_dut.sn__t2            3.79923e-09
xdut.xlayout_dut.qn__t6                   3.63
xdut.xlayout_dut.vss__t23          4.09997e-11
xdut.xlayout_dut.vss__t5           3.62794e-20
xdut.xlayout_dut.doutb__t1                3.63
xdut.xlayout_dut.sn__t3            3.93815e-09
xdut.xlayout_dut.vss__t22          1.50607e-15
xdut.xlayout_dut.vss__t6           4.06477e-11
xdut.xlayout_dut.doutb__t4                3.63
xdut.xlayout_dut.dout__t4          4.64074e-09
xdut.xlayout_dut.vss__t21          1.58397e-15
xdut.xlayout_dut.vss__t7           4.27502e-11
xdut.xlayout_dut.qn__t4                   3.63
xdut.xlayout_dut.qp__t0                   3.63
xdut.xlayout_dut.mn__t0                   3.63
xdut.xlayout_dut.vss__t9            4.7653e-11
xdut.xlayout_dut.mn__t1                   3.63
xdut.xlayout_dut.aop__t2               1.82807
xdut.xlayout_dut.ltail__t0             1.96139
xdut.xlayout_dut.vss__t11          3.34383e-11
xdut.xlayout_dut.atail__t0            0.714666
xdut.xlayout_dut.ibias__t2             0.92481
xdut.xlayout_dut.vss__t19          0.000500033
xdut.xlayout_dut.vss__t13          1.75237e-11
xdut.xlayout_dut.qp__t1                   3.63
xdut.xlayout_dut.qn__t5                   3.63
xdut.xlayout_dut.mp__t2                   3.63
xdut.xlayout_dut.vss__t10          4.77387e-11
xdut.xlayout_dut.ltail__t1             1.96139
xdut.xlayout_dut.clk__t2                     0
xdut.xlayout_dut.vss__t18          5.46061e-15
xdut.xlayout_dut.vss__t14          1.05929e-11
xdut.xlayout_dut.mp__t1                   3.63
xdut.xlayout_dut.aon__t0               2.71894
xdut.xlayout_dut.ltail__t2             1.96139
xdut.xlayout_dut.vss__t12          3.37741e-11
xdut.xlayout_dut.aon__t1               2.71839
xdut.xlayout_dut.vinp__t0                 1.63
xdut.xlayout_dut.atail__t1            0.715241
xdut.xlayout_dut.vss__t15          5.57454e-08
xdut.xlayout_dut.aop__t1                1.8264
xdut.xlayout_dut.vinn__t0                 1.67
xdut.xlayout_dut.atail__t2            0.715627
xdut.xlayout_dut.vss__t16          6.30094e-11
xdut.xlayout_dut.mn__t2                   3.63
xdut.xlayout_dut.clk__t0                     0
xdut.xlayout_dut.vdd__t0                  3.63
xdut.xlayout_dut.vdd__t1                  3.63
xdut.xlayout_dut.qn__t1                   3.63
xdut.xlayout_dut.clk__t1                     0
xdut.xlayout_dut.vdd__t2                  3.63
xdut.xlayout_dut.vdd__t3                  3.63
xdut.xlayout_dut.sp__t0             4.0916e-09
xdut.xlayout_dut.qp__t2                   3.63
xdut.xlayout_dut.vdd__t4                  3.63
xdut.xlayout_dut.vdd__t5                  3.63
xdut.xlayout_dut.mp__t0                   3.63
xdut.xlayout_dut.clk__t4                     0
xdut.xlayout_dut.vdd__t21                 3.63
xdut.xlayout_dut.vdd__t20                 3.63
xdut.xlayout_dut.qn__t0                   3.63
xdut.xlayout_dut.qp__t3                   3.63
xdut.xlayout_dut.vdd__t6                  3.63
xdut.xlayout_dut.vdd__t7                  3.63
xdut.xlayout_dut.qp__t4                   3.63
xdut.xlayout_dut.clk__t3                     0
xdut.xlayout_dut.vdd__t19                 3.63
xdut.xlayout_dut.vdd__t18                 3.63
xdut.xlayout_dut.na__t1                   3.63
xdut.xlayout_dut.sp__t1             3.8909e-09
xdut.xlayout_dut.vdd__t23                 3.63
xdut.xlayout_dut.vdd__t8                  3.63
xdut.xlayout_dut.dout__t0          4.79415e-09
xdut.xlayout_dut.doutb__t2                3.63
xdut.xlayout_dut.na__t0                   3.63
xdut.xlayout_dut.vdd__t13                 3.63
xdut.xlayout_dut.sn__t0            4.15641e-09
xdut.xlayout_dut.qn__t3                   3.63
xdut.xlayout_dut.vdd__t17                 3.63
xdut.xlayout_dut.vdd__t16                 3.63
xdut.xlayout_dut.qp__t5                   3.63
xdut.xlayout_dut.qn__t2                   3.63
xdut.xlayout_dut.vdd__t15                 3.63
xdut.xlayout_dut.vdd__t14                 3.63
xdut.xlayout_dut.nb__t1                   3.63
xdut.xlayout_dut.sn__t1            3.93815e-09
xdut.xlayout_dut.vdd__t22                 3.63
xdut.xlayout_dut.vdd__t12                 3.63
xdut.xlayout_dut.doutb__t3                3.63
xdut.xlayout_dut.dout__t1          4.64074e-09
xdut.xlayout_dut.nb__t0                   3.63
xdut.xlayout_dut.vdd__t11                 3.63
xdut.xlayout_dut.aon__t2               2.71917
xdut.xlayout_dut.x$28.11               2.72019
xdut.xlayout_dut.vss__t0                     0
xdut.xlayout_dut.x$28.21                3.6281
xdut.xlayout_dut.vdd__t10              3.62912
xdut.xlayout_dut.aop__t0               1.82855
xdut.xlayout_dut.x$29.11               1.83057
xdut.xlayout_dut.vss__t1                     0
xdut.xlayout_dut.x$29.21               3.62729
xdut.xlayout_dut.vdd__t9               3.62931
xdut.xlayout_dut.aon                   2.71894
vsubs                                        0
xdut.xlayout_dut.aop                   1.82807
xdut.xlayout_dut.atail                0.715168
dout                               4.64074e-09
doutb                                     3.63
xdut.xlayout_dut.ltail                 1.96139
xdut.xlayout_dut.mn                       3.63
xdut.xlayout_dut.mp                       3.63
xdut.xlayout_dut.na                       3.63
xdut.xlayout_dut.nb                       3.63
xdut.xlayout_dut.qn                       3.63
xdut.xlayout_dut.qp                       3.63
xdut.xlayout_dut.sn                3.93815e-09
xdut.xlayout_dut.sp                 3.8909e-09
dn                                 1.27844e-09
bdn#branch                                   0
bnn#branch                         1.17161e-18
bpp#branch                          3.4199e-19
vrmp#branch                                  0
vclk#branch                                  0
vcm#branch                                   0
vsup#branch                       -3.04094e-05

 Reference value :  1.40195e-07
 Reference value :  4.00416e-07
 Reference value :  6.70339e-07
 Reference value :  9.40799e-07
 Reference value :  1.21012e-06
 Reference value :  1.46151e-06
 Reference value :  1.75003e-06
 Reference value :  2.00016e-06
 Reference value :  2.27014e-06
 Reference value :  2.51071e-06
 Reference value :  2.79179e-06
 Reference value :  3.04143e-06
 Reference value :  3.31075e-06
 Reference value :  3.58010e-06
 Reference value :  3.85011e-06
 Reference value :  4.10021e-06
 Reference value :  4.36042e-06
 Reference value :  4.61097e-06
 Reference value :  4.88014e-06
 Reference value :  5.14004e-06
 Reference value :  5.41006e-06
 Reference value :  5.66013e-06
 Reference value :  5.92010e-06
 Reference value :  6.17072e-06
 Reference value :  6.44058e-06
 Reference value :  6.71091e-06
 Reference value :  6.98827e-06
 Reference value :  7.25074e-06
 Reference value :  7.51005e-06
 Reference value :  7.78035e-06
 Reference value :  8.03074e-06
 Reference value :  8.29017e-06
 Reference value :  8.56010e-06
 Reference value :  8.87049e-06
 Reference value :  9.16334e-06
 Reference value :  9.43102e-06
 Reference value :  9.70056e-06
 Reference value :  9.95059e-06
 Reference value :  1.02202e-05
 Reference value :  1.05101e-05
 Reference value :  1.07608e-05
 Reference value :  1.10341e-05
 Reference value :  1.13001e-05
 Reference value :  1.15603e-05
 Reference value :  1.18301e-05
 Reference value :  1.21001e-05
 Reference value :  1.23502e-05
 Reference value :  1.26102e-05
 Reference value :  1.28902e-05
 Reference value :  1.31602e-05
 Reference value :  1.34205e-05
 Reference value :  1.37002e-05
 Reference value :  1.39702e-05
 Reference value :  1.42527e-05
 Reference value :  1.45078e-05
 Reference value :  1.47506e-05
 Reference value :  1.50101e-05
 Reference value :  1.52602e-05
 Reference value :  1.55233e-05
 Reference value :  1.57707e-05
 Reference value :  1.60404e-05
 Reference value :  1.63106e-05
 Reference value :  1.65511e-05
 Reference value :  1.68203e-05
 Reference value :  1.70803e-05
 Reference value :  1.73602e-05
 Reference value :  1.76201e-05
 Reference value :  1.78704e-05
 Reference value :  1.81402e-05
 Reference value :  1.84001e-05
 Reference value :  1.86705e-05
 Reference value :  1.89822e-05
 Reference value :  1.94203e-05
 Reference value :  1.97002e-05
 Reference value :  1.99604e-05
 Reference value :  2.02005e-05
 Reference value :  2.04505e-05
 Reference value :  2.07202e-05
 Reference value :  2.09809e-05
 Reference value :  2.12602e-05
 Reference value :  2.15214e-05
 Reference value :  2.17703e-05
 Reference value :  2.20300e-05
 Reference value :  2.22703e-05
 Reference value :  2.25400e-05
 Reference value :  2.27808e-05
 Reference value :  2.30500e-05
 Reference value :  2.33012e-05
 Reference value :  2.35706e-05
 Reference value :  2.38402e-05
 Reference value :  2.41102e-05
 Reference value :  2.43801e-05
 Reference value :  2.46502e-05
 Reference value :  2.49100e-05
 Reference value :  2.51507e-05
 Reference value :  2.54003e-05
 Reference value :  2.56706e-05
 Reference value :  2.59402e-05
 Reference value :  2.62004e-05
 Reference value :  2.64701e-05
 Reference value :  2.67203e-05
 Reference value :  2.69800e-05
 Reference value :  2.72302e-05
 Reference value :  2.74902e-05
 Reference value :  2.77605e-05
 Reference value :  2.80105e-05
 Reference value :  2.83301e-05
 Reference value :  2.86001e-05
 Reference value :  2.88700e-05
 Reference value :  2.91405e-05
 Reference value :  2.94401e-05
 Reference value :  2.96907e-05
 Reference value :  2.99603e-05
 Reference value :  3.02202e-05
 Reference value :  3.04702e-05
 Reference value :  3.07301e-05
 Reference value :  3.09808e-05
 Reference value :  3.12104e-05
 Reference value :  3.14800e-05
 Reference value :  3.17304e-05
 Reference value :  3.19706e-05
 Reference value :  3.22101e-05
 Reference value :  3.24701e-05
 Reference value :  3.27206e-05
 Reference value :  3.29619e-05
 Reference value :  3.32302e-05
 Reference value :  3.34905e-05
 Reference value :  3.37416e-05
 Reference value :  3.40108e-05
 Reference value :  3.42805e-05
 Reference value :  3.45502e-05
 Reference value :  3.48101e-05
 Reference value :  3.50605e-05
 Reference value :  3.53203e-05
 Reference value :  3.55905e-05
 Reference value :  3.58702e-05
 Reference value :  3.61402e-05
 Reference value :  3.64001e-05
 Reference value :  3.66502e-05
 Reference value :  3.69102e-05
 Reference value :  3.71509e-05
 Reference value :  3.74205e-05
 Reference value :  3.76901e-05
 Reference value :  3.79410e-05
 Reference value :  3.82101e-05
 Reference value :  3.84702e-05
 Reference value :  3.87201e-05
 Reference value :  3.89806e-05
 Reference value :  3.92501e-05
 Reference value :  3.95609e-05
 Reference value :  3.98302e-05
 Reference value :  4.01002e-05
 Reference value :  4.03601e-05
 Reference value :  4.06102e-05
 Reference value :  4.08705e-05
 Reference value :  4.11502e-05
 Reference value :  4.14202e-05
 Reference value :  4.16906e-05
 Reference value :  4.19501e-05
 Reference value :  4.22002e-05
 Reference value :  4.24906e-05
 Reference value :  4.27411e-05
 Reference value :  4.30254e-05
 Reference value :  4.32810e-05
 Reference value :  4.35701e-05
 Reference value :  4.38400e-05
 Reference value :  4.41101e-05
 Reference value :  4.43805e-05
 Reference value :  4.46601e-05
 Reference value :  4.49311e-05
 Reference value :  4.52200e-05
 Reference value :  4.54904e-05
 Reference value :  4.57600e-05
 Reference value :  4.60300e-05
 Reference value :  4.63025e-05
 Reference value :  4.65802e-05
 Reference value :  4.68403e-05
 Reference value :  4.71201e-05
 Reference value :  4.73901e-05
 Reference value :  4.76610e-05
 Reference value :  4.79565e-05
 Reference value :  4.82310e-05
 Reference value :  4.85087e-05
 Reference value :  4.87606e-05
 Reference value :  4.90402e-05
 Reference value :  4.93402e-05
 Reference value :  4.96007e-05
 Reference value :  4.98802e-05
 Reference value :  5.01701e-05
 Reference value :  5.04802e-05
 Reference value :  5.07504e-05
 Reference value :  5.10401e-05
 Reference value :  5.12925e-05
 Reference value :  5.15605e-05
 Reference value :  5.18500e-05
 Reference value :  5.21305e-05
 Reference value :  5.24009e-05
 Reference value :  5.27007e-05
 Reference value :  5.29710e-05
 Reference value :  5.32307e-05
 Reference value :  5.34815e-05
 Reference value :  5.37522e-05
 Reference value :  5.40206e-05
 Reference value :  5.42613e-05
 Reference value :  5.45200e-05
 Reference value :  5.47908e-05
 Reference value :  5.50601e-05
 Reference value :  5.53301e-05
 Reference value :  5.56002e-05
 Reference value :  5.58802e-05
 Reference value :  5.61404e-05
 Reference value :  5.63908e-05
 Reference value :  5.66803e-05
 Reference value :  5.69307e-05
 Reference value :  5.71904e-05
 Reference value :  5.74624e-05
 Reference value :  5.77301e-05
 Reference value :  5.79706e-05
 Reference value :  5.82208e-05
 Reference value :  5.84902e-05
 Reference value :  5.87501e-05
 Reference value :  5.90007e-05
 Reference value :  5.92901e-05
 Reference value :  5.95600e-05
 Reference value :  5.98301e-05
 Reference value :  6.00809e-05
 Reference value :  6.03703e-05
 Reference value :  6.06206e-05
 Reference value :  6.09101e-05
 Reference value :  6.11800e-05
 Reference value :  6.14801e-05
 Reference value :  6.17800e-05
 Reference value :  6.20500e-05
 Reference value :  6.23200e-05
 Reference value :  6.25702e-05
 Reference value :  6.28302e-05
 Reference value :  6.31303e-05
 Reference value :  6.34302e-05
 Reference value :  6.37302e-05
 Reference value :  6.40014e-05
 Reference value :  6.42706e-05
 Reference value :  6.45408e-05
 Reference value :  6.48101e-05
 Reference value :  6.50902e-05
 Reference value :  6.53602e-05
 Reference value :  6.56201e-05
 Reference value :  6.58904e-05
 Reference value :  6.61601e-05
 Reference value :  6.64300e-05
 Reference value :  6.66819e-05
 Reference value :  6.69705e-05
 Reference value :  6.72401e-05
 Reference value :  6.74910e-05
 Reference value :  6.77506e-05
 Reference value :  6.80009e-05
 Reference value :  6.82702e-05
 Reference value :  6.85601e-05
 Reference value :  6.88106e-05
 Reference value :  6.90909e-05
 Reference value :  6.93508e-05
 Reference value :  6.96208e-05
 Reference value :  6.98901e-05
 Reference value :  7.01602e-05
 Reference value :  7.04501e-05
 Reference value :  7.07201e-05
 Reference value :  7.09900e-05
 Reference value :  7.12701e-05
 Reference value :  7.15407e-05
 Reference value :  7.18017e-05
 Reference value :  7.20707e-05
 Reference value :  7.23401e-05
 Reference value :  7.26701e-05
 Reference value :  7.29405e-05
 Reference value :  7.32104e-05
 Reference value :  7.34809e-05
 Reference value :  7.37602e-05
 Reference value :  7.40501e-05
 Reference value :  7.43902e-05
 Reference value :  7.47202e-05
 Reference value :  7.50506e-05
 Reference value :  7.53405e-05
 Reference value :  7.55909e-05
 Reference value :  7.58502e-05
 Reference value :  7.61007e-05
 Reference value :  7.63708e-05
 Reference value :  7.66356e-05
 Reference value :  7.68802e-05
 Reference value :  7.71502e-05
 Reference value :  7.73908e-05
 Reference value :  7.76502e-05
 Reference value :  7.79200e-05
 Reference value :  7.82001e-05
 Reference value :  7.84421e-05
 Reference value :  7.87157e-05
 Reference value :  7.89809e-05
 Reference value :  7.92401e-05
 Reference value :  7.94907e-05
 Reference value :  7.97609e-05
No. of Data Rows : 294587
t_flip              =  3.20514e-05
vos_v               =  -7.94857e-03
m_dut_vos = -7.948570000e-03
Note: Simulation executed from .control section 

Warning: m=xx on .subckt line will override multiplier m hierarchy!

