
Note: Compatibility modes selected: hs a


Circuit: * comparator-regeneration @ fs_-40c_2.97v -- generated by sim/harness, do not edit

Doing analysis at TEMP = -40.000000 and TNOM = 27.000000

Using SPARSE 1.3 as Direct Linear Solver

Initial Transient Solution
--------------------------

Node                                   Voltage
----                                   -------
vdd                                       2.97
vdda                                      2.97
clk                                          0
cm                                        1.65
sa                                  -0.0541982
apa                                     1.6229
ana                                     1.6771
ibna                                   0.92481
xa.xlayout_dut.sp__t2              2.87044e-09
xa.xlayout_dut.qp__t6                     2.97
xa.xlayout_dut.vss__t17            2.87117e-11
xa.xlayout_dut.vss__t2               2.744e-20
xa.xlayout_dut.dout__t3            3.06524e-09
xa.xlayout_dut.sp__t3              2.93447e-09
xa.xlayout_dut.vss__t25             8.8658e-23
xa.xlayout_dut.vss__t3             3.43225e-20
xa.xlayout_dut.dout__t2            2.93712e-09
xa.xlayout_dut.doutb__t0                  2.97
xa.xlayout_dut.vss__t24            3.64603e-11
xa.xlayout_dut.vss__t4             3.50139e-20
xa.xlayout_dut.ibias__t0              0.923532
xa.xlayout_dut.ibias__t1               0.92481
xa.xlayout_dut.vss__t20            0.000254896
xa.xlayout_dut.vss__t8             2.35469e-11
xa.xlayout_dut.sn__t2              2.87039e-09
xa.xlayout_dut.qn__t6                     2.97
xa.xlayout_dut.vss__t23            2.86582e-11
xa.xlayout_dut.vss__t5             2.73879e-20
xa.xlayout_dut.doutb__t1                  2.97
xa.xlayout_dut.sn__t3               2.9675e-09
xa.xlayout_dut.vss__t22            1.33486e-15
xa.xlayout_dut.vss__t6             3.32122e-11
xa.xlayout_dut.doutb__t4                  2.97
xa.xlayout_dut.dout__t4            3.06524e-09
xa.xlayout_dut.vss__t21            1.40391e-15
xa.xlayout_dut.vss__t7             3.49301e-11
xa.xlayout_dut.qn__t4                     2.97
xa.xlayout_dut.qp__t0                     2.97
xa.xlayout_dut.mn__t0                     2.97
xa.xlayout_dut.vss__t9             3.89888e-11
xa.xlayout_dut.mn__t1                     2.97
xa.xlayout_dut.aop__t2                 1.02361
xa.xlayout_dut.ltail__t0               1.53277
xa.xlayout_dut.vss__t11             2.6928e-11
xa.xlayout_dut.atail__t0              0.715292
xa.xlayout_dut.ibias__t2               0.92481
xa.xlayout_dut.vss__t19            0.000500036
xa.xlayout_dut.vss__t13             1.7539e-11
xa.xlayout_dut.qp__t1                     2.97
xa.xlayout_dut.qn__t5                     2.97
xa.xlayout_dut.mp__t2                     2.97
xa.xlayout_dut.vss__t10             3.9059e-11
xa.xlayout_dut.ltail__t1               1.53277
xa.xlayout_dut.clk__t2                       0
xa.xlayout_dut.vss__t18            5.03816e-15
xa.xlayout_dut.vss__t14            8.27808e-12
xa.xlayout_dut.mp__t1                     2.97
xa.xlayout_dut.aon__t0                 2.20378
xa.xlayout_dut.ltail__t2               1.53277
xa.xlayout_dut.vss__t12             2.7198e-11
xa.xlayout_dut.aon__t1                 2.20331
xa.xlayout_dut.vinp__t0                 1.6229
xa.xlayout_dut.atail__t1              0.715855
xa.xlayout_dut.vss__t15            5.90554e-10
xa.xlayout_dut.aop__t1                  1.0218
xa.xlayout_dut.vinn__t0                 1.6771
xa.xlayout_dut.atail__t2               0.71629
xa.xlayout_dut.vss__t16            4.18851e-11
xa.xlayout_dut.mn__t2                     2.97
xa.xlayout_dut.clk__t0                       0
xa.xlayout_dut.vdd__t0                    2.97
xa.xlayout_dut.vdd__t1                    2.97
xa.xlayout_dut.qn__t1                     2.97
xa.xlayout_dut.clk__t1                       0
xa.xlayout_dut.vdd__t2                    2.97
xa.xlayout_dut.vdd__t3                    2.97
xa.xlayout_dut.sp__t0              3.07475e-09
xa.xlayout_dut.qp__t2                     2.97
xa.xlayout_dut.vdd__t4                    2.97
xa.xlayout_dut.vdd__t5                    2.97
xa.xlayout_dut.mp__t0                     2.97
xa.xlayout_dut.clk__t4                       0
xa.xlayout_dut.vdd__t21                   2.97
xa.xlayout_dut.vdd__t20                   2.97
xa.xlayout_dut.qn__t0                     2.97
xa.xlayout_dut.qp__t3                     2.97
xa.xlayout_dut.vdd__t6                    2.97
xa.xlayout_dut.vdd__t7                    2.97
xa.xlayout_dut.qp__t4                     2.97
xa.xlayout_dut.clk__t3                       0
xa.xlayout_dut.vdd__t19                   2.97
xa.xlayout_dut.vdd__t18                   2.97
xa.xlayout_dut.na__t1                     2.97
xa.xlayout_dut.sp__t1              2.93447e-09
xa.xlayout_dut.vdd__t23                   2.97
xa.xlayout_dut.vdd__t8                    2.97
xa.xlayout_dut.dout__t0            3.15932e-09
xa.xlayout_dut.doutb__t2                  2.97
xa.xlayout_dut.na__t0                     2.97
xa.xlayout_dut.vdd__t13                   2.97
xa.xlayout_dut.sn__t0              3.12006e-09
xa.xlayout_dut.qn__t3                     2.97
xa.xlayout_dut.vdd__t17                   2.97
xa.xlayout_dut.vdd__t16                   2.97
xa.xlayout_dut.qp__t5                     2.97
xa.xlayout_dut.qn__t2                     2.97
xa.xlayout_dut.vdd__t15                   2.97
xa.xlayout_dut.vdd__t14                   2.97
xa.xlayout_dut.nb__t1                     2.97
xa.xlayout_dut.sn__t1               2.9675e-09
xa.xlayout_dut.vdd__t22                   2.97
xa.xlayout_dut.vdd__t12                   2.97
xa.xlayout_dut.doutb__t3                  2.97
xa.xlayout_dut.dout__t1            3.06524e-09
xa.xlayout_dut.nb__t0                     2.97
xa.xlayout_dut.vdd__t11                   2.97
xa.xlayout_dut.aon__t2                 2.20396
xa.xlayout_dut.x$28.11                 2.20482
xa.xlayout_dut.vss__t0                       0
xa.xlayout_dut.x$28.21                  2.9684
xa.xlayout_dut.vdd__t10                2.96926
xa.xlayout_dut.aop__t0                 1.02412
xa.xlayout_dut.x$29.11                 1.02631
xa.xlayout_dut.vss__t1                       0
xa.xlayout_dut.x$29.21                 2.96707
xa.xlayout_dut.vdd__t9                 2.96926
xa.xlayout_dut.aon                     2.20378
vsubs                                        0
xa.xlayout_dut.aop                     1.02361
xa.xlayout_dut.atail                  0.715795
douta                              3.06524e-09
doutba                                    2.97
xa.xlayout_dut.ltail                   1.53277
xa.xlayout_dut.mn                         2.97
xa.xlayout_dut.mp                         2.97
xa.xlayout_dut.na                         2.97
xa.xlayout_dut.nb                         2.97
xa.xlayout_dut.qn                         2.97
xa.xlayout_dut.qp                         2.97
xa.xlayout_dut.sn                   2.9675e-09
xa.xlayout_dut.sp                  2.93447e-09
sb                                 -0.00519819
apb                                     1.6474
anb                                     1.6526
ibnb                                   0.92481
xb.xlayout_dut.sp__t2              2.87044e-09
xb.xlayout_dut.qp__t6                     2.97
xb.xlayout_dut.vss__t17            2.87117e-11
xb.xlayout_dut.vss__t2               2.744e-20
xb.xlayout_dut.dout__t3            3.06524e-09
xb.xlayout_dut.sp__t3              2.93447e-09
xb.xlayout_dut.vss__t25             8.8658e-23
xb.xlayout_dut.vss__t3             3.43225e-20
xb.xlayout_dut.dout__t2            2.93712e-09
xb.xlayout_dut.doutb__t0                  2.97
xb.xlayout_dut.vss__t24            3.64603e-11
xb.xlayout_dut.vss__t4             3.50139e-20
xb.xlayout_dut.ibias__t0              0.923532
xb.xlayout_dut.ibias__t1               0.92481
xb.xlayout_dut.vss__t20            0.000254896
xb.xlayout_dut.vss__t8             2.35469e-11
xb.xlayout_dut.sn__t2              2.87039e-09
xb.xlayout_dut.qn__t6                     2.97
xb.xlayout_dut.vss__t23            2.86582e-11
xb.xlayout_dut.vss__t5             2.73879e-20
xb.xlayout_dut.doutb__t1                  2.97
xb.xlayout_dut.sn__t3               2.9675e-09
xb.xlayout_dut.vss__t22            1.33486e-15
xb.xlayout_dut.vss__t6             3.32122e-11
xb.xlayout_dut.doutb__t4                  2.97
xb.xlayout_dut.dout__t4            3.06524e-09
xb.xlayout_dut.vss__t21            1.40391e-15
xb.xlayout_dut.vss__t7             3.49301e-11
xb.xlayout_dut.qn__t4                     2.97
xb.xlayout_dut.qp__t0                     2.97
xb.xlayout_dut.mn__t0                     2.97
xb.xlayout_dut.vss__t9             3.89888e-11
xb.xlayout_dut.mn__t1                     2.97
xb.xlayout_dut.aop__t2                 1.55768
xb.xlayout_dut.ltail__t0               1.10185
xb.xlayout_dut.vss__t11             2.4351e-11
xb.xlayout_dut.atail__t0              0.711996
xb.xlayout_dut.ibias__t2               0.92481
xb.xlayout_dut.vss__t19            0.000500017
xb.xlayout_dut.vss__t13            1.74583e-11
xb.xlayout_dut.qp__t1                     2.97
xb.xlayout_dut.qn__t5                     2.97
xb.xlayout_dut.mp__t2                     2.97
xb.xlayout_dut.vss__t10             3.9059e-11
xb.xlayout_dut.ltail__t1               1.10185
xb.xlayout_dut.clk__t2                       0
xb.xlayout_dut.vss__t18            4.62322e-15
xb.xlayout_dut.vss__t14             5.9508e-12
xb.xlayout_dut.mp__t1                     2.97
xb.xlayout_dut.aon__t0                 1.66952
xb.xlayout_dut.ltail__t2               1.10185
xb.xlayout_dut.vss__t12            2.45966e-11
xb.xlayout_dut.aon__t1                 1.66873
xb.xlayout_dut.vinp__t0                 1.6474
xb.xlayout_dut.atail__t1              0.712602
xb.xlayout_dut.vss__t15            5.63634e-11
xb.xlayout_dut.aop__t1                 1.55637
xb.xlayout_dut.vinn__t0                 1.6526
xb.xlayout_dut.atail__t2              0.712858
xb.xlayout_dut.vss__t16             5.4685e-11
xb.xlayout_dut.mn__t2                     2.97
xb.xlayout_dut.clk__t0                       0
xb.xlayout_dut.vdd__t0                    2.97
xb.xlayout_dut.vdd__t1                    2.97
xb.xlayout_dut.qn__t1                     2.97
xb.xlayout_dut.clk__t1                       0
xb.xlayout_dut.vdd__t2                    2.97
xb.xlayout_dut.vdd__t3                    2.97
xb.xlayout_dut.sp__t0              3.07475e-09
xb.xlayout_dut.qp__t2                     2.97
xb.xlayout_dut.vdd__t4                    2.97
xb.xlayout_dut.vdd__t5                    2.97
xb.xlayout_dut.mp__t0                     2.97
xb.xlayout_dut.clk__t4                       0
xb.xlayout_dut.vdd__t21                   2.97
xb.xlayout_dut.vdd__t20                   2.97
xb.xlayout_dut.qn__t0                     2.97
xb.xlayout_dut.qp__t3                     2.97
xb.xlayout_dut.vdd__t6                    2.97
xb.xlayout_dut.vdd__t7                    2.97
xb.xlayout_dut.qp__t4                     2.97
xb.xlayout_dut.clk__t3                       0
xb.xlayout_dut.vdd__t19                   2.97
xb.xlayout_dut.vdd__t18                   2.97
xb.xlayout_dut.na__t1                     2.97
xb.xlayout_dut.sp__t1              2.93447e-09
xb.xlayout_dut.vdd__t23                   2.97
xb.xlayout_dut.vdd__t8                    2.97
xb.xlayout_dut.dout__t0            3.15932e-09
xb.xlayout_dut.doutb__t2                  2.97
xb.xlayout_dut.na__t0                     2.97
xb.xlayout_dut.vdd__t13                   2.97
xb.xlayout_dut.sn__t0              3.12006e-09
xb.xlayout_dut.qn__t3                     2.97
xb.xlayout_dut.vdd__t17                   2.97
xb.xlayout_dut.vdd__t16                   2.97
xb.xlayout_dut.qp__t5                     2.97
xb.xlayout_dut.qn__t2                     2.97
xb.xlayout_dut.vdd__t15                   2.97
xb.xlayout_dut.vdd__t14                   2.97
xb.xlayout_dut.nb__t1                     2.97
xb.xlayout_dut.sn__t1               2.9675e-09
xb.xlayout_dut.vdd__t22                   2.97
xb.xlayout_dut.vdd__t12                   2.97
xb.xlayout_dut.doutb__t3                  2.97
xb.xlayout_dut.dout__t1            3.06524e-09
xb.xlayout_dut.nb__t0                     2.97
xb.xlayout_dut.vdd__t11                   2.97
xb.xlayout_dut.aon__t2                 1.66984
xb.xlayout_dut.x$28.11                  1.6713
xb.xlayout_dut.vss__t0                       0
xb.xlayout_dut.x$28.21                 2.96729
xb.xlayout_dut.vdd__t10                2.96875
xb.xlayout_dut.aop__t0                 1.55805
xb.xlayout_dut.x$29.11                 1.55963
xb.xlayout_dut.vss__t1                       0
xb.xlayout_dut.x$29.21                 2.96788
xb.xlayout_dut.vdd__t9                 2.96946
xb.xlayout_dut.aon                     1.66952
xb.xlayout_dut.aop                     1.55768
xb.xlayout_dut.atail                  0.712499
doutb                              3.06524e-09
doutbb                                    2.97
xb.xlayout_dut.ltail                   1.10185
xb.xlayout_dut.mn                         2.97
xb.xlayout_dut.mp                         2.97
xb.xlayout_dut.na                         2.97
xb.xlayout_dut.nb                         2.97
xb.xlayout_dut.qn                         2.97
xb.xlayout_dut.qp                         2.97
xb.xlayout_dut.sn                   2.9675e-09
xb.xlayout_dut.sp                  2.93447e-09
sc                                 -0.00429819
apc                                    1.64785
anc                                    1.65215
ibnc                                   0.92481
xc.xlayout_dut.sp__t2              2.87044e-09
xc.xlayout_dut.qp__t6                     2.97
xc.xlayout_dut.vss__t17            2.87117e-11
xc.xlayout_dut.vss__t2               2.744e-20
xc.xlayout_dut.dout__t3            3.06524e-09
xc.xlayout_dut.sp__t3              2.93447e-09
xc.xlayout_dut.vss__t25             8.8658e-23
xc.xlayout_dut.vss__t3             3.43225e-20
xc.xlayout_dut.dout__t2            2.93712e-09
xc.xlayout_dut.doutb__t0                  2.97
xc.xlayout_dut.vss__t24            3.64603e-11
xc.xlayout_dut.vss__t4             3.50139e-20
xc.xlayout_dut.ibias__t0              0.923532
xc.xlayout_dut.ibias__t1               0.92481
xc.xlayout_dut.vss__t20            0.000254896
xc.xlayout_dut.vss__t8             2.35469e-11
xc.xlayout_dut.sn__t2              2.87039e-09
xc.xlayout_dut.qn__t6                     2.97
xc.xlayout_dut.vss__t23            2.86582e-11
xc.xlayout_dut.vss__t5             2.73879e-20
xc.xlayout_dut.doutb__t1                  2.97
xc.xlayout_dut.sn__t3               2.9675e-09
xc.xlayout_dut.vss__t22            1.33486e-15
xc.xlayout_dut.vss__t6             3.32122e-11
xc.xlayout_dut.doutb__t4                  2.97
xc.xlayout_dut.dout__t4            3.06524e-09
xc.xlayout_dut.vss__t21            1.40391e-15
xc.xlayout_dut.vss__t7             3.49301e-11
xc.xlayout_dut.qn__t4                     2.97
xc.xlayout_dut.qp__t0                     2.97
xc.xlayout_dut.mn__t0                     2.97
xc.xlayout_dut.vss__t9             3.89888e-11
xc.xlayout_dut.mn__t1                     2.97
xc.xlayout_dut.aop__t2                 1.56803
xc.xlayout_dut.ltail__t0               1.09393
xc.xlayout_dut.vss__t11            2.43036e-11
xc.xlayout_dut.atail__t0              0.711988
xc.xlayout_dut.ibias__t2               0.92481
xc.xlayout_dut.vss__t19            0.000500016
xc.xlayout_dut.vss__t13            1.74581e-11
xc.xlayout_dut.qp__t1                     2.97
xc.xlayout_dut.qn__t5                     2.97
xc.xlayout_dut.mp__t2                     2.97
xc.xlayout_dut.vss__t10             3.9059e-11
xc.xlayout_dut.ltail__t1               1.09393
xc.xlayout_dut.clk__t2                       0
xc.xlayout_dut.vss__t18            4.61566e-15
xc.xlayout_dut.vss__t14            5.90804e-12
xc.xlayout_dut.mp__t1                     2.97
xc.xlayout_dut.aon__t0                 1.65917
xc.xlayout_dut.ltail__t2               1.09393
xc.xlayout_dut.vss__t12            2.45488e-11
xc.xlayout_dut.aon__t1                 1.65837
xc.xlayout_dut.vinp__t0                1.64785
xc.xlayout_dut.atail__t1              0.712594
xc.xlayout_dut.vss__t15            5.61104e-11
xc.xlayout_dut.aop__t1                 1.56672
xc.xlayout_dut.vinn__t0                1.65215
xc.xlayout_dut.atail__t2              0.712847
xc.xlayout_dut.vss__t16            5.49346e-11
xc.xlayout_dut.mn__t2                     2.97
xc.xlayout_dut.clk__t0                       0
xc.xlayout_dut.vdd__t0                    2.97
xc.xlayout_dut.vdd__t1                    2.97
xc.xlayout_dut.qn__t1                     2.97
xc.xlayout_dut.clk__t1                       0
xc.xlayout_dut.vdd__t2                    2.97
xc.xlayout_dut.vdd__t3                    2.97
xc.xlayout_dut.sp__t0              3.07475e-09
xc.xlayout_dut.qp__t2                     2.97
xc.xlayout_dut.vdd__t4                    2.97
xc.xlayout_dut.vdd__t5                    2.97
xc.xlayout_dut.mp__t0                     2.97
xc.xlayout_dut.clk__t4                       0
xc.xlayout_dut.vdd__t21                   2.97
xc.xlayout_dut.vdd__t20                   2.97
xc.xlayout_dut.qn__t0                     2.97
xc.xlayout_dut.qp__t3                     2.97
xc.xlayout_dut.vdd__t6                    2.97
xc.xlayout_dut.vdd__t7                    2.97
xc.xlayout_dut.qp__t4                     2.97
xc.xlayout_dut.clk__t3                       0
xc.xlayout_dut.vdd__t19                   2.97
xc.xlayout_dut.vdd__t18                   2.97
xc.xlayout_dut.na__t1                     2.97
xc.xlayout_dut.sp__t1              2.93447e-09
xc.xlayout_dut.vdd__t23                   2.97
xc.xlayout_dut.vdd__t8                    2.97
xc.xlayout_dut.dout__t0            3.15932e-09
xc.xlayout_dut.doutb__t2                  2.97
xc.xlayout_dut.na__t0                     2.97
xc.xlayout_dut.vdd__t13                   2.97
xc.xlayout_dut.sn__t0              3.12006e-09
xc.xlayout_dut.qn__t3                     2.97
xc.xlayout_dut.vdd__t17                   2.97
xc.xlayout_dut.vdd__t16                   2.97
xc.xlayout_dut.qp__t5                     2.97
xc.xlayout_dut.qn__t2                     2.97
xc.xlayout_dut.vdd__t15                   2.97
xc.xlayout_dut.vdd__t14                   2.97
xc.xlayout_dut.nb__t1                     2.97
xc.xlayout_dut.sn__t1               2.9675e-09
xc.xlayout_dut.vdd__t22                   2.97
xc.xlayout_dut.vdd__t12                   2.97
xc.xlayout_dut.doutb__t3                  2.97
xc.xlayout_dut.dout__t1            3.06524e-09
xc.xlayout_dut.nb__t0                     2.97
xc.xlayout_dut.vdd__t11                   2.97
xc.xlayout_dut.aon__t2                 1.65949
xc.xlayout_dut.x$28.11                 1.66096
xc.xlayout_dut.vss__t0                       0
xc.xlayout_dut.x$28.21                 2.96727
xc.xlayout_dut.vdd__t10                2.96874
xc.xlayout_dut.aop__t0                 1.56839
xc.xlayout_dut.x$29.11                 1.56997
xc.xlayout_dut.vss__t1                       0
xc.xlayout_dut.x$29.21                 2.96789
xc.xlayout_dut.vdd__t9                 2.96947
xc.xlayout_dut.aon                     1.65917
xc.xlayout_dut.aop                     1.56803
xc.xlayout_dut.atail                  0.712491
doutc                              3.06524e-09
doutbc                                    2.97
xc.xlayout_dut.ltail                   1.09393
xc.xlayout_dut.mn                         2.97
xc.xlayout_dut.mp                         2.97
xc.xlayout_dut.na                         2.97
xc.xlayout_dut.nb                         2.97
xc.xlayout_dut.qn                         2.97
xc.xlayout_dut.qp                         2.97
xc.xlayout_dut.sn                   2.9675e-09
xc.xlayout_dut.sp                  2.93447e-09
clkn                                         0
dan                                1.03207e-09
dbn                                1.03207e-09
dcn                                1.03207e-09
bdcn#branch                                  0
bdbn#branch                                  0
bdan#branch                                  0
bclkn#branch                                 0
eanc#branch                        -3.3084e-19
eapc#branch                        5.25253e-20
eanb#branch                        4.11319e-19
eapb#branch                        1.10228e-18
eana#branch                        2.41297e-19
eapa#branch                       -5.19612e-19
vsc#branch                                   0
vsb#branch                                   0
vsa#branch                                   0
vcm#branch                          9.5697e-19
vclk#branch                                  0
vsupa#branch                      -3.04072e-05
vsup#branch                       -6.08128e-05

 Reference value :  1.26640e-09
 Reference value :  3.99140e-09
 Reference value :  6.75640e-09
 Reference value :  9.54640e-09
 Reference value :  1.22465e-08
 Reference value :  1.49315e-08
 Reference value :  1.80765e-08
 Reference value :  2.07184e-08
 Reference value :  2.34025e-08
 Reference value :  2.62375e-08
 Reference value :  2.91225e-08
 Reference value :  3.18825e-08
 Reference value :  3.46225e-08
 Reference value :  3.74325e-08
 Reference value :  4.00874e-08
 Reference value :  4.25565e-08
 Reference value :  4.55465e-08
 Reference value :  4.84765e-08
 Reference value :  5.10734e-08
 Reference value :  5.39184e-08
 Reference value :  5.70334e-08
 Reference value :  5.97584e-08
No. of Data Rows : 12046
vsup_v              =  2.97000e+00
td_a                =  1.07335e-09 targ=  4.11233e-08 trig=  4.00500e-08
td_b                =  1.38912e-09 targ=  4.14391e-08 trig=  4.00500e-08
td_c                =  1.60094e-09 targ=  4.16509e-08 trig=  4.00500e-08
da_first            =  6.56595e-06
db_first            =  6.57011e-06
dc_first            =  6.57216e-06
da_end              =  9.99973e-01
db_end              =  9.99973e-01
dc_end              =  9.99973e-01
i_stat              =  -2.97049e-05 from=  2.50000e-08 to=  2.90025e-08
q_dec               =  -7.19150e-13 from=  3.99000e-08 to=  4.80000e-08
m_td_od50_ns = 1.0733470000e+00
m_td_od1_ns = 1.3891230000e+00
m_td_od01_ns = 1.6009430000e+00
m_tau_ps = 9.1992257157e+01
m_resolve_decades = 1.5100433916e+01
m_dout_od50_end = 9.9997330000e-01
m_dout_od1_end = 9.9997330000e-01
m_dout_od01_end = 9.9997330000e-01
m_dout_od50_first = 6.5659480000e-06
m_dout_od1_first = 6.5701110000e-06
m_dout_od01_first = 6.5721570000e-06
m_i_static_ua = 2.9704900000e+01
m_e_dec_fj = 1.4212650177e+03
Note: Simulation executed from .control section 

Warning: m=xx on .subckt line will override multiplier m hierarchy!

