
Note: Compatibility modes selected: hs a


Circuit: * comparator-regeneration-vosprobe @ fs_125c_2.97v -- generated by sim/harness, do not edit

Doing analysis at TEMP = 125.000000 and TNOM = 27.000000

Using SPARSE 1.3 as Direct Linear Solver

Initial Transient Solution
--------------------------

Node                                   Voltage
----                                   -------
vdd                                       2.97
cm                                        1.65
clk                                          0
rmp                                      -0.04
vp                                        1.63
vn                                        1.67
ibn                                    0.89927
xdut.xlayout_dut.sp__t2            6.28775e-09
xdut.xlayout_dut.qp__t6                   2.97
xdut.xlayout_dut.vss__t17          3.78899e-11
xdut.xlayout_dut.vss__t2           4.64367e-19
xdut.xlayout_dut.dout__t3              1.34171
xdut.xlayout_dut.sp__t3            6.37225e-09
xdut.xlayout_dut.vss__t25          5.81108e-10
xdut.xlayout_dut.vss__t3           1.76452e-11
xdut.xlayout_dut.dout__t2              1.33704
xdut.xlayout_dut.doutb__t0              1.3437
xdut.xlayout_dut.vss__t24           0.00132814
xdut.xlayout_dut.vss__t4           1.86197e-11
xdut.xlayout_dut.ibias__t0            0.897992
xdut.xlayout_dut.ibias__t1             0.89927
xdut.xlayout_dut.vss__t20          0.000254896
xdut.xlayout_dut.vss__t8           3.57236e-11
xdut.xlayout_dut.sn__t2            6.28768e-09
xdut.xlayout_dut.qn__t6                   2.97
xdut.xlayout_dut.vss__t23          3.78194e-11
xdut.xlayout_dut.vss__t5           4.63492e-19
xdut.xlayout_dut.doutb__t1              1.3437
xdut.xlayout_dut.sn__t3            6.41583e-09
xdut.xlayout_dut.vss__t22           5.8049e-10
xdut.xlayout_dut.vss__t6           1.76441e-11
xdut.xlayout_dut.doutb__t4             1.33948
xdut.xlayout_dut.dout__t4              1.34171
xdut.xlayout_dut.vss__t21            0.0013216
xdut.xlayout_dut.vss__t7           1.86254e-11
xdut.xlayout_dut.qn__t4                   2.97
xdut.xlayout_dut.qp__t0                   2.97
xdut.xlayout_dut.mn__t0                   2.97
xdut.xlayout_dut.vss__t9           4.67089e-11
xdut.xlayout_dut.mn__t1                   2.97
xdut.xlayout_dut.aop__t2                1.5319
xdut.xlayout_dut.ltail__t0             1.59801
xdut.xlayout_dut.vss__t11          3.64689e-11
xdut.xlayout_dut.atail__t0            0.820785
xdut.xlayout_dut.ibias__t2             0.89927
xdut.xlayout_dut.vss__t19          0.000493864
xdut.xlayout_dut.vss__t13          4.35337e-11
xdut.xlayout_dut.qp__t1                   2.97
xdut.xlayout_dut.qn__t5                   2.97
xdut.xlayout_dut.mp__t2                   2.97
xdut.xlayout_dut.vss__t10           4.6793e-11
xdut.xlayout_dut.ltail__t1             1.59801
xdut.xlayout_dut.clk__t2                     0
xdut.xlayout_dut.vss__t18          2.16421e-09
xdut.xlayout_dut.vss__t14          1.66008e-11
xdut.xlayout_dut.mp__t1                   2.97
xdut.xlayout_dut.aon__t0               2.08263
xdut.xlayout_dut.ltail__t2             1.59801
xdut.xlayout_dut.vss__t12          3.68357e-11
xdut.xlayout_dut.aon__t1               2.08201
xdut.xlayout_dut.vinp__t0                 1.63
xdut.xlayout_dut.atail__t1            0.821363
xdut.xlayout_dut.vss__t15          2.07855e-10
xdut.xlayout_dut.aop__t1               1.53035
xdut.xlayout_dut.vinn__t0                 1.67
xdut.xlayout_dut.atail__t2            0.821703
xdut.xlayout_dut.vss__t16          1.87386e-10
xdut.xlayout_dut.mn__t2                   2.97
xdut.xlayout_dut.clk__t0                     0
xdut.xlayout_dut.vdd__t0                  2.97
xdut.xlayout_dut.vdd__t1                  2.97
xdut.xlayout_dut.qn__t1                   2.97
xdut.xlayout_dut.clk__t1                     0
xdut.xlayout_dut.vdd__t2                  2.97
xdut.xlayout_dut.vdd__t3                  2.97
xdut.xlayout_dut.sp__t0            6.55737e-09
xdut.xlayout_dut.qp__t2                   2.97
xdut.xlayout_dut.vdd__t4                  2.97
xdut.xlayout_dut.vdd__t5                  2.97
xdut.xlayout_dut.mp__t0                   2.97
xdut.xlayout_dut.clk__t4                     0
xdut.xlayout_dut.vdd__t21                 2.97
xdut.xlayout_dut.vdd__t20                 2.97
xdut.xlayout_dut.qn__t0                   2.97
xdut.xlayout_dut.qp__t3                   2.97
xdut.xlayout_dut.vdd__t6                  2.97
xdut.xlayout_dut.vdd__t7                  2.97
xdut.xlayout_dut.qp__t4                   2.97
xdut.xlayout_dut.clk__t3                     0
xdut.xlayout_dut.vdd__t19                 2.97
xdut.xlayout_dut.vdd__t18                 2.97
xdut.xlayout_dut.na__t1                2.84219
xdut.xlayout_dut.sp__t1            6.37225e-09
xdut.xlayout_dut.vdd__t23               2.9682
xdut.xlayout_dut.vdd__t8                  2.97
xdut.xlayout_dut.dout__t0              1.34513
xdut.xlayout_dut.doutb__t2              1.3437
xdut.xlayout_dut.na__t0                2.84052
xdut.xlayout_dut.vdd__t13                 2.97
xdut.xlayout_dut.sn__t0            6.61716e-09
xdut.xlayout_dut.qn__t3                   2.97
xdut.xlayout_dut.vdd__t17                 2.97
xdut.xlayout_dut.vdd__t16                 2.97
xdut.xlayout_dut.qp__t5                   2.97
xdut.xlayout_dut.qn__t2                   2.97
xdut.xlayout_dut.vdd__t15                 2.97
xdut.xlayout_dut.vdd__t14                 2.97
xdut.xlayout_dut.nb__t1                2.84253
xdut.xlayout_dut.sn__t1            6.41583e-09
xdut.xlayout_dut.vdd__t22              2.96806
xdut.xlayout_dut.vdd__t12                 2.97
xdut.xlayout_dut.doutb__t3             1.35291
xdut.xlayout_dut.dout__t1              1.34171
xdut.xlayout_dut.nb__t0                2.83822
xdut.xlayout_dut.vdd__t11                 2.97
xdut.xlayout_dut.aon__t2               2.08288
xdut.xlayout_dut.x$28.11               2.08331
xdut.xlayout_dut.vss__t0                     0
xdut.xlayout_dut.x$28.21               2.96859
xdut.xlayout_dut.vdd__t10              2.96902
xdut.xlayout_dut.aop__t0               1.53233
xdut.xlayout_dut.x$29.11               1.53302
xdut.xlayout_dut.vss__t1                     0
xdut.xlayout_dut.x$29.21               2.96867
xdut.xlayout_dut.vdd__t9               2.96937
xdut.xlayout_dut.aon                   2.08263
vsubs                                        0
xdut.xlayout_dut.aop                    1.5319
xdut.xlayout_dut.atail                0.821282
dout                                   1.34171
doutb                                   1.3437
xdut.xlayout_dut.ltail                 1.59801
xdut.xlayout_dut.mn                       2.97
xdut.xlayout_dut.mp                       2.97
xdut.xlayout_dut.na                    2.84136
xdut.xlayout_dut.nb                    2.84038
xdut.xlayout_dut.qn                       2.97
xdut.xlayout_dut.qp                       2.97
xdut.xlayout_dut.sn                6.41583e-09
xdut.xlayout_dut.sp                6.37225e-09
dn                                    0.451753
bdn#branch                                   0
bnn#branch                         1.17161e-18
bpp#branch                          3.4199e-19
vrmp#branch                                  0
vclk#branch                                  0
vcm#branch                                   0
vsup#branch                       -0.000255322

 Reference value :  1.40685e-07
 Reference value :  4.40218e-07
 Reference value :  7.41081e-07
 Reference value :  1.01165e-06
 Reference value :  1.33020e-06
 Reference value :  1.63001e-06
 Reference value :  1.90102e-06
 Reference value :  2.21020e-06
 Reference value :  2.58311e-06
 Reference value :  2.90021e-06
 Reference value :  3.19537e-06
 Reference value :  3.49098e-06
 Reference value :  3.79002e-06
 Reference value :  4.07120e-06
 Reference value :  4.37077e-06
 Reference value :  4.67188e-06
 Reference value :  4.96020e-06
 Reference value :  5.26044e-06
 Reference value :  5.54020e-06
 Reference value :  5.83103e-06
 Reference value :  6.13050e-06
 Reference value :  6.43008e-06
 Reference value :  6.70035e-06
 Reference value :  6.97025e-06
 Reference value :  7.27026e-06
 Reference value :  7.55120e-06
 Reference value :  7.85020e-06
 Reference value :  8.14062e-06
 Reference value :  8.44015e-06
 Reference value :  8.74023e-06
 Reference value :  9.02198e-06
 Reference value :  9.34001e-06
 Reference value :  9.62024e-06
 Reference value :  9.91063e-06
 Reference value :  1.02104e-05
 Reference value :  1.05100e-05
 Reference value :  1.07813e-05
 Reference value :  1.10821e-05
 Reference value :  1.13812e-05
 Reference value :  1.16602e-05
 Reference value :  1.19610e-05
 Reference value :  1.22608e-05
 Reference value :  1.25801e-05
 Reference value :  1.28623e-05
 Reference value :  1.31809e-05
 Reference value :  1.34801e-05
 Reference value :  1.37609e-05
 Reference value :  1.40609e-05
 Reference value :  1.45402e-05
 Reference value :  1.48910e-05
 Reference value :  1.52001e-05
 Reference value :  1.54901e-05
 Reference value :  1.57709e-05
 Reference value :  1.60709e-05
 Reference value :  1.63907e-05
 Reference value :  1.67004e-05
 Reference value :  1.70202e-05
 Reference value :  1.73205e-05
 Reference value :  1.76022e-05
 Reference value :  1.79047e-05
 Reference value :  1.81901e-05
 Reference value :  1.84715e-05
 Reference value :  1.87604e-05
 Reference value :  1.90600e-05
 Reference value :  1.93408e-05
 Reference value :  1.96402e-05
 Reference value :  1.99302e-05
 Reference value :  2.02109e-05
 Reference value :  2.05012e-05
 Reference value :  2.08001e-05
 Reference value :  2.10888e-05
 Reference value :  2.13701e-05
 Reference value :  2.16403e-05
 Reference value :  2.19404e-05
 Reference value :  2.22403e-05
 Reference value :  2.25202e-05
 Reference value :  2.27911e-05
 Reference value :  2.30810e-05
 Reference value :  2.33602e-05
 Reference value :  2.36321e-05
 Reference value :  2.39310e-05
 Reference value :  2.42302e-05
 Reference value :  2.45011e-05
 Reference value :  2.48212e-05
 Reference value :  2.51210e-05
 Reference value :  2.54302e-05
 Reference value :  2.57222e-05
 Reference value :  2.60605e-05
 Reference value :  2.63601e-05
 Reference value :  2.66601e-05
 Reference value :  2.69328e-05
 Reference value :  2.72200e-05
 Reference value :  2.74901e-05
 Reference value :  2.77902e-05
 Reference value :  2.80901e-05
 Reference value :  2.83708e-05
 Reference value :  2.86702e-05
 Reference value :  2.89402e-05
 Reference value :  2.92129e-05
 Reference value :  2.95014e-05
 Reference value :  2.98001e-05
 Reference value :  3.00705e-05
 Reference value :  3.03507e-05
 Reference value :  3.06401e-05
 Reference value :  3.08902e-05
 Reference value :  3.11609e-05
 Reference value :  3.14500e-05
 Reference value :  3.17207e-05
 Reference value :  3.20002e-05
 Reference value :  3.22623e-05
 Reference value :  3.25310e-05
 Reference value :  3.28102e-05
 Reference value :  3.31104e-05
 Reference value :  3.34001e-05
 Reference value :  3.36513e-05
 Reference value :  3.39401e-05
 Reference value :  3.42101e-05
 Reference value :  3.44801e-05
 Reference value :  3.47510e-05
 Reference value :  3.50302e-05
 Reference value :  3.53302e-05
 Reference value :  3.56001e-05
 Reference value :  3.58716e-05
 Reference value :  3.61423e-05
 Reference value :  3.64104e-05
 Reference value :  3.67306e-05
 Reference value :  3.70101e-05
 Reference value :  3.73402e-05
 Reference value :  3.76104e-05
 Reference value :  3.79043e-05
 Reference value :  3.81806e-05
 Reference value :  3.84509e-05
 Reference value :  3.87505e-05
 Reference value :  3.90414e-05
 Reference value :  3.93401e-05
 Reference value :  3.96209e-05
 Reference value :  3.98902e-05
 Reference value :  4.01605e-05
 Reference value :  4.04602e-05
 Reference value :  4.07310e-05
 Reference value :  4.10206e-05
 Reference value :  4.13004e-05
 Reference value :  4.15919e-05
 Reference value :  4.18649e-05
 Reference value :  4.21602e-05
 Reference value :  4.24601e-05
 Reference value :  4.27601e-05
 Reference value :  4.30324e-05
 Reference value :  4.33402e-05
 Reference value :  4.36301e-05
 Reference value :  4.39001e-05
 Reference value :  4.41811e-05
 Reference value :  4.44816e-05
 Reference value :  4.47704e-05
 Reference value :  4.50404e-05
 Reference value :  4.53403e-05
 Reference value :  4.56205e-05
 Reference value :  4.59102e-05
 Reference value :  4.62102e-05
 Reference value :  4.64920e-05
 Reference value :  4.67810e-05
 Reference value :  4.70602e-05
 Reference value :  4.73810e-05
 Reference value :  4.76808e-05
 Reference value :  4.79511e-05
 Reference value :  4.82500e-05
 Reference value :  4.85813e-05
 Reference value :  4.88602e-05
 Reference value :  4.91509e-05
 Reference value :  4.94301e-05
 Reference value :  4.96909e-05
 Reference value :  4.99702e-05
 Reference value :  5.02910e-05
 Reference value :  5.05903e-05
 Reference value :  5.08705e-05
 Reference value :  5.11703e-05
 Reference value :  5.14675e-05
 Reference value :  5.17402e-05
 Reference value :  5.20301e-05
 Reference value :  5.23134e-05
 Reference value :  5.26030e-05
 Reference value :  5.28802e-05
 Reference value :  5.31802e-05
 Reference value :  5.34705e-05
 Reference value :  5.37801e-05
 Reference value :  5.40802e-05
 Reference value :  5.44000e-05
 Reference value :  5.46802e-05
 Reference value :  5.49711e-05
 Reference value :  5.52802e-05
 Reference value :  5.55710e-05
 Reference value :  5.58701e-05
 Reference value :  5.61801e-05
 Reference value :  5.64802e-05
 Reference value :  5.67802e-05
 Reference value :  5.70701e-05
 Reference value :  5.73701e-05
 Reference value :  5.76507e-05
 Reference value :  5.79267e-05
 Reference value :  5.82212e-05
 Reference value :  5.85402e-05
 Reference value :  5.88401e-05
 Reference value :  5.91262e-05
 Reference value :  5.94202e-05
 Reference value :  5.97202e-05
 Reference value :  6.00202e-05
 Reference value :  6.03290e-05
 Reference value :  6.06400e-05
 Reference value :  6.09827e-05
 Reference value :  6.12818e-05
 Reference value :  6.16001e-05
 Reference value :  6.18801e-05
 Reference value :  6.21502e-05
 Reference value :  6.24419e-05
 Reference value :  6.27700e-05
 Reference value :  6.31001e-05
 Reference value :  6.34001e-05
 Reference value :  6.36806e-05
 Reference value :  6.39715e-05
 Reference value :  6.42702e-05
 Reference value :  6.45702e-05
 Reference value :  6.48517e-05
 Reference value :  6.51403e-05
 Reference value :  6.54412e-05
 Reference value :  6.57286e-05
 Reference value :  6.60210e-05
 Reference value :  6.63203e-05
 Reference value :  6.66400e-05
 Reference value :  6.69208e-05
 Reference value :  6.72208e-05
 Reference value :  6.75101e-05
 Reference value :  6.77902e-05
 Reference value :  6.80834e-05
 Reference value :  6.83910e-05
 Reference value :  6.86801e-05
 Reference value :  6.89602e-05
 Reference value :  6.92602e-05
 Reference value :  6.95501e-05
 Reference value :  6.98302e-05
 Reference value :  7.01318e-05
 Reference value :  7.04301e-05
 Reference value :  7.07203e-05
 Reference value :  7.10085e-05
 Reference value :  7.13201e-05
 Reference value :  7.16202e-05
 Reference value :  7.18916e-05
 Reference value :  7.21901e-05
 Reference value :  7.24715e-05
 Reference value :  7.28302e-05
 Reference value :  7.31212e-05
 Reference value :  7.34212e-05
 Reference value :  7.37302e-05
 Reference value :  7.40306e-05
 Reference value :  7.43611e-05
 Reference value :  7.47501e-05
 Reference value :  7.51013e-05
 Reference value :  7.54605e-05
 Reference value :  7.57602e-05
 Reference value :  7.60401e-05
 Reference value :  7.63064e-05
 Reference value :  7.65961e-05
 Reference value :  7.68826e-05
 Reference value :  7.71700e-05
 Reference value :  7.74404e-05
 Reference value :  7.77409e-05
 Reference value :  7.80111e-05
 Reference value :  7.82908e-05
 Reference value :  7.85902e-05
 Reference value :  7.88902e-05
 Reference value :  7.91660e-05
 Reference value :  7.94810e-05
 Reference value :  7.97659e-05
No. of Data Rows : 277298
t_flip              =  3.07025e-05
vos_v               =  -9.29749e-03
m_dut_vos = -9.297490000e-03
Note: Simulation executed from .control section 

Warning: m=xx on .subckt line will override multiplier m hierarchy!

