
Note: Compatibility modes selected: hs a


Circuit: * comparator-regeneration @ fs_125c_3.63v -- generated by sim/harness, do not edit

Doing analysis at TEMP = 125.000000 and TNOM = 27.000000

Using SPARSE 1.3 as Direct Linear Solver

Initial Transient Solution
--------------------------

Node                                   Voltage
----                                   -------
vdd                                       3.63
vdda                                      3.63
clk                                          0
cm                                        1.65
sa                                  -0.0649979
apa                                     1.6175
ana                                     1.6825
ibna                                   0.89927
xa.xlayout_dut.sp__t2              7.43286e-09
xa.xlayout_dut.qp__t6                     3.63
xa.xlayout_dut.vss__t17            5.04797e-11
xa.xlayout_dut.vss__t2             5.49354e-19
xa.xlayout_dut.dout__t3                1.67588
xa.xlayout_dut.sp__t3              7.54543e-09
xa.xlayout_dut.vss__t25            6.06923e-10
xa.xlayout_dut.vss__t3             2.13968e-11
xa.xlayout_dut.dout__t2                1.66785
xa.xlayout_dut.doutb__t0                1.6794
xa.xlayout_dut.vss__t24             0.00228494
xa.xlayout_dut.vss__t4             2.26146e-11
xa.xlayout_dut.ibias__t0              0.897992
xa.xlayout_dut.ibias__t1               0.89927
xa.xlayout_dut.vss__t20            0.000254896
xa.xlayout_dut.vss__t8             3.57236e-11
xa.xlayout_dut.sn__t2              7.43276e-09
xa.xlayout_dut.qn__t6                     3.63
xa.xlayout_dut.vss__t23            5.03857e-11
xa.xlayout_dut.vss__t5             5.48317e-19
xa.xlayout_dut.doutb__t1                1.6794
xa.xlayout_dut.sn__t3              7.60349e-09
xa.xlayout_dut.vss__t22            6.06387e-10
xa.xlayout_dut.vss__t6              2.1408e-11
xa.xlayout_dut.doutb__t4               1.67213
xa.xlayout_dut.dout__t4                1.67588
xa.xlayout_dut.vss__t21             0.00227203
xa.xlayout_dut.vss__t7             2.26405e-11
xa.xlayout_dut.qn__t4                     3.63
xa.xlayout_dut.qp__t0                     3.63
xa.xlayout_dut.mn__t0                     3.63
xa.xlayout_dut.vss__t9             5.53731e-11
xa.xlayout_dut.mn__t1                     3.63
xa.xlayout_dut.aop__t2                  2.0267
xa.xlayout_dut.ltail__t0               2.28558
xa.xlayout_dut.vss__t11            4.45278e-11
xa.xlayout_dut.atail__t0              0.823728
xa.xlayout_dut.ibias__t2               0.89927
xa.xlayout_dut.vss__t19            0.000493878
xa.xlayout_dut.vss__t13            4.36058e-11
xa.xlayout_dut.qp__t1                     3.63
xa.xlayout_dut.qn__t5                     3.63
xa.xlayout_dut.mp__t2                     3.63
xa.xlayout_dut.vss__t10            5.54727e-11
xa.xlayout_dut.ltail__t1               2.28558
xa.xlayout_dut.clk__t2                       0
xa.xlayout_dut.vss__t18            2.35111e-09
xa.xlayout_dut.vss__t14            2.19712e-11
xa.xlayout_dut.mp__t1                     3.63
xa.xlayout_dut.aon__t0                 2.90756
xa.xlayout_dut.ltail__t2               2.28558
xa.xlayout_dut.vss__t12            4.49751e-11
xa.xlayout_dut.aon__t1                 2.90705
xa.xlayout_dut.vinp__t0                 1.6175
xa.xlayout_dut.atail__t1               0.82429
xa.xlayout_dut.vss__t15            6.42318e-08
xa.xlayout_dut.aop__t1                 2.02498
xa.xlayout_dut.vinn__t0                 1.6825
xa.xlayout_dut.atail__t2              0.824694
xa.xlayout_dut.vss__t16            2.02715e-10
xa.xlayout_dut.mn__t2                     3.63
xa.xlayout_dut.clk__t0                       0
xa.xlayout_dut.vdd__t0                    3.63
xa.xlayout_dut.vdd__t1                    3.63
xa.xlayout_dut.qn__t1                     3.63
xa.xlayout_dut.clk__t1                       0
xa.xlayout_dut.vdd__t2                    3.63
xa.xlayout_dut.vdd__t3                    3.63
xa.xlayout_dut.sp__t0              7.79207e-09
xa.xlayout_dut.qp__t2                     3.63
xa.xlayout_dut.vdd__t4                    3.63
xa.xlayout_dut.vdd__t5                    3.63
xa.xlayout_dut.mp__t0                     3.63
xa.xlayout_dut.clk__t4                       0
xa.xlayout_dut.vdd__t21                   3.63
xa.xlayout_dut.vdd__t20                   3.63
xa.xlayout_dut.qn__t0                     3.63
xa.xlayout_dut.qp__t3                     3.63
xa.xlayout_dut.vdd__t6                    3.63
xa.xlayout_dut.vdd__t7                    3.63
xa.xlayout_dut.qp__t4                     3.63
xa.xlayout_dut.clk__t3                       0
xa.xlayout_dut.vdd__t19                   3.63
xa.xlayout_dut.vdd__t18                   3.63
xa.xlayout_dut.na__t1                  3.44341
xa.xlayout_dut.sp__t1              7.54543e-09
xa.xlayout_dut.vdd__t23                3.62691
xa.xlayout_dut.vdd__t8                    3.63
xa.xlayout_dut.dout__t0                1.68178
xa.xlayout_dut.doutb__t2                1.6794
xa.xlayout_dut.na__t0                  3.44053
xa.xlayout_dut.vdd__t13                   3.63
xa.xlayout_dut.sn__t0              7.87172e-09
xa.xlayout_dut.qn__t3                     3.63
xa.xlayout_dut.vdd__t17                   3.63
xa.xlayout_dut.vdd__t16                   3.63
xa.xlayout_dut.qp__t5                     3.63
xa.xlayout_dut.qn__t2                     3.63
xa.xlayout_dut.vdd__t15                   3.63
xa.xlayout_dut.vdd__t14                   3.63
xa.xlayout_dut.nb__t1                    3.444
xa.xlayout_dut.sn__t1              7.60349e-09
xa.xlayout_dut.vdd__t22                3.62666
xa.xlayout_dut.vdd__t12                   3.63
xa.xlayout_dut.doutb__t3               1.69523
xa.xlayout_dut.dout__t1                1.67588
xa.xlayout_dut.nb__t0                   3.4366
xa.xlayout_dut.vdd__t11                   3.63
xa.xlayout_dut.aon__t2                 2.90776
xa.xlayout_dut.x$28.11                 2.90811
xa.xlayout_dut.vss__t0                       0
xa.xlayout_dut.x$28.21                 3.62885
xa.xlayout_dut.vdd__t10                 3.6292
xa.xlayout_dut.aop__t0                 2.02718
xa.xlayout_dut.x$29.11                 2.02796
xa.xlayout_dut.vss__t1                       0
xa.xlayout_dut.x$29.21                 3.62852
xa.xlayout_dut.vdd__t9                  3.6293
xa.xlayout_dut.aon                     2.90756
vsubs                                        0
xa.xlayout_dut.aop                      2.0267
xa.xlayout_dut.atail                  0.824224
douta                                  1.67588
doutba                                  1.6794
xa.xlayout_dut.ltail                   2.28558
xa.xlayout_dut.mn                         3.63
xa.xlayout_dut.mp                         3.63
xa.xlayout_dut.na                      3.44197
xa.xlayout_dut.nb                       3.4403
xa.xlayout_dut.qn                         3.63
xa.xlayout_dut.qp                         3.63
xa.xlayout_dut.sn                  7.60349e-09
xa.xlayout_dut.sp                  7.54543e-09
sb                                  -0.0159979
apb                                      1.642
anb                                      1.658
ibnb                                   0.89927
xb.xlayout_dut.sp__t2              7.43286e-09
xb.xlayout_dut.qp__t6                     3.63
xb.xlayout_dut.vss__t17            5.04797e-11
xb.xlayout_dut.vss__t2             5.49354e-19
xb.xlayout_dut.dout__t3                1.67588
xb.xlayout_dut.sp__t3              7.54543e-09
xb.xlayout_dut.vss__t25            6.06923e-10
xb.xlayout_dut.vss__t3             2.13968e-11
xb.xlayout_dut.dout__t2                1.66785
xb.xlayout_dut.doutb__t0                1.6794
xb.xlayout_dut.vss__t24             0.00228494
xb.xlayout_dut.vss__t4             2.26146e-11
xb.xlayout_dut.ibias__t0              0.897992
xb.xlayout_dut.ibias__t1               0.89927
xb.xlayout_dut.vss__t20            0.000254896
xb.xlayout_dut.vss__t8             3.57236e-11
xb.xlayout_dut.sn__t2              7.43276e-09
xb.xlayout_dut.qn__t6                     3.63
xb.xlayout_dut.vss__t23            5.03857e-11
xb.xlayout_dut.vss__t5             5.48317e-19
xb.xlayout_dut.doutb__t1                1.6794
xb.xlayout_dut.sn__t3              7.60349e-09
xb.xlayout_dut.vss__t22            6.06387e-10
xb.xlayout_dut.vss__t6              2.1408e-11
xb.xlayout_dut.doutb__t4               1.67213
xb.xlayout_dut.dout__t4                1.67588
xb.xlayout_dut.vss__t21             0.00227203
xb.xlayout_dut.vss__t7             2.26405e-11
xb.xlayout_dut.qn__t4                     3.63
xb.xlayout_dut.qp__t0                     3.63
xb.xlayout_dut.mn__t0                     3.63
xb.xlayout_dut.vss__t9             5.53731e-11
xb.xlayout_dut.mn__t1                     3.63
xb.xlayout_dut.aop__t2                 2.35711
xb.xlayout_dut.ltail__t0               2.00955
xb.xlayout_dut.vss__t11            4.28771e-11
xb.xlayout_dut.atail__t0              0.820516
xb.xlayout_dut.ibias__t2               0.89927
xb.xlayout_dut.vss__t19            0.000493863
xb.xlayout_dut.vss__t13            4.35271e-11
xb.xlayout_dut.qp__t1                     3.63
xb.xlayout_dut.qn__t5                     3.63
xb.xlayout_dut.mp__t2                     3.63
xb.xlayout_dut.vss__t10            5.54727e-11
xb.xlayout_dut.ltail__t1               2.00955
xb.xlayout_dut.clk__t2                       0
xb.xlayout_dut.vss__t18            2.27573e-09
xb.xlayout_dut.vss__t14            1.91767e-11
xb.xlayout_dut.mp__t1                     3.63
xb.xlayout_dut.aon__t0                 2.57728
xb.xlayout_dut.ltail__t2               2.00955
xb.xlayout_dut.vss__t12            4.33274e-11
xb.xlayout_dut.aon__t1                 2.57654
xb.xlayout_dut.vinp__t0                  1.642
xb.xlayout_dut.atail__t1              0.821109
xb.xlayout_dut.vss__t15            7.10554e-09
xb.xlayout_dut.aop__t1                 2.35575
xb.xlayout_dut.vinn__t0                  1.658
xb.xlayout_dut.atail__t2              0.821386
xb.xlayout_dut.vss__t16            9.47128e-10
xb.xlayout_dut.mn__t2                     3.63
xb.xlayout_dut.clk__t0                       0
xb.xlayout_dut.vdd__t0                    3.63
xb.xlayout_dut.vdd__t1                    3.63
xb.xlayout_dut.qn__t1                     3.63
xb.xlayout_dut.clk__t1                       0
xb.xlayout_dut.vdd__t2                    3.63
xb.xlayout_dut.vdd__t3                    3.63
xb.xlayout_dut.sp__t0              7.79207e-09
xb.xlayout_dut.qp__t2                     3.63
xb.xlayout_dut.vdd__t4                    3.63
xb.xlayout_dut.vdd__t5                    3.63
xb.xlayout_dut.mp__t0                     3.63
xb.xlayout_dut.clk__t4                       0
xb.xlayout_dut.vdd__t21                   3.63
xb.xlayout_dut.vdd__t20                   3.63
xb.xlayout_dut.qn__t0                     3.63
xb.xlayout_dut.qp__t3                     3.63
xb.xlayout_dut.vdd__t6                    3.63
xb.xlayout_dut.vdd__t7                    3.63
xb.xlayout_dut.qp__t4                     3.63
xb.xlayout_dut.clk__t3                       0
xb.xlayout_dut.vdd__t19                   3.63
xb.xlayout_dut.vdd__t18                   3.63
xb.xlayout_dut.na__t1                  3.44341
xb.xlayout_dut.sp__t1              7.54543e-09
xb.xlayout_dut.vdd__t23                3.62691
xb.xlayout_dut.vdd__t8                    3.63
xb.xlayout_dut.dout__t0                1.68178
xb.xlayout_dut.doutb__t2                1.6794
xb.xlayout_dut.na__t0                  3.44053
xb.xlayout_dut.vdd__t13                   3.63
xb.xlayout_dut.sn__t0              7.87172e-09
xb.xlayout_dut.qn__t3                     3.63
xb.xlayout_dut.vdd__t17                   3.63
xb.xlayout_dut.vdd__t16                   3.63
xb.xlayout_dut.qp__t5                     3.63
xb.xlayout_dut.qn__t2                     3.63
xb.xlayout_dut.vdd__t15                   3.63
xb.xlayout_dut.vdd__t14                   3.63
xb.xlayout_dut.nb__t1                    3.444
xb.xlayout_dut.sn__t1              7.60349e-09
xb.xlayout_dut.vdd__t22                3.62666
xb.xlayout_dut.vdd__t12                   3.63
xb.xlayout_dut.doutb__t3               1.69523
xb.xlayout_dut.dout__t1                1.67588
xb.xlayout_dut.nb__t0                   3.4366
xb.xlayout_dut.vdd__t11                   3.63
xb.xlayout_dut.aon__t2                 2.57757
xb.xlayout_dut.x$28.11                 2.57808
xb.xlayout_dut.vss__t0                       0
xb.xlayout_dut.x$28.21                 3.62832
xb.xlayout_dut.vdd__t10                3.62883
xb.xlayout_dut.aop__t0                 2.35749
xb.xlayout_dut.x$29.11                 2.35811
xb.xlayout_dut.vss__t1                       0
xb.xlayout_dut.x$29.21                 3.62883
xb.xlayout_dut.vdd__t9                 3.62944
xb.xlayout_dut.aon                     2.57728
xb.xlayout_dut.aop                     2.35711
xb.xlayout_dut.atail                  0.821013
doutb                                  1.67588
doutbb                                  1.6794
xb.xlayout_dut.ltail                   2.00955
xb.xlayout_dut.mn                         3.63
xb.xlayout_dut.mp                         3.63
xb.xlayout_dut.na                      3.44197
xb.xlayout_dut.nb                       3.4403
xb.xlayout_dut.qn                         3.63
xb.xlayout_dut.qp                         3.63
xb.xlayout_dut.sn                  7.60349e-09
xb.xlayout_dut.sp                  7.54543e-09
sc                                  -0.0150979
apc                                    1.64245
anc                                    1.65755
ibnc                                   0.89927
xc.xlayout_dut.sp__t2              7.43286e-09
xc.xlayout_dut.qp__t6                     3.63
xc.xlayout_dut.vss__t17            5.04797e-11
xc.xlayout_dut.vss__t2             5.49354e-19
xc.xlayout_dut.dout__t3                1.67588
xc.xlayout_dut.sp__t3              7.54543e-09
xc.xlayout_dut.vss__t25            6.06923e-10
xc.xlayout_dut.vss__t3             2.13968e-11
xc.xlayout_dut.dout__t2                1.66785
xc.xlayout_dut.doutb__t0                1.6794
xc.xlayout_dut.vss__t24             0.00228494
xc.xlayout_dut.vss__t4             2.26146e-11
xc.xlayout_dut.ibias__t0              0.897992
xc.xlayout_dut.ibias__t1               0.89927
xc.xlayout_dut.vss__t20            0.000254896
xc.xlayout_dut.vss__t8             3.57236e-11
xc.xlayout_dut.sn__t2              7.43276e-09
xc.xlayout_dut.qn__t6                     3.63
xc.xlayout_dut.vss__t23            5.03857e-11
xc.xlayout_dut.vss__t5             5.48317e-19
xc.xlayout_dut.doutb__t1                1.6794
xc.xlayout_dut.sn__t3              7.60349e-09
xc.xlayout_dut.vss__t22            6.06387e-10
xc.xlayout_dut.vss__t6              2.1408e-11
xc.xlayout_dut.doutb__t4               1.67213
xc.xlayout_dut.dout__t4                1.67588
xc.xlayout_dut.vss__t21             0.00227203
xc.xlayout_dut.vss__t7             2.26405e-11
xc.xlayout_dut.qn__t4                     3.63
xc.xlayout_dut.qp__t0                     3.63
xc.xlayout_dut.mn__t0                     3.63
xc.xlayout_dut.vss__t9             5.53731e-11
xc.xlayout_dut.mn__t1                     3.63
xc.xlayout_dut.aop__t2                 2.36342
xc.xlayout_dut.ltail__t0               2.00436
xc.xlayout_dut.vss__t11            4.28461e-11
xc.xlayout_dut.atail__t0              0.820495
xc.xlayout_dut.ibias__t2               0.89927
xc.xlayout_dut.vss__t19            0.000493863
xc.xlayout_dut.vss__t13            4.35265e-11
xc.xlayout_dut.qp__t1                     3.63
xc.xlayout_dut.qn__t5                     3.63
xc.xlayout_dut.mp__t2                     3.63
xc.xlayout_dut.vss__t10            5.54727e-11
xc.xlayout_dut.ltail__t1               2.00436
xc.xlayout_dut.clk__t2                       0
xc.xlayout_dut.vss__t18            2.27432e-09
xc.xlayout_dut.vss__t14             1.9137e-11
xc.xlayout_dut.mp__t1                     3.63
xc.xlayout_dut.aon__t0                 2.57097
xc.xlayout_dut.ltail__t2               2.00436
xc.xlayout_dut.vss__t12            4.32971e-11
xc.xlayout_dut.aon__t1                 2.57022
xc.xlayout_dut.vinp__t0                1.64245
xc.xlayout_dut.atail__t1              0.821088
xc.xlayout_dut.vss__t15            6.74081e-09
xc.xlayout_dut.aop__t1                 2.36206
xc.xlayout_dut.vinn__t0                1.65755
xc.xlayout_dut.atail__t2              0.821362
xc.xlayout_dut.vss__t16             1.0055e-09
xc.xlayout_dut.mn__t2                     3.63
xc.xlayout_dut.clk__t0                       0
xc.xlayout_dut.vdd__t0                    3.63
xc.xlayout_dut.vdd__t1                    3.63
xc.xlayout_dut.qn__t1                     3.63
xc.xlayout_dut.clk__t1                       0
xc.xlayout_dut.vdd__t2                    3.63
xc.xlayout_dut.vdd__t3                    3.63
xc.xlayout_dut.sp__t0              7.79207e-09
xc.xlayout_dut.qp__t2                     3.63
xc.xlayout_dut.vdd__t4                    3.63
xc.xlayout_dut.vdd__t5                    3.63
xc.xlayout_dut.mp__t0                     3.63
xc.xlayout_dut.clk__t4                       0
xc.xlayout_dut.vdd__t21                   3.63
xc.xlayout_dut.vdd__t20                   3.63
xc.xlayout_dut.qn__t0                     3.63
xc.xlayout_dut.qp__t3                     3.63
xc.xlayout_dut.vdd__t6                    3.63
xc.xlayout_dut.vdd__t7                    3.63
xc.xlayout_dut.qp__t4                     3.63
xc.xlayout_dut.clk__t3                       0
xc.xlayout_dut.vdd__t19                   3.63
xc.xlayout_dut.vdd__t18                   3.63
xc.xlayout_dut.na__t1                  3.44341
xc.xlayout_dut.sp__t1              7.54543e-09
xc.xlayout_dut.vdd__t23                3.62691
xc.xlayout_dut.vdd__t8                    3.63
xc.xlayout_dut.dout__t0                1.68178
xc.xlayout_dut.doutb__t2                1.6794
xc.xlayout_dut.na__t0                  3.44053
xc.xlayout_dut.vdd__t13                   3.63
xc.xlayout_dut.sn__t0              7.87172e-09
xc.xlayout_dut.qn__t3                     3.63
xc.xlayout_dut.vdd__t17                   3.63
xc.xlayout_dut.vdd__t16                   3.63
xc.xlayout_dut.qp__t5                     3.63
xc.xlayout_dut.qn__t2                     3.63
xc.xlayout_dut.vdd__t15                   3.63
xc.xlayout_dut.vdd__t14                   3.63
xc.xlayout_dut.nb__t1                    3.444
xc.xlayout_dut.sn__t1              7.60349e-09
xc.xlayout_dut.vdd__t22                3.62666
xc.xlayout_dut.vdd__t12                   3.63
xc.xlayout_dut.doutb__t3               1.69523
xc.xlayout_dut.dout__t1                1.67588
xc.xlayout_dut.nb__t0                   3.4366
xc.xlayout_dut.vdd__t11                   3.63
xc.xlayout_dut.aon__t2                 2.57126
xc.xlayout_dut.x$28.11                 2.57177
xc.xlayout_dut.vss__t0                       0
xc.xlayout_dut.x$28.21                 3.62831
xc.xlayout_dut.vdd__t10                3.62883
xc.xlayout_dut.aop__t0                  2.3638
xc.xlayout_dut.x$29.11                 2.36441
xc.xlayout_dut.vss__t1                       0
xc.xlayout_dut.x$29.21                 3.62883
xc.xlayout_dut.vdd__t9                 3.62944
xc.xlayout_dut.aon                     2.57097
xc.xlayout_dut.aop                     2.36342
xc.xlayout_dut.atail                  0.820991
doutc                                  1.67588
doutbc                                  1.6794
xc.xlayout_dut.ltail                   2.00436
xc.xlayout_dut.mn                         3.63
xc.xlayout_dut.mp                         3.63
xc.xlayout_dut.na                      3.44197
xc.xlayout_dut.nb                       3.4403
xc.xlayout_dut.qn                         3.63
xc.xlayout_dut.qp                         3.63
xc.xlayout_dut.sn                  7.60349e-09
xc.xlayout_dut.sp                  7.54543e-09
clkn                                         0
dan                                   0.461676
dbn                                   0.461676
dcn                                   0.461676
bdcn#branch                                  0
bdbn#branch                                  0
bdan#branch                                  0
bclkn#branch                                 0
eanc#branch                       -4.11415e-19
eapc#branch                          1.331e-19
eanb#branch                        2.73553e-19
eapb#branch                       -5.51868e-19
eana#branch                        1.60722e-19
eapa#branch                       -4.39037e-19
vsc#branch                                   0
vsb#branch                                   0
vsa#branch                                   0
vcm#branch                        -8.34945e-19
vclk#branch                                  0
vsupa#branch                      -0.000417395
vsup#branch                       -0.000834784

 Reference value :  7.36400e-10
 Reference value :  3.57140e-09
 Reference value :  6.40140e-09
 Reference value :  9.29140e-09
 Reference value :  1.20758e-08
 Reference value :  1.49358e-08
 Reference value :  1.76858e-08
 Reference value :  2.04569e-08
 Reference value :  2.32975e-08
 Reference value :  2.60825e-08
 Reference value :  2.94375e-08
 Reference value :  3.23125e-08
 Reference value :  3.51325e-08
 Reference value :  3.80775e-08
 Reference value :  4.06508e-08
 Reference value :  4.32608e-08
 Reference value :  4.62008e-08
 Reference value :  4.90958e-08
 Reference value :  5.17815e-08
 Reference value :  5.45565e-08
 Reference value :  5.73165e-08
No. of Data Rows : 12046
vsup_v              =  3.63000e+00
td_a                =  1.27558e-09 targ=  4.13256e-08 trig=  4.00500e-08
td_b                =  1.62826e-09 targ=  4.16783e-08 trig=  4.00500e-08
td_c                =  1.86839e-09 targ=  4.19184e-08 trig=  4.00500e-08
da_first            =  2.40588e-05
db_first            =  2.11500e-05
dc_first            =  1.98003e-05
da_end              =  9.99936e-01
db_end              =  9.99936e-01
dc_end              =  9.99936e-01
i_stat              =  -2.82356e-05 from=  2.50000e-08 to=  2.90025e-08
q_dec               =  -9.38369e-13 from=  3.99000e-08 to=  4.80000e-08
m_td_od50_ns = 1.2755800000e+00
m_td_od1_ns = 1.6282610000e+00
m_td_od01_ns = 1.8683940000e+00
m_tau_ps = 1.0428843682e+02
m_resolve_decades = 1.5613054041e+01
m_dout_od50_end = 9.9993610000e-01
m_dout_od1_end = 9.9993610000e-01
m_dout_od01_end = 9.9993610000e-01
m_dout_od50_first = 2.4058770000e-05
m_dout_od1_first = 2.1150000000e-05
m_dout_od01_first = 1.9800260000e-05
m_i_static_ua = 2.8235640000e+01
m_e_dec_fj = 2.5760683991e+03
Note: Simulation executed from .control section 

Warning: m=xx on .subckt line will override multiplier m hierarchy!

Note: Starting dynamic gmin stepping
Note: Dynamic gmin stepping completed
