
Note: Compatibility modes selected: hs a


Circuit: * comparator-regeneration-vosprobe @ fs_125c_3.30v -- generated by sim/harness, do not edit

Doing analysis at TEMP = 125.000000 and TNOM = 27.000000

Using SPARSE 1.3 as Direct Linear Solver

Initial Transient Solution
--------------------------

Node                                   Voltage
----                                   -------
vdd                                        3.3
cm                                        1.65
clk                                          0
rmp                                      -0.04
vp                                        1.63
vn                                        1.67
ibn                                    0.89927
xdut.xlayout_dut.sp__t2            6.63918e-09
xdut.xlayout_dut.qp__t6                    3.3
xdut.xlayout_dut.vss__t17          4.27389e-11
xdut.xlayout_dut.vss__t2           4.90522e-19
xdut.xlayout_dut.dout__t3              1.50775
xdut.xlayout_dut.sp__t3            6.73449e-09
xdut.xlayout_dut.vss__t25          5.93949e-10
xdut.xlayout_dut.vss__t3           1.95061e-11
xdut.xlayout_dut.dout__t2              1.50148
xdut.xlayout_dut.doutb__t0             1.51046
xdut.xlayout_dut.vss__t24           0.00178455
xdut.xlayout_dut.vss__t4           2.05971e-11
xdut.xlayout_dut.ibias__t0            0.897992
xdut.xlayout_dut.ibias__t1             0.89927
xdut.xlayout_dut.vss__t20          0.000254896
xdut.xlayout_dut.vss__t8           3.57236e-11
xdut.xlayout_dut.sn__t2             6.6391e-09
xdut.xlayout_dut.qn__t6                    3.3
xdut.xlayout_dut.vss__t23          4.26594e-11
xdut.xlayout_dut.vss__t5           4.89597e-19
xdut.xlayout_dut.doutb__t1             1.51046
xdut.xlayout_dut.sn__t3            6.78366e-09
xdut.xlayout_dut.vss__t22          5.93369e-10
xdut.xlayout_dut.vss__t6           1.95106e-11
xdut.xlayout_dut.doutb__t4             1.50478
xdut.xlayout_dut.dout__t4              1.50775
xdut.xlayout_dut.vss__t21           0.00177506
xdut.xlayout_dut.vss__t7           2.06106e-11
xdut.xlayout_dut.qn__t4                    3.3
xdut.xlayout_dut.qp__t0                    3.3
xdut.xlayout_dut.mn__t0                    3.3
xdut.xlayout_dut.vss__t9            5.1041e-11
xdut.xlayout_dut.mn__t1                    3.3
xdut.xlayout_dut.aop__t2               1.86145
xdut.xlayout_dut.ltail__t0             1.87158
xdut.xlayout_dut.vss__t11          4.00784e-11
xdut.xlayout_dut.atail__t0            0.821203
xdut.xlayout_dut.ibias__t2             0.89927
xdut.xlayout_dut.vss__t19          0.000493866
xdut.xlayout_dut.vss__t13          4.35439e-11
xdut.xlayout_dut.qp__t1                    3.3
xdut.xlayout_dut.qn__t5                    3.3
xdut.xlayout_dut.mp__t2                    3.3
xdut.xlayout_dut.vss__t10          5.11329e-11
xdut.xlayout_dut.ltail__t1             1.87158
xdut.xlayout_dut.clk__t2                     0
xdut.xlayout_dut.vss__t18          2.23827e-09
xdut.xlayout_dut.vss__t14          1.82103e-11
xdut.xlayout_dut.mp__t1                    3.3
xdut.xlayout_dut.aon__t0               2.41306
xdut.xlayout_dut.ltail__t2             1.87158
xdut.xlayout_dut.vss__t12          4.04828e-11
xdut.xlayout_dut.aon__t1               2.41244
xdut.xlayout_dut.vinp__t0                 1.63
xdut.xlayout_dut.atail__t1            0.821781
xdut.xlayout_dut.vss__t15          1.39851e-09
xdut.xlayout_dut.aop__t1               1.85991
xdut.xlayout_dut.vinn__t0                 1.67
xdut.xlayout_dut.atail__t2            0.822121
xdut.xlayout_dut.vss__t16          1.95396e-10
xdut.xlayout_dut.mn__t2                    3.3
xdut.xlayout_dut.clk__t0                     0
xdut.xlayout_dut.vdd__t0                   3.3
xdut.xlayout_dut.vdd__t1                   3.3
xdut.xlayout_dut.qn__t1                    3.3
xdut.xlayout_dut.clk__t1                     0
xdut.xlayout_dut.vdd__t2                   3.3
xdut.xlayout_dut.vdd__t3                   3.3
xdut.xlayout_dut.sp__t0            6.94331e-09
xdut.xlayout_dut.qp__t2                    3.3
xdut.xlayout_dut.vdd__t4                   3.3
xdut.xlayout_dut.vdd__t5                   3.3
xdut.xlayout_dut.mp__t0                    3.3
xdut.xlayout_dut.clk__t4                     0
xdut.xlayout_dut.vdd__t21                  3.3
xdut.xlayout_dut.vdd__t20                  3.3
xdut.xlayout_dut.qn__t0                    3.3
xdut.xlayout_dut.qp__t3                    3.3
xdut.xlayout_dut.vdd__t6                   3.3
xdut.xlayout_dut.vdd__t7                   3.3
xdut.xlayout_dut.qp__t4                    3.3
xdut.xlayout_dut.clk__t3                     0
xdut.xlayout_dut.vdd__t19                  3.3
xdut.xlayout_dut.vdd__t18                  3.3
xdut.xlayout_dut.na__t1                3.14296
xdut.xlayout_dut.sp__t1            6.73449e-09
xdut.xlayout_dut.vdd__t23              3.29758
xdut.xlayout_dut.vdd__t8                   3.3
xdut.xlayout_dut.dout__t0              1.51235
xdut.xlayout_dut.doutb__t2             1.51046
xdut.xlayout_dut.na__t0                3.14071
xdut.xlayout_dut.vdd__t13                  3.3
xdut.xlayout_dut.sn__t0            7.01075e-09
xdut.xlayout_dut.qn__t3                    3.3
xdut.xlayout_dut.vdd__t17                  3.3
xdut.xlayout_dut.vdd__t16                  3.3
xdut.xlayout_dut.qp__t5                    3.3
xdut.xlayout_dut.qn__t2                    3.3
xdut.xlayout_dut.vdd__t15                  3.3
xdut.xlayout_dut.vdd__t14                  3.3
xdut.xlayout_dut.nb__t1                3.14342
xdut.xlayout_dut.sn__t1            6.78366e-09
xdut.xlayout_dut.vdd__t22              3.29739
xdut.xlayout_dut.vdd__t12                  3.3
xdut.xlayout_dut.doutb__t3             1.52282
xdut.xlayout_dut.dout__t1              1.50775
xdut.xlayout_dut.nb__t0                3.13764
xdut.xlayout_dut.vdd__t11                  3.3
xdut.xlayout_dut.aon__t2               2.41331
xdut.xlayout_dut.x$28.11               2.41374
xdut.xlayout_dut.vss__t0                     0
xdut.xlayout_dut.x$28.21               3.29859
xdut.xlayout_dut.vdd__t10              3.29902
xdut.xlayout_dut.aop__t0               1.86189
xdut.xlayout_dut.x$29.11               1.86258
xdut.xlayout_dut.vss__t1                     0
xdut.xlayout_dut.x$29.21               3.29867
xdut.xlayout_dut.vdd__t9               3.29937
xdut.xlayout_dut.aon                   2.41306
vsubs                                        0
xdut.xlayout_dut.aop                   1.86145
xdut.xlayout_dut.atail                  0.8217
dout                                   1.50775
doutb                                  1.51046
xdut.xlayout_dut.ltail                 1.87158
xdut.xlayout_dut.mn                        3.3
xdut.xlayout_dut.mp                        3.3
xdut.xlayout_dut.na                    3.14184
xdut.xlayout_dut.nb                    3.14053
xdut.xlayout_dut.qn                        3.3
xdut.xlayout_dut.qp                        3.3
xdut.xlayout_dut.sn                6.78366e-09
xdut.xlayout_dut.sp                6.73449e-09
dn                                    0.456893
bdn#branch                                   0
bnn#branch                         1.17161e-18
bpp#branch                          3.4199e-19
vrmp#branch                                  0
vclk#branch                                  0
vcm#branch                                   0
vsup#branch                       -0.000332639

 Reference value :  1.60022e-07
 Reference value :  4.40110e-07
 Reference value :  7.22435e-07
 Reference value :  1.01074e-06
 Reference value :  1.36069e-06
 Reference value :  1.69206e-06
 Reference value :  1.99028e-06
 Reference value :  2.29010e-06
 Reference value :  2.57024e-06
 Reference value :  2.87014e-06
 Reference value :  3.20018e-06
 Reference value :  3.49016e-06
 Reference value :  3.77020e-06
 Reference value :  4.06017e-06
 Reference value :  4.33045e-06
 Reference value :  4.64096e-06
 Reference value :  4.93157e-06
 Reference value :  5.23010e-06
 Reference value :  5.50011e-06
 Reference value :  5.78013e-06
 Reference value :  6.08107e-06
 Reference value :  6.37031e-06
 Reference value :  6.67003e-06
 Reference value :  6.97003e-06
 Reference value :  7.27045e-06
 Reference value :  7.57074e-06
 Reference value :  7.85055e-06
 Reference value :  8.14004e-06
 Reference value :  8.41018e-06
 Reference value :  8.68425e-06
 Reference value :  8.98140e-06
 Reference value :  9.26049e-06
 Reference value :  9.55002e-06
 Reference value :  9.85008e-06
 Reference value :  1.01204e-05
 Reference value :  1.04301e-05
 Reference value :  1.07201e-05
 Reference value :  1.10500e-05
 Reference value :  1.13302e-05
 Reference value :  1.16201e-05
 Reference value :  1.19201e-05
 Reference value :  1.21930e-05
 Reference value :  1.24901e-05
 Reference value :  1.27901e-05
 Reference value :  1.31902e-05
 Reference value :  1.36006e-05
 Reference value :  1.38803e-05
 Reference value :  1.41758e-05
 Reference value :  1.44501e-05
 Reference value :  1.47209e-05
 Reference value :  1.50323e-05
 Reference value :  1.53206e-05
 Reference value :  1.56413e-05
 Reference value :  1.59401e-05
 Reference value :  1.62108e-05
 Reference value :  1.64954e-05
 Reference value :  1.67621e-05
 Reference value :  1.70538e-05
 Reference value :  1.73354e-05
 Reference value :  1.76208e-05
 Reference value :  1.79224e-05
 Reference value :  1.82005e-05
 Reference value :  1.84909e-05
 Reference value :  1.87853e-05
 Reference value :  1.90701e-05
 Reference value :  1.93609e-05
 Reference value :  1.96600e-05
 Reference value :  1.99301e-05
 Reference value :  2.02000e-05
 Reference value :  2.04801e-05
 Reference value :  2.07809e-05
 Reference value :  2.10715e-05
 Reference value :  2.13502e-05
 Reference value :  2.16400e-05
 Reference value :  2.19106e-05
 Reference value :  2.21909e-05
 Reference value :  2.24906e-05
 Reference value :  2.28100e-05
 Reference value :  2.30841e-05
 Reference value :  2.33609e-05
 Reference value :  2.36803e-05
 Reference value :  2.39808e-05
 Reference value :  2.42812e-05
 Reference value :  2.45627e-05
 Reference value :  2.49100e-05
 Reference value :  2.51802e-05
 Reference value :  2.54607e-05
 Reference value :  2.57311e-05
 Reference value :  2.60002e-05
 Reference value :  2.63201e-05
 Reference value :  2.66200e-05
 Reference value :  2.69012e-05
 Reference value :  2.71910e-05
 Reference value :  2.74909e-05
 Reference value :  2.77464e-05
 Reference value :  2.80001e-05
 Reference value :  2.82703e-05
 Reference value :  2.85402e-05
 Reference value :  2.88102e-05
 Reference value :  2.90920e-05
 Reference value :  2.93612e-05
 Reference value :  2.96500e-05
 Reference value :  2.99208e-05
 Reference value :  3.02010e-05
 Reference value :  3.04716e-05
 Reference value :  3.07602e-05
 Reference value :  3.10301e-05
 Reference value :  3.13311e-05
 Reference value :  3.16312e-05
 Reference value :  3.19137e-05
 Reference value :  3.22000e-05
 Reference value :  3.24700e-05
 Reference value :  3.27401e-05
 Reference value :  3.29923e-05
 Reference value :  3.32802e-05
 Reference value :  3.35608e-05
 Reference value :  3.38502e-05
 Reference value :  3.41279e-05
 Reference value :  3.44003e-05
 Reference value :  3.46708e-05
 Reference value :  3.49601e-05
 Reference value :  3.52308e-05
 Reference value :  3.55704e-05
 Reference value :  3.58407e-05
 Reference value :  3.61307e-05
 Reference value :  3.64002e-05
 Reference value :  3.66537e-05
 Reference value :  3.69502e-05
 Reference value :  3.72403e-05
 Reference value :  3.75401e-05
 Reference value :  3.78106e-05
 Reference value :  3.80803e-05
 Reference value :  3.83602e-05
 Reference value :  3.86509e-05
 Reference value :  3.89302e-05
 Reference value :  3.92029e-05
 Reference value :  3.94923e-05
 Reference value :  3.97703e-05
 Reference value :  4.00601e-05
 Reference value :  4.03412e-05
 Reference value :  4.06306e-05
 Reference value :  4.09105e-05
 Reference value :  4.12042e-05
 Reference value :  4.14812e-05
 Reference value :  4.17503e-05
 Reference value :  4.20400e-05
 Reference value :  4.23203e-05
 Reference value :  4.25908e-05
 Reference value :  4.28812e-05
 Reference value :  4.31612e-05
 Reference value :  4.34354e-05
 Reference value :  4.37211e-05
 Reference value :  4.40200e-05
 Reference value :  4.42901e-05
 Reference value :  4.45602e-05
 Reference value :  4.48301e-05
 Reference value :  4.51402e-05
 Reference value :  4.54301e-05
 Reference value :  4.56838e-05
 Reference value :  4.59706e-05
 Reference value :  4.63000e-05
 Reference value :  4.65701e-05
 Reference value :  4.68410e-05
 Reference value :  4.71174e-05
 Reference value :  4.73802e-05
 Reference value :  4.76501e-05
 Reference value :  4.79309e-05
 Reference value :  4.82302e-05
 Reference value :  4.85015e-05
 Reference value :  4.88030e-05
 Reference value :  4.90922e-05
 Reference value :  4.93627e-05
 Reference value :  4.96308e-05
 Reference value :  4.99300e-05
 Reference value :  5.02112e-05
 Reference value :  5.04810e-05
 Reference value :  5.07511e-05
 Reference value :  5.10707e-05
 Reference value :  5.13513e-05
 Reference value :  5.16502e-05
 Reference value :  5.19501e-05
 Reference value :  5.22403e-05
 Reference value :  5.25207e-05
 Reference value :  5.28109e-05
 Reference value :  5.31202e-05
 Reference value :  5.33923e-05
 Reference value :  5.36801e-05
 Reference value :  5.39607e-05
 Reference value :  5.42507e-05
 Reference value :  5.45226e-05
 Reference value :  5.48144e-05
 Reference value :  5.51003e-05
 Reference value :  5.53702e-05
 Reference value :  5.56423e-05
 Reference value :  5.59405e-05
 Reference value :  5.62312e-05
 Reference value :  5.65301e-05
 Reference value :  5.68102e-05
 Reference value :  5.71001e-05
 Reference value :  5.73803e-05
 Reference value :  5.76701e-05
 Reference value :  5.80101e-05
 Reference value :  5.83004e-05
 Reference value :  5.86004e-05
 Reference value :  5.88802e-05
 Reference value :  5.91502e-05
 Reference value :  5.94211e-05
 Reference value :  5.97407e-05
 Reference value :  6.00502e-05
 Reference value :  6.03502e-05
 Reference value :  6.06501e-05
 Reference value :  6.09401e-05
 Reference value :  6.12204e-05
 Reference value :  6.15202e-05
 Reference value :  6.18101e-05
 Reference value :  6.20810e-05
 Reference value :  6.23802e-05
 Reference value :  6.26604e-05
 Reference value :  6.29500e-05
 Reference value :  6.32303e-05
 Reference value :  6.35212e-05
 Reference value :  6.38203e-05
 Reference value :  6.41010e-05
 Reference value :  6.43858e-05
 Reference value :  6.46600e-05
 Reference value :  6.49340e-05
 Reference value :  6.52402e-05
 Reference value :  6.55118e-05
 Reference value :  6.58000e-05
 Reference value :  6.60711e-05
 Reference value :  6.63507e-05
 Reference value :  6.66400e-05
 Reference value :  6.69113e-05
 Reference value :  6.72059e-05
 Reference value :  6.74810e-05
 Reference value :  6.77802e-05
 Reference value :  6.80906e-05
 Reference value :  6.83804e-05
 Reference value :  6.86606e-05
 Reference value :  6.89302e-05
 Reference value :  6.92902e-05
 Reference value :  6.95804e-05
 Reference value :  6.98612e-05
 Reference value :  7.01602e-05
 Reference value :  7.04317e-05
 Reference value :  7.07501e-05
 Reference value :  7.11401e-05
 Reference value :  7.15006e-05
 Reference value :  7.18603e-05
 Reference value :  7.21714e-05
 Reference value :  7.24605e-05
 Reference value :  7.27309e-05
 Reference value :  7.30105e-05
 Reference value :  7.33110e-05
 Reference value :  7.36008e-05
 Reference value :  7.38710e-05
 Reference value :  7.41704e-05
 Reference value :  7.44502e-05
 Reference value :  7.47401e-05
 Reference value :  7.50103e-05
 Reference value :  7.53119e-05
 Reference value :  7.56102e-05
 Reference value :  7.58902e-05
 Reference value :  7.61913e-05
 Reference value :  7.64715e-05
 Reference value :  7.67520e-05
 Reference value :  7.70501e-05
 Reference value :  7.73500e-05
 Reference value :  7.76243e-05
 Reference value :  7.79006e-05
 Reference value :  7.81907e-05
 Reference value :  7.84702e-05
 Reference value :  7.87602e-05
 Reference value :  7.90612e-05
 Reference value :  7.93601e-05
 Reference value :  7.96402e-05
 Reference value :  7.99307e-05
No. of Data Rows : 278400
t_flip              =  2.78823e-05
vos_v               =  -1.21177e-02
m_dut_vos = -1.211768000e-02
Note: Simulation executed from .control section 

Warning: m=xx on .subckt line will override multiplier m hierarchy!

Note: Starting dynamic gmin stepping
Note: Dynamic gmin stepping completed
