
Note: Compatibility modes selected: hs a


Circuit: * comparator-regeneration-vosprobe @ fs_125c_3.63v -- generated by sim/harness, do not edit

Doing analysis at TEMP = 125.000000 and TNOM = 27.000000

Using SPARSE 1.3 as Direct Linear Solver

Initial Transient Solution
--------------------------

Node                                   Voltage
----                                   -------
vdd                                       3.63
cm                                        1.65
clk                                          0
rmp                                      -0.04
vp                                        1.63
vn                                        1.67
ibn                                    0.89927
xdut.xlayout_dut.sp__t2            7.43286e-09
xdut.xlayout_dut.qp__t6                   3.63
xdut.xlayout_dut.vss__t17          5.04797e-11
xdut.xlayout_dut.vss__t2           5.49354e-19
xdut.xlayout_dut.dout__t3              1.67588
xdut.xlayout_dut.sp__t3            7.54543e-09
xdut.xlayout_dut.vss__t25          6.06923e-10
xdut.xlayout_dut.vss__t3           2.13968e-11
xdut.xlayout_dut.dout__t2              1.66785
xdut.xlayout_dut.doutb__t0              1.6794
xdut.xlayout_dut.vss__t24           0.00228494
xdut.xlayout_dut.vss__t4           2.26146e-11
xdut.xlayout_dut.ibias__t0            0.897992
xdut.xlayout_dut.ibias__t1             0.89927
xdut.xlayout_dut.vss__t20          0.000254896
xdut.xlayout_dut.vss__t8           3.57236e-11
xdut.xlayout_dut.sn__t2            7.43276e-09
xdut.xlayout_dut.qn__t6                   3.63
xdut.xlayout_dut.vss__t23          5.03857e-11
xdut.xlayout_dut.vss__t5           5.48317e-19
xdut.xlayout_dut.doutb__t1              1.6794
xdut.xlayout_dut.sn__t3            7.60349e-09
xdut.xlayout_dut.vss__t22          6.06387e-10
xdut.xlayout_dut.vss__t6            2.1408e-11
xdut.xlayout_dut.doutb__t4             1.67213
xdut.xlayout_dut.dout__t4              1.67588
xdut.xlayout_dut.vss__t21           0.00227203
xdut.xlayout_dut.vss__t7           2.26405e-11
xdut.xlayout_dut.qn__t4                   3.63
xdut.xlayout_dut.qp__t0                   3.63
xdut.xlayout_dut.mn__t0                   3.63
xdut.xlayout_dut.vss__t9           5.53731e-11
xdut.xlayout_dut.mn__t1                   3.63
xdut.xlayout_dut.aop__t2               2.19123
xdut.xlayout_dut.ltail__t0             2.14778
xdut.xlayout_dut.vss__t11          4.37037e-11
xdut.xlayout_dut.atail__t0            0.821593
xdut.xlayout_dut.ibias__t2             0.89927
xdut.xlayout_dut.vss__t19          0.000493868
xdut.xlayout_dut.vss__t13          4.35535e-11
xdut.xlayout_dut.qp__t1                   3.63
xdut.xlayout_dut.qn__t5                   3.63
xdut.xlayout_dut.mp__t2                   3.63
xdut.xlayout_dut.vss__t10          5.54727e-11
xdut.xlayout_dut.ltail__t1             2.14778
xdut.xlayout_dut.clk__t2                     0
xdut.xlayout_dut.vss__t18           2.3134e-09
xdut.xlayout_dut.vss__t14          2.03783e-11
xdut.xlayout_dut.mp__t1                   3.63
xdut.xlayout_dut.aon__t0               2.74316
xdut.xlayout_dut.ltail__t2             2.14778
xdut.xlayout_dut.vss__t12          4.41468e-11
xdut.xlayout_dut.aon__t1               2.74254
xdut.xlayout_dut.vinp__t0                 1.63
xdut.xlayout_dut.atail__t1            0.822171
xdut.xlayout_dut.vss__t15          2.44853e-08
xdut.xlayout_dut.aop__t1               2.18969
xdut.xlayout_dut.vinn__t0                 1.67
xdut.xlayout_dut.atail__t2            0.822511
xdut.xlayout_dut.vss__t16          2.76847e-10
xdut.xlayout_dut.mn__t2                   3.63
xdut.xlayout_dut.clk__t0                     0
xdut.xlayout_dut.vdd__t0                  3.63
xdut.xlayout_dut.vdd__t1                  3.63
xdut.xlayout_dut.qn__t1                   3.63
xdut.xlayout_dut.clk__t1                     0
xdut.xlayout_dut.vdd__t2                  3.63
xdut.xlayout_dut.vdd__t3                  3.63
xdut.xlayout_dut.sp__t0            7.79207e-09
xdut.xlayout_dut.qp__t2                   3.63
xdut.xlayout_dut.vdd__t4                  3.63
xdut.xlayout_dut.vdd__t5                  3.63
xdut.xlayout_dut.mp__t0                   3.63
xdut.xlayout_dut.clk__t4                     0
xdut.xlayout_dut.vdd__t21                 3.63
xdut.xlayout_dut.vdd__t20                 3.63
xdut.xlayout_dut.qn__t0                   3.63
xdut.xlayout_dut.qp__t3                   3.63
xdut.xlayout_dut.vdd__t6                  3.63
xdut.xlayout_dut.vdd__t7                  3.63
xdut.xlayout_dut.qp__t4                   3.63
xdut.xlayout_dut.clk__t3                     0
xdut.xlayout_dut.vdd__t19                 3.63
xdut.xlayout_dut.vdd__t18                 3.63
xdut.xlayout_dut.na__t1                3.44341
xdut.xlayout_dut.sp__t1            7.54543e-09
xdut.xlayout_dut.vdd__t23              3.62691
xdut.xlayout_dut.vdd__t8                  3.63
xdut.xlayout_dut.dout__t0              1.68178
xdut.xlayout_dut.doutb__t2              1.6794
xdut.xlayout_dut.na__t0                3.44053
xdut.xlayout_dut.vdd__t13                 3.63
xdut.xlayout_dut.sn__t0            7.87172e-09
xdut.xlayout_dut.qn__t3                   3.63
xdut.xlayout_dut.vdd__t17                 3.63
xdut.xlayout_dut.vdd__t16                 3.63
xdut.xlayout_dut.qp__t5                   3.63
xdut.xlayout_dut.qn__t2                   3.63
xdut.xlayout_dut.vdd__t15                 3.63
xdut.xlayout_dut.vdd__t14                 3.63
xdut.xlayout_dut.nb__t1                  3.444
xdut.xlayout_dut.sn__t1            7.60349e-09
xdut.xlayout_dut.vdd__t22              3.62666
xdut.xlayout_dut.vdd__t12                 3.63
xdut.xlayout_dut.doutb__t3             1.69523
xdut.xlayout_dut.dout__t1              1.67588
xdut.xlayout_dut.nb__t0                 3.4366
xdut.xlayout_dut.vdd__t11                 3.63
xdut.xlayout_dut.aon__t2               2.74341
xdut.xlayout_dut.x$28.11               2.74383
xdut.xlayout_dut.vss__t0                     0
xdut.xlayout_dut.x$28.21               3.62859
xdut.xlayout_dut.vdd__t10              3.62902
xdut.xlayout_dut.aop__t0               2.19167
xdut.xlayout_dut.x$29.11               2.19236
xdut.xlayout_dut.vss__t1                     0
xdut.xlayout_dut.x$29.21               3.62867
xdut.xlayout_dut.vdd__t9               3.62937
xdut.xlayout_dut.aon                   2.74316
vsubs                                        0
xdut.xlayout_dut.aop                   2.19123
xdut.xlayout_dut.atail                 0.82209
dout                                   1.67588
doutb                                   1.6794
xdut.xlayout_dut.ltail                 2.14778
xdut.xlayout_dut.mn                       3.63
xdut.xlayout_dut.mp                       3.63
xdut.xlayout_dut.na                    3.44197
xdut.xlayout_dut.nb                     3.4403
xdut.xlayout_dut.qn                       3.63
xdut.xlayout_dut.qp                       3.63
xdut.xlayout_dut.sn                7.60349e-09
xdut.xlayout_dut.sp                7.54543e-09
dn                                    0.461676
bdn#branch                                   0
bnn#branch                         1.17161e-18
bpp#branch                          3.4199e-19
vrmp#branch                                  0
vclk#branch                                  0
vcm#branch                                   0
vsup#branch                       -0.000417393

 Reference value :  1.30104e-07
 Reference value :  3.95132e-07
 Reference value :  6.50523e-07
 Reference value :  9.40013e-07
 Reference value :  1.24010e-06
 Reference value :  1.51049e-06
 Reference value :  1.81025e-06
 Reference value :  2.09067e-06
 Reference value :  2.38386e-06
 Reference value :  2.69011e-06
 Reference value :  2.98011e-06
 Reference value :  3.25044e-06
 Reference value :  3.52073e-06
 Reference value :  3.82010e-06
 Reference value :  4.10019e-06
 Reference value :  4.39005e-06
 Reference value :  4.67013e-06
 Reference value :  4.96030e-06
 Reference value :  5.26016e-06
 Reference value :  5.54022e-06
 Reference value :  5.81033e-06
 Reference value :  6.10002e-06
 Reference value :  6.35053e-06
 Reference value :  6.64023e-06
 Reference value :  6.91010e-06
 Reference value :  7.19053e-06
 Reference value :  7.49020e-06
 Reference value :  7.76011e-06
 Reference value :  8.03073e-06
 Reference value :  8.30107e-06
 Reference value :  8.60618e-06
 Reference value :  8.90011e-06
 Reference value :  9.17152e-06
 Reference value :  9.49005e-06
 Reference value :  9.76009e-06
 Reference value :  1.00308e-05
 Reference value :  1.03403e-05
 Reference value :  1.06710e-05
 Reference value :  1.09602e-05
 Reference value :  1.12302e-05
 Reference value :  1.15002e-05
 Reference value :  1.17801e-05
 Reference value :  1.20714e-05
 Reference value :  1.23511e-05
 Reference value :  1.26669e-05
 Reference value :  1.29423e-05
 Reference value :  1.32202e-05
 Reference value :  1.34902e-05
 Reference value :  1.37602e-05
 Reference value :  1.40518e-05
 Reference value :  1.43309e-05
 Reference value :  1.46201e-05
 Reference value :  1.48901e-05
 Reference value :  1.51702e-05
 Reference value :  1.54538e-05
 Reference value :  1.57402e-05
 Reference value :  1.60402e-05
 Reference value :  1.63300e-05
 Reference value :  1.66001e-05
 Reference value :  1.68538e-05
 Reference value :  1.71297e-05
 Reference value :  1.74211e-05
 Reference value :  1.77101e-05
 Reference value :  1.79808e-05
 Reference value :  1.82618e-05
 Reference value :  1.85500e-05
 Reference value :  1.88201e-05
 Reference value :  1.90909e-05
 Reference value :  1.93703e-05
 Reference value :  1.96720e-05
 Reference value :  1.99603e-05
 Reference value :  2.02605e-05
 Reference value :  2.05424e-05
 Reference value :  2.08308e-05
 Reference value :  2.11301e-05
 Reference value :  2.14601e-05
 Reference value :  2.17312e-05
 Reference value :  2.20300e-05
 Reference value :  2.23004e-05
 Reference value :  2.25712e-05
 Reference value :  2.28510e-05
 Reference value :  2.31510e-05
 Reference value :  2.34412e-05
 Reference value :  2.37206e-05
 Reference value :  2.40400e-05
 Reference value :  2.42901e-05
 Reference value :  2.45554e-05
 Reference value :  2.48215e-05
 Reference value :  2.50703e-05
 Reference value :  2.53310e-05
 Reference value :  2.56001e-05
 Reference value :  2.58701e-05
 Reference value :  2.61401e-05
 Reference value :  2.64101e-05
 Reference value :  2.66809e-05
 Reference value :  2.69602e-05
 Reference value :  2.72302e-05
 Reference value :  2.75012e-05
 Reference value :  2.77701e-05
 Reference value :  2.80601e-05
 Reference value :  2.83601e-05
 Reference value :  2.86402e-05
 Reference value :  2.89002e-05
 Reference value :  2.91704e-05
 Reference value :  2.94401e-05
 Reference value :  2.97101e-05
 Reference value :  2.99800e-05
 Reference value :  3.02513e-05
 Reference value :  3.05365e-05
 Reference value :  3.08201e-05
 Reference value :  3.11002e-05
 Reference value :  3.13710e-05
 Reference value :  3.16419e-05
 Reference value :  3.19301e-05
 Reference value :  3.22610e-05
 Reference value :  3.25305e-05
 Reference value :  3.28166e-05
 Reference value :  3.30811e-05
 Reference value :  3.33501e-05
 Reference value :  3.36214e-05
 Reference value :  3.39105e-05
 Reference value :  3.42101e-05
 Reference value :  3.44907e-05
 Reference value :  3.47601e-05
 Reference value :  3.50218e-05
 Reference value :  3.53201e-05
 Reference value :  3.55902e-05
 Reference value :  3.58602e-05
 Reference value :  3.61307e-05
 Reference value :  3.64116e-05
 Reference value :  3.66819e-05
 Reference value :  3.69708e-05
 Reference value :  3.72700e-05
 Reference value :  3.75508e-05
 Reference value :  3.78426e-05
 Reference value :  3.81210e-05
 Reference value :  3.84109e-05
 Reference value :  3.86813e-05
 Reference value :  3.89801e-05
 Reference value :  3.92608e-05
 Reference value :  3.95310e-05
 Reference value :  3.98302e-05
 Reference value :  4.01030e-05
 Reference value :  4.03933e-05
 Reference value :  4.06902e-05
 Reference value :  4.09711e-05
 Reference value :  4.12610e-05
 Reference value :  4.15309e-05
 Reference value :  4.18112e-05
 Reference value :  4.21307e-05
 Reference value :  4.24302e-05
 Reference value :  4.27102e-05
 Reference value :  4.29806e-05
 Reference value :  4.33303e-05
 Reference value :  4.36008e-05
 Reference value :  4.38814e-05
 Reference value :  4.41509e-05
 Reference value :  4.44206e-05
 Reference value :  4.47107e-05
 Reference value :  4.50101e-05
 Reference value :  4.52801e-05
 Reference value :  4.55800e-05
 Reference value :  4.58507e-05
 Reference value :  4.61201e-05
 Reference value :  4.63900e-05
 Reference value :  4.66604e-05
 Reference value :  4.69404e-05
 Reference value :  4.72014e-05
 Reference value :  4.74703e-05
 Reference value :  4.77702e-05
 Reference value :  4.80509e-05
 Reference value :  4.83401e-05
 Reference value :  4.86268e-05
 Reference value :  4.89401e-05
 Reference value :  4.92103e-05
 Reference value :  4.94911e-05
 Reference value :  4.97902e-05
 Reference value :  5.00603e-05
 Reference value :  5.03303e-05
 Reference value :  5.06208e-05
 Reference value :  5.08911e-05
 Reference value :  5.11676e-05
 Reference value :  5.14601e-05
 Reference value :  5.17402e-05
 Reference value :  5.20010e-05
 Reference value :  5.22802e-05
 Reference value :  5.25802e-05
 Reference value :  5.28700e-05
 Reference value :  5.31503e-05
 Reference value :  5.34245e-05
 Reference value :  5.37121e-05
 Reference value :  5.39822e-05
 Reference value :  5.42612e-05
 Reference value :  5.45602e-05
 Reference value :  5.48902e-05
 Reference value :  5.51806e-05
 Reference value :  5.54626e-05
 Reference value :  5.57501e-05
 Reference value :  5.60010e-05
 Reference value :  5.62901e-05
 Reference value :  5.65731e-05
 Reference value :  5.68702e-05
 Reference value :  5.71601e-05
 Reference value :  5.74306e-05
 Reference value :  5.77101e-05
 Reference value :  5.79802e-05
 Reference value :  5.82700e-05
 Reference value :  5.85407e-05
 Reference value :  5.88105e-05
 Reference value :  5.91132e-05
 Reference value :  5.93906e-05
 Reference value :  5.96611e-05
 Reference value :  5.99500e-05
 Reference value :  6.02302e-05
 Reference value :  6.05201e-05
 Reference value :  6.08001e-05
 Reference value :  6.10702e-05
 Reference value :  6.13323e-05
 Reference value :  6.16234e-05
 Reference value :  6.19301e-05
 Reference value :  6.22004e-05
 Reference value :  6.24802e-05
 Reference value :  6.27701e-05
 Reference value :  6.30401e-05
 Reference value :  6.33202e-05
 Reference value :  6.36202e-05
 Reference value :  6.39101e-05
 Reference value :  6.41821e-05
 Reference value :  6.44801e-05
 Reference value :  6.47802e-05
 Reference value :  6.50602e-05
 Reference value :  6.53342e-05
 Reference value :  6.56202e-05
 Reference value :  6.59603e-05
 Reference value :  6.62503e-05
 Reference value :  6.65325e-05
 Reference value :  6.68309e-05
 Reference value :  6.71302e-05
 Reference value :  6.74576e-05
 Reference value :  6.78502e-05
 Reference value :  6.82016e-05
 Reference value :  6.85602e-05
 Reference value :  6.88601e-05
 Reference value :  6.91318e-05
 Reference value :  6.94101e-05
 Reference value :  6.97009e-05
 Reference value :  7.00012e-05
 Reference value :  7.02801e-05
 Reference value :  7.05584e-05
 Reference value :  7.08513e-05
 Reference value :  7.11401e-05
 Reference value :  7.14101e-05
 Reference value :  7.17101e-05
 Reference value :  7.19984e-05
 Reference value :  7.22801e-05
 Reference value :  7.25832e-05
 Reference value :  7.28610e-05
 Reference value :  7.31501e-05
 Reference value :  7.34302e-05
 Reference value :  7.37207e-05
 Reference value :  7.40003e-05
 Reference value :  7.42758e-05
 Reference value :  7.45601e-05
 Reference value :  7.48306e-05
 Reference value :  7.51101e-05
 Reference value :  7.54003e-05
 Reference value :  7.57007e-05
 Reference value :  7.59803e-05
 Reference value :  7.62701e-05
 Reference value :  7.65708e-05
 Reference value :  7.68503e-05
 Reference value :  7.71202e-05
 Reference value :  7.74101e-05
 Reference value :  7.77507e-05
 Reference value :  7.80207e-05
 Reference value :  7.83202e-05
 Reference value :  7.86123e-05
 Reference value :  7.88907e-05
 Reference value :  7.91602e-05
 Reference value :  7.94615e-05
 Reference value :  7.97502e-05
No. of Data Rows : 283410
t_flip              =  2.50021e-05
vos_v               =  -1.49979e-02
m_dut_vos = -1.499791000e-02
Note: Simulation executed from .control section 

Warning: m=xx on .subckt line will override multiplier m hierarchy!

Note: Starting dynamic gmin stepping
Note: Dynamic gmin stepping completed
