
Note: Compatibility modes selected: hs a


Circuit: * comparator-regeneration @ fs_27c_2.97v -- generated by sim/harness, do not edit

Doing analysis at TEMP = 27.000000 and TNOM = 27.000000

Using SPARSE 1.3 as Direct Linear Solver

Initial Transient Solution
--------------------------

Node                                   Voltage
----                                   -------
vdd                                       2.97
vdda                                      2.97
clk                                          0
cm                                        1.65
sa                                   -0.056208
apa                                     1.6219
ana                                     1.6781
ibna                                   0.91521
xa.xlayout_dut.sp__t2              3.61698e-09
xa.xlayout_dut.qp__t6                     2.97
xa.xlayout_dut.vss__t17            2.87326e-11
xa.xlayout_dut.vss__t2             3.45076e-20
xa.xlayout_dut.dout__t3            3.82978e-09
xa.xlayout_dut.sp__t3              3.68105e-09
xa.xlayout_dut.vss__t25            1.21784e-19
xa.xlayout_dut.vss__t3             4.28853e-20
xa.xlayout_dut.dout__t2            3.70148e-09
xa.xlayout_dut.doutb__t0                  2.97
xa.xlayout_dut.vss__t24              3.651e-11
xa.xlayout_dut.vss__t4             4.40169e-20
xa.xlayout_dut.ibias__t0              0.913932
xa.xlayout_dut.ibias__t1               0.91521
xa.xlayout_dut.vss__t20            0.000254896
xa.xlayout_dut.vss__t8             2.33023e-11
xa.xlayout_dut.sn__t2              3.61693e-09
xa.xlayout_dut.qn__t6                     2.97
xa.xlayout_dut.vss__t23            2.86791e-11
xa.xlayout_dut.vss__t5             3.44423e-20
xa.xlayout_dut.doutb__t1                  2.97
xa.xlayout_dut.sn__t3               3.7141e-09
xa.xlayout_dut.vss__t22             1.6071e-12
xa.xlayout_dut.vss__t6              3.3228e-11
xa.xlayout_dut.doutb__t4                  2.97
xa.xlayout_dut.dout__t4            3.82978e-09
xa.xlayout_dut.vss__t21            1.69022e-12
xa.xlayout_dut.vss__t7             3.49468e-11
xa.xlayout_dut.qn__t4                     2.97
xa.xlayout_dut.qp__t0                     2.97
xa.xlayout_dut.mn__t0                     2.97
xa.xlayout_dut.vss__t9             3.89888e-11
xa.xlayout_dut.mn__t1                     2.97
xa.xlayout_dut.aop__t2                 1.22595
xa.xlayout_dut.ltail__t0               1.65865
xa.xlayout_dut.vss__t11            2.76808e-11
xa.xlayout_dut.atail__t0              0.759889
xa.xlayout_dut.ibias__t2               0.91521
xa.xlayout_dut.vss__t19            0.000496881
xa.xlayout_dut.vss__t13            1.86318e-11
xa.xlayout_dut.qp__t1                     2.97
xa.xlayout_dut.qn__t5                     2.97
xa.xlayout_dut.mp__t2                     2.97
xa.xlayout_dut.vss__t10             3.9059e-11
xa.xlayout_dut.ltail__t1               1.65865
xa.xlayout_dut.clk__t2                       0
xa.xlayout_dut.vss__t18            5.50526e-12
xa.xlayout_dut.vss__t14            8.95804e-12
xa.xlayout_dut.mp__t1                     2.97
xa.xlayout_dut.aon__t0                 2.20539
xa.xlayout_dut.ltail__t2               1.65865
xa.xlayout_dut.vss__t12            2.79584e-11
xa.xlayout_dut.aon__t1                 2.20489
xa.xlayout_dut.vinp__t0                 1.6219
xa.xlayout_dut.atail__t1              0.760454
xa.xlayout_dut.vss__t15            3.25809e-10
xa.xlayout_dut.aop__t1                 1.22421
xa.xlayout_dut.vinn__t0                 1.6781
xa.xlayout_dut.atail__t2              0.760865
xa.xlayout_dut.vss__t16            4.78376e-11
xa.xlayout_dut.mn__t2                     2.97
xa.xlayout_dut.clk__t0                       0
xa.xlayout_dut.vdd__t0                    2.97
xa.xlayout_dut.vdd__t1                    2.97
xa.xlayout_dut.qn__t1                     2.97
xa.xlayout_dut.clk__t1                       0
xa.xlayout_dut.vdd__t2                    2.97
xa.xlayout_dut.vdd__t3                    2.97
xa.xlayout_dut.sp__t0              3.82144e-09
xa.xlayout_dut.qp__t2                     2.97
xa.xlayout_dut.vdd__t4                    2.97
xa.xlayout_dut.vdd__t5                    2.97
xa.xlayout_dut.mp__t0                     2.97
xa.xlayout_dut.clk__t4                       0
xa.xlayout_dut.vdd__t21                   2.97
xa.xlayout_dut.vdd__t20                   2.97
xa.xlayout_dut.qn__t0                     2.97
xa.xlayout_dut.qp__t3                     2.97
xa.xlayout_dut.vdd__t6                    2.97
xa.xlayout_dut.vdd__t7                    2.97
xa.xlayout_dut.qp__t4                     2.97
xa.xlayout_dut.clk__t3                       0
xa.xlayout_dut.vdd__t19                   2.97
xa.xlayout_dut.vdd__t18                   2.97
xa.xlayout_dut.na__t1                     2.97
xa.xlayout_dut.sp__t1              3.68105e-09
xa.xlayout_dut.vdd__t23                   2.97
xa.xlayout_dut.vdd__t8                    2.97
xa.xlayout_dut.dout__t0            3.92399e-09
xa.xlayout_dut.doutb__t2                  2.97
xa.xlayout_dut.na__t0                     2.97
xa.xlayout_dut.vdd__t13                   2.97
xa.xlayout_dut.sn__t0              3.86677e-09
xa.xlayout_dut.qn__t3                     2.97
xa.xlayout_dut.vdd__t17                   2.97
xa.xlayout_dut.vdd__t16                   2.97
xa.xlayout_dut.qp__t5                     2.97
xa.xlayout_dut.qn__t2                     2.97
xa.xlayout_dut.vdd__t15                   2.97
xa.xlayout_dut.vdd__t14                   2.97
xa.xlayout_dut.nb__t1                     2.97
xa.xlayout_dut.sn__t1               3.7141e-09
xa.xlayout_dut.vdd__t22                   2.97
xa.xlayout_dut.vdd__t12                   2.97
xa.xlayout_dut.doutb__t3                  2.97
xa.xlayout_dut.dout__t1            3.82978e-09
xa.xlayout_dut.nb__t0                     2.97
xa.xlayout_dut.vdd__t11                   2.97
xa.xlayout_dut.aon__t2                 2.20559
xa.xlayout_dut.x$28.11                 2.20612
xa.xlayout_dut.vss__t0                       0
xa.xlayout_dut.x$28.21                 2.96867
xa.xlayout_dut.vdd__t10                2.96921
xa.xlayout_dut.aop__t0                 1.22644
xa.xlayout_dut.x$29.11                 1.22767
xa.xlayout_dut.vss__t1                       0
xa.xlayout_dut.x$29.21                 2.96806
xa.xlayout_dut.vdd__t9                 2.96928
xa.xlayout_dut.aon                     2.20539
vsubs                                        0
xa.xlayout_dut.aop                     1.22595
xa.xlayout_dut.atail                  0.760388
douta                              3.82978e-09
doutba                                    2.97
xa.xlayout_dut.ltail                   1.65865
xa.xlayout_dut.mn                         2.97
xa.xlayout_dut.mp                         2.97
xa.xlayout_dut.na                         2.97
xa.xlayout_dut.nb                         2.97
xa.xlayout_dut.qn                         2.97
xa.xlayout_dut.qp                         2.97
xa.xlayout_dut.sn                   3.7141e-09
xa.xlayout_dut.sp                  3.68105e-09
sb                                 -0.00720798
apb                                     1.6464
anb                                     1.6536
ibnb                                   0.91521
xb.xlayout_dut.sp__t2              3.61698e-09
xb.xlayout_dut.qp__t6                     2.97
xb.xlayout_dut.vss__t17            2.87326e-11
xb.xlayout_dut.vss__t2             3.45076e-20
xb.xlayout_dut.dout__t3            3.82978e-09
xb.xlayout_dut.sp__t3              3.68105e-09
xb.xlayout_dut.vss__t25            1.21784e-19
xb.xlayout_dut.vss__t3             4.28853e-20
xb.xlayout_dut.dout__t2            3.70148e-09
xb.xlayout_dut.doutb__t0                  2.97
xb.xlayout_dut.vss__t24              3.651e-11
xb.xlayout_dut.vss__t4             4.40169e-20
xb.xlayout_dut.ibias__t0              0.913932
xb.xlayout_dut.ibias__t1               0.91521
xb.xlayout_dut.vss__t20            0.000254896
xb.xlayout_dut.vss__t8             2.33023e-11
xb.xlayout_dut.sn__t2              3.61693e-09
xb.xlayout_dut.qn__t6                     2.97
xb.xlayout_dut.vss__t23            2.86791e-11
xb.xlayout_dut.vss__t5             3.44423e-20
xb.xlayout_dut.doutb__t1                  2.97
xb.xlayout_dut.sn__t3               3.7141e-09
xb.xlayout_dut.vss__t22             1.6071e-12
xb.xlayout_dut.vss__t6              3.3228e-11
xb.xlayout_dut.doutb__t4                  2.97
xb.xlayout_dut.dout__t4            3.82978e-09
xb.xlayout_dut.vss__t21            1.69022e-12
xb.xlayout_dut.vss__t7             3.49468e-11
xb.xlayout_dut.qn__t4                     2.97
xb.xlayout_dut.qp__t0                     2.97
xb.xlayout_dut.mn__t0                     2.97
xb.xlayout_dut.vss__t9             3.89888e-11
xb.xlayout_dut.mn__t1                     2.97
xb.xlayout_dut.aop__t2                 1.65318
xb.xlayout_dut.ltail__t0               1.31333
xb.xlayout_dut.vss__t11            2.56157e-11
xb.xlayout_dut.atail__t0              0.756929
xb.xlayout_dut.ibias__t2               0.91521
xb.xlayout_dut.vss__t19            0.000496865
xb.xlayout_dut.vss__t13            1.85593e-11
xb.xlayout_dut.qp__t1                     2.97
xb.xlayout_dut.qn__t5                     2.97
xb.xlayout_dut.mp__t2                     2.97
xb.xlayout_dut.vss__t10             3.9059e-11
xb.xlayout_dut.ltail__t1               1.31333
xb.xlayout_dut.clk__t2                       0
xb.xlayout_dut.vss__t18            5.21091e-12
xb.xlayout_dut.vss__t14              7.093e-12
xb.xlayout_dut.mp__t1                     2.97
xb.xlayout_dut.aon__t0                 1.77798
xb.xlayout_dut.ltail__t2               1.31333
xb.xlayout_dut.vss__t12            2.58729e-11
xb.xlayout_dut.aon__t1                  1.7772
xb.xlayout_dut.vinp__t0                 1.6464
xb.xlayout_dut.atail__t1               0.75753
xb.xlayout_dut.vss__t15            6.00608e-11
xb.xlayout_dut.aop__t1                 1.65187
xb.xlayout_dut.vinn__t0                 1.6536
xb.xlayout_dut.atail__t2              0.757789
xb.xlayout_dut.vss__t16             5.8071e-11
xb.xlayout_dut.mn__t2                     2.97
xb.xlayout_dut.clk__t0                       0
xb.xlayout_dut.vdd__t0                    2.97
xb.xlayout_dut.vdd__t1                    2.97
xb.xlayout_dut.qn__t1                     2.97
xb.xlayout_dut.clk__t1                       0
xb.xlayout_dut.vdd__t2                    2.97
xb.xlayout_dut.vdd__t3                    2.97
xb.xlayout_dut.sp__t0              3.82144e-09
xb.xlayout_dut.qp__t2                     2.97
xb.xlayout_dut.vdd__t4                    2.97
xb.xlayout_dut.vdd__t5                    2.97
xb.xlayout_dut.mp__t0                     2.97
xb.xlayout_dut.clk__t4                       0
xb.xlayout_dut.vdd__t21                   2.97
xb.xlayout_dut.vdd__t20                   2.97
xb.xlayout_dut.qn__t0                     2.97
xb.xlayout_dut.qp__t3                     2.97
xb.xlayout_dut.vdd__t6                    2.97
xb.xlayout_dut.vdd__t7                    2.97
xb.xlayout_dut.qp__t4                     2.97
xb.xlayout_dut.clk__t3                       0
xb.xlayout_dut.vdd__t19                   2.97
xb.xlayout_dut.vdd__t18                   2.97
xb.xlayout_dut.na__t1                     2.97
xb.xlayout_dut.sp__t1              3.68105e-09
xb.xlayout_dut.vdd__t23                   2.97
xb.xlayout_dut.vdd__t8                    2.97
xb.xlayout_dut.dout__t0            3.92399e-09
xb.xlayout_dut.doutb__t2                  2.97
xb.xlayout_dut.na__t0                     2.97
xb.xlayout_dut.vdd__t13                   2.97
xb.xlayout_dut.sn__t0              3.86677e-09
xb.xlayout_dut.qn__t3                     2.97
xb.xlayout_dut.vdd__t17                   2.97
xb.xlayout_dut.vdd__t16                   2.97
xb.xlayout_dut.qp__t5                     2.97
xb.xlayout_dut.qn__t2                     2.97
xb.xlayout_dut.vdd__t15                   2.97
xb.xlayout_dut.vdd__t14                   2.97
xb.xlayout_dut.nb__t1                     2.97
xb.xlayout_dut.sn__t1               3.7141e-09
xb.xlayout_dut.vdd__t22                   2.97
xb.xlayout_dut.vdd__t12                   2.97
xb.xlayout_dut.doutb__t3                  2.97
xb.xlayout_dut.dout__t1            3.82978e-09
xb.xlayout_dut.nb__t0                     2.97
xb.xlayout_dut.vdd__t11                   2.97
xb.xlayout_dut.aon__t2                 1.77829
xb.xlayout_dut.x$28.11                 1.77912
xb.xlayout_dut.vss__t0                       0
xb.xlayout_dut.x$28.21                 2.96793
xb.xlayout_dut.vdd__t10                2.96877
xb.xlayout_dut.aop__t0                 1.65355
xb.xlayout_dut.x$29.11                 1.65448
xb.xlayout_dut.vss__t1                       0
xb.xlayout_dut.x$29.21                 2.96854
xb.xlayout_dut.vdd__t9                 2.96946
xb.xlayout_dut.aon                     1.77798
xb.xlayout_dut.aop                     1.65318
xb.xlayout_dut.atail                  0.757429
doutb                              3.82978e-09
doutbb                                    2.97
xb.xlayout_dut.ltail                   1.31333
xb.xlayout_dut.mn                         2.97
xb.xlayout_dut.mp                         2.97
xb.xlayout_dut.na                         2.97
xb.xlayout_dut.nb                         2.97
xb.xlayout_dut.qn                         2.97
xb.xlayout_dut.qp                         2.97
xb.xlayout_dut.sn                   3.7141e-09
xb.xlayout_dut.sp                  3.68105e-09
sc                                 -0.00630798
apc                                    1.64685
anc                                    1.65315
ibnc                                   0.91521
xc.xlayout_dut.sp__t2              3.61698e-09
xc.xlayout_dut.qp__t6                     2.97
xc.xlayout_dut.vss__t17            2.87326e-11
xc.xlayout_dut.vss__t2             3.45076e-20
xc.xlayout_dut.dout__t3            3.82978e-09
xc.xlayout_dut.sp__t3              3.68105e-09
xc.xlayout_dut.vss__t25            1.21784e-19
xc.xlayout_dut.vss__t3             4.28853e-20
xc.xlayout_dut.dout__t2            3.70148e-09
xc.xlayout_dut.doutb__t0                  2.97
xc.xlayout_dut.vss__t24              3.651e-11
xc.xlayout_dut.vss__t4             4.40169e-20
xc.xlayout_dut.ibias__t0              0.913932
xc.xlayout_dut.ibias__t1               0.91521
xc.xlayout_dut.vss__t20            0.000254896
xc.xlayout_dut.vss__t8             2.33023e-11
xc.xlayout_dut.sn__t2              3.61693e-09
xc.xlayout_dut.qn__t6                     2.97
xc.xlayout_dut.vss__t23            2.86791e-11
xc.xlayout_dut.vss__t5             3.44423e-20
xc.xlayout_dut.doutb__t1                  2.97
xc.xlayout_dut.sn__t3               3.7141e-09
xc.xlayout_dut.vss__t22             1.6071e-12
xc.xlayout_dut.vss__t6              3.3228e-11
xc.xlayout_dut.doutb__t4                  2.97
xc.xlayout_dut.dout__t4            3.82978e-09
xc.xlayout_dut.vss__t21            1.69022e-12
xc.xlayout_dut.vss__t7             3.49468e-11
xc.xlayout_dut.qn__t4                     2.97
xc.xlayout_dut.qp__t0                     2.97
xc.xlayout_dut.mn__t0                     2.97
xc.xlayout_dut.vss__t9             3.89888e-11
xc.xlayout_dut.mn__t1                     2.97
xc.xlayout_dut.aop__t2                 1.66136
xc.xlayout_dut.ltail__t0               1.30714
xc.xlayout_dut.vss__t11            2.55787e-11
xc.xlayout_dut.atail__t0              0.756919
xc.xlayout_dut.ibias__t2               0.91521
xc.xlayout_dut.vss__t19            0.000496865
xc.xlayout_dut.vss__t13            1.85591e-11
xc.xlayout_dut.qp__t1                     2.97
xc.xlayout_dut.qn__t5                     2.97
xc.xlayout_dut.mp__t2                     2.97
xc.xlayout_dut.vss__t10             3.9059e-11
xc.xlayout_dut.ltail__t1               1.30714
xc.xlayout_dut.clk__t2                       0
xc.xlayout_dut.vss__t18            5.20565e-12
xc.xlayout_dut.vss__t14            7.05954e-12
xc.xlayout_dut.mp__t1                     2.97
xc.xlayout_dut.aon__t0                  1.7698
xc.xlayout_dut.ltail__t2               1.30714
xc.xlayout_dut.vss__t12            2.58355e-11
xc.xlayout_dut.aon__t1                 1.76902
xc.xlayout_dut.vinp__t0                1.64685
xc.xlayout_dut.atail__t1               0.75752
xc.xlayout_dut.vss__t15            5.98472e-11
xc.xlayout_dut.aop__t1                 1.66005
xc.xlayout_dut.vinn__t0                1.65315
xc.xlayout_dut.atail__t2              0.757776
xc.xlayout_dut.vss__t16            5.82684e-11
xc.xlayout_dut.mn__t2                     2.97
xc.xlayout_dut.clk__t0                       0
xc.xlayout_dut.vdd__t0                    2.97
xc.xlayout_dut.vdd__t1                    2.97
xc.xlayout_dut.qn__t1                     2.97
xc.xlayout_dut.clk__t1                       0
xc.xlayout_dut.vdd__t2                    2.97
xc.xlayout_dut.vdd__t3                    2.97
xc.xlayout_dut.sp__t0              3.82144e-09
xc.xlayout_dut.qp__t2                     2.97
xc.xlayout_dut.vdd__t4                    2.97
xc.xlayout_dut.vdd__t5                    2.97
xc.xlayout_dut.mp__t0                     2.97
xc.xlayout_dut.clk__t4                       0
xc.xlayout_dut.vdd__t21                   2.97
xc.xlayout_dut.vdd__t20                   2.97
xc.xlayout_dut.qn__t0                     2.97
xc.xlayout_dut.qp__t3                     2.97
xc.xlayout_dut.vdd__t6                    2.97
xc.xlayout_dut.vdd__t7                    2.97
xc.xlayout_dut.qp__t4                     2.97
xc.xlayout_dut.clk__t3                       0
xc.xlayout_dut.vdd__t19                   2.97
xc.xlayout_dut.vdd__t18                   2.97
xc.xlayout_dut.na__t1                     2.97
xc.xlayout_dut.sp__t1              3.68105e-09
xc.xlayout_dut.vdd__t23                   2.97
xc.xlayout_dut.vdd__t8                    2.97
xc.xlayout_dut.dout__t0            3.92399e-09
xc.xlayout_dut.doutb__t2                  2.97
xc.xlayout_dut.na__t0                     2.97
xc.xlayout_dut.vdd__t13                   2.97
xc.xlayout_dut.sn__t0              3.86677e-09
xc.xlayout_dut.qn__t3                     2.97
xc.xlayout_dut.vdd__t17                   2.97
xc.xlayout_dut.vdd__t16                   2.97
xc.xlayout_dut.qp__t5                     2.97
xc.xlayout_dut.qn__t2                     2.97
xc.xlayout_dut.vdd__t15                   2.97
xc.xlayout_dut.vdd__t14                   2.97
xc.xlayout_dut.nb__t1                     2.97
xc.xlayout_dut.sn__t1               3.7141e-09
xc.xlayout_dut.vdd__t22                   2.97
xc.xlayout_dut.vdd__t12                   2.97
xc.xlayout_dut.doutb__t3                  2.97
xc.xlayout_dut.dout__t1            3.82978e-09
xc.xlayout_dut.nb__t0                     2.97
xc.xlayout_dut.vdd__t11                   2.97
xc.xlayout_dut.aon__t2                 1.77011
xc.xlayout_dut.x$28.11                 1.77095
xc.xlayout_dut.vss__t0                       0
xc.xlayout_dut.x$28.21                 2.96792
xc.xlayout_dut.vdd__t10                2.96876
xc.xlayout_dut.aop__t0                 1.66173
xc.xlayout_dut.x$29.11                 1.66264
xc.xlayout_dut.vss__t1                       0
xc.xlayout_dut.x$29.21                 2.96855
xc.xlayout_dut.vdd__t9                 2.96946
xc.xlayout_dut.aon                      1.7698
xc.xlayout_dut.aop                     1.66136
xc.xlayout_dut.atail                  0.757418
doutc                              3.82978e-09
doutbc                                    2.97
xc.xlayout_dut.ltail                   1.30714
xc.xlayout_dut.mn                         2.97
xc.xlayout_dut.mp                         2.97
xc.xlayout_dut.na                         2.97
xc.xlayout_dut.nb                         2.97
xc.xlayout_dut.qn                         2.97
xc.xlayout_dut.qp                         2.97
xc.xlayout_dut.sn                   3.7141e-09
xc.xlayout_dut.sp                  3.68105e-09
clkn                                         0
dan                                1.28949e-09
dbn                                1.28949e-09
dcn                                1.28949e-09
bdcn#branch                                  0
bdbn#branch                                  0
bdan#branch                                  0
bclkn#branch                                 0
eanc#branch                        8.91024e-21
eapc#branch                       -2.87225e-19
eanb#branch                         7.5107e-19
eapb#branch                        7.05339e-19
eana#branch                        5.81047e-19
eapa#branch                        9.32553e-19
vsc#branch                                   0
vsb#branch                                   0
vsa#branch                                   0
vcm#branch                         2.69169e-18
vclk#branch                                  0
vsupa#branch                      -3.02784e-05
vsup#branch                       -6.05556e-05

 Reference value :  6.11400e-10
 Reference value :  3.47140e-09
 Reference value :  6.17640e-09
 Reference value :  8.97140e-09
 Reference value :  1.16366e-08
 Reference value :  1.43416e-08
 Reference value :  1.72766e-08
 Reference value :  2.02334e-08
 Reference value :  2.30275e-08
 Reference value :  2.57625e-08
 Reference value :  2.87625e-08
 Reference value :  3.17325e-08
 Reference value :  3.44525e-08
 Reference value :  3.73825e-08
 Reference value :  4.01616e-08
 Reference value :  4.34466e-08
 Reference value :  4.63066e-08
 Reference value :  4.92916e-08
 Reference value :  5.21084e-08
 Reference value :  5.49234e-08
 Reference value :  5.77484e-08
No. of Data Rows : 12046
vsup_v              =  2.97000e+00
td_a                =  1.27180e-09 targ=  4.13218e-08 trig=  4.00500e-08
td_b                =  1.62388e-09 targ=  4.16739e-08 trig=  4.00500e-08
td_c                =  1.85926e-09 targ=  4.19093e-08 trig=  4.00500e-08
da_first            =  9.79932e-06
db_first            =  9.70406e-06
dc_first            =  9.67770e-06
da_end              =  9.99961e-01
db_end              =  9.99961e-01
dc_end              =  9.99961e-01
i_stat              =  -2.93275e-05 from=  2.50000e-08 to=  2.90025e-08
q_dec               =  -7.33970e-13 from=  3.99000e-08 to=  4.80000e-08
m_td_od50_ns = 1.2718040000e+00
m_td_od1_ns = 1.6238760000e+00
m_td_od01_ns = 1.8592610000e+00
m_tau_ps = 1.0222640662e+02
m_resolve_decades = 1.5885093232e+01
m_dout_od50_end = 9.9996060000e-01
m_dout_od1_end = 9.9996060000e-01
m_dout_od01_end = 9.9996060000e-01
m_dout_od50_first = 9.7993200000e-06
m_dout_od1_first = 9.7040570000e-06
m_dout_od01_first = 9.6777040000e-06
m_i_static_ua = 2.9327540000e+01
m_e_dec_fj = 1.4743576762e+03
Note: Simulation executed from .control section 

Warning: m=xx on .subckt line will override multiplier m hierarchy!

Note: Starting dynamic gmin stepping
Note: Dynamic gmin stepping completed
