
Note: Compatibility modes selected: hs a


Circuit: * comparator-regeneration-vosprobe @ fs_27c_3.63v -- generated by sim/harness, do not edit

Doing analysis at TEMP = 27.000000 and TNOM = 27.000000

Using SPARSE 1.3 as Direct Linear Solver

Initial Transient Solution
--------------------------

Node                                   Voltage
----                                   -------
vdd                                       3.63
cm                                        1.65
clk                                          0
rmp                                      -0.04
vp                                        1.63
vn                                        1.67
ibn                                    0.91521
xdut.xlayout_dut.sp__t2            4.70582e-09
xdut.xlayout_dut.qp__t6                   3.63
xdut.xlayout_dut.vss__t17          4.11184e-11
xdut.xlayout_dut.vss__t2            4.4931e-20
xdut.xlayout_dut.dout__t3              1.65642
xdut.xlayout_dut.sp__t3            4.79751e-09
xdut.xlayout_dut.vss__t25           1.3229e-12
xdut.xlayout_dut.vss__t3           1.85475e-11
xdut.xlayout_dut.dout__t2              1.64729
xdut.xlayout_dut.doutb__t0             1.66036
xdut.xlayout_dut.vss__t24            0.0025981
xdut.xlayout_dut.vss__t4           2.02703e-11
xdut.xlayout_dut.ibias__t0            0.913932
xdut.xlayout_dut.ibias__t1             0.91521
xdut.xlayout_dut.vss__t20          0.000254896
xdut.xlayout_dut.vss__t8           2.33023e-11
xdut.xlayout_dut.sn__t2            4.70574e-09
xdut.xlayout_dut.qn__t6                   3.63
xdut.xlayout_dut.vss__t23          4.10418e-11
xdut.xlayout_dut.vss__t5           4.48459e-20
xdut.xlayout_dut.doutb__t1             1.66036
xdut.xlayout_dut.sn__t3            4.84481e-09
xdut.xlayout_dut.vss__t22          1.32197e-12
xdut.xlayout_dut.vss__t6           1.85669e-11
xdut.xlayout_dut.doutb__t4              1.6521
xdut.xlayout_dut.dout__t4              1.65642
xdut.xlayout_dut.vss__t21           0.00258076
xdut.xlayout_dut.vss__t7           2.04678e-11
xdut.xlayout_dut.qn__t4                   3.63
xdut.xlayout_dut.qp__t0                   3.63
xdut.xlayout_dut.mn__t0                   3.63
xdut.xlayout_dut.vss__t9            4.7653e-11
xdut.xlayout_dut.mn__t1                   3.63
xdut.xlayout_dut.aop__t2               2.02073
xdut.xlayout_dut.ltail__t0             2.09477
xdut.xlayout_dut.vss__t11          3.42359e-11
xdut.xlayout_dut.atail__t0            0.759237
xdut.xlayout_dut.ibias__t2             0.91521
xdut.xlayout_dut.vss__t19          0.000496878
xdut.xlayout_dut.vss__t13          1.86159e-11
xdut.xlayout_dut.qp__t1                   3.63
xdut.xlayout_dut.qn__t5                   3.63
xdut.xlayout_dut.mp__t2                   3.63
xdut.xlayout_dut.vss__t10          4.77388e-11
xdut.xlayout_dut.ltail__t1             2.09477
xdut.xlayout_dut.clk__t2                     0
xdut.xlayout_dut.vss__t18          5.88209e-12
xdut.xlayout_dut.vss__t14           1.1315e-11
xdut.xlayout_dut.mp__t1                   3.63
xdut.xlayout_dut.aon__t0               2.73033
xdut.xlayout_dut.ltail__t2             2.09477
xdut.xlayout_dut.vss__t12          3.45794e-11
xdut.xlayout_dut.aon__t1               2.72974
xdut.xlayout_dut.vinp__t0                 1.63
xdut.xlayout_dut.atail__t1            0.759814
xdut.xlayout_dut.vss__t15          4.10943e-08
xdut.xlayout_dut.aop__t1               2.01912
xdut.xlayout_dut.vinn__t0                 1.67
xdut.xlayout_dut.atail__t2            0.760177
xdut.xlayout_dut.vss__t16          8.82884e-11
xdut.xlayout_dut.mn__t2                   3.63
xdut.xlayout_dut.clk__t0                     0
xdut.xlayout_dut.vdd__t0                  3.63
xdut.xlayout_dut.vdd__t1                  3.63
xdut.xlayout_dut.qn__t1                   3.63
xdut.xlayout_dut.clk__t1                     0
xdut.xlayout_dut.vdd__t2                  3.63
xdut.xlayout_dut.vdd__t3                  3.63
xdut.xlayout_dut.sp__t0            4.99841e-09
xdut.xlayout_dut.qp__t2                   3.63
xdut.xlayout_dut.vdd__t4                  3.63
xdut.xlayout_dut.vdd__t5                  3.63
xdut.xlayout_dut.mp__t0                   3.63
xdut.xlayout_dut.clk__t4                     0
xdut.xlayout_dut.vdd__t21                 3.63
xdut.xlayout_dut.vdd__t20                 3.63
xdut.xlayout_dut.qn__t0                   3.63
xdut.xlayout_dut.qp__t3                   3.63
xdut.xlayout_dut.vdd__t6                  3.63
xdut.xlayout_dut.vdd__t7                  3.63
xdut.xlayout_dut.qp__t4                   3.63
xdut.xlayout_dut.clk__t3                     0
xdut.xlayout_dut.vdd__t19                 3.63
xdut.xlayout_dut.vdd__t18                 3.63
xdut.xlayout_dut.na__t1                 3.4577
xdut.xlayout_dut.sp__t1            4.79751e-09
xdut.xlayout_dut.vdd__t23              3.62648
xdut.xlayout_dut.vdd__t8                  3.63
xdut.xlayout_dut.dout__t0              1.66312
xdut.xlayout_dut.doutb__t2             1.66036
xdut.xlayout_dut.na__t0                3.45443
xdut.xlayout_dut.vdd__t13                 3.63
xdut.xlayout_dut.sn__t0            5.06329e-09
xdut.xlayout_dut.qn__t3                   3.63
xdut.xlayout_dut.vdd__t17                 3.63
xdut.xlayout_dut.vdd__t16                 3.63
xdut.xlayout_dut.qp__t5                   3.63
xdut.xlayout_dut.qn__t2                   3.63
xdut.xlayout_dut.vdd__t15                 3.63
xdut.xlayout_dut.vdd__t14                 3.63
xdut.xlayout_dut.nb__t1                3.45837
xdut.xlayout_dut.sn__t1            4.84481e-09
xdut.xlayout_dut.vdd__t22               3.6262
xdut.xlayout_dut.vdd__t12                 3.63
xdut.xlayout_dut.doutb__t3             1.67833
xdut.xlayout_dut.dout__t1              1.65642
xdut.xlayout_dut.nb__t0                3.44996
xdut.xlayout_dut.vdd__t11                 3.63
xdut.xlayout_dut.aon__t2               2.73057
xdut.xlayout_dut.x$28.11                2.7312
xdut.xlayout_dut.vss__t0                     0
xdut.xlayout_dut.x$28.21               3.62844
xdut.xlayout_dut.vdd__t10              3.62907
xdut.xlayout_dut.aop__t0               2.02118
xdut.xlayout_dut.x$29.11               2.02231
xdut.xlayout_dut.vss__t1                     0
xdut.xlayout_dut.x$29.21               3.62821
xdut.xlayout_dut.vdd__t9               3.62934
xdut.xlayout_dut.aon                   2.73033
vsubs                                        0
xdut.xlayout_dut.aop                   2.02073
xdut.xlayout_dut.atail                0.759737
dout                                   1.65642
doutb                                  1.66036
xdut.xlayout_dut.ltail                 2.09477
xdut.xlayout_dut.mn                       3.63
xdut.xlayout_dut.mp                       3.63
xdut.xlayout_dut.na                    3.45606
xdut.xlayout_dut.nb                    3.45417
xdut.xlayout_dut.qn                       3.63
xdut.xlayout_dut.qp                       3.63
xdut.xlayout_dut.sn                4.84481e-09
xdut.xlayout_dut.sp                4.79751e-09
dn                                    0.456313
bdn#branch                                   0
bnn#branch                         1.17161e-18
bpp#branch                          3.4199e-19
vrmp#branch                                  0
vclk#branch                                  0
vcm#branch                                   0
vsup#branch                       -0.000470361

 Reference value :  1.00544e-07
 Reference value :  3.70158e-07
 Reference value :  6.40000e-07
 Reference value :  9.10076e-07
 Reference value :  1.16013e-06
 Reference value :  1.42010e-06
 Reference value :  1.67067e-06
 Reference value :  1.94010e-06
 Reference value :  2.21018e-06
 Reference value :  2.50011e-06
 Reference value :  2.75503e-06
 Reference value :  3.02022e-06
 Reference value :  3.29068e-06
 Reference value :  3.56075e-06
 Reference value :  3.83018e-06
 Reference value :  4.07096e-06
 Reference value :  4.36647e-06
 Reference value :  4.69053e-06
 Reference value :  4.94088e-06
 Reference value :  5.21019e-06
 Reference value :  5.47000e-06
 Reference value :  5.72015e-06
 Reference value :  6.02020e-06
 Reference value :  6.29043e-06
 Reference value :  6.56020e-06
 Reference value :  6.83021e-06
 Reference value :  7.09068e-06
 Reference value :  7.37043e-06
 Reference value :  7.63068e-06
 Reference value :  7.90022e-06
 Reference value :  8.15020e-06
 Reference value :  8.42049e-06
 Reference value :  8.71007e-06
 Reference value :  8.97402e-06
 Reference value :  9.23077e-06
 Reference value :  9.50020e-06
 Reference value :  9.77095e-06
 Reference value :  1.00407e-05
 Reference value :  1.03102e-05
 Reference value :  1.05729e-05
 Reference value :  1.08404e-05
 Reference value :  1.11201e-05
 Reference value :  1.13904e-05
 Reference value :  1.16507e-05
 Reference value :  1.19221e-05
 Reference value :  1.22002e-05
 Reference value :  1.24437e-05
 Reference value :  1.27109e-05
 Reference value :  1.30001e-05
 Reference value :  1.32802e-05
 Reference value :  1.35407e-05
 Reference value :  1.38209e-05
 Reference value :  1.40906e-05
 Reference value :  1.43602e-05
 Reference value :  1.46302e-05
 Reference value :  1.50101e-05
 Reference value :  1.52801e-05
 Reference value :  1.55501e-05
 Reference value :  1.57906e-05
 Reference value :  1.60305e-05
 Reference value :  1.62809e-05
 Reference value :  1.65507e-05
 Reference value :  1.68502e-05
 Reference value :  1.71400e-05
 Reference value :  1.73909e-05
 Reference value :  1.76513e-05
 Reference value :  1.79201e-05
 Reference value :  1.81901e-05
 Reference value :  1.84412e-05
 Reference value :  1.87102e-05
 Reference value :  1.89837e-05
 Reference value :  1.92701e-05
 Reference value :  1.95404e-05
 Reference value :  1.98206e-05
 Reference value :  2.00907e-05
 Reference value :  2.03803e-05
 Reference value :  2.06506e-05
 Reference value :  2.09200e-05
 Reference value :  2.11649e-05
 Reference value :  2.14408e-05
 Reference value :  2.17401e-05
 Reference value :  2.20301e-05
 Reference value :  2.23004e-05
 Reference value :  2.25713e-05
 Reference value :  2.28504e-05
 Reference value :  2.31205e-05
 Reference value :  2.34105e-05
 Reference value :  2.36902e-05
 Reference value :  2.39602e-05
 Reference value :  2.42302e-05
 Reference value :  2.45204e-05
 Reference value :  2.48001e-05
 Reference value :  2.50703e-05
 Reference value :  2.53308e-05
 Reference value :  2.56600e-05
 Reference value :  2.59111e-05
 Reference value :  2.61823e-05
 Reference value :  2.64405e-05
 Reference value :  2.66902e-05
 Reference value :  2.69506e-05
 Reference value :  2.72330e-05
 Reference value :  2.75006e-05
 Reference value :  2.77711e-05
 Reference value :  2.80307e-05
 Reference value :  2.82716e-05
 Reference value :  2.85202e-05
 Reference value :  2.87807e-05
 Reference value :  2.90302e-05
 Reference value :  2.92601e-05
 Reference value :  2.95140e-05
 Reference value :  2.97701e-05
 Reference value :  3.00202e-05
 Reference value :  3.02805e-05
 Reference value :  3.05340e-05
 Reference value :  3.07910e-05
 Reference value :  3.10411e-05
 Reference value :  3.13001e-05
 Reference value :  3.15207e-05
 Reference value :  3.17930e-05
 Reference value :  3.20602e-05
 Reference value :  3.23019e-05
 Reference value :  3.25606e-05
 Reference value :  3.28106e-05
 Reference value :  3.30701e-05
 Reference value :  3.33201e-05
 Reference value :  3.35902e-05
 Reference value :  3.38602e-05
 Reference value :  3.41201e-05
 Reference value :  3.43901e-05
 Reference value :  3.46403e-05
 Reference value :  3.49079e-05
 Reference value :  3.51704e-05
 Reference value :  3.54709e-05
 Reference value :  3.57216e-05
 Reference value :  3.59912e-05
 Reference value :  3.62503e-05
 Reference value :  3.65002e-05
 Reference value :  3.67707e-05
 Reference value :  3.70402e-05
 Reference value :  3.73104e-05
 Reference value :  3.75802e-05
 Reference value :  3.78203e-05
 Reference value :  3.80806e-05
 Reference value :  3.83505e-05
 Reference value :  3.86201e-05
 Reference value :  3.88605e-05
 Reference value :  3.91300e-05
 Reference value :  3.93805e-05
 Reference value :  3.96210e-05
 Reference value :  3.98911e-05
 Reference value :  4.01602e-05
 Reference value :  4.04305e-05
 Reference value :  4.06912e-05
 Reference value :  4.09600e-05
 Reference value :  4.12106e-05
 Reference value :  4.14701e-05
 Reference value :  4.17408e-05
 Reference value :  4.20100e-05
 Reference value :  4.22510e-05
 Reference value :  4.25203e-05
 Reference value :  4.27900e-05
 Reference value :  4.30323e-05
 Reference value :  4.33017e-05
 Reference value :  4.35701e-05
 Reference value :  4.38400e-05
 Reference value :  4.40800e-05
 Reference value :  4.43509e-05
 Reference value :  4.46311e-05
 Reference value :  4.48905e-05
 Reference value :  4.51601e-05
 Reference value :  4.54702e-05
 Reference value :  4.57307e-05
 Reference value :  4.60006e-05
 Reference value :  4.62700e-05
 Reference value :  4.65126e-05
 Reference value :  4.67801e-05
 Reference value :  4.70606e-05
 Reference value :  4.73306e-05
 Reference value :  4.76007e-05
 Reference value :  4.78900e-05
 Reference value :  4.81601e-05
 Reference value :  4.84101e-05
 Reference value :  4.86701e-05
 Reference value :  4.89402e-05
 Reference value :  4.91903e-05
 Reference value :  4.94308e-05
 Reference value :  4.96920e-05
 Reference value :  4.99702e-05
 Reference value :  5.02404e-05
 Reference value :  5.05188e-05
 Reference value :  5.08001e-05
 Reference value :  5.10506e-05
 Reference value :  5.13400e-05
 Reference value :  5.15988e-05
 Reference value :  5.18508e-05
 Reference value :  5.21217e-05
 Reference value :  5.23901e-05
 Reference value :  5.26406e-05
 Reference value :  5.29002e-05
 Reference value :  5.31701e-05
 Reference value :  5.34175e-05
 Reference value :  5.36800e-05
 Reference value :  5.39390e-05
 Reference value :  5.42301e-05
 Reference value :  5.45003e-05
 Reference value :  5.47701e-05
 Reference value :  5.50600e-05
 Reference value :  5.53130e-05
 Reference value :  5.56003e-05
 Reference value :  5.58701e-05
 Reference value :  5.61802e-05
 Reference value :  5.64558e-05
 Reference value :  5.67401e-05
 Reference value :  5.69919e-05
 Reference value :  5.72504e-05
 Reference value :  5.75201e-05
 Reference value :  5.78301e-05
 Reference value :  5.81007e-05
 Reference value :  5.83905e-05
 Reference value :  5.86606e-05
 Reference value :  5.89119e-05
 Reference value :  5.91802e-05
 Reference value :  5.94502e-05
 Reference value :  5.97202e-05
 Reference value :  5.99901e-05
 Reference value :  6.02507e-05
 Reference value :  6.05316e-05
 Reference value :  6.08135e-05
 Reference value :  6.10710e-05
 Reference value :  6.13702e-05
 Reference value :  6.16411e-05
 Reference value :  6.19191e-05
 Reference value :  6.22002e-05
 Reference value :  6.24705e-05
 Reference value :  6.27405e-05
 Reference value :  6.30404e-05
 Reference value :  6.33259e-05
 Reference value :  6.35906e-05
 Reference value :  6.38800e-05
 Reference value :  6.41501e-05
 Reference value :  6.44206e-05
 Reference value :  6.46901e-05
 Reference value :  6.49604e-05
 Reference value :  6.52460e-05
 Reference value :  6.55112e-05
 Reference value :  6.58001e-05
 Reference value :  6.60820e-05
 Reference value :  6.63701e-05
 Reference value :  6.66210e-05
 Reference value :  6.68910e-05
 Reference value :  6.72205e-05
 Reference value :  6.74962e-05
 Reference value :  6.77806e-05
 Reference value :  6.80611e-05
 Reference value :  6.83501e-05
 Reference value :  6.86302e-05
 Reference value :  6.89506e-05
 Reference value :  6.93102e-05
 Reference value :  6.96511e-05
 Reference value :  6.99802e-05
 Reference value :  7.02502e-05
 Reference value :  7.05101e-05
 Reference value :  7.07602e-05
 Reference value :  7.10209e-05
 Reference value :  7.13200e-05
 Reference value :  7.15606e-05
 Reference value :  7.18301e-05
 Reference value :  7.21004e-05
 Reference value :  7.23506e-05
 Reference value :  7.26104e-05
 Reference value :  7.28607e-05
 Reference value :  7.31507e-05
 Reference value :  7.34200e-05
 Reference value :  7.36702e-05
 Reference value :  7.39601e-05
 Reference value :  7.42101e-05
 Reference value :  7.44554e-05
 Reference value :  7.47202e-05
 Reference value :  7.49803e-05
 Reference value :  7.52307e-05
 Reference value :  7.54901e-05
 Reference value :  7.57307e-05
 Reference value :  7.59802e-05
 Reference value :  7.62326e-05
 Reference value :  7.64939e-05
 Reference value :  7.67506e-05
 Reference value :  7.70091e-05
 Reference value :  7.72901e-05
 Reference value :  7.75705e-05
 Reference value :  7.78301e-05
 Reference value :  7.81001e-05
 Reference value :  7.83701e-05
 Reference value :  7.87062e-05
 Reference value :  7.89702e-05
 Reference value :  7.92506e-05
 Reference value :  7.95403e-05
 Reference value :  7.98101e-05
No. of Data Rows : 292861
t_flip              =  2.91419e-05
vos_v               =  -1.08581e-02
m_dut_vos = -1.085813000e-02
Note: Simulation executed from .control section 

Warning: m=xx on .subckt line will override multiplier m hierarchy!

Note: Starting dynamic gmin stepping
Note: Dynamic gmin stepping completed
