
Note: Compatibility modes selected: hs a


Circuit: * comparator-regeneration-vosprobe @ fs_27c_2.97v -- generated by sim/harness, do not edit

Doing analysis at TEMP = 27.000000 and TNOM = 27.000000

Using SPARSE 1.3 as Direct Linear Solver

Initial Transient Solution
--------------------------

Node                                   Voltage
----                                   -------
vdd                                       2.97
cm                                        1.65
clk                                          0
rmp                                      -0.04
vp                                        1.63
vn                                        1.67
ibn                                    0.91521
xdut.xlayout_dut.sp__t2            3.61698e-09
xdut.xlayout_dut.qp__t6                   2.97
xdut.xlayout_dut.vss__t17          2.87326e-11
xdut.xlayout_dut.vss__t2           3.45076e-20
xdut.xlayout_dut.dout__t3          3.82978e-09
xdut.xlayout_dut.sp__t3            3.68105e-09
xdut.xlayout_dut.vss__t25          1.21784e-19
xdut.xlayout_dut.vss__t3           4.28853e-20
xdut.xlayout_dut.dout__t2          3.70148e-09
xdut.xlayout_dut.doutb__t0                2.97
xdut.xlayout_dut.vss__t24            3.651e-11
xdut.xlayout_dut.vss__t4           4.40169e-20
xdut.xlayout_dut.ibias__t0            0.913932
xdut.xlayout_dut.ibias__t1             0.91521
xdut.xlayout_dut.vss__t20          0.000254896
xdut.xlayout_dut.vss__t8           2.33023e-11
xdut.xlayout_dut.sn__t2            3.61693e-09
xdut.xlayout_dut.qn__t6                   2.97
xdut.xlayout_dut.vss__t23          2.86791e-11
xdut.xlayout_dut.vss__t5           3.44423e-20
xdut.xlayout_dut.doutb__t1                2.97
xdut.xlayout_dut.sn__t3             3.7141e-09
xdut.xlayout_dut.vss__t22           1.6071e-12
xdut.xlayout_dut.vss__t6            3.3228e-11
xdut.xlayout_dut.doutb__t4                2.97
xdut.xlayout_dut.dout__t4          3.82978e-09
xdut.xlayout_dut.vss__t21          1.69022e-12
xdut.xlayout_dut.vss__t7           3.49468e-11
xdut.xlayout_dut.qn__t4                   2.97
xdut.xlayout_dut.qp__t0                   2.97
xdut.xlayout_dut.mn__t0                   2.97
xdut.xlayout_dut.vss__t9           3.89888e-11
xdut.xlayout_dut.mn__t1                   2.97
xdut.xlayout_dut.aop__t2               1.36157
xdut.xlayout_dut.ltail__t0             1.54813
xdut.xlayout_dut.vss__t11          2.70199e-11
xdut.xlayout_dut.atail__t0            0.758395
xdut.xlayout_dut.ibias__t2             0.91521
xdut.xlayout_dut.vss__t19          0.000496873
xdut.xlayout_dut.vss__t13          1.85952e-11
xdut.xlayout_dut.qp__t1                   2.97
xdut.xlayout_dut.qn__t5                   2.97
xdut.xlayout_dut.mp__t2                   2.97
xdut.xlayout_dut.vss__t10           3.9059e-11
xdut.xlayout_dut.ltail__t1             1.54813
xdut.xlayout_dut.clk__t2                     0
xdut.xlayout_dut.vss__t18          5.41076e-12
xdut.xlayout_dut.vss__t14          8.36112e-12
xdut.xlayout_dut.mp__t1                   2.97
xdut.xlayout_dut.aon__t0               2.06973
xdut.xlayout_dut.ltail__t2             1.54813
xdut.xlayout_dut.vss__t12          2.72908e-11
xdut.xlayout_dut.aon__t1               2.06914
xdut.xlayout_dut.vinp__t0                 1.63
xdut.xlayout_dut.atail__t1            0.758971
xdut.xlayout_dut.vss__t15          1.07523e-10
xdut.xlayout_dut.aop__t1               1.35996
xdut.xlayout_dut.vinn__t0                 1.67
xdut.xlayout_dut.atail__t2            0.759334
xdut.xlayout_dut.vss__t16          5.10721e-11
xdut.xlayout_dut.mn__t2                   2.97
xdut.xlayout_dut.clk__t0                     0
xdut.xlayout_dut.vdd__t0                  2.97
xdut.xlayout_dut.vdd__t1                  2.97
xdut.xlayout_dut.qn__t1                   2.97
xdut.xlayout_dut.clk__t1                     0
xdut.xlayout_dut.vdd__t2                  2.97
xdut.xlayout_dut.vdd__t3                  2.97
xdut.xlayout_dut.sp__t0            3.82144e-09
xdut.xlayout_dut.qp__t2                   2.97
xdut.xlayout_dut.vdd__t4                  2.97
xdut.xlayout_dut.vdd__t5                  2.97
xdut.xlayout_dut.mp__t0                   2.97
xdut.xlayout_dut.clk__t4                     0
xdut.xlayout_dut.vdd__t21                 2.97
xdut.xlayout_dut.vdd__t20                 2.97
xdut.xlayout_dut.qn__t0                   2.97
xdut.xlayout_dut.qp__t3                   2.97
xdut.xlayout_dut.vdd__t6                  2.97
xdut.xlayout_dut.vdd__t7                  2.97
xdut.xlayout_dut.qp__t4                   2.97
xdut.xlayout_dut.clk__t3                     0
xdut.xlayout_dut.vdd__t19                 2.97
xdut.xlayout_dut.vdd__t18                 2.97
xdut.xlayout_dut.na__t1                   2.97
xdut.xlayout_dut.sp__t1            3.68105e-09
xdut.xlayout_dut.vdd__t23                 2.97
xdut.xlayout_dut.vdd__t8                  2.97
xdut.xlayout_dut.dout__t0          3.92399e-09
xdut.xlayout_dut.doutb__t2                2.97
xdut.xlayout_dut.na__t0                   2.97
xdut.xlayout_dut.vdd__t13                 2.97
xdut.xlayout_dut.sn__t0            3.86677e-09
xdut.xlayout_dut.qn__t3                   2.97
xdut.xlayout_dut.vdd__t17                 2.97
xdut.xlayout_dut.vdd__t16                 2.97
xdut.xlayout_dut.qp__t5                   2.97
xdut.xlayout_dut.qn__t2                   2.97
xdut.xlayout_dut.vdd__t15                 2.97
xdut.xlayout_dut.vdd__t14                 2.97
xdut.xlayout_dut.nb__t1                   2.97
xdut.xlayout_dut.sn__t1             3.7141e-09
xdut.xlayout_dut.vdd__t22                 2.97
xdut.xlayout_dut.vdd__t12                 2.97
xdut.xlayout_dut.doutb__t3                2.97
xdut.xlayout_dut.dout__t1          3.82978e-09
xdut.xlayout_dut.nb__t0                   2.97
xdut.xlayout_dut.vdd__t11                 2.97
xdut.xlayout_dut.aon__t2               2.06997
xdut.xlayout_dut.x$28.11                2.0706
xdut.xlayout_dut.vss__t0                     0
xdut.xlayout_dut.x$28.21               2.96844
xdut.xlayout_dut.vdd__t10              2.96907
xdut.xlayout_dut.aop__t0               1.36202
xdut.xlayout_dut.x$29.11               1.36315
xdut.xlayout_dut.vss__t1                     0
xdut.xlayout_dut.x$29.21               2.96821
xdut.xlayout_dut.vdd__t9               2.96934
xdut.xlayout_dut.aon                   2.06973
vsubs                                        0
xdut.xlayout_dut.aop                   1.36157
xdut.xlayout_dut.atail                0.758894
dout                               3.82978e-09
doutb                                     2.97
xdut.xlayout_dut.ltail                 1.54813
xdut.xlayout_dut.mn                       2.97
xdut.xlayout_dut.mp                       2.97
xdut.xlayout_dut.na                       2.97
xdut.xlayout_dut.nb                       2.97
xdut.xlayout_dut.qn                       2.97
xdut.xlayout_dut.qp                       2.97
xdut.xlayout_dut.sn                 3.7141e-09
xdut.xlayout_dut.sp                3.68105e-09
dn                                 1.28949e-09
bdn#branch                                   0
bnn#branch                         1.17161e-18
bpp#branch                          3.4199e-19
vrmp#branch                                  0
vclk#branch                                  0
vcm#branch                                   0
vsup#branch                       -3.02781e-05

 Reference value :  1.30680e-07
 Reference value :  4.10110e-07
 Reference value :  7.00050e-07
 Reference value :  9.70100e-07
 Reference value :  1.24043e-06
 Reference value :  1.51010e-06
 Reference value :  1.78001e-06
 Reference value :  2.06023e-06
 Reference value :  2.33020e-06
 Reference value :  2.59124e-06
 Reference value :  2.86112e-06
 Reference value :  3.14016e-06
 Reference value :  3.41022e-06
 Reference value :  3.70027e-06
 Reference value :  3.98014e-06
 Reference value :  4.24027e-06
 Reference value :  4.49250e-06
 Reference value :  4.78048e-06
 Reference value :  5.05002e-06
 Reference value :  5.30070e-06
 Reference value :  5.59008e-06
 Reference value :  5.93104e-06
 Reference value :  6.20092e-06
 Reference value :  6.49007e-06
 Reference value :  6.74059e-06
 Reference value :  7.00048e-06
 Reference value :  7.30004e-06
 Reference value :  7.58586e-06
 Reference value :  7.86655e-06
 Reference value :  8.14005e-06
 Reference value :  8.39433e-06
 Reference value :  8.68006e-06
 Reference value :  8.95044e-06
 Reference value :  9.22004e-06
 Reference value :  9.47084e-06
 Reference value :  9.73040e-06
 Reference value :  1.00118e-05
 Reference value :  1.02811e-05
 Reference value :  1.05502e-05
 Reference value :  1.08208e-05
 Reference value :  1.11106e-05
 Reference value :  1.14107e-05
 Reference value :  1.16810e-05
 Reference value :  1.19611e-05
 Reference value :  1.22501e-05
 Reference value :  1.25206e-05
 Reference value :  1.28006e-05
 Reference value :  1.30900e-05
 Reference value :  1.33607e-05
 Reference value :  1.36617e-05
 Reference value :  1.39408e-05
 Reference value :  1.42401e-05
 Reference value :  1.45300e-05
 Reference value :  1.48303e-05
 Reference value :  1.51301e-05
 Reference value :  1.54001e-05
 Reference value :  1.57001e-05
 Reference value :  1.59703e-05
 Reference value :  1.62501e-05
 Reference value :  1.65404e-05
 Reference value :  1.69300e-05
 Reference value :  1.72000e-05
 Reference value :  1.74700e-05
 Reference value :  1.77215e-05
 Reference value :  1.80202e-05
 Reference value :  1.83101e-05
 Reference value :  1.86204e-05
 Reference value :  1.89401e-05
 Reference value :  1.92227e-05
 Reference value :  1.95202e-05
 Reference value :  1.98100e-05
 Reference value :  2.01101e-05
 Reference value :  2.03901e-05
 Reference value :  2.06606e-05
 Reference value :  2.09510e-05
 Reference value :  2.12316e-05
 Reference value :  2.15200e-05
 Reference value :  2.18002e-05
 Reference value :  2.20901e-05
 Reference value :  2.23605e-05
 Reference value :  2.26410e-05
 Reference value :  2.29102e-05
 Reference value :  2.31706e-05
 Reference value :  2.34404e-05
 Reference value :  2.37409e-05
 Reference value :  2.40211e-05
 Reference value :  2.42911e-05
 Reference value :  2.45802e-05
 Reference value :  2.48602e-05
 Reference value :  2.51304e-05
 Reference value :  2.54011e-05
 Reference value :  2.57301e-05
 Reference value :  2.60212e-05
 Reference value :  2.63201e-05
 Reference value :  2.65901e-05
 Reference value :  2.68904e-05
 Reference value :  2.71714e-05
 Reference value :  2.74602e-05
 Reference value :  2.77411e-05
 Reference value :  2.80659e-05
 Reference value :  2.83409e-05
 Reference value :  2.86308e-05
 Reference value :  2.89102e-05
 Reference value :  2.91707e-05
 Reference value :  2.94702e-05
 Reference value :  2.97701e-05
 Reference value :  3.00420e-05
 Reference value :  3.03210e-05
 Reference value :  3.06100e-05
 Reference value :  3.08510e-05
 Reference value :  3.11021e-05
 Reference value :  3.13709e-05
 Reference value :  3.16402e-05
 Reference value :  3.19001e-05
 Reference value :  3.21715e-05
 Reference value :  3.24401e-05
 Reference value :  3.27101e-05
 Reference value :  3.29804e-05
 Reference value :  3.32501e-05
 Reference value :  3.35002e-05
 Reference value :  3.37601e-05
 Reference value :  3.40011e-05
 Reference value :  3.42802e-05
 Reference value :  3.45700e-05
 Reference value :  3.48513e-05
 Reference value :  3.51202e-05
 Reference value :  3.53903e-05
 Reference value :  3.56619e-05
 Reference value :  3.59302e-05
 Reference value :  3.62201e-05
 Reference value :  3.65007e-05
 Reference value :  3.68001e-05
 Reference value :  3.70701e-05
 Reference value :  3.73600e-05
 Reference value :  3.76375e-05
 Reference value :  3.79007e-05
 Reference value :  3.81812e-05
 Reference value :  3.85105e-05
 Reference value :  3.88001e-05
 Reference value :  3.90802e-05
 Reference value :  3.93711e-05
 Reference value :  3.96502e-05
 Reference value :  3.99401e-05
 Reference value :  4.02218e-05
 Reference value :  4.05210e-05
 Reference value :  4.08209e-05
 Reference value :  4.11100e-05
 Reference value :  4.13825e-05
 Reference value :  4.16908e-05
 Reference value :  4.19802e-05
 Reference value :  4.22602e-05
 Reference value :  4.25312e-05
 Reference value :  4.28202e-05
 Reference value :  4.30901e-05
 Reference value :  4.33702e-05
 Reference value :  4.36601e-05
 Reference value :  4.39402e-05
 Reference value :  4.42300e-05
 Reference value :  4.45010e-05
 Reference value :  4.47807e-05
 Reference value :  4.50506e-05
 Reference value :  4.53250e-05
 Reference value :  4.56202e-05
 Reference value :  4.58915e-05
 Reference value :  4.61611e-05
 Reference value :  4.64565e-05
 Reference value :  4.67501e-05
 Reference value :  4.70307e-05
 Reference value :  4.73302e-05
 Reference value :  4.76012e-05
 Reference value :  4.79002e-05
 Reference value :  4.81702e-05
 Reference value :  4.84607e-05
 Reference value :  4.87909e-05
 Reference value :  4.90606e-05
 Reference value :  4.93407e-05
 Reference value :  4.96901e-05
 Reference value :  4.99612e-05
 Reference value :  5.02601e-05
 Reference value :  5.05402e-05
 Reference value :  5.08106e-05
 Reference value :  5.11009e-05
 Reference value :  5.14003e-05
 Reference value :  5.17009e-05
 Reference value :  5.19810e-05
 Reference value :  5.22813e-05
 Reference value :  5.25802e-05
 Reference value :  5.28432e-05
 Reference value :  5.31112e-05
 Reference value :  5.34101e-05
 Reference value :  5.36916e-05
 Reference value :  5.39612e-05
 Reference value :  5.42315e-05
 Reference value :  5.45507e-05
 Reference value :  5.48302e-05
 Reference value :  5.51207e-05
 Reference value :  5.54201e-05
 Reference value :  5.56972e-05
 Reference value :  5.59703e-05
 Reference value :  5.62605e-05
 Reference value :  5.65406e-05
 Reference value :  5.68114e-05
 Reference value :  5.71001e-05
 Reference value :  5.73701e-05
 Reference value :  5.76404e-05
 Reference value :  5.79104e-05
 Reference value :  5.81810e-05
 Reference value :  5.84601e-05
 Reference value :  5.87201e-05
 Reference value :  5.89900e-05
 Reference value :  5.92602e-05
 Reference value :  5.95514e-05
 Reference value :  5.98305e-05
 Reference value :  6.01102e-05
 Reference value :  6.03814e-05
 Reference value :  6.06551e-05
 Reference value :  6.09404e-05
 Reference value :  6.12107e-05
 Reference value :  6.15511e-05
 Reference value :  6.18401e-05
 Reference value :  6.21203e-05
 Reference value :  6.23804e-05
 Reference value :  6.26311e-05
 Reference value :  6.29009e-05
 Reference value :  6.31908e-05
 Reference value :  6.34904e-05
 Reference value :  6.37702e-05
 Reference value :  6.40405e-05
 Reference value :  6.43101e-05
 Reference value :  6.45714e-05
 Reference value :  6.48519e-05
 Reference value :  6.51408e-05
 Reference value :  6.54101e-05
 Reference value :  6.56820e-05
 Reference value :  6.59606e-05
 Reference value :  6.62311e-05
 Reference value :  6.65007e-05
 Reference value :  6.67953e-05
 Reference value :  6.70714e-05
 Reference value :  6.73409e-05
 Reference value :  6.76122e-05
 Reference value :  6.78802e-05
 Reference value :  6.81407e-05
 Reference value :  6.84401e-05
 Reference value :  6.87111e-05
 Reference value :  6.89607e-05
 Reference value :  6.92302e-05
 Reference value :  6.95002e-05
 Reference value :  6.97602e-05
 Reference value :  7.00307e-05
 Reference value :  7.03107e-05
 Reference value :  7.05812e-05
 Reference value :  7.08502e-05
 Reference value :  7.11214e-05
 Reference value :  7.14202e-05
 Reference value :  7.17101e-05
 Reference value :  7.19902e-05
 Reference value :  7.23104e-05
 Reference value :  7.26202e-05
 Reference value :  7.29107e-05
 Reference value :  7.32102e-05
 Reference value :  7.35101e-05
 Reference value :  7.38110e-05
 Reference value :  7.41701e-05
 Reference value :  7.45120e-05
 Reference value :  7.48706e-05
 Reference value :  7.52200e-05
 Reference value :  7.54903e-05
 Reference value :  7.57603e-05
 Reference value :  7.60300e-05
 Reference value :  7.63021e-05
 Reference value :  7.66007e-05
 Reference value :  7.68701e-05
 Reference value :  7.71401e-05
 Reference value :  7.74211e-05
 Reference value :  7.76905e-05
 Reference value :  7.79605e-05
 Reference value :  7.82307e-05
 Reference value :  7.85308e-05
 Reference value :  7.88008e-05
 Reference value :  7.90907e-05
 Reference value :  7.93900e-05
 Reference value :  7.96402e-05
 Reference value :  7.99110e-05
No. of Data Rows : 280136
t_flip              =  3.37920e-05
vos_v               =  -6.20798e-03
m_dut_vos = -6.207980000e-03
Note: Simulation executed from .control section 

Warning: m=xx on .subckt line will override multiplier m hierarchy!

Note: Starting dynamic gmin stepping
Note: Dynamic gmin stepping completed
