
Note: Compatibility modes selected: hs a


Circuit: * comparator-regeneration @ fs_27c_3.30v -- generated by sim/harness, do not edit

Doing analysis at TEMP = 27.000000 and TNOM = 27.000000

Using SPARSE 1.3 as Direct Linear Solver

Initial Transient Solution
--------------------------

Node                                   Voltage
----                                   -------
vdd                                        3.3
vdda                                       3.3
clk                                          0
cm                                        1.65
sa                                  -0.0584882
apa                                    1.62076
ana                                    1.67924
ibna                                   0.91521
xa.xlayout_dut.sp__t2              3.99385e-09
xa.xlayout_dut.qp__t6                      3.3
xa.xlayout_dut.vss__t17            3.34899e-11
xa.xlayout_dut.vss__t2             3.81198e-20
xa.xlayout_dut.dout__t3                1.49099
xa.xlayout_dut.sp__t3              4.06854e-09
xa.xlayout_dut.vss__t25            1.28817e-12
xa.xlayout_dut.vss__t3             1.66951e-11
xa.xlayout_dut.dout__t2                1.48401
xa.xlayout_dut.doutb__t0               1.49396
xa.xlayout_dut.vss__t24             0.00198731
xa.xlayout_dut.vss__t4             1.75847e-11
xa.xlayout_dut.ibias__t0              0.913932
xa.xlayout_dut.ibias__t1               0.91521
xa.xlayout_dut.vss__t20            0.000254896
xa.xlayout_dut.vss__t8             2.33023e-11
xa.xlayout_dut.sn__t2              3.99379e-09
xa.xlayout_dut.qn__t6                      3.3
xa.xlayout_dut.vss__t23            3.34276e-11
xa.xlayout_dut.vss__t5             3.80477e-20
xa.xlayout_dut.doutb__t1               1.49396
xa.xlayout_dut.sn__t3              4.10706e-09
xa.xlayout_dut.vss__t22            1.28708e-12
xa.xlayout_dut.vss__t6             1.67061e-11
xa.xlayout_dut.doutb__t4               1.48764
xa.xlayout_dut.dout__t4                1.49099
xa.xlayout_dut.vss__t21             0.00197485
xa.xlayout_dut.vss__t7             1.76212e-11
xa.xlayout_dut.qn__t4                      3.3
xa.xlayout_dut.qp__t0                      3.3
xa.xlayout_dut.mn__t0                      3.3
xa.xlayout_dut.vss__t9             4.33209e-11
xa.xlayout_dut.mn__t1                      3.3
xa.xlayout_dut.aop__t2                 1.53653
xa.xlayout_dut.ltail__t0                1.9475
xa.xlayout_dut.vss__t11            3.13818e-11
xa.xlayout_dut.atail__t0              0.760605
xa.xlayout_dut.ibias__t2               0.91521
xa.xlayout_dut.vss__t19            0.000496885
xa.xlayout_dut.vss__t13            1.86494e-11
xa.xlayout_dut.qp__t1                      3.3
xa.xlayout_dut.qn__t5                      3.3
xa.xlayout_dut.mp__t2                      3.3
xa.xlayout_dut.vss__t10            4.33989e-11
xa.xlayout_dut.ltail__t1                1.9475
xa.xlayout_dut.clk__t2                       0
xa.xlayout_dut.vss__t18            5.75406e-12
xa.xlayout_dut.vss__t14            1.05187e-11
xa.xlayout_dut.mp__t1                      3.3
xa.xlayout_dut.aon__t0                 2.55475
xa.xlayout_dut.ltail__t2                1.9475
xa.xlayout_dut.vss__t12            3.16964e-11
xa.xlayout_dut.aon__t1                 2.55426
xa.xlayout_dut.vinp__t0                1.62076
xa.xlayout_dut.atail__t1              0.761168
xa.xlayout_dut.vss__t15            9.38104e-09
xa.xlayout_dut.aop__t1                 1.53477
xa.xlayout_dut.vinn__t0                1.67924
xa.xlayout_dut.atail__t2              0.761587
xa.xlayout_dut.vss__t16            5.53391e-11
xa.xlayout_dut.mn__t2                      3.3
xa.xlayout_dut.clk__t0                       0
xa.xlayout_dut.vdd__t0                     3.3
xa.xlayout_dut.vdd__t1                     3.3
xa.xlayout_dut.qn__t1                      3.3
xa.xlayout_dut.clk__t1                       0
xa.xlayout_dut.vdd__t2                     3.3
xa.xlayout_dut.vdd__t3                     3.3
xa.xlayout_dut.sp__t0              4.23216e-09
xa.xlayout_dut.qp__t2                      3.3
xa.xlayout_dut.vdd__t4                     3.3
xa.xlayout_dut.vdd__t5                     3.3
xa.xlayout_dut.mp__t0                      3.3
xa.xlayout_dut.clk__t4                       0
xa.xlayout_dut.vdd__t21                    3.3
xa.xlayout_dut.vdd__t20                    3.3
xa.xlayout_dut.qn__t0                      3.3
xa.xlayout_dut.qp__t3                      3.3
xa.xlayout_dut.vdd__t6                     3.3
xa.xlayout_dut.vdd__t7                     3.3
xa.xlayout_dut.qp__t4                      3.3
xa.xlayout_dut.clk__t3                       0
xa.xlayout_dut.vdd__t19                    3.3
xa.xlayout_dut.vdd__t18                    3.3
xa.xlayout_dut.na__t1                  3.15876
xa.xlayout_dut.sp__t1              4.06854e-09
xa.xlayout_dut.vdd__t23                3.29731
xa.xlayout_dut.vdd__t8                     3.3
xa.xlayout_dut.dout__t0                1.49612
xa.xlayout_dut.doutb__t2               1.49396
xa.xlayout_dut.na__t0                  3.15626
xa.xlayout_dut.vdd__t13                    3.3
xa.xlayout_dut.sn__t0              4.28501e-09
xa.xlayout_dut.qn__t3                      3.3
xa.xlayout_dut.vdd__t17                    3.3
xa.xlayout_dut.vdd__t16                    3.3
xa.xlayout_dut.qp__t5                      3.3
xa.xlayout_dut.qn__t2                      3.3
xa.xlayout_dut.vdd__t15                    3.3
xa.xlayout_dut.vdd__t14                    3.3
xa.xlayout_dut.nb__t1                  3.15927
xa.xlayout_dut.sn__t1              4.10706e-09
xa.xlayout_dut.vdd__t22                3.29709
xa.xlayout_dut.vdd__t12                    3.3
xa.xlayout_dut.doutb__t3               1.50771
xa.xlayout_dut.dout__t1                1.49099
xa.xlayout_dut.nb__t0                  3.15284
xa.xlayout_dut.vdd__t11                    3.3
xa.xlayout_dut.aon__t2                 2.55494
xa.xlayout_dut.x$28.11                 2.55547
xa.xlayout_dut.vss__t0                       0
xa.xlayout_dut.x$28.21                 3.29871
xa.xlayout_dut.vdd__t10                3.29923
xa.xlayout_dut.aop__t0                 1.53703
xa.xlayout_dut.x$29.11                 1.53827
xa.xlayout_dut.vss__t1                       0
xa.xlayout_dut.x$29.21                 3.29804
xa.xlayout_dut.vdd__t9                 3.29928
xa.xlayout_dut.aon                     2.55475
vsubs                                        0
xa.xlayout_dut.aop                     1.53653
xa.xlayout_dut.atail                  0.761105
douta                                  1.49099
doutba                                 1.49396
xa.xlayout_dut.ltail                    1.9475
xa.xlayout_dut.mn                          3.3
xa.xlayout_dut.mp                          3.3
xa.xlayout_dut.na                      3.15751
xa.xlayout_dut.nb                      3.15605
xa.xlayout_dut.qn                          3.3
xa.xlayout_dut.qp                          3.3
xa.xlayout_dut.sn                  4.10706e-09
xa.xlayout_dut.sp                  4.06854e-09
sb                                 -0.00948821
apb                                    1.64526
anb                                    1.65474
ibnb                                   0.91521
xb.xlayout_dut.sp__t2              3.99385e-09
xb.xlayout_dut.qp__t6                      3.3
xb.xlayout_dut.vss__t17            3.34899e-11
xb.xlayout_dut.vss__t2             3.81198e-20
xb.xlayout_dut.dout__t3                1.49099
xb.xlayout_dut.sp__t3              4.06854e-09
xb.xlayout_dut.vss__t25            1.28817e-12
xb.xlayout_dut.vss__t3             1.66951e-11
xb.xlayout_dut.dout__t2                1.48401
xb.xlayout_dut.doutb__t0               1.49396
xb.xlayout_dut.vss__t24             0.00198731
xb.xlayout_dut.vss__t4             1.75847e-11
xb.xlayout_dut.ibias__t0              0.913932
xb.xlayout_dut.ibias__t1               0.91521
xb.xlayout_dut.vss__t20            0.000254896
xb.xlayout_dut.vss__t8             2.33023e-11
xb.xlayout_dut.sn__t2              3.99379e-09
xb.xlayout_dut.qn__t6                      3.3
xb.xlayout_dut.vss__t23            3.34276e-11
xb.xlayout_dut.vss__t5             3.80477e-20
xb.xlayout_dut.doutb__t1               1.49396
xb.xlayout_dut.sn__t3              4.10706e-09
xb.xlayout_dut.vss__t22            1.28708e-12
xb.xlayout_dut.vss__t6             1.67061e-11
xb.xlayout_dut.doutb__t4               1.48764
xb.xlayout_dut.dout__t4                1.49099
xb.xlayout_dut.vss__t21             0.00197485
xb.xlayout_dut.vss__t7             1.76212e-11
xb.xlayout_dut.qn__t4                      3.3
xb.xlayout_dut.qp__t0                      3.3
xb.xlayout_dut.mn__t0                      3.3
xb.xlayout_dut.vss__t9             4.33209e-11
xb.xlayout_dut.mn__t1                      3.3
xb.xlayout_dut.aop__t2                 1.96237
xb.xlayout_dut.ltail__t0               1.59768
xb.xlayout_dut.vss__t11            2.92897e-11
xb.xlayout_dut.atail__t0               0.75738
xb.xlayout_dut.ibias__t2               0.91521
xb.xlayout_dut.vss__t19            0.000496868
xb.xlayout_dut.vss__t13            1.85704e-11
xb.xlayout_dut.qp__t1                      3.3
xb.xlayout_dut.qn__t5                      3.3
xb.xlayout_dut.mp__t2                      3.3
xb.xlayout_dut.vss__t10            4.33989e-11
xb.xlayout_dut.ltail__t1               1.59768
xb.xlayout_dut.clk__t2                       0
xb.xlayout_dut.vss__t18            5.45308e-12
xb.xlayout_dut.vss__t14            8.62873e-12
xb.xlayout_dut.mp__t1                      3.3
xb.xlayout_dut.aon__t0                 2.12879
xb.xlayout_dut.ltail__t2               1.59768
xb.xlayout_dut.vss__t12            2.95841e-11
xb.xlayout_dut.aon__t1                 2.12803
xb.xlayout_dut.vinp__t0                1.64526
xb.xlayout_dut.atail__t1               0.75798
xb.xlayout_dut.vss__t15            1.83484e-10
xb.xlayout_dut.aop__t1                 1.96103
xb.xlayout_dut.vinn__t0                1.65474
xb.xlayout_dut.atail__t2              0.758245
xb.xlayout_dut.vss__t16            7.26616e-11
xb.xlayout_dut.mn__t2                      3.3
xb.xlayout_dut.clk__t0                       0
xb.xlayout_dut.vdd__t0                     3.3
xb.xlayout_dut.vdd__t1                     3.3
xb.xlayout_dut.qn__t1                      3.3
xb.xlayout_dut.clk__t1                       0
xb.xlayout_dut.vdd__t2                     3.3
xb.xlayout_dut.vdd__t3                     3.3
xb.xlayout_dut.sp__t0              4.23216e-09
xb.xlayout_dut.qp__t2                      3.3
xb.xlayout_dut.vdd__t4                     3.3
xb.xlayout_dut.vdd__t5                     3.3
xb.xlayout_dut.mp__t0                      3.3
xb.xlayout_dut.clk__t4                       0
xb.xlayout_dut.vdd__t21                    3.3
xb.xlayout_dut.vdd__t20                    3.3
xb.xlayout_dut.qn__t0                      3.3
xb.xlayout_dut.qp__t3                      3.3
xb.xlayout_dut.vdd__t6                     3.3
xb.xlayout_dut.vdd__t7                     3.3
xb.xlayout_dut.qp__t4                      3.3
xb.xlayout_dut.clk__t3                       0
xb.xlayout_dut.vdd__t19                    3.3
xb.xlayout_dut.vdd__t18                    3.3
xb.xlayout_dut.na__t1                  3.15876
xb.xlayout_dut.sp__t1              4.06854e-09
xb.xlayout_dut.vdd__t23                3.29731
xb.xlayout_dut.vdd__t8                     3.3
xb.xlayout_dut.dout__t0                1.49612
xb.xlayout_dut.doutb__t2               1.49396
xb.xlayout_dut.na__t0                  3.15626
xb.xlayout_dut.vdd__t13                    3.3
xb.xlayout_dut.sn__t0              4.28501e-09
xb.xlayout_dut.qn__t3                      3.3
xb.xlayout_dut.vdd__t17                    3.3
xb.xlayout_dut.vdd__t16                    3.3
xb.xlayout_dut.qp__t5                      3.3
xb.xlayout_dut.qn__t2                      3.3
xb.xlayout_dut.vdd__t15                    3.3
xb.xlayout_dut.vdd__t14                    3.3
xb.xlayout_dut.nb__t1                  3.15927
xb.xlayout_dut.sn__t1              4.10706e-09
xb.xlayout_dut.vdd__t22                3.29709
xb.xlayout_dut.vdd__t12                    3.3
xb.xlayout_dut.doutb__t3               1.50771
xb.xlayout_dut.dout__t1                1.49099
xb.xlayout_dut.nb__t0                  3.15284
xb.xlayout_dut.vdd__t11                    3.3
xb.xlayout_dut.aon__t2                  2.1291
xb.xlayout_dut.x$28.11                 2.12992
xb.xlayout_dut.vss__t0                       0
xb.xlayout_dut.x$28.21                 3.29797
xb.xlayout_dut.vdd__t10                3.29879
xb.xlayout_dut.aop__t0                 1.96275
xb.xlayout_dut.x$29.11                 1.96368
xb.xlayout_dut.vss__t1                       0
xb.xlayout_dut.x$29.21                 3.29851
xb.xlayout_dut.vdd__t9                 3.29945
xb.xlayout_dut.aon                     2.12879
xb.xlayout_dut.aop                     1.96237
xb.xlayout_dut.atail                   0.75788
doutb                                  1.49099
doutbb                                 1.49396
xb.xlayout_dut.ltail                   1.59768
xb.xlayout_dut.mn                          3.3
xb.xlayout_dut.mp                          3.3
xb.xlayout_dut.na                      3.15751
xb.xlayout_dut.nb                      3.15605
xb.xlayout_dut.qn                          3.3
xb.xlayout_dut.qp                          3.3
xb.xlayout_dut.sn                  4.10706e-09
xb.xlayout_dut.sp                  4.06854e-09
sc                                 -0.00858821
apc                                    1.64571
anc                                    1.65429
ibnc                                   0.91521
xc.xlayout_dut.sp__t2              3.99385e-09
xc.xlayout_dut.qp__t6                      3.3
xc.xlayout_dut.vss__t17            3.34899e-11
xc.xlayout_dut.vss__t2             3.81198e-20
xc.xlayout_dut.dout__t3                1.49099
xc.xlayout_dut.sp__t3              4.06854e-09
xc.xlayout_dut.vss__t25            1.28817e-12
xc.xlayout_dut.vss__t3             1.66951e-11
xc.xlayout_dut.dout__t2                1.48401
xc.xlayout_dut.doutb__t0               1.49396
xc.xlayout_dut.vss__t24             0.00198731
xc.xlayout_dut.vss__t4             1.75847e-11
xc.xlayout_dut.ibias__t0              0.913932
xc.xlayout_dut.ibias__t1               0.91521
xc.xlayout_dut.vss__t20            0.000254896
xc.xlayout_dut.vss__t8             2.33023e-11
xc.xlayout_dut.sn__t2              3.99379e-09
xc.xlayout_dut.qn__t6                      3.3
xc.xlayout_dut.vss__t23            3.34276e-11
xc.xlayout_dut.vss__t5             3.80477e-20
xc.xlayout_dut.doutb__t1               1.49396
xc.xlayout_dut.sn__t3              4.10706e-09
xc.xlayout_dut.vss__t22            1.28708e-12
xc.xlayout_dut.vss__t6             1.67061e-11
xc.xlayout_dut.doutb__t4               1.48764
xc.xlayout_dut.dout__t4                1.49099
xc.xlayout_dut.vss__t21             0.00197485
xc.xlayout_dut.vss__t7             1.76212e-11
xc.xlayout_dut.qn__t4                      3.3
xc.xlayout_dut.qp__t0                      3.3
xc.xlayout_dut.mn__t0                      3.3
xc.xlayout_dut.vss__t9             4.33209e-11
xc.xlayout_dut.mn__t1                      3.3
xc.xlayout_dut.aop__t2                 1.97054
xc.xlayout_dut.ltail__t0               1.59112
xc.xlayout_dut.vss__t11            2.92505e-11
xc.xlayout_dut.atail__t0              0.757366
xc.xlayout_dut.ibias__t2               0.91521
xc.xlayout_dut.vss__t19            0.000496868
xc.xlayout_dut.vss__t13              1.857e-11
xc.xlayout_dut.qp__t1                      3.3
xc.xlayout_dut.qn__t5                      3.3
xc.xlayout_dut.mp__t2                      3.3
xc.xlayout_dut.vss__t10            4.33989e-11
xc.xlayout_dut.ltail__t1               1.59112
xc.xlayout_dut.clk__t2                       0
xc.xlayout_dut.vss__t18            5.44747e-12
xc.xlayout_dut.vss__t14            8.59328e-12
xc.xlayout_dut.mp__t1                      3.3
xc.xlayout_dut.aon__t0                 2.12061
xc.xlayout_dut.ltail__t2               1.59112
xc.xlayout_dut.vss__t12            2.95444e-11
xc.xlayout_dut.aon__t1                 2.11984
xc.xlayout_dut.vinp__t0                1.64571
xc.xlayout_dut.atail__t1              0.757965
xc.xlayout_dut.vss__t15            1.70439e-10
xc.xlayout_dut.aop__t1                 1.96922
xc.xlayout_dut.vinn__t0                1.65429
xc.xlayout_dut.atail__t2              0.758228
xc.xlayout_dut.vss__t16            7.40823e-11
xc.xlayout_dut.mn__t2                      3.3
xc.xlayout_dut.clk__t0                       0
xc.xlayout_dut.vdd__t0                     3.3
xc.xlayout_dut.vdd__t1                     3.3
xc.xlayout_dut.qn__t1                      3.3
xc.xlayout_dut.clk__t1                       0
xc.xlayout_dut.vdd__t2                     3.3
xc.xlayout_dut.vdd__t3                     3.3
xc.xlayout_dut.sp__t0              4.23216e-09
xc.xlayout_dut.qp__t2                      3.3
xc.xlayout_dut.vdd__t4                     3.3
xc.xlayout_dut.vdd__t5                     3.3
xc.xlayout_dut.mp__t0                      3.3
xc.xlayout_dut.clk__t4                       0
xc.xlayout_dut.vdd__t21                    3.3
xc.xlayout_dut.vdd__t20                    3.3
xc.xlayout_dut.qn__t0                      3.3
xc.xlayout_dut.qp__t3                      3.3
xc.xlayout_dut.vdd__t6                     3.3
xc.xlayout_dut.vdd__t7                     3.3
xc.xlayout_dut.qp__t4                      3.3
xc.xlayout_dut.clk__t3                       0
xc.xlayout_dut.vdd__t19                    3.3
xc.xlayout_dut.vdd__t18                    3.3
xc.xlayout_dut.na__t1                  3.15876
xc.xlayout_dut.sp__t1              4.06854e-09
xc.xlayout_dut.vdd__t23                3.29731
xc.xlayout_dut.vdd__t8                     3.3
xc.xlayout_dut.dout__t0                1.49612
xc.xlayout_dut.doutb__t2               1.49396
xc.xlayout_dut.na__t0                  3.15626
xc.xlayout_dut.vdd__t13                    3.3
xc.xlayout_dut.sn__t0              4.28501e-09
xc.xlayout_dut.qn__t3                      3.3
xc.xlayout_dut.vdd__t17                    3.3
xc.xlayout_dut.vdd__t16                    3.3
xc.xlayout_dut.qp__t5                      3.3
xc.xlayout_dut.qn__t2                      3.3
xc.xlayout_dut.vdd__t15                    3.3
xc.xlayout_dut.vdd__t14                    3.3
xc.xlayout_dut.nb__t1                  3.15927
xc.xlayout_dut.sn__t1              4.10706e-09
xc.xlayout_dut.vdd__t22                3.29709
xc.xlayout_dut.vdd__t12                    3.3
xc.xlayout_dut.doutb__t3               1.50771
xc.xlayout_dut.dout__t1                1.49099
xc.xlayout_dut.nb__t0                  3.15284
xc.xlayout_dut.vdd__t11                    3.3
xc.xlayout_dut.aon__t2                 2.12092
xc.xlayout_dut.x$28.11                 2.12175
xc.xlayout_dut.vss__t0                       0
xc.xlayout_dut.x$28.21                 3.29796
xc.xlayout_dut.vdd__t10                3.29878
xc.xlayout_dut.aop__t0                 1.97092
xc.xlayout_dut.x$29.11                 1.97185
xc.xlayout_dut.vss__t1                       0
xc.xlayout_dut.x$29.21                 3.29852
xc.xlayout_dut.vdd__t9                 3.29945
xc.xlayout_dut.aon                     2.12061
xc.xlayout_dut.aop                     1.97054
xc.xlayout_dut.atail                  0.757865
doutc                                  1.49099
doutbc                                 1.49396
xc.xlayout_dut.ltail                   1.59112
xc.xlayout_dut.mn                          3.3
xc.xlayout_dut.mp                          3.3
xc.xlayout_dut.na                      3.15751
xc.xlayout_dut.nb                      3.15605
xc.xlayout_dut.qn                          3.3
xc.xlayout_dut.qp                          3.3
xc.xlayout_dut.sn                  4.10706e-09
xc.xlayout_dut.sp                  4.06854e-09
clkn                                         0
dan                                   0.451815
dbn                                   0.451815
dcn                                   0.451815
bdcn#branch                                  0
bdbn#branch                                  0
bdan#branch                                  0
bclkn#branch                                 0
eanc#branch                       -2.86704e-19
eapc#branch                        8.38895e-21
eanb#branch                        4.55455e-19
eapb#branch                        1.05814e-18
eana#branch                        2.85433e-19
eapa#branch                       -5.63748e-19
vsc#branch                                   0
vsb#branch                                   0
vsa#branch                                   0
vcm#branch                          9.5697e-19
vclk#branch                                  0
vsupa#branch                      -0.000366969
vsup#branch                       -0.000733936

 Reference value :  5.36400e-10
 Reference value :  3.25140e-09
 Reference value :  6.06140e-09
 Reference value :  8.75640e-09
 Reference value :  1.13363e-08
 Reference value :  1.43263e-08
 Reference value :  1.71013e-08
 Reference value :  1.98363e-08
 Reference value :  2.26725e-08
 Reference value :  2.56475e-08
 Reference value :  2.83125e-08
 Reference value :  3.11675e-08
 Reference value :  3.40025e-08
 Reference value :  3.74975e-08
 Reference value :  4.01163e-08
 Reference value :  4.27863e-08
 Reference value :  4.57463e-08
 Reference value :  4.85263e-08
 Reference value :  5.11025e-08
 Reference value :  5.41925e-08
 Reference value :  5.71025e-08
No. of Data Rows : 12046
vsup_v              =  3.30000e+00
td_a                =  1.13162e-09 targ=  4.11816e-08 trig=  4.00500e-08
td_b                =  1.43093e-09 targ=  4.14809e-08 trig=  4.00500e-08
td_c                =  1.63742e-09 targ=  4.16874e-08 trig=  4.00500e-08
da_first            =  1.05877e-05
db_first            =  1.03233e-05
dc_first            =  1.02431e-05
da_end              =  9.99957e-01
db_end              =  9.99957e-01
dc_end              =  9.99957e-01
i_stat              =  -2.90227e-05 from=  2.50000e-08 to=  2.90025e-08
q_dec               =  -8.04073e-13 from=  3.99000e-08 to=  4.80000e-08
m_td_od50_ns = 1.1316180000e+00
m_td_od1_ns = 1.4309310000e+00
m_td_od01_ns = 1.6374180000e+00
m_tau_ps = 8.9676164685e+01
m_resolve_decades = 1.5956648068e+01
m_dout_od50_end = 9.9995700000e-01
m_dout_od1_end = 9.9995700000e-01
m_dout_od01_end = 9.9995700000e-01
m_dout_od50_first = 1.0587680000e-05
m_dout_od1_first = 1.0323310000e-05
m_dout_od01_first = 1.0243070000e-05
m_i_static_ua = 2.9022690000e+01
m_e_dec_fj = 1.8776640663e+03
Note: Simulation executed from .control section 

Warning: m=xx on .subckt line will override multiplier m hierarchy!

Note: Starting dynamic gmin stepping
Note: Dynamic gmin stepping completed
