
Note: Compatibility modes selected: hs a


Circuit: * comparator-regeneration-vosprobe @ fs_27c_3.30v -- generated by sim/harness, do not edit

Doing analysis at TEMP = 27.000000 and TNOM = 27.000000

Using SPARSE 1.3 as Direct Linear Solver

Initial Transient Solution
--------------------------

Node                                   Voltage
----                                   -------
vdd                                        3.3
cm                                        1.65
clk                                          0
rmp                                      -0.04
vp                                        1.63
vn                                        1.67
ibn                                    0.91521
xdut.xlayout_dut.sp__t2            3.99385e-09
xdut.xlayout_dut.qp__t6                    3.3
xdut.xlayout_dut.vss__t17          3.34899e-11
xdut.xlayout_dut.vss__t2           3.81198e-20
xdut.xlayout_dut.dout__t3              1.49099
xdut.xlayout_dut.sp__t3            4.06854e-09
xdut.xlayout_dut.vss__t25          1.28817e-12
xdut.xlayout_dut.vss__t3           1.66951e-11
xdut.xlayout_dut.dout__t2              1.48401
xdut.xlayout_dut.doutb__t0             1.49396
xdut.xlayout_dut.vss__t24           0.00198731
xdut.xlayout_dut.vss__t4           1.75847e-11
xdut.xlayout_dut.ibias__t0            0.913932
xdut.xlayout_dut.ibias__t1             0.91521
xdut.xlayout_dut.vss__t20          0.000254896
xdut.xlayout_dut.vss__t8           2.33023e-11
xdut.xlayout_dut.sn__t2            3.99379e-09
xdut.xlayout_dut.qn__t6                    3.3
xdut.xlayout_dut.vss__t23          3.34276e-11
xdut.xlayout_dut.vss__t5           3.80477e-20
xdut.xlayout_dut.doutb__t1             1.49396
xdut.xlayout_dut.sn__t3            4.10706e-09
xdut.xlayout_dut.vss__t22          1.28708e-12
xdut.xlayout_dut.vss__t6           1.67061e-11
xdut.xlayout_dut.doutb__t4             1.48764
xdut.xlayout_dut.dout__t4              1.49099
xdut.xlayout_dut.vss__t21           0.00197485
xdut.xlayout_dut.vss__t7           1.76212e-11
xdut.xlayout_dut.qn__t4                    3.3
xdut.xlayout_dut.qp__t0                    3.3
xdut.xlayout_dut.mn__t0                    3.3
xdut.xlayout_dut.vss__t9           4.33209e-11
xdut.xlayout_dut.mn__t1                    3.3
xdut.xlayout_dut.aop__t2               1.69098
xdut.xlayout_dut.ltail__t0             1.81993
xdut.xlayout_dut.vss__t11          3.06188e-11
xdut.xlayout_dut.atail__t0             0.75883
xdut.xlayout_dut.ibias__t2             0.91521
xdut.xlayout_dut.vss__t19          0.000496875
xdut.xlayout_dut.vss__t13          1.86059e-11
xdut.xlayout_dut.qp__t1                    3.3
xdut.xlayout_dut.qn__t5                    3.3
xdut.xlayout_dut.mp__t2                    3.3
xdut.xlayout_dut.vss__t10          4.33989e-11
xdut.xlayout_dut.ltail__t1             1.81993
xdut.xlayout_dut.clk__t2                     0
xdut.xlayout_dut.vss__t18          5.64382e-12
xdut.xlayout_dut.vss__t14          9.82927e-12
xdut.xlayout_dut.mp__t1                    3.3
xdut.xlayout_dut.aon__t0               2.40029
xdut.xlayout_dut.ltail__t2             1.81993
xdut.xlayout_dut.vss__t12          3.09259e-11
xdut.xlayout_dut.aon__t1                2.3997
xdut.xlayout_dut.vinp__t0                 1.63
xdut.xlayout_dut.atail__t1            0.759406
xdut.xlayout_dut.vss__t15          2.71922e-09
xdut.xlayout_dut.aop__t1               1.68937
xdut.xlayout_dut.vinn__t0                 1.67
xdut.xlayout_dut.atail__t2            0.759769
xdut.xlayout_dut.vss__t16          5.90263e-11
xdut.xlayout_dut.mn__t2                    3.3
xdut.xlayout_dut.clk__t0                     0
xdut.xlayout_dut.vdd__t0                   3.3
xdut.xlayout_dut.vdd__t1                   3.3
xdut.xlayout_dut.qn__t1                    3.3
xdut.xlayout_dut.clk__t1                     0
xdut.xlayout_dut.vdd__t2                   3.3
xdut.xlayout_dut.vdd__t3                   3.3
xdut.xlayout_dut.sp__t0            4.23216e-09
xdut.xlayout_dut.qp__t2                    3.3
xdut.xlayout_dut.vdd__t4                   3.3
xdut.xlayout_dut.vdd__t5                   3.3
xdut.xlayout_dut.mp__t0                    3.3
xdut.xlayout_dut.clk__t4                     0
xdut.xlayout_dut.vdd__t21                  3.3
xdut.xlayout_dut.vdd__t20                  3.3
xdut.xlayout_dut.qn__t0                    3.3
xdut.xlayout_dut.qp__t3                    3.3
xdut.xlayout_dut.vdd__t6                   3.3
xdut.xlayout_dut.vdd__t7                   3.3
xdut.xlayout_dut.qp__t4                    3.3
xdut.xlayout_dut.clk__t3                     0
xdut.xlayout_dut.vdd__t19                  3.3
xdut.xlayout_dut.vdd__t18                  3.3
xdut.xlayout_dut.na__t1                3.15876
xdut.xlayout_dut.sp__t1            4.06854e-09
xdut.xlayout_dut.vdd__t23              3.29731
xdut.xlayout_dut.vdd__t8                   3.3
xdut.xlayout_dut.dout__t0              1.49612
xdut.xlayout_dut.doutb__t2             1.49396
xdut.xlayout_dut.na__t0                3.15626
xdut.xlayout_dut.vdd__t13                  3.3
xdut.xlayout_dut.sn__t0            4.28501e-09
xdut.xlayout_dut.qn__t3                    3.3
xdut.xlayout_dut.vdd__t17                  3.3
xdut.xlayout_dut.vdd__t16                  3.3
xdut.xlayout_dut.qp__t5                    3.3
xdut.xlayout_dut.qn__t2                    3.3
xdut.xlayout_dut.vdd__t15                  3.3
xdut.xlayout_dut.vdd__t14                  3.3
xdut.xlayout_dut.nb__t1                3.15927
xdut.xlayout_dut.sn__t1            4.10706e-09
xdut.xlayout_dut.vdd__t22              3.29709
xdut.xlayout_dut.vdd__t12                  3.3
xdut.xlayout_dut.doutb__t3             1.50771
xdut.xlayout_dut.dout__t1              1.49099
xdut.xlayout_dut.nb__t0                3.15284
xdut.xlayout_dut.vdd__t11                  3.3
xdut.xlayout_dut.aon__t2               2.40053
xdut.xlayout_dut.x$28.11               2.40116
xdut.xlayout_dut.vss__t0                     0
xdut.xlayout_dut.x$28.21               3.29844
xdut.xlayout_dut.vdd__t10              3.29907
xdut.xlayout_dut.aop__t0               1.69144
xdut.xlayout_dut.x$29.11               1.69256
xdut.xlayout_dut.vss__t1                     0
xdut.xlayout_dut.x$29.21               3.29821
xdut.xlayout_dut.vdd__t9               3.29934
xdut.xlayout_dut.aon                   2.40029
vsubs                                        0
xdut.xlayout_dut.aop                   1.69098
xdut.xlayout_dut.atail                 0.75933
dout                                   1.49099
doutb                                  1.49396
xdut.xlayout_dut.ltail                 1.81993
xdut.xlayout_dut.mn                        3.3
xdut.xlayout_dut.mp                        3.3
xdut.xlayout_dut.na                    3.15751
xdut.xlayout_dut.nb                    3.15605
xdut.xlayout_dut.qn                        3.3
xdut.xlayout_dut.qp                        3.3
xdut.xlayout_dut.sn                4.10706e-09
xdut.xlayout_dut.sp                4.06854e-09
dn                                    0.451815
bdn#branch                                   0
bnn#branch                         1.17161e-18
bpp#branch                          3.4199e-19
vrmp#branch                                  0
vclk#branch                                  0
vcm#branch                                   0
vsup#branch                       -0.000366968

 Reference value :  1.10731e-07
 Reference value :  4.00105e-07
 Reference value :  6.70875e-07
 Reference value :  9.41111e-07
 Reference value :  1.21078e-06
 Reference value :  1.51003e-06
 Reference value :  1.77484e-06
 Reference value :  2.03069e-06
 Reference value :  2.30160e-06
 Reference value :  2.59009e-06
 Reference value :  2.86018e-06
 Reference value :  3.14161e-06
 Reference value :  3.43073e-06
 Reference value :  3.70059e-06
 Reference value :  3.98019e-06
 Reference value :  4.27003e-06
 Reference value :  4.54022e-06
 Reference value :  4.79117e-06
 Reference value :  5.08013e-06
 Reference value :  5.44004e-06
 Reference value :  5.72043e-06
 Reference value :  6.01001e-06
 Reference value :  6.28000e-06
 Reference value :  6.53043e-06
 Reference value :  6.82009e-06
 Reference value :  7.10059e-06
 Reference value :  7.39002e-06
 Reference value :  7.67019e-06
 Reference value :  7.94021e-06
 Reference value :  8.21117e-06
 Reference value :  8.48021e-06
 Reference value :  8.75059e-06
 Reference value :  9.01067e-06
 Reference value :  9.29148e-06
 Reference value :  9.58015e-06
 Reference value :  9.86025e-06
 Reference value :  1.01501e-05
 Reference value :  1.04208e-05
 Reference value :  1.07006e-05
 Reference value :  1.09900e-05
 Reference value :  1.12607e-05
 Reference value :  1.15401e-05
 Reference value :  1.18007e-05
 Reference value :  1.21006e-05
 Reference value :  1.23714e-05
 Reference value :  1.26501e-05
 Reference value :  1.29207e-05
 Reference value :  1.32202e-05
 Reference value :  1.34809e-05
 Reference value :  1.37618e-05
 Reference value :  1.40513e-05
 Reference value :  1.43807e-05
 Reference value :  1.46558e-05
 Reference value :  1.49309e-05
 Reference value :  1.52202e-05
 Reference value :  1.55001e-05
 Reference value :  1.57902e-05
 Reference value :  1.60901e-05
 Reference value :  1.64619e-05
 Reference value :  1.67504e-05
 Reference value :  1.70223e-05
 Reference value :  1.72906e-05
 Reference value :  1.75602e-05
 Reference value :  1.78549e-05
 Reference value :  1.81411e-05
 Reference value :  1.84601e-05
 Reference value :  1.87307e-05
 Reference value :  1.90007e-05
 Reference value :  1.92802e-05
 Reference value :  1.95509e-05
 Reference value :  1.98214e-05
 Reference value :  2.00997e-05
 Reference value :  2.03902e-05
 Reference value :  2.06602e-05
 Reference value :  2.09307e-05
 Reference value :  2.12202e-05
 Reference value :  2.14913e-05
 Reference value :  2.17908e-05
 Reference value :  2.20655e-05
 Reference value :  2.23305e-05
 Reference value :  2.26000e-05
 Reference value :  2.28547e-05
 Reference value :  2.31502e-05
 Reference value :  2.34501e-05
 Reference value :  2.37135e-05
 Reference value :  2.39941e-05
 Reference value :  2.42808e-05
 Reference value :  2.45602e-05
 Reference value :  2.48317e-05
 Reference value :  2.51205e-05
 Reference value :  2.54056e-05
 Reference value :  2.56900e-05
 Reference value :  2.60002e-05
 Reference value :  2.62903e-05
 Reference value :  2.65901e-05
 Reference value :  2.68701e-05
 Reference value :  2.71708e-05
 Reference value :  2.75508e-05
 Reference value :  2.78500e-05
 Reference value :  2.81204e-05
 Reference value :  2.83902e-05
 Reference value :  2.86411e-05
 Reference value :  2.89602e-05
 Reference value :  2.92405e-05
 Reference value :  2.95601e-05
 Reference value :  2.98402e-05
 Reference value :  3.01007e-05
 Reference value :  3.03701e-05
 Reference value :  3.06402e-05
 Reference value :  3.09116e-05
 Reference value :  3.11803e-05
 Reference value :  3.14302e-05
 Reference value :  3.17002e-05
 Reference value :  3.19703e-05
 Reference value :  3.22413e-05
 Reference value :  3.25302e-05
 Reference value :  3.28111e-05
 Reference value :  3.31000e-05
 Reference value :  3.33801e-05
 Reference value :  3.36419e-05
 Reference value :  3.39401e-05
 Reference value :  3.42402e-05
 Reference value :  3.45400e-05
 Reference value :  3.48101e-05
 Reference value :  3.50806e-05
 Reference value :  3.53601e-05
 Reference value :  3.56203e-05
 Reference value :  3.59209e-05
 Reference value :  3.62201e-05
 Reference value :  3.65045e-05
 Reference value :  3.68013e-05
 Reference value :  3.71002e-05
 Reference value :  3.73908e-05
 Reference value :  3.76702e-05
 Reference value :  3.79702e-05
 Reference value :  3.83002e-05
 Reference value :  3.85903e-05
 Reference value :  3.88763e-05
 Reference value :  3.91901e-05
 Reference value :  3.94602e-05
 Reference value :  3.97315e-05
 Reference value :  4.00302e-05
 Reference value :  4.03302e-05
 Reference value :  4.06301e-05
 Reference value :  4.09301e-05
 Reference value :  4.12001e-05
 Reference value :  4.14702e-05
 Reference value :  4.17715e-05
 Reference value :  4.20700e-05
 Reference value :  4.23502e-05
 Reference value :  4.26502e-05
 Reference value :  4.29405e-05
 Reference value :  4.32202e-05
 Reference value :  4.35202e-05
 Reference value :  4.38202e-05
 Reference value :  4.41206e-05
 Reference value :  4.44201e-05
 Reference value :  4.47102e-05
 Reference value :  4.49911e-05
 Reference value :  4.52801e-05
 Reference value :  4.55609e-05
 Reference value :  4.58501e-05
 Reference value :  4.61007e-05
 Reference value :  4.63903e-05
 Reference value :  4.66701e-05
 Reference value :  4.69468e-05
 Reference value :  4.72402e-05
 Reference value :  4.75304e-05
 Reference value :  4.78102e-05
 Reference value :  4.80751e-05
 Reference value :  4.83701e-05
 Reference value :  4.87001e-05
 Reference value :  4.89707e-05
 Reference value :  4.92506e-05
 Reference value :  4.95404e-05
 Reference value :  4.98509e-05
 Reference value :  5.01502e-05
 Reference value :  5.04208e-05
 Reference value :  5.06902e-05
 Reference value :  5.09603e-05
 Reference value :  5.12601e-05
 Reference value :  5.15609e-05
 Reference value :  5.18500e-05
 Reference value :  5.21306e-05
 Reference value :  5.24205e-05
 Reference value :  5.26906e-05
 Reference value :  5.29603e-05
 Reference value :  5.32405e-05
 Reference value :  5.35302e-05
 Reference value :  5.38002e-05
 Reference value :  5.40701e-05
 Reference value :  5.43513e-05
 Reference value :  5.46502e-05
 Reference value :  5.49209e-05
 Reference value :  5.52202e-05
 Reference value :  5.55100e-05
 Reference value :  5.57801e-05
 Reference value :  5.60803e-05
 Reference value :  5.63602e-05
 Reference value :  5.66301e-05
 Reference value :  5.69201e-05
 Reference value :  5.72002e-05
 Reference value :  5.74702e-05
 Reference value :  5.77304e-05
 Reference value :  5.80102e-05
 Reference value :  5.82702e-05
 Reference value :  5.85250e-05
 Reference value :  5.87916e-05
 Reference value :  5.90805e-05
 Reference value :  5.93610e-05
 Reference value :  5.96306e-05
 Reference value :  5.99202e-05
 Reference value :  6.01902e-05
 Reference value :  6.04710e-05
 Reference value :  6.07402e-05
 Reference value :  6.10901e-05
 Reference value :  6.13710e-05
 Reference value :  6.16601e-05
 Reference value :  6.19311e-05
 Reference value :  6.22001e-05
 Reference value :  6.24502e-05
 Reference value :  6.27121e-05
 Reference value :  6.30202e-05
 Reference value :  6.33108e-05
 Reference value :  6.36100e-05
 Reference value :  6.38802e-05
 Reference value :  6.41556e-05
 Reference value :  6.44303e-05
 Reference value :  6.47200e-05
 Reference value :  6.49905e-05
 Reference value :  6.52414e-05
 Reference value :  6.55301e-05
 Reference value :  6.58007e-05
 Reference value :  6.60708e-05
 Reference value :  6.63401e-05
 Reference value :  6.66400e-05
 Reference value :  6.69106e-05
 Reference value :  6.71901e-05
 Reference value :  6.74611e-05
 Reference value :  6.77305e-05
 Reference value :  6.80001e-05
 Reference value :  6.82910e-05
 Reference value :  6.85769e-05
 Reference value :  6.88402e-05
 Reference value :  6.91112e-05
 Reference value :  6.94001e-05
 Reference value :  6.96525e-05
 Reference value :  6.99402e-05
 Reference value :  7.02202e-05
 Reference value :  7.04909e-05
 Reference value :  7.07665e-05
 Reference value :  7.10508e-05
 Reference value :  7.13311e-05
 Reference value :  7.16003e-05
 Reference value :  7.18900e-05
 Reference value :  7.22264e-05
 Reference value :  7.25005e-05
 Reference value :  7.27939e-05
 Reference value :  7.30709e-05
 Reference value :  7.33601e-05
 Reference value :  7.36411e-05
 Reference value :  7.40201e-05
 Reference value :  7.43602e-05
 Reference value :  7.47101e-05
 Reference value :  7.50100e-05
 Reference value :  7.52802e-05
 Reference value :  7.55501e-05
 Reference value :  7.58201e-05
 Reference value :  7.61201e-05
 Reference value :  7.63901e-05
 Reference value :  7.66600e-05
 Reference value :  7.69408e-05
 Reference value :  7.72301e-05
 Reference value :  7.75002e-05
 Reference value :  7.77511e-05
 Reference value :  7.80509e-05
 Reference value :  7.83401e-05
 Reference value :  7.85951e-05
 Reference value :  7.88908e-05
 Reference value :  7.91601e-05
 Reference value :  7.94203e-05
 Reference value :  7.96908e-05
 Reference value :  7.99702e-05
No. of Data Rows : 281747
t_flip              =  3.15118e-05
vos_v               =  -8.48821e-03
m_dut_vos = -8.488210000e-03
Note: Simulation executed from .control section 

Warning: m=xx on .subckt line will override multiplier m hierarchy!

Note: Starting dynamic gmin stepping
Note: Dynamic gmin stepping completed
