
Note: Compatibility modes selected: hs a


Circuit: * comparator-regeneration @ sf_-40c_3.30v -- generated by sim/harness, do not edit

Doing analysis at TEMP = -40.000000 and TNOM = 27.000000

Using SPARSE 1.3 as Direct Linear Solver

Initial Transient Solution
--------------------------

Node                                   Voltage
----                                   -------
vdd                                        3.3
vdda                                       3.3
clk                                          0
cm                                        1.65
sa                                  -0.0555184
apa                                    1.62224
ana                                    1.67776
ibna                                   1.09489
xa.xlayout_dut.sp__t2               3.7181e-09
xa.xlayout_dut.qp__t6                      3.3
xa.xlayout_dut.vss__t17            3.51079e-11
xa.xlayout_dut.vss__t2             3.55235e-20
xa.xlayout_dut.dout__t3            4.30688e-09
xa.xlayout_dut.sp__t3               3.7964e-09
xa.xlayout_dut.vss__t25            5.76904e-25
xa.xlayout_dut.vss__t3             4.82256e-20
xa.xlayout_dut.dout__t2            4.13652e-09
xa.xlayout_dut.doutb__t0                   3.3
xa.xlayout_dut.vss__t24            4.84806e-11
xa.xlayout_dut.vss__t4             4.92784e-20
xa.xlayout_dut.ibias__t0               1.09362
xa.xlayout_dut.ibias__t1               1.09489
xa.xlayout_dut.vss__t20            0.000254896
xa.xlayout_dut.vss__t8             2.78884e-11
xa.xlayout_dut.sn__t2              3.71804e-09
xa.xlayout_dut.qn__t6                      3.3
xa.xlayout_dut.vss__t23            3.50426e-11
xa.xlayout_dut.vss__t5             3.54561e-20
xa.xlayout_dut.doutb__t1                   3.3
xa.xlayout_dut.sn__t3              3.83678e-09
xa.xlayout_dut.vss__t22            6.39936e-18
xa.xlayout_dut.vss__t6             3.69044e-11
xa.xlayout_dut.doutb__t4                   3.3
xa.xlayout_dut.dout__t4            4.30688e-09
xa.xlayout_dut.vss__t21             6.7304e-18
xa.xlayout_dut.vss__t7             3.88133e-11
xa.xlayout_dut.qn__t4                      3.3
xa.xlayout_dut.qp__t0                      3.3
xa.xlayout_dut.mn__t0                      3.3
xa.xlayout_dut.vss__t9             4.33209e-11
xa.xlayout_dut.mn__t1                      3.3
xa.xlayout_dut.aop__t2                 1.36002
xa.xlayout_dut.ltail__t0               1.66038
xa.xlayout_dut.vss__t11            2.96646e-11
xa.xlayout_dut.atail__t0              0.582922
xa.xlayout_dut.ibias__t2               1.09489
xa.xlayout_dut.vss__t19            0.000498506
xa.xlayout_dut.vss__t13            1.42955e-11
xa.xlayout_dut.qp__t1                      3.3
xa.xlayout_dut.qn__t5                      3.3
xa.xlayout_dut.mp__t2                      3.3
xa.xlayout_dut.vss__t10            4.33989e-11
xa.xlayout_dut.ltail__t1               1.66038
xa.xlayout_dut.clk__t2                       0
xa.xlayout_dut.vss__t18            2.35245e-17
xa.xlayout_dut.vss__t14            8.96728e-12
xa.xlayout_dut.mp__t1                      3.3
xa.xlayout_dut.aon__t0                 2.53549
xa.xlayout_dut.ltail__t2               1.66038
xa.xlayout_dut.vss__t12            2.99624e-11
xa.xlayout_dut.aon__t1                 2.53502
xa.xlayout_dut.vinp__t0                1.62224
xa.xlayout_dut.atail__t1              0.583483
xa.xlayout_dut.vss__t15             3.3497e-08
xa.xlayout_dut.aop__t1                 1.35821
xa.xlayout_dut.vinn__t0                1.67776
xa.xlayout_dut.atail__t2              0.583916
xa.xlayout_dut.vss__t16             4.6802e-11
xa.xlayout_dut.mn__t2                      3.3
xa.xlayout_dut.clk__t0                       0
xa.xlayout_dut.vdd__t0                     3.3
xa.xlayout_dut.vdd__t1                     3.3
xa.xlayout_dut.qn__t1                      3.3
xa.xlayout_dut.clk__t1                       0
xa.xlayout_dut.vdd__t2                     3.3
xa.xlayout_dut.vdd__t3                     3.3
xa.xlayout_dut.sp__t0              3.96793e-09
xa.xlayout_dut.qp__t2                      3.3
xa.xlayout_dut.vdd__t4                     3.3
xa.xlayout_dut.vdd__t5                     3.3
xa.xlayout_dut.mp__t0                      3.3
xa.xlayout_dut.clk__t4                       0
xa.xlayout_dut.vdd__t21                    3.3
xa.xlayout_dut.vdd__t20                    3.3
xa.xlayout_dut.qn__t0                      3.3
xa.xlayout_dut.qp__t3                      3.3
xa.xlayout_dut.vdd__t6                     3.3
xa.xlayout_dut.vdd__t7                     3.3
xa.xlayout_dut.qp__t4                      3.3
xa.xlayout_dut.clk__t3                       0
xa.xlayout_dut.vdd__t19                    3.3
xa.xlayout_dut.vdd__t18                    3.3
xa.xlayout_dut.na__t1                      3.3
xa.xlayout_dut.sp__t1               3.7964e-09
xa.xlayout_dut.vdd__t23                    3.3
xa.xlayout_dut.vdd__t8                     3.3
xa.xlayout_dut.dout__t0            4.43198e-09
xa.xlayout_dut.doutb__t2                   3.3
xa.xlayout_dut.na__t0                      3.3
xa.xlayout_dut.vdd__t13                    3.3
xa.xlayout_dut.sn__t0              4.02332e-09
xa.xlayout_dut.qn__t3                      3.3
xa.xlayout_dut.vdd__t17                    3.3
xa.xlayout_dut.vdd__t16                    3.3
xa.xlayout_dut.qp__t5                      3.3
xa.xlayout_dut.qn__t2                      3.3
xa.xlayout_dut.vdd__t15                    3.3
xa.xlayout_dut.vdd__t14                    3.3
xa.xlayout_dut.nb__t1                      3.3
xa.xlayout_dut.sn__t1              3.83678e-09
xa.xlayout_dut.vdd__t22                    3.3
xa.xlayout_dut.vdd__t12                    3.3
xa.xlayout_dut.doutb__t3                   3.3
xa.xlayout_dut.dout__t1            4.30688e-09
xa.xlayout_dut.nb__t0                      3.3
xa.xlayout_dut.vdd__t11                    3.3
xa.xlayout_dut.aon__t2                 2.53567
xa.xlayout_dut.x$28.11                 2.53653
xa.xlayout_dut.vss__t0                       0
xa.xlayout_dut.x$28.21                 3.29841
xa.xlayout_dut.vdd__t10                3.29926
xa.xlayout_dut.aop__t0                 1.36053
xa.xlayout_dut.x$29.11                  1.3627
xa.xlayout_dut.vss__t1                       0
xa.xlayout_dut.x$29.21                 3.29708
xa.xlayout_dut.vdd__t9                 3.29926
xa.xlayout_dut.aon                     2.53549
vsubs                                        0
xa.xlayout_dut.aop                     1.36002
xa.xlayout_dut.atail                  0.583423
douta                              4.30688e-09
doutba                                     3.3
xa.xlayout_dut.ltail                   1.66038
xa.xlayout_dut.mn                          3.3
xa.xlayout_dut.mp                          3.3
xa.xlayout_dut.na                          3.3
xa.xlayout_dut.nb                          3.3
xa.xlayout_dut.qn                          3.3
xa.xlayout_dut.qp                          3.3
xa.xlayout_dut.sn                  3.83678e-09
xa.xlayout_dut.sp                   3.7964e-09
sb                                 -0.00651835
apb                                    1.64674
anb                                    1.65326
ibnb                                   1.09489
xb.xlayout_dut.sp__t2               3.7181e-09
xb.xlayout_dut.qp__t6                      3.3
xb.xlayout_dut.vss__t17            3.51079e-11
xb.xlayout_dut.vss__t2             3.55235e-20
xb.xlayout_dut.dout__t3            4.30688e-09
xb.xlayout_dut.sp__t3               3.7964e-09
xb.xlayout_dut.vss__t25            5.76904e-25
xb.xlayout_dut.vss__t3             4.82256e-20
xb.xlayout_dut.dout__t2            4.13652e-09
xb.xlayout_dut.doutb__t0                   3.3
xb.xlayout_dut.vss__t24            4.84806e-11
xb.xlayout_dut.vss__t4             4.92784e-20
xb.xlayout_dut.ibias__t0               1.09362
xb.xlayout_dut.ibias__t1               1.09489
xb.xlayout_dut.vss__t20            0.000254896
xb.xlayout_dut.vss__t8             2.78884e-11
xb.xlayout_dut.sn__t2              3.71804e-09
xb.xlayout_dut.qn__t6                      3.3
xb.xlayout_dut.vss__t23            3.50426e-11
xb.xlayout_dut.vss__t5             3.54561e-20
xb.xlayout_dut.doutb__t1                   3.3
xb.xlayout_dut.sn__t3              3.83678e-09
xb.xlayout_dut.vss__t22            6.39936e-18
xb.xlayout_dut.vss__t6             3.69044e-11
xb.xlayout_dut.doutb__t4                   3.3
xb.xlayout_dut.dout__t4            4.30688e-09
xb.xlayout_dut.vss__t21             6.7304e-18
xb.xlayout_dut.vss__t7             3.88133e-11
xb.xlayout_dut.qn__t4                      3.3
xb.xlayout_dut.qp__t0                      3.3
xb.xlayout_dut.mn__t0                      3.3
xb.xlayout_dut.vss__t9             4.33209e-11
xb.xlayout_dut.mn__t1                      3.3
xb.xlayout_dut.aop__t2                 1.87887
xb.xlayout_dut.ltail__t0                1.2419
xb.xlayout_dut.vss__t11             2.7162e-11
xb.xlayout_dut.atail__t0              0.579598
xb.xlayout_dut.ibias__t2               1.09489
xb.xlayout_dut.vss__t19            0.000498483
xb.xlayout_dut.vss__t13            1.42141e-11
xb.xlayout_dut.qp__t1                      3.3
xb.xlayout_dut.qn__t5                      3.3
xb.xlayout_dut.mp__t2                      3.3
xb.xlayout_dut.vss__t10            4.33989e-11
xb.xlayout_dut.ltail__t1                1.2419
xb.xlayout_dut.clk__t2                       0
xb.xlayout_dut.vss__t18            2.17309e-17
xb.xlayout_dut.vss__t14            6.70715e-12
xb.xlayout_dut.mp__t1                      3.3
xb.xlayout_dut.aon__t0                 2.01665
xb.xlayout_dut.ltail__t2                1.2419
xb.xlayout_dut.vss__t12            2.74397e-11
xb.xlayout_dut.aon__t1                 2.01587
xb.xlayout_dut.vinp__t0                1.64674
xb.xlayout_dut.atail__t1              0.580201
xb.xlayout_dut.vss__t15            4.40024e-10
xb.xlayout_dut.aop__t1                 1.87755
xb.xlayout_dut.vinn__t0                1.65326
xb.xlayout_dut.atail__t2               0.58046
xb.xlayout_dut.vss__t16            1.14006e-10
xb.xlayout_dut.mn__t2                      3.3
xb.xlayout_dut.clk__t0                       0
xb.xlayout_dut.vdd__t0                     3.3
xb.xlayout_dut.vdd__t1                     3.3
xb.xlayout_dut.qn__t1                      3.3
xb.xlayout_dut.clk__t1                       0
xb.xlayout_dut.vdd__t2                     3.3
xb.xlayout_dut.vdd__t3                     3.3
xb.xlayout_dut.sp__t0              3.96793e-09
xb.xlayout_dut.qp__t2                      3.3
xb.xlayout_dut.vdd__t4                     3.3
xb.xlayout_dut.vdd__t5                     3.3
xb.xlayout_dut.mp__t0                      3.3
xb.xlayout_dut.clk__t4                       0
xb.xlayout_dut.vdd__t21                    3.3
xb.xlayout_dut.vdd__t20                    3.3
xb.xlayout_dut.qn__t0                      3.3
xb.xlayout_dut.qp__t3                      3.3
xb.xlayout_dut.vdd__t6                     3.3
xb.xlayout_dut.vdd__t7                     3.3
xb.xlayout_dut.qp__t4                      3.3
xb.xlayout_dut.clk__t3                       0
xb.xlayout_dut.vdd__t19                    3.3
xb.xlayout_dut.vdd__t18                    3.3
xb.xlayout_dut.na__t1                      3.3
xb.xlayout_dut.sp__t1               3.7964e-09
xb.xlayout_dut.vdd__t23                    3.3
xb.xlayout_dut.vdd__t8                     3.3
xb.xlayout_dut.dout__t0            4.43198e-09
xb.xlayout_dut.doutb__t2                   3.3
xb.xlayout_dut.na__t0                      3.3
xb.xlayout_dut.vdd__t13                    3.3
xb.xlayout_dut.sn__t0              4.02332e-09
xb.xlayout_dut.qn__t3                      3.3
xb.xlayout_dut.vdd__t17                    3.3
xb.xlayout_dut.vdd__t16                    3.3
xb.xlayout_dut.qp__t5                      3.3
xb.xlayout_dut.qn__t2                      3.3
xb.xlayout_dut.vdd__t15                    3.3
xb.xlayout_dut.vdd__t14                    3.3
xb.xlayout_dut.nb__t1                      3.3
xb.xlayout_dut.sn__t1              3.83678e-09
xb.xlayout_dut.vdd__t22                    3.3
xb.xlayout_dut.vdd__t12                    3.3
xb.xlayout_dut.doutb__t3                   3.3
xb.xlayout_dut.dout__t1            4.30688e-09
xb.xlayout_dut.nb__t0                      3.3
xb.xlayout_dut.vdd__t11                    3.3
xb.xlayout_dut.aon__t2                 2.01697
xb.xlayout_dut.x$28.11                 2.01841
xb.xlayout_dut.vss__t0                       0
xb.xlayout_dut.x$28.21                 3.29733
xb.xlayout_dut.vdd__t10                3.29877
xb.xlayout_dut.aop__t0                 1.87924
xb.xlayout_dut.x$29.11                 1.88084
xb.xlayout_dut.vss__t1                       0
xb.xlayout_dut.x$29.21                 3.29786
xb.xlayout_dut.vdd__t9                 3.29946
xb.xlayout_dut.aon                     2.01665
xb.xlayout_dut.aop                     1.87887
xb.xlayout_dut.atail                  0.580099
doutb                              4.30688e-09
doutbb                                     3.3
xb.xlayout_dut.ltail                    1.2419
xb.xlayout_dut.mn                          3.3
xb.xlayout_dut.mp                          3.3
xb.xlayout_dut.na                          3.3
xb.xlayout_dut.nb                          3.3
xb.xlayout_dut.qn                          3.3
xb.xlayout_dut.qp                          3.3
xb.xlayout_dut.sn                  3.83678e-09
xb.xlayout_dut.sp                   3.7964e-09
sc                                 -0.00561835
apc                                    1.64719
anc                                    1.65281
ibnc                                   1.09489
xc.xlayout_dut.sp__t2               3.7181e-09
xc.xlayout_dut.qp__t6                      3.3
xc.xlayout_dut.vss__t17            3.51079e-11
xc.xlayout_dut.vss__t2             3.55235e-20
xc.xlayout_dut.dout__t3            4.30688e-09
xc.xlayout_dut.sp__t3               3.7964e-09
xc.xlayout_dut.vss__t25            5.76904e-25
xc.xlayout_dut.vss__t3             4.82256e-20
xc.xlayout_dut.dout__t2            4.13652e-09
xc.xlayout_dut.doutb__t0                   3.3
xc.xlayout_dut.vss__t24            4.84806e-11
xc.xlayout_dut.vss__t4             4.92784e-20
xc.xlayout_dut.ibias__t0               1.09362
xc.xlayout_dut.ibias__t1               1.09489
xc.xlayout_dut.vss__t20            0.000254896
xc.xlayout_dut.vss__t8             2.78884e-11
xc.xlayout_dut.sn__t2              3.71804e-09
xc.xlayout_dut.qn__t6                      3.3
xc.xlayout_dut.vss__t23            3.50426e-11
xc.xlayout_dut.vss__t5             3.54561e-20
xc.xlayout_dut.doutb__t1                   3.3
xc.xlayout_dut.sn__t3              3.83678e-09
xc.xlayout_dut.vss__t22            6.39936e-18
xc.xlayout_dut.vss__t6             3.69044e-11
xc.xlayout_dut.doutb__t4                   3.3
xc.xlayout_dut.dout__t4            4.30688e-09
xc.xlayout_dut.vss__t21             6.7304e-18
xc.xlayout_dut.vss__t7             3.88133e-11
xc.xlayout_dut.qn__t4                      3.3
xc.xlayout_dut.qp__t0                      3.3
xc.xlayout_dut.mn__t0                      3.3
xc.xlayout_dut.vss__t9             4.33209e-11
xc.xlayout_dut.mn__t1                      3.3
xc.xlayout_dut.aop__t2                  1.8889
xc.xlayout_dut.ltail__t0               1.23402
xc.xlayout_dut.vss__t11            2.71149e-11
xc.xlayout_dut.atail__t0              0.579587
xc.xlayout_dut.ibias__t2               1.09489
xc.xlayout_dut.vss__t19            0.000498483
xc.xlayout_dut.vss__t13            1.42138e-11
xc.xlayout_dut.qp__t1                      3.3
xc.xlayout_dut.qn__t5                      3.3
xc.xlayout_dut.mp__t2                      3.3
xc.xlayout_dut.vss__t10            4.33989e-11
xc.xlayout_dut.ltail__t1               1.23402
xc.xlayout_dut.clk__t2                       0
xc.xlayout_dut.vss__t18            2.16974e-17
xc.xlayout_dut.vss__t14            6.66461e-12
xc.xlayout_dut.mp__t1                      3.3
xc.xlayout_dut.aon__t0                 2.00662
xc.xlayout_dut.ltail__t2               1.23402
xc.xlayout_dut.vss__t12            2.73923e-11
xc.xlayout_dut.aon__t1                 2.00583
xc.xlayout_dut.vinp__t0                1.64719
xc.xlayout_dut.atail__t1              0.580191
xc.xlayout_dut.vss__t15            3.94693e-10
xc.xlayout_dut.aop__t1                 1.88759
xc.xlayout_dut.vinn__t0                1.65281
xc.xlayout_dut.atail__t2              0.580447
xc.xlayout_dut.vss__t16            1.23591e-10
xc.xlayout_dut.mn__t2                      3.3
xc.xlayout_dut.clk__t0                       0
xc.xlayout_dut.vdd__t0                     3.3
xc.xlayout_dut.vdd__t1                     3.3
xc.xlayout_dut.qn__t1                      3.3
xc.xlayout_dut.clk__t1                       0
xc.xlayout_dut.vdd__t2                     3.3
xc.xlayout_dut.vdd__t3                     3.3
xc.xlayout_dut.sp__t0              3.96793e-09
xc.xlayout_dut.qp__t2                      3.3
xc.xlayout_dut.vdd__t4                     3.3
xc.xlayout_dut.vdd__t5                     3.3
xc.xlayout_dut.mp__t0                      3.3
xc.xlayout_dut.clk__t4                       0
xc.xlayout_dut.vdd__t21                    3.3
xc.xlayout_dut.vdd__t20                    3.3
xc.xlayout_dut.qn__t0                      3.3
xc.xlayout_dut.qp__t3                      3.3
xc.xlayout_dut.vdd__t6                     3.3
xc.xlayout_dut.vdd__t7                     3.3
xc.xlayout_dut.qp__t4                      3.3
xc.xlayout_dut.clk__t3                       0
xc.xlayout_dut.vdd__t19                    3.3
xc.xlayout_dut.vdd__t18                    3.3
xc.xlayout_dut.na__t1                      3.3
xc.xlayout_dut.sp__t1               3.7964e-09
xc.xlayout_dut.vdd__t23                    3.3
xc.xlayout_dut.vdd__t8                     3.3
xc.xlayout_dut.dout__t0            4.43198e-09
xc.xlayout_dut.doutb__t2                   3.3
xc.xlayout_dut.na__t0                      3.3
xc.xlayout_dut.vdd__t13                    3.3
xc.xlayout_dut.sn__t0              4.02332e-09
xc.xlayout_dut.qn__t3                      3.3
xc.xlayout_dut.vdd__t17                    3.3
xc.xlayout_dut.vdd__t16                    3.3
xc.xlayout_dut.qp__t5                      3.3
xc.xlayout_dut.qn__t2                      3.3
xc.xlayout_dut.vdd__t15                    3.3
xc.xlayout_dut.vdd__t14                    3.3
xc.xlayout_dut.nb__t1                      3.3
xc.xlayout_dut.sn__t1              3.83678e-09
xc.xlayout_dut.vdd__t22                    3.3
xc.xlayout_dut.vdd__t12                    3.3
xc.xlayout_dut.doutb__t3                   3.3
xc.xlayout_dut.dout__t1            4.30688e-09
xc.xlayout_dut.nb__t0                      3.3
xc.xlayout_dut.vdd__t11                    3.3
xc.xlayout_dut.aon__t2                 2.00693
xc.xlayout_dut.x$28.11                 2.00838
xc.xlayout_dut.vss__t0                       0
xc.xlayout_dut.x$28.21                  3.2973
xc.xlayout_dut.vdd__t10                3.29876
xc.xlayout_dut.aop__t0                 1.88927
xc.xlayout_dut.x$29.11                 1.89086
xc.xlayout_dut.vss__t1                       0
xc.xlayout_dut.x$29.21                 3.29788
xc.xlayout_dut.vdd__t9                 3.29946
xc.xlayout_dut.aon                     2.00662
xc.xlayout_dut.aop                      1.8889
xc.xlayout_dut.atail                  0.580088
doutc                              4.30688e-09
doutbc                                     3.3
xc.xlayout_dut.ltail                   1.23402
xc.xlayout_dut.mn                          3.3
xc.xlayout_dut.mp                          3.3
xc.xlayout_dut.na                          3.3
xc.xlayout_dut.nb                          3.3
xc.xlayout_dut.qn                          3.3
xc.xlayout_dut.qp                          3.3
xc.xlayout_dut.sn                  3.83678e-09
xc.xlayout_dut.sp                   3.7964e-09
clkn                                         0
dan                                1.30512e-09
dbn                                1.30512e-09
dcn                                1.30512e-09
bdcn#branch                                  0
bdbn#branch                                  0
bdan#branch                                  0
bclkn#branch                                 0
eanc#branch                       -1.86229e-22
eapc#branch                       -2.78129e-19
eanb#branch                        6.84782e-19
eapb#branch                        7.71627e-19
eana#branch                        5.14759e-19
eapa#branch                        9.98841e-19
vsc#branch                                   0
vsb#branch                                   0
vsa#branch                                   0
vcm#branch                         2.69169e-18
vclk#branch                                  0
vsupa#branch                      -3.03462e-05
vsup#branch                       -6.06876e-05

 Reference value :  1.31640e-09
 Reference value :  4.37140e-09
 Reference value :  7.17640e-09
 Reference value :  1.03265e-08
 Reference value :  1.29865e-08
 Reference value :  1.61415e-08
 Reference value :  1.90515e-08
 Reference value :  2.17475e-08
 Reference value :  2.50975e-08
 Reference value :  2.79725e-08
 Reference value :  3.14825e-08
 Reference value :  3.44325e-08
 Reference value :  3.78375e-08
 Reference value :  4.06915e-08
 Reference value :  4.34515e-08
 Reference value :  4.63765e-08
 Reference value :  4.92965e-08
 Reference value :  5.31475e-08
 Reference value :  5.61525e-08
 Reference value :  5.90975e-08
No. of Data Rows : 12046
vsup_v              =  3.30000e+00
td_a                =  1.01489e-09 targ=  4.10649e-08 trig=  4.00500e-08
td_b                =  1.31008e-09 targ=  4.13601e-08 trig=  4.00500e-08
td_c                =  1.51052e-09 targ=  4.15605e-08 trig=  4.00500e-08
da_first            =  7.90776e-06
db_first            =  7.69418e-06
dc_first            =  7.64563e-06
da_end              =  9.99977e-01
db_end              =  9.99977e-01
dc_end              =  9.99977e-01
i_stat              =  -2.94529e-05 from=  2.50000e-08 to=  2.90025e-08
q_dec               =  -7.91334e-13 from=  3.99000e-08 to=  4.80000e-08
m_td_od50_ns = 1.0148870000e+00
m_td_od1_ns = 1.3100800000e+00
m_td_od01_ns = 1.5105240000e+00
m_tau_ps = 8.7051723131e+01
m_resolve_decades = 1.5049443628e+01
m_dout_od50_end = 9.9997690000e-01
m_dout_od1_end = 9.9997690000e-01
m_dout_od01_end = 9.9997690000e-01
m_dout_od50_first = 7.9077580000e-06
m_dout_od1_first = 7.6941810000e-06
m_dout_od01_first = 7.6456330000e-06
m_i_static_ua = 2.9452910000e+01
m_e_dec_fj = 1.8241265757e+03
Note: Simulation executed from .control section 

Warning: m=xx on .subckt line will override multiplier m hierarchy!

