
Note: Compatibility modes selected: hs a


Circuit: * comparator-regeneration-vosprobe @ sf_-40c_2.97v -- generated by sim/harness, do not edit

Doing analysis at TEMP = -40.000000 and TNOM = 27.000000

Using SPARSE 1.3 as Direct Linear Solver

Initial Transient Solution
--------------------------

Node                                   Voltage
----                                   -------
vdd                                       2.97
cm                                        1.65
clk                                          0
rmp                                      -0.04
vp                                        1.63
vn                                        1.67
ibn                                    1.09489
xdut.xlayout_dut.sp__t2            3.26934e-09
xdut.xlayout_dut.qp__t6                   2.97
xdut.xlayout_dut.vss__t17          2.91823e-11
xdut.xlayout_dut.vss__t2           3.12199e-20
xdut.xlayout_dut.dout__t3          3.52821e-09
xdut.xlayout_dut.sp__t3            3.33442e-09
xdut.xlayout_dut.vss__t25          4.72601e-25
xdut.xlayout_dut.vss__t3           3.95065e-20
xdut.xlayout_dut.dout__t2          3.39597e-09
xdut.xlayout_dut.doutb__t0                2.97
xdut.xlayout_dut.vss__t24          3.76293e-11
xdut.xlayout_dut.vss__t4           4.04307e-20
xdut.xlayout_dut.ibias__t0             1.09362
xdut.xlayout_dut.ibias__t1             1.09489
xdut.xlayout_dut.vss__t20          0.000254896
xdut.xlayout_dut.vss__t8           2.78884e-11
xdut.xlayout_dut.sn__t2            3.26929e-09
xdut.xlayout_dut.qn__t6                   2.97
xdut.xlayout_dut.vss__t23          2.91279e-11
xdut.xlayout_dut.vss__t5           3.11608e-20
xdut.xlayout_dut.doutb__t1                2.97
xdut.xlayout_dut.sn__t3            3.36799e-09
xdut.xlayout_dut.vss__t22          6.05418e-18
xdut.xlayout_dut.vss__t6           3.32119e-11
xdut.xlayout_dut.doutb__t4                2.97
xdut.xlayout_dut.dout__t4          3.52821e-09
xdut.xlayout_dut.vss__t21          6.36736e-18
xdut.xlayout_dut.vss__t7           3.49299e-11
xdut.xlayout_dut.qn__t4                   2.97
xdut.xlayout_dut.qp__t0                   2.97
xdut.xlayout_dut.mn__t0                   2.97
xdut.xlayout_dut.vss__t9           3.89888e-11
xdut.xlayout_dut.mn__t1                   2.97
xdut.xlayout_dut.aop__t2               1.18615
xdut.xlayout_dut.ltail__t0             1.26677
xdut.xlayout_dut.vss__t11          2.53372e-11
xdut.xlayout_dut.atail__t0            0.580844
xdut.xlayout_dut.ibias__t2             1.09489
xdut.xlayout_dut.vss__t19          0.000498492
xdut.xlayout_dut.vss__t13          1.42446e-11
xdut.xlayout_dut.qp__t1                   2.97
xdut.xlayout_dut.qn__t5                   2.97
xdut.xlayout_dut.mp__t2                   2.97
xdut.xlayout_dut.vss__t10           3.9059e-11
xdut.xlayout_dut.ltail__t1             1.26677
xdut.xlayout_dut.clk__t2                     0
xdut.xlayout_dut.vss__t18          2.18367e-17
xdut.xlayout_dut.vss__t14          6.84149e-12
xdut.xlayout_dut.mp__t1                   2.97
xdut.xlayout_dut.aon__t0               2.04953
xdut.xlayout_dut.ltail__t2             1.26677
xdut.xlayout_dut.vss__t12          2.55917e-11
xdut.xlayout_dut.aon__t1               2.04897
xdut.xlayout_dut.vinp__t0                 1.63
xdut.xlayout_dut.atail__t1            0.581418
xdut.xlayout_dut.vss__t15          5.19884e-10
xdut.xlayout_dut.aop__t1                1.1845
xdut.xlayout_dut.vinn__t0                 1.67
xdut.xlayout_dut.atail__t2            0.581799
xdut.xlayout_dut.vss__t16          4.25647e-11
xdut.xlayout_dut.mn__t2                   2.97
xdut.xlayout_dut.clk__t0                     0
xdut.xlayout_dut.vdd__t0                  2.97
xdut.xlayout_dut.vdd__t1                  2.97
xdut.xlayout_dut.qn__t1                   2.97
xdut.xlayout_dut.clk__t1                     0
xdut.xlayout_dut.vdd__t2                  2.97
xdut.xlayout_dut.vdd__t3                  2.97
xdut.xlayout_dut.sp__t0              3.477e-09
xdut.xlayout_dut.qp__t2                   2.97
xdut.xlayout_dut.vdd__t4                  2.97
xdut.xlayout_dut.vdd__t5                  2.97
xdut.xlayout_dut.mp__t0                   2.97
xdut.xlayout_dut.clk__t4                     0
xdut.xlayout_dut.vdd__t21                 2.97
xdut.xlayout_dut.vdd__t20                 2.97
xdut.xlayout_dut.qn__t0                   2.97
xdut.xlayout_dut.qp__t3                   2.97
xdut.xlayout_dut.vdd__t6                  2.97
xdut.xlayout_dut.vdd__t7                  2.97
xdut.xlayout_dut.qp__t4                   2.97
xdut.xlayout_dut.clk__t3                     0
xdut.xlayout_dut.vdd__t19                 2.97
xdut.xlayout_dut.vdd__t18                 2.97
xdut.xlayout_dut.na__t1                   2.97
xdut.xlayout_dut.sp__t1            3.33442e-09
xdut.xlayout_dut.vdd__t23                 2.97
xdut.xlayout_dut.vdd__t8                  2.97
xdut.xlayout_dut.dout__t0           3.6253e-09
xdut.xlayout_dut.doutb__t2                2.97
xdut.xlayout_dut.na__t0                   2.97
xdut.xlayout_dut.vdd__t13                 2.97
xdut.xlayout_dut.sn__t0            3.52305e-09
xdut.xlayout_dut.qn__t3                   2.97
xdut.xlayout_dut.vdd__t17                 2.97
xdut.xlayout_dut.vdd__t16                 2.97
xdut.xlayout_dut.qp__t5                   2.97
xdut.xlayout_dut.qn__t2                   2.97
xdut.xlayout_dut.vdd__t15                 2.97
xdut.xlayout_dut.vdd__t14                 2.97
xdut.xlayout_dut.nb__t1                   2.97
xdut.xlayout_dut.sn__t1            3.36799e-09
xdut.xlayout_dut.vdd__t22                 2.97
xdut.xlayout_dut.vdd__t12                 2.97
xdut.xlayout_dut.doutb__t3                2.97
xdut.xlayout_dut.dout__t1          3.52821e-09
xdut.xlayout_dut.nb__t0                   2.97
xdut.xlayout_dut.vdd__t11                 2.97
xdut.xlayout_dut.aon__t2               2.04975
xdut.xlayout_dut.x$28.11               2.05078
xdut.xlayout_dut.vss__t0                     0
xdut.xlayout_dut.x$28.21               2.96808
xdut.xlayout_dut.vdd__t10              2.96911
xdut.xlayout_dut.aop__t0               1.18662
xdut.xlayout_dut.x$29.11               1.18862
xdut.xlayout_dut.vss__t1                     0
xdut.xlayout_dut.x$29.21               2.96732
xdut.xlayout_dut.vdd__t9               2.96932
xdut.xlayout_dut.aon                   2.04953
vsubs                                        0
xdut.xlayout_dut.aop                   1.18615
xdut.xlayout_dut.atail                0.581346
dout                               3.52821e-09
doutb                                     2.97
xdut.xlayout_dut.ltail                 1.26677
xdut.xlayout_dut.mn                       2.97
xdut.xlayout_dut.mp                       2.97
xdut.xlayout_dut.na                       2.97
xdut.xlayout_dut.nb                       2.97
xdut.xlayout_dut.qn                       2.97
xdut.xlayout_dut.qp                       2.97
xdut.xlayout_dut.sn                3.36799e-09
xdut.xlayout_dut.sp                3.33442e-09
dn                                 1.18795e-09
bdn#branch                                   0
bnn#branch                         1.17161e-18
bpp#branch                          3.4199e-19
vrmp#branch                                  0
vclk#branch                                  0
vcm#branch                                   0
vsup#branch                       -3.03442e-05

 Reference value :  1.10540e-07
 Reference value :  3.80540e-07
 Reference value :  6.50446e-07
 Reference value :  9.10500e-07
 Reference value :  1.18059e-06
 Reference value :  1.43021e-06
 Reference value :  1.69006e-06
 Reference value :  1.94014e-06
 Reference value :  2.20019e-06
 Reference value :  2.45061e-06
 Reference value :  2.71011e-06
 Reference value :  2.96014e-06
 Reference value :  3.20096e-06
 Reference value :  3.46020e-06
 Reference value :  3.72489e-06
 Reference value :  4.00009e-06
 Reference value :  4.24398e-06
 Reference value :  4.49018e-06
 Reference value :  4.76011e-06
 Reference value :  5.00050e-06
 Reference value :  5.24011e-06
 Reference value :  5.50009e-06
 Reference value :  5.81036e-06
 Reference value :  6.07010e-06
 Reference value :  6.32013e-06
 Reference value :  6.59020e-06
 Reference value :  6.85034e-06
 Reference value :  7.09117e-06
 Reference value :  7.37021e-06
 Reference value :  7.64019e-06
 Reference value :  7.91019e-06
 Reference value :  8.18014e-06
 Reference value :  8.44044e-06
 Reference value :  8.71008e-06
 Reference value :  8.96044e-06
 Reference value :  9.25007e-06
 Reference value :  9.50448e-06
 Reference value :  9.77010e-06
 Reference value :  1.00419e-05
 Reference value :  1.03113e-05
 Reference value :  1.05808e-05
 Reference value :  1.08802e-05
 Reference value :  1.11502e-05
 Reference value :  1.14403e-05
 Reference value :  1.17101e-05
 Reference value :  1.19607e-05
 Reference value :  1.22301e-05
 Reference value :  1.25200e-05
 Reference value :  1.27711e-05
 Reference value :  1.30306e-05
 Reference value :  1.32807e-05
 Reference value :  1.35502e-05
 Reference value :  1.37912e-05
 Reference value :  1.40503e-05
 Reference value :  1.43007e-05
 Reference value :  1.45705e-05
 Reference value :  1.48302e-05
 Reference value :  1.50806e-05
 Reference value :  1.53502e-05
 Reference value :  1.56503e-05
 Reference value :  1.59202e-05
 Reference value :  1.61836e-05
 Reference value :  1.64503e-05
 Reference value :  1.67208e-05
 Reference value :  1.70500e-05
 Reference value :  1.73004e-05
 Reference value :  1.75612e-05
 Reference value :  1.78401e-05
 Reference value :  1.81039e-05
 Reference value :  1.83513e-05
 Reference value :  1.86400e-05
 Reference value :  1.89102e-05
 Reference value :  1.92101e-05
 Reference value :  1.94818e-05
 Reference value :  1.97509e-05
 Reference value :  2.00302e-05
 Reference value :  2.02901e-05
 Reference value :  2.05402e-05
 Reference value :  2.08001e-05
 Reference value :  2.10514e-05
 Reference value :  2.13405e-05
 Reference value :  2.16105e-05
 Reference value :  2.18801e-05
 Reference value :  2.21310e-05
 Reference value :  2.24004e-05
 Reference value :  2.26901e-05
 Reference value :  2.29403e-05
 Reference value :  2.32101e-05
 Reference value :  2.34703e-05
 Reference value :  2.37502e-05
 Reference value :  2.40202e-05
 Reference value :  2.42805e-05
 Reference value :  2.45602e-05
 Reference value :  2.48201e-05
 Reference value :  2.50702e-05
 Reference value :  2.53106e-05
 Reference value :  2.55700e-05
 Reference value :  2.58205e-05
 Reference value :  2.60809e-05
 Reference value :  2.63501e-05
 Reference value :  2.65901e-05
 Reference value :  2.68408e-05
 Reference value :  2.71002e-05
 Reference value :  2.73403e-05
 Reference value :  2.75902e-05
 Reference value :  2.78507e-05
 Reference value :  2.81008e-05
 Reference value :  2.84024e-05
 Reference value :  2.86901e-05
 Reference value :  2.89601e-05
 Reference value :  2.92301e-05
 Reference value :  2.95000e-05
 Reference value :  2.97507e-05
 Reference value :  3.00201e-05
 Reference value :  3.02801e-05
 Reference value :  3.05307e-05
 Reference value :  3.08508e-05
 Reference value :  3.11009e-05
 Reference value :  3.13701e-05
 Reference value :  3.16000e-05
 Reference value :  3.18407e-05
 Reference value :  3.20906e-05
 Reference value :  3.23606e-05
 Reference value :  3.26500e-05
 Reference value :  3.29212e-05
 Reference value :  3.32001e-05
 Reference value :  3.34707e-05
 Reference value :  3.37402e-05
 Reference value :  3.39715e-05
 Reference value :  3.42207e-05
 Reference value :  3.44602e-05
 Reference value :  3.47200e-05
 Reference value :  3.49602e-05
 Reference value :  3.52001e-05
 Reference value :  3.54502e-05
 Reference value :  3.57404e-05
 Reference value :  3.59801e-05
 Reference value :  3.62205e-05
 Reference value :  3.64405e-05
 Reference value :  3.67102e-05
 Reference value :  3.69802e-05
 Reference value :  3.72207e-05
 Reference value :  3.74902e-05
 Reference value :  3.77501e-05
 Reference value :  3.79902e-05
 Reference value :  3.82314e-05
 Reference value :  3.84811e-05
 Reference value :  3.87423e-05
 Reference value :  3.89912e-05
 Reference value :  3.92502e-05
 Reference value :  3.95202e-05
 Reference value :  3.97706e-05
 Reference value :  4.00301e-05
 Reference value :  4.03001e-05
 Reference value :  4.05614e-05
 Reference value :  4.08205e-05
 Reference value :  4.10801e-05
 Reference value :  4.13501e-05
 Reference value :  4.16210e-05
 Reference value :  4.18900e-05
 Reference value :  4.21302e-05
 Reference value :  4.23736e-05
 Reference value :  4.27301e-05
 Reference value :  4.30109e-05
 Reference value :  4.32712e-05
 Reference value :  4.35401e-05
 Reference value :  4.38105e-05
 Reference value :  4.40602e-05
 Reference value :  4.43014e-05
 Reference value :  4.45702e-05
 Reference value :  4.48402e-05
 Reference value :  4.51102e-05
 Reference value :  4.53700e-05
 Reference value :  4.56400e-05
 Reference value :  4.58907e-05
 Reference value :  4.61502e-05
 Reference value :  4.64078e-05
 Reference value :  4.66608e-05
 Reference value :  4.69313e-05
 Reference value :  4.72079e-05
 Reference value :  4.74504e-05
 Reference value :  4.76903e-05
 Reference value :  4.79602e-05
 Reference value :  4.82501e-05
 Reference value :  4.85001e-05
 Reference value :  4.87601e-05
 Reference value :  4.90102e-05
 Reference value :  4.92802e-05
 Reference value :  4.95502e-05
 Reference value :  4.98101e-05
 Reference value :  5.00801e-05
 Reference value :  5.03608e-05
 Reference value :  5.06208e-05
 Reference value :  5.08901e-05
 Reference value :  5.11402e-05
 Reference value :  5.14005e-05
 Reference value :  5.16702e-05
 Reference value :  5.19120e-05
 Reference value :  5.21510e-05
 Reference value :  5.24202e-05
 Reference value :  5.26751e-05
 Reference value :  5.29401e-05
 Reference value :  5.32005e-05
 Reference value :  5.34805e-05
 Reference value :  5.37501e-05
 Reference value :  5.40208e-05
 Reference value :  5.43102e-05
 Reference value :  5.45604e-05
 Reference value :  5.48500e-05
 Reference value :  5.51313e-05
 Reference value :  5.53970e-05
 Reference value :  5.56402e-05
 Reference value :  5.59001e-05
 Reference value :  5.61502e-05
 Reference value :  5.64705e-05
 Reference value :  5.67702e-05
 Reference value :  5.70201e-05
 Reference value :  5.72901e-05
 Reference value :  5.75506e-05
 Reference value :  5.78005e-05
 Reference value :  5.80601e-05
 Reference value :  5.83111e-05
 Reference value :  5.85807e-05
 Reference value :  5.88503e-05
 Reference value :  5.91404e-05
 Reference value :  5.94101e-05
 Reference value :  5.96801e-05
 Reference value :  5.99508e-05
 Reference value :  6.02025e-05
 Reference value :  6.04703e-05
 Reference value :  6.07106e-05
 Reference value :  6.10101e-05
 Reference value :  6.12702e-05
 Reference value :  6.15401e-05
 Reference value :  6.18205e-05
 Reference value :  6.20902e-05
 Reference value :  6.23602e-05
 Reference value :  6.26201e-05
 Reference value :  6.29002e-05
 Reference value :  6.32002e-05
 Reference value :  6.34603e-05
 Reference value :  6.37301e-05
 Reference value :  6.39810e-05
 Reference value :  6.42450e-05
 Reference value :  6.45101e-05
 Reference value :  6.48401e-05
 Reference value :  6.51507e-05
 Reference value :  6.54805e-05
 Reference value :  6.57802e-05
 Reference value :  6.60506e-05
 Reference value :  6.63121e-05
 Reference value :  6.65901e-05
 Reference value :  6.68547e-05
 Reference value :  6.71204e-05
 Reference value :  6.74003e-05
 Reference value :  6.76616e-05
 Reference value :  6.79301e-05
 Reference value :  6.82101e-05
 Reference value :  6.84706e-05
 Reference value :  6.87356e-05
 Reference value :  6.90106e-05
 Reference value :  6.92610e-05
 Reference value :  6.95302e-05
 Reference value :  6.98810e-05
 Reference value :  7.01301e-05
 Reference value :  7.03902e-05
 Reference value :  7.06402e-05
 Reference value :  7.09002e-05
 Reference value :  7.11804e-05
 Reference value :  7.14401e-05
 Reference value :  7.16832e-05
 Reference value :  7.19602e-05
 Reference value :  7.22502e-05
 Reference value :  7.25208e-05
 Reference value :  7.28003e-05
 Reference value :  7.30600e-05
 Reference value :  7.33000e-05
 Reference value :  7.35458e-05
 Reference value :  7.37927e-05
 Reference value :  7.40602e-05
 Reference value :  7.43202e-05
 Reference value :  7.45925e-05
 Reference value :  7.48403e-05
 Reference value :  7.50801e-05
 Reference value :  7.53811e-05
 Reference value :  7.56404e-05
 Reference value :  7.59100e-05
 Reference value :  7.61805e-05
 Reference value :  7.64501e-05
 Reference value :  7.67504e-05
 Reference value :  7.70005e-05
 Reference value :  7.73007e-05
 Reference value :  7.75610e-05
 Reference value :  7.78102e-05
 Reference value :  7.80803e-05
 Reference value :  7.83202e-05
 Reference value :  7.85903e-05
 Reference value :  7.88800e-05
 Reference value :  7.91309e-05
 Reference value :  7.93901e-05
 Reference value :  7.96702e-05
 Reference value :  7.99302e-05
No. of Data Rows : 296573
t_flip              =  3.63422e-05
vos_v               =  -3.65779e-03
m_dut_vos = -3.657790000e-03
Note: Simulation executed from .control section 

Warning: m=xx on .subckt line will override multiplier m hierarchy!

