
Note: Compatibility modes selected: hs a


Circuit: * comparator-regeneration @ sf_125c_3.30v -- generated by sim/harness, do not edit

Doing analysis at TEMP = 125.000000 and TNOM = 27.000000

Using SPARSE 1.3 as Direct Linear Solver

Initial Transient Solution
--------------------------

Node                                   Voltage
----                                   -------
vdd                                        3.3
vdda                                       3.3
clk                                          0
cm                                        1.65
sa                                  -0.0614876
apa                                    1.61926
ana                                    1.68074
ibna                                    1.0774
xa.xlayout_dut.sp__t2              3.15939e-08
xa.xlayout_dut.qp__t6                      3.3
xa.xlayout_dut.vss__t17            1.80437e-10
xa.xlayout_dut.vss__t2             2.33755e-18
xa.xlayout_dut.dout__t3                 1.7589
xa.xlayout_dut.sp__t3              3.19963e-08
xa.xlayout_dut.vss__t25            2.40158e-11
xa.xlayout_dut.vss__t3             2.23236e-11
xa.xlayout_dut.dout__t2                1.75253
xa.xlayout_dut.doutb__t0               1.76191
xa.xlayout_dut.vss__t24             0.00181424
xa.xlayout_dut.vss__t4             2.45796e-11
xa.xlayout_dut.ibias__t0               1.07612
xa.xlayout_dut.ibias__t1                1.0774
xa.xlayout_dut.vss__t20            0.000254896
xa.xlayout_dut.vss__t8             4.02788e-11
xa.xlayout_dut.sn__t2              3.15936e-08
xa.xlayout_dut.qn__t6                      3.3
xa.xlayout_dut.vss__t23            1.80101e-10
xa.xlayout_dut.vss__t5             2.33315e-18
xa.xlayout_dut.doutb__t1               1.76191
xa.xlayout_dut.sn__t3              3.22039e-08
xa.xlayout_dut.vss__t22            2.39927e-11
xa.xlayout_dut.vss__t6             2.23276e-11
xa.xlayout_dut.doutb__t4               1.75613
xa.xlayout_dut.dout__t4                 1.7589
xa.xlayout_dut.vss__t21             0.00180458
xa.xlayout_dut.vss__t7             2.47339e-11
xa.xlayout_dut.qn__t4                      3.3
xa.xlayout_dut.qp__t0                      3.3
xa.xlayout_dut.mn__t0                      3.3
xa.xlayout_dut.vss__t9             5.10485e-11
xa.xlayout_dut.mn__t1                      3.3
xa.xlayout_dut.aop__t2                 1.73474
xa.xlayout_dut.ltail__t0               1.93051
xa.xlayout_dut.vss__t11            4.04377e-11
xa.xlayout_dut.atail__t0              0.686889
xa.xlayout_dut.ibias__t2                1.0774
xa.xlayout_dut.vss__t19            0.000492746
xa.xlayout_dut.vss__t13            4.02663e-11
xa.xlayout_dut.qp__t1                      3.3
xa.xlayout_dut.qn__t5                      3.3
xa.xlayout_dut.mp__t2                      3.3
xa.xlayout_dut.vss__t10            5.11404e-11
xa.xlayout_dut.ltail__t1               1.93051
xa.xlayout_dut.clk__t2                       0
xa.xlayout_dut.vss__t18            8.87235e-11
xa.xlayout_dut.vss__t14             1.8393e-11
xa.xlayout_dut.mp__t1                      3.3
xa.xlayout_dut.aon__t0                 2.54507
xa.xlayout_dut.ltail__t2               1.93051
xa.xlayout_dut.vss__t12            4.08432e-11
xa.xlayout_dut.aon__t1                 2.54454
xa.xlayout_dut.vinp__t0                1.61926
xa.xlayout_dut.atail__t1              0.687453
xa.xlayout_dut.vss__t15            1.32295e-08
xa.xlayout_dut.aop__t1                 1.73306
xa.xlayout_dut.vinn__t0                1.68074
xa.xlayout_dut.atail__t2              0.687843
xa.xlayout_dut.vss__t16            1.89136e-10
xa.xlayout_dut.mn__t2                      3.3
xa.xlayout_dut.clk__t0                       0
xa.xlayout_dut.vdd__t0                     3.3
xa.xlayout_dut.vdd__t1                     3.3
xa.xlayout_dut.qn__t1                      3.3
xa.xlayout_dut.clk__t1                       0
xa.xlayout_dut.vdd__t2                     3.3
xa.xlayout_dut.vdd__t3                     3.3
xa.xlayout_dut.sp__t0              3.28779e-08
xa.xlayout_dut.qp__t2                      3.3
xa.xlayout_dut.vdd__t4                     3.3
xa.xlayout_dut.vdd__t5                     3.3
xa.xlayout_dut.mp__t0                      3.3
xa.xlayout_dut.clk__t4                       0
xa.xlayout_dut.vdd__t21                    3.3
xa.xlayout_dut.vdd__t20                    3.3
xa.xlayout_dut.qn__t0                      3.3
xa.xlayout_dut.qp__t3                      3.3
xa.xlayout_dut.vdd__t6                     3.3
xa.xlayout_dut.vdd__t7                     3.3
xa.xlayout_dut.qp__t4                      3.3
xa.xlayout_dut.clk__t3                       0
xa.xlayout_dut.vdd__t19                    3.3
xa.xlayout_dut.vdd__t18                    3.3
xa.xlayout_dut.na__t1                  3.16189
xa.xlayout_dut.sp__t1              3.19963e-08
xa.xlayout_dut.vdd__t23                3.29754
xa.xlayout_dut.vdd__t8                     3.3
xa.xlayout_dut.dout__t0                1.76359
xa.xlayout_dut.doutb__t2               1.76191
xa.xlayout_dut.na__t0                   3.1596
xa.xlayout_dut.vdd__t13                    3.3
xa.xlayout_dut.sn__t0              3.31626e-08
xa.xlayout_dut.qn__t3                      3.3
xa.xlayout_dut.vdd__t17                    3.3
xa.xlayout_dut.vdd__t16                    3.3
xa.xlayout_dut.qp__t5                      3.3
xa.xlayout_dut.qn__t2                      3.3
xa.xlayout_dut.vdd__t15                    3.3
xa.xlayout_dut.vdd__t14                    3.3
xa.xlayout_dut.nb__t1                  3.16226
xa.xlayout_dut.sn__t1              3.22039e-08
xa.xlayout_dut.vdd__t22                3.29735
xa.xlayout_dut.vdd__t12                    3.3
xa.xlayout_dut.doutb__t3               1.77447
xa.xlayout_dut.dout__t1                 1.7589
xa.xlayout_dut.nb__t0                  3.15638
xa.xlayout_dut.vdd__t11                    3.3
xa.xlayout_dut.aon__t2                 2.54528
xa.xlayout_dut.x$28.11                 2.54564
xa.xlayout_dut.vss__t0                       0
xa.xlayout_dut.x$28.21                  3.2988
xa.xlayout_dut.vdd__t10                3.29916
xa.xlayout_dut.aop__t0                 1.73521
xa.xlayout_dut.x$29.11                 1.73597
xa.xlayout_dut.vss__t1                       0
xa.xlayout_dut.x$29.21                 3.29856
xa.xlayout_dut.vdd__t9                 3.29931
xa.xlayout_dut.aon                     2.54507
vsubs                                        0
xa.xlayout_dut.aop                     1.73474
xa.xlayout_dut.atail                  0.687384
douta                                   1.7589
doutba                                 1.76191
xa.xlayout_dut.ltail                   1.93051
xa.xlayout_dut.mn                          3.3
xa.xlayout_dut.mp                          3.3
xa.xlayout_dut.na                      3.16074
xa.xlayout_dut.nb                      3.15932
xa.xlayout_dut.qn                          3.3
xa.xlayout_dut.qp                          3.3
xa.xlayout_dut.sn                  3.22039e-08
xa.xlayout_dut.sp                  3.19963e-08
sb                                  -0.0124876
apb                                    1.64376
anb                                    1.65624
ibnb                                    1.0774
xb.xlayout_dut.sp__t2              3.15939e-08
xb.xlayout_dut.qp__t6                      3.3
xb.xlayout_dut.vss__t17            1.80437e-10
xb.xlayout_dut.vss__t2             2.33755e-18
xb.xlayout_dut.dout__t3                 1.7589
xb.xlayout_dut.sp__t3              3.19963e-08
xb.xlayout_dut.vss__t25            2.40158e-11
xb.xlayout_dut.vss__t3             2.23236e-11
xb.xlayout_dut.dout__t2                1.75253
xb.xlayout_dut.doutb__t0               1.76191
xb.xlayout_dut.vss__t24             0.00181424
xb.xlayout_dut.vss__t4             2.45796e-11
xb.xlayout_dut.ibias__t0               1.07612
xb.xlayout_dut.ibias__t1                1.0774
xb.xlayout_dut.vss__t20            0.000254896
xb.xlayout_dut.vss__t8             4.02788e-11
xb.xlayout_dut.sn__t2              3.15936e-08
xb.xlayout_dut.qn__t6                      3.3
xb.xlayout_dut.vss__t23            1.80101e-10
xb.xlayout_dut.vss__t5             2.33315e-18
xb.xlayout_dut.doutb__t1               1.76191
xb.xlayout_dut.sn__t3              3.22039e-08
xb.xlayout_dut.vss__t22            2.39927e-11
xb.xlayout_dut.vss__t6             2.23276e-11
xb.xlayout_dut.doutb__t4               1.75613
xb.xlayout_dut.dout__t4                 1.7589
xb.xlayout_dut.vss__t21             0.00180458
xb.xlayout_dut.vss__t7             2.47339e-11
xb.xlayout_dut.qn__t4                      3.3
xb.xlayout_dut.qp__t0                      3.3
xb.xlayout_dut.mn__t0                      3.3
xb.xlayout_dut.vss__t9             5.10485e-11
xb.xlayout_dut.mn__t1                      3.3
xb.xlayout_dut.aop__t2                 2.05727
xb.xlayout_dut.ltail__t0               1.66842
xb.xlayout_dut.vss__t11            3.88704e-11
xb.xlayout_dut.atail__t0              0.684148
xb.xlayout_dut.ibias__t2                1.0774
xb.xlayout_dut.vss__t19             0.00049273
xb.xlayout_dut.vss__t13            4.01991e-11
xb.xlayout_dut.qp__t1                      3.3
xb.xlayout_dut.qn__t5                      3.3
xb.xlayout_dut.mp__t2                      3.3
xb.xlayout_dut.vss__t10            5.11404e-11
xb.xlayout_dut.ltail__t1               1.66842
xb.xlayout_dut.clk__t2                       0
xb.xlayout_dut.vss__t18            8.60096e-11
xb.xlayout_dut.vss__t14            1.69703e-11
xb.xlayout_dut.mp__t1                      3.3
xb.xlayout_dut.aon__t0                 2.22246
xb.xlayout_dut.ltail__t2               1.66842
xb.xlayout_dut.vss__t12            3.92613e-11
xb.xlayout_dut.aon__t1                 2.22171
xb.xlayout_dut.vinp__t0                1.64376
xb.xlayout_dut.atail__t1              0.684742
xb.xlayout_dut.vss__t15            8.76814e-10
xb.xlayout_dut.aop__t1                 2.05594
xb.xlayout_dut.vinn__t0                1.65624
xb.xlayout_dut.atail__t2              0.685008
xb.xlayout_dut.vss__t16            2.69956e-10
xb.xlayout_dut.mn__t2                      3.3
xb.xlayout_dut.clk__t0                       0
xb.xlayout_dut.vdd__t0                     3.3
xb.xlayout_dut.vdd__t1                     3.3
xb.xlayout_dut.qn__t1                      3.3
xb.xlayout_dut.clk__t1                       0
xb.xlayout_dut.vdd__t2                     3.3
xb.xlayout_dut.vdd__t3                     3.3
xb.xlayout_dut.sp__t0              3.28779e-08
xb.xlayout_dut.qp__t2                      3.3
xb.xlayout_dut.vdd__t4                     3.3
xb.xlayout_dut.vdd__t5                     3.3
xb.xlayout_dut.mp__t0                      3.3
xb.xlayout_dut.clk__t4                       0
xb.xlayout_dut.vdd__t21                    3.3
xb.xlayout_dut.vdd__t20                    3.3
xb.xlayout_dut.qn__t0                      3.3
xb.xlayout_dut.qp__t3                      3.3
xb.xlayout_dut.vdd__t6                     3.3
xb.xlayout_dut.vdd__t7                     3.3
xb.xlayout_dut.qp__t4                      3.3
xb.xlayout_dut.clk__t3                       0
xb.xlayout_dut.vdd__t19                    3.3
xb.xlayout_dut.vdd__t18                    3.3
xb.xlayout_dut.na__t1                  3.16189
xb.xlayout_dut.sp__t1              3.19963e-08
xb.xlayout_dut.vdd__t23                3.29754
xb.xlayout_dut.vdd__t8                     3.3
xb.xlayout_dut.dout__t0                1.76359
xb.xlayout_dut.doutb__t2               1.76191
xb.xlayout_dut.na__t0                   3.1596
xb.xlayout_dut.vdd__t13                    3.3
xb.xlayout_dut.sn__t0              3.31626e-08
xb.xlayout_dut.qn__t3                      3.3
xb.xlayout_dut.vdd__t17                    3.3
xb.xlayout_dut.vdd__t16                    3.3
xb.xlayout_dut.qp__t5                      3.3
xb.xlayout_dut.qn__t2                      3.3
xb.xlayout_dut.vdd__t15                    3.3
xb.xlayout_dut.vdd__t14                    3.3
xb.xlayout_dut.nb__t1                  3.16226
xb.xlayout_dut.sn__t1              3.22039e-08
xb.xlayout_dut.vdd__t22                3.29735
xb.xlayout_dut.vdd__t12                    3.3
xb.xlayout_dut.doutb__t3               1.77447
xb.xlayout_dut.dout__t1                 1.7589
xb.xlayout_dut.nb__t0                  3.15638
xb.xlayout_dut.vdd__t11                    3.3
xb.xlayout_dut.aon__t2                 2.22277
xb.xlayout_dut.x$28.11                 2.22329
xb.xlayout_dut.vss__t0                       0
xb.xlayout_dut.x$28.21                 3.29829
xb.xlayout_dut.vdd__t10                3.29881
xb.xlayout_dut.aop__t0                 2.05765
xb.xlayout_dut.x$29.11                 2.05825
xb.xlayout_dut.vss__t1                       0
xb.xlayout_dut.x$29.21                 3.29885
xb.xlayout_dut.vdd__t9                 3.29945
xb.xlayout_dut.aon                     2.22246
xb.xlayout_dut.aop                     2.05727
xb.xlayout_dut.atail                  0.684644
doutb                                   1.7589
doutbb                                 1.76191
xb.xlayout_dut.ltail                   1.66842
xb.xlayout_dut.mn                          3.3
xb.xlayout_dut.mp                          3.3
xb.xlayout_dut.na                      3.16074
xb.xlayout_dut.nb                      3.15932
xb.xlayout_dut.qn                          3.3
xb.xlayout_dut.qp                          3.3
xb.xlayout_dut.sn                  3.22039e-08
xb.xlayout_dut.sp                  3.19963e-08
sc                                  -0.0115876
apc                                    1.64421
anc                                    1.65579
ibnc                                    1.0774
xc.xlayout_dut.sp__t2              3.15939e-08
xc.xlayout_dut.qp__t6                      3.3
xc.xlayout_dut.vss__t17            1.80437e-10
xc.xlayout_dut.vss__t2             2.33755e-18
xc.xlayout_dut.dout__t3                 1.7589
xc.xlayout_dut.sp__t3              3.19963e-08
xc.xlayout_dut.vss__t25            2.40158e-11
xc.xlayout_dut.vss__t3             2.23236e-11
xc.xlayout_dut.dout__t2                1.75253
xc.xlayout_dut.doutb__t0               1.76191
xc.xlayout_dut.vss__t24             0.00181424
xc.xlayout_dut.vss__t4             2.45796e-11
xc.xlayout_dut.ibias__t0               1.07612
xc.xlayout_dut.ibias__t1                1.0774
xc.xlayout_dut.vss__t20            0.000254896
xc.xlayout_dut.vss__t8             4.02788e-11
xc.xlayout_dut.sn__t2              3.15936e-08
xc.xlayout_dut.qn__t6                      3.3
xc.xlayout_dut.vss__t23            1.80101e-10
xc.xlayout_dut.vss__t5             2.33315e-18
xc.xlayout_dut.doutb__t1               1.76191
xc.xlayout_dut.sn__t3              3.22039e-08
xc.xlayout_dut.vss__t22            2.39927e-11
xc.xlayout_dut.vss__t6             2.23276e-11
xc.xlayout_dut.doutb__t4               1.75613
xc.xlayout_dut.dout__t4                 1.7589
xc.xlayout_dut.vss__t21             0.00180458
xc.xlayout_dut.vss__t7             2.47339e-11
xc.xlayout_dut.qn__t4                      3.3
xc.xlayout_dut.qp__t0                      3.3
xc.xlayout_dut.mn__t0                      3.3
xc.xlayout_dut.vss__t9             5.10485e-11
xc.xlayout_dut.mn__t1                      3.3
xc.xlayout_dut.aop__t2                 2.06339
xc.xlayout_dut.ltail__t0                1.6637
xc.xlayout_dut.vss__t11            3.88421e-11
xc.xlayout_dut.atail__t0              0.684133
xc.xlayout_dut.ibias__t2                1.0774
xc.xlayout_dut.vss__t19             0.00049273
xc.xlayout_dut.vss__t13            4.01988e-11
xc.xlayout_dut.qp__t1                      3.3
xc.xlayout_dut.qn__t5                      3.3
xc.xlayout_dut.mp__t2                      3.3
xc.xlayout_dut.vss__t10            5.11404e-11
xc.xlayout_dut.ltail__t1                1.6637
xc.xlayout_dut.clk__t2                       0
xc.xlayout_dut.vss__t18            8.59608e-11
xc.xlayout_dut.vss__t14            1.69447e-11
xc.xlayout_dut.mp__t1                      3.3
xc.xlayout_dut.aon__t0                 2.21634
xc.xlayout_dut.ltail__t2                1.6637
xc.xlayout_dut.vss__t12            3.92328e-11
xc.xlayout_dut.aon__t1                 2.21558
xc.xlayout_dut.vinp__t0                1.64421
xc.xlayout_dut.atail__t1              0.684727
xc.xlayout_dut.vss__t15            8.29345e-10
xc.xlayout_dut.aop__t1                 2.06206
xc.xlayout_dut.vinn__t0                1.65579
xc.xlayout_dut.atail__t2               0.68499
xc.xlayout_dut.vss__t16            2.77392e-10
xc.xlayout_dut.mn__t2                      3.3
xc.xlayout_dut.clk__t0                       0
xc.xlayout_dut.vdd__t0                     3.3
xc.xlayout_dut.vdd__t1                     3.3
xc.xlayout_dut.qn__t1                      3.3
xc.xlayout_dut.clk__t1                       0
xc.xlayout_dut.vdd__t2                     3.3
xc.xlayout_dut.vdd__t3                     3.3
xc.xlayout_dut.sp__t0              3.28779e-08
xc.xlayout_dut.qp__t2                      3.3
xc.xlayout_dut.vdd__t4                     3.3
xc.xlayout_dut.vdd__t5                     3.3
xc.xlayout_dut.mp__t0                      3.3
xc.xlayout_dut.clk__t4                       0
xc.xlayout_dut.vdd__t21                    3.3
xc.xlayout_dut.vdd__t20                    3.3
xc.xlayout_dut.qn__t0                      3.3
xc.xlayout_dut.qp__t3                      3.3
xc.xlayout_dut.vdd__t6                     3.3
xc.xlayout_dut.vdd__t7                     3.3
xc.xlayout_dut.qp__t4                      3.3
xc.xlayout_dut.clk__t3                       0
xc.xlayout_dut.vdd__t19                    3.3
xc.xlayout_dut.vdd__t18                    3.3
xc.xlayout_dut.na__t1                  3.16189
xc.xlayout_dut.sp__t1              3.19963e-08
xc.xlayout_dut.vdd__t23                3.29754
xc.xlayout_dut.vdd__t8                     3.3
xc.xlayout_dut.dout__t0                1.76359
xc.xlayout_dut.doutb__t2               1.76191
xc.xlayout_dut.na__t0                   3.1596
xc.xlayout_dut.vdd__t13                    3.3
xc.xlayout_dut.sn__t0              3.31626e-08
xc.xlayout_dut.qn__t3                      3.3
xc.xlayout_dut.vdd__t17                    3.3
xc.xlayout_dut.vdd__t16                    3.3
xc.xlayout_dut.qp__t5                      3.3
xc.xlayout_dut.qn__t2                      3.3
xc.xlayout_dut.vdd__t15                    3.3
xc.xlayout_dut.vdd__t14                    3.3
xc.xlayout_dut.nb__t1                  3.16226
xc.xlayout_dut.sn__t1              3.22039e-08
xc.xlayout_dut.vdd__t22                3.29735
xc.xlayout_dut.vdd__t12                    3.3
xc.xlayout_dut.doutb__t3               1.77447
xc.xlayout_dut.dout__t1                 1.7589
xc.xlayout_dut.nb__t0                  3.15638
xc.xlayout_dut.vdd__t11                    3.3
xc.xlayout_dut.aon__t2                 2.21665
xc.xlayout_dut.x$28.11                 2.21717
xc.xlayout_dut.vss__t0                       0
xc.xlayout_dut.x$28.21                 3.29828
xc.xlayout_dut.vdd__t10                 3.2988
xc.xlayout_dut.aop__t0                 2.06376
xc.xlayout_dut.x$29.11                 2.06436
xc.xlayout_dut.vss__t1                       0
xc.xlayout_dut.x$29.21                 3.29886
xc.xlayout_dut.vdd__t9                 3.29946
xc.xlayout_dut.aon                     2.21634
xc.xlayout_dut.aop                     2.06339
xc.xlayout_dut.atail                  0.684628
doutc                                   1.7589
doutbc                                 1.76191
xc.xlayout_dut.ltail                    1.6637
xc.xlayout_dut.mn                          3.3
xc.xlayout_dut.mp                          3.3
xc.xlayout_dut.na                      3.16074
xc.xlayout_dut.nb                      3.15932
xc.xlayout_dut.qn                          3.3
xc.xlayout_dut.qp                          3.3
xc.xlayout_dut.sn                  3.22039e-08
xc.xlayout_dut.sp                  3.19963e-08
clkn                                         0
dan                                   0.533001
dbn                                   0.533001
dcn                                   0.533001
bdcn#branch                                  0
bdbn#branch                                  0
bdan#branch                                  0
bclkn#branch                                 0
eanc#branch                       -5.73823e-19
eapc#branch                        2.95509e-19
eanb#branch                        1.68336e-19
eapb#branch                       -4.46651e-19
eana#branch                       -1.68653e-21
eapa#branch                       -2.76628e-19
vsc#branch                                   0
vsb#branch                                   0
vsa#branch                                   0
vcm#branch                        -8.34945e-19
vclk#branch                                  0
vsupa#branch                      -0.000337626
vsup#branch                       -0.000675249

 Reference value :  1.10640e-09
 Reference value :  4.25140e-09
 Reference value :  7.14640e-09
 Reference value :  1.01015e-08
 Reference value :  1.37707e-08
 Reference value :  1.66307e-08
 Reference value :  1.97357e-08
 Reference value :  2.24125e-08
 Reference value :  2.52725e-08
 Reference value :  2.83925e-08
 Reference value :  3.12575e-08
 Reference value :  3.41025e-08
 Reference value :  3.74275e-08
 Reference value :  4.04407e-08
 Reference value :  4.34407e-08
 Reference value :  4.66807e-08
 Reference value :  5.01416e-08
 Reference value :  5.31375e-08
 Reference value :  5.59625e-08
 Reference value :  5.89725e-08
No. of Data Rows : 12046
vsup_v              =  3.30000e+00
td_a                =  1.46961e-09 targ=  4.15196e-08 trig=  4.00500e-08
td_b                =  1.90245e-09 targ=  4.19525e-08 trig=  4.00500e-08
td_c                =  2.17396e-09 targ=  4.22240e-08 trig=  4.00500e-08
da_first            =  4.05650e-05
db_first            =  3.60350e-05
dc_first            =  3.41569e-05
da_end              =  9.99953e-01
db_end              =  9.99953e-01
dc_end              =  9.99953e-01
i_stat              =  -2.86339e-05 from=  2.50000e-08 to=  2.90025e-08
q_dec               =  -8.50982e-13 from=  3.99000e-08 to=  4.80000e-08
m_td_od50_ns = 1.4696080000e+00
m_td_od1_ns = 1.9024540000e+00
m_td_od01_ns = 2.1739640000e+00
m_tau_ps = 1.1791529478e+02
m_resolve_decades = 1.6134073222e+01
m_dout_od50_end = 9.9995290000e-01
m_dout_od1_end = 9.9995290000e-01
m_dout_od01_end = 9.9995290000e-01
m_dout_od50_first = 4.0564960000e-05
m_dout_od1_first = 3.6034980000e-05
m_dout_od01_first = 3.4156930000e-05
m_i_static_ua = 2.8633900000e+01
m_e_dec_fj = 2.0428564530e+03
Note: Simulation executed from .control section 

Warning: m=xx on .subckt line will override multiplier m hierarchy!

