
Note: Compatibility modes selected: hs a


Circuit: * comparator-regeneration @ sf_125c_2.97v -- generated by sim/harness, do not edit

Doing analysis at TEMP = 125.000000 and TNOM = 27.000000

Using SPARSE 1.3 as Direct Linear Solver

Initial Transient Solution
--------------------------

Node                                   Voltage
----                                   -------
vdd                                       2.97
vdda                                      2.97
clk                                          0
cm                                        1.65
sa                                  -0.0585473
apa                                    1.62073
ana                                    1.67927
ibna                                    1.0774
xa.xlayout_dut.sp__t2              3.24486e-08
xa.xlayout_dut.qp__t6                     2.97
xa.xlayout_dut.vss__t17            1.71702e-10
xa.xlayout_dut.vss__t2             2.39978e-18
xa.xlayout_dut.dout__t3                1.57884
xa.xlayout_dut.sp__t3              3.28315e-08
xa.xlayout_dut.vss__t25            2.34874e-11
xa.xlayout_dut.vss__t3             2.03068e-11
xa.xlayout_dut.dout__t2                1.57406
xa.xlayout_dut.doutb__t0               1.58106
xa.xlayout_dut.vss__t24             0.00136045
xa.xlayout_dut.vss__t4               2.153e-11
xa.xlayout_dut.ibias__t0               1.07612
xa.xlayout_dut.ibias__t1                1.0774
xa.xlayout_dut.vss__t20            0.000254896
xa.xlayout_dut.vss__t8             4.02788e-11
xa.xlayout_dut.sn__t2              3.24483e-08
xa.xlayout_dut.qn__t6                     2.97
xa.xlayout_dut.vss__t23            1.71382e-10
xa.xlayout_dut.vss__t5             2.39527e-18
xa.xlayout_dut.doutb__t1               1.58106
xa.xlayout_dut.sn__t3               3.3029e-08
xa.xlayout_dut.vss__t22            2.34627e-11
xa.xlayout_dut.vss__t6             2.03047e-11
xa.xlayout_dut.doutb__t4               1.57673
xa.xlayout_dut.dout__t4                1.57884
xa.xlayout_dut.vss__t21              0.0013537
xa.xlayout_dut.vss__t7             2.15483e-11
xa.xlayout_dut.qn__t4                     2.97
xa.xlayout_dut.qp__t0                     2.97
xa.xlayout_dut.mn__t0                     2.97
xa.xlayout_dut.vss__t9             4.67164e-11
xa.xlayout_dut.mn__t1                     2.97
xa.xlayout_dut.aop__t2                 1.42369
xa.xlayout_dut.ltail__t0               1.64506
xa.xlayout_dut.vss__t11            3.67571e-11
xa.xlayout_dut.atail__t0              0.686198
xa.xlayout_dut.ibias__t2                1.0774
xa.xlayout_dut.vss__t19            0.000492742
xa.xlayout_dut.vss__t13            4.02494e-11
xa.xlayout_dut.qp__t1                     2.97
xa.xlayout_dut.qn__t5                     2.97
xa.xlayout_dut.mp__t2                     2.97
xa.xlayout_dut.vss__t10            4.68005e-11
xa.xlayout_dut.ltail__t1               1.64506
xa.xlayout_dut.clk__t2                       0
xa.xlayout_dut.vss__t18             8.5768e-11
xa.xlayout_dut.vss__t14            1.68439e-11
xa.xlayout_dut.mp__t1                     2.97
xa.xlayout_dut.aon__t0                 2.19618
xa.xlayout_dut.ltail__t2               1.64506
xa.xlayout_dut.vss__t12            3.71257e-11
xa.xlayout_dut.aon__t1                 2.19564
xa.xlayout_dut.vinp__t0                1.62073
xa.xlayout_dut.atail__t1              0.686764
xa.xlayout_dut.vss__t15            6.11983e-10
xa.xlayout_dut.aop__t1                 1.42204
xa.xlayout_dut.vinn__t0                1.67927
xa.xlayout_dut.atail__t2              0.687147
xa.xlayout_dut.vss__t16            1.81561e-10
xa.xlayout_dut.mn__t2                     2.97
xa.xlayout_dut.clk__t0                       0
xa.xlayout_dut.vdd__t0                    2.97
xa.xlayout_dut.vdd__t1                    2.97
xa.xlayout_dut.qn__t1                     2.97
xa.xlayout_dut.clk__t1                       0
xa.xlayout_dut.vdd__t2                    2.97
xa.xlayout_dut.vdd__t3                    2.97
xa.xlayout_dut.sp__t0              3.36704e-08
xa.xlayout_dut.qp__t2                     2.97
xa.xlayout_dut.vdd__t4                    2.97
xa.xlayout_dut.vdd__t5                    2.97
xa.xlayout_dut.mp__t0                     2.97
xa.xlayout_dut.clk__t4                       0
xa.xlayout_dut.vdd__t21                   2.97
xa.xlayout_dut.vdd__t20                   2.97
xa.xlayout_dut.qn__t0                     2.97
xa.xlayout_dut.qp__t3                     2.97
xa.xlayout_dut.vdd__t6                    2.97
xa.xlayout_dut.vdd__t7                    2.97
xa.xlayout_dut.qp__t4                     2.97
xa.xlayout_dut.clk__t3                       0
xa.xlayout_dut.vdd__t19                   2.97
xa.xlayout_dut.vdd__t18                   2.97
xa.xlayout_dut.na__t1                  2.85808
xa.xlayout_dut.sp__t1              3.28315e-08
xa.xlayout_dut.vdd__t23                2.96816
xa.xlayout_dut.vdd__t8                    2.97
xa.xlayout_dut.dout__t0                1.58235
xa.xlayout_dut.doutb__t2               1.58106
xa.xlayout_dut.na__t0                  2.85637
xa.xlayout_dut.vdd__t13                   2.97
xa.xlayout_dut.sn__t0              3.39413e-08
xa.xlayout_dut.qn__t3                     2.97
xa.xlayout_dut.vdd__t17                   2.97
xa.xlayout_dut.vdd__t16                   2.97
xa.xlayout_dut.qp__t5                     2.97
xa.xlayout_dut.qn__t2                     2.97
xa.xlayout_dut.vdd__t15                   2.97
xa.xlayout_dut.vdd__t14                   2.97
xa.xlayout_dut.nb__t1                  2.85835
xa.xlayout_dut.sn__t1               3.3029e-08
xa.xlayout_dut.vdd__t22                2.96801
xa.xlayout_dut.vdd__t12                   2.97
xa.xlayout_dut.doutb__t3               1.59049
xa.xlayout_dut.dout__t1                1.57884
xa.xlayout_dut.nb__t0                  2.85395
xa.xlayout_dut.vdd__t11                   2.97
xa.xlayout_dut.aon__t2                  2.1964
xa.xlayout_dut.x$28.11                 2.19678
xa.xlayout_dut.vss__t0                       0
xa.xlayout_dut.x$28.21                 2.96877
xa.xlayout_dut.vdd__t10                2.96914
xa.xlayout_dut.aop__t0                 1.42416
xa.xlayout_dut.x$29.11                 1.42491
xa.xlayout_dut.vss__t1                       0
xa.xlayout_dut.x$29.21                 2.96857
xa.xlayout_dut.vdd__t9                 2.96932
xa.xlayout_dut.aon                     2.19618
vsubs                                        0
xa.xlayout_dut.aop                     1.42369
xa.xlayout_dut.atail                  0.686694
douta                                  1.57884
doutba                                 1.58106
xa.xlayout_dut.ltail                   1.64506
xa.xlayout_dut.mn                         2.97
xa.xlayout_dut.mp                         2.97
xa.xlayout_dut.na                      2.85723
xa.xlayout_dut.nb                      2.85615
xa.xlayout_dut.qn                         2.97
xa.xlayout_dut.qp                         2.97
xa.xlayout_dut.sn                   3.3029e-08
xa.xlayout_dut.sp                  3.28315e-08
sb                                  -0.0095473
apb                                    1.64523
anb                                    1.65477
ibnb                                    1.0774
xb.xlayout_dut.sp__t2              3.24486e-08
xb.xlayout_dut.qp__t6                     2.97
xb.xlayout_dut.vss__t17            1.71702e-10
xb.xlayout_dut.vss__t2             2.39978e-18
xb.xlayout_dut.dout__t3                1.57884
xb.xlayout_dut.sp__t3              3.28315e-08
xb.xlayout_dut.vss__t25            2.34874e-11
xb.xlayout_dut.vss__t3             2.03068e-11
xb.xlayout_dut.dout__t2                1.57406
xb.xlayout_dut.doutb__t0               1.58106
xb.xlayout_dut.vss__t24             0.00136045
xb.xlayout_dut.vss__t4               2.153e-11
xb.xlayout_dut.ibias__t0               1.07612
xb.xlayout_dut.ibias__t1                1.0774
xb.xlayout_dut.vss__t20            0.000254896
xb.xlayout_dut.vss__t8             4.02788e-11
xb.xlayout_dut.sn__t2              3.24483e-08
xb.xlayout_dut.qn__t6                     2.97
xb.xlayout_dut.vss__t23            1.71382e-10
xb.xlayout_dut.vss__t5             2.39527e-18
xb.xlayout_dut.doutb__t1               1.58106
xb.xlayout_dut.sn__t3               3.3029e-08
xb.xlayout_dut.vss__t22            2.34627e-11
xb.xlayout_dut.vss__t6             2.03047e-11
xb.xlayout_dut.doutb__t4               1.57673
xb.xlayout_dut.dout__t4                1.57884
xb.xlayout_dut.vss__t21              0.0013537
xb.xlayout_dut.vss__t7             2.15483e-11
xb.xlayout_dut.qn__t4                     2.97
xb.xlayout_dut.qp__t0                     2.97
xb.xlayout_dut.mn__t0                     2.97
xb.xlayout_dut.vss__t9             4.67164e-11
xb.xlayout_dut.mn__t1                     2.97
xb.xlayout_dut.aop__t2                 1.74734
xb.xlayout_dut.ltail__t0               1.38676
xb.xlayout_dut.vss__t11            3.52124e-11
xb.xlayout_dut.atail__t0              0.683703
xb.xlayout_dut.ibias__t2                1.0774
xb.xlayout_dut.vss__t19            0.000492728
xb.xlayout_dut.vss__t13            4.01882e-11
xb.xlayout_dut.qp__t1                     2.97
xb.xlayout_dut.qn__t5                     2.97
xb.xlayout_dut.mp__t2                     2.97
xb.xlayout_dut.vss__t10            4.68005e-11
xb.xlayout_dut.ltail__t1               1.38676
xb.xlayout_dut.clk__t2                       0
xb.xlayout_dut.vss__t18            8.30943e-11
xb.xlayout_dut.vss__t14             1.5448e-11
xb.xlayout_dut.mp__t1                     2.97
xb.xlayout_dut.aon__t0                  1.8724
xb.xlayout_dut.ltail__t2               1.38676
xb.xlayout_dut.vss__t12            3.55662e-11
xb.xlayout_dut.aon__t1                 1.87163
xb.xlayout_dut.vinp__t0                1.64523
xb.xlayout_dut.atail__t1              0.684298
xb.xlayout_dut.vss__t15            1.91305e-10
xb.xlayout_dut.aop__t1                 1.74603
xb.xlayout_dut.vinn__t0                1.65477
xb.xlayout_dut.atail__t2              0.684556
xb.xlayout_dut.vss__t16            1.89424e-10
xb.xlayout_dut.mn__t2                     2.97
xb.xlayout_dut.clk__t0                       0
xb.xlayout_dut.vdd__t0                    2.97
xb.xlayout_dut.vdd__t1                    2.97
xb.xlayout_dut.qn__t1                     2.97
xb.xlayout_dut.clk__t1                       0
xb.xlayout_dut.vdd__t2                    2.97
xb.xlayout_dut.vdd__t3                    2.97
xb.xlayout_dut.sp__t0              3.36704e-08
xb.xlayout_dut.qp__t2                     2.97
xb.xlayout_dut.vdd__t4                    2.97
xb.xlayout_dut.vdd__t5                    2.97
xb.xlayout_dut.mp__t0                     2.97
xb.xlayout_dut.clk__t4                       0
xb.xlayout_dut.vdd__t21                   2.97
xb.xlayout_dut.vdd__t20                   2.97
xb.xlayout_dut.qn__t0                     2.97
xb.xlayout_dut.qp__t3                     2.97
xb.xlayout_dut.vdd__t6                    2.97
xb.xlayout_dut.vdd__t7                    2.97
xb.xlayout_dut.qp__t4                     2.97
xb.xlayout_dut.clk__t3                       0
xb.xlayout_dut.vdd__t19                   2.97
xb.xlayout_dut.vdd__t18                   2.97
xb.xlayout_dut.na__t1                  2.85808
xb.xlayout_dut.sp__t1              3.28315e-08
xb.xlayout_dut.vdd__t23                2.96816
xb.xlayout_dut.vdd__t8                    2.97
xb.xlayout_dut.dout__t0                1.58235
xb.xlayout_dut.doutb__t2               1.58106
xb.xlayout_dut.na__t0                  2.85637
xb.xlayout_dut.vdd__t13                   2.97
xb.xlayout_dut.sn__t0              3.39413e-08
xb.xlayout_dut.qn__t3                     2.97
xb.xlayout_dut.vdd__t17                   2.97
xb.xlayout_dut.vdd__t16                   2.97
xb.xlayout_dut.qp__t5                     2.97
xb.xlayout_dut.qn__t2                     2.97
xb.xlayout_dut.vdd__t15                   2.97
xb.xlayout_dut.vdd__t14                   2.97
xb.xlayout_dut.nb__t1                  2.85835
xb.xlayout_dut.sn__t1               3.3029e-08
xb.xlayout_dut.vdd__t22                2.96801
xb.xlayout_dut.vdd__t12                   2.97
xb.xlayout_dut.doutb__t3               1.59049
xb.xlayout_dut.dout__t1                1.57884
xb.xlayout_dut.nb__t0                  2.85395
xb.xlayout_dut.vdd__t11                   2.97
xb.xlayout_dut.aon__t2                  1.8727
xb.xlayout_dut.x$28.11                 1.87323
xb.xlayout_dut.vss__t0                       0
xb.xlayout_dut.x$28.21                 2.96825
xb.xlayout_dut.vdd__t10                2.96878
xb.xlayout_dut.aop__t0                 1.74771
xb.xlayout_dut.x$29.11                  1.7483
xb.xlayout_dut.vss__t1                       0
xb.xlayout_dut.x$29.21                 2.96887
xb.xlayout_dut.vdd__t9                 2.96946
xb.xlayout_dut.aon                      1.8724
xb.xlayout_dut.aop                     1.74734
xb.xlayout_dut.atail                  0.684198
doutb                                  1.57884
doutbb                                 1.58106
xb.xlayout_dut.ltail                   1.38676
xb.xlayout_dut.mn                         2.97
xb.xlayout_dut.mp                         2.97
xb.xlayout_dut.na                      2.85723
xb.xlayout_dut.nb                      2.85615
xb.xlayout_dut.qn                         2.97
xb.xlayout_dut.qp                         2.97
xb.xlayout_dut.sn                   3.3029e-08
xb.xlayout_dut.sp                  3.28315e-08
sc                                  -0.0086473
apc                                    1.64568
anc                                    1.65432
ibnc                                    1.0774
xc.xlayout_dut.sp__t2              3.24486e-08
xc.xlayout_dut.qp__t6                     2.97
xc.xlayout_dut.vss__t17            1.71702e-10
xc.xlayout_dut.vss__t2             2.39978e-18
xc.xlayout_dut.dout__t3                1.57884
xc.xlayout_dut.sp__t3              3.28315e-08
xc.xlayout_dut.vss__t25            2.34874e-11
xc.xlayout_dut.vss__t3             2.03068e-11
xc.xlayout_dut.dout__t2                1.57406
xc.xlayout_dut.doutb__t0               1.58106
xc.xlayout_dut.vss__t24             0.00136045
xc.xlayout_dut.vss__t4               2.153e-11
xc.xlayout_dut.ibias__t0               1.07612
xc.xlayout_dut.ibias__t1                1.0774
xc.xlayout_dut.vss__t20            0.000254896
xc.xlayout_dut.vss__t8             4.02788e-11
xc.xlayout_dut.sn__t2              3.24483e-08
xc.xlayout_dut.qn__t6                     2.97
xc.xlayout_dut.vss__t23            1.71382e-10
xc.xlayout_dut.vss__t5             2.39527e-18
xc.xlayout_dut.doutb__t1               1.58106
xc.xlayout_dut.sn__t3               3.3029e-08
xc.xlayout_dut.vss__t22            2.34627e-11
xc.xlayout_dut.vss__t6             2.03047e-11
xc.xlayout_dut.doutb__t4               1.57673
xc.xlayout_dut.dout__t4                1.57884
xc.xlayout_dut.vss__t21              0.0013537
xc.xlayout_dut.vss__t7             2.15483e-11
xc.xlayout_dut.qn__t4                     2.97
xc.xlayout_dut.qp__t0                     2.97
xc.xlayout_dut.mn__t0                     2.97
xc.xlayout_dut.vss__t9             4.67164e-11
xc.xlayout_dut.mn__t1                     2.97
xc.xlayout_dut.aop__t2                 1.75346
xc.xlayout_dut.ltail__t0               1.38247
xc.xlayout_dut.vss__t11            3.51868e-11
xc.xlayout_dut.atail__t0              0.683691
xc.xlayout_dut.ibias__t2                1.0774
xc.xlayout_dut.vss__t19            0.000492727
xc.xlayout_dut.vss__t13            4.01879e-11
xc.xlayout_dut.qp__t1                     2.97
xc.xlayout_dut.qn__t5                     2.97
xc.xlayout_dut.mp__t2                     2.97
xc.xlayout_dut.vss__t10            4.68005e-11
xc.xlayout_dut.ltail__t1               1.38247
xc.xlayout_dut.clk__t2                       0
xc.xlayout_dut.vss__t18            8.30498e-11
xc.xlayout_dut.vss__t14            1.54248e-11
xc.xlayout_dut.mp__t1                     2.97
xc.xlayout_dut.aon__t0                 1.86627
xc.xlayout_dut.ltail__t2               1.38247
xc.xlayout_dut.vss__t12            3.55402e-11
xc.xlayout_dut.aon__t1                  1.8655
xc.xlayout_dut.vinp__t0                1.64568
xc.xlayout_dut.atail__t1              0.684287
xc.xlayout_dut.vss__t15            1.90853e-10
xc.xlayout_dut.aop__t1                 1.75216
xc.xlayout_dut.vinn__t0                1.65432
xc.xlayout_dut.atail__t2              0.684543
xc.xlayout_dut.vss__t16            1.89593e-10
xc.xlayout_dut.mn__t2                     2.97
xc.xlayout_dut.clk__t0                       0
xc.xlayout_dut.vdd__t0                    2.97
xc.xlayout_dut.vdd__t1                    2.97
xc.xlayout_dut.qn__t1                     2.97
xc.xlayout_dut.clk__t1                       0
xc.xlayout_dut.vdd__t2                    2.97
xc.xlayout_dut.vdd__t3                    2.97
xc.xlayout_dut.sp__t0              3.36704e-08
xc.xlayout_dut.qp__t2                     2.97
xc.xlayout_dut.vdd__t4                    2.97
xc.xlayout_dut.vdd__t5                    2.97
xc.xlayout_dut.mp__t0                     2.97
xc.xlayout_dut.clk__t4                       0
xc.xlayout_dut.vdd__t21                   2.97
xc.xlayout_dut.vdd__t20                   2.97
xc.xlayout_dut.qn__t0                     2.97
xc.xlayout_dut.qp__t3                     2.97
xc.xlayout_dut.vdd__t6                    2.97
xc.xlayout_dut.vdd__t7                    2.97
xc.xlayout_dut.qp__t4                     2.97
xc.xlayout_dut.clk__t3                       0
xc.xlayout_dut.vdd__t19                   2.97
xc.xlayout_dut.vdd__t18                   2.97
xc.xlayout_dut.na__t1                  2.85808
xc.xlayout_dut.sp__t1              3.28315e-08
xc.xlayout_dut.vdd__t23                2.96816
xc.xlayout_dut.vdd__t8                    2.97
xc.xlayout_dut.dout__t0                1.58235
xc.xlayout_dut.doutb__t2               1.58106
xc.xlayout_dut.na__t0                  2.85637
xc.xlayout_dut.vdd__t13                   2.97
xc.xlayout_dut.sn__t0              3.39413e-08
xc.xlayout_dut.qn__t3                     2.97
xc.xlayout_dut.vdd__t17                   2.97
xc.xlayout_dut.vdd__t16                   2.97
xc.xlayout_dut.qp__t5                     2.97
xc.xlayout_dut.qn__t2                     2.97
xc.xlayout_dut.vdd__t15                   2.97
xc.xlayout_dut.vdd__t14                   2.97
xc.xlayout_dut.nb__t1                  2.85835
xc.xlayout_dut.sn__t1               3.3029e-08
xc.xlayout_dut.vdd__t22                2.96801
xc.xlayout_dut.vdd__t12                   2.97
xc.xlayout_dut.doutb__t3               1.59049
xc.xlayout_dut.dout__t1                1.57884
xc.xlayout_dut.nb__t0                  2.85395
xc.xlayout_dut.vdd__t11                   2.97
xc.xlayout_dut.aon__t2                 1.86658
xc.xlayout_dut.x$28.11                 1.86712
xc.xlayout_dut.vss__t0                       0
xc.xlayout_dut.x$28.21                 2.96824
xc.xlayout_dut.vdd__t10                2.96878
xc.xlayout_dut.aop__t0                 1.75383
xc.xlayout_dut.x$29.11                 1.75442
xc.xlayout_dut.vss__t1                       0
xc.xlayout_dut.x$29.21                 2.96888
xc.xlayout_dut.vdd__t9                 2.96947
xc.xlayout_dut.aon                     1.86627
xc.xlayout_dut.aop                     1.75346
xc.xlayout_dut.atail                  0.684186
doutc                                  1.57884
doutbc                                 1.58106
xc.xlayout_dut.ltail                   1.38247
xc.xlayout_dut.mn                         2.97
xc.xlayout_dut.mp                         2.97
xc.xlayout_dut.na                      2.85723
xc.xlayout_dut.nb                      2.85615
xc.xlayout_dut.qn                         2.97
xc.xlayout_dut.qp                         2.97
xc.xlayout_dut.sn                   3.3029e-08
xc.xlayout_dut.sp                  3.28315e-08
clkn                                         0
dan                                   0.531596
dbn                                   0.531596
dcn                                   0.531596
bdcn#branch                                  0
bdbn#branch                                  0
bdan#branch                                  0
bclkn#branch                                 0
eanc#branch                       -4.14941e-19
eapc#branch                        1.36626e-19
eanb#branch                        3.27219e-19
eapb#branch                        1.18638e-18
eana#branch                        1.57196e-19
eapa#branch                       -4.35511e-19
vsc#branch                                   0
vsb#branch                                   0
vsa#branch                                   0
vcm#branch                          9.5697e-19
vclk#branch                                  0
vsupa#branch                      -0.000260748
vsup#branch                       -0.000521495

 Reference value :  1.39640e-09
 Reference value :  4.28140e-09
 Reference value :  7.55640e-09
 Reference value :  1.03163e-08
 Reference value :  1.34163e-08
 Reference value :  1.63063e-08
 Reference value :  1.93213e-08
 Reference value :  2.30125e-08
 Reference value :  2.59375e-08
 Reference value :  2.90275e-08
 Reference value :  3.18675e-08
 Reference value :  3.47175e-08
 Reference value :  3.77775e-08
 Reference value :  4.05362e-08
 Reference value :  4.32562e-08
 Reference value :  4.65312e-08
 Reference value :  4.98012e-08
 Reference value :  5.27984e-08
 Reference value :  5.60634e-08
 Reference value :  5.95034e-08
No. of Data Rows : 12046
vsup_v              =  2.97000e+00
td_a                =  1.65363e-09 targ=  4.17036e-08 trig=  4.00500e-08
td_b                =  2.15895e-09 targ=  4.22089e-08 trig=  4.00500e-08
td_c                =  2.48475e-09 targ=  4.25348e-08 trig=  4.00500e-08
da_first            =  3.87872e-05
db_first            =  3.39297e-05
dc_first            =  1.58300e-05
da_end              =  9.99958e-01
db_end              =  9.99958e-01
dc_end              =  9.99958e-01
i_stat              =  -2.89409e-05 from=  2.50000e-08 to=  2.90025e-08
q_dec               =  -7.65266e-13 from=  3.99000e-08 to=  4.80000e-08
m_td_od50_ns = 1.6536330000e+00
m_td_od1_ns = 2.1589490000e+00
m_td_od01_ns = 2.4847520000e+00
m_tau_ps = 1.4149444509e+02
m_resolve_decades = 1.5258189102e+01
m_dout_od50_end = 9.9995780000e-01
m_dout_od1_end = 9.9995780000e-01
m_dout_od01_end = 9.9995780000e-01
m_dout_od50_first = 3.8787200000e-05
m_dout_od1_first = 3.3929700000e-05
m_dout_od01_first = 1.5829980000e-05
m_i_static_ua = 2.8940870000e+01
m_e_dec_fj = 1.5766083224e+03
Note: Simulation executed from .control section 

Warning: m=xx on .subckt line will override multiplier m hierarchy!

Note: Starting dynamic gmin stepping
Note: Dynamic gmin stepping completed
