
Note: Compatibility modes selected: hs a


Circuit: * comparator-regeneration-vosprobe @ sf_125c_3.30v -- generated by sim/harness, do not edit

Doing analysis at TEMP = 125.000000 and TNOM = 27.000000

Using SPARSE 1.3 as Direct Linear Solver

Initial Transient Solution
--------------------------

Node                                   Voltage
----                                   -------
vdd                                        3.3
cm                                        1.65
clk                                          0
rmp                                      -0.04
vp                                        1.63
vn                                        1.67
ibn                                     1.0774
xdut.xlayout_dut.sp__t2            3.15939e-08
xdut.xlayout_dut.qp__t6                    3.3
xdut.xlayout_dut.vss__t17          1.80437e-10
xdut.xlayout_dut.vss__t2           2.33755e-18
xdut.xlayout_dut.dout__t3               1.7589
xdut.xlayout_dut.sp__t3            3.19963e-08
xdut.xlayout_dut.vss__t25          2.40158e-11
xdut.xlayout_dut.vss__t3           2.23236e-11
xdut.xlayout_dut.dout__t2              1.75253
xdut.xlayout_dut.doutb__t0             1.76191
xdut.xlayout_dut.vss__t24           0.00181424
xdut.xlayout_dut.vss__t4           2.45796e-11
xdut.xlayout_dut.ibias__t0             1.07612
xdut.xlayout_dut.ibias__t1              1.0774
xdut.xlayout_dut.vss__t20          0.000254896
xdut.xlayout_dut.vss__t8           4.02788e-11
xdut.xlayout_dut.sn__t2            3.15936e-08
xdut.xlayout_dut.qn__t6                    3.3
xdut.xlayout_dut.vss__t23          1.80101e-10
xdut.xlayout_dut.vss__t5           2.33315e-18
xdut.xlayout_dut.doutb__t1             1.76191
xdut.xlayout_dut.sn__t3            3.22039e-08
xdut.xlayout_dut.vss__t22          2.39927e-11
xdut.xlayout_dut.vss__t6           2.23276e-11
xdut.xlayout_dut.doutb__t4             1.75613
xdut.xlayout_dut.dout__t4               1.7589
xdut.xlayout_dut.vss__t21           0.00180458
xdut.xlayout_dut.vss__t7           2.47339e-11
xdut.xlayout_dut.qn__t4                    3.3
xdut.xlayout_dut.qp__t0                    3.3
xdut.xlayout_dut.mn__t0                    3.3
xdut.xlayout_dut.vss__t9           5.10485e-11
xdut.xlayout_dut.mn__t1                    3.3
xdut.xlayout_dut.aop__t2               1.87281
xdut.xlayout_dut.ltail__t0             1.81766
xdut.xlayout_dut.vss__t11          3.97628e-11
xdut.xlayout_dut.atail__t0            0.685229
xdut.xlayout_dut.ibias__t2              1.0774
xdut.xlayout_dut.vss__t19          0.000492737
xdut.xlayout_dut.vss__t13          4.02256e-11
xdut.xlayout_dut.qp__t1                    3.3
xdut.xlayout_dut.qn__t5                    3.3
xdut.xlayout_dut.mp__t2                    3.3
xdut.xlayout_dut.vss__t10          5.11404e-11
xdut.xlayout_dut.ltail__t1             1.81766
xdut.xlayout_dut.clk__t2                     0
xdut.xlayout_dut.vss__t18          8.75542e-11
xdut.xlayout_dut.vss__t14          1.77789e-11
xdut.xlayout_dut.mp__t1                    3.3
xdut.xlayout_dut.aon__t0                 2.407
xdut.xlayout_dut.ltail__t2             1.81766
xdut.xlayout_dut.vss__t12          4.01618e-11
xdut.xlayout_dut.aon__t1               2.40638
xdut.xlayout_dut.vinp__t0                 1.63
xdut.xlayout_dut.atail__t1            0.685806
xdut.xlayout_dut.vss__t15          4.61983e-09
xdut.xlayout_dut.aop__t1               1.87128
xdut.xlayout_dut.vinn__t0                 1.67
xdut.xlayout_dut.atail__t2            0.686143
xdut.xlayout_dut.vss__t16          1.94693e-10
xdut.xlayout_dut.mn__t2                    3.3
xdut.xlayout_dut.clk__t0                     0
xdut.xlayout_dut.vdd__t0                   3.3
xdut.xlayout_dut.vdd__t1                   3.3
xdut.xlayout_dut.qn__t1                    3.3
xdut.xlayout_dut.clk__t1                     0
xdut.xlayout_dut.vdd__t2                   3.3
xdut.xlayout_dut.vdd__t3                   3.3
xdut.xlayout_dut.sp__t0            3.28779e-08
xdut.xlayout_dut.qp__t2                    3.3
xdut.xlayout_dut.vdd__t4                   3.3
xdut.xlayout_dut.vdd__t5                   3.3
xdut.xlayout_dut.mp__t0                    3.3
xdut.xlayout_dut.clk__t4                     0
xdut.xlayout_dut.vdd__t21                  3.3
xdut.xlayout_dut.vdd__t20                  3.3
xdut.xlayout_dut.qn__t0                    3.3
xdut.xlayout_dut.qp__t3                    3.3
xdut.xlayout_dut.vdd__t6                   3.3
xdut.xlayout_dut.vdd__t7                   3.3
xdut.xlayout_dut.qp__t4                    3.3
xdut.xlayout_dut.clk__t3                     0
xdut.xlayout_dut.vdd__t19                  3.3
xdut.xlayout_dut.vdd__t18                  3.3
xdut.xlayout_dut.na__t1                3.16189
xdut.xlayout_dut.sp__t1            3.19963e-08
xdut.xlayout_dut.vdd__t23              3.29754
xdut.xlayout_dut.vdd__t8                   3.3
xdut.xlayout_dut.dout__t0              1.76359
xdut.xlayout_dut.doutb__t2             1.76191
xdut.xlayout_dut.na__t0                 3.1596
xdut.xlayout_dut.vdd__t13                  3.3
xdut.xlayout_dut.sn__t0            3.31626e-08
xdut.xlayout_dut.qn__t3                    3.3
xdut.xlayout_dut.vdd__t17                  3.3
xdut.xlayout_dut.vdd__t16                  3.3
xdut.xlayout_dut.qp__t5                    3.3
xdut.xlayout_dut.qn__t2                    3.3
xdut.xlayout_dut.vdd__t15                  3.3
xdut.xlayout_dut.vdd__t14                  3.3
xdut.xlayout_dut.nb__t1                3.16226
xdut.xlayout_dut.sn__t1            3.22039e-08
xdut.xlayout_dut.vdd__t22              3.29735
xdut.xlayout_dut.vdd__t12                  3.3
xdut.xlayout_dut.doutb__t3             1.77447
xdut.xlayout_dut.dout__t1               1.7589
xdut.xlayout_dut.nb__t0                3.15638
xdut.xlayout_dut.vdd__t11                  3.3
xdut.xlayout_dut.aon__t2               2.40725
xdut.xlayout_dut.x$28.11               2.40768
xdut.xlayout_dut.vss__t0                     0
xdut.xlayout_dut.x$28.21               3.29858
xdut.xlayout_dut.vdd__t10              3.29901
xdut.xlayout_dut.aop__t0               1.87324
xdut.xlayout_dut.x$29.11               1.87393
xdut.xlayout_dut.vss__t1                     0
xdut.xlayout_dut.x$29.21               3.29868
xdut.xlayout_dut.vdd__t9               3.29937
xdut.xlayout_dut.aon                     2.407
vsubs                                        0
xdut.xlayout_dut.aop                   1.87281
xdut.xlayout_dut.atail                0.685725
dout                                    1.7589
doutb                                  1.76191
xdut.xlayout_dut.ltail                 1.81766
xdut.xlayout_dut.mn                        3.3
xdut.xlayout_dut.mp                        3.3
xdut.xlayout_dut.na                    3.16074
xdut.xlayout_dut.nb                    3.15932
xdut.xlayout_dut.qn                        3.3
xdut.xlayout_dut.qp                        3.3
xdut.xlayout_dut.sn                3.22039e-08
xdut.xlayout_dut.sp                3.19963e-08
dn                                    0.533001
bdn#branch                                   0
bnn#branch                         1.17161e-18
bpp#branch                          3.4199e-19
vrmp#branch                                  0
vclk#branch                                  0
vcm#branch                                   0
vsup#branch                       -0.000337625

 Reference value :  1.43521e-07
 Reference value :  4.40153e-07
 Reference value :  7.30000e-07
 Reference value :  1.01020e-06
 Reference value :  1.31051e-06
 Reference value :  1.60015e-06
 Reference value :  1.87094e-06
 Reference value :  2.15478e-06
 Reference value :  2.44058e-06
 Reference value :  2.72021e-06
 Reference value :  3.04006e-06
 Reference value :  3.32010e-06
 Reference value :  3.61024e-06
 Reference value :  3.91004e-06
 Reference value :  4.18011e-06
 Reference value :  4.45047e-06
 Reference value :  4.75033e-06
 Reference value :  5.03107e-06
 Reference value :  5.32011e-06
 Reference value :  5.59092e-06
 Reference value :  5.87063e-06
 Reference value :  6.16084e-06
 Reference value :  6.43113e-06
 Reference value :  6.71019e-06
 Reference value :  7.00070e-06
 Reference value :  7.30005e-06
 Reference value :  7.58015e-06
 Reference value :  7.87001e-06
 Reference value :  8.15010e-06
 Reference value :  8.48020e-06
 Reference value :  8.80019e-06
 Reference value :  9.09430e-06
 Reference value :  9.37275e-06
 Reference value :  9.67084e-06
 Reference value :  1.00000e-05
 Reference value :  1.03304e-05
 Reference value :  1.06102e-05
 Reference value :  1.08811e-05
 Reference value :  1.11808e-05
 Reference value :  1.14703e-05
 Reference value :  1.17508e-05
 Reference value :  1.20406e-05
 Reference value :  1.23808e-05
 Reference value :  1.26819e-05
 Reference value :  1.29802e-05
 Reference value :  1.32802e-05
 Reference value :  1.35701e-05
 Reference value :  1.38407e-05
 Reference value :  1.41120e-05
 Reference value :  1.43935e-05
 Reference value :  1.46902e-05
 Reference value :  1.50102e-05
 Reference value :  1.52902e-05
 Reference value :  1.55801e-05
 Reference value :  1.58505e-05
 Reference value :  1.61502e-05
 Reference value :  1.64210e-05
 Reference value :  1.66901e-05
 Reference value :  1.69604e-05
 Reference value :  1.72410e-05
 Reference value :  1.75430e-05
 Reference value :  1.78307e-05
 Reference value :  1.81101e-05
 Reference value :  1.84110e-05
 Reference value :  1.87009e-05
 Reference value :  1.89802e-05
 Reference value :  1.92503e-05
 Reference value :  1.95203e-05
 Reference value :  1.98207e-05
 Reference value :  2.01100e-05
 Reference value :  2.03807e-05
 Reference value :  2.06502e-05
 Reference value :  2.09311e-05
 Reference value :  2.12301e-05
 Reference value :  2.15002e-05
 Reference value :  2.17901e-05
 Reference value :  2.20645e-05
 Reference value :  2.23908e-05
 Reference value :  2.26913e-05
 Reference value :  2.29753e-05
 Reference value :  2.32614e-05
 Reference value :  2.35701e-05
 Reference value :  2.38601e-05
 Reference value :  2.41309e-05
 Reference value :  2.44114e-05
 Reference value :  2.47006e-05
 Reference value :  2.50327e-05
 Reference value :  2.53102e-05
 Reference value :  2.55802e-05
 Reference value :  2.58508e-05
 Reference value :  2.61401e-05
 Reference value :  2.64101e-05
 Reference value :  2.66802e-05
 Reference value :  2.69605e-05
 Reference value :  2.72315e-05
 Reference value :  2.75311e-05
 Reference value :  2.78501e-05
 Reference value :  2.81215e-05
 Reference value :  2.83916e-05
 Reference value :  2.86339e-05
 Reference value :  2.89007e-05
 Reference value :  2.91520e-05
 Reference value :  2.94213e-05
 Reference value :  2.96806e-05
 Reference value :  2.99519e-05
 Reference value :  3.02807e-05
 Reference value :  3.05502e-05
 Reference value :  3.08208e-05
 Reference value :  3.11004e-05
 Reference value :  3.14010e-05
 Reference value :  3.16912e-05
 Reference value :  3.19613e-05
 Reference value :  3.22608e-05
 Reference value :  3.25402e-05
 Reference value :  3.28017e-05
 Reference value :  3.30734e-05
 Reference value :  3.33513e-05
 Reference value :  3.36209e-05
 Reference value :  3.38903e-05
 Reference value :  3.41623e-05
 Reference value :  3.44608e-05
 Reference value :  3.47306e-05
 Reference value :  3.50203e-05
 Reference value :  3.52901e-05
 Reference value :  3.55702e-05
 Reference value :  3.58301e-05
 Reference value :  3.61024e-05
 Reference value :  3.64001e-05
 Reference value :  3.66707e-05
 Reference value :  3.69209e-05
 Reference value :  3.71905e-05
 Reference value :  3.75202e-05
 Reference value :  3.77928e-05
 Reference value :  3.80612e-05
 Reference value :  3.83500e-05
 Reference value :  3.86206e-05
 Reference value :  3.88908e-05
 Reference value :  3.91610e-05
 Reference value :  3.94411e-05
 Reference value :  3.97402e-05
 Reference value :  4.00102e-05
 Reference value :  4.02813e-05
 Reference value :  4.05705e-05
 Reference value :  4.08400e-05
 Reference value :  4.10902e-05
 Reference value :  4.13802e-05
 Reference value :  4.16517e-05
 Reference value :  4.19317e-05
 Reference value :  4.22209e-05
 Reference value :  4.24906e-05
 Reference value :  4.27702e-05
 Reference value :  4.30900e-05
 Reference value :  4.33607e-05
 Reference value :  4.36409e-05
 Reference value :  4.39102e-05
 Reference value :  4.41801e-05
 Reference value :  4.44515e-05
 Reference value :  4.47114e-05
 Reference value :  4.49806e-05
 Reference value :  4.52800e-05
 Reference value :  4.55323e-05
 Reference value :  4.58008e-05
 Reference value :  4.60702e-05
 Reference value :  4.63402e-05
 Reference value :  4.66308e-05
 Reference value :  4.69111e-05
 Reference value :  4.71715e-05
 Reference value :  4.74511e-05
 Reference value :  4.77205e-05
 Reference value :  4.79902e-05
 Reference value :  4.82800e-05
 Reference value :  4.85513e-05
 Reference value :  4.88214e-05
 Reference value :  4.91204e-05
 Reference value :  4.94201e-05
 Reference value :  4.96900e-05
 Reference value :  4.99610e-05
 Reference value :  5.02702e-05
 Reference value :  5.05402e-05
 Reference value :  5.08008e-05
 Reference value :  5.10739e-05
 Reference value :  5.13430e-05
 Reference value :  5.17006e-05
 Reference value :  5.20103e-05
 Reference value :  5.23000e-05
 Reference value :  5.26001e-05
 Reference value :  5.29000e-05
 Reference value :  5.31715e-05
 Reference value :  5.34502e-05
 Reference value :  5.37256e-05
 Reference value :  5.40202e-05
 Reference value :  5.42920e-05
 Reference value :  5.45923e-05
 Reference value :  5.48801e-05
 Reference value :  5.51531e-05
 Reference value :  5.54302e-05
 Reference value :  5.56915e-05
 Reference value :  5.59606e-05
 Reference value :  5.62309e-05
 Reference value :  5.65104e-05
 Reference value :  5.67806e-05
 Reference value :  5.70502e-05
 Reference value :  5.73202e-05
 Reference value :  5.76107e-05
 Reference value :  5.78909e-05
 Reference value :  5.81810e-05
 Reference value :  5.84504e-05
 Reference value :  5.87504e-05
 Reference value :  5.90501e-05
 Reference value :  5.93215e-05
 Reference value :  5.96001e-05
 Reference value :  5.98701e-05
 Reference value :  6.01412e-05
 Reference value :  6.04102e-05
 Reference value :  6.07009e-05
 Reference value :  6.10601e-05
 Reference value :  6.14005e-05
 Reference value :  6.17302e-05
 Reference value :  6.20209e-05
 Reference value :  6.23020e-05
 Reference value :  6.25910e-05
 Reference value :  6.28702e-05
 Reference value :  6.31402e-05
 Reference value :  6.34301e-05
 Reference value :  6.37106e-05
 Reference value :  6.39714e-05
 Reference value :  6.42508e-05
 Reference value :  6.45402e-05
 Reference value :  6.48111e-05
 Reference value :  6.50902e-05
 Reference value :  6.53801e-05
 Reference value :  6.56505e-05
 Reference value :  6.60103e-05
 Reference value :  6.62802e-05
 Reference value :  6.65501e-05
 Reference value :  6.68215e-05
 Reference value :  6.71002e-05
 Reference value :  6.73823e-05
 Reference value :  6.76607e-05
 Reference value :  6.79305e-05
 Reference value :  6.82023e-05
 Reference value :  6.85002e-05
 Reference value :  6.88109e-05
 Reference value :  6.91101e-05
 Reference value :  6.94102e-05
 Reference value :  6.96802e-05
 Reference value :  6.99413e-05
 Reference value :  7.02401e-05
 Reference value :  7.05207e-05
 Reference value :  7.08107e-05
 Reference value :  7.11202e-05
 Reference value :  7.14100e-05
 Reference value :  7.16800e-05
 Reference value :  7.19803e-05
 Reference value :  7.22912e-05
 Reference value :  7.25800e-05
 Reference value :  7.28901e-05
 Reference value :  7.31803e-05
 Reference value :  7.35101e-05
 Reference value :  7.38101e-05
 Reference value :  7.40805e-05
 Reference value :  7.44208e-05
 Reference value :  7.47101e-05
 Reference value :  7.50101e-05
 Reference value :  7.52902e-05
 Reference value :  7.55604e-05
 Reference value :  7.58907e-05
 Reference value :  7.62101e-05
 Reference value :  7.64913e-05
 Reference value :  7.67615e-05
 Reference value :  7.70903e-05
 Reference value :  7.73804e-05
 Reference value :  7.76811e-05
 Reference value :  7.79801e-05
 Reference value :  7.82904e-05
 Reference value :  7.86010e-05
 Reference value :  7.88914e-05
 Reference value :  7.92502e-05
 Reference value :  7.95402e-05
 Reference value :  7.99402e-05
No. of Data Rows : 281104
t_flip              =  2.85124e-05
vos_v               =  -1.14876e-02
m_dut_vos = -1.148761000e-02
Note: Simulation executed from .control section 

Warning: m=xx on .subckt line will override multiplier m hierarchy!

