
Note: Compatibility modes selected: hs a


Circuit: * comparator-regeneration-vosprobe @ sf_27c_3.30v -- generated by sim/harness, do not edit

Doing analysis at TEMP = 27.000000 and TNOM = 27.000000

Using SPARSE 1.3 as Direct Linear Solver

Initial Transient Solution
--------------------------

Node                                   Voltage
----                                   -------
vdd                                        3.3
cm                                        1.65
clk                                          0
rmp                                      -0.04
vp                                        1.63
vn                                        1.67
ibn                                    1.08844
xdut.xlayout_dut.sp__t2            4.70192e-09
xdut.xlayout_dut.qp__t6                    3.3
xdut.xlayout_dut.vss__t17          3.52601e-11
xdut.xlayout_dut.vss__t2           4.48386e-20
xdut.xlayout_dut.dout__t3           5.4166e-09
xdut.xlayout_dut.sp__t3            4.78055e-09
xdut.xlayout_dut.vss__t25          2.52797e-21
xdut.xlayout_dut.vss__t3           6.06542e-20
xdut.xlayout_dut.dout__t2          5.24495e-09
xdut.xlayout_dut.doutb__t0                 3.3
xdut.xlayout_dut.vss__t24          4.88432e-11
xdut.xlayout_dut.vss__t4           6.23374e-20
xdut.xlayout_dut.ibias__t0             1.08716
xdut.xlayout_dut.ibias__t1             1.08844
xdut.xlayout_dut.vss__t20          0.000254896
xdut.xlayout_dut.vss__t8           2.77185e-11
xdut.xlayout_dut.sn__t2            4.70186e-09
xdut.xlayout_dut.qn__t6                    3.3
xdut.xlayout_dut.vss__t23          3.51944e-11
xdut.xlayout_dut.vss__t5           4.47539e-20
xdut.xlayout_dut.doutb__t1                 3.3
xdut.xlayout_dut.sn__t3            4.82111e-09
xdut.xlayout_dut.vss__t22          2.42924e-14
xdut.xlayout_dut.vss__t6           3.69049e-11
xdut.xlayout_dut.doutb__t4                 3.3
xdut.xlayout_dut.dout__t4           5.4166e-09
xdut.xlayout_dut.vss__t21           2.5549e-14
xdut.xlayout_dut.vss__t7           3.88139e-11
xdut.xlayout_dut.qn__t4                    3.3
xdut.xlayout_dut.qp__t0                    3.3
xdut.xlayout_dut.mn__t0                    3.3
xdut.xlayout_dut.vss__t9           4.33209e-11
xdut.xlayout_dut.mn__t1                    3.3
xdut.xlayout_dut.aop__t2                1.7051
xdut.xlayout_dut.ltail__t0             1.67274
xdut.xlayout_dut.vss__t11          2.97386e-11
xdut.xlayout_dut.atail__t0            0.624582
xdut.xlayout_dut.ibias__t2             1.08844
xdut.xlayout_dut.vss__t19          0.000495569
xdut.xlayout_dut.vss__t13          1.53164e-11
xdut.xlayout_dut.qp__t1                    3.3
xdut.xlayout_dut.qn__t5                    3.3
xdut.xlayout_dut.mp__t2                    3.3
xdut.xlayout_dut.vss__t10          4.33989e-11
xdut.xlayout_dut.ltail__t1             1.67274
xdut.xlayout_dut.clk__t2                     0
xdut.xlayout_dut.vss__t18          8.02099e-14
xdut.xlayout_dut.vss__t14          9.03406e-12
xdut.xlayout_dut.mp__t1                    3.3
xdut.xlayout_dut.aon__t0               2.39273
xdut.xlayout_dut.ltail__t2             1.67274
xdut.xlayout_dut.vss__t12           3.0037e-11
xdut.xlayout_dut.aon__t1               2.39214
xdut.xlayout_dut.vinp__t0                 1.63
xdut.xlayout_dut.atail__t1            0.625157
xdut.xlayout_dut.vss__t15           8.5206e-09
xdut.xlayout_dut.aop__t1               1.70351
xdut.xlayout_dut.vinn__t0                 1.67
xdut.xlayout_dut.atail__t2            0.625516
xdut.xlayout_dut.vss__t16          5.65501e-11
xdut.xlayout_dut.mn__t2                    3.3
xdut.xlayout_dut.clk__t0                     0
xdut.xlayout_dut.vdd__t0                   3.3
xdut.xlayout_dut.vdd__t1                   3.3
xdut.xlayout_dut.qn__t1                    3.3
xdut.xlayout_dut.clk__t1                     0
xdut.xlayout_dut.vdd__t2                   3.3
xdut.xlayout_dut.vdd__t3                   3.3
xdut.xlayout_dut.sp__t0            4.95283e-09
xdut.xlayout_dut.qp__t2                    3.3
xdut.xlayout_dut.vdd__t4                   3.3
xdut.xlayout_dut.vdd__t5                   3.3
xdut.xlayout_dut.mp__t0                    3.3
xdut.xlayout_dut.clk__t4                     0
xdut.xlayout_dut.vdd__t21                  3.3
xdut.xlayout_dut.vdd__t20                  3.3
xdut.xlayout_dut.qn__t0                    3.3
xdut.xlayout_dut.qp__t3                    3.3
xdut.xlayout_dut.vdd__t6                   3.3
xdut.xlayout_dut.vdd__t7                   3.3
xdut.xlayout_dut.qp__t4                    3.3
xdut.xlayout_dut.clk__t3                     0
xdut.xlayout_dut.vdd__t19                  3.3
xdut.xlayout_dut.vdd__t18                  3.3
xdut.xlayout_dut.na__t1                    3.3
xdut.xlayout_dut.sp__t1            4.78055e-09
xdut.xlayout_dut.vdd__t23                  3.3
xdut.xlayout_dut.vdd__t8                   3.3
xdut.xlayout_dut.dout__t0          5.54263e-09
xdut.xlayout_dut.doutb__t2                 3.3
xdut.xlayout_dut.na__t0                    3.3
xdut.xlayout_dut.vdd__t13                  3.3
xdut.xlayout_dut.sn__t0            5.00847e-09
xdut.xlayout_dut.qn__t3                    3.3
xdut.xlayout_dut.vdd__t17                  3.3
xdut.xlayout_dut.vdd__t16                  3.3
xdut.xlayout_dut.qp__t5                    3.3
xdut.xlayout_dut.qn__t2                    3.3
xdut.xlayout_dut.vdd__t15                  3.3
xdut.xlayout_dut.vdd__t14                  3.3
xdut.xlayout_dut.nb__t1                    3.3
xdut.xlayout_dut.sn__t1            4.82111e-09
xdut.xlayout_dut.vdd__t22                  3.3
xdut.xlayout_dut.vdd__t12                  3.3
xdut.xlayout_dut.doutb__t3                 3.3
xdut.xlayout_dut.dout__t1           5.4166e-09
xdut.xlayout_dut.nb__t0                    3.3
xdut.xlayout_dut.vdd__t11                  3.3
xdut.xlayout_dut.aon__t2               2.39297
xdut.xlayout_dut.x$28.11                2.3936
xdut.xlayout_dut.vss__t0                     0
xdut.xlayout_dut.x$28.21               3.29843
xdut.xlayout_dut.vdd__t10              3.29906
xdut.xlayout_dut.aop__t0               1.70555
xdut.xlayout_dut.x$29.11               1.70667
xdut.xlayout_dut.vss__t1                     0
xdut.xlayout_dut.x$29.21               3.29823
xdut.xlayout_dut.vdd__t9               3.29935
xdut.xlayout_dut.aon                   2.39273
vsubs                                        0
xdut.xlayout_dut.aop                    1.7051
xdut.xlayout_dut.atail                 0.62508
dout                                5.4166e-09
doutb                                      3.3
xdut.xlayout_dut.ltail                 1.67274
xdut.xlayout_dut.mn                        3.3
xdut.xlayout_dut.mp                        3.3
xdut.xlayout_dut.na                        3.3
xdut.xlayout_dut.nb                        3.3
xdut.xlayout_dut.qn                        3.3
xdut.xlayout_dut.qp                        3.3
xdut.xlayout_dut.sn                4.82111e-09
xdut.xlayout_dut.sp                4.78055e-09
dn                                 1.64139e-09
bdn#branch                                   0
bnn#branch                         1.17161e-18
bpp#branch                          3.4199e-19
vrmp#branch                                  0
vclk#branch                                  0
vcm#branch                                   0
vsup#branch                       -3.02253e-05

 Reference value :  1.40604e-07
 Reference value :  4.10200e-07
 Reference value :  6.80228e-07
 Reference value :  9.50272e-07
 Reference value :  1.22020e-06
 Reference value :  1.49020e-06
 Reference value :  1.76019e-06
 Reference value :  2.05009e-06
 Reference value :  2.30116e-06
 Reference value :  2.57164e-06
 Reference value :  2.84081e-06
 Reference value :  3.11058e-06
 Reference value :  3.38098e-06
 Reference value :  3.70006e-06
 Reference value :  3.97010e-06
 Reference value :  4.24016e-06
 Reference value :  4.51002e-06
 Reference value :  4.76014e-06
 Reference value :  5.03020e-06
 Reference value :  5.32001e-06
 Reference value :  5.57020e-06
 Reference value :  5.83050e-06
 Reference value :  6.10011e-06
 Reference value :  6.38021e-06
 Reference value :  6.64100e-06
 Reference value :  6.91002e-06
 Reference value :  7.18041e-06
 Reference value :  7.46049e-06
 Reference value :  7.73031e-06
 Reference value :  7.99172e-06
 Reference value :  8.27094e-06
 Reference value :  8.57175e-06
 Reference value :  8.86022e-06
 Reference value :  9.13001e-06
 Reference value :  9.40000e-06
 Reference value :  9.67009e-06
 Reference value :  1.00109e-05
 Reference value :  1.02811e-05
 Reference value :  1.05408e-05
 Reference value :  1.08202e-05
 Reference value :  1.10906e-05
 Reference value :  1.13501e-05
 Reference value :  1.16201e-05
 Reference value :  1.19009e-05
 Reference value :  1.22002e-05
 Reference value :  1.24702e-05
 Reference value :  1.27402e-05
 Reference value :  1.30102e-05
 Reference value :  1.32701e-05
 Reference value :  1.35202e-05
 Reference value :  1.37801e-05
 Reference value :  1.40316e-05
 Reference value :  1.43201e-05
 Reference value :  1.45900e-05
 Reference value :  1.48407e-05
 Reference value :  1.51009e-05
 Reference value :  1.53777e-05
 Reference value :  1.56502e-05
 Reference value :  1.59109e-05
 Reference value :  1.61607e-05
 Reference value :  1.64209e-05
 Reference value :  1.66919e-05
 Reference value :  1.69633e-05
 Reference value :  1.72308e-05
 Reference value :  1.75308e-05
 Reference value :  1.78005e-05
 Reference value :  1.80707e-05
 Reference value :  1.83213e-05
 Reference value :  1.85902e-05
 Reference value :  1.88613e-05
 Reference value :  1.91308e-05
 Reference value :  1.93930e-05
 Reference value :  1.96422e-05
 Reference value :  1.99111e-05
 Reference value :  2.02001e-05
 Reference value :  2.04502e-05
 Reference value :  2.07103e-05
 Reference value :  2.09805e-05
 Reference value :  2.12801e-05
 Reference value :  2.15502e-05
 Reference value :  2.18202e-05
 Reference value :  2.20901e-05
 Reference value :  2.23602e-05
 Reference value :  2.26401e-05
 Reference value :  2.29004e-05
 Reference value :  2.31704e-05
 Reference value :  2.34401e-05
 Reference value :  2.37503e-05
 Reference value :  2.40129e-05
 Reference value :  2.42802e-05
 Reference value :  2.45502e-05
 Reference value :  2.48002e-05
 Reference value :  2.50607e-05
 Reference value :  2.53107e-05
 Reference value :  2.55808e-05
 Reference value :  2.58704e-05
 Reference value :  2.61502e-05
 Reference value :  2.64284e-05
 Reference value :  2.67101e-05
 Reference value :  2.69800e-05
 Reference value :  2.72307e-05
 Reference value :  2.74906e-05
 Reference value :  2.77458e-05
 Reference value :  2.80301e-05
 Reference value :  2.82704e-05
 Reference value :  2.85213e-05
 Reference value :  2.88408e-05
 Reference value :  2.91016e-05
 Reference value :  2.93801e-05
 Reference value :  2.96307e-05
 Reference value :  2.98907e-05
 Reference value :  3.01754e-05
 Reference value :  3.04407e-05
 Reference value :  3.06818e-05
 Reference value :  3.09507e-05
 Reference value :  3.12208e-05
 Reference value :  3.14902e-05
 Reference value :  3.17309e-05
 Reference value :  3.19601e-05
 Reference value :  3.22001e-05
 Reference value :  3.24502e-05
 Reference value :  3.26902e-05
 Reference value :  3.29605e-05
 Reference value :  3.32302e-05
 Reference value :  3.34901e-05
 Reference value :  3.37601e-05
 Reference value :  3.40108e-05
 Reference value :  3.42702e-05
 Reference value :  3.45114e-05
 Reference value :  3.47819e-05
 Reference value :  3.50602e-05
 Reference value :  3.53216e-05
 Reference value :  3.55706e-05
 Reference value :  3.58186e-05
 Reference value :  3.61402e-05
 Reference value :  3.64300e-05
 Reference value :  3.66706e-05
 Reference value :  3.69405e-05
 Reference value :  3.71907e-05
 Reference value :  3.74605e-05
 Reference value :  3.77205e-05
 Reference value :  3.79901e-05
 Reference value :  3.82606e-05
 Reference value :  3.85112e-05
 Reference value :  3.87806e-05
 Reference value :  3.90505e-05
 Reference value :  3.93105e-05
 Reference value :  3.95601e-05
 Reference value :  3.98200e-05
 Reference value :  4.00704e-05
 Reference value :  4.03401e-05
 Reference value :  4.06001e-05
 Reference value :  4.08401e-05
 Reference value :  4.10907e-05
 Reference value :  4.13605e-05
 Reference value :  4.16501e-05
 Reference value :  4.18974e-05
 Reference value :  4.21602e-05
 Reference value :  4.24104e-05
 Reference value :  4.26806e-05
 Reference value :  4.29501e-05
 Reference value :  4.31911e-05
 Reference value :  4.34801e-05
 Reference value :  4.37506e-05
 Reference value :  4.40201e-05
 Reference value :  4.42901e-05
 Reference value :  4.45402e-05
 Reference value :  4.48106e-05
 Reference value :  4.50823e-05
 Reference value :  4.53510e-05
 Reference value :  4.56102e-05
 Reference value :  4.58803e-05
 Reference value :  4.61501e-05
 Reference value :  4.64001e-05
 Reference value :  4.66604e-05
 Reference value :  4.69305e-05
 Reference value :  4.72001e-05
 Reference value :  4.74802e-05
 Reference value :  4.77505e-05
 Reference value :  4.80101e-05
 Reference value :  4.83101e-05
 Reference value :  4.85902e-05
 Reference value :  4.88504e-05
 Reference value :  4.91009e-05
 Reference value :  4.93706e-05
 Reference value :  4.96405e-05
 Reference value :  5.00015e-05
 Reference value :  5.02721e-05
 Reference value :  5.05403e-05
 Reference value :  5.08106e-05
 Reference value :  5.11001e-05
 Reference value :  5.13502e-05
 Reference value :  5.16105e-05
 Reference value :  5.18928e-05
 Reference value :  5.21802e-05
 Reference value :  5.24603e-05
 Reference value :  5.27306e-05
 Reference value :  5.30202e-05
 Reference value :  5.33002e-05
 Reference value :  5.35702e-05
 Reference value :  5.38302e-05
 Reference value :  5.41001e-05
 Reference value :  5.43409e-05
 Reference value :  5.46402e-05
 Reference value :  5.48913e-05
 Reference value :  5.51601e-05
 Reference value :  5.54305e-05
 Reference value :  5.57013e-05
 Reference value :  5.59901e-05
 Reference value :  5.62601e-05
 Reference value :  5.65302e-05
 Reference value :  5.68110e-05
 Reference value :  5.70831e-05
 Reference value :  5.73503e-05
 Reference value :  5.76202e-05
 Reference value :  5.78907e-05
 Reference value :  5.81504e-05
 Reference value :  5.84445e-05
 Reference value :  5.87901e-05
 Reference value :  5.91202e-05
 Reference value :  5.94401e-05
 Reference value :  5.97205e-05
 Reference value :  5.99909e-05
 Reference value :  6.02616e-05
 Reference value :  6.05313e-05
 Reference value :  6.08002e-05
 Reference value :  6.10702e-05
 Reference value :  6.13406e-05
 Reference value :  6.16005e-05
 Reference value :  6.18802e-05
 Reference value :  6.21802e-05
 Reference value :  6.24507e-05
 Reference value :  6.27501e-05
 Reference value :  6.30206e-05
 Reference value :  6.32910e-05
 Reference value :  6.36704e-05
 Reference value :  6.39502e-05
 Reference value :  6.42201e-05
 Reference value :  6.44930e-05
 Reference value :  6.47802e-05
 Reference value :  6.50604e-05
 Reference value :  6.53501e-05
 Reference value :  6.56201e-05
 Reference value :  6.58901e-05
 Reference value :  6.61601e-05
 Reference value :  6.64615e-05
 Reference value :  6.67410e-05
 Reference value :  6.70301e-05
 Reference value :  6.72813e-05
 Reference value :  6.75408e-05
 Reference value :  6.78177e-05
 Reference value :  6.80906e-05
 Reference value :  6.83800e-05
 Reference value :  6.86800e-05
 Reference value :  6.89500e-05
 Reference value :  6.92004e-05
 Reference value :  6.95213e-05
 Reference value :  6.98008e-05
 Reference value :  7.00902e-05
 Reference value :  7.03903e-05
 Reference value :  7.06702e-05
 Reference value :  7.09905e-05
 Reference value :  7.12702e-05
 Reference value :  7.15902e-05
 Reference value :  7.18702e-05
 Reference value :  7.21301e-05
 Reference value :  7.24128e-05
 Reference value :  7.26804e-05
 Reference value :  7.29703e-05
 Reference value :  7.32513e-05
 Reference value :  7.35501e-05
 Reference value :  7.38242e-05
 Reference value :  7.40815e-05
 Reference value :  7.43820e-05
 Reference value :  7.46510e-05
 Reference value :  7.49309e-05
 Reference value :  7.52002e-05
 Reference value :  7.54904e-05
 Reference value :  7.57702e-05
 Reference value :  7.60601e-05
 Reference value :  7.63611e-05
 Reference value :  7.66409e-05
 Reference value :  7.69602e-05
 Reference value :  7.72300e-05
 Reference value :  7.75113e-05
 Reference value :  7.77802e-05
 Reference value :  7.80704e-05
 Reference value :  7.84308e-05
 Reference value :  7.87004e-05
 Reference value :  7.90000e-05
 Reference value :  7.92509e-05
 Reference value :  7.95207e-05
 Reference value :  7.98208e-05
No. of Data Rows : 291254
t_flip              =  3.20819e-05
vos_v               =  -7.91806e-03
m_dut_vos = -7.918060000e-03
Note: Simulation executed from .control section 

Warning: m=xx on .subckt line will override multiplier m hierarchy!

