
Note: Compatibility modes selected: hs a


Circuit: * comparator-regeneration @ sf_27c_3.63v -- generated by sim/harness, do not edit

Doing analysis at TEMP = 27.000000 and TNOM = 27.000000

Using SPARSE 1.3 as Direct Linear Solver

Initial Transient Solution
--------------------------

Node                                   Voltage
----                                   -------
vdd                                       3.63
vdda                                      3.63
clk                                          0
cm                                        1.65
sa                                   -0.060408
apa                                     1.6198
ana                                     1.6802
ibna                                   1.08844
xa.xlayout_dut.sp__t2               5.8082e-09
xa.xlayout_dut.qp__t6                     3.63
xa.xlayout_dut.vss__t17            4.57873e-11
xa.xlayout_dut.vss__t2             5.54095e-20
xa.xlayout_dut.dout__t3            7.51717e-09
xa.xlayout_dut.sp__t3              5.91031e-09
xa.xlayout_dut.vss__t25            3.50832e-21
xa.xlayout_dut.vss__t3              8.4176e-20
xa.xlayout_dut.dout__t2            7.26719e-09
xa.xlayout_dut.doutb__t0                  3.63
xa.xlayout_dut.vss__t24            7.11351e-11
xa.xlayout_dut.vss__t4             8.64128e-20
xa.xlayout_dut.ibias__t0               1.08716
xa.xlayout_dut.ibias__t1               1.08844
xa.xlayout_dut.vss__t20            0.000254896
xa.xlayout_dut.vss__t8             2.77185e-11
xa.xlayout_dut.sn__t2              5.80811e-09
xa.xlayout_dut.qn__t6                     3.63
xa.xlayout_dut.vss__t23             4.5702e-11
xa.xlayout_dut.vss__t5             5.53047e-20
xa.xlayout_dut.doutb__t1                  3.63
xa.xlayout_dut.sn__t3              5.96298e-09
xa.xlayout_dut.vss__t22            2.55356e-14
xa.xlayout_dut.vss__t6             4.06168e-11
xa.xlayout_dut.doutb__t4                  3.63
xa.xlayout_dut.dout__t4            7.51717e-09
xa.xlayout_dut.vss__t21            2.68564e-14
xa.xlayout_dut.vss__t7             4.27177e-11
xa.xlayout_dut.qn__t4                     3.63
xa.xlayout_dut.qp__t0                     3.63
xa.xlayout_dut.mn__t0                     3.63
xa.xlayout_dut.vss__t9              4.7653e-11
xa.xlayout_dut.mn__t1                     3.63
xa.xlayout_dut.aop__t2                 1.86926
xa.xlayout_dut.ltail__t0               2.07862
xa.xlayout_dut.vss__t11            3.41394e-11
xa.xlayout_dut.atail__t0              0.626878
xa.xlayout_dut.ibias__t2               1.08844
xa.xlayout_dut.vss__t19            0.000495584
xa.xlayout_dut.vss__t13            1.53727e-11
xa.xlayout_dut.qp__t1                     3.63
xa.xlayout_dut.qn__t5                     3.63
xa.xlayout_dut.mp__t2                     3.63
xa.xlayout_dut.vss__t10            4.77388e-11
xa.xlayout_dut.ltail__t1               2.07862
xa.xlayout_dut.clk__t2                       0
xa.xlayout_dut.vss__t18            8.51468e-14
xa.xlayout_dut.vss__t14            1.12261e-11
xa.xlayout_dut.mp__t1                     3.63
xa.xlayout_dut.aon__t0                 2.88762
xa.xlayout_dut.ltail__t2               2.07862
xa.xlayout_dut.vss__t12            3.44818e-11
xa.xlayout_dut.aon__t1                 2.88714
xa.xlayout_dut.vinp__t0                 1.6198
xa.xlayout_dut.atail__t1               0.62744
xa.xlayout_dut.vss__t15             1.9587e-07
xa.xlayout_dut.aop__t1                  1.8675
xa.xlayout_dut.vinn__t0                 1.6802
xa.xlayout_dut.atail__t2              0.627858
xa.xlayout_dut.vss__t16            7.45877e-11
xa.xlayout_dut.mn__t2                     3.63
xa.xlayout_dut.clk__t0                       0
xa.xlayout_dut.vdd__t0                    3.63
xa.xlayout_dut.vdd__t1                    3.63
xa.xlayout_dut.qn__t1                     3.63
xa.xlayout_dut.clk__t1                       0
xa.xlayout_dut.vdd__t2                    3.63
xa.xlayout_dut.vdd__t3                    3.63
xa.xlayout_dut.sp__t0              6.13402e-09
xa.xlayout_dut.qp__t2                     3.63
xa.xlayout_dut.vdd__t4                    3.63
xa.xlayout_dut.vdd__t5                    3.63
xa.xlayout_dut.mp__t0                     3.63
xa.xlayout_dut.clk__t4                       0
xa.xlayout_dut.vdd__t21                   3.63
xa.xlayout_dut.vdd__t20                   3.63
xa.xlayout_dut.qn__t0                     3.63
xa.xlayout_dut.qp__t3                     3.63
xa.xlayout_dut.vdd__t6                    3.63
xa.xlayout_dut.vdd__t7                    3.63
xa.xlayout_dut.qp__t4                     3.63
xa.xlayout_dut.clk__t3                       0
xa.xlayout_dut.vdd__t19                   3.63
xa.xlayout_dut.vdd__t18                   3.63
xa.xlayout_dut.na__t1                     3.63
xa.xlayout_dut.sp__t1              5.91031e-09
xa.xlayout_dut.vdd__t23                   3.63
xa.xlayout_dut.vdd__t8                    3.63
xa.xlayout_dut.dout__t0            7.70071e-09
xa.xlayout_dut.doutb__t2                  3.63
xa.xlayout_dut.na__t0                     3.63
xa.xlayout_dut.vdd__t13                   3.63
xa.xlayout_dut.sn__t0              6.20626e-09
xa.xlayout_dut.qn__t3                     3.63
xa.xlayout_dut.vdd__t17                   3.63
xa.xlayout_dut.vdd__t16                   3.63
xa.xlayout_dut.qp__t5                     3.63
xa.xlayout_dut.qn__t2                     3.63
xa.xlayout_dut.vdd__t15                   3.63
xa.xlayout_dut.vdd__t14                   3.63
xa.xlayout_dut.nb__t1                     3.63
xa.xlayout_dut.sn__t1              5.96298e-09
xa.xlayout_dut.vdd__t22                   3.63
xa.xlayout_dut.vdd__t12                   3.63
xa.xlayout_dut.doutb__t3                  3.63
xa.xlayout_dut.dout__t1            7.51717e-09
xa.xlayout_dut.nb__t0                     3.63
xa.xlayout_dut.vdd__t11                   3.63
xa.xlayout_dut.aon__t2                 2.88782
xa.xlayout_dut.x$28.11                 2.88834
xa.xlayout_dut.vss__t0                       0
xa.xlayout_dut.x$28.21                 3.62871
xa.xlayout_dut.vdd__t10                3.62923
xa.xlayout_dut.aop__t0                 1.86975
xa.xlayout_dut.x$29.11                 1.87099
xa.xlayout_dut.vss__t1                       0
xa.xlayout_dut.x$29.21                 3.62804
xa.xlayout_dut.vdd__t9                 3.62928
xa.xlayout_dut.aon                     2.88762
vsubs                                        0
xa.xlayout_dut.aop                     1.86926
xa.xlayout_dut.atail                  0.627376
douta                              7.51717e-09
doutba                                    3.63
xa.xlayout_dut.ltail                   2.07862
xa.xlayout_dut.mn                         3.63
xa.xlayout_dut.mp                         3.63
xa.xlayout_dut.na                         3.63
xa.xlayout_dut.nb                         3.63
xa.xlayout_dut.qn                         3.63
xa.xlayout_dut.qp                         3.63
xa.xlayout_dut.sn                  5.96298e-09
xa.xlayout_dut.sp                  5.91031e-09
sb                                   -0.011408
apb                                     1.6443
anb                                     1.6557
ibnb                                   1.08844
xb.xlayout_dut.sp__t2               5.8082e-09
xb.xlayout_dut.qp__t6                     3.63
xb.xlayout_dut.vss__t17            4.57873e-11
xb.xlayout_dut.vss__t2             5.54095e-20
xb.xlayout_dut.dout__t3                1.91456
xb.xlayout_dut.sp__t3              5.91031e-09
xb.xlayout_dut.vss__t25             1.9977e-14
xb.xlayout_dut.vss__t3              2.1438e-11
xb.xlayout_dut.dout__t2                1.90533
xb.xlayout_dut.doutb__t0               1.91892
xb.xlayout_dut.vss__t24              0.0026268
xb.xlayout_dut.vss__t4             1.18345e-10
xb.xlayout_dut.ibias__t0               1.08716
xb.xlayout_dut.ibias__t1               1.08844
xb.xlayout_dut.vss__t20            0.000254896
xb.xlayout_dut.vss__t8             2.77185e-11
xb.xlayout_dut.sn__t2              5.80811e-09
xb.xlayout_dut.qn__t6                     3.63
xb.xlayout_dut.vss__t23             4.5702e-11
xb.xlayout_dut.vss__t5             5.53047e-20
xb.xlayout_dut.doutb__t1               1.91892
xb.xlayout_dut.sn__t3              5.96298e-09
xb.xlayout_dut.vss__t22            1.99634e-14
xb.xlayout_dut.vss__t6             2.14582e-11
xb.xlayout_dut.doutb__t4               1.91057
xb.xlayout_dut.dout__t4                1.91456
xb.xlayout_dut.vss__t21             0.00260941
xb.xlayout_dut.vss__t7             1.30967e-10
xb.xlayout_dut.qn__t4                     3.63
xb.xlayout_dut.qp__t0                     3.63
xb.xlayout_dut.mn__t0                     3.63
xb.xlayout_dut.vss__t9              4.7653e-11
xb.xlayout_dut.mn__t1                     3.63
xb.xlayout_dut.aop__t2                  2.2814
xb.xlayout_dut.ltail__t0               1.74177
xb.xlayout_dut.vss__t11            3.21249e-11
xb.xlayout_dut.atail__t0              0.623649
xb.xlayout_dut.ibias__t2               1.08844
xb.xlayout_dut.vss__t19            0.000495563
xb.xlayout_dut.vss__t13            1.52935e-11
xb.xlayout_dut.qp__t1                     3.63
xb.xlayout_dut.qn__t5                     3.63
xb.xlayout_dut.mp__t2                     3.63
xb.xlayout_dut.vss__t10            4.77388e-11
xb.xlayout_dut.ltail__t1               1.74177
xb.xlayout_dut.clk__t2                       0
xb.xlayout_dut.vss__t18            8.10448e-14
xb.xlayout_dut.vss__t14            9.40687e-12
xb.xlayout_dut.mp__t1                     3.63
xb.xlayout_dut.aon__t0                 2.47623
xb.xlayout_dut.ltail__t2               1.74177
xb.xlayout_dut.vss__t12            3.24494e-11
xb.xlayout_dut.aon__t1                 2.47547
xb.xlayout_dut.vinp__t0                 1.6443
xb.xlayout_dut.atail__t1              0.624245
xb.xlayout_dut.vss__t15            2.01483e-08
xb.xlayout_dut.aop__t1                 2.28006
xb.xlayout_dut.vinn__t0                 1.6557
xb.xlayout_dut.atail__t2              0.624515
xb.xlayout_dut.vss__t16            4.02561e-09
xb.xlayout_dut.mn__t2                     3.63
xb.xlayout_dut.clk__t0                       0
xb.xlayout_dut.vdd__t0                    3.63
xb.xlayout_dut.vdd__t1                    3.63
xb.xlayout_dut.qn__t1                     3.63
xb.xlayout_dut.clk__t1                       0
xb.xlayout_dut.vdd__t2                    3.63
xb.xlayout_dut.vdd__t3                    3.63
xb.xlayout_dut.sp__t0              6.13402e-09
xb.xlayout_dut.qp__t2                     3.63
xb.xlayout_dut.vdd__t4                    3.63
xb.xlayout_dut.vdd__t5                    3.63
xb.xlayout_dut.mp__t0                     3.63
xb.xlayout_dut.clk__t4                       0
xb.xlayout_dut.vdd__t21                   3.63
xb.xlayout_dut.vdd__t20                   3.63
xb.xlayout_dut.qn__t0                     3.63
xb.xlayout_dut.qp__t3                     3.63
xb.xlayout_dut.vdd__t6                    3.63
xb.xlayout_dut.vdd__t7                    3.63
xb.xlayout_dut.qp__t4                     3.63
xb.xlayout_dut.clk__t3                       0
xb.xlayout_dut.vdd__t19                   3.63
xb.xlayout_dut.vdd__t18                   3.63
xb.xlayout_dut.na__t1                  3.47754
xb.xlayout_dut.sp__t1              5.91031e-09
xb.xlayout_dut.vdd__t23                3.62644
xb.xlayout_dut.vdd__t8                    3.63
xb.xlayout_dut.dout__t0                1.92134
xb.xlayout_dut.doutb__t2               1.91892
xb.xlayout_dut.na__t0                  3.47423
xb.xlayout_dut.vdd__t13                   3.63
xb.xlayout_dut.sn__t0              6.20626e-09
xb.xlayout_dut.qn__t3                     3.63
xb.xlayout_dut.vdd__t17                   3.63
xb.xlayout_dut.vdd__t16                   3.63
xb.xlayout_dut.qp__t5                     3.63
xb.xlayout_dut.qn__t2                     3.63
xb.xlayout_dut.vdd__t15                   3.63
xb.xlayout_dut.vdd__t14                   3.63
xb.xlayout_dut.nb__t1                  3.47808
xb.xlayout_dut.sn__t1              5.96298e-09
xb.xlayout_dut.vdd__t22                3.62616
xb.xlayout_dut.vdd__t12                   3.63
xb.xlayout_dut.doutb__t3               1.93709
xb.xlayout_dut.dout__t1                1.91456
xb.xlayout_dut.nb__t0                  3.46959
xb.xlayout_dut.vdd__t11                   3.63
xb.xlayout_dut.aon__t2                 2.47653
xb.xlayout_dut.x$28.11                 2.47734
xb.xlayout_dut.vss__t0                       0
xb.xlayout_dut.x$28.21                   3.628
xb.xlayout_dut.vdd__t10                3.62881
xb.xlayout_dut.aop__t0                 2.28178
xb.xlayout_dut.x$29.11                 2.28273
xb.xlayout_dut.vss__t1                       0
xb.xlayout_dut.x$29.21                  3.6285
xb.xlayout_dut.vdd__t9                 3.62945
xb.xlayout_dut.aon                     2.47623
xb.xlayout_dut.aop                      2.2814
xb.xlayout_dut.atail                  0.624147
doutb                                  1.91456
doutbb                                 1.91892
xb.xlayout_dut.ltail                   1.74177
xb.xlayout_dut.mn                         3.63
xb.xlayout_dut.mp                         3.63
xb.xlayout_dut.na                      3.47589
xb.xlayout_dut.nb                      3.47383
xb.xlayout_dut.qn                         3.63
xb.xlayout_dut.qp                         3.63
xb.xlayout_dut.sn                  5.96298e-09
xb.xlayout_dut.sp                  5.91031e-09
sc                                   -0.010508
apc                                    1.64475
anc                                    1.65525
ibnc                                   1.08844
xc.xlayout_dut.sp__t2               5.8082e-09
xc.xlayout_dut.qp__t6                     3.63
xc.xlayout_dut.vss__t17            4.57873e-11
xc.xlayout_dut.vss__t2             5.54095e-20
xc.xlayout_dut.dout__t3                1.91456
xc.xlayout_dut.sp__t3              5.91031e-09
xc.xlayout_dut.vss__t25             1.9977e-14
xc.xlayout_dut.vss__t3              2.1438e-11
xc.xlayout_dut.dout__t2                1.90533
xc.xlayout_dut.doutb__t0               1.91892
xc.xlayout_dut.vss__t24              0.0026268
xc.xlayout_dut.vss__t4             1.18345e-10
xc.xlayout_dut.ibias__t0               1.08716
xc.xlayout_dut.ibias__t1               1.08844
xc.xlayout_dut.vss__t20            0.000254896
xc.xlayout_dut.vss__t8             2.77185e-11
xc.xlayout_dut.sn__t2              5.80811e-09
xc.xlayout_dut.qn__t6                     3.63
xc.xlayout_dut.vss__t23             4.5702e-11
xc.xlayout_dut.vss__t5             5.53047e-20
xc.xlayout_dut.doutb__t1               1.91892
xc.xlayout_dut.sn__t3              5.96298e-09
xc.xlayout_dut.vss__t22            1.99634e-14
xc.xlayout_dut.vss__t6             2.14582e-11
xc.xlayout_dut.doutb__t4               1.91057
xc.xlayout_dut.dout__t4                1.91456
xc.xlayout_dut.vss__t21             0.00260941
xc.xlayout_dut.vss__t7             1.30967e-10
xc.xlayout_dut.qn__t4                     3.63
xc.xlayout_dut.qp__t0                     3.63
xc.xlayout_dut.mn__t0                     3.63
xc.xlayout_dut.vss__t9              4.7653e-11
xc.xlayout_dut.mn__t1                     3.63
xc.xlayout_dut.aop__t2                 2.28931
xc.xlayout_dut.ltail__t0               1.73538
xc.xlayout_dut.vss__t11            3.20867e-11
xc.xlayout_dut.atail__t0              0.623631
xc.xlayout_dut.ibias__t2               1.08844
xc.xlayout_dut.vss__t19            0.000495563
xc.xlayout_dut.vss__t13            1.52931e-11
xc.xlayout_dut.qp__t1                     3.63
xc.xlayout_dut.qn__t5                     3.63
xc.xlayout_dut.mp__t2                     3.63
xc.xlayout_dut.vss__t10            4.77388e-11
xc.xlayout_dut.ltail__t1               1.73538
xc.xlayout_dut.clk__t2                       0
xc.xlayout_dut.vss__t18            8.09675e-14
xc.xlayout_dut.vss__t14            9.37239e-12
xc.xlayout_dut.mp__t1                     3.63
xc.xlayout_dut.aon__t0                 2.46832
xc.xlayout_dut.ltail__t2               1.73538
xc.xlayout_dut.vss__t12            3.24109e-11
xc.xlayout_dut.aon__t1                 2.46756
xc.xlayout_dut.vinp__t0                1.64475
xc.xlayout_dut.atail__t1              0.624228
xc.xlayout_dut.vss__t15            1.90159e-08
xc.xlayout_dut.aop__t1                 2.28798
xc.xlayout_dut.vinn__t0                1.65525
xc.xlayout_dut.atail__t2              0.624496
xc.xlayout_dut.vss__t16            4.33733e-09
xc.xlayout_dut.mn__t2                     3.63
xc.xlayout_dut.clk__t0                       0
xc.xlayout_dut.vdd__t0                    3.63
xc.xlayout_dut.vdd__t1                    3.63
xc.xlayout_dut.qn__t1                     3.63
xc.xlayout_dut.clk__t1                       0
xc.xlayout_dut.vdd__t2                    3.63
xc.xlayout_dut.vdd__t3                    3.63
xc.xlayout_dut.sp__t0              6.13402e-09
xc.xlayout_dut.qp__t2                     3.63
xc.xlayout_dut.vdd__t4                    3.63
xc.xlayout_dut.vdd__t5                    3.63
xc.xlayout_dut.mp__t0                     3.63
xc.xlayout_dut.clk__t4                       0
xc.xlayout_dut.vdd__t21                   3.63
xc.xlayout_dut.vdd__t20                   3.63
xc.xlayout_dut.qn__t0                     3.63
xc.xlayout_dut.qp__t3                     3.63
xc.xlayout_dut.vdd__t6                    3.63
xc.xlayout_dut.vdd__t7                    3.63
xc.xlayout_dut.qp__t4                     3.63
xc.xlayout_dut.clk__t3                       0
xc.xlayout_dut.vdd__t19                   3.63
xc.xlayout_dut.vdd__t18                   3.63
xc.xlayout_dut.na__t1                  3.47754
xc.xlayout_dut.sp__t1              5.91031e-09
xc.xlayout_dut.vdd__t23                3.62644
xc.xlayout_dut.vdd__t8                    3.63
xc.xlayout_dut.dout__t0                1.92134
xc.xlayout_dut.doutb__t2               1.91892
xc.xlayout_dut.na__t0                  3.47423
xc.xlayout_dut.vdd__t13                   3.63
xc.xlayout_dut.sn__t0              6.20626e-09
xc.xlayout_dut.qn__t3                     3.63
xc.xlayout_dut.vdd__t17                   3.63
xc.xlayout_dut.vdd__t16                   3.63
xc.xlayout_dut.qp__t5                     3.63
xc.xlayout_dut.qn__t2                     3.63
xc.xlayout_dut.vdd__t15                   3.63
xc.xlayout_dut.vdd__t14                   3.63
xc.xlayout_dut.nb__t1                  3.47808
xc.xlayout_dut.sn__t1              5.96298e-09
xc.xlayout_dut.vdd__t22                3.62616
xc.xlayout_dut.vdd__t12                   3.63
xc.xlayout_dut.doutb__t3               1.93709
xc.xlayout_dut.dout__t1                1.91456
xc.xlayout_dut.nb__t0                  3.46959
xc.xlayout_dut.vdd__t11                   3.63
xc.xlayout_dut.aon__t2                 2.46862
xc.xlayout_dut.x$28.11                 2.46944
xc.xlayout_dut.vss__t0                       0
xc.xlayout_dut.x$28.21                 3.62799
xc.xlayout_dut.vdd__t10                 3.6288
xc.xlayout_dut.aop__t0                 2.28969
xc.xlayout_dut.x$29.11                 2.29063
xc.xlayout_dut.vss__t1                       0
xc.xlayout_dut.x$29.21                 3.62851
xc.xlayout_dut.vdd__t9                 3.62945
xc.xlayout_dut.aon                     2.46832
xc.xlayout_dut.aop                     2.28931
xc.xlayout_dut.atail                   0.62413
doutc                                  1.91456
doutbc                                 1.91892
xc.xlayout_dut.ltail                   1.73538
xc.xlayout_dut.mn                         3.63
xc.xlayout_dut.mp                         3.63
xc.xlayout_dut.na                      3.47589
xc.xlayout_dut.nb                      3.47383
xc.xlayout_dut.qn                         3.63
xc.xlayout_dut.qp                         3.63
xc.xlayout_dut.sn                  5.96298e-09
xc.xlayout_dut.sp                  5.91031e-09
clkn                                         0
dan                                2.07084e-09
dbn                                   0.527428
dcn                                   0.527428
bdcn#branch                                  0
bdbn#branch                                  0
bdan#branch                                  0
bclkn#branch                                 0
eanc#branch                        6.32161e-19
eapc#branch                        8.24248e-19
eanb#branch                       -3.60403e-19
eapb#branch                        8.20884e-20
eana#branch                       -5.30426e-19
eapa#branch                        2.52111e-19
vsc#branch                                   0
vsb#branch                                   0
vsa#branch                                   0
vcm#branch                         8.99779e-19
vclk#branch                                  0
vsupa#branch                      -3.02338e-05
vsup#branch                       -0.000950361

 Reference value :  1.33140e-09
 Reference value :  4.58140e-09
 Reference value :  7.75140e-09
 Reference value :  1.09911e-08
 Reference value :  1.40011e-08
 Reference value :  1.68611e-08
 Reference value :  1.98611e-08
 Reference value :  2.31225e-08
 Reference value :  2.64125e-08
 Reference value :  2.92275e-08
 Reference value :  3.19925e-08
 Reference value :  3.50775e-08
 Reference value :  3.84675e-08
 Reference value :  4.10861e-08
 Reference value :  4.37011e-08
 Reference value :  4.66611e-08
 Reference value :  5.02084e-08
 Reference value :  5.31819e-08
 Reference value :  5.60269e-08
 Reference value :  5.92219e-08
No. of Data Rows : 12046
vsup_v              =  3.63000e+00
td_a                =  1.09312e-09 targ=  4.11431e-08 trig=  4.00500e-08
td_b                =  1.40018e-09 targ=  4.14502e-08 trig=  4.00500e-08
td_c                =  1.61302e-09 targ=  4.16630e-08 trig=  4.00500e-08
da_first            =  1.80572e-05
db_first            =  1.14037e-05
dc_first            =  1.48806e-05
da_end              =  9.99964e-01
db_end              =  9.99964e-01
dc_end              =  9.99964e-01
i_stat              =  -2.87659e-05 from=  2.50000e-08 to=  2.90025e-08
q_dec               =  -8.90335e-13 from=  3.99000e-08 to=  4.80000e-08
m_td_od50_ns = 1.0931150000e+00
m_td_od1_ns = 1.4001770000e+00
m_td_od01_ns = 1.6130200000e+00
m_tau_ps = 9.2436540412e+01
m_resolve_decades = 1.5147440544e+01
m_dout_od50_end = 9.9996380000e-01
m_dout_od1_end = 9.9996380000e-01
m_dout_od01_end = 9.9996380000e-01
m_dout_od50_first = 1.8057160000e-05
m_dout_od1_first = 1.1403720000e-05
m_dout_od01_first = 1.4880600000e-05
m_i_static_ua = 2.8765870000e+01
m_e_dec_fj = 2.3861149894e+03
Note: Simulation executed from .control section 

Warning: m=xx on .subckt line will override multiplier m hierarchy!

