
Note: Compatibility modes selected: hs a


Circuit: * comparator-regeneration @ sf_27c_2.97v -- generated by sim/harness, do not edit

Doing analysis at TEMP = 27.000000 and TNOM = 27.000000

Using SPARSE 1.3 as Direct Linear Solver

Initial Transient Solution
--------------------------

Node                                   Voltage
----                                   -------
vdd                                       2.97
vdda                                      2.97
clk                                          0
cm                                        1.65
sa                                  -0.0555777
apa                                    1.62221
ana                                    1.67779
ibna                                   1.08844
xa.xlayout_dut.sp__t2              4.17303e-09
xa.xlayout_dut.qp__t6                     2.97
xa.xlayout_dut.vss__t17            2.93225e-11
xa.xlayout_dut.vss__t2             3.97764e-20
xa.xlayout_dut.dout__t3            4.48366e-09
xa.xlayout_dut.sp__t3              4.23842e-09
xa.xlayout_dut.vss__t25            2.09256e-21
xa.xlayout_dut.vss__t3             5.02073e-20
xa.xlayout_dut.dout__t2            4.35025e-09
xa.xlayout_dut.doutb__t0                  2.97
xa.xlayout_dut.vss__t24            3.79637e-11
xa.xlayout_dut.vss__t4             5.16737e-20
xa.xlayout_dut.ibias__t0               1.08716
xa.xlayout_dut.ibias__t1               1.08844
xa.xlayout_dut.vss__t20            0.000254896
xa.xlayout_dut.vss__t8             2.77185e-11
xa.xlayout_dut.sn__t2              4.17298e-09
xa.xlayout_dut.qn__t6                     2.97
xa.xlayout_dut.vss__t23            2.92679e-11
xa.xlayout_dut.vss__t5             3.97013e-20
xa.xlayout_dut.doutb__t1                  2.97
xa.xlayout_dut.sn__t3              4.27215e-09
xa.xlayout_dut.vss__t22            2.31857e-14
xa.xlayout_dut.vss__t6             3.32122e-11
xa.xlayout_dut.doutb__t4                  2.97
xa.xlayout_dut.dout__t4            4.48366e-09
xa.xlayout_dut.vss__t21             2.4385e-14
xa.xlayout_dut.vss__t7             3.49301e-11
xa.xlayout_dut.qn__t4                     2.97
xa.xlayout_dut.qp__t0                     2.97
xa.xlayout_dut.mn__t0                     2.97
xa.xlayout_dut.vss__t9             3.89888e-11
xa.xlayout_dut.mn__t1                     2.97
xa.xlayout_dut.aop__t2                 1.24827
xa.xlayout_dut.ltail__t0               1.50789
xa.xlayout_dut.vss__t11            2.67792e-11
xa.xlayout_dut.atail__t0              0.625511
xa.xlayout_dut.ibias__t2               1.08844
xa.xlayout_dut.vss__t19            0.000495575
xa.xlayout_dut.vss__t13            1.53392e-11
xa.xlayout_dut.qp__t1                     2.97
xa.xlayout_dut.qn__t5                     2.97
xa.xlayout_dut.mp__t2                     2.97
xa.xlayout_dut.vss__t10             3.9059e-11
xa.xlayout_dut.ltail__t1               1.50789
xa.xlayout_dut.clk__t2                       0
xa.xlayout_dut.vss__t18            7.82224e-14
xa.xlayout_dut.vss__t14            8.14375e-12
xa.xlayout_dut.mp__t1                     2.97
xa.xlayout_dut.aon__t0                 2.18965
xa.xlayout_dut.ltail__t2               1.50789
xa.xlayout_dut.vss__t12            2.70478e-11
xa.xlayout_dut.aon__t1                 2.18914
xa.xlayout_dut.vinp__t0                1.62221
xa.xlayout_dut.atail__t1              0.626075
xa.xlayout_dut.vss__t15            1.11087e-09
xa.xlayout_dut.aop__t1                 1.24655
xa.xlayout_dut.vinn__t0                1.67779
xa.xlayout_dut.atail__t2               0.62648
xa.xlayout_dut.vss__t16            4.51375e-11
xa.xlayout_dut.mn__t2                     2.97
xa.xlayout_dut.clk__t0                       0
xa.xlayout_dut.vdd__t0                    2.97
xa.xlayout_dut.vdd__t1                    2.97
xa.xlayout_dut.qn__t1                     2.97
xa.xlayout_dut.clk__t1                       0
xa.xlayout_dut.vdd__t2                    2.97
xa.xlayout_dut.vdd__t3                    2.97
xa.xlayout_dut.sp__t0              4.38169e-09
xa.xlayout_dut.qp__t2                     2.97
xa.xlayout_dut.vdd__t4                    2.97
xa.xlayout_dut.vdd__t5                    2.97
xa.xlayout_dut.mp__t0                     2.97
xa.xlayout_dut.clk__t4                       0
xa.xlayout_dut.vdd__t21                   2.97
xa.xlayout_dut.vdd__t20                   2.97
xa.xlayout_dut.qn__t0                     2.97
xa.xlayout_dut.qp__t3                     2.97
xa.xlayout_dut.vdd__t6                    2.97
xa.xlayout_dut.vdd__t7                    2.97
xa.xlayout_dut.qp__t4                     2.97
xa.xlayout_dut.clk__t3                       0
xa.xlayout_dut.vdd__t19                   2.97
xa.xlayout_dut.vdd__t18                   2.97
xa.xlayout_dut.na__t1                     2.97
xa.xlayout_dut.sp__t1              4.23842e-09
xa.xlayout_dut.vdd__t23                   2.97
xa.xlayout_dut.vdd__t8                    2.97
xa.xlayout_dut.dout__t0            4.58162e-09
xa.xlayout_dut.doutb__t2                  2.97
xa.xlayout_dut.na__t0                     2.97
xa.xlayout_dut.vdd__t13                   2.97
xa.xlayout_dut.sn__t0              4.42795e-09
xa.xlayout_dut.qn__t3                     2.97
xa.xlayout_dut.vdd__t17                   2.97
xa.xlayout_dut.vdd__t16                   2.97
xa.xlayout_dut.qp__t5                     2.97
xa.xlayout_dut.qn__t2                     2.97
xa.xlayout_dut.vdd__t15                   2.97
xa.xlayout_dut.vdd__t14                   2.97
xa.xlayout_dut.nb__t1                     2.97
xa.xlayout_dut.sn__t1              4.27215e-09
xa.xlayout_dut.vdd__t22                   2.97
xa.xlayout_dut.vdd__t12                   2.97
xa.xlayout_dut.doutb__t3                  2.97
xa.xlayout_dut.dout__t1            4.48366e-09
xa.xlayout_dut.nb__t0                     2.97
xa.xlayout_dut.vdd__t11                   2.97
xa.xlayout_dut.aon__t2                 2.18985
xa.xlayout_dut.x$28.11                  2.1904
xa.xlayout_dut.vss__t0                       0
xa.xlayout_dut.x$28.21                 2.96865
xa.xlayout_dut.vdd__t10                2.96919
xa.xlayout_dut.aop__t0                 1.24876
xa.xlayout_dut.x$29.11                 1.24996
xa.xlayout_dut.vss__t1                       0
xa.xlayout_dut.x$29.21                 2.96809
xa.xlayout_dut.vdd__t9                 2.96929
xa.xlayout_dut.aon                     2.18965
vsubs                                        0
xa.xlayout_dut.aop                     1.24827
xa.xlayout_dut.atail                  0.626009
douta                              4.48366e-09
doutba                                    2.97
xa.xlayout_dut.ltail                   1.50789
xa.xlayout_dut.mn                         2.97
xa.xlayout_dut.mp                         2.97
xa.xlayout_dut.na                         2.97
xa.xlayout_dut.nb                         2.97
xa.xlayout_dut.qn                         2.97
xa.xlayout_dut.qp                         2.97
xa.xlayout_dut.sn                  4.27215e-09
xa.xlayout_dut.sp                  4.23842e-09
sb                                 -0.00657766
apb                                    1.64671
anb                                    1.65329
ibnb                                   1.08844
xb.xlayout_dut.sp__t2              4.17303e-09
xb.xlayout_dut.qp__t6                     2.97
xb.xlayout_dut.vss__t17            2.93225e-11
xb.xlayout_dut.vss__t2             3.97764e-20
xb.xlayout_dut.dout__t3                1.55672
xb.xlayout_dut.sp__t3              4.23842e-09
xb.xlayout_dut.vss__t25            1.89147e-14
xb.xlayout_dut.vss__t3             1.74311e-11
xb.xlayout_dut.dout__t2                1.55155
xb.xlayout_dut.doutb__t0               1.55908
xb.xlayout_dut.vss__t24             0.00147047
xb.xlayout_dut.vss__t4             2.04915e-11
xb.xlayout_dut.ibias__t0               1.08716
xb.xlayout_dut.ibias__t1               1.08844
xb.xlayout_dut.vss__t20            0.000254896
xb.xlayout_dut.vss__t8             2.77185e-11
xb.xlayout_dut.sn__t2              4.17298e-09
xb.xlayout_dut.qn__t6                     2.97
xb.xlayout_dut.vss__t23            2.92679e-11
xb.xlayout_dut.vss__t5             3.97013e-20
xb.xlayout_dut.doutb__t1               1.55908
xb.xlayout_dut.sn__t3              4.27215e-09
xb.xlayout_dut.vss__t22            1.88965e-14
xb.xlayout_dut.vss__t6             1.74343e-11
xb.xlayout_dut.doutb__t4                1.5544
xb.xlayout_dut.dout__t4                1.55672
xb.xlayout_dut.vss__t21             0.00146195
xb.xlayout_dut.vss__t7             2.07161e-11
xb.xlayout_dut.qn__t4                     2.97
xb.xlayout_dut.qp__t0                     2.97
xb.xlayout_dut.mn__t0                     2.97
xb.xlayout_dut.vss__t9             3.89888e-11
xb.xlayout_dut.mn__t1                     2.97
xb.xlayout_dut.aop__t2                 1.66404
xb.xlayout_dut.ltail__t0               1.17921
xb.xlayout_dut.vss__t11            2.48137e-11
xb.xlayout_dut.atail__t0              0.622766
xb.xlayout_dut.ibias__t2               1.08844
xb.xlayout_dut.vss__t19            0.000495557
xb.xlayout_dut.vss__t13            1.52719e-11
xb.xlayout_dut.qp__t1                     2.97
xb.xlayout_dut.qn__t5                     2.97
xb.xlayout_dut.mp__t2                     2.97
xb.xlayout_dut.vss__t10             3.9059e-11
xb.xlayout_dut.ltail__t1               1.17921
xb.xlayout_dut.clk__t2                       0
xb.xlayout_dut.vss__t18            7.42757e-14
xb.xlayout_dut.vss__t14            6.36864e-12
xb.xlayout_dut.mp__t1                     2.97
xb.xlayout_dut.aon__t0                 1.77372
xb.xlayout_dut.ltail__t2               1.17921
xb.xlayout_dut.vss__t12            2.50632e-11
xb.xlayout_dut.aon__t1                 1.77294
xb.xlayout_dut.vinp__t0                1.64671
xb.xlayout_dut.atail__t1              0.623366
xb.xlayout_dut.vss__t15            5.88941e-11
xb.xlayout_dut.aop__t1                 1.66274
xb.xlayout_dut.vinn__t0                1.65329
xb.xlayout_dut.atail__t2              0.623621
xb.xlayout_dut.vss__t16            5.52554e-11
xb.xlayout_dut.mn__t2                     2.97
xb.xlayout_dut.clk__t0                       0
xb.xlayout_dut.vdd__t0                    2.97
xb.xlayout_dut.vdd__t1                    2.97
xb.xlayout_dut.qn__t1                     2.97
xb.xlayout_dut.clk__t1                       0
xb.xlayout_dut.vdd__t2                    2.97
xb.xlayout_dut.vdd__t3                    2.97
xb.xlayout_dut.sp__t0              4.38169e-09
xb.xlayout_dut.qp__t2                     2.97
xb.xlayout_dut.vdd__t4                    2.97
xb.xlayout_dut.vdd__t5                    2.97
xb.xlayout_dut.mp__t0                     2.97
xb.xlayout_dut.clk__t4                       0
xb.xlayout_dut.vdd__t21                   2.97
xb.xlayout_dut.vdd__t20                   2.97
xb.xlayout_dut.qn__t0                     2.97
xb.xlayout_dut.qp__t3                     2.97
xb.xlayout_dut.vdd__t6                    2.97
xb.xlayout_dut.vdd__t7                    2.97
xb.xlayout_dut.qp__t4                     2.97
xb.xlayout_dut.clk__t3                       0
xb.xlayout_dut.vdd__t19                   2.97
xb.xlayout_dut.vdd__t18                   2.97
xb.xlayout_dut.na__t1                  2.87266
xb.xlayout_dut.sp__t1              4.23842e-09
xb.xlayout_dut.vdd__t23                2.96801
xb.xlayout_dut.vdd__t8                    2.97
xb.xlayout_dut.dout__t0                1.56051
xb.xlayout_dut.doutb__t2               1.55908
xb.xlayout_dut.na__t0                  2.87081
xb.xlayout_dut.vdd__t13                   2.97
xb.xlayout_dut.sn__t0              4.42795e-09
xb.xlayout_dut.qn__t3                     2.97
xb.xlayout_dut.vdd__t17                   2.97
xb.xlayout_dut.vdd__t16                   2.97
xb.xlayout_dut.qp__t5                     2.97
xb.xlayout_dut.qn__t2                     2.97
xb.xlayout_dut.vdd__t15                   2.97
xb.xlayout_dut.vdd__t14                   2.97
xb.xlayout_dut.nb__t1                  2.87294
xb.xlayout_dut.sn__t1              4.27215e-09
xb.xlayout_dut.vdd__t22                2.96785
xb.xlayout_dut.vdd__t12                   2.97
xb.xlayout_dut.doutb__t3               1.56926
xb.xlayout_dut.dout__t1                1.55672
xb.xlayout_dut.nb__t0                  2.86818
xb.xlayout_dut.vdd__t11                   2.97
xb.xlayout_dut.aon__t2                 1.77403
xb.xlayout_dut.x$28.11                 1.77487
xb.xlayout_dut.vss__t0                       0
xb.xlayout_dut.x$28.21                 2.96793
xb.xlayout_dut.vdd__t10                2.96876
xb.xlayout_dut.aop__t0                 1.66441
xb.xlayout_dut.x$29.11                 1.66532
xb.xlayout_dut.vss__t1                       0
xb.xlayout_dut.x$29.21                 2.96855
xb.xlayout_dut.vdd__t9                 2.96946
xb.xlayout_dut.aon                     1.77372
xb.xlayout_dut.aop                     1.66404
xb.xlayout_dut.atail                  0.623264
doutb                                  1.55672
doutbb                                 1.55908
xb.xlayout_dut.ltail                   1.17921
xb.xlayout_dut.mn                         2.97
xb.xlayout_dut.mp                         2.97
xb.xlayout_dut.na                      2.87173
xb.xlayout_dut.nb                      2.87056
xb.xlayout_dut.qn                         2.97
xb.xlayout_dut.qp                         2.97
xb.xlayout_dut.sn                  4.27215e-09
xb.xlayout_dut.sp                  4.23842e-09
sc                                 -0.00567766
apc                                    1.64716
anc                                    1.65284
ibnc                                   1.08844
xc.xlayout_dut.sp__t2              4.17303e-09
xc.xlayout_dut.qp__t6                     2.97
xc.xlayout_dut.vss__t17            2.93225e-11
xc.xlayout_dut.vss__t2             3.97764e-20
xc.xlayout_dut.dout__t3                1.55672
xc.xlayout_dut.sp__t3              4.23842e-09
xc.xlayout_dut.vss__t25            1.89147e-14
xc.xlayout_dut.vss__t3             1.74311e-11
xc.xlayout_dut.dout__t2                1.55155
xc.xlayout_dut.doutb__t0               1.55908
xc.xlayout_dut.vss__t24             0.00147047
xc.xlayout_dut.vss__t4             2.04915e-11
xc.xlayout_dut.ibias__t0               1.08716
xc.xlayout_dut.ibias__t1               1.08844
xc.xlayout_dut.vss__t20            0.000254896
xc.xlayout_dut.vss__t8             2.77185e-11
xc.xlayout_dut.sn__t2              4.17298e-09
xc.xlayout_dut.qn__t6                     2.97
xc.xlayout_dut.vss__t23            2.92679e-11
xc.xlayout_dut.vss__t5             3.97013e-20
xc.xlayout_dut.doutb__t1               1.55908
xc.xlayout_dut.sn__t3              4.27215e-09
xc.xlayout_dut.vss__t22            1.88965e-14
xc.xlayout_dut.vss__t6             1.74343e-11
xc.xlayout_dut.doutb__t4                1.5544
xc.xlayout_dut.dout__t4                1.55672
xc.xlayout_dut.vss__t21             0.00146195
xc.xlayout_dut.vss__t7             2.07161e-11
xc.xlayout_dut.qn__t4                     2.97
xc.xlayout_dut.qp__t0                     2.97
xc.xlayout_dut.mn__t0                     2.97
xc.xlayout_dut.vss__t9             3.89888e-11
xc.xlayout_dut.mn__t1                     2.97
xc.xlayout_dut.aop__t2                 1.67196
xc.xlayout_dut.ltail__t0               1.17355
xc.xlayout_dut.vss__t11            2.47798e-11
xc.xlayout_dut.atail__t0              0.622757
xc.xlayout_dut.ibias__t2               1.08844
xc.xlayout_dut.vss__t19            0.000495557
xc.xlayout_dut.vss__t13            1.52717e-11
xc.xlayout_dut.qp__t1                     2.97
xc.xlayout_dut.qn__t5                     2.97
xc.xlayout_dut.mp__t2                     2.97
xc.xlayout_dut.vss__t10             3.9059e-11
xc.xlayout_dut.ltail__t1               1.17355
xc.xlayout_dut.clk__t2                       0
xc.xlayout_dut.vss__t18            7.42079e-14
xc.xlayout_dut.vss__t14            6.33809e-12
xc.xlayout_dut.mp__t1                     2.97
xc.xlayout_dut.aon__t0                  1.7658
xc.xlayout_dut.ltail__t2               1.17355
xc.xlayout_dut.vss__t12             2.5029e-11
xc.xlayout_dut.aon__t1                 1.76501
xc.xlayout_dut.vinp__t0                1.64716
xc.xlayout_dut.atail__t1              0.623358
xc.xlayout_dut.vss__t15            5.83603e-11
xc.xlayout_dut.aop__t1                 1.67066
xc.xlayout_dut.vinn__t0                1.65284
xc.xlayout_dut.atail__t2               0.62361
xc.xlayout_dut.vss__t16            5.54836e-11
xc.xlayout_dut.mn__t2                     2.97
xc.xlayout_dut.clk__t0                       0
xc.xlayout_dut.vdd__t0                    2.97
xc.xlayout_dut.vdd__t1                    2.97
xc.xlayout_dut.qn__t1                     2.97
xc.xlayout_dut.clk__t1                       0
xc.xlayout_dut.vdd__t2                    2.97
xc.xlayout_dut.vdd__t3                    2.97
xc.xlayout_dut.sp__t0              4.38169e-09
xc.xlayout_dut.qp__t2                     2.97
xc.xlayout_dut.vdd__t4                    2.97
xc.xlayout_dut.vdd__t5                    2.97
xc.xlayout_dut.mp__t0                     2.97
xc.xlayout_dut.clk__t4                       0
xc.xlayout_dut.vdd__t21                   2.97
xc.xlayout_dut.vdd__t20                   2.97
xc.xlayout_dut.qn__t0                     2.97
xc.xlayout_dut.qp__t3                     2.97
xc.xlayout_dut.vdd__t6                    2.97
xc.xlayout_dut.vdd__t7                    2.97
xc.xlayout_dut.qp__t4                     2.97
xc.xlayout_dut.clk__t3                       0
xc.xlayout_dut.vdd__t19                   2.97
xc.xlayout_dut.vdd__t18                   2.97
xc.xlayout_dut.na__t1                  2.87266
xc.xlayout_dut.sp__t1              4.23842e-09
xc.xlayout_dut.vdd__t23                2.96801
xc.xlayout_dut.vdd__t8                    2.97
xc.xlayout_dut.dout__t0                1.56051
xc.xlayout_dut.doutb__t2               1.55908
xc.xlayout_dut.na__t0                  2.87081
xc.xlayout_dut.vdd__t13                   2.97
xc.xlayout_dut.sn__t0              4.42795e-09
xc.xlayout_dut.qn__t3                     2.97
xc.xlayout_dut.vdd__t17                   2.97
xc.xlayout_dut.vdd__t16                   2.97
xc.xlayout_dut.qp__t5                     2.97
xc.xlayout_dut.qn__t2                     2.97
xc.xlayout_dut.vdd__t15                   2.97
xc.xlayout_dut.vdd__t14                   2.97
xc.xlayout_dut.nb__t1                  2.87294
xc.xlayout_dut.sn__t1              4.27215e-09
xc.xlayout_dut.vdd__t22                2.96785
xc.xlayout_dut.vdd__t12                   2.97
xc.xlayout_dut.doutb__t3               1.56926
xc.xlayout_dut.dout__t1                1.55672
xc.xlayout_dut.nb__t0                  2.86818
xc.xlayout_dut.vdd__t11                   2.97
xc.xlayout_dut.aon__t2                 1.76611
xc.xlayout_dut.x$28.11                 1.76695
xc.xlayout_dut.vss__t0                       0
xc.xlayout_dut.x$28.21                 2.96791
xc.xlayout_dut.vdd__t10                2.96876
xc.xlayout_dut.aop__t0                 1.67233
xc.xlayout_dut.x$29.11                 1.67324
xc.xlayout_dut.vss__t1                       0
xc.xlayout_dut.x$29.21                 2.96856
xc.xlayout_dut.vdd__t9                 2.96947
xc.xlayout_dut.aon                      1.7658
xc.xlayout_dut.aop                     1.67196
xc.xlayout_dut.atail                  0.623255
doutc                                  1.55672
doutbc                                 1.55908
xc.xlayout_dut.ltail                   1.17355
xc.xlayout_dut.mn                         2.97
xc.xlayout_dut.mp                         2.97
xc.xlayout_dut.na                      2.87173
xc.xlayout_dut.nb                      2.87056
xc.xlayout_dut.qn                         2.97
xc.xlayout_dut.qp                         2.97
xc.xlayout_dut.sn                  4.27215e-09
xc.xlayout_dut.sp                  4.23842e-09
clkn                                         0
dan                                1.50965e-09
dbn                                   0.524147
dcn                                   0.524147
bdcn#branch                                  0
bdbn#branch                                  0
bdan#branch                                  0
bclkn#branch                                 0
eanc#branch                        7.17877e-19
eapc#branch                        7.38531e-19
eanb#branch                       -2.74687e-19
eapb#branch                       -3.62809e-21
eana#branch                       -4.44709e-19
eapa#branch                        1.66394e-19
vsc#branch                                   0
vsb#branch                                   0
vsa#branch                                   0
vcm#branch                         8.99779e-19
vclk#branch                                  0
vsupa#branch                      -3.02252e-05
vsup#branch                       -0.000558823

 Reference value :  1.11140e-09
 Reference value :  4.16640e-09
 Reference value :  7.06140e-09
 Reference value :  1.00830e-08
 Reference value :  1.30666e-08
 Reference value :  1.59616e-08
 Reference value :  1.95116e-08
 Reference value :  2.22175e-08
 Reference value :  2.55525e-08
 Reference value :  2.85625e-08
 Reference value :  3.17175e-08
 Reference value :  3.46025e-08
 Reference value :  3.75025e-08
 Reference value :  4.14566e-08
 Reference value :  4.44066e-08
 Reference value :  4.74466e-08
 Reference value :  5.02384e-08
 Reference value :  5.30684e-08
 Reference value :  5.62434e-08
 Reference value :  5.91584e-08
No. of Data Rows : 12046
vsup_v              =  2.97000e+00
td_a                =  1.35875e-09 targ=  4.14088e-08 trig=  4.00500e-08
td_b                =  1.79175e-09 targ=  4.18417e-08 trig=  4.00500e-08
td_c                =  2.08752e-09 targ=  4.21375e-08 trig=  4.00500e-08
da_first            =  1.31138e-05
db_first            =  1.18450e-05
dc_first            =  1.14840e-05
da_end              =  9.99971e-01
db_end              =  9.99971e-01
dc_end              =  9.99971e-01
i_stat              =  -2.93671e-05 from=  2.50000e-08 to=  2.90025e-08
q_dec               =  -7.41465e-13 from=  3.99000e-08 to=  4.80000e-08
m_td_od50_ns = 1.3587540000e+00
m_td_od1_ns = 1.7917470000e+00
m_td_od01_ns = 2.0875180000e+00
m_tau_ps = 1.2845171321e+02
m_resolve_decades = 1.3948797998e+01
m_dout_od50_end = 9.9997080000e-01
m_dout_od1_end = 9.9997080000e-01
m_dout_od01_end = 9.9997080000e-01
m_dout_od50_first = 1.3113840000e-05
m_dout_od1_first = 1.1844980000e-05
m_dout_od01_first = 1.1484040000e-05
m_i_static_ua = 2.9367060000e+01
m_e_dec_fj = 1.4956670936e+03
Note: Simulation executed from .control section 

Warning: m=xx on .subckt line will override multiplier m hierarchy!

