
Note: Compatibility modes selected: hs a


Circuit: * comparator-regeneration @ ss_-40c_3.30v -- generated by sim/harness, do not edit

Doing analysis at TEMP = -40.000000 and TNOM = 27.000000

Using SPARSE 1.3 as Direct Linear Solver

Initial Transient Solution
--------------------------

Node                                   Voltage
----                                   -------
vdd                                        3.3
vdda                                       3.3
clk                                          0
cm                                        1.65
sa                                  -0.0531479
apa                                    1.62343
ana                                    1.67657
ibna                                   1.12883
xa.xlayout_dut.sp__t2              3.57319e-09
xa.xlayout_dut.qp__t6                      3.3
xa.xlayout_dut.vss__t17            3.29313e-11
xa.xlayout_dut.vss__t2             3.41313e-20
xa.xlayout_dut.dout__t3            3.91653e-09
xa.xlayout_dut.sp__t3              3.64663e-09
xa.xlayout_dut.vss__t25            2.20668e-25
xa.xlayout_dut.vss__t3             4.38547e-20
xa.xlayout_dut.dout__t2            3.76517e-09
xa.xlayout_dut.doutb__t0                   3.3
xa.xlayout_dut.vss__t24            4.30735e-11
xa.xlayout_dut.vss__t4             4.48421e-20
xa.xlayout_dut.ibias__t0               1.12756
xa.xlayout_dut.ibias__t1               1.12883
xa.xlayout_dut.vss__t20            0.000254896
xa.xlayout_dut.vss__t8              2.8764e-11
xa.xlayout_dut.sn__t2              3.57313e-09
xa.xlayout_dut.qn__t6                      3.3
xa.xlayout_dut.vss__t23              3.287e-11
xa.xlayout_dut.vss__t5             3.40666e-20
xa.xlayout_dut.doutb__t1                   3.3
xa.xlayout_dut.sn__t3              3.68451e-09
xa.xlayout_dut.vss__t22            2.69249e-18
xa.xlayout_dut.vss__t6             3.69035e-11
xa.xlayout_dut.doutb__t4                   3.3
xa.xlayout_dut.dout__t4            3.91653e-09
xa.xlayout_dut.vss__t21            2.83179e-18
xa.xlayout_dut.vss__t7             3.88123e-11
xa.xlayout_dut.qn__t4                      3.3
xa.xlayout_dut.qp__t0                      3.3
xa.xlayout_dut.mn__t0                      3.3
xa.xlayout_dut.vss__t9             4.33209e-11
xa.xlayout_dut.mn__t1                      3.3
xa.xlayout_dut.aop__t2                  1.0133
xa.xlayout_dut.ltail__t0                1.4743
xa.xlayout_dut.vss__t11            2.85518e-11
xa.xlayout_dut.atail__t0              0.555413
xa.xlayout_dut.ibias__t2               1.12883
xa.xlayout_dut.vss__t19            0.000498339
xa.xlayout_dut.vss__t13            1.36215e-11
xa.xlayout_dut.qp__t1                      3.3
xa.xlayout_dut.qn__t5                      3.3
xa.xlayout_dut.mp__t2                      3.3
xa.xlayout_dut.vss__t10            4.33989e-11
xa.xlayout_dut.ltail__t1                1.4743
xa.xlayout_dut.clk__t2                       0
xa.xlayout_dut.vss__t18            9.56005e-18
xa.xlayout_dut.vss__t14            7.96232e-12
xa.xlayout_dut.mp__t1                      3.3
xa.xlayout_dut.aon__t0                 2.34418
xa.xlayout_dut.ltail__t2                1.4743
xa.xlayout_dut.vss__t12            2.88395e-11
xa.xlayout_dut.aon__t1                 2.34369
xa.xlayout_dut.vinp__t0                1.62343
xa.xlayout_dut.atail__t1              0.555978
xa.xlayout_dut.vss__t15            1.01519e-08
xa.xlayout_dut.aop__t1                 1.01153
xa.xlayout_dut.vinn__t0                1.67657
xa.xlayout_dut.atail__t2              0.556399
xa.xlayout_dut.vss__t16            3.77844e-11
xa.xlayout_dut.mn__t2                      3.3
xa.xlayout_dut.clk__t0                       0
xa.xlayout_dut.vdd__t0                     3.3
xa.xlayout_dut.vdd__t1                     3.3
xa.xlayout_dut.qn__t1                      3.3
xa.xlayout_dut.clk__t1                       0
xa.xlayout_dut.vdd__t2                     3.3
xa.xlayout_dut.vdd__t3                     3.3
xa.xlayout_dut.sp__t0              3.80753e-09
xa.xlayout_dut.qp__t2                      3.3
xa.xlayout_dut.vdd__t4                     3.3
xa.xlayout_dut.vdd__t5                     3.3
xa.xlayout_dut.mp__t0                      3.3
xa.xlayout_dut.clk__t4                       0
xa.xlayout_dut.vdd__t21                    3.3
xa.xlayout_dut.vdd__t20                    3.3
xa.xlayout_dut.qn__t0                      3.3
xa.xlayout_dut.qp__t3                      3.3
xa.xlayout_dut.vdd__t6                     3.3
xa.xlayout_dut.vdd__t7                     3.3
xa.xlayout_dut.qp__t4                      3.3
xa.xlayout_dut.clk__t3                       0
xa.xlayout_dut.vdd__t19                    3.3
xa.xlayout_dut.vdd__t18                    3.3
xa.xlayout_dut.na__t1                      3.3
xa.xlayout_dut.sp__t1              3.64663e-09
xa.xlayout_dut.vdd__t23                    3.3
xa.xlayout_dut.vdd__t8                     3.3
xa.xlayout_dut.dout__t0            4.02767e-09
xa.xlayout_dut.doutb__t2                   3.3
xa.xlayout_dut.na__t0                      3.3
xa.xlayout_dut.vdd__t13                    3.3
xa.xlayout_dut.sn__t0              3.85949e-09
xa.xlayout_dut.qn__t3                      3.3
xa.xlayout_dut.vdd__t17                    3.3
xa.xlayout_dut.vdd__t16                    3.3
xa.xlayout_dut.qp__t5                      3.3
xa.xlayout_dut.qn__t2                      3.3
xa.xlayout_dut.vdd__t15                    3.3
xa.xlayout_dut.vdd__t14                    3.3
xa.xlayout_dut.nb__t1                      3.3
xa.xlayout_dut.sn__t1              3.68451e-09
xa.xlayout_dut.vdd__t22                    3.3
xa.xlayout_dut.vdd__t12                    3.3
xa.xlayout_dut.doutb__t3                   3.3
xa.xlayout_dut.dout__t1            3.91653e-09
xa.xlayout_dut.nb__t0                      3.3
xa.xlayout_dut.vdd__t11                    3.3
xa.xlayout_dut.aon__t2                 2.34437
xa.xlayout_dut.x$28.11                 2.34526
xa.xlayout_dut.vss__t0                       0
xa.xlayout_dut.x$28.21                 3.29834
xa.xlayout_dut.vdd__t10                3.29923
xa.xlayout_dut.aop__t0                  1.0138
xa.xlayout_dut.x$29.11                 1.01594
xa.xlayout_dut.vss__t1                       0
xa.xlayout_dut.x$29.21                 3.29713
xa.xlayout_dut.vdd__t9                 3.29927
xa.xlayout_dut.aon                     2.34418
vsubs                                        0
xa.xlayout_dut.aop                      1.0133
xa.xlayout_dut.atail                  0.555914
douta                              3.91653e-09
doutba                                     3.3
xa.xlayout_dut.ltail                    1.4743
xa.xlayout_dut.mn                          3.3
xa.xlayout_dut.mp                          3.3
xa.xlayout_dut.na                          3.3
xa.xlayout_dut.nb                          3.3
xa.xlayout_dut.qn                          3.3
xa.xlayout_dut.qp                          3.3
xa.xlayout_dut.sn                  3.68451e-09
xa.xlayout_dut.sp                  3.64663e-09
sb                                 -0.00414785
apb                                    1.64793
anb                                    1.65207
ibnb                                   1.12883
xb.xlayout_dut.sp__t2              3.57319e-09
xb.xlayout_dut.qp__t6                      3.3
xb.xlayout_dut.vss__t17            3.29313e-11
xb.xlayout_dut.vss__t2             3.41313e-20
xb.xlayout_dut.dout__t3            3.91653e-09
xb.xlayout_dut.sp__t3              3.64663e-09
xb.xlayout_dut.vss__t25            2.20668e-25
xb.xlayout_dut.vss__t3             4.38547e-20
xb.xlayout_dut.dout__t2            3.76517e-09
xb.xlayout_dut.doutb__t0                   3.3
xb.xlayout_dut.vss__t24            4.30735e-11
xb.xlayout_dut.vss__t4             4.48421e-20
xb.xlayout_dut.ibias__t0               1.12756
xb.xlayout_dut.ibias__t1               1.12883
xb.xlayout_dut.vss__t20            0.000254896
xb.xlayout_dut.vss__t8              2.8764e-11
xb.xlayout_dut.sn__t2              3.57313e-09
xb.xlayout_dut.qn__t6                      3.3
xb.xlayout_dut.vss__t23              3.287e-11
xb.xlayout_dut.vss__t5             3.40666e-20
xb.xlayout_dut.doutb__t1                   3.3
xb.xlayout_dut.sn__t3              3.68451e-09
xb.xlayout_dut.vss__t22            2.69249e-18
xb.xlayout_dut.vss__t6             3.69035e-11
xb.xlayout_dut.doutb__t4                   3.3
xb.xlayout_dut.dout__t4            3.91653e-09
xb.xlayout_dut.vss__t21            2.83179e-18
xb.xlayout_dut.vss__t7             3.88123e-11
xb.xlayout_dut.qn__t4                      3.3
xb.xlayout_dut.qp__t0                      3.3
xb.xlayout_dut.mn__t0                      3.3
xb.xlayout_dut.vss__t9             4.33209e-11
xb.xlayout_dut.mn__t1                      3.3
xb.xlayout_dut.aop__t2                 1.62869
xb.xlayout_dut.ltail__t0               0.98785
xb.xlayout_dut.vss__t11             2.5643e-11
xb.xlayout_dut.atail__t0              0.552504
xb.xlayout_dut.ibias__t2               1.12883
xb.xlayout_dut.vss__t19            0.000498318
xb.xlayout_dut.vss__t13            1.35502e-11
xb.xlayout_dut.qp__t1                      3.3
xb.xlayout_dut.qn__t5                      3.3
xb.xlayout_dut.mp__t2                      3.3
xb.xlayout_dut.vss__t10            4.33989e-11
xb.xlayout_dut.ltail__t1               0.98785
xb.xlayout_dut.clk__t2                       0
xb.xlayout_dut.vss__t18            8.68782e-18
xb.xlayout_dut.vss__t14            5.33511e-12
xb.xlayout_dut.mp__t1                      3.3
xb.xlayout_dut.aon__t0                  1.7287
xb.xlayout_dut.ltail__t2               0.98785
xb.xlayout_dut.vss__t12            2.59149e-11
xb.xlayout_dut.aon__t1                 1.72791
xb.xlayout_dut.vinp__t0                1.64793
xb.xlayout_dut.atail__t1              0.553109
xb.xlayout_dut.vss__t15            5.97481e-11
xb.xlayout_dut.aop__t1                  1.6274
xb.xlayout_dut.vinn__t0                1.65207
xb.xlayout_dut.atail__t2               0.55336
xb.xlayout_dut.vss__t16            5.32209e-11
xb.xlayout_dut.mn__t2                      3.3
xb.xlayout_dut.clk__t0                       0
xb.xlayout_dut.vdd__t0                     3.3
xb.xlayout_dut.vdd__t1                     3.3
xb.xlayout_dut.qn__t1                      3.3
xb.xlayout_dut.clk__t1                       0
xb.xlayout_dut.vdd__t2                     3.3
xb.xlayout_dut.vdd__t3                     3.3
xb.xlayout_dut.sp__t0              3.80753e-09
xb.xlayout_dut.qp__t2                      3.3
xb.xlayout_dut.vdd__t4                     3.3
xb.xlayout_dut.vdd__t5                     3.3
xb.xlayout_dut.mp__t0                      3.3
xb.xlayout_dut.clk__t4                       0
xb.xlayout_dut.vdd__t21                    3.3
xb.xlayout_dut.vdd__t20                    3.3
xb.xlayout_dut.qn__t0                      3.3
xb.xlayout_dut.qp__t3                      3.3
xb.xlayout_dut.vdd__t6                     3.3
xb.xlayout_dut.vdd__t7                     3.3
xb.xlayout_dut.qp__t4                      3.3
xb.xlayout_dut.clk__t3                       0
xb.xlayout_dut.vdd__t19                    3.3
xb.xlayout_dut.vdd__t18                    3.3
xb.xlayout_dut.na__t1                      3.3
xb.xlayout_dut.sp__t1              3.64663e-09
xb.xlayout_dut.vdd__t23                    3.3
xb.xlayout_dut.vdd__t8                     3.3
xb.xlayout_dut.dout__t0            4.02767e-09
xb.xlayout_dut.doutb__t2                   3.3
xb.xlayout_dut.na__t0                      3.3
xb.xlayout_dut.vdd__t13                    3.3
xb.xlayout_dut.sn__t0              3.85949e-09
xb.xlayout_dut.qn__t3                      3.3
xb.xlayout_dut.vdd__t17                    3.3
xb.xlayout_dut.vdd__t16                    3.3
xb.xlayout_dut.qp__t5                      3.3
xb.xlayout_dut.qn__t2                      3.3
xb.xlayout_dut.vdd__t15                    3.3
xb.xlayout_dut.vdd__t14                    3.3
xb.xlayout_dut.nb__t1                      3.3
xb.xlayout_dut.sn__t1              3.68451e-09
xb.xlayout_dut.vdd__t22                    3.3
xb.xlayout_dut.vdd__t12                    3.3
xb.xlayout_dut.doutb__t3                   3.3
xb.xlayout_dut.dout__t1            3.91653e-09
xb.xlayout_dut.nb__t0                      3.3
xb.xlayout_dut.vdd__t11                    3.3
xb.xlayout_dut.aon__t2                 1.72902
xb.xlayout_dut.x$28.11                 1.73049
xb.xlayout_dut.vss__t0                       0
xb.xlayout_dut.x$28.21                 3.29727
xb.xlayout_dut.vdd__t10                3.29874
xb.xlayout_dut.aop__t0                 1.62906
xb.xlayout_dut.x$29.11                 1.63062
xb.xlayout_dut.vss__t1                       0
xb.xlayout_dut.x$29.21                  3.2979
xb.xlayout_dut.vdd__t9                 3.29947
xb.xlayout_dut.aon                      1.7287
xb.xlayout_dut.aop                     1.62869
xb.xlayout_dut.atail                  0.553005
doutb                              3.91653e-09
doutbb                                     3.3
xb.xlayout_dut.ltail                   0.98785
xb.xlayout_dut.mn                          3.3
xb.xlayout_dut.mp                          3.3
xb.xlayout_dut.na                          3.3
xb.xlayout_dut.nb                          3.3
xb.xlayout_dut.qn                          3.3
xb.xlayout_dut.qp                          3.3
xb.xlayout_dut.sn                  3.68451e-09
xb.xlayout_dut.sp                  3.64663e-09
sc                                 -0.00324785
apc                                    1.64838
anc                                    1.65162
ibnc                                   1.12883
xc.xlayout_dut.sp__t2              3.57319e-09
xc.xlayout_dut.qp__t6                      3.3
xc.xlayout_dut.vss__t17            3.29313e-11
xc.xlayout_dut.vss__t2             3.41313e-20
xc.xlayout_dut.dout__t3            3.91653e-09
xc.xlayout_dut.sp__t3              3.64663e-09
xc.xlayout_dut.vss__t25            2.20668e-25
xc.xlayout_dut.vss__t3             4.38547e-20
xc.xlayout_dut.dout__t2            3.76517e-09
xc.xlayout_dut.doutb__t0                   3.3
xc.xlayout_dut.vss__t24            4.30735e-11
xc.xlayout_dut.vss__t4             4.48421e-20
xc.xlayout_dut.ibias__t0               1.12756
xc.xlayout_dut.ibias__t1               1.12883
xc.xlayout_dut.vss__t20            0.000254896
xc.xlayout_dut.vss__t8              2.8764e-11
xc.xlayout_dut.sn__t2              3.57313e-09
xc.xlayout_dut.qn__t6                      3.3
xc.xlayout_dut.vss__t23              3.287e-11
xc.xlayout_dut.vss__t5             3.40666e-20
xc.xlayout_dut.doutb__t1                   3.3
xc.xlayout_dut.sn__t3              3.68451e-09
xc.xlayout_dut.vss__t22            2.69249e-18
xc.xlayout_dut.vss__t6             3.69035e-11
xc.xlayout_dut.doutb__t4                   3.3
xc.xlayout_dut.dout__t4            3.91653e-09
xc.xlayout_dut.vss__t21            2.83179e-18
xc.xlayout_dut.vss__t7             3.88123e-11
xc.xlayout_dut.qn__t4                      3.3
xc.xlayout_dut.qp__t0                      3.3
xc.xlayout_dut.mn__t0                      3.3
xc.xlayout_dut.vss__t9             4.33209e-11
xc.xlayout_dut.mn__t1                      3.3
xc.xlayout_dut.aop__t2                 1.64052
xc.xlayout_dut.ltail__t0              0.979297
xc.xlayout_dut.vss__t11            2.55923e-11
xc.xlayout_dut.atail__t0              0.552499
xc.xlayout_dut.ibias__t2               1.12883
xc.xlayout_dut.vss__t19            0.000498318
xc.xlayout_dut.vss__t13            1.35501e-11
xc.xlayout_dut.qp__t1                      3.3
xc.xlayout_dut.qn__t5                      3.3
xc.xlayout_dut.mp__t2                      3.3
xc.xlayout_dut.vss__t10            4.33989e-11
xc.xlayout_dut.ltail__t1              0.979297
xc.xlayout_dut.clk__t2                       0
xc.xlayout_dut.vss__t18            8.67256e-18
xc.xlayout_dut.vss__t14            5.28892e-12
xc.xlayout_dut.mp__t1                      3.3
xc.xlayout_dut.aon__t0                 1.71688
xc.xlayout_dut.ltail__t2              0.979297
xc.xlayout_dut.vss__t12            2.58632e-11
xc.xlayout_dut.aon__t1                 1.71608
xc.xlayout_dut.vinp__t0                1.64838
xc.xlayout_dut.atail__t1              0.553104
xc.xlayout_dut.vss__t15            5.82619e-11
xc.xlayout_dut.aop__t1                 1.63923
xc.xlayout_dut.vinn__t0                1.65162
xc.xlayout_dut.atail__t2              0.553351
xc.xlayout_dut.vss__t16            5.37211e-11
xc.xlayout_dut.mn__t2                      3.3
xc.xlayout_dut.clk__t0                       0
xc.xlayout_dut.vdd__t0                     3.3
xc.xlayout_dut.vdd__t1                     3.3
xc.xlayout_dut.qn__t1                      3.3
xc.xlayout_dut.clk__t1                       0
xc.xlayout_dut.vdd__t2                     3.3
xc.xlayout_dut.vdd__t3                     3.3
xc.xlayout_dut.sp__t0              3.80753e-09
xc.xlayout_dut.qp__t2                      3.3
xc.xlayout_dut.vdd__t4                     3.3
xc.xlayout_dut.vdd__t5                     3.3
xc.xlayout_dut.mp__t0                      3.3
xc.xlayout_dut.clk__t4                       0
xc.xlayout_dut.vdd__t21                    3.3
xc.xlayout_dut.vdd__t20                    3.3
xc.xlayout_dut.qn__t0                      3.3
xc.xlayout_dut.qp__t3                      3.3
xc.xlayout_dut.vdd__t6                     3.3
xc.xlayout_dut.vdd__t7                     3.3
xc.xlayout_dut.qp__t4                      3.3
xc.xlayout_dut.clk__t3                       0
xc.xlayout_dut.vdd__t19                    3.3
xc.xlayout_dut.vdd__t18                    3.3
xc.xlayout_dut.na__t1                      3.3
xc.xlayout_dut.sp__t1              3.64663e-09
xc.xlayout_dut.vdd__t23                    3.3
xc.xlayout_dut.vdd__t8                     3.3
xc.xlayout_dut.dout__t0            4.02767e-09
xc.xlayout_dut.doutb__t2                   3.3
xc.xlayout_dut.na__t0                      3.3
xc.xlayout_dut.vdd__t13                    3.3
xc.xlayout_dut.sn__t0              3.85949e-09
xc.xlayout_dut.qn__t3                      3.3
xc.xlayout_dut.vdd__t17                    3.3
xc.xlayout_dut.vdd__t16                    3.3
xc.xlayout_dut.qp__t5                      3.3
xc.xlayout_dut.qn__t2                      3.3
xc.xlayout_dut.vdd__t15                    3.3
xc.xlayout_dut.vdd__t14                    3.3
xc.xlayout_dut.nb__t1                      3.3
xc.xlayout_dut.sn__t1              3.68451e-09
xc.xlayout_dut.vdd__t22                    3.3
xc.xlayout_dut.vdd__t12                    3.3
xc.xlayout_dut.doutb__t3                   3.3
xc.xlayout_dut.dout__t1            3.91653e-09
xc.xlayout_dut.nb__t0                      3.3
xc.xlayout_dut.vdd__t11                    3.3
xc.xlayout_dut.aon__t2                  1.7172
xc.xlayout_dut.x$28.11                 1.71868
xc.xlayout_dut.vss__t0                       0
xc.xlayout_dut.x$28.21                 3.29725
xc.xlayout_dut.vdd__t10                3.29873
xc.xlayout_dut.aop__t0                 1.64088
xc.xlayout_dut.x$29.11                 1.64243
xc.xlayout_dut.vss__t1                       0
xc.xlayout_dut.x$29.21                 3.29792
xc.xlayout_dut.vdd__t9                 3.29947
xc.xlayout_dut.aon                     1.71688
xc.xlayout_dut.aop                     1.64052
xc.xlayout_dut.atail                     0.553
doutc                              3.91653e-09
doutbc                                     3.3
xc.xlayout_dut.ltail                  0.979297
xc.xlayout_dut.mn                          3.3
xc.xlayout_dut.mp                          3.3
xc.xlayout_dut.na                          3.3
xc.xlayout_dut.nb                          3.3
xc.xlayout_dut.qn                          3.3
xc.xlayout_dut.qp                          3.3
xc.xlayout_dut.sn                  3.68451e-09
xc.xlayout_dut.sp                  3.64663e-09
clkn                                         0
dan                                1.18683e-09
dbn                                1.18683e-09
dcn                                1.18683e-09
bdcn#branch                                  0
bdbn#branch                                  0
bdan#branch                                  0
bclkn#branch                                 0
eanc#branch                         8.6028e-19
eapc#branch                        5.96129e-19
eanb#branch                       -1.89476e-19
eapb#branch                       -8.88391e-20
eana#branch                       -3.02307e-19
eapa#branch                        2.39918e-20
vsc#branch                                   0
vsb#branch                                   0
vsa#branch                                   0
vcm#branch                         8.99779e-19
vclk#branch                                  0
vsupa#branch                      -3.03384e-05
vsup#branch                       -6.06741e-05

 Reference value :  8.86400e-10
 Reference value :  3.74640e-09
 Reference value :  6.66640e-09
 Reference value :  9.53140e-09
 Reference value :  1.23161e-08
 Reference value :  1.50711e-08
 Reference value :  1.78811e-08
 Reference value :  2.07326e-08
 Reference value :  2.36425e-08
 Reference value :  2.65675e-08
 Reference value :  2.96025e-08
 Reference value :  3.23875e-08
 Reference value :  3.52225e-08
 Reference value :  3.81325e-08
 Reference value :  4.07111e-08
 Reference value :  4.32661e-08
 Reference value :  4.63061e-08
 Reference value :  4.90661e-08
 Reference value :  5.15976e-08
 Reference value :  5.45326e-08
 Reference value :  5.73676e-08
No. of Data Rows : 12046
vsup_v              =  3.30000e+00
td_a                =  1.23560e-09 targ=  4.12856e-08 trig=  4.00500e-08
td_b                =  1.67719e-09 targ=  4.17272e-08 trig=  4.00500e-08
td_c                =  1.92838e-09 targ=  4.19784e-08 trig=  4.00500e-08
da_first            =  1.74731e-07
db_first            =  1.72548e-07
dc_first            =  1.72282e-07
da_end              =  9.99982e-01
db_end              =  9.99982e-01
dc_end              =  9.99982e-01
i_stat              =  -2.98478e-05 from=  2.50000e-08 to=  2.90025e-08
q_dec               =  -7.69527e-13 from=  3.99000e-08 to=  4.80000e-08
m_td_od50_ns = 1.2355990000e+00
m_td_od1_ns = 1.6771920000e+00
m_td_od01_ns = 1.9283820000e+00
m_tau_ps = 1.0909043091e+02
m_resolve_decades = 1.5374327391e+01
m_dout_od50_end = 9.9998230000e-01
m_dout_od1_end = 9.9998230000e-01
m_dout_od01_end = 9.9998230000e-01
m_dout_od50_first = 1.7473070000e-07
m_dout_od1_first = 1.7254830000e-07
m_dout_od01_first = 1.7228240000e-07
m_i_static_ua = 2.9847830000e+01
m_e_dec_fj = 1.7416062741e+03
Note: Simulation executed from .control section 

Warning: m=xx on .subckt line will override multiplier m hierarchy!

Note: Starting dynamic gmin stepping
Note: Dynamic gmin stepping completed
