
Note: Compatibility modes selected: hs a


Circuit: * comparator-regeneration-vosprobe @ ss_-40c_3.30v -- generated by sim/harness, do not edit

Doing analysis at TEMP = -40.000000 and TNOM = 27.000000

Using SPARSE 1.3 as Direct Linear Solver

Initial Transient Solution
--------------------------

Node                                   Voltage
----                                   -------
vdd                                        3.3
cm                                        1.65
clk                                          0
rmp                                      -0.04
vp                                        1.63
vn                                        1.67
ibn                                    1.12883
xdut.xlayout_dut.sp__t2            3.57319e-09
xdut.xlayout_dut.qp__t6                    3.3
xdut.xlayout_dut.vss__t17          3.29313e-11
xdut.xlayout_dut.vss__t2           3.41313e-20
xdut.xlayout_dut.dout__t3                  3.3
xdut.xlayout_dut.sp__t3            3.64663e-09
xdut.xlayout_dut.vss__t25          2.69608e-18
xdut.xlayout_dut.vss__t3           3.69526e-11
xdut.xlayout_dut.dout__t2                  3.3
xdut.xlayout_dut.doutb__t0         3.90277e-09
xdut.xlayout_dut.vss__t24           2.8352e-18
xdut.xlayout_dut.vss__t4           3.88591e-11
xdut.xlayout_dut.ibias__t0             1.12756
xdut.xlayout_dut.ibias__t1             1.12883
xdut.xlayout_dut.vss__t20          0.000254896
xdut.xlayout_dut.vss__t8            2.8764e-11
xdut.xlayout_dut.sn__t2            3.57313e-09
xdut.xlayout_dut.qn__t6                    3.3
xdut.xlayout_dut.vss__t23            3.287e-11
xdut.xlayout_dut.vss__t5           3.40666e-20
xdut.xlayout_dut.doutb__t1         3.90277e-09
xdut.xlayout_dut.sn__t3            3.68451e-09
xdut.xlayout_dut.vss__t22            2.196e-25
xdut.xlayout_dut.vss__t6           4.36424e-20
xdut.xlayout_dut.doutb__t4         3.76511e-09
xdut.xlayout_dut.dout__t4                  3.3
xdut.xlayout_dut.vss__t21          4.30217e-11
xdut.xlayout_dut.vss__t7           4.47869e-20
xdut.xlayout_dut.qn__t4                    3.3
xdut.xlayout_dut.qp__t0                    3.3
xdut.xlayout_dut.mn__t0                    3.3
xdut.xlayout_dut.vss__t9           4.33209e-11
xdut.xlayout_dut.mn__t1                    3.3
xdut.xlayout_dut.aop__t2               1.16972
xdut.xlayout_dut.ltail__t0             1.34898
xdut.xlayout_dut.vss__t11          2.78023e-11
xdut.xlayout_dut.atail__t0            0.554137
xdut.xlayout_dut.ibias__t2             1.12883
xdut.xlayout_dut.vss__t19           0.00049833
xdut.xlayout_dut.vss__t13          1.35902e-11
xdut.xlayout_dut.qp__t1                    3.3
xdut.xlayout_dut.qn__t5                    3.3
xdut.xlayout_dut.mp__t2                    3.3
xdut.xlayout_dut.vss__t10          4.33989e-11
xdut.xlayout_dut.ltail__t1             1.34898
xdut.xlayout_dut.clk__t2                     0
xdut.xlayout_dut.vss__t18            9.334e-18
xdut.xlayout_dut.vss__t14          7.28547e-12
xdut.xlayout_dut.mp__t1                    3.3
xdut.xlayout_dut.aon__t0                2.1878
xdut.xlayout_dut.ltail__t2             1.34898
xdut.xlayout_dut.vss__t12          2.80841e-11
xdut.xlayout_dut.aon__t1               2.18723
xdut.xlayout_dut.vinp__t0                 1.63
xdut.xlayout_dut.atail__t1            0.554711
xdut.xlayout_dut.vss__t15          2.87336e-09
xdut.xlayout_dut.aop__t1               1.16807
xdut.xlayout_dut.vinn__t0                 1.67
xdut.xlayout_dut.atail__t2            0.555089
xdut.xlayout_dut.vss__t16          4.15252e-11
xdut.xlayout_dut.mn__t2                    3.3
xdut.xlayout_dut.clk__t0                     0
xdut.xlayout_dut.vdd__t0                   3.3
xdut.xlayout_dut.vdd__t1                   3.3
xdut.xlayout_dut.qn__t1                    3.3
xdut.xlayout_dut.clk__t1                     0
xdut.xlayout_dut.vdd__t2                   3.3
xdut.xlayout_dut.vdd__t3                   3.3
xdut.xlayout_dut.sp__t0            3.80753e-09
xdut.xlayout_dut.qp__t2                    3.3
xdut.xlayout_dut.vdd__t4                   3.3
xdut.xlayout_dut.vdd__t5                   3.3
xdut.xlayout_dut.mp__t0                    3.3
xdut.xlayout_dut.clk__t4                     0
xdut.xlayout_dut.vdd__t21                  3.3
xdut.xlayout_dut.vdd__t20                  3.3
xdut.xlayout_dut.qn__t0                    3.3
xdut.xlayout_dut.qp__t3                    3.3
xdut.xlayout_dut.vdd__t6                   3.3
xdut.xlayout_dut.vdd__t7                   3.3
xdut.xlayout_dut.qp__t4                    3.3
xdut.xlayout_dut.clk__t3                     0
xdut.xlayout_dut.vdd__t19                  3.3
xdut.xlayout_dut.vdd__t18                  3.3
xdut.xlayout_dut.na__t1                    3.3
xdut.xlayout_dut.sp__t1            3.64663e-09
xdut.xlayout_dut.vdd__t23                  3.3
xdut.xlayout_dut.vdd__t8                   3.3
xdut.xlayout_dut.dout__t0                  3.3
xdut.xlayout_dut.doutb__t2         3.90277e-09
xdut.xlayout_dut.na__t0                    3.3
xdut.xlayout_dut.vdd__t13                  3.3
xdut.xlayout_dut.sn__t0            3.85949e-09
xdut.xlayout_dut.qn__t3                    3.3
xdut.xlayout_dut.vdd__t17                  3.3
xdut.xlayout_dut.vdd__t16                  3.3
xdut.xlayout_dut.qp__t5                    3.3
xdut.xlayout_dut.qn__t2                    3.3
xdut.xlayout_dut.vdd__t15                  3.3
xdut.xlayout_dut.vdd__t14                  3.3
xdut.xlayout_dut.nb__t1                    3.3
xdut.xlayout_dut.sn__t1            3.68451e-09
xdut.xlayout_dut.vdd__t22                  3.3
xdut.xlayout_dut.vdd__t12                  3.3
xdut.xlayout_dut.doutb__t3         4.20237e-09
xdut.xlayout_dut.dout__t1                  3.3
xdut.xlayout_dut.nb__t0                    3.3
xdut.xlayout_dut.vdd__t11                  3.3
xdut.xlayout_dut.aon__t2               2.18802
xdut.xlayout_dut.x$28.11               2.18906
xdut.xlayout_dut.vss__t0                     0
xdut.xlayout_dut.x$28.21               3.29807
xdut.xlayout_dut.vdd__t10              3.29911
xdut.xlayout_dut.aop__t0               1.17018
xdut.xlayout_dut.x$29.11               1.17218
xdut.xlayout_dut.vss__t1                     0
xdut.xlayout_dut.x$29.21               3.29733
xdut.xlayout_dut.vdd__t9               3.29932
xdut.xlayout_dut.aon                    2.1878
vsubs                                        0
xdut.xlayout_dut.aop                   1.16972
xdut.xlayout_dut.atail                0.554638
dout                                       3.3
doutb                              3.90277e-09
xdut.xlayout_dut.ltail                 1.34898
xdut.xlayout_dut.mn                        3.3
xdut.xlayout_dut.mp                        3.3
xdut.xlayout_dut.na                        3.3
xdut.xlayout_dut.nb                        3.3
xdut.xlayout_dut.qn                        3.3
xdut.xlayout_dut.qp                        3.3
xdut.xlayout_dut.sn                3.68451e-09
xdut.xlayout_dut.sp                3.64663e-09
dn                                           1
bdn#branch                                   0
bnn#branch                         1.17161e-18
bpp#branch                          3.4199e-19
vrmp#branch                                  0
vclk#branch                                  0
vcm#branch                                   0
vsup#branch                       -3.03377e-05

 Reference value :  1.10100e-07
 Reference value :  3.70047e-07
 Reference value :  6.10030e-07
 Reference value :  8.50091e-07
 Reference value :  1.09010e-06
 Reference value :  1.33070e-06
 Reference value :  1.57064e-06
 Reference value :  1.84007e-06
 Reference value :  2.08007e-06
 Reference value :  2.33011e-06
 Reference value :  2.59046e-06
 Reference value :  2.84173e-06
 Reference value :  3.10569e-06
 Reference value :  3.37011e-06
 Reference value :  3.62040e-06
 Reference value :  3.88001e-06
 Reference value :  4.13019e-06
 Reference value :  4.37391e-06
 Reference value :  4.64011e-06
 Reference value :  4.87422e-06
 Reference value :  5.12051e-06
 Reference value :  5.38011e-06
 Reference value :  5.62063e-06
 Reference value :  5.87060e-06
 Reference value :  6.13750e-06
 Reference value :  6.38080e-06
 Reference value :  6.65018e-06
 Reference value :  6.92010e-06
 Reference value :  7.19098e-06
 Reference value :  7.45136e-06
 Reference value :  7.78033e-06
 Reference value :  8.03085e-06
 Reference value :  8.29131e-06
 Reference value :  8.56131e-06
 Reference value :  8.83022e-06
 Reference value :  9.10431e-06
 Reference value :  9.40027e-06
 Reference value :  9.67009e-06
 Reference value :  9.92075e-06
 Reference value :  1.01813e-05
 Reference value :  1.04501e-05
 Reference value :  1.07218e-05
 Reference value :  1.09906e-05
 Reference value :  1.12600e-05
 Reference value :  1.15301e-05
 Reference value :  1.17802e-05
 Reference value :  1.20410e-05
 Reference value :  1.23209e-05
 Reference value :  1.25908e-05
 Reference value :  1.28602e-05
 Reference value :  1.31201e-05
 Reference value :  1.33902e-05
 Reference value :  1.36411e-05
 Reference value :  1.39107e-05
 Reference value :  1.42000e-05
 Reference value :  1.44701e-05
 Reference value :  1.47402e-05
 Reference value :  1.50102e-05
 Reference value :  1.52812e-05
 Reference value :  1.55801e-05
 Reference value :  1.58578e-05
 Reference value :  1.61309e-05
 Reference value :  1.64204e-05
 Reference value :  1.66912e-05
 Reference value :  1.69909e-05
 Reference value :  1.73304e-05
 Reference value :  1.76500e-05
 Reference value :  1.79207e-05
 Reference value :  1.81900e-05
 Reference value :  1.84325e-05
 Reference value :  1.87008e-05
 Reference value :  1.89701e-05
 Reference value :  1.92504e-05
 Reference value :  1.95433e-05
 Reference value :  1.98207e-05
 Reference value :  2.01100e-05
 Reference value :  2.03801e-05
 Reference value :  2.06606e-05
 Reference value :  2.09306e-05
 Reference value :  2.12006e-05
 Reference value :  2.14604e-05
 Reference value :  2.17106e-05
 Reference value :  2.19807e-05
 Reference value :  2.22516e-05
 Reference value :  2.25103e-05
 Reference value :  2.27801e-05
 Reference value :  2.30301e-05
 Reference value :  2.32901e-05
 Reference value :  2.35708e-05
 Reference value :  2.38409e-05
 Reference value :  2.41016e-05
 Reference value :  2.43808e-05
 Reference value :  2.46594e-05
 Reference value :  2.49404e-05
 Reference value :  2.52201e-05
 Reference value :  2.54836e-05
 Reference value :  2.57508e-05
 Reference value :  2.60002e-05
 Reference value :  2.62604e-05
 Reference value :  2.65102e-05
 Reference value :  2.67508e-05
 Reference value :  2.70118e-05
 Reference value :  2.73404e-05
 Reference value :  2.76101e-05
 Reference value :  2.78604e-05
 Reference value :  2.81200e-05
 Reference value :  2.83608e-05
 Reference value :  2.86301e-05
 Reference value :  2.89001e-05
 Reference value :  2.91708e-05
 Reference value :  2.94431e-05
 Reference value :  2.97107e-05
 Reference value :  2.99604e-05
 Reference value :  3.02605e-05
 Reference value :  3.05301e-05
 Reference value :  3.07709e-05
 Reference value :  3.10049e-05
 Reference value :  3.12515e-05
 Reference value :  3.15212e-05
 Reference value :  3.17902e-05
 Reference value :  3.20602e-05
 Reference value :  3.23207e-05
 Reference value :  3.25752e-05
 Reference value :  3.28301e-05
 Reference value :  3.30801e-05
 Reference value :  3.33406e-05
 Reference value :  3.35974e-05
 Reference value :  3.38509e-05
 Reference value :  3.41012e-05
 Reference value :  3.43705e-05
 Reference value :  3.46170e-05
 Reference value :  3.48802e-05
 Reference value :  3.51410e-05
 Reference value :  3.54101e-05
 Reference value :  3.56603e-05
 Reference value :  3.59210e-05
 Reference value :  3.61707e-05
 Reference value :  3.64303e-05
 Reference value :  3.66713e-05
 Reference value :  3.69701e-05
 Reference value :  3.72201e-05
 Reference value :  3.74801e-05
 Reference value :  3.77302e-05
 Reference value :  3.79710e-05
 Reference value :  3.82405e-05
 Reference value :  3.85077e-05
 Reference value :  3.87715e-05
 Reference value :  3.90214e-05
 Reference value :  3.92901e-05
 Reference value :  3.95501e-05
 Reference value :  3.98008e-05
 Reference value :  4.00901e-05
 Reference value :  4.03405e-05
 Reference value :  4.06009e-05
 Reference value :  4.08801e-05
 Reference value :  4.11406e-05
 Reference value :  4.14101e-05
 Reference value :  4.16810e-05
 Reference value :  4.19306e-05
 Reference value :  4.22002e-05
 Reference value :  4.24632e-05
 Reference value :  4.27401e-05
 Reference value :  4.30008e-05
 Reference value :  4.32702e-05
 Reference value :  4.35202e-05
 Reference value :  4.37802e-05
 Reference value :  4.40316e-05
 Reference value :  4.43201e-05
 Reference value :  4.45902e-05
 Reference value :  4.48603e-05
 Reference value :  4.51310e-05
 Reference value :  4.53816e-05
 Reference value :  4.56506e-05
 Reference value :  4.59101e-05
 Reference value :  4.61607e-05
 Reference value :  4.64209e-05
 Reference value :  4.67803e-05
 Reference value :  4.71736e-05
 Reference value :  4.74205e-05
 Reference value :  4.76812e-05
 Reference value :  4.79501e-05
 Reference value :  4.81900e-05
 Reference value :  4.84402e-05
 Reference value :  4.87110e-05
 Reference value :  4.89810e-05
 Reference value :  4.92410e-05
 Reference value :  4.95100e-05
 Reference value :  4.97802e-05
 Reference value :  5.00308e-05
 Reference value :  5.03002e-05
 Reference value :  5.05603e-05
 Reference value :  5.08008e-05
 Reference value :  5.10714e-05
 Reference value :  5.13409e-05
 Reference value :  5.15906e-05
 Reference value :  5.18508e-05
 Reference value :  5.21306e-05
 Reference value :  5.24002e-05
 Reference value :  5.26611e-05
 Reference value :  5.29195e-05
 Reference value :  5.31704e-05
 Reference value :  5.34408e-05
 Reference value :  5.37102e-05
 Reference value :  5.39800e-05
 Reference value :  5.42202e-05
 Reference value :  5.44731e-05
 Reference value :  5.47402e-05
 Reference value :  5.50007e-05
 Reference value :  5.52701e-05
 Reference value :  5.55412e-05
 Reference value :  5.58105e-05
 Reference value :  5.60606e-05
 Reference value :  5.63500e-05
 Reference value :  5.66002e-05
 Reference value :  5.68602e-05
 Reference value :  5.71106e-05
 Reference value :  5.74402e-05
 Reference value :  5.77001e-05
 Reference value :  5.79701e-05
 Reference value :  5.82206e-05
 Reference value :  5.84801e-05
 Reference value :  5.87509e-05
 Reference value :  5.90208e-05
 Reference value :  5.93002e-05
 Reference value :  5.95900e-05
 Reference value :  5.98410e-05
 Reference value :  6.01106e-05
 Reference value :  6.03707e-05
 Reference value :  6.06401e-05
 Reference value :  6.09102e-05
 Reference value :  6.11800e-05
 Reference value :  6.14509e-05
 Reference value :  6.17201e-05
 Reference value :  6.19702e-05
 Reference value :  6.22302e-05
 Reference value :  6.25109e-05
 Reference value :  6.27702e-05
 Reference value :  6.30208e-05
 Reference value :  6.32634e-05
 Reference value :  6.35278e-05
 Reference value :  6.37900e-05
 Reference value :  6.40402e-05
 Reference value :  6.42810e-05
 Reference value :  6.45507e-05
 Reference value :  6.48107e-05
 Reference value :  6.50804e-05
 Reference value :  6.53314e-05
 Reference value :  6.55908e-05
 Reference value :  6.58601e-05
 Reference value :  6.61301e-05
 Reference value :  6.63802e-05
 Reference value :  6.66505e-05
 Reference value :  6.69102e-05
 Reference value :  6.71602e-05
 Reference value :  6.74201e-05
 Reference value :  6.76911e-05
 Reference value :  6.79601e-05
 Reference value :  6.82301e-05
 Reference value :  6.84706e-05
 Reference value :  6.87104e-05
 Reference value :  6.89504e-05
 Reference value :  6.92009e-05
 Reference value :  6.94607e-05
 Reference value :  6.97107e-05
 Reference value :  6.99729e-05
 Reference value :  7.02219e-05
 Reference value :  7.04805e-05
 Reference value :  7.07306e-05
 Reference value :  7.10002e-05
 Reference value :  7.12601e-05
 Reference value :  7.15013e-05
 Reference value :  7.17502e-05
 Reference value :  7.20202e-05
 Reference value :  7.22610e-05
 Reference value :  7.25220e-05
 Reference value :  7.27707e-05
 Reference value :  7.30303e-05
 Reference value :  7.32717e-05
 Reference value :  7.35202e-05
 Reference value :  7.37634e-05
 Reference value :  7.40005e-05
 Reference value :  7.42404e-05
 Reference value :  7.45004e-05
 Reference value :  7.47409e-05
 Reference value :  7.49820e-05
 Reference value :  7.52504e-05
 Reference value :  7.55001e-05
 Reference value :  7.57403e-05
 Reference value :  7.59808e-05
 Reference value :  7.62405e-05
 Reference value :  7.64902e-05
 Reference value :  7.67231e-05
 Reference value :  7.69904e-05
 Reference value :  7.72301e-05
 Reference value :  7.74801e-05
 Reference value :  7.77202e-05
 Reference value :  7.80103e-05
 Reference value :  7.82519e-05
 Reference value :  7.85024e-05
 Reference value :  7.87501e-05
 Reference value :  7.90001e-05
 Reference value :  7.92402e-05
 Reference value :  7.95102e-05
 Reference value :  7.97524e-05
No. of Data Rows : 300681
t_flip              =  3.68521e-05
vos_v               =  -3.14785e-03
m_dut_vos = -3.147850000e-03
Note: Simulation executed from .control section 

Warning: m=xx on .subckt line will override multiplier m hierarchy!

