
Note: Compatibility modes selected: hs a


Circuit: * comparator-regeneration @ ss_125c_3.63v -- generated by sim/harness, do not edit

Doing analysis at TEMP = 125.000000 and TNOM = 27.000000

Using SPARSE 1.3 as Direct Linear Solver

Initial Transient Solution
--------------------------

Node                                   Voltage
----                                   -------
vdd                                       3.63
vdda                                      3.63
clk                                          0
cm                                        1.65
sa                                  -0.0600175
apa                                    1.61999
ana                                    1.68001
ibna                                   1.11437
xa.xlayout_dut.sp__t2              7.98079e-09
xa.xlayout_dut.qp__t6                     3.63
xa.xlayout_dut.vss__t17            4.70767e-11
xa.xlayout_dut.vss__t2             5.91216e-19
xa.xlayout_dut.dout__t3            1.02674e-08
xa.xlayout_dut.sp__t3              8.08577e-09
xa.xlayout_dut.vss__t25            2.88763e-18
xa.xlayout_dut.vss__t3             8.94561e-19
xa.xlayout_dut.dout__t2            1.00097e-08
xa.xlayout_dut.doutb__t0                  3.63
xa.xlayout_dut.vss__t24            7.33506e-11
xa.xlayout_dut.vss__t4             9.23817e-19
xa.xlayout_dut.ibias__t0               1.11309
xa.xlayout_dut.ibias__t1               1.11437
xa.xlayout_dut.vss__t20            0.000254896
xa.xlayout_dut.vss__t8             4.12286e-11
xa.xlayout_dut.sn__t2               7.9807e-09
xa.xlayout_dut.qn__t6                     3.63
xa.xlayout_dut.vss__t23             4.6989e-11
xa.xlayout_dut.vss__t5             5.90103e-19
xa.xlayout_dut.doutb__t1                  3.63
xa.xlayout_dut.sn__t3              8.13992e-09
xa.xlayout_dut.vss__t22            1.73591e-11
xa.xlayout_dut.vss__t6             4.39501e-11
xa.xlayout_dut.doutb__t4                  3.63
xa.xlayout_dut.dout__t4            1.02674e-08
xa.xlayout_dut.vss__t21             1.8257e-11
xa.xlayout_dut.vss__t7             4.62235e-11
xa.xlayout_dut.qn__t4                     3.63
xa.xlayout_dut.qp__t0                     3.63
xa.xlayout_dut.mn__t0                     3.63
xa.xlayout_dut.vss__t9             5.53844e-11
xa.xlayout_dut.mn__t1                     3.63
xa.xlayout_dut.aop__t2                 1.77031
xa.xlayout_dut.ltail__t0               2.04223
xa.xlayout_dut.vss__t11            4.30828e-11
xa.xlayout_dut.atail__t0              0.658763
xa.xlayout_dut.ibias__t2               1.11437
xa.xlayout_dut.vss__t19             0.00049271
xa.xlayout_dut.vss__t13            3.95842e-11
xa.xlayout_dut.qp__t1                     3.63
xa.xlayout_dut.qn__t5                     3.63
xa.xlayout_dut.mp__t2                     3.63
xa.xlayout_dut.vss__t10            5.54841e-11
xa.xlayout_dut.ltail__t1               2.04223
xa.xlayout_dut.clk__t2                       0
xa.xlayout_dut.vss__t18            5.24127e-11
xa.xlayout_dut.vss__t14            1.89994e-11
xa.xlayout_dut.mp__t1                     3.63
xa.xlayout_dut.aon__t0                 2.70632
xa.xlayout_dut.ltail__t2               2.04223
xa.xlayout_dut.vss__t12            4.35153e-11
xa.xlayout_dut.aon__t1                 2.70578
xa.xlayout_dut.vinp__t0                1.61999
xa.xlayout_dut.atail__t1              0.659329
xa.xlayout_dut.vss__t15            5.19459e-08
xa.xlayout_dut.aop__t1                 1.76865
xa.xlayout_dut.vinn__t0                1.68001
xa.xlayout_dut.atail__t2              0.659713
xa.xlayout_dut.vss__t16            1.89626e-10
xa.xlayout_dut.mn__t2                     3.63
xa.xlayout_dut.clk__t0                       0
xa.xlayout_dut.vdd__t0                    3.63
xa.xlayout_dut.vdd__t1                    3.63
xa.xlayout_dut.qn__t1                     3.63
xa.xlayout_dut.clk__t1                       0
xa.xlayout_dut.vdd__t2                    3.63
xa.xlayout_dut.vdd__t3                    3.63
xa.xlayout_dut.sp__t0              8.31578e-09
xa.xlayout_dut.qp__t2                     3.63
xa.xlayout_dut.vdd__t4                    3.63
xa.xlayout_dut.vdd__t5                    3.63
xa.xlayout_dut.mp__t0                     3.63
xa.xlayout_dut.clk__t4                       0
xa.xlayout_dut.vdd__t21                   3.63
xa.xlayout_dut.vdd__t20                   3.63
xa.xlayout_dut.qn__t0                     3.63
xa.xlayout_dut.qp__t3                     3.63
xa.xlayout_dut.vdd__t6                    3.63
xa.xlayout_dut.vdd__t7                    3.63
xa.xlayout_dut.qp__t4                     3.63
xa.xlayout_dut.clk__t3                       0
xa.xlayout_dut.vdd__t19                   3.63
xa.xlayout_dut.vdd__t18                   3.63
xa.xlayout_dut.na__t1                     3.63
xa.xlayout_dut.sp__t1              8.08577e-09
xa.xlayout_dut.vdd__t23                   3.63
xa.xlayout_dut.vdd__t8                    3.63
xa.xlayout_dut.dout__t0            1.04567e-08
xa.xlayout_dut.doutb__t2                  3.63
xa.xlayout_dut.na__t0                     3.63
xa.xlayout_dut.vdd__t13                   3.63
xa.xlayout_dut.sn__t0              8.39006e-09
xa.xlayout_dut.qn__t3                     3.63
xa.xlayout_dut.vdd__t17                   3.63
xa.xlayout_dut.vdd__t16                   3.63
xa.xlayout_dut.qp__t5                     3.63
xa.xlayout_dut.qn__t2                     3.63
xa.xlayout_dut.vdd__t15                   3.63
xa.xlayout_dut.vdd__t14                   3.63
xa.xlayout_dut.nb__t1                     3.63
xa.xlayout_dut.sn__t1              8.13992e-09
xa.xlayout_dut.vdd__t22                   3.63
xa.xlayout_dut.vdd__t12                   3.63
xa.xlayout_dut.doutb__t3                  3.63
xa.xlayout_dut.dout__t1            1.02674e-08
xa.xlayout_dut.nb__t0                     3.63
xa.xlayout_dut.vdd__t11                   3.63
xa.xlayout_dut.aon__t2                 2.70653
xa.xlayout_dut.x$28.11                  2.7069
xa.xlayout_dut.vss__t0                       0
xa.xlayout_dut.x$28.21                 3.62877
xa.xlayout_dut.vdd__t10                3.62915
xa.xlayout_dut.aop__t0                 1.77078
xa.xlayout_dut.x$29.11                 1.77153
xa.xlayout_dut.vss__t1                       0
xa.xlayout_dut.x$29.21                 3.62857
xa.xlayout_dut.vdd__t9                 3.62932
xa.xlayout_dut.aon                     2.70632
vsubs                                        0
xa.xlayout_dut.aop                     1.77031
xa.xlayout_dut.atail                  0.659259
douta                              1.02674e-08
doutba                                    3.63
xa.xlayout_dut.ltail                   2.04223
xa.xlayout_dut.mn                         3.63
xa.xlayout_dut.mp                         3.63
xa.xlayout_dut.na                         3.63
xa.xlayout_dut.nb                         3.63
xa.xlayout_dut.qn                         3.63
xa.xlayout_dut.qp                         3.63
xa.xlayout_dut.sn                  8.13992e-09
xa.xlayout_dut.sp                  8.08577e-09
sb                                  -0.0110175
apb                                    1.64449
anb                                    1.65551
ibnb                                   1.11437
xb.xlayout_dut.sp__t2              7.98079e-09
xb.xlayout_dut.qp__t6                     3.63
xb.xlayout_dut.vss__t17            4.70767e-11
xb.xlayout_dut.vss__t2             5.91216e-19
xb.xlayout_dut.dout__t3            1.02674e-08
xb.xlayout_dut.sp__t3              8.08577e-09
xb.xlayout_dut.vss__t25            2.88763e-18
xb.xlayout_dut.vss__t3             8.94561e-19
xb.xlayout_dut.dout__t2            1.00097e-08
xb.xlayout_dut.doutb__t0                  3.63
xb.xlayout_dut.vss__t24            7.33506e-11
xb.xlayout_dut.vss__t4             9.23817e-19
xb.xlayout_dut.ibias__t0               1.11309
xb.xlayout_dut.ibias__t1               1.11437
xb.xlayout_dut.vss__t20            0.000254896
xb.xlayout_dut.vss__t8             4.12286e-11
xb.xlayout_dut.sn__t2               7.9807e-09
xb.xlayout_dut.qn__t6                     3.63
xb.xlayout_dut.vss__t23             4.6989e-11
xb.xlayout_dut.vss__t5             5.90103e-19
xb.xlayout_dut.doutb__t1                  3.63
xb.xlayout_dut.sn__t3              8.13992e-09
xb.xlayout_dut.vss__t22            1.73591e-11
xb.xlayout_dut.vss__t6             4.39501e-11
xb.xlayout_dut.doutb__t4                  3.63
xb.xlayout_dut.dout__t4            1.02674e-08
xb.xlayout_dut.vss__t21             1.8257e-11
xb.xlayout_dut.vss__t7             4.62235e-11
xb.xlayout_dut.qn__t4                     3.63
xb.xlayout_dut.qp__t0                     3.63
xb.xlayout_dut.mn__t0                     3.63
xb.xlayout_dut.vss__t9             5.53844e-11
xb.xlayout_dut.mn__t1                     3.63
xb.xlayout_dut.aop__t2                 2.15261
xb.xlayout_dut.ltail__t0               1.73206
xb.xlayout_dut.vss__t11             4.1228e-11
xb.xlayout_dut.atail__t0              0.656215
xb.xlayout_dut.ibias__t2               1.11437
xb.xlayout_dut.vss__t19            0.000492694
xb.xlayout_dut.vss__t13            3.95218e-11
xb.xlayout_dut.qp__t1                     3.63
xb.xlayout_dut.qn__t5                     3.63
xb.xlayout_dut.mp__t2                     3.63
xb.xlayout_dut.vss__t10            5.54841e-11
xb.xlayout_dut.ltail__t1               1.73206
xb.xlayout_dut.clk__t2                       0
xb.xlayout_dut.vss__t18            5.05337e-11
xb.xlayout_dut.vss__t14            1.73155e-11
xb.xlayout_dut.mp__t1                     3.63
xb.xlayout_dut.aon__t0                 2.32419
xb.xlayout_dut.ltail__t2               1.73206
xb.xlayout_dut.vss__t12            4.16487e-11
xb.xlayout_dut.aon__t1                 2.32342
xb.xlayout_dut.vinp__t0                1.64449
xb.xlayout_dut.atail__t1               0.65681
xb.xlayout_dut.vss__t15            3.06174e-09
xb.xlayout_dut.aop__t1                 2.15129
xb.xlayout_dut.vinn__t0                1.65551
xb.xlayout_dut.atail__t2              0.657071
xb.xlayout_dut.vss__t16            6.17526e-10
xb.xlayout_dut.mn__t2                     3.63
xb.xlayout_dut.clk__t0                       0
xb.xlayout_dut.vdd__t0                    3.63
xb.xlayout_dut.vdd__t1                    3.63
xb.xlayout_dut.qn__t1                     3.63
xb.xlayout_dut.clk__t1                       0
xb.xlayout_dut.vdd__t2                    3.63
xb.xlayout_dut.vdd__t3                    3.63
xb.xlayout_dut.sp__t0              8.31578e-09
xb.xlayout_dut.qp__t2                     3.63
xb.xlayout_dut.vdd__t4                    3.63
xb.xlayout_dut.vdd__t5                    3.63
xb.xlayout_dut.mp__t0                     3.63
xb.xlayout_dut.clk__t4                       0
xb.xlayout_dut.vdd__t21                   3.63
xb.xlayout_dut.vdd__t20                   3.63
xb.xlayout_dut.qn__t0                     3.63
xb.xlayout_dut.qp__t3                     3.63
xb.xlayout_dut.vdd__t6                    3.63
xb.xlayout_dut.vdd__t7                    3.63
xb.xlayout_dut.qp__t4                     3.63
xb.xlayout_dut.clk__t3                       0
xb.xlayout_dut.vdd__t19                   3.63
xb.xlayout_dut.vdd__t18                   3.63
xb.xlayout_dut.na__t1                     3.63
xb.xlayout_dut.sp__t1              8.08577e-09
xb.xlayout_dut.vdd__t23                   3.63
xb.xlayout_dut.vdd__t8                    3.63
xb.xlayout_dut.dout__t0            1.04567e-08
xb.xlayout_dut.doutb__t2                  3.63
xb.xlayout_dut.na__t0                     3.63
xb.xlayout_dut.vdd__t13                   3.63
xb.xlayout_dut.sn__t0              8.39006e-09
xb.xlayout_dut.qn__t3                     3.63
xb.xlayout_dut.vdd__t17                   3.63
xb.xlayout_dut.vdd__t16                   3.63
xb.xlayout_dut.qp__t5                     3.63
xb.xlayout_dut.qn__t2                     3.63
xb.xlayout_dut.vdd__t15                   3.63
xb.xlayout_dut.vdd__t14                   3.63
xb.xlayout_dut.nb__t1                     3.63
xb.xlayout_dut.sn__t1              8.13992e-09
xb.xlayout_dut.vdd__t22                   3.63
xb.xlayout_dut.vdd__t12                   3.63
xb.xlayout_dut.doutb__t3                  3.63
xb.xlayout_dut.dout__t1            1.02674e-08
xb.xlayout_dut.nb__t0                     3.63
xb.xlayout_dut.vdd__t11                   3.63
xb.xlayout_dut.aon__t2                 2.32449
xb.xlayout_dut.x$28.11                 2.32502
xb.xlayout_dut.vss__t0                       0
xb.xlayout_dut.x$28.21                 3.62827
xb.xlayout_dut.vdd__t10                3.62879
xb.xlayout_dut.aop__t0                 2.15298
xb.xlayout_dut.x$29.11                 2.15358
xb.xlayout_dut.vss__t1                       0
xb.xlayout_dut.x$29.21                 3.62886
xb.xlayout_dut.vdd__t9                 3.62946
xb.xlayout_dut.aon                     2.32419
xb.xlayout_dut.aop                     2.15261
xb.xlayout_dut.atail                   0.65671
doutb                              1.02674e-08
doutbb                                    3.63
xb.xlayout_dut.ltail                   1.73206
xb.xlayout_dut.mn                         3.63
xb.xlayout_dut.mp                         3.63
xb.xlayout_dut.na                         3.63
xb.xlayout_dut.nb                         3.63
xb.xlayout_dut.qn                         3.63
xb.xlayout_dut.qp                         3.63
xb.xlayout_dut.sn                  8.13992e-09
xb.xlayout_dut.sp                  8.08577e-09
sc                                  -0.0101175
apc                                    1.64494
anc                                    1.65506
ibnc                                   1.11437
xc.xlayout_dut.sp__t2              7.98079e-09
xc.xlayout_dut.qp__t6                     3.63
xc.xlayout_dut.vss__t17            4.70767e-11
xc.xlayout_dut.vss__t2             5.91216e-19
xc.xlayout_dut.dout__t3            1.02674e-08
xc.xlayout_dut.sp__t3              8.08577e-09
xc.xlayout_dut.vss__t25            2.88763e-18
xc.xlayout_dut.vss__t3             8.94561e-19
xc.xlayout_dut.dout__t2            1.00097e-08
xc.xlayout_dut.doutb__t0                  3.63
xc.xlayout_dut.vss__t24            7.33506e-11
xc.xlayout_dut.vss__t4             9.23817e-19
xc.xlayout_dut.ibias__t0               1.11309
xc.xlayout_dut.ibias__t1               1.11437
xc.xlayout_dut.vss__t20            0.000254896
xc.xlayout_dut.vss__t8             4.12286e-11
xc.xlayout_dut.sn__t2               7.9807e-09
xc.xlayout_dut.qn__t6                     3.63
xc.xlayout_dut.vss__t23             4.6989e-11
xc.xlayout_dut.vss__t5             5.90103e-19
xc.xlayout_dut.doutb__t1                  3.63
xc.xlayout_dut.sn__t3              8.13992e-09
xc.xlayout_dut.vss__t22            1.73591e-11
xc.xlayout_dut.vss__t6             4.39501e-11
xc.xlayout_dut.doutb__t4                  3.63
xc.xlayout_dut.dout__t4            1.02674e-08
xc.xlayout_dut.vss__t21             1.8257e-11
xc.xlayout_dut.vss__t7             4.62235e-11
xc.xlayout_dut.qn__t4                     3.63
xc.xlayout_dut.qp__t0                     3.63
xc.xlayout_dut.mn__t0                     3.63
xc.xlayout_dut.vss__t9             5.53844e-11
xc.xlayout_dut.mn__t1                     3.63
xc.xlayout_dut.aop__t2                 2.15984
xc.xlayout_dut.ltail__t0               1.72647
xc.xlayout_dut.vss__t11            4.11946e-11
xc.xlayout_dut.atail__t0              0.656202
xc.xlayout_dut.ibias__t2               1.11437
xc.xlayout_dut.vss__t19            0.000492694
xc.xlayout_dut.vss__t13            3.95215e-11
xc.xlayout_dut.qp__t1                     3.63
xc.xlayout_dut.qn__t5                     3.63
xc.xlayout_dut.mp__t2                     3.63
xc.xlayout_dut.vss__t10            5.54841e-11
xc.xlayout_dut.ltail__t1               1.72647
xc.xlayout_dut.clk__t2                       0
xc.xlayout_dut.vss__t18            5.04999e-11
xc.xlayout_dut.vss__t14            1.72853e-11
xc.xlayout_dut.mp__t1                     3.63
xc.xlayout_dut.aon__t0                 2.31695
xc.xlayout_dut.ltail__t2               1.72647
xc.xlayout_dut.vss__t12            4.16151e-11
xc.xlayout_dut.aon__t1                 2.31619
xc.xlayout_dut.vinp__t0                1.64494
xc.xlayout_dut.atail__t1              0.656797
xc.xlayout_dut.vss__t15            2.86376e-09
xc.xlayout_dut.aop__t1                 2.15853
xc.xlayout_dut.vinn__t0                1.65506
xc.xlayout_dut.atail__t2              0.657056
xc.xlayout_dut.vss__t16            6.58279e-10
xc.xlayout_dut.mn__t2                     3.63
xc.xlayout_dut.clk__t0                       0
xc.xlayout_dut.vdd__t0                    3.63
xc.xlayout_dut.vdd__t1                    3.63
xc.xlayout_dut.qn__t1                     3.63
xc.xlayout_dut.clk__t1                       0
xc.xlayout_dut.vdd__t2                    3.63
xc.xlayout_dut.vdd__t3                    3.63
xc.xlayout_dut.sp__t0              8.31578e-09
xc.xlayout_dut.qp__t2                     3.63
xc.xlayout_dut.vdd__t4                    3.63
xc.xlayout_dut.vdd__t5                    3.63
xc.xlayout_dut.mp__t0                     3.63
xc.xlayout_dut.clk__t4                       0
xc.xlayout_dut.vdd__t21                   3.63
xc.xlayout_dut.vdd__t20                   3.63
xc.xlayout_dut.qn__t0                     3.63
xc.xlayout_dut.qp__t3                     3.63
xc.xlayout_dut.vdd__t6                    3.63
xc.xlayout_dut.vdd__t7                    3.63
xc.xlayout_dut.qp__t4                     3.63
xc.xlayout_dut.clk__t3                       0
xc.xlayout_dut.vdd__t19                   3.63
xc.xlayout_dut.vdd__t18                   3.63
xc.xlayout_dut.na__t1                     3.63
xc.xlayout_dut.sp__t1              8.08577e-09
xc.xlayout_dut.vdd__t23                   3.63
xc.xlayout_dut.vdd__t8                    3.63
xc.xlayout_dut.dout__t0            1.04567e-08
xc.xlayout_dut.doutb__t2                  3.63
xc.xlayout_dut.na__t0                     3.63
xc.xlayout_dut.vdd__t13                   3.63
xc.xlayout_dut.sn__t0              8.39006e-09
xc.xlayout_dut.qn__t3                     3.63
xc.xlayout_dut.vdd__t17                   3.63
xc.xlayout_dut.vdd__t16                   3.63
xc.xlayout_dut.qp__t5                     3.63
xc.xlayout_dut.qn__t2                     3.63
xc.xlayout_dut.vdd__t15                   3.63
xc.xlayout_dut.vdd__t14                   3.63
xc.xlayout_dut.nb__t1                     3.63
xc.xlayout_dut.sn__t1              8.13992e-09
xc.xlayout_dut.vdd__t22                   3.63
xc.xlayout_dut.vdd__t12                   3.63
xc.xlayout_dut.doutb__t3                  3.63
xc.xlayout_dut.dout__t1            1.02674e-08
xc.xlayout_dut.nb__t0                     3.63
xc.xlayout_dut.vdd__t11                   3.63
xc.xlayout_dut.aon__t2                 2.31726
xc.xlayout_dut.x$28.11                 2.31779
xc.xlayout_dut.vss__t0                       0
xc.xlayout_dut.x$28.21                 3.62826
xc.xlayout_dut.vdd__t10                3.62879
xc.xlayout_dut.aop__t0                 2.16021
xc.xlayout_dut.x$29.11                  2.1608
xc.xlayout_dut.vss__t1                       0
xc.xlayout_dut.x$29.21                 3.62887
xc.xlayout_dut.vdd__t9                 3.62946
xc.xlayout_dut.aon                     2.31695
xc.xlayout_dut.aop                     2.15984
xc.xlayout_dut.atail                  0.656697
doutc                              1.02674e-08
doutbc                                    3.63
xc.xlayout_dut.ltail                   1.72647
xc.xlayout_dut.mn                         3.63
xc.xlayout_dut.mp                         3.63
xc.xlayout_dut.na                         3.63
xc.xlayout_dut.nb                         3.63
xc.xlayout_dut.qn                         3.63
xc.xlayout_dut.qp                         3.63
xc.xlayout_dut.sn                  8.13992e-09
xc.xlayout_dut.sp                  8.08577e-09
clkn                                         0
dan                                2.82849e-09
dbn                                2.82849e-09
dcn                                2.82849e-09
bdcn#branch                                  0
bdbn#branch                                  0
bdan#branch                                  0
bclkn#branch                                 0
eanc#branch                       -4.93979e-19
eapc#branch                        2.15664e-19
eanb#branch                         2.4818e-19
eapb#branch                       -5.26495e-19
eana#branch                         7.8158e-20
eapa#branch                       -3.56473e-19
vsc#branch                                   0
vsb#branch                                   0
vsa#branch                                   0
vcm#branch                        -8.34945e-19
vclk#branch                                  0
vsupa#branch                      -3.01104e-05
vsup#branch                       -6.02154e-05

 Reference value :  1.09140e-09
 Reference value :  3.79140e-09
 Reference value :  6.52140e-09
 Reference value :  9.38140e-09
 Reference value :  1.21257e-08
 Reference value :  1.47607e-08
 Reference value :  1.75657e-08
 Reference value :  2.03876e-08
 Reference value :  2.31175e-08
 Reference value :  2.58625e-08
 Reference value :  2.87675e-08
 Reference value :  3.17875e-08
 Reference value :  3.44825e-08
 Reference value :  3.76475e-08
 Reference value :  4.02507e-08
 Reference value :  4.29157e-08
 Reference value :  4.57157e-08
 Reference value :  4.85357e-08
 Reference value :  5.12223e-08
 Reference value :  5.39723e-08
 Reference value :  5.68173e-08
 Reference value :  5.95423e-08
No. of Data Rows : 12046
vsup_v              =  3.63000e+00
td_a                =  1.55312e-09 targ=  4.16031e-08 trig=  4.00500e-08
td_b                =  2.01219e-09 targ=  4.20622e-08 trig=  4.00500e-08
td_c                =  2.35417e-09 targ=  4.24042e-08 trig=  4.00500e-08
da_first            =  2.17617e-05
db_first            =  1.93843e-05
dc_first            =  1.86074e-05
da_end              =  9.99957e-01
db_end              =  9.99957e-01
dc_end              =  9.99957e-01
i_stat              =  -2.87780e-05 from=  2.50000e-08 to=  2.90025e-08
q_dec               =  -8.96688e-13 from=  3.99000e-08 to=  4.80000e-08
m_td_od50_ns = 1.5531250000e+00
m_td_od1_ns = 2.0121940000e+00
m_td_od01_ns = 2.3541720000e+00
m_tau_ps = 1.4851915833e+02
m_resolve_decades = 1.3548380038e+01
m_dout_od50_end = 9.9995700000e-01
m_dout_od1_end = 9.9995700000e-01
m_dout_od01_end = 9.9995700000e-01
m_dout_od50_first = 2.1761660000e-05
m_dout_od1_first = 1.9384330000e-05
m_dout_od01_first = 1.8607370000e-05
m_i_static_ua = 2.8777980000e+01
m_e_dec_fj = 2.4088181311e+03
Note: Simulation executed from .control section 

Warning: m=xx on .subckt line will override multiplier m hierarchy!

