
Note: Compatibility modes selected: hs a


Circuit: * comparator-regeneration-vosprobe @ ss_125c_2.97v -- generated by sim/harness, do not edit

Doing analysis at TEMP = 125.000000 and TNOM = 27.000000

Using SPARSE 1.3 as Direct Linear Solver

Initial Transient Solution
--------------------------

Node                                   Voltage
----                                   -------
vdd                                       2.97
cm                                        1.65
clk                                          0
rmp                                      -0.04
vp                                        1.63
vn                                        1.67
ibn                                    1.11437
xdut.xlayout_dut.sp__t2            7.03007e-09
xdut.xlayout_dut.qp__t6                   2.97
xdut.xlayout_dut.vss__t17          3.59354e-11
xdut.xlayout_dut.vss__t2            5.2038e-19
xdut.xlayout_dut.dout__t3          8.59745e-09
xdut.xlayout_dut.sp__t3            7.11021e-09
xdut.xlayout_dut.vss__t25          2.41796e-18
xdut.xlayout_dut.vss__t3           7.49062e-19
xdut.xlayout_dut.dout__t2          8.40975e-09
xdut.xlayout_dut.doutb__t0                2.97
xdut.xlayout_dut.vss__t24          5.34137e-11
xdut.xlayout_dut.vss__t4           7.75404e-19
xdut.xlayout_dut.ibias__t0             1.11309
xdut.xlayout_dut.ibias__t1             1.11437
xdut.xlayout_dut.vss__t20          0.000254896
xdut.xlayout_dut.vss__t8           4.12286e-11
xdut.xlayout_dut.sn__t2            7.03001e-09
xdut.xlayout_dut.qn__t6                   2.97
xdut.xlayout_dut.vss__t23          3.58685e-11
xdut.xlayout_dut.vss__t5           5.19401e-19
xdut.xlayout_dut.doutb__t1                2.97
xdut.xlayout_dut.sn__t3            7.15155e-09
xdut.xlayout_dut.vss__t22          1.60426e-11
xdut.xlayout_dut.vss__t6           3.59833e-11
xdut.xlayout_dut.doutb__t4                2.97
xdut.xlayout_dut.dout__t4          8.59745e-09
xdut.xlayout_dut.vss__t21          1.68724e-11
xdut.xlayout_dut.vss__t7           3.78446e-11
xdut.xlayout_dut.qn__t4                   2.97
xdut.xlayout_dut.qp__t0                   2.97
xdut.xlayout_dut.mn__t0                   2.97
xdut.xlayout_dut.vss__t9           4.67202e-11
xdut.xlayout_dut.mn__t1                   2.97
xdut.xlayout_dut.aop__t2               1.26397
xdut.xlayout_dut.ltail__t0             1.38358
xdut.xlayout_dut.vss__t11          3.51968e-11
xdut.xlayout_dut.atail__t0            0.656448
xdut.xlayout_dut.ibias__t2             1.11437
xdut.xlayout_dut.vss__t19          0.000492695
xdut.xlayout_dut.vss__t13          3.95275e-11
xdut.xlayout_dut.qp__t1                   2.97
xdut.xlayout_dut.qn__t5                   2.97
xdut.xlayout_dut.mp__t2                   2.97
xdut.xlayout_dut.vss__t10          4.68043e-11
xdut.xlayout_dut.ltail__t1             1.38358
xdut.xlayout_dut.clk__t2                     0
xdut.xlayout_dut.vss__t18           4.8426e-11
xdut.xlayout_dut.vss__t14          1.54324e-11
xdut.xlayout_dut.mp__t1                   2.97
xdut.xlayout_dut.aon__t0               1.89296
xdut.xlayout_dut.ltail__t2             1.38358
xdut.xlayout_dut.vss__t12          3.55503e-11
xdut.xlayout_dut.aon__t1               1.89233
xdut.xlayout_dut.vinp__t0                 1.63
xdut.xlayout_dut.atail__t1            0.657025
xdut.xlayout_dut.vss__t15           1.9509e-10
xdut.xlayout_dut.aop__t1               1.26245
xdut.xlayout_dut.vinn__t0                 1.67
xdut.xlayout_dut.atail__t2             0.65736
xdut.xlayout_dut.vss__t16          1.77011e-10
xdut.xlayout_dut.mn__t2                   2.97
xdut.xlayout_dut.clk__t0                     0
xdut.xlayout_dut.vdd__t0                  2.97
xdut.xlayout_dut.vdd__t1                  2.97
xdut.xlayout_dut.qn__t1                   2.97
xdut.xlayout_dut.clk__t1                     0
xdut.xlayout_dut.vdd__t2                  2.97
xdut.xlayout_dut.vdd__t3                  2.97
xdut.xlayout_dut.sp__t0            7.28579e-09
xdut.xlayout_dut.qp__t2                   2.97
xdut.xlayout_dut.vdd__t4                  2.97
xdut.xlayout_dut.vdd__t5                  2.97
xdut.xlayout_dut.mp__t0                   2.97
xdut.xlayout_dut.clk__t4                     0
xdut.xlayout_dut.vdd__t21                 2.97
xdut.xlayout_dut.vdd__t20                 2.97
xdut.xlayout_dut.qn__t0                   2.97
xdut.xlayout_dut.qp__t3                   2.97
xdut.xlayout_dut.vdd__t6                  2.97
xdut.xlayout_dut.vdd__t7                  2.97
xdut.xlayout_dut.qp__t4                   2.97
xdut.xlayout_dut.clk__t3                     0
xdut.xlayout_dut.vdd__t19                 2.97
xdut.xlayout_dut.vdd__t18                 2.97
xdut.xlayout_dut.na__t1                   2.97
xdut.xlayout_dut.sp__t1            7.11021e-09
xdut.xlayout_dut.vdd__t23                 2.97
xdut.xlayout_dut.vdd__t8                  2.97
xdut.xlayout_dut.dout__t0          8.73528e-09
xdut.xlayout_dut.doutb__t2                2.97
xdut.xlayout_dut.na__t0                   2.97
xdut.xlayout_dut.vdd__t13                 2.97
xdut.xlayout_dut.sn__t0            7.34249e-09
xdut.xlayout_dut.qn__t3                   2.97
xdut.xlayout_dut.vdd__t17                 2.97
xdut.xlayout_dut.vdd__t16                 2.97
xdut.xlayout_dut.qp__t5                   2.97
xdut.xlayout_dut.qn__t2                   2.97
xdut.xlayout_dut.vdd__t15                 2.97
xdut.xlayout_dut.vdd__t14                 2.97
xdut.xlayout_dut.nb__t1                   2.97
xdut.xlayout_dut.sn__t1            7.15155e-09
xdut.xlayout_dut.vdd__t22                 2.97
xdut.xlayout_dut.vdd__t12                 2.97
xdut.xlayout_dut.doutb__t3                2.97
xdut.xlayout_dut.dout__t1          8.59745e-09
xdut.xlayout_dut.nb__t0                   2.97
xdut.xlayout_dut.vdd__t11                 2.97
xdut.xlayout_dut.aon__t2               1.89321
xdut.xlayout_dut.x$28.11               1.89365
xdut.xlayout_dut.vss__t0                     0
xdut.xlayout_dut.x$28.21               2.96857
xdut.xlayout_dut.vdd__t10                2.969
xdut.xlayout_dut.aop__t0                1.2644
xdut.xlayout_dut.x$29.11               1.26509
xdut.xlayout_dut.vss__t1                     0
xdut.xlayout_dut.x$29.21               2.96869
xdut.xlayout_dut.vdd__t9               2.96937
xdut.xlayout_dut.aon                   1.89296
vsubs                                        0
xdut.xlayout_dut.aop                   1.26397
xdut.xlayout_dut.atail                0.656943
dout                               8.59745e-09
doutb                                     2.97
xdut.xlayout_dut.ltail                 1.38358
xdut.xlayout_dut.mn                       2.97
xdut.xlayout_dut.mp                       2.97
xdut.xlayout_dut.na                       2.97
xdut.xlayout_dut.nb                       2.97
xdut.xlayout_dut.qn                       2.97
xdut.xlayout_dut.qp                       2.97
xdut.xlayout_dut.sn                7.15155e-09
xdut.xlayout_dut.sp                7.11021e-09
dn                                 2.89477e-09
bdn#branch                                   0
bnn#branch                         1.17161e-18
bpp#branch                          3.4199e-19
vrmp#branch                                  0
vclk#branch                                  0
vcm#branch                                   0
vsup#branch                       -3.01076e-05

 Reference value :  1.31326e-07
 Reference value :  4.11192e-07
 Reference value :  7.10159e-07
 Reference value :  1.00011e-06
 Reference value :  1.27057e-06
 Reference value :  1.57138e-06
 Reference value :  1.87009e-06
 Reference value :  2.15011e-06
 Reference value :  2.44009e-06
 Reference value :  2.80011e-06
 Reference value :  3.07647e-06
 Reference value :  3.37104e-06
 Reference value :  3.65022e-06
 Reference value :  3.94036e-06
 Reference value :  4.22177e-06
 Reference value :  4.51036e-06
 Reference value :  4.81017e-06
 Reference value :  5.11011e-06
 Reference value :  5.39126e-06
 Reference value :  5.69020e-06
 Reference value :  5.98164e-06
 Reference value :  6.27557e-06
 Reference value :  6.56048e-06
 Reference value :  6.83096e-06
 Reference value :  7.15012e-06
 Reference value :  7.42013e-06
 Reference value :  7.72010e-06
 Reference value :  8.02005e-06
 Reference value :  8.30089e-06
 Reference value :  8.57028e-06
 Reference value :  8.86006e-06
 Reference value :  9.13081e-06
 Reference value :  9.40178e-06
 Reference value :  9.68124e-06
 Reference value :  9.98011e-06
 Reference value :  1.02502e-05
 Reference value :  1.05202e-05
 Reference value :  1.07932e-05
 Reference value :  1.10815e-05
 Reference value :  1.13617e-05
 Reference value :  1.16801e-05
 Reference value :  1.19602e-05
 Reference value :  1.22302e-05
 Reference value :  1.25316e-05
 Reference value :  1.28211e-05
 Reference value :  1.31002e-05
 Reference value :  1.33902e-05
 Reference value :  1.37208e-05
 Reference value :  1.40606e-05
 Reference value :  1.43602e-05
 Reference value :  1.46507e-05
 Reference value :  1.49301e-05
 Reference value :  1.52204e-05
 Reference value :  1.55505e-05
 Reference value :  1.58502e-05
 Reference value :  1.61404e-05
 Reference value :  1.64501e-05
 Reference value :  1.67201e-05
 Reference value :  1.70218e-05
 Reference value :  1.73201e-05
 Reference value :  1.76005e-05
 Reference value :  1.78720e-05
 Reference value :  1.81903e-05
 Reference value :  1.84913e-05
 Reference value :  1.87901e-05
 Reference value :  1.90902e-05
 Reference value :  1.93901e-05
 Reference value :  1.96702e-05
 Reference value :  1.99702e-05
 Reference value :  2.02603e-05
 Reference value :  2.05401e-05
 Reference value :  2.08300e-05
 Reference value :  2.11017e-05
 Reference value :  2.13814e-05
 Reference value :  2.16702e-05
 Reference value :  2.19502e-05
 Reference value :  2.22400e-05
 Reference value :  2.24946e-05
 Reference value :  2.27906e-05
 Reference value :  2.30901e-05
 Reference value :  2.33912e-05
 Reference value :  2.36815e-05
 Reference value :  2.39807e-05
 Reference value :  2.42603e-05
 Reference value :  2.45503e-05
 Reference value :  2.48501e-05
 Reference value :  2.52103e-05
 Reference value :  2.55401e-05
 Reference value :  2.58161e-05
 Reference value :  2.60902e-05
 Reference value :  2.63610e-05
 Reference value :  2.66506e-05
 Reference value :  2.69515e-05
 Reference value :  2.72618e-05
 Reference value :  2.75810e-05
 Reference value :  2.78607e-05
 Reference value :  2.81513e-05
 Reference value :  2.84214e-05
 Reference value :  2.87202e-05
 Reference value :  2.90002e-05
 Reference value :  2.92900e-05
 Reference value :  2.95609e-05
 Reference value :  2.98601e-05
 Reference value :  3.01321e-05
 Reference value :  3.04301e-05
 Reference value :  3.07007e-05
 Reference value :  3.09712e-05
 Reference value :  3.12508e-05
 Reference value :  3.15400e-05
 Reference value :  3.17904e-05
 Reference value :  3.20500e-05
 Reference value :  3.23200e-05
 Reference value :  3.25931e-05
 Reference value :  3.28618e-05
 Reference value :  3.31308e-05
 Reference value :  3.34002e-05
 Reference value :  3.36510e-05
 Reference value :  3.39126e-05
 Reference value :  3.41905e-05
 Reference value :  3.44615e-05
 Reference value :  3.47417e-05
 Reference value :  3.49901e-05
 Reference value :  3.53002e-05
 Reference value :  3.55725e-05
 Reference value :  3.58601e-05
 Reference value :  3.61304e-05
 Reference value :  3.64402e-05
 Reference value :  3.67301e-05
 Reference value :  3.70002e-05
 Reference value :  3.72515e-05
 Reference value :  3.75201e-05
 Reference value :  3.78115e-05
 Reference value :  3.80902e-05
 Reference value :  3.83621e-05
 Reference value :  3.86501e-05
 Reference value :  3.89002e-05
 Reference value :  3.91610e-05
 Reference value :  3.94306e-05
 Reference value :  3.97107e-05
 Reference value :  3.99709e-05
 Reference value :  4.02201e-05
 Reference value :  4.04804e-05
 Reference value :  4.07341e-05
 Reference value :  4.10002e-05
 Reference value :  4.12613e-05
 Reference value :  4.15302e-05
 Reference value :  4.18000e-05
 Reference value :  4.20502e-05
 Reference value :  4.22982e-05
 Reference value :  4.25855e-05
 Reference value :  4.28811e-05
 Reference value :  4.31509e-05
 Reference value :  4.34200e-05
 Reference value :  4.36783e-05
 Reference value :  4.39600e-05
 Reference value :  4.42112e-05
 Reference value :  4.44809e-05
 Reference value :  4.47703e-05
 Reference value :  4.50503e-05
 Reference value :  4.53402e-05
 Reference value :  4.56132e-05
 Reference value :  4.58912e-05
 Reference value :  4.61602e-05
 Reference value :  4.64504e-05
 Reference value :  4.67801e-05
 Reference value :  4.70603e-05
 Reference value :  4.73503e-05
 Reference value :  4.76231e-05
 Reference value :  4.79001e-05
 Reference value :  4.81900e-05
 Reference value :  4.84709e-05
 Reference value :  4.87614e-05
 Reference value :  4.90611e-05
 Reference value :  4.93303e-05
 Reference value :  4.96014e-05
 Reference value :  4.99029e-05
 Reference value :  5.01747e-05
 Reference value :  5.04525e-05
 Reference value :  5.07415e-05
 Reference value :  5.10412e-05
 Reference value :  5.13110e-05
 Reference value :  5.15907e-05
 Reference value :  5.18815e-05
 Reference value :  5.21619e-05
 Reference value :  5.24602e-05
 Reference value :  5.27609e-05
 Reference value :  5.30355e-05
 Reference value :  5.33201e-05
 Reference value :  5.35901e-05
 Reference value :  5.38901e-05
 Reference value :  5.41602e-05
 Reference value :  5.44121e-05
 Reference value :  5.47001e-05
 Reference value :  5.49704e-05
 Reference value :  5.52404e-05
 Reference value :  5.55202e-05
 Reference value :  5.58101e-05
 Reference value :  5.60803e-05
 Reference value :  5.63503e-05
 Reference value :  5.66302e-05
 Reference value :  5.69501e-05
 Reference value :  5.72201e-05
 Reference value :  5.75004e-05
 Reference value :  5.77716e-05
 Reference value :  5.81202e-05
 Reference value :  5.83901e-05
 Reference value :  5.86701e-05
 Reference value :  5.89301e-05
 Reference value :  5.91810e-05
 Reference value :  5.94715e-05
 Reference value :  5.97743e-05
 Reference value :  6.00502e-05
 Reference value :  6.03413e-05
 Reference value :  6.06204e-05
 Reference value :  6.08902e-05
 Reference value :  6.11539e-05
 Reference value :  6.14315e-05
 Reference value :  6.17213e-05
 Reference value :  6.19901e-05
 Reference value :  6.22614e-05
 Reference value :  6.25602e-05
 Reference value :  6.28613e-05
 Reference value :  6.31603e-05
 Reference value :  6.34620e-05
 Reference value :  6.37418e-05
 Reference value :  6.40301e-05
 Reference value :  6.43312e-05
 Reference value :  6.46102e-05
 Reference value :  6.48812e-05
 Reference value :  6.51803e-05
 Reference value :  6.54701e-05
 Reference value :  6.57502e-05
 Reference value :  6.60241e-05
 Reference value :  6.63104e-05
 Reference value :  6.65801e-05
 Reference value :  6.68504e-05
 Reference value :  6.71315e-05
 Reference value :  6.74201e-05
 Reference value :  6.77008e-05
 Reference value :  6.79917e-05
 Reference value :  6.82910e-05
 Reference value :  6.85701e-05
 Reference value :  6.88613e-05
 Reference value :  6.91611e-05
 Reference value :  6.95016e-05
 Reference value :  6.98009e-05
 Reference value :  7.01002e-05
 Reference value :  7.03732e-05
 Reference value :  7.06412e-05
 Reference value :  7.09108e-05
 Reference value :  7.12113e-05
 Reference value :  7.15312e-05
 Reference value :  7.18402e-05
 Reference value :  7.21302e-05
 Reference value :  7.24013e-05
 Reference value :  7.26802e-05
 Reference value :  7.29712e-05
 Reference value :  7.32700e-05
 Reference value :  7.35401e-05
 Reference value :  7.38102e-05
 Reference value :  7.41100e-05
 Reference value :  7.43833e-05
 Reference value :  7.46617e-05
 Reference value :  7.49508e-05
 Reference value :  7.52505e-05
 Reference value :  7.55307e-05
 Reference value :  7.58201e-05
 Reference value :  7.60903e-05
 Reference value :  7.63701e-05
 Reference value :  7.66600e-05
 Reference value :  7.69415e-05
 Reference value :  7.72304e-05
 Reference value :  7.75217e-05
 Reference value :  7.78104e-05
 Reference value :  7.81001e-05
 Reference value :  7.83717e-05
 Reference value :  7.86712e-05
 Reference value :  7.89700e-05
 Reference value :  7.92501e-05
 Reference value :  7.95401e-05
 Reference value :  7.98421e-05
No. of Data Rows : 280635
t_flip              =  3.48134e-05
vos_v               =  -5.18660e-03
m_dut_vos = -5.186600000e-03
Note: Simulation executed from .control section 

Warning: m=xx on .subckt line will override multiplier m hierarchy!

Note: Starting dynamic gmin stepping
Note: Dynamic gmin stepping completed
