
Note: Compatibility modes selected: hs a


Circuit: * comparator-regeneration @ ss_125c_3.30v -- generated by sim/harness, do not edit

Doing analysis at TEMP = 125.000000 and TNOM = 27.000000

Using SPARSE 1.3 as Direct Linear Solver

Initial Transient Solution
--------------------------

Node                                   Voltage
----                                   -------
vdd                                        3.3
vdda                                       3.3
clk                                          0
cm                                        1.65
sa                                  -0.0575272
apa                                    1.62124
ana                                    1.67876
ibna                                   1.11437
xa.xlayout_dut.sp__t2              7.29635e-09
xa.xlayout_dut.qp__t6                      3.3
xa.xlayout_dut.vss__t17            4.03645e-11
xa.xlayout_dut.vss__t2             5.40316e-19
xa.xlayout_dut.dout__t3                    3.3
xa.xlayout_dut.sp__t3              7.38637e-09
xa.xlayout_dut.vss__t25             1.6685e-11
xa.xlayout_dut.vss__t3             3.99293e-11
xa.xlayout_dut.dout__t2                    3.3
xa.xlayout_dut.doutb__t0           9.00166e-09
xa.xlayout_dut.vss__t24            1.75458e-11
xa.xlayout_dut.vss__t4             4.19893e-11
xa.xlayout_dut.ibias__t0               1.11309
xa.xlayout_dut.ibias__t1               1.11437
xa.xlayout_dut.vss__t20            0.000254896
xa.xlayout_dut.vss__t8             4.12286e-11
xa.xlayout_dut.sn__t2              7.29628e-09
xa.xlayout_dut.qn__t6                      3.3
xa.xlayout_dut.vss__t23            4.02893e-11
xa.xlayout_dut.vss__t5             5.39299e-19
xa.xlayout_dut.doutb__t1           9.00166e-09
xa.xlayout_dut.sn__t3               7.4328e-09
xa.xlayout_dut.vss__t22            2.52827e-18
xa.xlayout_dut.vss__t6             7.83236e-19
xa.xlayout_dut.doutb__t4           8.80818e-09
xa.xlayout_dut.dout__t4                    3.3
xa.xlayout_dut.vss__t21            6.04677e-11
xa.xlayout_dut.vss__t7             8.11578e-19
xa.xlayout_dut.qn__t4                      3.3
xa.xlayout_dut.qp__t0                      3.3
xa.xlayout_dut.mn__t0                      3.3
xa.xlayout_dut.vss__t9             5.10523e-11
xa.xlayout_dut.mn__t1                      3.3
xa.xlayout_dut.aop__t2                 1.45946
xa.xlayout_dut.ltail__t0               1.75696
xa.xlayout_dut.vss__t11            3.94032e-11
xa.xlayout_dut.atail__t0              0.658134
xa.xlayout_dut.ibias__t2               1.11437
xa.xlayout_dut.vss__t19            0.000492706
xa.xlayout_dut.vss__t13            3.95688e-11
xa.xlayout_dut.qp__t1                      3.3
xa.xlayout_dut.qn__t5                      3.3
xa.xlayout_dut.mp__t2                      3.3
xa.xlayout_dut.vss__t10            5.11442e-11
xa.xlayout_dut.ltail__t1               1.75696
xa.xlayout_dut.clk__t2                       0
xa.xlayout_dut.vss__t18            5.06843e-11
xa.xlayout_dut.vss__t14            1.74502e-11
xa.xlayout_dut.mp__t1                      3.3
xa.xlayout_dut.aon__t0                 2.35747
xa.xlayout_dut.ltail__t2               1.75696
xa.xlayout_dut.vss__t12            3.97987e-11
xa.xlayout_dut.aon__t1                 2.35692
xa.xlayout_dut.vinp__t0                1.62124
xa.xlayout_dut.atail__t1              0.658701
xa.xlayout_dut.vss__t15            3.48213e-09
xa.xlayout_dut.aop__t1                 1.45781
xa.xlayout_dut.vinn__t0                1.67876
xa.xlayout_dut.atail__t2              0.659079
xa.xlayout_dut.vss__t16             1.8176e-10
xa.xlayout_dut.mn__t2                      3.3
xa.xlayout_dut.clk__t0                       0
xa.xlayout_dut.vdd__t0                     3.3
xa.xlayout_dut.vdd__t1                     3.3
xa.xlayout_dut.qn__t1                      3.3
xa.xlayout_dut.clk__t1                       0
xa.xlayout_dut.vdd__t2                     3.3
xa.xlayout_dut.vdd__t3                     3.3
xa.xlayout_dut.sp__t0              7.58358e-09
xa.xlayout_dut.qp__t2                      3.3
xa.xlayout_dut.vdd__t4                     3.3
xa.xlayout_dut.vdd__t5                     3.3
xa.xlayout_dut.mp__t0                      3.3
xa.xlayout_dut.clk__t4                       0
xa.xlayout_dut.vdd__t21                    3.3
xa.xlayout_dut.vdd__t20                    3.3
xa.xlayout_dut.qn__t0                      3.3
xa.xlayout_dut.qp__t3                      3.3
xa.xlayout_dut.vdd__t6                     3.3
xa.xlayout_dut.vdd__t7                     3.3
xa.xlayout_dut.qp__t4                      3.3
xa.xlayout_dut.clk__t3                       0
xa.xlayout_dut.vdd__t19                    3.3
xa.xlayout_dut.vdd__t18                    3.3
xa.xlayout_dut.na__t1                      3.3
xa.xlayout_dut.sp__t1              7.38637e-09
xa.xlayout_dut.vdd__t23                    3.3
xa.xlayout_dut.vdd__t8                     3.3
xa.xlayout_dut.dout__t0                    3.3
xa.xlayout_dut.doutb__t2           9.00166e-09
xa.xlayout_dut.na__t0                      3.3
xa.xlayout_dut.vdd__t13                    3.3
xa.xlayout_dut.sn__t0              7.64727e-09
xa.xlayout_dut.qn__t3                      3.3
xa.xlayout_dut.vdd__t17                    3.3
xa.xlayout_dut.vdd__t16                    3.3
xa.xlayout_dut.qp__t5                      3.3
xa.xlayout_dut.qn__t2                      3.3
xa.xlayout_dut.vdd__t15                    3.3
xa.xlayout_dut.vdd__t14                    3.3
xa.xlayout_dut.nb__t1                      3.3
xa.xlayout_dut.sn__t1               7.4328e-09
xa.xlayout_dut.vdd__t22                    3.3
xa.xlayout_dut.vdd__t12                    3.3
xa.xlayout_dut.doutb__t3           9.42275e-09
xa.xlayout_dut.dout__t1                    3.3
xa.xlayout_dut.nb__t0                      3.3
xa.xlayout_dut.vdd__t11                    3.3
xa.xlayout_dut.aon__t2                 2.35769
xa.xlayout_dut.x$28.11                 2.35807
xa.xlayout_dut.vss__t0                       0
xa.xlayout_dut.x$28.21                 3.29875
xa.xlayout_dut.vdd__t10                3.29913
xa.xlayout_dut.aop__t0                 1.45992
xa.xlayout_dut.x$29.11                 1.46066
xa.xlayout_dut.vss__t1                       0
xa.xlayout_dut.x$29.21                 3.29858
xa.xlayout_dut.vdd__t9                 3.29933
xa.xlayout_dut.aon                     2.35747
vsubs                                        0
xa.xlayout_dut.aop                     1.45946
xa.xlayout_dut.atail                  0.658629
douta                                      3.3
doutba                             9.00166e-09
xa.xlayout_dut.ltail                   1.75696
xa.xlayout_dut.mn                          3.3
xa.xlayout_dut.mp                          3.3
xa.xlayout_dut.na                          3.3
xa.xlayout_dut.nb                          3.3
xa.xlayout_dut.qn                          3.3
xa.xlayout_dut.qp                          3.3
xa.xlayout_dut.sn                   7.4328e-09
xa.xlayout_dut.sp                  7.38637e-09
sb                                  -0.0085272
apb                                    1.64574
anb                                    1.65426
ibnb                                   1.11437
xb.xlayout_dut.sp__t2              7.29635e-09
xb.xlayout_dut.qp__t6                      3.3
xb.xlayout_dut.vss__t17            4.03645e-11
xb.xlayout_dut.vss__t2             5.40316e-19
xb.xlayout_dut.dout__t3                1.62697
xb.xlayout_dut.sp__t3              7.38637e-09
xb.xlayout_dut.vss__t25            1.37362e-11
xb.xlayout_dut.vss__t3             2.08489e-11
xb.xlayout_dut.dout__t2                1.62223
xb.xlayout_dut.doutb__t0               1.62913
xb.xlayout_dut.vss__t24             0.00134779
xb.xlayout_dut.vss__t4             2.23578e-11
xb.xlayout_dut.ibias__t0               1.11309
xb.xlayout_dut.ibias__t1               1.11437
xb.xlayout_dut.vss__t20            0.000254896
xb.xlayout_dut.vss__t8             4.12286e-11
xb.xlayout_dut.sn__t2              7.29628e-09
xb.xlayout_dut.qn__t6                      3.3
xb.xlayout_dut.vss__t23            4.02893e-11
xb.xlayout_dut.vss__t5             5.39299e-19
xb.xlayout_dut.doutb__t1               1.62913
xb.xlayout_dut.sn__t3               7.4328e-09
xb.xlayout_dut.vss__t22            1.37216e-11
xb.xlayout_dut.vss__t6             2.08454e-11
xb.xlayout_dut.doutb__t4               1.62484
xb.xlayout_dut.dout__t4                1.62697
xb.xlayout_dut.vss__t21             0.00134135
xb.xlayout_dut.vss__t7             2.24002e-11
xb.xlayout_dut.qn__t4                      3.3
xb.xlayout_dut.qp__t0                      3.3
xb.xlayout_dut.mn__t0                      3.3
xb.xlayout_dut.vss__t9             5.10523e-11
xb.xlayout_dut.mn__t1                      3.3
xb.xlayout_dut.aop__t2                 1.84271
xb.xlayout_dut.ltail__t0               1.45099
xb.xlayout_dut.vss__t11            3.75737e-11
xb.xlayout_dut.atail__t0              0.655789
xb.xlayout_dut.ibias__t2               1.11437
xb.xlayout_dut.vss__t19            0.000492691
xb.xlayout_dut.vss__t13            3.95114e-11
xb.xlayout_dut.qp__t1                      3.3
xb.xlayout_dut.qn__t5                      3.3
xb.xlayout_dut.mp__t2                      3.3
xb.xlayout_dut.vss__t10            5.11442e-11
xb.xlayout_dut.ltail__t1               1.45099
xb.xlayout_dut.clk__t2                       0
xb.xlayout_dut.vss__t18            4.88341e-11
xb.xlayout_dut.vss__t14            1.57965e-11
xb.xlayout_dut.mp__t1                      3.3
xb.xlayout_dut.aon__t0                 1.97411
xb.xlayout_dut.ltail__t2               1.45099
xb.xlayout_dut.vss__t12             3.7955e-11
xb.xlayout_dut.aon__t1                 1.97334
xb.xlayout_dut.vinp__t0                1.64574
xb.xlayout_dut.atail__t1              0.656385
xb.xlayout_dut.vss__t15            2.19389e-10
xb.xlayout_dut.aop__t1                 1.84141
xb.xlayout_dut.vinn__t0                1.65426
xb.xlayout_dut.atail__t2              0.656641
xb.xlayout_dut.vss__t16            1.93287e-10
xb.xlayout_dut.mn__t2                      3.3
xb.xlayout_dut.clk__t0                       0
xb.xlayout_dut.vdd__t0                     3.3
xb.xlayout_dut.vdd__t1                     3.3
xb.xlayout_dut.qn__t1                      3.3
xb.xlayout_dut.clk__t1                       0
xb.xlayout_dut.vdd__t2                     3.3
xb.xlayout_dut.vdd__t3                     3.3
xb.xlayout_dut.sp__t0              7.58358e-09
xb.xlayout_dut.qp__t2                      3.3
xb.xlayout_dut.vdd__t4                     3.3
xb.xlayout_dut.vdd__t5                     3.3
xb.xlayout_dut.mp__t0                      3.3
xb.xlayout_dut.clk__t4                       0
xb.xlayout_dut.vdd__t21                    3.3
xb.xlayout_dut.vdd__t20                    3.3
xb.xlayout_dut.qn__t0                      3.3
xb.xlayout_dut.qp__t3                      3.3
xb.xlayout_dut.vdd__t6                     3.3
xb.xlayout_dut.vdd__t7                     3.3
xb.xlayout_dut.qp__t4                      3.3
xb.xlayout_dut.clk__t3                       0
xb.xlayout_dut.vdd__t19                    3.3
xb.xlayout_dut.vdd__t18                    3.3
xb.xlayout_dut.na__t1                  3.17832
xb.xlayout_dut.sp__t1              7.38637e-09
xb.xlayout_dut.vdd__t23                3.29817
xb.xlayout_dut.vdd__t8                     3.3
xb.xlayout_dut.dout__t0                1.63044
xb.xlayout_dut.doutb__t2               1.62913
xb.xlayout_dut.na__t0                  3.17663
xb.xlayout_dut.vdd__t13                    3.3
xb.xlayout_dut.sn__t0              7.64727e-09
xb.xlayout_dut.qn__t3                      3.3
xb.xlayout_dut.vdd__t17                    3.3
xb.xlayout_dut.vdd__t16                    3.3
xb.xlayout_dut.qp__t5                      3.3
xb.xlayout_dut.qn__t2                      3.3
xb.xlayout_dut.vdd__t15                    3.3
xb.xlayout_dut.vdd__t14                    3.3
xb.xlayout_dut.nb__t1                  3.17861
xb.xlayout_dut.sn__t1               7.4328e-09
xb.xlayout_dut.vdd__t22                3.29803
xb.xlayout_dut.vdd__t12                    3.3
xb.xlayout_dut.doutb__t3               1.63848
xb.xlayout_dut.dout__t1                1.62697
xb.xlayout_dut.nb__t0                  3.17424
xb.xlayout_dut.vdd__t11                    3.3
xb.xlayout_dut.aon__t2                 1.97442
xb.xlayout_dut.x$28.11                 1.97496
xb.xlayout_dut.vss__t0                       0
xb.xlayout_dut.x$28.21                 3.29824
xb.xlayout_dut.vdd__t10                3.29878
xb.xlayout_dut.aop__t0                 1.84307
xb.xlayout_dut.x$29.11                 1.84366
xb.xlayout_dut.vss__t1                       0
xb.xlayout_dut.x$29.21                 3.29888
xb.xlayout_dut.vdd__t9                 3.29947
xb.xlayout_dut.aon                     1.97411
xb.xlayout_dut.aop                     1.84271
xb.xlayout_dut.atail                  0.656285
doutb                                  1.62697
doutbb                                 1.62913
xb.xlayout_dut.ltail                   1.45099
xb.xlayout_dut.mn                          3.3
xb.xlayout_dut.mp                          3.3
xb.xlayout_dut.na                      3.17748
xb.xlayout_dut.nb                      3.17643
xb.xlayout_dut.qn                          3.3
xb.xlayout_dut.qp                          3.3
xb.xlayout_dut.sn                   7.4328e-09
xb.xlayout_dut.sp                  7.38637e-09
sc                                  -0.0076272
apc                                    1.64619
anc                                    1.65381
ibnc                                   1.11437
xc.xlayout_dut.sp__t2              7.29635e-09
xc.xlayout_dut.qp__t6                      3.3
xc.xlayout_dut.vss__t17            4.03645e-11
xc.xlayout_dut.vss__t2             5.40316e-19
xc.xlayout_dut.dout__t3                1.62697
xc.xlayout_dut.sp__t3              7.38637e-09
xc.xlayout_dut.vss__t25            1.37362e-11
xc.xlayout_dut.vss__t3             2.08489e-11
xc.xlayout_dut.dout__t2                1.62223
xc.xlayout_dut.doutb__t0               1.62913
xc.xlayout_dut.vss__t24             0.00134779
xc.xlayout_dut.vss__t4             2.23578e-11
xc.xlayout_dut.ibias__t0               1.11309
xc.xlayout_dut.ibias__t1               1.11437
xc.xlayout_dut.vss__t20            0.000254896
xc.xlayout_dut.vss__t8             4.12286e-11
xc.xlayout_dut.sn__t2              7.29628e-09
xc.xlayout_dut.qn__t6                      3.3
xc.xlayout_dut.vss__t23            4.02893e-11
xc.xlayout_dut.vss__t5             5.39299e-19
xc.xlayout_dut.doutb__t1               1.62913
xc.xlayout_dut.sn__t3               7.4328e-09
xc.xlayout_dut.vss__t22            1.37216e-11
xc.xlayout_dut.vss__t6             2.08454e-11
xc.xlayout_dut.doutb__t4               1.62484
xc.xlayout_dut.dout__t4                1.62697
xc.xlayout_dut.vss__t21             0.00134135
xc.xlayout_dut.vss__t7             2.24002e-11
xc.xlayout_dut.qn__t4                      3.3
xc.xlayout_dut.qp__t0                      3.3
xc.xlayout_dut.mn__t0                      3.3
xc.xlayout_dut.vss__t9             5.10523e-11
xc.xlayout_dut.mn__t1                      3.3
xc.xlayout_dut.aop__t2                 1.84994
xc.xlayout_dut.ltail__t0               1.44586
xc.xlayout_dut.vss__t11            3.75431e-11
xc.xlayout_dut.atail__t0               0.65578
xc.xlayout_dut.ibias__t2               1.11437
xc.xlayout_dut.vss__t19            0.000492691
xc.xlayout_dut.vss__t13            3.95111e-11
xc.xlayout_dut.qp__t1                      3.3
xc.xlayout_dut.qn__t5                      3.3
xc.xlayout_dut.mp__t2                      3.3
xc.xlayout_dut.vss__t10            5.11442e-11
xc.xlayout_dut.ltail__t1               1.44586
xc.xlayout_dut.clk__t2                       0
xc.xlayout_dut.vss__t18             4.8803e-11
xc.xlayout_dut.vss__t14            1.57688e-11
xc.xlayout_dut.mp__t1                      3.3
xc.xlayout_dut.aon__t0                 1.96688
xc.xlayout_dut.ltail__t2               1.44586
xc.xlayout_dut.vss__t12            3.79241e-11
xc.xlayout_dut.aon__t1                  1.9661
xc.xlayout_dut.vinp__t0                1.64619
xc.xlayout_dut.atail__t1              0.656376
xc.xlayout_dut.vss__t15            2.15891e-10
xc.xlayout_dut.aop__t1                 1.84864
xc.xlayout_dut.vinn__t0                1.65381
xc.xlayout_dut.atail__t2              0.656629
xc.xlayout_dut.vss__t16            1.93857e-10
xc.xlayout_dut.mn__t2                      3.3
xc.xlayout_dut.clk__t0                       0
xc.xlayout_dut.vdd__t0                     3.3
xc.xlayout_dut.vdd__t1                     3.3
xc.xlayout_dut.qn__t1                      3.3
xc.xlayout_dut.clk__t1                       0
xc.xlayout_dut.vdd__t2                     3.3
xc.xlayout_dut.vdd__t3                     3.3
xc.xlayout_dut.sp__t0              7.58358e-09
xc.xlayout_dut.qp__t2                      3.3
xc.xlayout_dut.vdd__t4                     3.3
xc.xlayout_dut.vdd__t5                     3.3
xc.xlayout_dut.mp__t0                      3.3
xc.xlayout_dut.clk__t4                       0
xc.xlayout_dut.vdd__t21                    3.3
xc.xlayout_dut.vdd__t20                    3.3
xc.xlayout_dut.qn__t0                      3.3
xc.xlayout_dut.qp__t3                      3.3
xc.xlayout_dut.vdd__t6                     3.3
xc.xlayout_dut.vdd__t7                     3.3
xc.xlayout_dut.qp__t4                      3.3
xc.xlayout_dut.clk__t3                       0
xc.xlayout_dut.vdd__t19                    3.3
xc.xlayout_dut.vdd__t18                    3.3
xc.xlayout_dut.na__t1                  3.17832
xc.xlayout_dut.sp__t1              7.38637e-09
xc.xlayout_dut.vdd__t23                3.29817
xc.xlayout_dut.vdd__t8                     3.3
xc.xlayout_dut.dout__t0                1.63044
xc.xlayout_dut.doutb__t2               1.62913
xc.xlayout_dut.na__t0                  3.17663
xc.xlayout_dut.vdd__t13                    3.3
xc.xlayout_dut.sn__t0              7.64727e-09
xc.xlayout_dut.qn__t3                      3.3
xc.xlayout_dut.vdd__t17                    3.3
xc.xlayout_dut.vdd__t16                    3.3
xc.xlayout_dut.qp__t5                      3.3
xc.xlayout_dut.qn__t2                      3.3
xc.xlayout_dut.vdd__t15                    3.3
xc.xlayout_dut.vdd__t14                    3.3
xc.xlayout_dut.nb__t1                  3.17861
xc.xlayout_dut.sn__t1               7.4328e-09
xc.xlayout_dut.vdd__t22                3.29803
xc.xlayout_dut.vdd__t12                    3.3
xc.xlayout_dut.doutb__t3               1.63848
xc.xlayout_dut.dout__t1                1.62697
xc.xlayout_dut.nb__t0                  3.17424
xc.xlayout_dut.vdd__t11                    3.3
xc.xlayout_dut.aon__t2                 1.96719
xc.xlayout_dut.x$28.11                 1.96773
xc.xlayout_dut.vss__t0                       0
xc.xlayout_dut.x$28.21                 3.29823
xc.xlayout_dut.vdd__t10                3.29877
xc.xlayout_dut.aop__t0                  1.8503
xc.xlayout_dut.x$29.11                 1.85089
xc.xlayout_dut.vss__t1                       0
xc.xlayout_dut.x$29.21                 3.29888
xc.xlayout_dut.vdd__t9                 3.29947
xc.xlayout_dut.aon                     1.96688
xc.xlayout_dut.aop                     1.84994
xc.xlayout_dut.atail                  0.656275
doutc                                  1.62697
doutbc                                 1.62913
xc.xlayout_dut.ltail                   1.44586
xc.xlayout_dut.mn                          3.3
xc.xlayout_dut.mp                          3.3
xc.xlayout_dut.na                      3.17748
xc.xlayout_dut.nb                      3.17643
xc.xlayout_dut.qn                          3.3
xc.xlayout_dut.qp                          3.3
xc.xlayout_dut.sn                   7.4328e-09
xc.xlayout_dut.sp                  7.38637e-09
clkn                                         0
dan                                          1
dbn                                    0.49302
dcn                                    0.49302
bdcn#branch                                  0
bdbn#branch                                  0
bdan#branch                                  0
bclkn#branch                                 0
eanc#branch                        1.18601e-18
eapc#branch                        3.27593e-19
eanb#branch                        1.36251e-19
eapb#branch                       -4.14566e-19
eana#branch                       -3.37713e-20
eapa#branch                       -2.44544e-19
vsc#branch                                   0
vsb#branch                                   0
vsa#branch                                   0
vcm#branch                          9.5697e-19
vclk#branch                                  0
vsupa#branch                      -3.01082e-05
vsup#branch                       -0.000517244

 Reference value :  9.21400e-10
 Reference value :  3.87140e-09
 Reference value :  6.77640e-09
 Reference value :  9.67140e-09
 Reference value :  1.25161e-08
 Reference value :  1.60311e-08
 Reference value :  1.97511e-08
 Reference value :  2.32075e-08
 Reference value :  2.66225e-08
 Reference value :  2.95575e-08
 Reference value :  3.23475e-08
 Reference value :  3.50875e-08
 Reference value :  3.79975e-08
 Reference value :  4.09161e-08
 Reference value :  4.35311e-08
 Reference value :  4.63211e-08
 Reference value :  4.93661e-08
 Reference value :  5.20476e-08
 Reference value :  5.48026e-08
 Reference value :  5.77126e-08
No. of Data Rows : 12046
vsup_v              =  3.30000e+00
td_a                =  1.74072e-09 targ=  4.17907e-08 trig=  4.00500e-08
td_b                =  2.26721e-09 targ=  4.23172e-08 trig=  4.00500e-08
td_c                =  2.62379e-09 targ=  4.26738e-08 trig=  4.00500e-08
da_first            =  1.41241e-05
db_first            =  1.76052e-05
dc_first            =  1.68266e-05
da_end              =  9.99961e-01
db_end              =  9.99961e-01
dc_end              =  9.99961e-01
i_stat              =  -2.90336e-05 from=  2.50000e-08 to=  2.90025e-08
q_dec               =  -8.11028e-13 from=  3.99000e-08 to=  4.80000e-08
m_td_od50_ns = 1.7407250000e+00
m_td_od1_ns = 2.2672130000e+00
m_td_od01_ns = 2.6237860000e+00
m_tau_ps = 1.5485768630e+02
m_resolve_decades = 1.4640622976e+01
m_dout_od50_end = 9.9996140000e-01
m_dout_od1_end = 9.9996140000e-01
m_dout_od01_end = 9.9996140000e-01
m_dout_od50_first = 1.4124100000e-05
m_dout_od1_first = 1.7605250000e-05
m_dout_od01_first = 1.6826640000e-05
m_i_static_ua = 2.9033550000e+01
m_e_dec_fj = 1.9003252785e+03
Note: Simulation executed from .control section 

Warning: m=xx on .subckt line will override multiplier m hierarchy!

Note: Starting dynamic gmin stepping
Note: Dynamic gmin stepping completed
