
Note: Compatibility modes selected: hs a


Circuit: * comparator-regeneration-vosprobe @ ss_27c_3.63v -- generated by sim/harness, do not edit

Doing analysis at TEMP = 27.000000 and TNOM = 27.000000

Using SPARSE 1.3 as Direct Linear Solver

Initial Transient Solution
--------------------------

Node                                   Voltage
----                                   -------
vdd                                       3.63
cm                                        1.65
clk                                          0
rmp                                      -0.04
vp                                        1.63
vn                                        1.67
ibn                                    1.12362
xdut.xlayout_dut.sp__t2            5.15165e-09
xdut.xlayout_dut.qp__t6                   3.63
xdut.xlayout_dut.vss__t17          3.96037e-11
xdut.xlayout_dut.vss__t2           4.91365e-20
xdut.xlayout_dut.dout__t3          6.04021e-09
xdut.xlayout_dut.sp__t3            5.23996e-09
xdut.xlayout_dut.vss__t25          1.41176e-21
xdut.xlayout_dut.vss__t3           6.76373e-20
xdut.xlayout_dut.dout__t2          5.84416e-09
xdut.xlayout_dut.doutb__t0                3.63
xdut.xlayout_dut.vss__t24          5.57887e-11
xdut.xlayout_dut.vss__t4           6.94752e-20
xdut.xlayout_dut.ibias__t0             1.12234
xdut.xlayout_dut.ibias__t1             1.12362
xdut.xlayout_dut.vss__t20          0.000254896
xdut.xlayout_dut.vss__t8           2.86165e-11
xdut.xlayout_dut.sn__t2            5.15157e-09
xdut.xlayout_dut.qn__t6                   3.63
xdut.xlayout_dut.vss__t23            3.953e-11
xdut.xlayout_dut.vss__t5           4.90436e-20
xdut.xlayout_dut.doutb__t1                3.63
xdut.xlayout_dut.sn__t3            5.28552e-09
xdut.xlayout_dut.vss__t22          1.27782e-14
xdut.xlayout_dut.vss__t6            4.0608e-11
xdut.xlayout_dut.doutb__t4                3.63
xdut.xlayout_dut.dout__t4          6.04021e-09
xdut.xlayout_dut.vss__t21          1.34392e-14
xdut.xlayout_dut.vss__t7           4.27085e-11
xdut.xlayout_dut.qn__t4                   3.63
xdut.xlayout_dut.qp__t0                   3.63
xdut.xlayout_dut.mn__t0                   3.63
xdut.xlayout_dut.vss__t9            4.7653e-11
xdut.xlayout_dut.mn__t1                   3.63
xdut.xlayout_dut.aop__t2                1.7236
xdut.xlayout_dut.ltail__t0             1.75818
xdut.xlayout_dut.vss__t11          3.22231e-11
xdut.xlayout_dut.atail__t0            0.597349
xdut.xlayout_dut.ibias__t2             1.12362
xdut.xlayout_dut.vss__t19          0.000495479
xdut.xlayout_dut.vss__t13          1.46491e-11
xdut.xlayout_dut.qp__t1                   3.63
xdut.xlayout_dut.qn__t5                   3.63
xdut.xlayout_dut.mp__t2                   3.63
xdut.xlayout_dut.vss__t10          4.77388e-11
xdut.xlayout_dut.ltail__t1             1.75818
xdut.xlayout_dut.clk__t2                     0
xdut.xlayout_dut.vss__t18          4.07503e-14
xdut.xlayout_dut.vss__t14          9.49552e-12
xdut.xlayout_dut.mp__t1                   3.63
xdut.xlayout_dut.aon__t0               2.53535
xdut.xlayout_dut.ltail__t2             1.75818
xdut.xlayout_dut.vss__t12          3.25483e-11
xdut.xlayout_dut.aon__t1               2.53476
xdut.xlayout_dut.vinp__t0                 1.63
xdut.xlayout_dut.atail__t1            0.597924
xdut.xlayout_dut.vss__t15          3.20857e-08
xdut.xlayout_dut.aop__t1               1.72201
xdut.xlayout_dut.vinn__t0                 1.67
xdut.xlayout_dut.atail__t2            0.598281
xdut.xlayout_dut.vss__t16          5.71753e-11
xdut.xlayout_dut.mn__t2                   3.63
xdut.xlayout_dut.clk__t0                     0
xdut.xlayout_dut.vdd__t0                  3.63
xdut.xlayout_dut.vdd__t1                  3.63
xdut.xlayout_dut.qn__t1                   3.63
xdut.xlayout_dut.clk__t1                     0
xdut.xlayout_dut.vdd__t2                  3.63
xdut.xlayout_dut.vdd__t3                  3.63
xdut.xlayout_dut.sp__t0            5.43346e-09
xdut.xlayout_dut.qp__t2                   3.63
xdut.xlayout_dut.vdd__t4                  3.63
xdut.xlayout_dut.vdd__t5                  3.63
xdut.xlayout_dut.mp__t0                   3.63
xdut.xlayout_dut.clk__t4                     0
xdut.xlayout_dut.vdd__t21                 3.63
xdut.xlayout_dut.vdd__t20                 3.63
xdut.xlayout_dut.qn__t0                   3.63
xdut.xlayout_dut.qp__t3                   3.63
xdut.xlayout_dut.vdd__t6                  3.63
xdut.xlayout_dut.vdd__t7                  3.63
xdut.xlayout_dut.qp__t4                   3.63
xdut.xlayout_dut.clk__t3                     0
xdut.xlayout_dut.vdd__t19                 3.63
xdut.xlayout_dut.vdd__t18                 3.63
xdut.xlayout_dut.na__t1                   3.63
xdut.xlayout_dut.sp__t1            5.23996e-09
xdut.xlayout_dut.vdd__t23                 3.63
xdut.xlayout_dut.vdd__t8                  3.63
xdut.xlayout_dut.dout__t0          6.18416e-09
xdut.xlayout_dut.doutb__t2                3.63
xdut.xlayout_dut.na__t0                   3.63
xdut.xlayout_dut.vdd__t13                 3.63
xdut.xlayout_dut.sn__t0            5.49595e-09
xdut.xlayout_dut.qn__t3                   3.63
xdut.xlayout_dut.vdd__t17                 3.63
xdut.xlayout_dut.vdd__t16                 3.63
xdut.xlayout_dut.qp__t5                   3.63
xdut.xlayout_dut.qn__t2                   3.63
xdut.xlayout_dut.vdd__t15                 3.63
xdut.xlayout_dut.vdd__t14                 3.63
xdut.xlayout_dut.nb__t1                   3.63
xdut.xlayout_dut.sn__t1            5.28552e-09
xdut.xlayout_dut.vdd__t22                 3.63
xdut.xlayout_dut.vdd__t12                 3.63
xdut.xlayout_dut.doutb__t3                3.63
xdut.xlayout_dut.dout__t1          6.04021e-09
xdut.xlayout_dut.nb__t0                   3.63
xdut.xlayout_dut.vdd__t11                 3.63
xdut.xlayout_dut.aon__t2               2.53559
xdut.xlayout_dut.x$28.11               2.53623
xdut.xlayout_dut.vss__t0                     0
xdut.xlayout_dut.x$28.21               3.62842
xdut.xlayout_dut.vdd__t10              3.62906
xdut.xlayout_dut.aop__t0               1.72405
xdut.xlayout_dut.x$29.11               1.72516
xdut.xlayout_dut.vss__t1                     0
xdut.xlayout_dut.x$29.21               3.62823
xdut.xlayout_dut.vdd__t9               3.62935
xdut.xlayout_dut.aon                   2.53535
vsubs                                        0
xdut.xlayout_dut.aop                    1.7236
xdut.xlayout_dut.atail                0.597847
dout                               6.04021e-09
doutb                                     3.63
xdut.xlayout_dut.ltail                 1.75818
xdut.xlayout_dut.mn                       3.63
xdut.xlayout_dut.mp                       3.63
xdut.xlayout_dut.na                       3.63
xdut.xlayout_dut.nb                       3.63
xdut.xlayout_dut.qn                       3.63
xdut.xlayout_dut.qp                       3.63
xdut.xlayout_dut.sn                5.28552e-09
xdut.xlayout_dut.sp                5.23996e-09
dn                                 1.66397e-09
bdn#branch                                   0
bnn#branch                         1.17161e-18
bpp#branch                          3.4199e-19
vrmp#branch                                  0
vclk#branch                                  0
vcm#branch                                   0
vsup#branch                       -3.02226e-05

 Reference value :  1.30754e-07
 Reference value :  4.10198e-07
 Reference value :  6.70658e-07
 Reference value :  9.40185e-07
 Reference value :  1.21016e-06
 Reference value :  1.46017e-06
 Reference value :  1.73010e-06
 Reference value :  1.99030e-06
 Reference value :  2.27014e-06
 Reference value :  2.53075e-06
 Reference value :  2.80279e-06
 Reference value :  3.10007e-06
 Reference value :  3.37044e-06
 Reference value :  3.65020e-06
 Reference value :  3.92021e-06
 Reference value :  4.18000e-06
 Reference value :  4.43016e-06
 Reference value :  4.69022e-06
 Reference value :  4.99043e-06
 Reference value :  5.24095e-06
 Reference value :  5.50018e-06
 Reference value :  5.75020e-06
 Reference value :  6.01065e-06
 Reference value :  6.28010e-06
 Reference value :  6.55004e-06
 Reference value :  6.83019e-06
 Reference value :  7.10042e-06
 Reference value :  7.36017e-06
 Reference value :  7.61083e-06
 Reference value :  7.88071e-06
 Reference value :  8.14039e-06
 Reference value :  8.41048e-06
 Reference value :  8.68008e-06
 Reference value :  8.93048e-06
 Reference value :  9.20176e-06
 Reference value :  9.49001e-06
 Reference value :  9.76008e-06
 Reference value :  1.00300e-05
 Reference value :  1.02801e-05
 Reference value :  1.05218e-05
 Reference value :  1.08101e-05
 Reference value :  1.10803e-05
 Reference value :  1.13509e-05
 Reference value :  1.16507e-05
 Reference value :  1.19224e-05
 Reference value :  1.21900e-05
 Reference value :  1.24402e-05
 Reference value :  1.27115e-05
 Reference value :  1.30001e-05
 Reference value :  1.32701e-05
 Reference value :  1.35401e-05
 Reference value :  1.38102e-05
 Reference value :  1.40680e-05
 Reference value :  1.43505e-05
 Reference value :  1.46814e-05
 Reference value :  1.49800e-05
 Reference value :  1.52501e-05
 Reference value :  1.55003e-05
 Reference value :  1.57315e-05
 Reference value :  1.60002e-05
 Reference value :  1.62665e-05
 Reference value :  1.65407e-05
 Reference value :  1.68206e-05
 Reference value :  1.70910e-05
 Reference value :  1.73602e-05
 Reference value :  1.76313e-05
 Reference value :  1.79201e-05
 Reference value :  1.81901e-05
 Reference value :  1.84606e-05
 Reference value :  1.87301e-05
 Reference value :  1.89807e-05
 Reference value :  1.92701e-05
 Reference value :  1.95401e-05
 Reference value :  1.97964e-05
 Reference value :  2.00603e-05
 Reference value :  2.03204e-05
 Reference value :  2.05771e-05
 Reference value :  2.08602e-05
 Reference value :  2.11109e-05
 Reference value :  2.13714e-05
 Reference value :  2.16401e-05
 Reference value :  2.19027e-05
 Reference value :  2.21508e-05
 Reference value :  2.24501e-05
 Reference value :  2.27207e-05
 Reference value :  2.30002e-05
 Reference value :  2.32606e-05
 Reference value :  2.35402e-05
 Reference value :  2.38001e-05
 Reference value :  2.40502e-05
 Reference value :  2.43100e-05
 Reference value :  2.46101e-05
 Reference value :  2.48537e-05
 Reference value :  2.51004e-05
 Reference value :  2.53407e-05
 Reference value :  2.56102e-05
 Reference value :  2.58807e-05
 Reference value :  2.61501e-05
 Reference value :  2.64202e-05
 Reference value :  2.66901e-05
 Reference value :  2.69551e-05
 Reference value :  2.72002e-05
 Reference value :  2.74707e-05
 Reference value :  2.77309e-05
 Reference value :  2.80001e-05
 Reference value :  2.82477e-05
 Reference value :  2.84902e-05
 Reference value :  2.87318e-05
 Reference value :  2.90002e-05
 Reference value :  2.92612e-05
 Reference value :  2.95306e-05
 Reference value :  2.97802e-05
 Reference value :  3.00401e-05
 Reference value :  3.02802e-05
 Reference value :  3.05309e-05
 Reference value :  3.07902e-05
 Reference value :  3.10010e-05
 Reference value :  3.12502e-05
 Reference value :  3.15100e-05
 Reference value :  3.17602e-05
 Reference value :  3.20018e-05
 Reference value :  3.22710e-05
 Reference value :  3.25411e-05
 Reference value :  3.28102e-05
 Reference value :  3.30701e-05
 Reference value :  3.32906e-05
 Reference value :  3.35302e-05
 Reference value :  3.37902e-05
 Reference value :  3.41005e-05
 Reference value :  3.43489e-05
 Reference value :  3.46301e-05
 Reference value :  3.48702e-05
 Reference value :  3.51107e-05
 Reference value :  3.53609e-05
 Reference value :  3.56501e-05
 Reference value :  3.59201e-05
 Reference value :  3.61901e-05
 Reference value :  3.64601e-05
 Reference value :  3.67004e-05
 Reference value :  3.69706e-05
 Reference value :  3.72404e-05
 Reference value :  3.75100e-05
 Reference value :  3.77610e-05
 Reference value :  3.80212e-05
 Reference value :  3.82912e-05
 Reference value :  3.85402e-05
 Reference value :  3.88121e-05
 Reference value :  3.90802e-05
 Reference value :  3.93700e-05
 Reference value :  3.96424e-05
 Reference value :  3.99103e-05
 Reference value :  4.01914e-05
 Reference value :  4.04602e-05
 Reference value :  4.07302e-05
 Reference value :  4.10001e-05
 Reference value :  4.12901e-05
 Reference value :  4.15607e-05
 Reference value :  4.18301e-05
 Reference value :  4.21101e-05
 Reference value :  4.23704e-05
 Reference value :  4.26505e-05
 Reference value :  4.29180e-05
 Reference value :  4.31803e-05
 Reference value :  4.34501e-05
 Reference value :  4.38100e-05
 Reference value :  4.40817e-05
 Reference value :  4.43501e-05
 Reference value :  4.46009e-05
 Reference value :  4.48602e-05
 Reference value :  4.51300e-05
 Reference value :  4.54026e-05
 Reference value :  4.57000e-05
 Reference value :  4.59813e-05
 Reference value :  4.62707e-05
 Reference value :  4.65410e-05
 Reference value :  4.68102e-05
 Reference value :  4.70801e-05
 Reference value :  4.73542e-05
 Reference value :  4.76202e-05
 Reference value :  4.78702e-05
 Reference value :  4.81604e-05
 Reference value :  4.84106e-05
 Reference value :  4.86801e-05
 Reference value :  4.89502e-05
 Reference value :  4.92400e-05
 Reference value :  4.95104e-05
 Reference value :  4.97800e-05
 Reference value :  5.00311e-05
 Reference value :  5.02906e-05
 Reference value :  5.05600e-05
 Reference value :  5.08126e-05
 Reference value :  5.10850e-05
 Reference value :  5.13408e-05
 Reference value :  5.16101e-05
 Reference value :  5.18626e-05
 Reference value :  5.21501e-05
 Reference value :  5.24201e-05
 Reference value :  5.26925e-05
 Reference value :  5.29701e-05
 Reference value :  5.32301e-05
 Reference value :  5.35005e-05
 Reference value :  5.37702e-05
 Reference value :  5.40226e-05
 Reference value :  5.42808e-05
 Reference value :  5.46107e-05
 Reference value :  5.48613e-05
 Reference value :  5.51310e-05
 Reference value :  5.53903e-05
 Reference value :  5.56402e-05
 Reference value :  5.59111e-05
 Reference value :  5.61802e-05
 Reference value :  5.64528e-05
 Reference value :  5.67401e-05
 Reference value :  5.70015e-05
 Reference value :  5.72521e-05
 Reference value :  5.75201e-05
 Reference value :  5.77900e-05
 Reference value :  5.80702e-05
 Reference value :  5.83307e-05
 Reference value :  5.85811e-05
 Reference value :  5.88409e-05
 Reference value :  5.91103e-05
 Reference value :  5.93805e-05
 Reference value :  5.96507e-05
 Reference value :  5.99054e-05
 Reference value :  6.01602e-05
 Reference value :  6.04102e-05
 Reference value :  6.06701e-05
 Reference value :  6.09401e-05
 Reference value :  6.11902e-05
 Reference value :  6.14602e-05
 Reference value :  6.17206e-05
 Reference value :  6.19906e-05
 Reference value :  6.22702e-05
 Reference value :  6.25600e-05
 Reference value :  6.28320e-05
 Reference value :  6.30811e-05
 Reference value :  6.33701e-05
 Reference value :  6.36226e-05
 Reference value :  6.38902e-05
 Reference value :  6.41509e-05
 Reference value :  6.44002e-05
 Reference value :  6.46911e-05
 Reference value :  6.49601e-05
 Reference value :  6.52301e-05
 Reference value :  6.54702e-05
 Reference value :  6.57112e-05
 Reference value :  6.59800e-05
 Reference value :  6.62369e-05
 Reference value :  6.65069e-05
 Reference value :  6.67901e-05
 Reference value :  6.70553e-05
 Reference value :  6.73002e-05
 Reference value :  6.75607e-05
 Reference value :  6.78226e-05
 Reference value :  6.80901e-05
 Reference value :  6.83310e-05
 Reference value :  6.86002e-05
 Reference value :  6.88601e-05
 Reference value :  6.91109e-05
 Reference value :  6.93802e-05
 Reference value :  6.96501e-05
 Reference value :  6.99101e-05
 Reference value :  7.01602e-05
 Reference value :  7.04202e-05
 Reference value :  7.06701e-05
 Reference value :  7.09112e-05
 Reference value :  7.12000e-05
 Reference value :  7.14504e-05
 Reference value :  7.17106e-05
 Reference value :  7.19603e-05
 Reference value :  7.22301e-05
 Reference value :  7.24709e-05
 Reference value :  7.27401e-05
 Reference value :  7.29809e-05
 Reference value :  7.32501e-05
 Reference value :  7.34908e-05
 Reference value :  7.37604e-05
 Reference value :  7.40302e-05
 Reference value :  7.42904e-05
 Reference value :  7.45553e-05
 Reference value :  7.48102e-05
 Reference value :  7.51402e-05
 Reference value :  7.53810e-05
 Reference value :  7.56701e-05
 Reference value :  7.59205e-05
 Reference value :  7.61808e-05
 Reference value :  7.64500e-05
 Reference value :  7.67205e-05
 Reference value :  7.69903e-05
 Reference value :  7.72702e-05
 Reference value :  7.75601e-05
 Reference value :  7.78300e-05
 Reference value :  7.81101e-05
 Reference value :  7.83705e-05
 Reference value :  7.86502e-05
 Reference value :  7.89102e-05
 Reference value :  7.91800e-05
 Reference value :  7.94504e-05
 Reference value :  7.97219e-05
 Reference value :  7.99912e-05
No. of Data Rows : 298107
t_flip              =  3.31921e-05
vos_v               =  -6.80794e-03
m_dut_vos = -6.807940000e-03
Note: Simulation executed from .control section 

Warning: m=xx on .subckt line will override multiplier m hierarchy!

