
Note: Compatibility modes selected: hs a


Circuit: * comparator-regeneration @ ss_27c_3.63v -- generated by sim/harness, do not edit

Doing analysis at TEMP = 27.000000 and TNOM = 27.000000

Using SPARSE 1.3 as Direct Linear Solver

Initial Transient Solution
--------------------------

Node                                   Voltage
----                                   -------
vdd                                       3.63
vdda                                      3.63
clk                                          0
cm                                        1.65
sa                                  -0.0568079
apa                                     1.6216
ana                                     1.6784
ibna                                   1.12362
xa.xlayout_dut.sp__t2              5.15165e-09
xa.xlayout_dut.qp__t6                     3.63
xa.xlayout_dut.vss__t17            3.96037e-11
xa.xlayout_dut.vss__t2             4.91365e-20
xa.xlayout_dut.dout__t3            6.04021e-09
xa.xlayout_dut.sp__t3              5.23996e-09
xa.xlayout_dut.vss__t25            1.41176e-21
xa.xlayout_dut.vss__t3             6.76373e-20
xa.xlayout_dut.dout__t2            5.84416e-09
xa.xlayout_dut.doutb__t0                  3.63
xa.xlayout_dut.vss__t24            5.57887e-11
xa.xlayout_dut.vss__t4             6.94752e-20
xa.xlayout_dut.ibias__t0               1.12234
xa.xlayout_dut.ibias__t1               1.12362
xa.xlayout_dut.vss__t20            0.000254896
xa.xlayout_dut.vss__t8             2.86165e-11
xa.xlayout_dut.sn__t2              5.15157e-09
xa.xlayout_dut.qn__t6                     3.63
xa.xlayout_dut.vss__t23              3.953e-11
xa.xlayout_dut.vss__t5             4.90436e-20
xa.xlayout_dut.doutb__t1                  3.63
xa.xlayout_dut.sn__t3              5.28552e-09
xa.xlayout_dut.vss__t22            1.27782e-14
xa.xlayout_dut.vss__t6              4.0608e-11
xa.xlayout_dut.doutb__t4                  3.63
xa.xlayout_dut.dout__t4            6.04021e-09
xa.xlayout_dut.vss__t21            1.34392e-14
xa.xlayout_dut.vss__t7             4.27085e-11
xa.xlayout_dut.qn__t4                     3.63
xa.xlayout_dut.qp__t0                     3.63
xa.xlayout_dut.mn__t0                     3.63
xa.xlayout_dut.vss__t9              4.7653e-11
xa.xlayout_dut.mn__t1                     3.63
xa.xlayout_dut.aop__t2                 1.56123
xa.xlayout_dut.ltail__t0               1.88984
xa.xlayout_dut.vss__t11            3.30104e-11
xa.xlayout_dut.atail__t0              0.598795
xa.xlayout_dut.ibias__t2               1.12362
xa.xlayout_dut.vss__t19            0.000495489
xa.xlayout_dut.vss__t13            1.46845e-11
xa.xlayout_dut.qp__t1                     3.63
xa.xlayout_dut.qn__t5                     3.63
xa.xlayout_dut.mp__t2                     3.63
xa.xlayout_dut.vss__t10            4.77388e-11
xa.xlayout_dut.ltail__t1               1.88984
xa.xlayout_dut.clk__t2                       0
xa.xlayout_dut.vss__t18            4.15538e-14
xa.xlayout_dut.vss__t14            1.02066e-11
xa.xlayout_dut.mp__t1                     3.63
xa.xlayout_dut.aon__t0                 2.69744
xa.xlayout_dut.ltail__t2               1.88984
xa.xlayout_dut.vss__t12            3.33423e-11
xa.xlayout_dut.aon__t1                 2.69693
xa.xlayout_dut.vinp__t0                 1.6216
xa.xlayout_dut.atail__t1              0.599359
xa.xlayout_dut.vss__t15            8.14295e-08
xa.xlayout_dut.aop__t1                  1.5595
xa.xlayout_dut.vinn__t0                 1.6784
xa.xlayout_dut.atail__t2              0.599764
xa.xlayout_dut.vss__t16            5.20485e-11
xa.xlayout_dut.mn__t2                     3.63
xa.xlayout_dut.clk__t0                       0
xa.xlayout_dut.vdd__t0                    3.63
xa.xlayout_dut.vdd__t1                    3.63
xa.xlayout_dut.qn__t1                     3.63
xa.xlayout_dut.clk__t1                       0
xa.xlayout_dut.vdd__t2                    3.63
xa.xlayout_dut.vdd__t3                    3.63
xa.xlayout_dut.sp__t0              5.43346e-09
xa.xlayout_dut.qp__t2                     3.63
xa.xlayout_dut.vdd__t4                    3.63
xa.xlayout_dut.vdd__t5                    3.63
xa.xlayout_dut.mp__t0                     3.63
xa.xlayout_dut.clk__t4                       0
xa.xlayout_dut.vdd__t21                   3.63
xa.xlayout_dut.vdd__t20                   3.63
xa.xlayout_dut.qn__t0                     3.63
xa.xlayout_dut.qp__t3                     3.63
xa.xlayout_dut.vdd__t6                    3.63
xa.xlayout_dut.vdd__t7                    3.63
xa.xlayout_dut.qp__t4                     3.63
xa.xlayout_dut.clk__t3                       0
xa.xlayout_dut.vdd__t19                   3.63
xa.xlayout_dut.vdd__t18                   3.63
xa.xlayout_dut.na__t1                     3.63
xa.xlayout_dut.sp__t1              5.23996e-09
xa.xlayout_dut.vdd__t23                   3.63
xa.xlayout_dut.vdd__t8                    3.63
xa.xlayout_dut.dout__t0            6.18416e-09
xa.xlayout_dut.doutb__t2                  3.63
xa.xlayout_dut.na__t0                     3.63
xa.xlayout_dut.vdd__t13                   3.63
xa.xlayout_dut.sn__t0              5.49595e-09
xa.xlayout_dut.qn__t3                     3.63
xa.xlayout_dut.vdd__t17                   3.63
xa.xlayout_dut.vdd__t16                   3.63
xa.xlayout_dut.qp__t5                     3.63
xa.xlayout_dut.qn__t2                     3.63
xa.xlayout_dut.vdd__t15                   3.63
xa.xlayout_dut.vdd__t14                   3.63
xa.xlayout_dut.nb__t1                     3.63
xa.xlayout_dut.sn__t1              5.28552e-09
xa.xlayout_dut.vdd__t22                   3.63
xa.xlayout_dut.vdd__t12                   3.63
xa.xlayout_dut.doutb__t3                  3.63
xa.xlayout_dut.dout__t1            6.04021e-09
xa.xlayout_dut.nb__t0                     3.63
xa.xlayout_dut.vdd__t11                   3.63
xa.xlayout_dut.aon__t2                 2.69764
xa.xlayout_dut.x$28.11                 2.69819
xa.xlayout_dut.vss__t0                       0
xa.xlayout_dut.x$28.21                 3.62865
xa.xlayout_dut.vdd__t10                 3.6292
xa.xlayout_dut.aop__t0                 1.56171
xa.xlayout_dut.x$29.11                 1.56292
xa.xlayout_dut.vss__t1                       0
xa.xlayout_dut.x$29.21                 3.62808
xa.xlayout_dut.vdd__t9                 3.62929
xa.xlayout_dut.aon                     2.69744
vsubs                                        0
xa.xlayout_dut.aop                     1.56123
xa.xlayout_dut.atail                  0.599293
douta                              6.04021e-09
doutba                                    3.63
xa.xlayout_dut.ltail                   1.88984
xa.xlayout_dut.mn                         3.63
xa.xlayout_dut.mp                         3.63
xa.xlayout_dut.na                         3.63
xa.xlayout_dut.nb                         3.63
xa.xlayout_dut.qn                         3.63
xa.xlayout_dut.qp                         3.63
xa.xlayout_dut.sn                  5.28552e-09
xa.xlayout_dut.sp                  5.23996e-09
sb                                 -0.00780794
apb                                     1.6461
anb                                     1.6539
ibnb                                   1.12362
xb.xlayout_dut.sp__t2              5.15165e-09
xb.xlayout_dut.qp__t6                     3.63
xb.xlayout_dut.vss__t17            3.96037e-11
xb.xlayout_dut.vss__t2             4.91365e-20
xb.xlayout_dut.dout__t3            6.04021e-09
xb.xlayout_dut.sp__t3              5.23996e-09
xb.xlayout_dut.vss__t25            1.41176e-21
xb.xlayout_dut.vss__t3             6.76373e-20
xb.xlayout_dut.dout__t2            5.84416e-09
xb.xlayout_dut.doutb__t0                  3.63
xb.xlayout_dut.vss__t24            5.57887e-11
xb.xlayout_dut.vss__t4             6.94752e-20
xb.xlayout_dut.ibias__t0               1.12234
xb.xlayout_dut.ibias__t1               1.12362
xb.xlayout_dut.vss__t20            0.000254896
xb.xlayout_dut.vss__t8             2.86165e-11
xb.xlayout_dut.sn__t2              5.15157e-09
xb.xlayout_dut.qn__t6                     3.63
xb.xlayout_dut.vss__t23              3.953e-11
xb.xlayout_dut.vss__t5             4.90436e-20
xb.xlayout_dut.doutb__t1                  3.63
xb.xlayout_dut.sn__t3              5.28552e-09
xb.xlayout_dut.vss__t22            1.27782e-14
xb.xlayout_dut.vss__t6              4.0608e-11
xb.xlayout_dut.doutb__t4                  3.63
xb.xlayout_dut.dout__t4            6.04021e-09
xb.xlayout_dut.vss__t21            1.34392e-14
xb.xlayout_dut.vss__t7             4.27085e-11
xb.xlayout_dut.qn__t4                     3.63
xb.xlayout_dut.qp__t0                     3.63
xb.xlayout_dut.mn__t0                     3.63
xb.xlayout_dut.vss__t9              4.7653e-11
xb.xlayout_dut.mn__t1                     3.63
xb.xlayout_dut.aop__t2                 2.05192
xb.xlayout_dut.ltail__t0               1.49465
xb.xlayout_dut.vss__t11            3.06472e-11
xb.xlayout_dut.atail__t0              0.596005
xb.xlayout_dut.ibias__t2               1.12362
xb.xlayout_dut.vss__t19             0.00049547
xb.xlayout_dut.vss__t13            1.46162e-11
xb.xlayout_dut.qp__t1                     3.63
xb.xlayout_dut.qn__t5                     3.63
xb.xlayout_dut.mp__t2                     3.63
xb.xlayout_dut.vss__t10            4.77388e-11
xb.xlayout_dut.ltail__t1               1.49465
xb.xlayout_dut.clk__t2                       0
xb.xlayout_dut.vss__t18            3.91514e-14
xb.xlayout_dut.vss__t14            8.07226e-12
xb.xlayout_dut.mp__t1                     3.63
xb.xlayout_dut.aon__t0                 2.20711
xb.xlayout_dut.ltail__t2               1.49465
xb.xlayout_dut.vss__t12            3.09634e-11
xb.xlayout_dut.aon__t1                 2.20634
xb.xlayout_dut.vinp__t0                 1.6461
xb.xlayout_dut.atail__t1              0.596604
xb.xlayout_dut.vss__t15            2.29343e-09
xb.xlayout_dut.aop__t1                  2.0506
xb.xlayout_dut.vinn__t0                 1.6539
xb.xlayout_dut.atail__t2              0.596862
xb.xlayout_dut.vss__t16            4.44464e-10
xb.xlayout_dut.mn__t2                     3.63
xb.xlayout_dut.clk__t0                       0
xb.xlayout_dut.vdd__t0                    3.63
xb.xlayout_dut.vdd__t1                    3.63
xb.xlayout_dut.qn__t1                     3.63
xb.xlayout_dut.clk__t1                       0
xb.xlayout_dut.vdd__t2                    3.63
xb.xlayout_dut.vdd__t3                    3.63
xb.xlayout_dut.sp__t0              5.43346e-09
xb.xlayout_dut.qp__t2                     3.63
xb.xlayout_dut.vdd__t4                    3.63
xb.xlayout_dut.vdd__t5                    3.63
xb.xlayout_dut.mp__t0                     3.63
xb.xlayout_dut.clk__t4                       0
xb.xlayout_dut.vdd__t21                   3.63
xb.xlayout_dut.vdd__t20                   3.63
xb.xlayout_dut.qn__t0                     3.63
xb.xlayout_dut.qp__t3                     3.63
xb.xlayout_dut.vdd__t6                    3.63
xb.xlayout_dut.vdd__t7                    3.63
xb.xlayout_dut.qp__t4                     3.63
xb.xlayout_dut.clk__t3                       0
xb.xlayout_dut.vdd__t19                   3.63
xb.xlayout_dut.vdd__t18                   3.63
xb.xlayout_dut.na__t1                     3.63
xb.xlayout_dut.sp__t1              5.23996e-09
xb.xlayout_dut.vdd__t23                   3.63
xb.xlayout_dut.vdd__t8                    3.63
xb.xlayout_dut.dout__t0            6.18416e-09
xb.xlayout_dut.doutb__t2                  3.63
xb.xlayout_dut.na__t0                     3.63
xb.xlayout_dut.vdd__t13                   3.63
xb.xlayout_dut.sn__t0              5.49595e-09
xb.xlayout_dut.qn__t3                     3.63
xb.xlayout_dut.vdd__t17                   3.63
xb.xlayout_dut.vdd__t16                   3.63
xb.xlayout_dut.qp__t5                     3.63
xb.xlayout_dut.qn__t2                     3.63
xb.xlayout_dut.vdd__t15                   3.63
xb.xlayout_dut.vdd__t14                   3.63
xb.xlayout_dut.nb__t1                     3.63
xb.xlayout_dut.sn__t1              5.28552e-09
xb.xlayout_dut.vdd__t22                   3.63
xb.xlayout_dut.vdd__t12                   3.63
xb.xlayout_dut.doutb__t3                  3.63
xb.xlayout_dut.dout__t1            6.04021e-09
xb.xlayout_dut.nb__t0                     3.63
xb.xlayout_dut.vdd__t11                   3.63
xb.xlayout_dut.aon__t2                 2.20742
xb.xlayout_dut.x$28.11                 2.20825
xb.xlayout_dut.vss__t0                       0
xb.xlayout_dut.x$28.21                 3.62794
xb.xlayout_dut.vdd__t10                3.62877
xb.xlayout_dut.aop__t0                 2.05229
xb.xlayout_dut.x$29.11                 2.05321
xb.xlayout_dut.vss__t1                       0
xb.xlayout_dut.x$29.21                 3.62854
xb.xlayout_dut.vdd__t9                 3.62946
xb.xlayout_dut.aon                     2.20711
xb.xlayout_dut.aop                     2.05192
xb.xlayout_dut.atail                  0.596503
doutb                              6.04021e-09
doutbb                                    3.63
xb.xlayout_dut.ltail                   1.49465
xb.xlayout_dut.mn                         3.63
xb.xlayout_dut.mp                         3.63
xb.xlayout_dut.na                         3.63
xb.xlayout_dut.nb                         3.63
xb.xlayout_dut.qn                         3.63
xb.xlayout_dut.qp                         3.63
xb.xlayout_dut.sn                  5.28552e-09
xb.xlayout_dut.sp                  5.23996e-09
sc                                 -0.00690794
apc                                    1.64655
anc                                    1.65345
ibnc                                   1.12362
xc.xlayout_dut.sp__t2              5.15165e-09
xc.xlayout_dut.qp__t6                     3.63
xc.xlayout_dut.vss__t17            3.96037e-11
xc.xlayout_dut.vss__t2             4.91365e-20
xc.xlayout_dut.dout__t3            6.04021e-09
xc.xlayout_dut.sp__t3              5.23996e-09
xc.xlayout_dut.vss__t25            1.41176e-21
xc.xlayout_dut.vss__t3             6.76373e-20
xc.xlayout_dut.dout__t2            5.84416e-09
xc.xlayout_dut.doutb__t0                  3.63
xc.xlayout_dut.vss__t24            5.57887e-11
xc.xlayout_dut.vss__t4             6.94752e-20
xc.xlayout_dut.ibias__t0               1.12234
xc.xlayout_dut.ibias__t1               1.12362
xc.xlayout_dut.vss__t20            0.000254896
xc.xlayout_dut.vss__t8             2.86165e-11
xc.xlayout_dut.sn__t2              5.15157e-09
xc.xlayout_dut.qn__t6                     3.63
xc.xlayout_dut.vss__t23              3.953e-11
xc.xlayout_dut.vss__t5             4.90436e-20
xc.xlayout_dut.doutb__t1                  3.63
xc.xlayout_dut.sn__t3              5.28552e-09
xc.xlayout_dut.vss__t22            1.27782e-14
xc.xlayout_dut.vss__t6              4.0608e-11
xc.xlayout_dut.doutb__t4                  3.63
xc.xlayout_dut.dout__t4            6.04021e-09
xc.xlayout_dut.vss__t21            1.34392e-14
xc.xlayout_dut.vss__t7             4.27085e-11
xc.xlayout_dut.qn__t4                     3.63
xc.xlayout_dut.qp__t0                     3.63
xc.xlayout_dut.mn__t0                     3.63
xc.xlayout_dut.vss__t9              4.7653e-11
xc.xlayout_dut.mn__t1                     3.63
xc.xlayout_dut.aop__t2                 2.06127
xc.xlayout_dut.ltail__t0               1.48737
xc.xlayout_dut.vss__t11            3.06037e-11
xc.xlayout_dut.atail__t0              0.595994
xc.xlayout_dut.ibias__t2               1.12362
xc.xlayout_dut.vss__t19             0.00049547
xc.xlayout_dut.vss__t13            1.46159e-11
xc.xlayout_dut.qp__t1                     3.63
xc.xlayout_dut.qn__t5                     3.63
xc.xlayout_dut.mp__t2                     3.63
xc.xlayout_dut.vss__t10            4.77388e-11
xc.xlayout_dut.ltail__t1               1.48737
xc.xlayout_dut.clk__t2                       0
xc.xlayout_dut.vss__t18            3.91074e-14
xc.xlayout_dut.vss__t14            8.03292e-12
xc.xlayout_dut.mp__t1                     3.63
xc.xlayout_dut.aon__t0                 2.19776
xc.xlayout_dut.ltail__t2               1.48737
xc.xlayout_dut.vss__t12            3.09197e-11
xc.xlayout_dut.aon__t1                 2.19698
xc.xlayout_dut.vinp__t0                1.64655
xc.xlayout_dut.atail__t1              0.596594
xc.xlayout_dut.vss__t15            2.09006e-09
xc.xlayout_dut.aop__t1                 2.05996
xc.xlayout_dut.vinn__t0                1.65345
xc.xlayout_dut.atail__t2               0.59685
xc.xlayout_dut.vss__t16            4.93096e-10
xc.xlayout_dut.mn__t2                     3.63
xc.xlayout_dut.clk__t0                       0
xc.xlayout_dut.vdd__t0                    3.63
xc.xlayout_dut.vdd__t1                    3.63
xc.xlayout_dut.qn__t1                     3.63
xc.xlayout_dut.clk__t1                       0
xc.xlayout_dut.vdd__t2                    3.63
xc.xlayout_dut.vdd__t3                    3.63
xc.xlayout_dut.sp__t0              5.43346e-09
xc.xlayout_dut.qp__t2                     3.63
xc.xlayout_dut.vdd__t4                    3.63
xc.xlayout_dut.vdd__t5                    3.63
xc.xlayout_dut.mp__t0                     3.63
xc.xlayout_dut.clk__t4                       0
xc.xlayout_dut.vdd__t21                   3.63
xc.xlayout_dut.vdd__t20                   3.63
xc.xlayout_dut.qn__t0                     3.63
xc.xlayout_dut.qp__t3                     3.63
xc.xlayout_dut.vdd__t6                    3.63
xc.xlayout_dut.vdd__t7                    3.63
xc.xlayout_dut.qp__t4                     3.63
xc.xlayout_dut.clk__t3                       0
xc.xlayout_dut.vdd__t19                   3.63
xc.xlayout_dut.vdd__t18                   3.63
xc.xlayout_dut.na__t1                     3.63
xc.xlayout_dut.sp__t1              5.23996e-09
xc.xlayout_dut.vdd__t23                   3.63
xc.xlayout_dut.vdd__t8                    3.63
xc.xlayout_dut.dout__t0            6.18416e-09
xc.xlayout_dut.doutb__t2                  3.63
xc.xlayout_dut.na__t0                     3.63
xc.xlayout_dut.vdd__t13                   3.63
xc.xlayout_dut.sn__t0              5.49595e-09
xc.xlayout_dut.qn__t3                     3.63
xc.xlayout_dut.vdd__t17                   3.63
xc.xlayout_dut.vdd__t16                   3.63
xc.xlayout_dut.qp__t5                     3.63
xc.xlayout_dut.qn__t2                     3.63
xc.xlayout_dut.vdd__t15                   3.63
xc.xlayout_dut.vdd__t14                   3.63
xc.xlayout_dut.nb__t1                     3.63
xc.xlayout_dut.sn__t1              5.28552e-09
xc.xlayout_dut.vdd__t22                   3.63
xc.xlayout_dut.vdd__t12                   3.63
xc.xlayout_dut.doutb__t3                  3.63
xc.xlayout_dut.dout__t1            6.04021e-09
xc.xlayout_dut.nb__t0                     3.63
xc.xlayout_dut.vdd__t11                   3.63
xc.xlayout_dut.aon__t2                 2.19807
xc.xlayout_dut.x$28.11                 2.19891
xc.xlayout_dut.vss__t0                       0
xc.xlayout_dut.x$28.21                 3.62793
xc.xlayout_dut.vdd__t10                3.62877
xc.xlayout_dut.aop__t0                 2.06163
xc.xlayout_dut.x$29.11                 2.06255
xc.xlayout_dut.vss__t1                       0
xc.xlayout_dut.x$29.21                 3.62855
xc.xlayout_dut.vdd__t9                 3.62946
xc.xlayout_dut.aon                     2.19776
xc.xlayout_dut.aop                     2.06127
xc.xlayout_dut.atail                  0.596492
doutc                              6.04021e-09
doutbc                                    3.63
xc.xlayout_dut.ltail                   1.48737
xc.xlayout_dut.mn                         3.63
xc.xlayout_dut.mp                         3.63
xc.xlayout_dut.na                         3.63
xc.xlayout_dut.nb                         3.63
xc.xlayout_dut.qn                         3.63
xc.xlayout_dut.qp                         3.63
xc.xlayout_dut.sn                  5.28552e-09
xc.xlayout_dut.sp                  5.23996e-09
clkn                                         0
dan                                1.66397e-09
dbn                                1.66397e-09
dcn                                1.66397e-09
bdcn#branch                                  0
bdbn#branch                                  0
bdan#branch                                  0
bclkn#branch                                 0
eanc#branch                        4.14509e-19
eapc#branch                        1.09909e-18
eanb#branch                       -5.78055e-19
eapb#branch                         2.9974e-19
eana#branch                        1.04384e-18
eapa#branch                        4.69762e-19
vsc#branch                                   0
vsb#branch                                   0
vsa#branch                                   0
vcm#branch                         2.74889e-18
vclk#branch                                  0
vsupa#branch                      -3.02251e-05
vsup#branch                       -6.04419e-05

 Reference value :  1.22640e-09
 Reference value :  4.06140e-09
 Reference value :  6.89140e-09
 Reference value :  9.77640e-09
 Reference value :  1.22958e-08
 Reference value :  1.50458e-08
 Reference value :  1.79708e-08
 Reference value :  2.06976e-08
 Reference value :  2.33575e-08
 Reference value :  2.61675e-08
 Reference value :  2.90125e-08
 Reference value :  3.17875e-08
 Reference value :  3.48425e-08
 Reference value :  3.77425e-08
 Reference value :  4.04358e-08
 Reference value :  4.30608e-08
 Reference value :  4.59258e-08
 Reference value :  4.87508e-08
 Reference value :  5.13423e-08
 Reference value :  5.42423e-08
 Reference value :  5.79523e-08
No. of Data Rows : 12046
vsup_v              =  3.63000e+00
td_a                =  1.27651e-09 targ=  4.13265e-08 trig=  4.00500e-08
td_b                =  1.64211e-09 targ=  4.16921e-08 trig=  4.00500e-08
td_c                =  1.91990e-09 targ=  4.19699e-08 trig=  4.00500e-08
da_first            =  1.04195e-05
db_first            =  1.01428e-05
dc_first            =  1.00771e-05
da_end              =  9.99970e-01
db_end              =  9.99970e-01
dc_end              =  9.99970e-01
i_stat              =  -2.92158e-05 from=  2.50000e-08 to=  2.90025e-08
q_dec               =  -8.51723e-13 from=  3.99000e-08 to=  4.80000e-08
m_td_od50_ns = 1.2765110000e+00
m_td_od1_ns = 1.6421140000e+00
m_td_od01_ns = 1.9198990000e+00
m_tau_ps = 1.2064049266e+02
m_resolve_decades = 1.3611632080e+01
m_dout_od50_end = 9.9996960000e-01
m_dout_od1_end = 9.9996960000e-01
m_dout_od01_end = 9.9996960000e-01
m_dout_od50_first = 1.0419460000e-05
m_dout_od1_first = 1.0142790000e-05
m_dout_od01_first = 1.0077090000e-05
m_i_static_ua = 2.9215840000e+01
m_e_dec_fj = 2.2327215095e+03
Note: Simulation executed from .control section 

Warning: m=xx on .subckt line will override multiplier m hierarchy!

