
Note: Compatibility modes selected: hs a


Circuit: * comparator-regeneration-vosprobe @ ss_27c_3.30v -- generated by sim/harness, do not edit

Doing analysis at TEMP = 27.000000 and TNOM = 27.000000

Using SPARSE 1.3 as Direct Linear Solver

Initial Transient Solution
--------------------------

Node                                   Voltage
----                                   -------
vdd                                        3.3
cm                                        1.65
clk                                          0
rmp                                      -0.04
vp                                        1.63
vn                                        1.67
ibn                                    1.12362
xdut.xlayout_dut.sp__t2            4.51871e-09
xdut.xlayout_dut.qp__t6                    3.3
xdut.xlayout_dut.vss__t17          3.29605e-11
xdut.xlayout_dut.vss__t2           4.30827e-20
xdut.xlayout_dut.dout__t3          4.91431e-09
xdut.xlayout_dut.sp__t3            4.59221e-09
xdut.xlayout_dut.vss__t25          1.14861e-21
xdut.xlayout_dut.vss__t3           5.50296e-20
xdut.xlayout_dut.dout__t2           4.7627e-09
xdut.xlayout_dut.doutb__t0                 3.3
xdut.xlayout_dut.vss__t24          4.31429e-11
xdut.xlayout_dut.vss__t4           5.65914e-20
xdut.xlayout_dut.ibias__t0             1.12234
xdut.xlayout_dut.ibias__t1             1.12362
xdut.xlayout_dut.vss__t20          0.000254896
xdut.xlayout_dut.vss__t8           2.86165e-11
xdut.xlayout_dut.sn__t2            4.51865e-09
xdut.xlayout_dut.qn__t6                    3.3
xdut.xlayout_dut.vss__t23          3.28992e-11
xdut.xlayout_dut.vss__t5           4.30014e-20
xdut.xlayout_dut.doutb__t1                 3.3
xdut.xlayout_dut.sn__t3            4.63013e-09
xdut.xlayout_dut.vss__t22          1.21645e-14
xdut.xlayout_dut.vss__t6           3.69038e-11
xdut.xlayout_dut.doutb__t4                 3.3
xdut.xlayout_dut.dout__t4          4.91431e-09
xdut.xlayout_dut.vss__t21          1.27937e-14
xdut.xlayout_dut.vss__t7           3.88126e-11
xdut.xlayout_dut.qn__t4                    3.3
xdut.xlayout_dut.qp__t0                    3.3
xdut.xlayout_dut.mn__t0                    3.3
xdut.xlayout_dut.vss__t9           4.33209e-11
xdut.xlayout_dut.mn__t1                    3.3
xdut.xlayout_dut.aop__t2               1.39409
xdut.xlayout_dut.ltail__t0             1.49154
xdut.xlayout_dut.vss__t11           2.8655e-11
xdut.xlayout_dut.atail__t0             0.59693
xdut.xlayout_dut.ibias__t2             1.12362
xdut.xlayout_dut.vss__t19          0.000495476
xdut.xlayout_dut.vss__t13          1.46388e-11
xdut.xlayout_dut.qp__t1                    3.3
xdut.xlayout_dut.qn__t5                    3.3
xdut.xlayout_dut.mp__t2                    3.3
xdut.xlayout_dut.vss__t10          4.33989e-11
xdut.xlayout_dut.ltail__t1             1.49154
xdut.xlayout_dut.clk__t2                     0
xdut.xlayout_dut.vss__t18          3.91326e-14
xdut.xlayout_dut.vss__t14          8.05546e-12
xdut.xlayout_dut.mp__t1                    3.3
xdut.xlayout_dut.aon__t0               2.20507
xdut.xlayout_dut.ltail__t2             1.49154
xdut.xlayout_dut.vss__t12          2.89434e-11
xdut.xlayout_dut.aon__t1               2.20447
xdut.xlayout_dut.vinp__t0                 1.63
xdut.xlayout_dut.atail__t1            0.597506
xdut.xlayout_dut.vss__t15          1.90716e-09
xdut.xlayout_dut.aop__t1                1.3925
xdut.xlayout_dut.vinn__t0                 1.67
xdut.xlayout_dut.atail__t2            0.597862
xdut.xlayout_dut.vss__t16          4.79652e-11
xdut.xlayout_dut.mn__t2                    3.3
xdut.xlayout_dut.clk__t0                     0
xdut.xlayout_dut.vdd__t0                   3.3
xdut.xlayout_dut.vdd__t1                   3.3
xdut.xlayout_dut.qn__t1                    3.3
xdut.xlayout_dut.clk__t1                     0
xdut.xlayout_dut.vdd__t2                   3.3
xdut.xlayout_dut.vdd__t3                   3.3
xdut.xlayout_dut.sp__t0            4.75325e-09
xdut.xlayout_dut.qp__t2                    3.3
xdut.xlayout_dut.vdd__t4                   3.3
xdut.xlayout_dut.vdd__t5                   3.3
xdut.xlayout_dut.mp__t0                    3.3
xdut.xlayout_dut.clk__t4                     0
xdut.xlayout_dut.vdd__t21                  3.3
xdut.xlayout_dut.vdd__t20                  3.3
xdut.xlayout_dut.qn__t0                    3.3
xdut.xlayout_dut.qp__t3                    3.3
xdut.xlayout_dut.vdd__t6                   3.3
xdut.xlayout_dut.vdd__t7                   3.3
xdut.xlayout_dut.qp__t4                    3.3
xdut.xlayout_dut.clk__t3                     0
xdut.xlayout_dut.vdd__t19                  3.3
xdut.xlayout_dut.vdd__t18                  3.3
xdut.xlayout_dut.na__t1                    3.3
xdut.xlayout_dut.sp__t1            4.59221e-09
xdut.xlayout_dut.vdd__t23                  3.3
xdut.xlayout_dut.vdd__t8                   3.3
xdut.xlayout_dut.dout__t0          5.02563e-09
xdut.xlayout_dut.doutb__t2                 3.3
xdut.xlayout_dut.na__t0                    3.3
xdut.xlayout_dut.vdd__t13                  3.3
xdut.xlayout_dut.sn__t0            4.80526e-09
xdut.xlayout_dut.qn__t3                    3.3
xdut.xlayout_dut.vdd__t17                  3.3
xdut.xlayout_dut.vdd__t16                  3.3
xdut.xlayout_dut.qp__t5                    3.3
xdut.xlayout_dut.qn__t2                    3.3
xdut.xlayout_dut.vdd__t15                  3.3
xdut.xlayout_dut.vdd__t14                  3.3
xdut.xlayout_dut.nb__t1                    3.3
xdut.xlayout_dut.sn__t1            4.63013e-09
xdut.xlayout_dut.vdd__t22                  3.3
xdut.xlayout_dut.vdd__t12                  3.3
xdut.xlayout_dut.doutb__t3                 3.3
xdut.xlayout_dut.dout__t1          4.91431e-09
xdut.xlayout_dut.nb__t0                    3.3
xdut.xlayout_dut.vdd__t11                  3.3
xdut.xlayout_dut.aon__t2                2.2053
xdut.xlayout_dut.x$28.11               2.20594
xdut.xlayout_dut.vss__t0                     0
xdut.xlayout_dut.x$28.21               3.29842
xdut.xlayout_dut.vdd__t10              3.29906
xdut.xlayout_dut.aop__t0               1.39454
xdut.xlayout_dut.x$29.11               1.39565
xdut.xlayout_dut.vss__t1                     0
xdut.xlayout_dut.x$29.21               3.29824
xdut.xlayout_dut.vdd__t9               3.29935
xdut.xlayout_dut.aon                   2.20507
vsubs                                        0
xdut.xlayout_dut.aop                   1.39409
xdut.xlayout_dut.atail                0.597428
dout                               4.91431e-09
doutb                                      3.3
xdut.xlayout_dut.ltail                 1.49154
xdut.xlayout_dut.mn                        3.3
xdut.xlayout_dut.mp                        3.3
xdut.xlayout_dut.na                        3.3
xdut.xlayout_dut.nb                        3.3
xdut.xlayout_dut.qn                        3.3
xdut.xlayout_dut.qp                        3.3
xdut.xlayout_dut.sn                4.63013e-09
xdut.xlayout_dut.sp                4.59221e-09
dn                                 1.48918e-09
bdn#branch                                   0
bnn#branch                         1.17161e-18
bpp#branch                          3.4199e-19
vrmp#branch                                  0
vclk#branch                                  0
vcm#branch                                   0
vsup#branch                       -3.02212e-05

 Reference value :  1.30085e-07
 Reference value :  3.80619e-07
 Reference value :  6.42737e-07
 Reference value :  9.10200e-07
 Reference value :  1.16062e-06
 Reference value :  1.43013e-06
 Reference value :  1.69010e-06
 Reference value :  1.96007e-06
 Reference value :  2.21044e-06
 Reference value :  2.48034e-06
 Reference value :  2.75020e-06
 Reference value :  3.04011e-06
 Reference value :  3.29186e-06
 Reference value :  3.56111e-06
 Reference value :  3.85013e-06
 Reference value :  4.10020e-06
 Reference value :  4.37039e-06
 Reference value :  4.64015e-06
 Reference value :  4.91081e-06
 Reference value :  5.18020e-06
 Reference value :  5.45023e-06
 Reference value :  5.74001e-06
 Reference value :  6.01006e-06
 Reference value :  6.29021e-06
 Reference value :  6.58450e-06
 Reference value :  6.86110e-06
 Reference value :  7.15001e-06
 Reference value :  7.48001e-06
 Reference value :  7.75010e-06
 Reference value :  8.02074e-06
 Reference value :  8.29005e-06
 Reference value :  8.56114e-06
 Reference value :  8.83100e-06
 Reference value :  9.10118e-06
 Reference value :  9.40045e-06
 Reference value :  9.70023e-06
 Reference value :  9.98015e-06
 Reference value :  1.02502e-05
 Reference value :  1.05202e-05
 Reference value :  1.08125e-05
 Reference value :  1.10901e-05
 Reference value :  1.13609e-05
 Reference value :  1.16502e-05
 Reference value :  1.19216e-05
 Reference value :  1.22012e-05
 Reference value :  1.25003e-05
 Reference value :  1.27904e-05
 Reference value :  1.30604e-05
 Reference value :  1.33401e-05
 Reference value :  1.36108e-05
 Reference value :  1.39011e-05
 Reference value :  1.41802e-05
 Reference value :  1.44664e-05
 Reference value :  1.47700e-05
 Reference value :  1.50404e-05
 Reference value :  1.53201e-05
 Reference value :  1.56133e-05
 Reference value :  1.59202e-05
 Reference value :  1.61907e-05
 Reference value :  1.64801e-05
 Reference value :  1.67808e-05
 Reference value :  1.70800e-05
 Reference value :  1.73801e-05
 Reference value :  1.76803e-05
 Reference value :  1.80409e-05
 Reference value :  1.83401e-05
 Reference value :  1.86209e-05
 Reference value :  1.89101e-05
 Reference value :  1.91803e-05
 Reference value :  1.94685e-05
 Reference value :  1.97601e-05
 Reference value :  2.00501e-05
 Reference value :  2.03500e-05
 Reference value :  2.06201e-05
 Reference value :  2.08906e-05
 Reference value :  2.11702e-05
 Reference value :  2.14600e-05
 Reference value :  2.17402e-05
 Reference value :  2.20309e-05
 Reference value :  2.23110e-05
 Reference value :  2.25802e-05
 Reference value :  2.28701e-05
 Reference value :  2.31506e-05
 Reference value :  2.34401e-05
 Reference value :  2.37107e-05
 Reference value :  2.39902e-05
 Reference value :  2.42509e-05
 Reference value :  2.45312e-05
 Reference value :  2.48009e-05
 Reference value :  2.50705e-05
 Reference value :  2.53402e-05
 Reference value :  2.56110e-05
 Reference value :  2.58803e-05
 Reference value :  2.61707e-05
 Reference value :  2.64532e-05
 Reference value :  2.67401e-05
 Reference value :  2.70107e-05
 Reference value :  2.72905e-05
 Reference value :  2.75801e-05
 Reference value :  2.78501e-05
 Reference value :  2.81905e-05
 Reference value :  2.84801e-05
 Reference value :  2.87512e-05
 Reference value :  2.90202e-05
 Reference value :  2.92901e-05
 Reference value :  2.95408e-05
 Reference value :  2.98301e-05
 Reference value :  3.01006e-05
 Reference value :  3.03712e-05
 Reference value :  3.06412e-05
 Reference value :  3.08905e-05
 Reference value :  3.11800e-05
 Reference value :  3.14501e-05
 Reference value :  3.17006e-05
 Reference value :  3.19711e-05
 Reference value :  3.22309e-05
 Reference value :  3.25108e-05
 Reference value :  3.27807e-05
 Reference value :  3.30713e-05
 Reference value :  3.33501e-05
 Reference value :  3.36102e-05
 Reference value :  3.38611e-05
 Reference value :  3.41200e-05
 Reference value :  3.43708e-05
 Reference value :  3.46303e-05
 Reference value :  3.48824e-05
 Reference value :  3.51408e-05
 Reference value :  3.53902e-05
 Reference value :  3.56624e-05
 Reference value :  3.59309e-05
 Reference value :  3.61925e-05
 Reference value :  3.64708e-05
 Reference value :  3.67402e-05
 Reference value :  3.70001e-05
 Reference value :  3.72507e-05
 Reference value :  3.75101e-05
 Reference value :  3.77524e-05
 Reference value :  3.80809e-05
 Reference value :  3.83304e-05
 Reference value :  3.86003e-05
 Reference value :  3.88607e-05
 Reference value :  3.91102e-05
 Reference value :  3.93802e-05
 Reference value :  3.96706e-05
 Reference value :  3.99502e-05
 Reference value :  4.02111e-05
 Reference value :  4.04902e-05
 Reference value :  4.07510e-05
 Reference value :  4.10302e-05
 Reference value :  4.13023e-05
 Reference value :  4.15703e-05
 Reference value :  4.18410e-05
 Reference value :  4.21102e-05
 Reference value :  4.23802e-05
 Reference value :  4.26503e-05
 Reference value :  4.29239e-05
 Reference value :  4.31906e-05
 Reference value :  4.34802e-05
 Reference value :  4.37510e-05
 Reference value :  4.40310e-05
 Reference value :  4.43201e-05
 Reference value :  4.45901e-05
 Reference value :  4.48600e-05
 Reference value :  4.51301e-05
 Reference value :  4.54002e-05
 Reference value :  4.56802e-05
 Reference value :  4.59512e-05
 Reference value :  4.62400e-05
 Reference value :  4.65201e-05
 Reference value :  4.67810e-05
 Reference value :  4.70608e-05
 Reference value :  4.73502e-05
 Reference value :  4.76012e-05
 Reference value :  4.78900e-05
 Reference value :  4.81713e-05
 Reference value :  4.85256e-05
 Reference value :  4.87915e-05
 Reference value :  4.90602e-05
 Reference value :  4.93101e-05
 Reference value :  4.95702e-05
 Reference value :  4.98700e-05
 Reference value :  5.01513e-05
 Reference value :  5.04415e-05
 Reference value :  5.07201e-05
 Reference value :  5.09802e-05
 Reference value :  5.12316e-05
 Reference value :  5.15010e-05
 Reference value :  5.17709e-05
 Reference value :  5.20301e-05
 Reference value :  5.23006e-05
 Reference value :  5.25753e-05
 Reference value :  5.28214e-05
 Reference value :  5.31101e-05
 Reference value :  5.33813e-05
 Reference value :  5.36652e-05
 Reference value :  5.39212e-05
 Reference value :  5.42001e-05
 Reference value :  5.44600e-05
 Reference value :  5.47023e-05
 Reference value :  5.49709e-05
 Reference value :  5.52405e-05
 Reference value :  5.55100e-05
 Reference value :  5.57617e-05
 Reference value :  5.60277e-05
 Reference value :  5.63006e-05
 Reference value :  5.65703e-05
 Reference value :  5.68605e-05
 Reference value :  5.71300e-05
 Reference value :  5.73807e-05
 Reference value :  5.76701e-05
 Reference value :  5.79209e-05
 Reference value :  5.81805e-05
 Reference value :  5.84500e-05
 Reference value :  5.87510e-05
 Reference value :  5.90200e-05
 Reference value :  5.92703e-05
 Reference value :  5.95407e-05
 Reference value :  5.98008e-05
 Reference value :  6.00510e-05
 Reference value :  6.03410e-05
 Reference value :  6.06130e-05
 Reference value :  6.09202e-05
 Reference value :  6.12058e-05
 Reference value :  6.14801e-05
 Reference value :  6.17504e-05
 Reference value :  6.20033e-05
 Reference value :  6.23201e-05
 Reference value :  6.26032e-05
 Reference value :  6.28832e-05
 Reference value :  6.31603e-05
 Reference value :  6.34321e-05
 Reference value :  6.37102e-05
 Reference value :  6.39807e-05
 Reference value :  6.42808e-05
 Reference value :  6.45515e-05
 Reference value :  6.48401e-05
 Reference value :  6.51100e-05
 Reference value :  6.53610e-05
 Reference value :  6.56501e-05
 Reference value :  6.59201e-05
 Reference value :  6.61906e-05
 Reference value :  6.64701e-05
 Reference value :  6.67402e-05
 Reference value :  6.70104e-05
 Reference value :  6.72804e-05
 Reference value :  6.75700e-05
 Reference value :  6.78502e-05
 Reference value :  6.81405e-05
 Reference value :  6.84207e-05
 Reference value :  6.87101e-05
 Reference value :  6.89814e-05
 Reference value :  6.92601e-05
 Reference value :  6.95315e-05
 Reference value :  6.98304e-05
 Reference value :  7.01008e-05
 Reference value :  7.04002e-05
 Reference value :  7.06702e-05
 Reference value :  7.09307e-05
 Reference value :  7.12001e-05
 Reference value :  7.14820e-05
 Reference value :  7.17711e-05
 Reference value :  7.20702e-05
 Reference value :  7.23700e-05
 Reference value :  7.26400e-05
 Reference value :  7.29107e-05
 Reference value :  7.31910e-05
 Reference value :  7.34819e-05
 Reference value :  7.37613e-05
 Reference value :  7.40500e-05
 Reference value :  7.43602e-05
 Reference value :  7.46318e-05
 Reference value :  7.49206e-05
 Reference value :  7.52006e-05
 Reference value :  7.54900e-05
 Reference value :  7.57601e-05
 Reference value :  7.60304e-05
 Reference value :  7.63009e-05
 Reference value :  7.65709e-05
 Reference value :  7.68502e-05
 Reference value :  7.71502e-05
 Reference value :  7.74202e-05
 Reference value :  7.76902e-05
 Reference value :  7.79614e-05
 Reference value :  7.82302e-05
 Reference value :  7.85002e-05
 Reference value :  7.87702e-05
 Reference value :  7.90407e-05
 Reference value :  7.93301e-05
 Reference value :  7.96002e-05
 Reference value :  7.98708e-05
No. of Data Rows : 290182
t_flip              =  3.51424e-05
vos_v               =  -4.85763e-03
m_dut_vos = -4.857630000e-03
Note: Simulation executed from .control section 

Warning: m=xx on .subckt line will override multiplier m hierarchy!

