
Note: Compatibility modes selected: hs a


Circuit: * comparator-regeneration-vosprobe @ tt_-40c_3.30v -- generated by sim/harness, do not edit

Doing analysis at TEMP = -40.000000 and TNOM = 27.000000

Using SPARSE 1.3 as Direct Linear Solver

Initial Transient Solution
--------------------------

Node                                   Voltage
----                                   -------
vdd                                        3.3
cm                                        1.65
clk                                          0
rmp                                      -0.04
vp                                        1.63
vn                                        1.67
ibn                                     1.0097
xdut.xlayout_dut.sp__t2            3.43496e-09
xdut.xlayout_dut.qp__t6                    3.3
xdut.xlayout_dut.vss__t17          3.41656e-11
xdut.xlayout_dut.vss__t2           3.28346e-20
xdut.xlayout_dut.dout__t3          3.89998e-09
xdut.xlayout_dut.sp__t3            3.51115e-09
xdut.xlayout_dut.vss__t25           7.5452e-24
xdut.xlayout_dut.vss__t3           4.36693e-20
xdut.xlayout_dut.dout__t2          3.73783e-09
xdut.xlayout_dut.doutb__t0                 3.3
xdut.xlayout_dut.vss__t24          4.61406e-11
xdut.xlayout_dut.vss__t4           4.45563e-20
xdut.xlayout_dut.ibias__t0             1.00842
xdut.xlayout_dut.ibias__t1              1.0097
xdut.xlayout_dut.vss__t20          0.000254896
xdut.xlayout_dut.vss__t8           2.57111e-11
xdut.xlayout_dut.sn__t2             3.4349e-09
xdut.xlayout_dut.qn__t6                    3.3
xdut.xlayout_dut.vss__t23           3.4102e-11
xdut.xlayout_dut.vss__t5           3.27723e-20
xdut.xlayout_dut.doutb__t1                 3.3
xdut.xlayout_dut.sn__t3            3.55045e-09
xdut.xlayout_dut.vss__t22          9.35031e-17
xdut.xlayout_dut.vss__t6           3.69058e-11
xdut.xlayout_dut.doutb__t4                 3.3
xdut.xlayout_dut.dout__t4          3.89998e-09
xdut.xlayout_dut.vss__t21          9.83397e-17
xdut.xlayout_dut.vss__t7           3.88148e-11
xdut.xlayout_dut.qn__t4                    3.3
xdut.xlayout_dut.qp__t0                    3.3
xdut.xlayout_dut.mn__t0                    3.3
xdut.xlayout_dut.vss__t9           4.33209e-11
xdut.xlayout_dut.mn__t1                    3.3
xdut.xlayout_dut.aop__t2               1.50694
xdut.xlayout_dut.ltail__t0             1.60955
xdut.xlayout_dut.vss__t11          2.93606e-11
xdut.xlayout_dut.atail__t0            0.647227
xdut.xlayout_dut.ibias__t2              1.0097
xdut.xlayout_dut.vss__t19          0.000499268
xdut.xlayout_dut.vss__t13          1.58712e-11
xdut.xlayout_dut.qp__t1                    3.3
xdut.xlayout_dut.qn__t5                    3.3
xdut.xlayout_dut.mp__t2                    3.3
xdut.xlayout_dut.vss__t10          4.33989e-11
xdut.xlayout_dut.ltail__t1             1.60955
xdut.xlayout_dut.clk__t2                     0
xdut.xlayout_dut.vss__t18          3.39304e-16
xdut.xlayout_dut.vss__t14          8.69273e-12
xdut.xlayout_dut.mp__t1                    3.3
xdut.xlayout_dut.aon__t0                2.3845
xdut.xlayout_dut.ltail__t2             1.60955
xdut.xlayout_dut.vss__t12          2.96556e-11
xdut.xlayout_dut.aon__t1               2.38394
xdut.xlayout_dut.vinp__t0                 1.63
xdut.xlayout_dut.atail__t1            0.647802
xdut.xlayout_dut.vss__t15          7.45824e-09
xdut.xlayout_dut.aop__t1               1.50527
xdut.xlayout_dut.vinn__t0                 1.67
xdut.xlayout_dut.atail__t2            0.648185
xdut.xlayout_dut.vss__t16          5.18954e-11
xdut.xlayout_dut.mn__t2                    3.3
xdut.xlayout_dut.clk__t0                     0
xdut.xlayout_dut.vdd__t0                   3.3
xdut.xlayout_dut.vdd__t1                   3.3
xdut.xlayout_dut.qn__t1                    3.3
xdut.xlayout_dut.clk__t1                     0
xdut.xlayout_dut.vdd__t2                   3.3
xdut.xlayout_dut.vdd__t3                   3.3
xdut.xlayout_dut.sp__t0            3.67808e-09
xdut.xlayout_dut.qp__t2                    3.3
xdut.xlayout_dut.vdd__t4                   3.3
xdut.xlayout_dut.vdd__t5                   3.3
xdut.xlayout_dut.mp__t0                    3.3
xdut.xlayout_dut.clk__t4                     0
xdut.xlayout_dut.vdd__t21                  3.3
xdut.xlayout_dut.vdd__t20                  3.3
xdut.xlayout_dut.qn__t0                    3.3
xdut.xlayout_dut.qp__t3                    3.3
xdut.xlayout_dut.vdd__t6                   3.3
xdut.xlayout_dut.vdd__t7                   3.3
xdut.xlayout_dut.qp__t4                    3.3
xdut.xlayout_dut.clk__t3                     0
xdut.xlayout_dut.vdd__t19                  3.3
xdut.xlayout_dut.vdd__t18                  3.3
xdut.xlayout_dut.na__t1                    3.3
xdut.xlayout_dut.sp__t1            3.51115e-09
xdut.xlayout_dut.vdd__t23                  3.3
xdut.xlayout_dut.vdd__t8                   3.3
xdut.xlayout_dut.dout__t0          4.01903e-09
xdut.xlayout_dut.doutb__t2                 3.3
xdut.xlayout_dut.na__t0                    3.3
xdut.xlayout_dut.vdd__t13                  3.3
xdut.xlayout_dut.sn__t0            3.73199e-09
xdut.xlayout_dut.qn__t3                    3.3
xdut.xlayout_dut.vdd__t17                  3.3
xdut.xlayout_dut.vdd__t16                  3.3
xdut.xlayout_dut.qp__t5                    3.3
xdut.xlayout_dut.qn__t2                    3.3
xdut.xlayout_dut.vdd__t15                  3.3
xdut.xlayout_dut.vdd__t14                  3.3
xdut.xlayout_dut.nb__t1                    3.3
xdut.xlayout_dut.sn__t1            3.55045e-09
xdut.xlayout_dut.vdd__t22                  3.3
xdut.xlayout_dut.vdd__t12                  3.3
xdut.xlayout_dut.doutb__t3                 3.3
xdut.xlayout_dut.dout__t1          3.89998e-09
xdut.xlayout_dut.nb__t0                    3.3
xdut.xlayout_dut.vdd__t11                  3.3
xdut.xlayout_dut.aon__t2               2.38472
xdut.xlayout_dut.x$28.11               2.38575
xdut.xlayout_dut.vss__t0                     0
xdut.xlayout_dut.x$28.21               3.29809
xdut.xlayout_dut.vdd__t10              3.29912
xdut.xlayout_dut.aop__t0               1.50741
xdut.xlayout_dut.x$29.11               1.50942
xdut.xlayout_dut.vss__t1                     0
xdut.xlayout_dut.x$29.21                3.2973
xdut.xlayout_dut.vdd__t9               3.29932
xdut.xlayout_dut.aon                    2.3845
vsubs                                        0
xdut.xlayout_dut.aop                   1.50694
xdut.xlayout_dut.atail                0.647729
dout                               3.89998e-09
doutb                                      3.3
xdut.xlayout_dut.ltail                 1.60955
xdut.xlayout_dut.mn                        3.3
xdut.xlayout_dut.mp                        3.3
xdut.xlayout_dut.na                        3.3
xdut.xlayout_dut.nb                        3.3
xdut.xlayout_dut.qn                        3.3
xdut.xlayout_dut.qp                        3.3
xdut.xlayout_dut.sn                3.55045e-09
xdut.xlayout_dut.sp                3.51115e-09
dn                                 1.18181e-09
bdn#branch                                   0
bnn#branch                         1.17161e-18
bpp#branch                          3.4199e-19
vrmp#branch                                  0
vclk#branch                                  0
vcm#branch                                   0
vsup#branch                       -3.03762e-05

 Reference value :  1.40157e-07
 Reference value :  4.00380e-07
 Reference value :  6.50791e-07
 Reference value :  9.40210e-07
 Reference value :  1.22041e-06
 Reference value :  1.48687e-06
 Reference value :  1.78008e-06
 Reference value :  2.05056e-06
 Reference value :  2.32014e-06
 Reference value :  2.60054e-06
 Reference value :  2.87024e-06
 Reference value :  3.16033e-06
 Reference value :  3.44042e-06
 Reference value :  3.77062e-06
 Reference value :  4.09010e-06
 Reference value :  4.36008e-06
 Reference value :  4.61076e-06
 Reference value :  4.88076e-06
 Reference value :  5.15073e-06
 Reference value :  5.42022e-06
 Reference value :  5.71038e-06
 Reference value :  5.99021e-06
 Reference value :  6.26016e-06
 Reference value :  6.52073e-06
 Reference value :  6.79002e-06
 Reference value :  7.06008e-06
 Reference value :  7.33006e-06
 Reference value :  7.60003e-06
 Reference value :  7.85021e-06
 Reference value :  8.11391e-06
 Reference value :  8.39517e-06
 Reference value :  8.66021e-06
 Reference value :  8.93016e-06
 Reference value :  9.20021e-06
 Reference value :  9.47040e-06
 Reference value :  9.74020e-06
 Reference value :  1.00005e-05
 Reference value :  1.02801e-05
 Reference value :  1.05509e-05
 Reference value :  1.08400e-05
 Reference value :  1.10921e-05
 Reference value :  1.13617e-05
 Reference value :  1.16302e-05
 Reference value :  1.19200e-05
 Reference value :  1.21901e-05
 Reference value :  1.24702e-05
 Reference value :  1.27402e-05
 Reference value :  1.30106e-05
 Reference value :  1.33001e-05
 Reference value :  1.35704e-05
 Reference value :  1.38403e-05
 Reference value :  1.40928e-05
 Reference value :  1.44516e-05
 Reference value :  1.47209e-05
 Reference value :  1.49870e-05
 Reference value :  1.52502e-05
 Reference value :  1.55086e-05
 Reference value :  1.57905e-05
 Reference value :  1.60901e-05
 Reference value :  1.63406e-05
 Reference value :  1.66115e-05
 Reference value :  1.68804e-05
 Reference value :  1.71405e-05
 Reference value :  1.74109e-05
 Reference value :  1.76807e-05
 Reference value :  1.79801e-05
 Reference value :  1.83205e-05
 Reference value :  1.86201e-05
 Reference value :  1.88901e-05
 Reference value :  1.91605e-05
 Reference value :  1.94307e-05
 Reference value :  1.97302e-05
 Reference value :  2.00009e-05
 Reference value :  2.02790e-05
 Reference value :  2.05620e-05
 Reference value :  2.08306e-05
 Reference value :  2.11101e-05
 Reference value :  2.13810e-05
 Reference value :  2.16707e-05
 Reference value :  2.19506e-05
 Reference value :  2.22401e-05
 Reference value :  2.25101e-05
 Reference value :  2.27805e-05
 Reference value :  2.30506e-05
 Reference value :  2.33386e-05
 Reference value :  2.36201e-05
 Reference value :  2.39201e-05
 Reference value :  2.42005e-05
 Reference value :  2.44705e-05
 Reference value :  2.47405e-05
 Reference value :  2.50302e-05
 Reference value :  2.53408e-05
 Reference value :  2.56301e-05
 Reference value :  2.59004e-05
 Reference value :  2.61701e-05
 Reference value :  2.64501e-05
 Reference value :  2.67212e-05
 Reference value :  2.70202e-05
 Reference value :  2.72819e-05
 Reference value :  2.75558e-05
 Reference value :  2.78301e-05
 Reference value :  2.80916e-05
 Reference value :  2.83611e-05
 Reference value :  2.86410e-05
 Reference value :  2.89302e-05
 Reference value :  2.91802e-05
 Reference value :  2.94502e-05
 Reference value :  2.97107e-05
 Reference value :  2.99901e-05
 Reference value :  3.02800e-05
 Reference value :  3.05501e-05
 Reference value :  3.08240e-05
 Reference value :  3.10909e-05
 Reference value :  3.13607e-05
 Reference value :  3.16306e-05
 Reference value :  3.19001e-05
 Reference value :  3.21507e-05
 Reference value :  3.24110e-05
 Reference value :  3.26807e-05
 Reference value :  3.29801e-05
 Reference value :  3.32308e-05
 Reference value :  3.34906e-05
 Reference value :  3.37601e-05
 Reference value :  3.40108e-05
 Reference value :  3.42711e-05
 Reference value :  3.45403e-05
 Reference value :  3.48206e-05
 Reference value :  3.50828e-05
 Reference value :  3.53504e-05
 Reference value :  3.56236e-05
 Reference value :  3.59003e-05
 Reference value :  3.61602e-05
 Reference value :  3.64301e-05
 Reference value :  3.67103e-05
 Reference value :  3.70008e-05
 Reference value :  3.72802e-05
 Reference value :  3.75502e-05
 Reference value :  3.78105e-05
 Reference value :  3.80880e-05
 Reference value :  3.83502e-05
 Reference value :  3.86009e-05
 Reference value :  3.88900e-05
 Reference value :  3.91600e-05
 Reference value :  3.94102e-05
 Reference value :  3.96801e-05
 Reference value :  3.99502e-05
 Reference value :  4.02209e-05
 Reference value :  4.05100e-05
 Reference value :  4.07811e-05
 Reference value :  4.10602e-05
 Reference value :  4.13305e-05
 Reference value :  4.15907e-05
 Reference value :  4.19302e-05
 Reference value :  4.21908e-05
 Reference value :  4.24702e-05
 Reference value :  4.27309e-05
 Reference value :  4.30006e-05
 Reference value :  4.32806e-05
 Reference value :  4.35704e-05
 Reference value :  4.38705e-05
 Reference value :  4.41509e-05
 Reference value :  4.44202e-05
 Reference value :  4.46829e-05
 Reference value :  4.49802e-05
 Reference value :  4.52513e-05
 Reference value :  4.55500e-05
 Reference value :  4.58302e-05
 Reference value :  4.61004e-05
 Reference value :  4.63922e-05
 Reference value :  4.66709e-05
 Reference value :  4.69702e-05
 Reference value :  4.72402e-05
 Reference value :  4.75301e-05
 Reference value :  4.78002e-05
 Reference value :  4.80707e-05
 Reference value :  4.83506e-05
 Reference value :  4.86401e-05
 Reference value :  4.89121e-05
 Reference value :  4.91917e-05
 Reference value :  4.94609e-05
 Reference value :  4.97509e-05
 Reference value :  5.00500e-05
 Reference value :  5.03203e-05
 Reference value :  5.06206e-05
 Reference value :  5.09004e-05
 Reference value :  5.11729e-05
 Reference value :  5.14600e-05
 Reference value :  5.17362e-05
 Reference value :  5.20106e-05
 Reference value :  5.22814e-05
 Reference value :  5.26301e-05
 Reference value :  5.29008e-05
 Reference value :  5.31705e-05
 Reference value :  5.34401e-05
 Reference value :  5.37202e-05
 Reference value :  5.40100e-05
 Reference value :  5.42908e-05
 Reference value :  5.46100e-05
 Reference value :  5.48804e-05
 Reference value :  5.51503e-05
 Reference value :  5.54302e-05
 Reference value :  5.57002e-05
 Reference value :  5.59901e-05
 Reference value :  5.62601e-05
 Reference value :  5.65306e-05
 Reference value :  5.68301e-05
 Reference value :  5.71001e-05
 Reference value :  5.74000e-05
 Reference value :  5.76805e-05
 Reference value :  5.79802e-05
 Reference value :  5.82517e-05
 Reference value :  5.85508e-05
 Reference value :  5.88401e-05
 Reference value :  5.91103e-05
 Reference value :  5.94103e-05
 Reference value :  5.96902e-05
 Reference value :  5.99800e-05
 Reference value :  6.02505e-05
 Reference value :  6.05211e-05
 Reference value :  6.08002e-05
 Reference value :  6.10710e-05
 Reference value :  6.13606e-05
 Reference value :  6.16415e-05
 Reference value :  6.19301e-05
 Reference value :  6.22065e-05
 Reference value :  6.24803e-05
 Reference value :  6.27701e-05
 Reference value :  6.30507e-05
 Reference value :  6.33402e-05
 Reference value :  6.36727e-05
 Reference value :  6.39701e-05
 Reference value :  6.42502e-05
 Reference value :  6.45201e-05
 Reference value :  6.47807e-05
 Reference value :  6.50802e-05
 Reference value :  6.53801e-05
 Reference value :  6.56903e-05
 Reference value :  6.59606e-05
 Reference value :  6.62305e-05
 Reference value :  6.65002e-05
 Reference value :  6.67901e-05
 Reference value :  6.70702e-05
 Reference value :  6.73314e-05
 Reference value :  6.76303e-05
 Reference value :  6.79001e-05
 Reference value :  6.81705e-05
 Reference value :  6.84504e-05
 Reference value :  6.87401e-05
 Reference value :  6.90202e-05
 Reference value :  6.92902e-05
 Reference value :  6.95508e-05
 Reference value :  6.98249e-05
 Reference value :  7.00902e-05
 Reference value :  7.03612e-05
 Reference value :  7.06402e-05
 Reference value :  7.09011e-05
 Reference value :  7.11707e-05
 Reference value :  7.14701e-05
 Reference value :  7.17462e-05
 Reference value :  7.20207e-05
 Reference value :  7.23202e-05
 Reference value :  7.25905e-05
 Reference value :  7.28807e-05
 Reference value :  7.31606e-05
 Reference value :  7.34500e-05
 Reference value :  7.37200e-05
 Reference value :  7.39900e-05
 Reference value :  7.43200e-05
 Reference value :  7.45901e-05
 Reference value :  7.48601e-05
 Reference value :  7.51106e-05
 Reference value :  7.53702e-05
 Reference value :  7.56401e-05
 Reference value :  7.59204e-05
 Reference value :  7.62107e-05
 Reference value :  7.64905e-05
 Reference value :  7.67602e-05
 Reference value :  7.70201e-05
 Reference value :  7.72717e-05
 Reference value :  7.75402e-05
 Reference value :  7.78300e-05
 Reference value :  7.80802e-05
 Reference value :  7.83412e-05
 Reference value :  7.86101e-05
 Reference value :  7.88512e-05
 Reference value :  7.91302e-05
 Reference value :  7.93903e-05
 Reference value :  7.96704e-05
 Reference value :  7.99702e-05
No. of Data Rows : 287740
t_flip              =  3.42117e-05
vos_v               =  -5.78827e-03
m_dut_vos = -5.788270000e-03
Note: Simulation executed from .control section 

Warning: m=xx on .subckt line will override multiplier m hierarchy!

