
Note: Compatibility modes selected: hs a


Circuit: * comparator-regeneration-vosprobe @ tt_-40c_3.63v -- generated by sim/harness, do not edit

Doing analysis at TEMP = -40.000000 and TNOM = 27.000000

Using SPARSE 1.3 as Direct Linear Solver

Initial Transient Solution
--------------------------

Node                                   Voltage
----                                   -------
vdd                                       3.63
cm                                        1.65
clk                                          0
rmp                                      -0.04
vp                                        1.63
vn                                        1.67
ibn                                     1.0097
xdut.xlayout_dut.sp__t2            4.17117e-09
xdut.xlayout_dut.qp__t6                   3.63
xdut.xlayout_dut.vss__t17          4.30484e-11
xdut.xlayout_dut.vss__t2           3.98869e-20
xdut.xlayout_dut.dout__t3                 3.63
xdut.xlayout_dut.sp__t3            4.26717e-09
xdut.xlayout_dut.vss__t25           9.9452e-17
xdut.xlayout_dut.vss__t3           4.06823e-11
xdut.xlayout_dut.dout__t2                 3.63
xdut.xlayout_dut.doutb__t0         5.23022e-09
xdut.xlayout_dut.vss__t24          1.04583e-16
xdut.xlayout_dut.vss__t4           4.27812e-11
xdut.xlayout_dut.ibias__t0             1.00842
xdut.xlayout_dut.ibias__t1              1.0097
xdut.xlayout_dut.vss__t20          0.000254896
xdut.xlayout_dut.vss__t8           2.57111e-11
xdut.xlayout_dut.sn__t2            4.17109e-09
xdut.xlayout_dut.qn__t6                   3.63
xdut.xlayout_dut.vss__t23          4.29682e-11
xdut.xlayout_dut.vss__t5           3.98111e-20
xdut.xlayout_dut.doutb__t1         5.23022e-09
xdut.xlayout_dut.sn__t3            4.31669e-09
xdut.xlayout_dut.vss__t22          1.01053e-23
xdut.xlayout_dut.vss__t6           5.84866e-20
xdut.xlayout_dut.doutb__t4         5.02457e-09
xdut.xlayout_dut.dout__t4                 3.63
xdut.xlayout_dut.vss__t21          6.42744e-11
xdut.xlayout_dut.vss__t7           5.98492e-20
xdut.xlayout_dut.qn__t4                   3.63
xdut.xlayout_dut.qp__t0                   3.63
xdut.xlayout_dut.mn__t0                   3.63
xdut.xlayout_dut.vss__t9            4.7653e-11
xdut.xlayout_dut.mn__t1                   3.63
xdut.xlayout_dut.aop__t2               1.83675
xdut.xlayout_dut.ltail__t0             1.88239
xdut.xlayout_dut.vss__t11          3.29658e-11
xdut.xlayout_dut.atail__t0             0.64765
xdut.xlayout_dut.ibias__t2              1.0097
xdut.xlayout_dut.vss__t19          0.000499271
xdut.xlayout_dut.vss__t13          1.58816e-11
xdut.xlayout_dut.qp__t1                   3.63
xdut.xlayout_dut.qn__t5                   3.63
xdut.xlayout_dut.mp__t2                   3.63
xdut.xlayout_dut.vss__t10          4.77387e-11
xdut.xlayout_dut.ltail__t1             1.88239
xdut.xlayout_dut.clk__t2                     0
xdut.xlayout_dut.vss__t18          3.56854e-16
xdut.xlayout_dut.vss__t14          1.01663e-11
xdut.xlayout_dut.mp__t1                   3.63
xdut.xlayout_dut.aon__t0               2.71425
xdut.xlayout_dut.ltail__t2             1.88239
xdut.xlayout_dut.vss__t12          3.32974e-11
xdut.xlayout_dut.aon__t1               2.71369
xdut.xlayout_dut.vinp__t0                 1.63
xdut.xlayout_dut.atail__t1            0.648225
xdut.xlayout_dut.vss__t15           8.2334e-08
xdut.xlayout_dut.aop__t1               1.83508
xdut.xlayout_dut.vinn__t0                 1.67
xdut.xlayout_dut.atail__t2            0.648608
xdut.xlayout_dut.vss__t16          6.83241e-11
xdut.xlayout_dut.mn__t2                   3.63
xdut.xlayout_dut.clk__t0                     0
xdut.xlayout_dut.vdd__t0                  3.63
xdut.xlayout_dut.vdd__t1                  3.63
xdut.xlayout_dut.qn__t1                   3.63
xdut.xlayout_dut.clk__t1                     0
xdut.xlayout_dut.vdd__t2                  3.63
xdut.xlayout_dut.vdd__t3                  3.63
xdut.xlayout_dut.sp__t0             4.4775e-09
xdut.xlayout_dut.qp__t2                   3.63
xdut.xlayout_dut.vdd__t4                  3.63
xdut.xlayout_dut.vdd__t5                  3.63
xdut.xlayout_dut.mp__t0                   3.63
xdut.xlayout_dut.clk__t4                     0
xdut.xlayout_dut.vdd__t21                 3.63
xdut.xlayout_dut.vdd__t20                 3.63
xdut.xlayout_dut.qn__t0                   3.63
xdut.xlayout_dut.qp__t3                   3.63
xdut.xlayout_dut.vdd__t6                  3.63
xdut.xlayout_dut.vdd__t7                  3.63
xdut.xlayout_dut.qp__t4                   3.63
xdut.xlayout_dut.clk__t3                     0
xdut.xlayout_dut.vdd__t19                 3.63
xdut.xlayout_dut.vdd__t18                 3.63
xdut.xlayout_dut.na__t1                   3.63
xdut.xlayout_dut.sp__t1            4.26717e-09
xdut.xlayout_dut.vdd__t23                 3.63
xdut.xlayout_dut.vdd__t8                  3.63
xdut.xlayout_dut.dout__t0                 3.63
xdut.xlayout_dut.doutb__t2         5.23022e-09
xdut.xlayout_dut.na__t0                   3.63
xdut.xlayout_dut.vdd__t13                 3.63
xdut.xlayout_dut.sn__t0            4.54543e-09
xdut.xlayout_dut.qn__t3                   3.63
xdut.xlayout_dut.vdd__t17                 3.63
xdut.xlayout_dut.vdd__t16                 3.63
xdut.xlayout_dut.qp__t5                   3.63
xdut.xlayout_dut.qn__t2                   3.63
xdut.xlayout_dut.vdd__t15                 3.63
xdut.xlayout_dut.vdd__t14                 3.63
xdut.xlayout_dut.nb__t1                   3.63
xdut.xlayout_dut.sn__t1            4.31669e-09
xdut.xlayout_dut.vdd__t22                 3.63
xdut.xlayout_dut.vdd__t12                 3.63
xdut.xlayout_dut.doutb__t3         5.67782e-09
xdut.xlayout_dut.dout__t1                 3.63
xdut.xlayout_dut.nb__t0                   3.63
xdut.xlayout_dut.vdd__t11                 3.63
xdut.xlayout_dut.aon__t2               2.71447
xdut.xlayout_dut.x$28.11                2.7155
xdut.xlayout_dut.vss__t0                     0
xdut.xlayout_dut.x$28.21               3.62809
xdut.xlayout_dut.vdd__t10              3.62912
xdut.xlayout_dut.aop__t0               1.83722
xdut.xlayout_dut.x$29.11               1.83923
xdut.xlayout_dut.vss__t1                     0
xdut.xlayout_dut.x$29.21                3.6273
xdut.xlayout_dut.vdd__t9               3.62932
xdut.xlayout_dut.aon                   2.71425
vsubs                                        0
xdut.xlayout_dut.aop                   1.83675
xdut.xlayout_dut.atail                0.648152
dout                                      3.63
doutb                              5.23022e-09
xdut.xlayout_dut.ltail                 1.88239
xdut.xlayout_dut.mn                       3.63
xdut.xlayout_dut.mp                       3.63
xdut.xlayout_dut.na                       3.63
xdut.xlayout_dut.nb                       3.63
xdut.xlayout_dut.qn                       3.63
xdut.xlayout_dut.qp                       3.63
xdut.xlayout_dut.sn                4.31669e-09
xdut.xlayout_dut.sp                4.26717e-09
dn                                           1
bdn#branch                                   0
bnn#branch                         1.17161e-18
bpp#branch                          3.4199e-19
vrmp#branch                                  0
vclk#branch                                  0
vcm#branch                                   0
vsup#branch                       -3.03794e-05

 Reference value :  1.30078e-07
 Reference value :  3.74316e-07
 Reference value :  6.20655e-07
 Reference value :  8.90461e-07
 Reference value :  1.16039e-06
 Reference value :  1.42000e-06
 Reference value :  1.67076e-06
 Reference value :  1.94021e-06
 Reference value :  2.18100e-06
 Reference value :  2.45024e-06
 Reference value :  2.71001e-06
 Reference value :  2.98011e-06
 Reference value :  3.22150e-06
 Reference value :  3.52040e-06
 Reference value :  3.86060e-06
 Reference value :  4.12051e-06
 Reference value :  4.37015e-06
 Reference value :  4.63009e-06
 Reference value :  4.88057e-06
 Reference value :  5.15010e-06
 Reference value :  5.44008e-06
 Reference value :  5.71041e-06
 Reference value :  5.98038e-06
 Reference value :  6.23130e-06
 Reference value :  6.49035e-06
 Reference value :  6.76010e-06
 Reference value :  7.03001e-06
 Reference value :  7.27083e-06
 Reference value :  7.52047e-06
 Reference value :  7.78143e-06
 Reference value :  8.08003e-06
 Reference value :  8.33033e-06
 Reference value :  8.62008e-06
 Reference value :  8.89019e-06
 Reference value :  9.13152e-06
 Reference value :  9.38960e-06
 Reference value :  9.64192e-06
 Reference value :  9.89081e-06
 Reference value :  1.01816e-05
 Reference value :  1.04501e-05
 Reference value :  1.07201e-05
 Reference value :  1.09702e-05
 Reference value :  1.12106e-05
 Reference value :  1.14802e-05
 Reference value :  1.17401e-05
 Reference value :  1.19905e-05
 Reference value :  1.22602e-05
 Reference value :  1.25201e-05
 Reference value :  1.27705e-05
 Reference value :  1.30401e-05
 Reference value :  1.33002e-05
 Reference value :  1.35503e-05
 Reference value :  1.38101e-05
 Reference value :  1.41804e-05
 Reference value :  1.44502e-05
 Reference value :  1.47101e-05
 Reference value :  1.49516e-05
 Reference value :  1.52006e-05
 Reference value :  1.54606e-05
 Reference value :  1.57407e-05
 Reference value :  1.60102e-05
 Reference value :  1.62707e-05
 Reference value :  1.65202e-05
 Reference value :  1.67801e-05
 Reference value :  1.70200e-05
 Reference value :  1.72706e-05
 Reference value :  1.75308e-05
 Reference value :  1.78602e-05
 Reference value :  1.81600e-05
 Reference value :  1.84003e-05
 Reference value :  1.86701e-05
 Reference value :  1.89400e-05
 Reference value :  1.92101e-05
 Reference value :  1.94800e-05
 Reference value :  1.97532e-05
 Reference value :  2.00006e-05
 Reference value :  2.02703e-05
 Reference value :  2.05300e-05
 Reference value :  2.07804e-05
 Reference value :  2.10404e-05
 Reference value :  2.13101e-05
 Reference value :  2.15606e-05
 Reference value :  2.18010e-05
 Reference value :  2.20608e-05
 Reference value :  2.23101e-05
 Reference value :  2.25701e-05
 Reference value :  2.28208e-05
 Reference value :  2.30806e-05
 Reference value :  2.33501e-05
 Reference value :  2.36202e-05
 Reference value :  2.38702e-05
 Reference value :  2.41301e-05
 Reference value :  2.43802e-05
 Reference value :  2.46802e-05
 Reference value :  2.49404e-05
 Reference value :  2.52102e-05
 Reference value :  2.54602e-05
 Reference value :  2.57207e-05
 Reference value :  2.59902e-05
 Reference value :  2.62600e-05
 Reference value :  2.65009e-05
 Reference value :  2.67502e-05
 Reference value :  2.70101e-05
 Reference value :  2.72502e-05
 Reference value :  2.75201e-05
 Reference value :  2.77704e-05
 Reference value :  2.80308e-05
 Reference value :  2.82802e-05
 Reference value :  2.85204e-05
 Reference value :  2.87609e-05
 Reference value :  2.90205e-05
 Reference value :  2.92702e-05
 Reference value :  2.95247e-05
 Reference value :  2.97700e-05
 Reference value :  3.00202e-05
 Reference value :  3.02806e-05
 Reference value :  3.05500e-05
 Reference value :  3.07402e-05
 Reference value :  3.10000e-05
 Reference value :  3.12404e-05
 Reference value :  3.15100e-05
 Reference value :  3.17808e-05
 Reference value :  3.20305e-05
 Reference value :  3.22617e-05
 Reference value :  3.25101e-05
 Reference value :  3.27700e-05
 Reference value :  3.30105e-05
 Reference value :  3.32800e-05
 Reference value :  3.35008e-05
 Reference value :  3.37466e-05
 Reference value :  3.40001e-05
 Reference value :  3.42402e-05
 Reference value :  3.45101e-05
 Reference value :  3.47501e-05
 Reference value :  3.50002e-05
 Reference value :  3.52609e-05
 Reference value :  3.55301e-05
 Reference value :  3.58006e-05
 Reference value :  3.60506e-05
 Reference value :  3.63111e-05
 Reference value :  3.65602e-05
 Reference value :  3.68200e-05
 Reference value :  3.70606e-05
 Reference value :  3.73222e-05
 Reference value :  3.75701e-05
 Reference value :  3.78101e-05
 Reference value :  3.80502e-05
 Reference value :  3.83007e-05
 Reference value :  3.85601e-05
 Reference value :  3.88070e-05
 Reference value :  3.90701e-05
 Reference value :  3.93111e-05
 Reference value :  3.95803e-05
 Reference value :  3.98301e-05
 Reference value :  4.01302e-05
 Reference value :  4.03720e-05
 Reference value :  4.06116e-05
 Reference value :  4.08701e-05
 Reference value :  4.11116e-05
 Reference value :  4.13801e-05
 Reference value :  4.16501e-05
 Reference value :  4.18914e-05
 Reference value :  4.21408e-05
 Reference value :  4.24002e-05
 Reference value :  4.26700e-05
 Reference value :  4.29111e-05
 Reference value :  4.31801e-05
 Reference value :  4.34305e-05
 Reference value :  4.36901e-05
 Reference value :  4.39410e-05
 Reference value :  4.42001e-05
 Reference value :  4.44504e-05
 Reference value :  4.46906e-05
 Reference value :  4.49502e-05
 Reference value :  4.52003e-05
 Reference value :  4.54410e-05
 Reference value :  4.57007e-05
 Reference value :  4.59507e-05
 Reference value :  4.62105e-05
 Reference value :  4.64602e-05
 Reference value :  4.67101e-05
 Reference value :  4.69601e-05
 Reference value :  4.72005e-05
 Reference value :  4.74701e-05
 Reference value :  4.77203e-05
 Reference value :  4.79801e-05
 Reference value :  4.82307e-05
 Reference value :  4.84900e-05
 Reference value :  4.87406e-05
 Reference value :  4.90005e-05
 Reference value :  4.93002e-05
 Reference value :  4.95507e-05
 Reference value :  4.98205e-05
 Reference value :  5.00611e-05
 Reference value :  5.03201e-05
 Reference value :  5.05901e-05
 Reference value :  5.08413e-05
 Reference value :  5.11402e-05
 Reference value :  5.14104e-05
 Reference value :  5.16778e-05
 Reference value :  5.19401e-05
 Reference value :  5.21924e-05
 Reference value :  5.24506e-05
 Reference value :  5.27201e-05
 Reference value :  5.29614e-05
 Reference value :  5.32301e-05
 Reference value :  5.34705e-05
 Reference value :  5.37401e-05
 Reference value :  5.40103e-05
 Reference value :  5.42806e-05
 Reference value :  5.45603e-05
 Reference value :  5.48206e-05
 Reference value :  5.50904e-05
 Reference value :  5.53408e-05
 Reference value :  5.56107e-05
 Reference value :  5.58807e-05
 Reference value :  5.61502e-05
 Reference value :  5.64101e-05
 Reference value :  5.66602e-05
 Reference value :  5.69014e-05
 Reference value :  5.71603e-05
 Reference value :  5.74114e-05
 Reference value :  5.77000e-05
 Reference value :  5.79505e-05
 Reference value :  5.82101e-05
 Reference value :  5.84616e-05
 Reference value :  5.87203e-05
 Reference value :  5.89906e-05
 Reference value :  5.92406e-05
 Reference value :  5.95300e-05
 Reference value :  5.98102e-05
 Reference value :  6.00807e-05
 Reference value :  6.03401e-05
 Reference value :  6.05809e-05
 Reference value :  6.08308e-05
 Reference value :  6.11006e-05
 Reference value :  6.13833e-05
 Reference value :  6.16606e-05
 Reference value :  6.19301e-05
 Reference value :  6.21802e-05
 Reference value :  6.24502e-05
 Reference value :  6.27106e-05
 Reference value :  6.29801e-05
 Reference value :  6.32304e-05
 Reference value :  6.35201e-05
 Reference value :  6.37707e-05
 Reference value :  6.40402e-05
 Reference value :  6.43101e-05
 Reference value :  6.45802e-05
 Reference value :  6.48701e-05
 Reference value :  6.51217e-05
 Reference value :  6.53906e-05
 Reference value :  6.56604e-05
 Reference value :  6.59213e-05
 Reference value :  6.61901e-05
 Reference value :  6.64600e-05
 Reference value :  6.67116e-05
 Reference value :  6.69807e-05
 Reference value :  6.72502e-05
 Reference value :  6.75400e-05
 Reference value :  6.77906e-05
 Reference value :  6.80608e-05
 Reference value :  6.83501e-05
 Reference value :  6.86014e-05
 Reference value :  6.88900e-05
 Reference value :  6.91600e-05
 Reference value :  6.94102e-05
 Reference value :  6.96708e-05
 Reference value :  6.99401e-05
 Reference value :  7.02505e-05
 Reference value :  7.05106e-05
 Reference value :  7.07626e-05
 Reference value :  7.10201e-05
 Reference value :  7.12609e-05
 Reference value :  7.15301e-05
 Reference value :  7.17807e-05
 Reference value :  7.20700e-05
 Reference value :  7.23202e-05
 Reference value :  7.25803e-05
 Reference value :  7.28309e-05
 Reference value :  7.30902e-05
 Reference value :  7.33403e-05
 Reference value :  7.36102e-05
 Reference value :  7.38701e-05
 Reference value :  7.41147e-05
 Reference value :  7.43902e-05
 Reference value :  7.46311e-05
 Reference value :  7.49202e-05
 Reference value :  7.52002e-05
 Reference value :  7.54707e-05
 Reference value :  7.57604e-05
 Reference value :  7.60302e-05
 Reference value :  7.62809e-05
 Reference value :  7.65401e-05
 Reference value :  7.67902e-05
 Reference value :  7.70801e-05
 Reference value :  7.73609e-05
 Reference value :  7.76205e-05
 Reference value :  7.78901e-05
 Reference value :  7.81406e-05
 Reference value :  7.84001e-05
 Reference value :  7.86505e-05
 Reference value :  7.89208e-05
 Reference value :  7.91902e-05
 Reference value :  7.94501e-05
 Reference value :  7.97200e-05
 Reference value :  7.99902e-05
No. of Data Rows : 300835
t_flip              =  3.22615e-05
vos_v               =  -7.73851e-03
m_dut_vos = -7.738510000e-03
Note: Simulation executed from .control section 

Warning: m=xx on .subckt line will override multiplier m hierarchy!

