
Note: Compatibility modes selected: hs a


Circuit: * comparator-regeneration @ tt_-40c_2.97v -- generated by sim/harness, do not edit

Doing analysis at TEMP = -40.000000 and TNOM = 27.000000

Using SPARSE 1.3 as Direct Linear Solver

Initial Transient Solution
--------------------------

Node                                   Voltage
----                                   -------
vdd                                       2.97
vdda                                      2.97
clk                                          0
cm                                        1.65
sa                                  -0.0539281
apa                                    1.62304
ana                                    1.67696
ibna                                    1.0097
xa.xlayout_dut.sp__t2               3.0571e-09
xa.xlayout_dut.qp__t6                     2.97
xa.xlayout_dut.vss__t17            2.89097e-11
xa.xlayout_dut.vss__t2             2.92085e-20
xa.xlayout_dut.dout__t3                1.43309
xa.xlayout_dut.sp__t3              3.12157e-09
xa.xlayout_dut.vss__t25            6.71376e-17
xa.xlayout_dut.vss__t3             1.60467e-11
xa.xlayout_dut.dout__t2                1.42754
xa.xlayout_dut.doutb__t0                1.4355
xa.xlayout_dut.vss__t24             0.00157956
xa.xlayout_dut.vss__t4             1.84077e-11
xa.xlayout_dut.ibias__t0               1.00842
xa.xlayout_dut.ibias__t1                1.0097
xa.xlayout_dut.vss__t20            0.000254896
xa.xlayout_dut.vss__t8             2.57111e-11
xa.xlayout_dut.sn__t2              3.05704e-09
xa.xlayout_dut.qn__t6                     2.97
xa.xlayout_dut.vss__t23            2.88559e-11
xa.xlayout_dut.vss__t5             2.91531e-20
xa.xlayout_dut.doutb__t1                1.4355
xa.xlayout_dut.sn__t3              3.15482e-09
xa.xlayout_dut.vss__t22            6.70801e-17
xa.xlayout_dut.vss__t6             1.60523e-11
xa.xlayout_dut.doutb__t4               1.43048
xa.xlayout_dut.dout__t4                1.43309
xa.xlayout_dut.vss__t21             0.00156902
xa.xlayout_dut.vss__t7             1.85826e-11
xa.xlayout_dut.qn__t4                     2.97
xa.xlayout_dut.qp__t0                     2.97
xa.xlayout_dut.mn__t0                     2.97
xa.xlayout_dut.vss__t9             3.89888e-11
xa.xlayout_dut.mn__t1                     2.97
xa.xlayout_dut.aop__t2                 1.03611
xa.xlayout_dut.ltail__t0               1.45426
xa.xlayout_dut.vss__t11            2.64585e-11
xa.xlayout_dut.atail__t0               0.64823
xa.xlayout_dut.ibias__t2                1.0097
xa.xlayout_dut.vss__t19            0.000499274
xa.xlayout_dut.vss__t13            1.58958e-11
xa.xlayout_dut.qp__t1                     2.97
xa.xlayout_dut.qn__t5                     2.97
xa.xlayout_dut.mp__t2                     2.97
xa.xlayout_dut.vss__t10             3.9059e-11
xa.xlayout_dut.ltail__t1               1.45426
xa.xlayout_dut.clk__t2                       0
xa.xlayout_dut.vss__t18            3.29433e-16
xa.xlayout_dut.vss__t14            7.85406e-12
xa.xlayout_dut.mp__t1                     2.97
xa.xlayout_dut.aon__t0                 2.19541
xa.xlayout_dut.ltail__t2               1.45426
xa.xlayout_dut.vss__t12            2.67238e-11
xa.xlayout_dut.aon__t1                 2.19494
xa.xlayout_dut.vinp__t0                1.62304
xa.xlayout_dut.atail__t1              0.648793
xa.xlayout_dut.vss__t15            1.08333e-09
xa.xlayout_dut.aop__t1                 1.03431
xa.xlayout_dut.vinn__t0                1.67696
xa.xlayout_dut.atail__t2              0.649223
xa.xlayout_dut.vss__t16            4.05703e-11
xa.xlayout_dut.mn__t2                     2.97
xa.xlayout_dut.clk__t0                       0
xa.xlayout_dut.vdd__t0                    2.97
xa.xlayout_dut.vdd__t1                    2.97
xa.xlayout_dut.qn__t1                     2.97
xa.xlayout_dut.clk__t1                       0
xa.xlayout_dut.vdd__t2                    2.97
xa.xlayout_dut.vdd__t3                    2.97
xa.xlayout_dut.sp__t0              3.26281e-09
xa.xlayout_dut.qp__t2                     2.97
xa.xlayout_dut.vdd__t4                    2.97
xa.xlayout_dut.vdd__t5                    2.97
xa.xlayout_dut.mp__t0                     2.97
xa.xlayout_dut.clk__t4                       0
xa.xlayout_dut.vdd__t21                   2.97
xa.xlayout_dut.vdd__t20                   2.97
xa.xlayout_dut.qn__t0                     2.97
xa.xlayout_dut.qp__t3                     2.97
xa.xlayout_dut.vdd__t6                    2.97
xa.xlayout_dut.vdd__t7                    2.97
xa.xlayout_dut.qp__t4                     2.97
xa.xlayout_dut.clk__t3                       0
xa.xlayout_dut.vdd__t19                   2.97
xa.xlayout_dut.vdd__t18                   2.97
xa.xlayout_dut.na__t1                  2.87717
xa.xlayout_dut.sp__t1              3.12157e-09
xa.xlayout_dut.vdd__t23                2.96786
xa.xlayout_dut.vdd__t8                    2.97
xa.xlayout_dut.dout__t0                1.43716
xa.xlayout_dut.doutb__t2                1.4355
xa.xlayout_dut.na__t0                  2.87519
xa.xlayout_dut.vdd__t13                   2.97
xa.xlayout_dut.sn__t0              3.30843e-09
xa.xlayout_dut.qn__t3                     2.97
xa.xlayout_dut.vdd__t17                   2.97
xa.xlayout_dut.vdd__t16                   2.97
xa.xlayout_dut.qp__t5                     2.97
xa.xlayout_dut.qn__t2                     2.97
xa.xlayout_dut.vdd__t15                   2.97
xa.xlayout_dut.vdd__t14                   2.97
xa.xlayout_dut.nb__t1                  2.87751
xa.xlayout_dut.sn__t1              3.15482e-09
xa.xlayout_dut.vdd__t22                2.96769
xa.xlayout_dut.vdd__t12                   2.97
xa.xlayout_dut.doutb__t3               1.44642
xa.xlayout_dut.dout__t1                1.43309
xa.xlayout_dut.nb__t0                   2.8724
xa.xlayout_dut.vdd__t11                   2.97
xa.xlayout_dut.aon__t2                  2.1956
xa.xlayout_dut.x$28.11                 2.19647
xa.xlayout_dut.vss__t0                       0
xa.xlayout_dut.x$28.21                 2.96839
xa.xlayout_dut.vdd__t10                2.96925
xa.xlayout_dut.aop__t0                 1.03661
xa.xlayout_dut.x$29.11                 1.03878
xa.xlayout_dut.vss__t1                       0
xa.xlayout_dut.x$29.21                 2.96709
xa.xlayout_dut.vdd__t9                 2.96926
xa.xlayout_dut.aon                     2.19541
vsubs                                        0
xa.xlayout_dut.aop                     1.03611
xa.xlayout_dut.atail                  0.648732
douta                                  1.43309
doutba                                  1.4355
xa.xlayout_dut.ltail                   1.45426
xa.xlayout_dut.mn                         2.97
xa.xlayout_dut.mp                         2.97
xa.xlayout_dut.na                      2.87618
xa.xlayout_dut.nb                      2.87495
xa.xlayout_dut.qn                         2.97
xa.xlayout_dut.qp                         2.97
xa.xlayout_dut.sn                  3.15482e-09
xa.xlayout_dut.sp                  3.12157e-09
sb                                 -0.00492807
apb                                    1.64754
anb                                    1.65246
ibnb                                    1.0097
xb.xlayout_dut.sp__t2               3.0571e-09
xb.xlayout_dut.qp__t6                     2.97
xb.xlayout_dut.vss__t17            2.89097e-11
xb.xlayout_dut.vss__t2             2.92085e-20
xb.xlayout_dut.dout__t3                1.43309
xb.xlayout_dut.sp__t3              3.12157e-09
xb.xlayout_dut.vss__t25            6.71376e-17
xb.xlayout_dut.vss__t3             1.60467e-11
xb.xlayout_dut.dout__t2                1.42754
xb.xlayout_dut.doutb__t0                1.4355
xb.xlayout_dut.vss__t24             0.00157956
xb.xlayout_dut.vss__t4             1.84077e-11
xb.xlayout_dut.ibias__t0               1.00842
xb.xlayout_dut.ibias__t1                1.0097
xb.xlayout_dut.vss__t20            0.000254896
xb.xlayout_dut.vss__t8             2.57111e-11
xb.xlayout_dut.sn__t2              3.05704e-09
xb.xlayout_dut.qn__t6                     2.97
xb.xlayout_dut.vss__t23            2.88559e-11
xb.xlayout_dut.vss__t5             2.91531e-20
xb.xlayout_dut.doutb__t1                1.4355
xb.xlayout_dut.sn__t3              3.15482e-09
xb.xlayout_dut.vss__t22            6.70801e-17
xb.xlayout_dut.vss__t6             1.60523e-11
xb.xlayout_dut.doutb__t4               1.43048
xb.xlayout_dut.dout__t4                1.43309
xb.xlayout_dut.vss__t21             0.00156902
xb.xlayout_dut.vss__t7             1.85826e-11
xb.xlayout_dut.qn__t4                     2.97
xb.xlayout_dut.qp__t0                     2.97
xb.xlayout_dut.mn__t0                     2.97
xb.xlayout_dut.vss__t9             3.89888e-11
xb.xlayout_dut.mn__t1                     2.97
xb.xlayout_dut.aop__t2                  1.5637
xb.xlayout_dut.ltail__t0               1.03277
xb.xlayout_dut.vss__t11            2.39379e-11
xb.xlayout_dut.atail__t0              0.645037
xb.xlayout_dut.ibias__t2                1.0097
xb.xlayout_dut.vss__t19            0.000499254
xb.xlayout_dut.vss__t13            1.58176e-11
xb.xlayout_dut.qp__t1                     2.97
xb.xlayout_dut.qn__t5                     2.97
xb.xlayout_dut.mp__t2                     2.97
xb.xlayout_dut.vss__t10             3.9059e-11
xb.xlayout_dut.ltail__t1               1.03277
xb.xlayout_dut.clk__t2                       0
xb.xlayout_dut.vss__t18            3.02966e-16
xb.xlayout_dut.vss__t14            5.57773e-12
xb.xlayout_dut.mp__t1                     2.97
xb.xlayout_dut.aon__t0                 1.66764
xb.xlayout_dut.ltail__t2               1.03277
xb.xlayout_dut.vss__t12              2.418e-11
xb.xlayout_dut.aon__t1                 1.66684
xb.xlayout_dut.vinp__t0                1.64754
xb.xlayout_dut.atail__t1              0.645643
xb.xlayout_dut.vss__t15            5.48829e-11
xb.xlayout_dut.aop__t1                 1.56239
xb.xlayout_dut.vinn__t0                1.65246
xb.xlayout_dut.atail__t2              0.645897
xb.xlayout_dut.vss__t16            5.32239e-11
xb.xlayout_dut.mn__t2                     2.97
xb.xlayout_dut.clk__t0                       0
xb.xlayout_dut.vdd__t0                    2.97
xb.xlayout_dut.vdd__t1                    2.97
xb.xlayout_dut.qn__t1                     2.97
xb.xlayout_dut.clk__t1                       0
xb.xlayout_dut.vdd__t2                    2.97
xb.xlayout_dut.vdd__t3                    2.97
xb.xlayout_dut.sp__t0              3.26281e-09
xb.xlayout_dut.qp__t2                     2.97
xb.xlayout_dut.vdd__t4                    2.97
xb.xlayout_dut.vdd__t5                    2.97
xb.xlayout_dut.mp__t0                     2.97
xb.xlayout_dut.clk__t4                       0
xb.xlayout_dut.vdd__t21                   2.97
xb.xlayout_dut.vdd__t20                   2.97
xb.xlayout_dut.qn__t0                     2.97
xb.xlayout_dut.qp__t3                     2.97
xb.xlayout_dut.vdd__t6                    2.97
xb.xlayout_dut.vdd__t7                    2.97
xb.xlayout_dut.qp__t4                     2.97
xb.xlayout_dut.clk__t3                       0
xb.xlayout_dut.vdd__t19                   2.97
xb.xlayout_dut.vdd__t18                   2.97
xb.xlayout_dut.na__t1                  2.87717
xb.xlayout_dut.sp__t1              3.12157e-09
xb.xlayout_dut.vdd__t23                2.96786
xb.xlayout_dut.vdd__t8                    2.97
xb.xlayout_dut.dout__t0                1.43716
xb.xlayout_dut.doutb__t2                1.4355
xb.xlayout_dut.na__t0                  2.87519
xb.xlayout_dut.vdd__t13                   2.97
xb.xlayout_dut.sn__t0              3.30843e-09
xb.xlayout_dut.qn__t3                     2.97
xb.xlayout_dut.vdd__t17                   2.97
xb.xlayout_dut.vdd__t16                   2.97
xb.xlayout_dut.qp__t5                     2.97
xb.xlayout_dut.qn__t2                     2.97
xb.xlayout_dut.vdd__t15                   2.97
xb.xlayout_dut.vdd__t14                   2.97
xb.xlayout_dut.nb__t1                  2.87751
xb.xlayout_dut.sn__t1              3.15482e-09
xb.xlayout_dut.vdd__t22                2.96769
xb.xlayout_dut.vdd__t12                   2.97
xb.xlayout_dut.doutb__t3               1.44642
xb.xlayout_dut.dout__t1                1.43309
xb.xlayout_dut.nb__t0                   2.8724
xb.xlayout_dut.vdd__t11                   2.97
xb.xlayout_dut.aon__t2                 1.66795
xb.xlayout_dut.x$28.11                 1.66941
xb.xlayout_dut.vss__t0                       0
xb.xlayout_dut.x$28.21                 2.96729
xb.xlayout_dut.vdd__t10                2.96875
xb.xlayout_dut.aop__t0                 1.56407
xb.xlayout_dut.x$29.11                 1.56565
xb.xlayout_dut.vss__t1                       0
xb.xlayout_dut.x$29.21                 2.96788
xb.xlayout_dut.vdd__t9                 2.96946
xb.xlayout_dut.aon                     1.66764
xb.xlayout_dut.aop                      1.5637
xb.xlayout_dut.atail                  0.645539
doutb                                  1.43309
doutbb                                  1.4355
xb.xlayout_dut.ltail                   1.03277
xb.xlayout_dut.mn                         2.97
xb.xlayout_dut.mp                         2.97
xb.xlayout_dut.na                      2.87618
xb.xlayout_dut.nb                      2.87495
xb.xlayout_dut.qn                         2.97
xb.xlayout_dut.qp                         2.97
xb.xlayout_dut.sn                  3.15482e-09
xb.xlayout_dut.sp                  3.12157e-09
sc                                 -0.00402807
apc                                    1.64799
anc                                    1.65201
ibnc                                    1.0097
xc.xlayout_dut.sp__t2               3.0571e-09
xc.xlayout_dut.qp__t6                     2.97
xc.xlayout_dut.vss__t17            2.89097e-11
xc.xlayout_dut.vss__t2             2.92085e-20
xc.xlayout_dut.dout__t3                1.43309
xc.xlayout_dut.sp__t3              3.12157e-09
xc.xlayout_dut.vss__t25            6.71376e-17
xc.xlayout_dut.vss__t3             1.60467e-11
xc.xlayout_dut.dout__t2                1.42754
xc.xlayout_dut.doutb__t0                1.4355
xc.xlayout_dut.vss__t24             0.00157956
xc.xlayout_dut.vss__t4             1.84077e-11
xc.xlayout_dut.ibias__t0               1.00842
xc.xlayout_dut.ibias__t1                1.0097
xc.xlayout_dut.vss__t20            0.000254896
xc.xlayout_dut.vss__t8             2.57111e-11
xc.xlayout_dut.sn__t2              3.05704e-09
xc.xlayout_dut.qn__t6                     2.97
xc.xlayout_dut.vss__t23            2.88559e-11
xc.xlayout_dut.vss__t5             2.91531e-20
xc.xlayout_dut.doutb__t1                1.4355
xc.xlayout_dut.sn__t3              3.15482e-09
xc.xlayout_dut.vss__t22            6.70801e-17
xc.xlayout_dut.vss__t6             1.60523e-11
xc.xlayout_dut.doutb__t4               1.43048
xc.xlayout_dut.dout__t4                1.43309
xc.xlayout_dut.vss__t21             0.00156902
xc.xlayout_dut.vss__t7             1.85826e-11
xc.xlayout_dut.qn__t4                     2.97
xc.xlayout_dut.qp__t0                     2.97
xc.xlayout_dut.mn__t0                     2.97
xc.xlayout_dut.vss__t9             3.89888e-11
xc.xlayout_dut.mn__t1                     2.97
xc.xlayout_dut.aop__t2                 1.57389
xc.xlayout_dut.ltail__t0               1.02517
xc.xlayout_dut.vss__t11            2.38925e-11
xc.xlayout_dut.atail__t0               0.64503
xc.xlayout_dut.ibias__t2                1.0097
xc.xlayout_dut.vss__t19            0.000499254
xc.xlayout_dut.vss__t13            1.58174e-11
xc.xlayout_dut.qp__t1                     2.97
xc.xlayout_dut.qn__t5                     2.97
xc.xlayout_dut.mp__t2                     2.97
xc.xlayout_dut.vss__t10             3.9059e-11
xc.xlayout_dut.ltail__t1               1.02517
xc.xlayout_dut.clk__t2                       0
xc.xlayout_dut.vss__t18            3.02491e-16
xc.xlayout_dut.vss__t14            5.53668e-12
xc.xlayout_dut.mp__t1                     2.97
xc.xlayout_dut.aon__t0                 1.65744
xc.xlayout_dut.ltail__t2               1.02517
xc.xlayout_dut.vss__t12            2.41342e-11
xc.xlayout_dut.aon__t1                 1.65664
xc.xlayout_dut.vinp__t0                1.64799
xc.xlayout_dut.atail__t1              0.645636
xc.xlayout_dut.vss__t15            5.45993e-11
xc.xlayout_dut.aop__t1                 1.57259
xc.xlayout_dut.vinn__t0                1.65201
xc.xlayout_dut.atail__t2              0.645887
xc.xlayout_dut.vss__t16            5.34726e-11
xc.xlayout_dut.mn__t2                     2.97
xc.xlayout_dut.clk__t0                       0
xc.xlayout_dut.vdd__t0                    2.97
xc.xlayout_dut.vdd__t1                    2.97
xc.xlayout_dut.qn__t1                     2.97
xc.xlayout_dut.clk__t1                       0
xc.xlayout_dut.vdd__t2                    2.97
xc.xlayout_dut.vdd__t3                    2.97
xc.xlayout_dut.sp__t0              3.26281e-09
xc.xlayout_dut.qp__t2                     2.97
xc.xlayout_dut.vdd__t4                    2.97
xc.xlayout_dut.vdd__t5                    2.97
xc.xlayout_dut.mp__t0                     2.97
xc.xlayout_dut.clk__t4                       0
xc.xlayout_dut.vdd__t21                   2.97
xc.xlayout_dut.vdd__t20                   2.97
xc.xlayout_dut.qn__t0                     2.97
xc.xlayout_dut.qp__t3                     2.97
xc.xlayout_dut.vdd__t6                    2.97
xc.xlayout_dut.vdd__t7                    2.97
xc.xlayout_dut.qp__t4                     2.97
xc.xlayout_dut.clk__t3                       0
xc.xlayout_dut.vdd__t19                   2.97
xc.xlayout_dut.vdd__t18                   2.97
xc.xlayout_dut.na__t1                  2.87717
xc.xlayout_dut.sp__t1              3.12157e-09
xc.xlayout_dut.vdd__t23                2.96786
xc.xlayout_dut.vdd__t8                    2.97
xc.xlayout_dut.dout__t0                1.43716
xc.xlayout_dut.doutb__t2                1.4355
xc.xlayout_dut.na__t0                  2.87519
xc.xlayout_dut.vdd__t13                   2.97
xc.xlayout_dut.sn__t0              3.30843e-09
xc.xlayout_dut.qn__t3                     2.97
xc.xlayout_dut.vdd__t17                   2.97
xc.xlayout_dut.vdd__t16                   2.97
xc.xlayout_dut.qp__t5                     2.97
xc.xlayout_dut.qn__t2                     2.97
xc.xlayout_dut.vdd__t15                   2.97
xc.xlayout_dut.vdd__t14                   2.97
xc.xlayout_dut.nb__t1                  2.87751
xc.xlayout_dut.sn__t1              3.15482e-09
xc.xlayout_dut.vdd__t22                2.96769
xc.xlayout_dut.vdd__t12                   2.97
xc.xlayout_dut.doutb__t3               1.44642
xc.xlayout_dut.dout__t1                1.43309
xc.xlayout_dut.nb__t0                   2.8724
xc.xlayout_dut.vdd__t11                   2.97
xc.xlayout_dut.aon__t2                 1.65776
xc.xlayout_dut.x$28.11                 1.65923
xc.xlayout_dut.vss__t0                       0
xc.xlayout_dut.x$28.21                 2.96726
xc.xlayout_dut.vdd__t10                2.96874
xc.xlayout_dut.aop__t0                 1.57426
xc.xlayout_dut.x$29.11                 1.57582
xc.xlayout_dut.vss__t1                       0
xc.xlayout_dut.x$29.21                  2.9679
xc.xlayout_dut.vdd__t9                 2.96947
xc.xlayout_dut.aon                     1.65744
xc.xlayout_dut.aop                     1.57389
xc.xlayout_dut.atail                  0.645532
doutc                                  1.43309
doutbc                                  1.4355
xc.xlayout_dut.ltail                   1.02517
xc.xlayout_dut.mn                         2.97
xc.xlayout_dut.mp                         2.97
xc.xlayout_dut.na                      2.87618
xc.xlayout_dut.nb                      2.87495
xc.xlayout_dut.qn                         2.97
xc.xlayout_dut.qp                         2.97
xc.xlayout_dut.sn                  3.15482e-09
xc.xlayout_dut.sp                  3.12157e-09
clkn                                         0
dan                                   0.482521
dbn                                   0.482521
dcn                                   0.482521
bdcn#branch                                  0
bdbn#branch                                  0
bdan#branch                                  0
bclkn#branch                                 0
eanc#branch                       -5.12018e-21
eapc#branch                       -2.73195e-19
eanb#branch                        7.37039e-19
eapb#branch                        7.19369e-19
eana#branch                        5.67017e-19
eapa#branch                        9.46583e-19
vsc#branch                                   0
vsb#branch                                   0
vsa#branch                                   0
vcm#branch                         2.69169e-18
vclk#branch                                  0
vsupa#branch                      -0.000297931
vsup#branch                       -0.000595861

 Reference value :  3.66400e-10
 Reference value :  3.10140e-09
 Reference value :  5.83140e-09
 Reference value :  8.58640e-09
 Reference value :  1.10966e-08
 Reference value :  1.40966e-08
 Reference value :  1.69316e-08
 Reference value :  1.97966e-08
 Reference value :  2.24325e-08
 Reference value :  2.53775e-08
 Reference value :  2.82625e-08
 Reference value :  3.10925e-08
 Reference value :  3.44175e-08
 Reference value :  3.72825e-08
 Reference value :  3.99962e-08
 Reference value :  4.23316e-08
 Reference value :  4.50466e-08
 Reference value :  4.79016e-08
 Reference value :  5.07583e-08
 Reference value :  5.36833e-08
 Reference value :  5.66483e-08
 Reference value :  5.94483e-08
No. of Data Rows : 12046
vsup_v              =  2.97000e+00
td_a                =  1.10204e-09 targ=  4.11520e-08 trig=  4.00500e-08
td_b                =  1.46180e-09 targ=  4.15118e-08 trig=  4.00500e-08
td_c                =  1.68180e-09 targ=  4.17318e-08 trig=  4.00500e-08
da_first            =  6.69585e-06
db_first            =  6.69227e-06
dc_first            =  6.69358e-06
da_end              =  9.99977e-01
db_end              =  9.99977e-01
dc_end              =  9.99977e-01
i_stat              =  -2.97051e-05 from=  2.50000e-08 to=  2.90025e-08
q_dec               =  -7.22147e-13 from=  3.99000e-08 to=  4.80000e-08
m_td_od50_ns = 1.1020380000e+00
m_td_od1_ns = 1.4618030000e+00
m_td_od01_ns = 1.6817990000e+00
m_tau_ps = 9.5543048841e+01
m_resolve_decades = 1.5299940893e+01
m_dout_od50_end = 9.9997710000e-01
m_dout_od1_end = 9.9997710000e-01
m_dout_od01_end = 9.9997710000e-01
m_dout_od50_first = 6.6958510000e-06
m_dout_od1_first = 6.6922660000e-06
m_dout_od01_first = 6.6935760000e-06
m_i_static_ua = 2.9705100000e+01
m_e_dec_fj = 1.4301607023e+03
Note: Simulation executed from .control section 

Warning: m=xx on .subckt line will override multiplier m hierarchy!

Note: Starting dynamic gmin stepping
Note: Dynamic gmin stepping completed
