
Note: Compatibility modes selected: hs a


Circuit: * comparator-regeneration @ tt_125c_3.63v -- generated by sim/harness, do not edit

Doing analysis at TEMP = 125.000000 and TNOM = 27.000000

Using SPARSE 1.3 as Direct Linear Solver

Initial Transient Solution
--------------------------

Node                                   Voltage
----                                   -------
vdd                                       3.63
vdda                                      3.63
clk                                          0
cm                                        1.65
sa                                  -0.0647579
apa                                    1.61762
ana                                    1.68238
ibna                                  0.988195
xa.xlayout_dut.sp__t2               1.1345e-08
xa.xlayout_dut.qp__t6                     3.63
xa.xlayout_dut.vss__t17             7.2899e-11
xa.xlayout_dut.vss__t2             8.39089e-19
xa.xlayout_dut.dout__t3                1.80724
xa.xlayout_dut.sp__t3              1.15076e-08
xa.xlayout_dut.vss__t25            1.20914e-10
xa.xlayout_dut.vss__t3             2.28664e-11
xa.xlayout_dut.dout__t2                1.79914
xa.xlayout_dut.doutb__t0               1.81094
xa.xlayout_dut.vss__t24             0.00230378
xa.xlayout_dut.vss__t4             2.46062e-11
xa.xlayout_dut.ibias__t0              0.986917
xa.xlayout_dut.ibias__t1              0.988195
xa.xlayout_dut.vss__t20            0.000254896
xa.xlayout_dut.vss__t8             3.79977e-11
xa.xlayout_dut.sn__t2              1.13449e-08
xa.xlayout_dut.qn__t6                     3.63
xa.xlayout_dut.vss__t23            7.27633e-11
xa.xlayout_dut.vss__t5             8.37507e-19
xa.xlayout_dut.doutb__t1               1.81094
xa.xlayout_dut.sn__t3              1.15915e-08
xa.xlayout_dut.vss__t22            1.20808e-10
xa.xlayout_dut.vss__t6             2.28776e-11
xa.xlayout_dut.doutb__t4               1.80361
xa.xlayout_dut.dout__t4                1.80724
xa.xlayout_dut.vss__t21             0.00229074
xa.xlayout_dut.vss__t7             2.47162e-11
xa.xlayout_dut.qn__t4                     3.63
xa.xlayout_dut.qp__t0                     3.63
xa.xlayout_dut.mn__t0                     3.63
xa.xlayout_dut.vss__t9             5.53769e-11
xa.xlayout_dut.mn__t1                     3.63
xa.xlayout_dut.aop__t2                 2.03616
xa.xlayout_dut.ltail__t0               2.25665
xa.xlayout_dut.vss__t11            4.43582e-11
xa.xlayout_dut.atail__t0               0.75513
xa.xlayout_dut.ibias__t2              0.988195
xa.xlayout_dut.vss__t19            0.000493325
xa.xlayout_dut.vss__t13            4.19317e-11
xa.xlayout_dut.qp__t1                     3.63
xa.xlayout_dut.qn__t5                     3.63
xa.xlayout_dut.mp__t2                     3.63
xa.xlayout_dut.vss__t10            5.54765e-11
xa.xlayout_dut.ltail__t1               2.25665
xa.xlayout_dut.clk__t2                       0
xa.xlayout_dut.vss__t18            4.60153e-10
xa.xlayout_dut.vss__t14            2.04238e-11
xa.xlayout_dut.mp__t1                     3.63
xa.xlayout_dut.aon__t0                 2.90055
xa.xlayout_dut.ltail__t2               2.25665
xa.xlayout_dut.vss__t12            4.48032e-11
xa.xlayout_dut.aon__t1                 2.90004
xa.xlayout_dut.vinp__t0                1.61762
xa.xlayout_dut.atail__t1              0.755693
xa.xlayout_dut.vss__t15            9.33187e-08
xa.xlayout_dut.aop__t1                 2.03445
xa.xlayout_dut.vinn__t0                1.68238
xa.xlayout_dut.atail__t2              0.756093
xa.xlayout_dut.vss__t16            2.13441e-10
xa.xlayout_dut.mn__t2                     3.63
xa.xlayout_dut.clk__t0                       0
xa.xlayout_dut.vdd__t0                    3.63
xa.xlayout_dut.vdd__t1                    3.63
xa.xlayout_dut.qn__t1                     3.63
xa.xlayout_dut.clk__t1                       0
xa.xlayout_dut.vdd__t2                    3.63
xa.xlayout_dut.vdd__t3                    3.63
xa.xlayout_dut.sp__t0              1.18638e-08
xa.xlayout_dut.qp__t2                     3.63
xa.xlayout_dut.vdd__t4                    3.63
xa.xlayout_dut.vdd__t5                    3.63
xa.xlayout_dut.mp__t0                     3.63
xa.xlayout_dut.clk__t4                       0
xa.xlayout_dut.vdd__t21                   3.63
xa.xlayout_dut.vdd__t20                   3.63
xa.xlayout_dut.qn__t0                     3.63
xa.xlayout_dut.qp__t3                     3.63
xa.xlayout_dut.vdd__t6                    3.63
xa.xlayout_dut.vdd__t7                    3.63
xa.xlayout_dut.qp__t4                     3.63
xa.xlayout_dut.clk__t3                       0
xa.xlayout_dut.vdd__t19                   3.63
xa.xlayout_dut.vdd__t18                   3.63
xa.xlayout_dut.na__t1                  3.45428
xa.xlayout_dut.sp__t1              1.15076e-08
xa.xlayout_dut.vdd__t23                3.62688
xa.xlayout_dut.vdd__t8                    3.63
xa.xlayout_dut.dout__t0                1.81318
xa.xlayout_dut.doutb__t2               1.81094
xa.xlayout_dut.na__t0                  3.45138
xa.xlayout_dut.vdd__t13                   3.63
xa.xlayout_dut.sn__t0              1.19788e-08
xa.xlayout_dut.qn__t3                     3.63
xa.xlayout_dut.vdd__t17                   3.63
xa.xlayout_dut.vdd__t16                   3.63
xa.xlayout_dut.qp__t5                     3.63
xa.xlayout_dut.qn__t2                     3.63
xa.xlayout_dut.vdd__t15                   3.63
xa.xlayout_dut.vdd__t14                   3.63
xa.xlayout_dut.nb__t1                  3.45482
xa.xlayout_dut.sn__t1              1.15915e-08
xa.xlayout_dut.vdd__t22                3.62663
xa.xlayout_dut.vdd__t12                   3.63
xa.xlayout_dut.doutb__t3               1.82689
xa.xlayout_dut.dout__t1                1.80724
xa.xlayout_dut.nb__t0                  3.44736
xa.xlayout_dut.vdd__t11                   3.63
xa.xlayout_dut.aon__t2                 2.90076
xa.xlayout_dut.x$28.11                 2.90111
xa.xlayout_dut.vss__t0                       0
xa.xlayout_dut.x$28.21                 3.62884
xa.xlayout_dut.vdd__t10                3.62919
xa.xlayout_dut.aop__t0                 2.03664
xa.xlayout_dut.x$29.11                 2.03741
xa.xlayout_dut.vss__t1                       0
xa.xlayout_dut.x$29.21                 3.62853
xa.xlayout_dut.vdd__t9                  3.6293
xa.xlayout_dut.aon                     2.90055
vsubs                                        0
xa.xlayout_dut.aop                     2.03616
xa.xlayout_dut.atail                  0.755626
douta                                  1.80724
doutba                                 1.81094
xa.xlayout_dut.ltail                   2.25665
xa.xlayout_dut.mn                         3.63
xa.xlayout_dut.mp                         3.63
xa.xlayout_dut.na                      3.45283
xa.xlayout_dut.nb                      3.45109
xa.xlayout_dut.qn                         3.63
xa.xlayout_dut.qp                         3.63
xa.xlayout_dut.sn                  1.15915e-08
xa.xlayout_dut.sp                  1.15076e-08
sb                                  -0.0157579
apb                                    1.64212
anb                                    1.65788
ibnb                                  0.988195
xb.xlayout_dut.sp__t2               1.1345e-08
xb.xlayout_dut.qp__t6                     3.63
xb.xlayout_dut.vss__t17             7.2899e-11
xb.xlayout_dut.vss__t2             8.39089e-19
xb.xlayout_dut.dout__t3                1.80724
xb.xlayout_dut.sp__t3              1.15076e-08
xb.xlayout_dut.vss__t25            1.20914e-10
xb.xlayout_dut.vss__t3             2.28664e-11
xb.xlayout_dut.dout__t2                1.79914
xb.xlayout_dut.doutb__t0               1.81094
xb.xlayout_dut.vss__t24             0.00230378
xb.xlayout_dut.vss__t4             2.46062e-11
xb.xlayout_dut.ibias__t0              0.986917
xb.xlayout_dut.ibias__t1              0.988195
xb.xlayout_dut.vss__t20            0.000254896
xb.xlayout_dut.vss__t8             3.79977e-11
xb.xlayout_dut.sn__t2              1.13449e-08
xb.xlayout_dut.qn__t6                     3.63
xb.xlayout_dut.vss__t23            7.27633e-11
xb.xlayout_dut.vss__t5             8.37507e-19
xb.xlayout_dut.doutb__t1               1.81094
xb.xlayout_dut.sn__t3              1.15915e-08
xb.xlayout_dut.vss__t22            1.20808e-10
xb.xlayout_dut.vss__t6             2.28776e-11
xb.xlayout_dut.doutb__t4               1.80361
xb.xlayout_dut.dout__t4                1.80724
xb.xlayout_dut.vss__t21             0.00229074
xb.xlayout_dut.vss__t7             2.47162e-11
xb.xlayout_dut.qn__t4                     3.63
xb.xlayout_dut.qp__t0                     3.63
xb.xlayout_dut.mn__t0                     3.63
xb.xlayout_dut.vss__t9             5.53769e-11
xb.xlayout_dut.mn__t1                     3.63
xb.xlayout_dut.aop__t2                 2.36187
xb.xlayout_dut.ltail__t0               1.98645
xb.xlayout_dut.vss__t11            4.27423e-11
xb.xlayout_dut.atail__t0              0.752034
xb.xlayout_dut.ibias__t2              0.988195
xb.xlayout_dut.vss__t19            0.000493309
xb.xlayout_dut.vss__t13            4.18558e-11
xb.xlayout_dut.qp__t1                     3.63
xb.xlayout_dut.qn__t5                     3.63
xb.xlayout_dut.mp__t2                     3.63
xb.xlayout_dut.vss__t10            5.54765e-11
xb.xlayout_dut.ltail__t1               1.98645
xb.xlayout_dut.clk__t2                       0
xb.xlayout_dut.vss__t18            4.45893e-10
xb.xlayout_dut.vss__t14            1.87466e-11
xb.xlayout_dut.mp__t1                     3.63
xb.xlayout_dut.aon__t0                 2.57509
xb.xlayout_dut.ltail__t2               1.98645
xb.xlayout_dut.vss__t12            4.31761e-11
xb.xlayout_dut.aon__t1                 2.57435
xb.xlayout_dut.vinp__t0                1.64212
xb.xlayout_dut.atail__t1              0.752626
xb.xlayout_dut.vss__t15            1.24033e-08
xb.xlayout_dut.aop__t1                 2.36051
xb.xlayout_dut.vinn__t0                1.65788
xb.xlayout_dut.atail__t2              0.752901
xb.xlayout_dut.vss__t16            1.91485e-09
xb.xlayout_dut.mn__t2                     3.63
xb.xlayout_dut.clk__t0                       0
xb.xlayout_dut.vdd__t0                    3.63
xb.xlayout_dut.vdd__t1                    3.63
xb.xlayout_dut.qn__t1                     3.63
xb.xlayout_dut.clk__t1                       0
xb.xlayout_dut.vdd__t2                    3.63
xb.xlayout_dut.vdd__t3                    3.63
xb.xlayout_dut.sp__t0              1.18638e-08
xb.xlayout_dut.qp__t2                     3.63
xb.xlayout_dut.vdd__t4                    3.63
xb.xlayout_dut.vdd__t5                    3.63
xb.xlayout_dut.mp__t0                     3.63
xb.xlayout_dut.clk__t4                       0
xb.xlayout_dut.vdd__t21                   3.63
xb.xlayout_dut.vdd__t20                   3.63
xb.xlayout_dut.qn__t0                     3.63
xb.xlayout_dut.qp__t3                     3.63
xb.xlayout_dut.vdd__t6                    3.63
xb.xlayout_dut.vdd__t7                    3.63
xb.xlayout_dut.qp__t4                     3.63
xb.xlayout_dut.clk__t3                       0
xb.xlayout_dut.vdd__t19                   3.63
xb.xlayout_dut.vdd__t18                   3.63
xb.xlayout_dut.na__t1                  3.45428
xb.xlayout_dut.sp__t1              1.15076e-08
xb.xlayout_dut.vdd__t23                3.62688
xb.xlayout_dut.vdd__t8                    3.63
xb.xlayout_dut.dout__t0                1.81318
xb.xlayout_dut.doutb__t2               1.81094
xb.xlayout_dut.na__t0                  3.45138
xb.xlayout_dut.vdd__t13                   3.63
xb.xlayout_dut.sn__t0              1.19788e-08
xb.xlayout_dut.qn__t3                     3.63
xb.xlayout_dut.vdd__t17                   3.63
xb.xlayout_dut.vdd__t16                   3.63
xb.xlayout_dut.qp__t5                     3.63
xb.xlayout_dut.qn__t2                     3.63
xb.xlayout_dut.vdd__t15                   3.63
xb.xlayout_dut.vdd__t14                   3.63
xb.xlayout_dut.nb__t1                  3.45482
xb.xlayout_dut.sn__t1              1.15915e-08
xb.xlayout_dut.vdd__t22                3.62663
xb.xlayout_dut.vdd__t12                   3.63
xb.xlayout_dut.doutb__t3               1.82689
xb.xlayout_dut.dout__t1                1.80724
xb.xlayout_dut.nb__t0                  3.44736
xb.xlayout_dut.vdd__t11                   3.63
xb.xlayout_dut.aon__t2                 2.57539
xb.xlayout_dut.x$28.11                 2.57589
xb.xlayout_dut.vss__t0                       0
xb.xlayout_dut.x$28.21                 3.62832
xb.xlayout_dut.vdd__t10                3.62883
xb.xlayout_dut.aop__t0                 2.36225
xb.xlayout_dut.x$29.11                 2.36287
xb.xlayout_dut.vss__t1                       0
xb.xlayout_dut.x$29.21                 3.62883
xb.xlayout_dut.vdd__t9                 3.62944
xb.xlayout_dut.aon                     2.57509
xb.xlayout_dut.aop                     2.36187
xb.xlayout_dut.atail                   0.75253
doutb                                  1.80724
doutbb                                 1.81094
xb.xlayout_dut.ltail                   1.98645
xb.xlayout_dut.mn                         3.63
xb.xlayout_dut.mp                         3.63
xb.xlayout_dut.na                      3.45283
xb.xlayout_dut.nb                      3.45109
xb.xlayout_dut.qn                         3.63
xb.xlayout_dut.qp                         3.63
xb.xlayout_dut.sn                  1.15915e-08
xb.xlayout_dut.sp                  1.15076e-08
sc                                  -0.0148579
apc                                    1.64257
anc                                    1.65743
ibnc                                  0.988195
xc.xlayout_dut.sp__t2               1.1345e-08
xc.xlayout_dut.qp__t6                     3.63
xc.xlayout_dut.vss__t17             7.2899e-11
xc.xlayout_dut.vss__t2             8.39089e-19
xc.xlayout_dut.dout__t3                1.80724
xc.xlayout_dut.sp__t3              1.15076e-08
xc.xlayout_dut.vss__t25            1.20914e-10
xc.xlayout_dut.vss__t3             2.28664e-11
xc.xlayout_dut.dout__t2                1.79914
xc.xlayout_dut.doutb__t0               1.81094
xc.xlayout_dut.vss__t24             0.00230378
xc.xlayout_dut.vss__t4             2.46062e-11
xc.xlayout_dut.ibias__t0              0.986917
xc.xlayout_dut.ibias__t1              0.988195
xc.xlayout_dut.vss__t20            0.000254896
xc.xlayout_dut.vss__t8             3.79977e-11
xc.xlayout_dut.sn__t2              1.13449e-08
xc.xlayout_dut.qn__t6                     3.63
xc.xlayout_dut.vss__t23            7.27633e-11
xc.xlayout_dut.vss__t5             8.37507e-19
xc.xlayout_dut.doutb__t1               1.81094
xc.xlayout_dut.sn__t3              1.15915e-08
xc.xlayout_dut.vss__t22            1.20808e-10
xc.xlayout_dut.vss__t6             2.28776e-11
xc.xlayout_dut.doutb__t4               1.80361
xc.xlayout_dut.dout__t4                1.80724
xc.xlayout_dut.vss__t21             0.00229074
xc.xlayout_dut.vss__t7             2.47162e-11
xc.xlayout_dut.qn__t4                     3.63
xc.xlayout_dut.qp__t0                     3.63
xc.xlayout_dut.mn__t0                     3.63
xc.xlayout_dut.vss__t9             5.53769e-11
xc.xlayout_dut.mn__t1                     3.63
xc.xlayout_dut.aop__t2                 2.36808
xc.xlayout_dut.ltail__t0               1.98139
xc.xlayout_dut.vss__t11            4.27121e-11
xc.xlayout_dut.atail__t0              0.752013
xc.xlayout_dut.ibias__t2              0.988195
xc.xlayout_dut.vss__t19            0.000493309
xc.xlayout_dut.vss__t13            4.18553e-11
xc.xlayout_dut.qp__t1                     3.63
xc.xlayout_dut.qn__t5                     3.63
xc.xlayout_dut.mp__t2                     3.63
xc.xlayout_dut.vss__t10            5.54765e-11
xc.xlayout_dut.ltail__t1               1.98139
xc.xlayout_dut.clk__t2                       0
xc.xlayout_dut.vss__t18            4.45627e-10
xc.xlayout_dut.vss__t14            1.87173e-11
xc.xlayout_dut.mp__t1                     3.63
xc.xlayout_dut.aon__t0                 2.56888
xc.xlayout_dut.ltail__t2               1.98139
xc.xlayout_dut.vss__t12            4.31458e-11
xc.xlayout_dut.aon__t1                 2.56814
xc.xlayout_dut.vinp__t0                1.64257
xc.xlayout_dut.atail__t1              0.752606
xc.xlayout_dut.vss__t15            1.18185e-08
xc.xlayout_dut.aop__t1                 2.36673
xc.xlayout_dut.vinn__t0                1.65743
xc.xlayout_dut.atail__t2              0.752879
xc.xlayout_dut.vss__t16            2.03369e-09
xc.xlayout_dut.mn__t2                     3.63
xc.xlayout_dut.clk__t0                       0
xc.xlayout_dut.vdd__t0                    3.63
xc.xlayout_dut.vdd__t1                    3.63
xc.xlayout_dut.qn__t1                     3.63
xc.xlayout_dut.clk__t1                       0
xc.xlayout_dut.vdd__t2                    3.63
xc.xlayout_dut.vdd__t3                    3.63
xc.xlayout_dut.sp__t0              1.18638e-08
xc.xlayout_dut.qp__t2                     3.63
xc.xlayout_dut.vdd__t4                    3.63
xc.xlayout_dut.vdd__t5                    3.63
xc.xlayout_dut.mp__t0                     3.63
xc.xlayout_dut.clk__t4                       0
xc.xlayout_dut.vdd__t21                   3.63
xc.xlayout_dut.vdd__t20                   3.63
xc.xlayout_dut.qn__t0                     3.63
xc.xlayout_dut.qp__t3                     3.63
xc.xlayout_dut.vdd__t6                    3.63
xc.xlayout_dut.vdd__t7                    3.63
xc.xlayout_dut.qp__t4                     3.63
xc.xlayout_dut.clk__t3                       0
xc.xlayout_dut.vdd__t19                   3.63
xc.xlayout_dut.vdd__t18                   3.63
xc.xlayout_dut.na__t1                  3.45428
xc.xlayout_dut.sp__t1              1.15076e-08
xc.xlayout_dut.vdd__t23                3.62688
xc.xlayout_dut.vdd__t8                    3.63
xc.xlayout_dut.dout__t0                1.81318
xc.xlayout_dut.doutb__t2               1.81094
xc.xlayout_dut.na__t0                  3.45138
xc.xlayout_dut.vdd__t13                   3.63
xc.xlayout_dut.sn__t0              1.19788e-08
xc.xlayout_dut.qn__t3                     3.63
xc.xlayout_dut.vdd__t17                   3.63
xc.xlayout_dut.vdd__t16                   3.63
xc.xlayout_dut.qp__t5                     3.63
xc.xlayout_dut.qn__t2                     3.63
xc.xlayout_dut.vdd__t15                   3.63
xc.xlayout_dut.vdd__t14                   3.63
xc.xlayout_dut.nb__t1                  3.45482
xc.xlayout_dut.sn__t1              1.15915e-08
xc.xlayout_dut.vdd__t22                3.62663
xc.xlayout_dut.vdd__t12                   3.63
xc.xlayout_dut.doutb__t3               1.82689
xc.xlayout_dut.dout__t1                1.80724
xc.xlayout_dut.nb__t0                  3.44736
xc.xlayout_dut.vdd__t11                   3.63
xc.xlayout_dut.aon__t2                 2.56918
xc.xlayout_dut.x$28.11                 2.56969
xc.xlayout_dut.vss__t0                       0
xc.xlayout_dut.x$28.21                 3.62831
xc.xlayout_dut.vdd__t10                3.62882
xc.xlayout_dut.aop__t0                 2.36846
xc.xlayout_dut.x$29.11                 2.36907
xc.xlayout_dut.vss__t1                       0
xc.xlayout_dut.x$29.21                 3.62884
xc.xlayout_dut.vdd__t9                 3.62945
xc.xlayout_dut.aon                     2.56888
xc.xlayout_dut.aop                     2.36808
xc.xlayout_dut.atail                  0.752509
doutc                                  1.80724
doutbc                                 1.81094
xc.xlayout_dut.ltail                   1.98139
xc.xlayout_dut.mn                         3.63
xc.xlayout_dut.mp                         3.63
xc.xlayout_dut.na                      3.45283
xc.xlayout_dut.nb                      3.45109
xc.xlayout_dut.qn                         3.63
xc.xlayout_dut.qp                         3.63
xc.xlayout_dut.sn                  1.15915e-08
xc.xlayout_dut.sp                  1.15076e-08
clkn                                         0
dan                                   0.497862
dbn                                   0.497862
dcn                                   0.497862
bdcn#branch                                  0
bdbn#branch                                  0
bdan#branch                                  0
bclkn#branch                                 0
eanc#branch                        1.96293e-19
eapc#branch                       -4.74608e-19
eanb#branch                        9.95644e-19
eapb#branch                        5.17956e-19
eana#branch                         7.6843e-19
eapa#branch                        6.87979e-19
vsc#branch                                   0
vsb#branch                                   0
vsa#branch                                   0
vcm#branch                         2.69169e-18
vclk#branch                                  0
vsupa#branch                      -0.000420564
vsup#branch                       -0.000841119

 Reference value :  8.41400e-10
 Reference value :  3.52640e-09
 Reference value :  6.55640e-09
 Reference value :  9.42640e-09
 Reference value :  1.21606e-08
 Reference value :  1.51506e-08
 Reference value :  1.79906e-08
 Reference value :  2.06121e-08
 Reference value :  2.32875e-08
 Reference value :  2.62675e-08
 Reference value :  2.93275e-08
 Reference value :  3.23925e-08
 Reference value :  3.51625e-08
 Reference value :  3.79475e-08
 Reference value :  4.05807e-08
 Reference value :  4.31057e-08
 Reference value :  4.58757e-08
 Reference value :  4.88207e-08
 Reference value :  5.15268e-08
 Reference value :  5.43218e-08
 Reference value :  5.72268e-08
No. of Data Rows : 12046
vsup_v              =  3.63000e+00
td_a                =  1.30257e-09 targ=  4.13526e-08 trig=  4.00500e-08
td_b                =  1.67280e-09 targ=  4.17228e-08 trig=  4.00500e-08
td_c                =  1.90664e-09 targ=  4.19566e-08 trig=  4.00500e-08
da_first            =  3.22189e-05
db_first            =  2.80663e-05
dc_first            =  2.61950e-05
da_end              =  9.99943e-01
db_end              =  9.99943e-01
dc_end              =  9.99943e-01
i_stat              =  -2.82779e-05 from=  2.50000e-08 to=  2.90025e-08
q_dec               =  -9.38882e-13 from=  3.99000e-08 to=  4.80000e-08
m_td_od50_ns = 1.3025740000e+00
m_td_od1_ns = 1.6727960000e+00
m_td_od01_ns = 1.9066380000e+00
m_tau_ps = 1.0155629024e+02
m_resolve_decades = 1.6471613881e+01
m_dout_od50_end = 9.9994320000e-01
m_dout_od1_end = 9.9994320000e-01
m_dout_od01_end = 9.9994320000e-01
m_dout_od50_first = 3.2218940000e-05
m_dout_od1_first = 2.8066270000e-05
m_dout_od01_first = 2.6194980000e-05
m_i_static_ua = 2.8277910000e+01
m_e_dec_fj = 2.5766877243e+03
Note: Simulation executed from .control section 

Warning: m=xx on .subckt line will override multiplier m hierarchy!

Note: Starting dynamic gmin stepping
Note: Dynamic gmin stepping completed
