
Note: Compatibility modes selected: hs a


Circuit: * comparator-regeneration @ tt_125c_2.97v -- generated by sim/harness, do not edit

Doing analysis at TEMP = 125.000000 and TNOM = 27.000000

Using SPARSE 1.3 as Direct Linear Solver

Initial Transient Solution
--------------------------

Node                                   Voltage
----                                   -------
vdd                                       2.97
vdda                                      2.97
clk                                          0
cm                                        1.65
sa                                  -0.0589372
apa                                    1.62053
ana                                    1.67947
ibna                                  0.988195
xa.xlayout_dut.sp__t2              1.02072e-08
xa.xlayout_dut.qp__t6                     2.97
xa.xlayout_dut.vss__t17            5.76684e-11
xa.xlayout_dut.vss__t2              7.5435e-19
xa.xlayout_dut.dout__t3                1.45947
xa.xlayout_dut.sp__t3              1.03358e-08
xa.xlayout_dut.vss__t25             1.1573e-10
xa.xlayout_dut.vss__t3              1.8967e-11
xa.xlayout_dut.dout__t2                1.45473
xa.xlayout_dut.doutb__t0               1.46158
xa.xlayout_dut.vss__t24             0.00134797
xa.xlayout_dut.vss__t4             2.00142e-11
xa.xlayout_dut.ibias__t0              0.986917
xa.xlayout_dut.ibias__t1              0.988195
xa.xlayout_dut.vss__t20            0.000254896
xa.xlayout_dut.vss__t8             3.79977e-11
xa.xlayout_dut.sn__t2              1.02071e-08
xa.xlayout_dut.qn__t6                     2.97
xa.xlayout_dut.vss__t23             5.7561e-11
xa.xlayout_dut.vss__t5              7.5293e-19
xa.xlayout_dut.doutb__t1               1.46158
xa.xlayout_dut.sn__t3              1.04021e-08
xa.xlayout_dut.vss__t22            1.15608e-10
xa.xlayout_dut.vss__t6             1.89654e-11
xa.xlayout_dut.doutb__t4               1.45729
xa.xlayout_dut.dout__t4                1.45947
xa.xlayout_dut.vss__t21             0.00134129
xa.xlayout_dut.vss__t7             2.00202e-11
xa.xlayout_dut.qn__t4                     2.97
xa.xlayout_dut.qp__t0                     2.97
xa.xlayout_dut.mn__t0                     2.97
xa.xlayout_dut.vss__t9             4.67127e-11
xa.xlayout_dut.mn__t1                     2.97
xa.xlayout_dut.aop__t2                 1.41388
xa.xlayout_dut.ltail__t0               1.67792
xa.xlayout_dut.vss__t11            3.69502e-11
xa.xlayout_dut.atail__t0              0.753736
xa.xlayout_dut.ibias__t2              0.988195
xa.xlayout_dut.vss__t19            0.000493318
xa.xlayout_dut.vss__t13            4.18975e-11
xa.xlayout_dut.qp__t1                     2.97
xa.xlayout_dut.qn__t5                     2.97
xa.xlayout_dut.mp__t2                     2.97
xa.xlayout_dut.vss__t10            4.67968e-11
xa.xlayout_dut.ltail__t1               1.67792
xa.xlayout_dut.clk__t2                       0
xa.xlayout_dut.vss__t18            4.29702e-10
xa.xlayout_dut.vss__t14             1.7025e-11
xa.xlayout_dut.mp__t1                     2.97
xa.xlayout_dut.aon__t0                 2.20329
xa.xlayout_dut.ltail__t2               1.67792
xa.xlayout_dut.vss__t12            3.73207e-11
xa.xlayout_dut.aon__t1                 2.20276
xa.xlayout_dut.vinp__t0                1.62053
xa.xlayout_dut.atail__t1              0.754302
xa.xlayout_dut.vss__t15            3.90727e-10
xa.xlayout_dut.aop__t1                 1.41221
xa.xlayout_dut.vinn__t0                1.67947
xa.xlayout_dut.atail__t2              0.754688
xa.xlayout_dut.vss__t16            1.82938e-10
xa.xlayout_dut.mn__t2                     2.97
xa.xlayout_dut.clk__t0                       0
xa.xlayout_dut.vdd__t0                    2.97
xa.xlayout_dut.vdd__t1                    2.97
xa.xlayout_dut.qn__t1                     2.97
xa.xlayout_dut.clk__t1                       0
xa.xlayout_dut.vdd__t2                    2.97
xa.xlayout_dut.vdd__t3                    2.97
xa.xlayout_dut.sp__t0              1.06175e-08
xa.xlayout_dut.qp__t2                     2.97
xa.xlayout_dut.vdd__t4                    2.97
xa.xlayout_dut.vdd__t5                    2.97
xa.xlayout_dut.mp__t0                     2.97
xa.xlayout_dut.clk__t4                       0
xa.xlayout_dut.vdd__t21                   2.97
xa.xlayout_dut.vdd__t20                   2.97
xa.xlayout_dut.qn__t0                     2.97
xa.xlayout_dut.qp__t3                     2.97
xa.xlayout_dut.vdd__t6                    2.97
xa.xlayout_dut.vdd__t7                    2.97
xa.xlayout_dut.qp__t4                     2.97
xa.xlayout_dut.clk__t3                       0
xa.xlayout_dut.vdd__t19                   2.97
xa.xlayout_dut.vdd__t18                   2.97
xa.xlayout_dut.na__t1                  2.85016
xa.xlayout_dut.sp__t1              1.03358e-08
xa.xlayout_dut.vdd__t23                2.96817
xa.xlayout_dut.vdd__t8                    2.97
xa.xlayout_dut.dout__t0                1.46294
xa.xlayout_dut.doutb__t2               1.46158
xa.xlayout_dut.na__t0                  2.84847
xa.xlayout_dut.vdd__t13                   2.97
xa.xlayout_dut.sn__t0              1.07085e-08
xa.xlayout_dut.qn__t3                     2.97
xa.xlayout_dut.vdd__t17                   2.97
xa.xlayout_dut.vdd__t16                   2.97
xa.xlayout_dut.qp__t5                     2.97
xa.xlayout_dut.qn__t2                     2.97
xa.xlayout_dut.vdd__t15                   2.97
xa.xlayout_dut.vdd__t14                   2.97
xa.xlayout_dut.nb__t1                  2.85047
xa.xlayout_dut.sn__t1              1.04021e-08
xa.xlayout_dut.vdd__t22                2.96803
xa.xlayout_dut.vdd__t12                   2.97
xa.xlayout_dut.doutb__t3               1.47092
xa.xlayout_dut.dout__t1                1.45947
xa.xlayout_dut.nb__t0                   2.8461
xa.xlayout_dut.vdd__t11                   2.97
xa.xlayout_dut.aon__t2                 2.20351
xa.xlayout_dut.x$28.11                 2.20388
xa.xlayout_dut.vss__t0                       0
xa.xlayout_dut.x$28.21                 2.96878
xa.xlayout_dut.vdd__t10                2.96915
xa.xlayout_dut.aop__t0                 1.41435
xa.xlayout_dut.x$29.11                  1.4151
xa.xlayout_dut.vss__t1                       0
xa.xlayout_dut.x$29.21                 2.96856
xa.xlayout_dut.vdd__t9                 2.96932
xa.xlayout_dut.aon                     2.20329
vsubs                                        0
xa.xlayout_dut.aop                     1.41388
xa.xlayout_dut.atail                  0.754232
douta                                  1.45947
doutba                                 1.46158
xa.xlayout_dut.ltail                   1.67792
xa.xlayout_dut.mn                         2.97
xa.xlayout_dut.mp                         2.97
xa.xlayout_dut.na                      2.84932
xa.xlayout_dut.nb                      2.84828
xa.xlayout_dut.qn                         2.97
xa.xlayout_dut.qp                         2.97
xa.xlayout_dut.sn                  1.04021e-08
xa.xlayout_dut.sp                  1.03358e-08
sb                                 -0.00993718
apb                                    1.64503
anb                                    1.65497
ibnb                                  0.988195
xb.xlayout_dut.sp__t2              1.02072e-08
xb.xlayout_dut.qp__t6                     2.97
xb.xlayout_dut.vss__t17            5.76684e-11
xb.xlayout_dut.vss__t2              7.5435e-19
xb.xlayout_dut.dout__t3                1.45947
xb.xlayout_dut.sp__t3              1.03358e-08
xb.xlayout_dut.vss__t25             1.1573e-10
xb.xlayout_dut.vss__t3              1.8967e-11
xb.xlayout_dut.dout__t2                1.45473
xb.xlayout_dut.doutb__t0               1.46158
xb.xlayout_dut.vss__t24             0.00134797
xb.xlayout_dut.vss__t4             2.00142e-11
xb.xlayout_dut.ibias__t0              0.986917
xb.xlayout_dut.ibias__t1              0.988195
xb.xlayout_dut.vss__t20            0.000254896
xb.xlayout_dut.vss__t8             3.79977e-11
xb.xlayout_dut.sn__t2              1.02071e-08
xb.xlayout_dut.qn__t6                     2.97
xb.xlayout_dut.vss__t23             5.7561e-11
xb.xlayout_dut.vss__t5              7.5293e-19
xb.xlayout_dut.doutb__t1               1.46158
xb.xlayout_dut.sn__t3              1.04021e-08
xb.xlayout_dut.vss__t22            1.15608e-10
xb.xlayout_dut.vss__t6             1.89654e-11
xb.xlayout_dut.doutb__t4               1.45729
xb.xlayout_dut.dout__t4                1.45947
xb.xlayout_dut.vss__t21             0.00134129
xb.xlayout_dut.vss__t7             2.00202e-11
xb.xlayout_dut.qn__t4                     2.97
xb.xlayout_dut.qp__t0                     2.97
xb.xlayout_dut.mn__t0                     2.97
xb.xlayout_dut.vss__t9             4.67127e-11
xb.xlayout_dut.mn__t1                     2.97
xb.xlayout_dut.aop__t2                 1.74224
xb.xlayout_dut.ltail__t0                 1.413
xb.xlayout_dut.vss__t11             3.5366e-11
xb.xlayout_dut.atail__t0              0.751137
xb.xlayout_dut.ibias__t2              0.988195
xb.xlayout_dut.vss__t19            0.000493305
xb.xlayout_dut.vss__t13            4.18338e-11
xb.xlayout_dut.qp__t1                     2.97
xb.xlayout_dut.qn__t5                     2.97
xb.xlayout_dut.mp__t2                     2.97
xb.xlayout_dut.vss__t10            4.67968e-11
xb.xlayout_dut.ltail__t1                 1.413
xb.xlayout_dut.clk__t2                       0
xb.xlayout_dut.vss__t18            4.15823e-10
xb.xlayout_dut.vss__t14            1.55885e-11
xb.xlayout_dut.mp__t1                     2.97
xb.xlayout_dut.aon__t0                 1.87478
xb.xlayout_dut.ltail__t2                 1.413
xb.xlayout_dut.vss__t12            3.57225e-11
xb.xlayout_dut.aon__t1                 1.87402
xb.xlayout_dut.vinp__t0                1.64503
xb.xlayout_dut.atail__t1              0.751732
xb.xlayout_dut.vss__t15            1.91032e-10
xb.xlayout_dut.aop__t1                 1.74092
xb.xlayout_dut.vinn__t0                1.65497
xb.xlayout_dut.atail__t2              0.751992
xb.xlayout_dut.vss__t16            1.90808e-10
xb.xlayout_dut.mn__t2                     2.97
xb.xlayout_dut.clk__t0                       0
xb.xlayout_dut.vdd__t0                    2.97
xb.xlayout_dut.vdd__t1                    2.97
xb.xlayout_dut.qn__t1                     2.97
xb.xlayout_dut.clk__t1                       0
xb.xlayout_dut.vdd__t2                    2.97
xb.xlayout_dut.vdd__t3                    2.97
xb.xlayout_dut.sp__t0              1.06175e-08
xb.xlayout_dut.qp__t2                     2.97
xb.xlayout_dut.vdd__t4                    2.97
xb.xlayout_dut.vdd__t5                    2.97
xb.xlayout_dut.mp__t0                     2.97
xb.xlayout_dut.clk__t4                       0
xb.xlayout_dut.vdd__t21                   2.97
xb.xlayout_dut.vdd__t20                   2.97
xb.xlayout_dut.qn__t0                     2.97
xb.xlayout_dut.qp__t3                     2.97
xb.xlayout_dut.vdd__t6                    2.97
xb.xlayout_dut.vdd__t7                    2.97
xb.xlayout_dut.qp__t4                     2.97
xb.xlayout_dut.clk__t3                       0
xb.xlayout_dut.vdd__t19                   2.97
xb.xlayout_dut.vdd__t18                   2.97
xb.xlayout_dut.na__t1                  2.85016
xb.xlayout_dut.sp__t1              1.03358e-08
xb.xlayout_dut.vdd__t23                2.96817
xb.xlayout_dut.vdd__t8                    2.97
xb.xlayout_dut.dout__t0                1.46294
xb.xlayout_dut.doutb__t2               1.46158
xb.xlayout_dut.na__t0                  2.84847
xb.xlayout_dut.vdd__t13                   2.97
xb.xlayout_dut.sn__t0              1.07085e-08
xb.xlayout_dut.qn__t3                     2.97
xb.xlayout_dut.vdd__t17                   2.97
xb.xlayout_dut.vdd__t16                   2.97
xb.xlayout_dut.qp__t5                     2.97
xb.xlayout_dut.qn__t2                     2.97
xb.xlayout_dut.vdd__t15                   2.97
xb.xlayout_dut.vdd__t14                   2.97
xb.xlayout_dut.nb__t1                  2.85047
xb.xlayout_dut.sn__t1              1.04021e-08
xb.xlayout_dut.vdd__t22                2.96803
xb.xlayout_dut.vdd__t12                   2.97
xb.xlayout_dut.doutb__t3               1.47092
xb.xlayout_dut.dout__t1                1.45947
xb.xlayout_dut.nb__t0                   2.8461
xb.xlayout_dut.vdd__t11                   2.97
xb.xlayout_dut.aon__t2                 1.87509
xb.xlayout_dut.x$28.11                 1.87562
xb.xlayout_dut.vss__t0                       0
xb.xlayout_dut.x$28.21                 2.96826
xb.xlayout_dut.vdd__t10                2.96879
xb.xlayout_dut.aop__t0                 1.74261
xb.xlayout_dut.x$29.11                  1.7432
xb.xlayout_dut.vss__t1                       0
xb.xlayout_dut.x$29.21                 2.96887
xb.xlayout_dut.vdd__t9                 2.96946
xb.xlayout_dut.aon                     1.87478
xb.xlayout_dut.aop                     1.74224
xb.xlayout_dut.atail                  0.751633
doutb                                  1.45947
doutbb                                 1.46158
xb.xlayout_dut.ltail                     1.413
xb.xlayout_dut.mn                         2.97
xb.xlayout_dut.mp                         2.97
xb.xlayout_dut.na                      2.84932
xb.xlayout_dut.nb                      2.84828
xb.xlayout_dut.qn                         2.97
xb.xlayout_dut.qp                         2.97
xb.xlayout_dut.sn                  1.04021e-08
xb.xlayout_dut.sp                  1.03358e-08
sc                                 -0.00903718
apc                                    1.64548
anc                                    1.65452
ibnc                                  0.988195
xc.xlayout_dut.sp__t2              1.02072e-08
xc.xlayout_dut.qp__t6                     2.97
xc.xlayout_dut.vss__t17            5.76684e-11
xc.xlayout_dut.vss__t2              7.5435e-19
xc.xlayout_dut.dout__t3                1.45947
xc.xlayout_dut.sp__t3              1.03358e-08
xc.xlayout_dut.vss__t25             1.1573e-10
xc.xlayout_dut.vss__t3              1.8967e-11
xc.xlayout_dut.dout__t2                1.45473
xc.xlayout_dut.doutb__t0               1.46158
xc.xlayout_dut.vss__t24             0.00134797
xc.xlayout_dut.vss__t4             2.00142e-11
xc.xlayout_dut.ibias__t0              0.986917
xc.xlayout_dut.ibias__t1              0.988195
xc.xlayout_dut.vss__t20            0.000254896
xc.xlayout_dut.vss__t8             3.79977e-11
xc.xlayout_dut.sn__t2              1.02071e-08
xc.xlayout_dut.qn__t6                     2.97
xc.xlayout_dut.vss__t23             5.7561e-11
xc.xlayout_dut.vss__t5              7.5293e-19
xc.xlayout_dut.doutb__t1               1.46158
xc.xlayout_dut.sn__t3              1.04021e-08
xc.xlayout_dut.vss__t22            1.15608e-10
xc.xlayout_dut.vss__t6             1.89654e-11
xc.xlayout_dut.doutb__t4               1.45729
xc.xlayout_dut.dout__t4                1.45947
xc.xlayout_dut.vss__t21             0.00134129
xc.xlayout_dut.vss__t7             2.00202e-11
xc.xlayout_dut.qn__t4                     2.97
xc.xlayout_dut.qp__t0                     2.97
xc.xlayout_dut.mn__t0                     2.97
xc.xlayout_dut.vss__t9             4.67127e-11
xc.xlayout_dut.mn__t1                     2.97
xc.xlayout_dut.aop__t2                 1.74846
xc.xlayout_dut.ltail__t0                1.4085
xc.xlayout_dut.vss__t11            3.53391e-11
xc.xlayout_dut.atail__t0              0.751124
xc.xlayout_dut.ibias__t2              0.988195
xc.xlayout_dut.vss__t19            0.000493305
xc.xlayout_dut.vss__t13            4.18335e-11
xc.xlayout_dut.qp__t1                     2.97
xc.xlayout_dut.qn__t5                     2.97
xc.xlayout_dut.mp__t2                     2.97
xc.xlayout_dut.vss__t10            4.67968e-11
xc.xlayout_dut.ltail__t1                1.4085
xc.xlayout_dut.clk__t2                       0
xc.xlayout_dut.vss__t18            4.15586e-10
xc.xlayout_dut.vss__t14            1.55642e-11
xc.xlayout_dut.mp__t1                     2.97
xc.xlayout_dut.aon__t0                 1.86856
xc.xlayout_dut.ltail__t2                1.4085
xc.xlayout_dut.vss__t12            3.56954e-11
xc.xlayout_dut.aon__t1                 1.86779
xc.xlayout_dut.vinp__t0                1.64548
xc.xlayout_dut.atail__t1              0.751721
xc.xlayout_dut.vss__t15            1.90802e-10
xc.xlayout_dut.aop__t1                 1.74715
xc.xlayout_dut.vinn__t0                1.65452
xc.xlayout_dut.atail__t2              0.751978
xc.xlayout_dut.vss__t16            1.90961e-10
xc.xlayout_dut.mn__t2                     2.97
xc.xlayout_dut.clk__t0                       0
xc.xlayout_dut.vdd__t0                    2.97
xc.xlayout_dut.vdd__t1                    2.97
xc.xlayout_dut.qn__t1                     2.97
xc.xlayout_dut.clk__t1                       0
xc.xlayout_dut.vdd__t2                    2.97
xc.xlayout_dut.vdd__t3                    2.97
xc.xlayout_dut.sp__t0              1.06175e-08
xc.xlayout_dut.qp__t2                     2.97
xc.xlayout_dut.vdd__t4                    2.97
xc.xlayout_dut.vdd__t5                    2.97
xc.xlayout_dut.mp__t0                     2.97
xc.xlayout_dut.clk__t4                       0
xc.xlayout_dut.vdd__t21                   2.97
xc.xlayout_dut.vdd__t20                   2.97
xc.xlayout_dut.qn__t0                     2.97
xc.xlayout_dut.qp__t3                     2.97
xc.xlayout_dut.vdd__t6                    2.97
xc.xlayout_dut.vdd__t7                    2.97
xc.xlayout_dut.qp__t4                     2.97
xc.xlayout_dut.clk__t3                       0
xc.xlayout_dut.vdd__t19                   2.97
xc.xlayout_dut.vdd__t18                   2.97
xc.xlayout_dut.na__t1                  2.85016
xc.xlayout_dut.sp__t1              1.03358e-08
xc.xlayout_dut.vdd__t23                2.96817
xc.xlayout_dut.vdd__t8                    2.97
xc.xlayout_dut.dout__t0                1.46294
xc.xlayout_dut.doutb__t2               1.46158
xc.xlayout_dut.na__t0                  2.84847
xc.xlayout_dut.vdd__t13                   2.97
xc.xlayout_dut.sn__t0              1.07085e-08
xc.xlayout_dut.qn__t3                     2.97
xc.xlayout_dut.vdd__t17                   2.97
xc.xlayout_dut.vdd__t16                   2.97
xc.xlayout_dut.qp__t5                     2.97
xc.xlayout_dut.qn__t2                     2.97
xc.xlayout_dut.vdd__t15                   2.97
xc.xlayout_dut.vdd__t14                   2.97
xc.xlayout_dut.nb__t1                  2.85047
xc.xlayout_dut.sn__t1              1.04021e-08
xc.xlayout_dut.vdd__t22                2.96803
xc.xlayout_dut.vdd__t12                   2.97
xc.xlayout_dut.doutb__t3               1.47092
xc.xlayout_dut.dout__t1                1.45947
xc.xlayout_dut.nb__t0                   2.8461
xc.xlayout_dut.vdd__t11                   2.97
xc.xlayout_dut.aon__t2                 1.86887
xc.xlayout_dut.x$28.11                  1.8694
xc.xlayout_dut.vss__t0                       0
xc.xlayout_dut.x$28.21                 2.96825
xc.xlayout_dut.vdd__t10                2.96878
xc.xlayout_dut.aop__t0                 1.74883
xc.xlayout_dut.x$29.11                 1.74942
xc.xlayout_dut.vss__t1                       0
xc.xlayout_dut.x$29.21                 2.96887
xc.xlayout_dut.vdd__t9                 2.96946
xc.xlayout_dut.aon                     1.86856
xc.xlayout_dut.aop                     1.74846
xc.xlayout_dut.atail                   0.75162
doutc                                  1.45947
doutbc                                 1.46158
xc.xlayout_dut.ltail                    1.4085
xc.xlayout_dut.mn                         2.97
xc.xlayout_dut.mp                         2.97
xc.xlayout_dut.na                      2.84932
xc.xlayout_dut.nb                      2.84828
xc.xlayout_dut.qn                         2.97
xc.xlayout_dut.qp                         2.97
xc.xlayout_dut.sn                  1.04021e-08
xc.xlayout_dut.sp                  1.03358e-08
clkn                                         0
dan                                   0.491403
dbn                                   0.491403
dcn                                   0.491403
bdcn#branch                                  0
bdbn#branch                                  0
bdan#branch                                  0
bclkn#branch                                 0
eanc#branch                        1.12096e-18
eapc#branch                        3.92636e-19
eanb#branch                        7.12087e-20
eapb#branch                       -3.49524e-19
eana#branch                       -9.88137e-20
eapa#branch                       -1.79501e-19
vsc#branch                                   0
vsb#branch                                   0
vsa#branch                                   0
vcm#branch                          9.5697e-19
vclk#branch                                  0
vsupa#branch                      -0.000258657
vsup#branch                       -0.000517313

 Reference value :  6.81400e-10
 Reference value :  3.47640e-09
 Reference value :  6.50140e-09
 Reference value :  9.53640e-09
 Reference value :  1.21315e-08
 Reference value :  1.49715e-08
 Reference value :  1.77665e-08
 Reference value :  2.04533e-08
 Reference value :  2.32175e-08
 Reference value :  2.61475e-08
 Reference value :  2.89425e-08
 Reference value :  3.18425e-08
 Reference value :  3.46725e-08
 Reference value :  3.73675e-08
 Reference value :  4.03965e-08
 Reference value :  4.32365e-08
 Reference value :  4.61865e-08
 Reference value :  4.92915e-08
 Reference value :  5.19633e-08
 Reference value :  5.48633e-08
 Reference value :  5.75883e-08
No. of Data Rows : 12046
vsup_v              =  2.97000e+00
td_a                =  1.59229e-09 targ=  4.16423e-08 trig=  4.00500e-08
td_b                =  2.06413e-09 targ=  4.21141e-08 trig=  4.00500e-08
td_c                =  2.39324e-09 targ=  4.24432e-08 trig=  4.00500e-08
da_first            =  2.71423e-05
db_first            =  2.33927e-05
dc_first            =  2.18910e-05
da_end              =  9.99951e-01
db_end              =  9.99951e-01
dc_end              =  9.99951e-01
i_stat              =  -2.89152e-05 from=  2.50000e-08 to=  2.90025e-08
q_dec               =  -7.63866e-13 from=  3.99000e-08 to=  4.80000e-08
m_td_od50_ns = 1.5922890000e+00
m_td_od1_ns = 2.0641320000e+00
m_td_od01_ns = 2.3932380000e+00
m_tau_ps = 1.4292891976e+02
m_resolve_decades = 1.4441667952e+01
m_dout_od50_end = 9.9995090000e-01
m_dout_od1_end = 9.9995090000e-01
m_dout_od01_end = 9.9995090000e-01
m_dout_od50_first = 2.7142280000e-05
m_dout_od1_first = 2.3392720000e-05
m_dout_od01_first = 2.1891050000e-05
m_i_static_ua = 2.8915170000e+01
m_e_dec_fj = 1.5730694783e+03
Note: Simulation executed from .control section 

Warning: m=xx on .subckt line will override multiplier m hierarchy!

Note: Starting dynamic gmin stepping
Note: Dynamic gmin stepping completed
