
Note: Compatibility modes selected: hs a


Circuit: * comparator-regeneration-vosprobe @ tt_125c_2.97v -- generated by sim/harness, do not edit

Doing analysis at TEMP = 125.000000 and TNOM = 27.000000

Using SPARSE 1.3 as Direct Linear Solver

Initial Transient Solution
--------------------------

Node                                   Voltage
----                                   -------
vdd                                       2.97
cm                                        1.65
clk                                          0
rmp                                      -0.04
vp                                        1.63
vn                                        1.67
ibn                                   0.988195
xdut.xlayout_dut.sp__t2            1.02072e-08
xdut.xlayout_dut.qp__t6                   2.97
xdut.xlayout_dut.vss__t17          5.76684e-11
xdut.xlayout_dut.vss__t2            7.5435e-19
xdut.xlayout_dut.dout__t3              1.45947
xdut.xlayout_dut.sp__t3            1.03358e-08
xdut.xlayout_dut.vss__t25           1.1573e-10
xdut.xlayout_dut.vss__t3            1.8967e-11
xdut.xlayout_dut.dout__t2              1.45473
xdut.xlayout_dut.doutb__t0             1.46158
xdut.xlayout_dut.vss__t24           0.00134797
xdut.xlayout_dut.vss__t4           2.00142e-11
xdut.xlayout_dut.ibias__t0            0.986917
xdut.xlayout_dut.ibias__t1            0.988195
xdut.xlayout_dut.vss__t20          0.000254896
xdut.xlayout_dut.vss__t8           3.79977e-11
xdut.xlayout_dut.sn__t2            1.02071e-08
xdut.xlayout_dut.qn__t6                   2.97
xdut.xlayout_dut.vss__t23           5.7561e-11
xdut.xlayout_dut.vss__t5            7.5293e-19
xdut.xlayout_dut.doutb__t1             1.46158
xdut.xlayout_dut.sn__t3            1.04021e-08
xdut.xlayout_dut.vss__t22          1.15608e-10
xdut.xlayout_dut.vss__t6           1.89654e-11
xdut.xlayout_dut.doutb__t4             1.45729
xdut.xlayout_dut.dout__t4              1.45947
xdut.xlayout_dut.vss__t21           0.00134129
xdut.xlayout_dut.vss__t7           2.00202e-11
xdut.xlayout_dut.qn__t4                   2.97
xdut.xlayout_dut.qp__t0                   2.97
xdut.xlayout_dut.mn__t0                   2.97
xdut.xlayout_dut.vss__t9           4.67127e-11
xdut.xlayout_dut.mn__t1                   2.97
xdut.xlayout_dut.aop__t2               1.53749
xdut.xlayout_dut.ltail__t0             1.57721
xdut.xlayout_dut.vss__t11          3.63479e-11
xdut.xlayout_dut.atail__t0            0.752283
xdut.xlayout_dut.ibias__t2            0.988195
xdut.xlayout_dut.vss__t19          0.000493311
xdut.xlayout_dut.vss__t13          4.18619e-11
xdut.xlayout_dut.qp__t1                   2.97
xdut.xlayout_dut.qn__t5                   2.97
xdut.xlayout_dut.mp__t2                   2.97
xdut.xlayout_dut.vss__t10          4.67968e-11
xdut.xlayout_dut.ltail__t1             1.57721
xdut.xlayout_dut.clk__t2                     0
xdut.xlayout_dut.vss__t18          4.24426e-10
xdut.xlayout_dut.vss__t14          1.64774e-11
xdut.xlayout_dut.mp__t1                   2.97
xdut.xlayout_dut.aon__t0               2.07964
xdut.xlayout_dut.ltail__t2             1.57721
xdut.xlayout_dut.vss__t12          3.67127e-11
xdut.xlayout_dut.aon__t1               2.07901
xdut.xlayout_dut.vinp__t0                 1.63
xdut.xlayout_dut.atail__t1             0.75286
xdut.xlayout_dut.vss__t15          2.28454e-10
xdut.xlayout_dut.aop__t1               1.53596
xdut.xlayout_dut.vinn__t0                 1.67
xdut.xlayout_dut.atail__t2            0.753198
xdut.xlayout_dut.vss__t16          1.85884e-10
xdut.xlayout_dut.mn__t2                   2.97
xdut.xlayout_dut.clk__t0                     0
xdut.xlayout_dut.vdd__t0                  2.97
xdut.xlayout_dut.vdd__t1                  2.97
xdut.xlayout_dut.qn__t1                   2.97
xdut.xlayout_dut.clk__t1                     0
xdut.xlayout_dut.vdd__t2                  2.97
xdut.xlayout_dut.vdd__t3                  2.97
xdut.xlayout_dut.sp__t0            1.06175e-08
xdut.xlayout_dut.qp__t2                   2.97
xdut.xlayout_dut.vdd__t4                  2.97
xdut.xlayout_dut.vdd__t5                  2.97
xdut.xlayout_dut.mp__t0                   2.97
xdut.xlayout_dut.clk__t4                     0
xdut.xlayout_dut.vdd__t21                 2.97
xdut.xlayout_dut.vdd__t20                 2.97
xdut.xlayout_dut.qn__t0                   2.97
xdut.xlayout_dut.qp__t3                   2.97
xdut.xlayout_dut.vdd__t6                  2.97
xdut.xlayout_dut.vdd__t7                  2.97
xdut.xlayout_dut.qp__t4                   2.97
xdut.xlayout_dut.clk__t3                     0
xdut.xlayout_dut.vdd__t19                 2.97
xdut.xlayout_dut.vdd__t18                 2.97
xdut.xlayout_dut.na__t1                2.85016
xdut.xlayout_dut.sp__t1            1.03358e-08
xdut.xlayout_dut.vdd__t23              2.96817
xdut.xlayout_dut.vdd__t8                  2.97
xdut.xlayout_dut.dout__t0              1.46294
xdut.xlayout_dut.doutb__t2             1.46158
xdut.xlayout_dut.na__t0                2.84847
xdut.xlayout_dut.vdd__t13                 2.97
xdut.xlayout_dut.sn__t0            1.07085e-08
xdut.xlayout_dut.qn__t3                   2.97
xdut.xlayout_dut.vdd__t17                 2.97
xdut.xlayout_dut.vdd__t16                 2.97
xdut.xlayout_dut.qp__t5                   2.97
xdut.xlayout_dut.qn__t2                   2.97
xdut.xlayout_dut.vdd__t15                 2.97
xdut.xlayout_dut.vdd__t14                 2.97
xdut.xlayout_dut.nb__t1                2.85047
xdut.xlayout_dut.sn__t1            1.04021e-08
xdut.xlayout_dut.vdd__t22              2.96803
xdut.xlayout_dut.vdd__t12                 2.97
xdut.xlayout_dut.doutb__t3             1.47092
xdut.xlayout_dut.dout__t1              1.45947
xdut.xlayout_dut.nb__t0                 2.8461
xdut.xlayout_dut.vdd__t11                 2.97
xdut.xlayout_dut.aon__t2               2.07989
xdut.xlayout_dut.x$28.11               2.08032
xdut.xlayout_dut.vss__t0                     0
xdut.xlayout_dut.x$28.21               2.96858
xdut.xlayout_dut.vdd__t10              2.96901
xdut.xlayout_dut.aop__t0               1.53792
xdut.xlayout_dut.x$29.11               1.53862
xdut.xlayout_dut.vss__t1                     0
xdut.xlayout_dut.x$29.21               2.96868
xdut.xlayout_dut.vdd__t9               2.96937
xdut.xlayout_dut.aon                   2.07964
vsubs                                        0
xdut.xlayout_dut.aop                   1.53749
xdut.xlayout_dut.atail                0.752779
dout                                   1.45947
doutb                                  1.46158
xdut.xlayout_dut.ltail                 1.57721
xdut.xlayout_dut.mn                       2.97
xdut.xlayout_dut.mp                       2.97
xdut.xlayout_dut.na                    2.84932
xdut.xlayout_dut.nb                    2.84828
xdut.xlayout_dut.qn                       2.97
xdut.xlayout_dut.qp                       2.97
xdut.xlayout_dut.sn                1.04021e-08
xdut.xlayout_dut.sp                1.03358e-08
dn                                    0.491403
bdn#branch                                   0
bnn#branch                         1.17161e-18
bpp#branch                          3.4199e-19
vrmp#branch                                  0
vclk#branch                                  0
vcm#branch                                   0
vsup#branch                       -0.000258657

 Reference value :  1.41860e-07
 Reference value :  4.60102e-07
 Reference value :  7.40681e-07
 Reference value :  1.06015e-06
 Reference value :  1.36198e-06
 Reference value :  1.66009e-06
 Reference value :  1.97095e-06
 Reference value :  2.29019e-06
 Reference value :  2.57164e-06
 Reference value :  2.89104e-06
 Reference value :  3.19011e-06
 Reference value :  3.50034e-06
 Reference value :  3.80040e-06
 Reference value :  4.15089e-06
 Reference value :  4.49013e-06
 Reference value :  4.78124e-06
 Reference value :  5.06069e-06
 Reference value :  5.36010e-06
 Reference value :  5.66014e-06
 Reference value :  5.96021e-06
 Reference value :  6.28084e-06
 Reference value :  6.59173e-06
 Reference value :  6.89671e-06
 Reference value :  7.19205e-06
 Reference value :  7.48058e-06
 Reference value :  7.78012e-06
 Reference value :  8.08086e-06
 Reference value :  8.38017e-06
 Reference value :  8.68012e-06
 Reference value :  8.98008e-06
 Reference value :  9.29020e-06
 Reference value :  9.58238e-06
 Reference value :  9.91068e-06
 Reference value :  1.02107e-05
 Reference value :  1.05118e-05
 Reference value :  1.08101e-05
 Reference value :  1.11100e-05
 Reference value :  1.14109e-05
 Reference value :  1.17424e-05
 Reference value :  1.20535e-05
 Reference value :  1.23706e-05
 Reference value :  1.26713e-05
 Reference value :  1.29704e-05
 Reference value :  1.32808e-05
 Reference value :  1.36001e-05
 Reference value :  1.39007e-05
 Reference value :  1.42109e-05
 Reference value :  1.45123e-05
 Reference value :  1.48339e-05
 Reference value :  1.51310e-05
 Reference value :  1.54401e-05
 Reference value :  1.57312e-05
 Reference value :  1.60308e-05
 Reference value :  1.64302e-05
 Reference value :  1.67500e-05
 Reference value :  1.70302e-05
 Reference value :  1.73006e-05
 Reference value :  1.76013e-05
 Reference value :  1.79201e-05
 Reference value :  1.82348e-05
 Reference value :  1.85510e-05
 Reference value :  1.88601e-05
 Reference value :  1.91522e-05
 Reference value :  1.94603e-05
 Reference value :  1.97511e-05
 Reference value :  2.00802e-05
 Reference value :  2.04102e-05
 Reference value :  2.08109e-05
 Reference value :  2.11306e-05
 Reference value :  2.14402e-05
 Reference value :  2.17561e-05
 Reference value :  2.20601e-05
 Reference value :  2.23334e-05
 Reference value :  2.26403e-05
 Reference value :  2.29302e-05
 Reference value :  2.32308e-05
 Reference value :  2.35107e-05
 Reference value :  2.38102e-05
 Reference value :  2.41019e-05
 Reference value :  2.44107e-05
 Reference value :  2.47011e-05
 Reference value :  2.49811e-05
 Reference value :  2.52712e-05
 Reference value :  2.55720e-05
 Reference value :  2.58802e-05
 Reference value :  2.62002e-05
 Reference value :  2.65000e-05
 Reference value :  2.68114e-05
 Reference value :  2.71402e-05
 Reference value :  2.74381e-05
 Reference value :  2.77413e-05
 Reference value :  2.81001e-05
 Reference value :  2.84302e-05
 Reference value :  2.87304e-05
 Reference value :  2.90304e-05
 Reference value :  2.93510e-05
 Reference value :  2.96514e-05
 Reference value :  2.99605e-05
 Reference value :  3.02602e-05
 Reference value :  3.05601e-05
 Reference value :  3.08399e-05
 Reference value :  3.11003e-05
 Reference value :  3.13702e-05
 Reference value :  3.16601e-05
 Reference value :  3.19316e-05
 Reference value :  3.22111e-05
 Reference value :  3.24803e-05
 Reference value :  3.27504e-05
 Reference value :  3.30230e-05
 Reference value :  3.33101e-05
 Reference value :  3.35902e-05
 Reference value :  3.38801e-05
 Reference value :  3.41611e-05
 Reference value :  3.44602e-05
 Reference value :  3.47514e-05
 Reference value :  3.50308e-05
 Reference value :  3.53011e-05
 Reference value :  3.56011e-05
 Reference value :  3.58902e-05
 Reference value :  3.61902e-05
 Reference value :  3.64603e-05
 Reference value :  3.67312e-05
 Reference value :  3.70107e-05
 Reference value :  3.73101e-05
 Reference value :  3.76007e-05
 Reference value :  3.78813e-05
 Reference value :  3.81711e-05
 Reference value :  3.84429e-05
 Reference value :  3.87227e-05
 Reference value :  3.90202e-05
 Reference value :  3.93101e-05
 Reference value :  3.95902e-05
 Reference value :  3.98801e-05
 Reference value :  4.01801e-05
 Reference value :  4.04607e-05
 Reference value :  4.07507e-05
 Reference value :  4.10441e-05
 Reference value :  4.13202e-05
 Reference value :  4.16001e-05
 Reference value :  4.18708e-05
 Reference value :  4.21702e-05
 Reference value :  4.24628e-05
 Reference value :  4.27601e-05
 Reference value :  4.30402e-05
 Reference value :  4.33308e-05
 Reference value :  4.36302e-05
 Reference value :  4.39004e-05
 Reference value :  4.41802e-05
 Reference value :  4.44503e-05
 Reference value :  4.47213e-05
 Reference value :  4.49911e-05
 Reference value :  4.53111e-05
 Reference value :  4.55830e-05
 Reference value :  4.58500e-05
 Reference value :  4.61006e-05
 Reference value :  4.63713e-05
 Reference value :  4.66671e-05
 Reference value :  4.69901e-05
 Reference value :  4.72900e-05
 Reference value :  4.75702e-05
 Reference value :  4.78444e-05
 Reference value :  4.81311e-05
 Reference value :  4.84113e-05
 Reference value :  4.87103e-05
 Reference value :  4.90302e-05
 Reference value :  4.93102e-05
 Reference value :  4.96106e-05
 Reference value :  4.99002e-05
 Reference value :  5.02005e-05
 Reference value :  5.04802e-05
 Reference value :  5.07705e-05
 Reference value :  5.10506e-05
 Reference value :  5.13401e-05
 Reference value :  5.16206e-05
 Reference value :  5.19105e-05
 Reference value :  5.22101e-05
 Reference value :  5.24902e-05
 Reference value :  5.27622e-05
 Reference value :  5.30609e-05
 Reference value :  5.33602e-05
 Reference value :  5.36602e-05
 Reference value :  5.39644e-05
 Reference value :  5.42509e-05
 Reference value :  5.45512e-05
 Reference value :  5.48504e-05
 Reference value :  5.51527e-05
 Reference value :  5.54508e-05
 Reference value :  5.57316e-05
 Reference value :  5.60902e-05
 Reference value :  5.63902e-05
 Reference value :  5.66805e-05
 Reference value :  5.69611e-05
 Reference value :  5.72612e-05
 Reference value :  5.75614e-05
 Reference value :  5.78814e-05
 Reference value :  5.82041e-05
 Reference value :  5.84910e-05
 Reference value :  5.87905e-05
 Reference value :  5.90902e-05
 Reference value :  5.93696e-05
 Reference value :  5.96608e-05
 Reference value :  5.99601e-05
 Reference value :  6.02699e-05
 Reference value :  6.05602e-05
 Reference value :  6.08602e-05
 Reference value :  6.11611e-05
 Reference value :  6.14613e-05
 Reference value :  6.17618e-05
 Reference value :  6.20609e-05
 Reference value :  6.23605e-05
 Reference value :  6.26602e-05
 Reference value :  6.29506e-05
 Reference value :  6.32505e-05
 Reference value :  6.35507e-05
 Reference value :  6.38308e-05
 Reference value :  6.41302e-05
 Reference value :  6.44202e-05
 Reference value :  6.47006e-05
 Reference value :  6.49966e-05
 Reference value :  6.52797e-05
 Reference value :  6.56010e-05
 Reference value :  6.58906e-05
 Reference value :  6.61904e-05
 Reference value :  6.64901e-05
 Reference value :  6.67708e-05
 Reference value :  6.70727e-05
 Reference value :  6.73702e-05
 Reference value :  6.77207e-05
 Reference value :  6.80011e-05
 Reference value :  6.83008e-05
 Reference value :  6.85901e-05
 Reference value :  6.88611e-05
 Reference value :  6.91608e-05
 Reference value :  6.94605e-05
 Reference value :  6.97901e-05
 Reference value :  7.00912e-05
 Reference value :  7.03708e-05
 Reference value :  7.06610e-05
 Reference value :  7.09604e-05
 Reference value :  7.12601e-05
 Reference value :  7.15498e-05
 Reference value :  7.18314e-05
 Reference value :  7.21313e-05
 Reference value :  7.24301e-05
 Reference value :  7.27111e-05
 Reference value :  7.30301e-05
 Reference value :  7.33113e-05
 Reference value :  7.36020e-05
 Reference value :  7.39006e-05
 Reference value :  7.41827e-05
 Reference value :  7.44802e-05
 Reference value :  7.47701e-05
 Reference value :  7.50701e-05
 Reference value :  7.53701e-05
 Reference value :  7.56413e-05
 Reference value :  7.59507e-05
 Reference value :  7.62415e-05
 Reference value :  7.65502e-05
 Reference value :  7.68501e-05
 Reference value :  7.71410e-05
 Reference value :  7.74406e-05
 Reference value :  7.77407e-05
 Reference value :  7.80409e-05
 Reference value :  7.83403e-05
 Reference value :  7.86403e-05
 Reference value :  7.90004e-05
 Reference value :  7.93009e-05
 Reference value :  7.96014e-05
 Reference value :  7.99000e-05
No. of Data Rows : 273165
t_flip              =  3.10628e-05
vos_v               =  -8.93718e-03
m_dut_vos = -8.937180000e-03
Note: Simulation executed from .control section 

Warning: m=xx on .subckt line will override multiplier m hierarchy!

Note: Starting dynamic gmin stepping
Note: Dynamic gmin stepping completed
