
Note: Compatibility modes selected: hs a


Circuit: * comparator-regeneration @ tt_27c_3.30v -- generated by sim/harness, do not edit

Doing analysis at TEMP = 27.000000 and TNOM = 27.000000

Using SPARSE 1.3 as Direct Linear Solver

Initial Transient Solution
--------------------------

Node                                   Voltage
----                                   -------
vdd                                        3.3
vdda                                       3.3
clk                                          0
cm                                        1.65
sa                                  -0.0582181
apa                                    1.62089
ana                                    1.67911
ibna                                   1.00167
xa.xlayout_dut.sp__t2              4.31139e-09
xa.xlayout_dut.qp__t6                      3.3
xa.xlayout_dut.vss__t17            3.42067e-11
xa.xlayout_dut.vss__t2             4.11322e-20
xa.xlayout_dut.dout__t3                1.61162
xa.xlayout_dut.sp__t3              4.38767e-09
xa.xlayout_dut.vss__t25            1.56155e-13
xa.xlayout_dut.vss__t3             1.80458e-11
xa.xlayout_dut.dout__t2                1.60455
xa.xlayout_dut.doutb__t0               1.61476
xa.xlayout_dut.vss__t24             0.00201212
xa.xlayout_dut.vss__t4             2.03646e-11
xa.xlayout_dut.ibias__t0               1.00039
xa.xlayout_dut.ibias__t1               1.00167
xa.xlayout_dut.vss__t20            0.000254896
xa.xlayout_dut.vss__t8             2.55062e-11
xa.xlayout_dut.sn__t2              4.31133e-09
xa.xlayout_dut.qn__t6                      3.3
xa.xlayout_dut.vss__t23            3.41431e-11
xa.xlayout_dut.vss__t5             4.10544e-20
xa.xlayout_dut.doutb__t1               1.61476
xa.xlayout_dut.sn__t3              4.42702e-09
xa.xlayout_dut.vss__t22            1.56024e-13
xa.xlayout_dut.vss__t6             1.80569e-11
xa.xlayout_dut.doutb__t4               1.60836
xa.xlayout_dut.dout__t4                1.61162
xa.xlayout_dut.vss__t21             0.00199948
xa.xlayout_dut.vss__t7             2.05909e-11
xa.xlayout_dut.qn__t4                      3.3
xa.xlayout_dut.qp__t0                      3.3
xa.xlayout_dut.mn__t0                      3.3
xa.xlayout_dut.vss__t9             4.33209e-11
xa.xlayout_dut.mn__t1                      3.3
xa.xlayout_dut.aop__t2                 1.54769
xa.xlayout_dut.ltail__t0               1.87061
xa.xlayout_dut.vss__t11            3.09219e-11
xa.xlayout_dut.atail__t0              0.692872
xa.xlayout_dut.ibias__t2               1.00167
xa.xlayout_dut.vss__t19             0.00049624
xa.xlayout_dut.vss__t13            1.69897e-11
xa.xlayout_dut.qp__t1                      3.3
xa.xlayout_dut.qn__t5                      3.3
xa.xlayout_dut.mp__t2                      3.3
xa.xlayout_dut.vss__t10            4.33989e-11
xa.xlayout_dut.ltail__t1               1.87061
xa.xlayout_dut.clk__t2                       0
xa.xlayout_dut.vss__t18            6.76264e-13
xa.xlayout_dut.vss__t14            1.01027e-11
xa.xlayout_dut.mp__t1                      3.3
xa.xlayout_dut.aon__t0                 2.54681
xa.xlayout_dut.ltail__t2               1.87061
xa.xlayout_dut.vss__t12            3.12319e-11
xa.xlayout_dut.aon__t1                 2.54632
xa.xlayout_dut.vinp__t0                1.62089
xa.xlayout_dut.atail__t1              0.693435
xa.xlayout_dut.vss__t15            1.50912e-08
xa.xlayout_dut.aop__t1                 1.54594
xa.xlayout_dut.vinn__t0                1.67911
xa.xlayout_dut.atail__t2              0.693849
xa.xlayout_dut.vss__t16            5.39761e-11
xa.xlayout_dut.mn__t2                      3.3
xa.xlayout_dut.clk__t0                       0
xa.xlayout_dut.vdd__t0                     3.3
xa.xlayout_dut.vdd__t1                     3.3
xa.xlayout_dut.qn__t1                      3.3
xa.xlayout_dut.clk__t1                       0
xa.xlayout_dut.vdd__t2                     3.3
xa.xlayout_dut.vdd__t3                     3.3
xa.xlayout_dut.sp__t0               4.5548e-09
xa.xlayout_dut.qp__t2                      3.3
xa.xlayout_dut.vdd__t4                     3.3
xa.xlayout_dut.vdd__t5                     3.3
xa.xlayout_dut.mp__t0                      3.3
xa.xlayout_dut.clk__t4                       0
xa.xlayout_dut.vdd__t21                    3.3
xa.xlayout_dut.vdd__t20                    3.3
xa.xlayout_dut.qn__t0                      3.3
xa.xlayout_dut.qp__t3                      3.3
xa.xlayout_dut.vdd__t6                     3.3
xa.xlayout_dut.vdd__t7                     3.3
xa.xlayout_dut.qp__t4                      3.3
xa.xlayout_dut.clk__t3                       0
xa.xlayout_dut.vdd__t19                    3.3
xa.xlayout_dut.vdd__t18                    3.3
xa.xlayout_dut.na__t1                  3.16701
xa.xlayout_dut.sp__t1              4.38767e-09
xa.xlayout_dut.vdd__t23                3.29728
xa.xlayout_dut.vdd__t8                     3.3
xa.xlayout_dut.dout__t0                1.61681
xa.xlayout_dut.doutb__t2               1.61476
xa.xlayout_dut.na__t0                  3.16448
xa.xlayout_dut.vdd__t13                    3.3
xa.xlayout_dut.sn__t0              4.60878e-09
xa.xlayout_dut.qn__t3                      3.3
xa.xlayout_dut.vdd__t17                    3.3
xa.xlayout_dut.vdd__t16                    3.3
xa.xlayout_dut.qp__t5                      3.3
xa.xlayout_dut.qn__t2                      3.3
xa.xlayout_dut.vdd__t15                    3.3
xa.xlayout_dut.vdd__t14                    3.3
xa.xlayout_dut.nb__t1                  3.16747
xa.xlayout_dut.sn__t1              4.42702e-09
xa.xlayout_dut.vdd__t22                3.29706
xa.xlayout_dut.vdd__t12                    3.3
xa.xlayout_dut.doutb__t3               1.62868
xa.xlayout_dut.dout__t1                1.61162
xa.xlayout_dut.nb__t0                  3.16096
xa.xlayout_dut.vdd__t11                    3.3
xa.xlayout_dut.aon__t2                 2.54701
xa.xlayout_dut.x$28.11                 2.54754
xa.xlayout_dut.vss__t0                       0
xa.xlayout_dut.x$28.21                 3.29869
xa.xlayout_dut.vdd__t10                3.29922
xa.xlayout_dut.aop__t0                 1.54819
xa.xlayout_dut.x$29.11                 1.54941
xa.xlayout_dut.vss__t1                       0
xa.xlayout_dut.x$29.21                 3.29805
xa.xlayout_dut.vdd__t9                 3.29928
xa.xlayout_dut.aon                     2.54681
vsubs                                        0
xa.xlayout_dut.aop                     1.54769
xa.xlayout_dut.atail                  0.693371
douta                                  1.61162
doutba                                 1.61476
xa.xlayout_dut.ltail                   1.87061
xa.xlayout_dut.mn                          3.3
xa.xlayout_dut.mp                          3.3
xa.xlayout_dut.na                      3.16574
xa.xlayout_dut.nb                      3.16421
xa.xlayout_dut.qn                          3.3
xa.xlayout_dut.qp                          3.3
xa.xlayout_dut.sn                  4.42702e-09
xa.xlayout_dut.sp                  4.38767e-09
sb                                 -0.00921806
apb                                    1.64539
anb                                    1.65461
ibnb                                   1.00167
xb.xlayout_dut.sp__t2              4.31139e-09
xb.xlayout_dut.qp__t6                      3.3
xb.xlayout_dut.vss__t17            3.42067e-11
xb.xlayout_dut.vss__t2             4.11322e-20
xb.xlayout_dut.dout__t3                1.61162
xb.xlayout_dut.sp__t3              4.38767e-09
xb.xlayout_dut.vss__t25            1.56155e-13
xb.xlayout_dut.vss__t3             1.80458e-11
xb.xlayout_dut.dout__t2                1.60455
xb.xlayout_dut.doutb__t0               1.61476
xb.xlayout_dut.vss__t24             0.00201212
xb.xlayout_dut.vss__t4             2.03646e-11
xb.xlayout_dut.ibias__t0               1.00039
xb.xlayout_dut.ibias__t1               1.00167
xb.xlayout_dut.vss__t20            0.000254896
xb.xlayout_dut.vss__t8             2.55062e-11
xb.xlayout_dut.sn__t2              4.31133e-09
xb.xlayout_dut.qn__t6                      3.3
xb.xlayout_dut.vss__t23            3.41431e-11
xb.xlayout_dut.vss__t5             4.10544e-20
xb.xlayout_dut.doutb__t1               1.61476
xb.xlayout_dut.sn__t3              4.42702e-09
xb.xlayout_dut.vss__t22            1.56024e-13
xb.xlayout_dut.vss__t6             1.80569e-11
xb.xlayout_dut.doutb__t4               1.60836
xb.xlayout_dut.dout__t4                1.61162
xb.xlayout_dut.vss__t21             0.00199948
xb.xlayout_dut.vss__t7             2.05909e-11
xb.xlayout_dut.qn__t4                      3.3
xb.xlayout_dut.qp__t0                      3.3
xb.xlayout_dut.mn__t0                      3.3
xb.xlayout_dut.vss__t9             4.33209e-11
xb.xlayout_dut.mn__t1                      3.3
xb.xlayout_dut.aop__t2                 1.96776
xb.xlayout_dut.ltail__t0               1.52887
xb.xlayout_dut.vss__t11            2.88782e-11
xb.xlayout_dut.atail__t0              0.689765
xb.xlayout_dut.ibias__t2               1.00167
xb.xlayout_dut.vss__t19            0.000496222
xb.xlayout_dut.vss__t13            1.69136e-11
xb.xlayout_dut.qp__t1                      3.3
xb.xlayout_dut.qn__t5                      3.3
xb.xlayout_dut.mp__t2                      3.3
xb.xlayout_dut.vss__t10            4.33989e-11
xb.xlayout_dut.ltail__t1               1.52887
xb.xlayout_dut.clk__t2                       0
xb.xlayout_dut.vss__t18            6.41926e-13
xb.xlayout_dut.vss__t14            8.25707e-12
xb.xlayout_dut.mp__t1                      3.3
xb.xlayout_dut.aon__t0                 2.12666
xb.xlayout_dut.ltail__t2               1.52887
xb.xlayout_dut.vss__t12            2.91687e-11
xb.xlayout_dut.aon__t1                 2.12589
xb.xlayout_dut.vinp__t0                1.64539
xb.xlayout_dut.atail__t1              0.690364
xb.xlayout_dut.vss__t15            3.51704e-10
xb.xlayout_dut.aop__t1                 1.96643
xb.xlayout_dut.vinn__t0                1.65461
xb.xlayout_dut.atail__t2              0.690628
xb.xlayout_dut.vss__t16            9.08638e-11
xb.xlayout_dut.mn__t2                      3.3
xb.xlayout_dut.clk__t0                       0
xb.xlayout_dut.vdd__t0                     3.3
xb.xlayout_dut.vdd__t1                     3.3
xb.xlayout_dut.qn__t1                      3.3
xb.xlayout_dut.clk__t1                       0
xb.xlayout_dut.vdd__t2                     3.3
xb.xlayout_dut.vdd__t3                     3.3
xb.xlayout_dut.sp__t0               4.5548e-09
xb.xlayout_dut.qp__t2                      3.3
xb.xlayout_dut.vdd__t4                     3.3
xb.xlayout_dut.vdd__t5                     3.3
xb.xlayout_dut.mp__t0                      3.3
xb.xlayout_dut.clk__t4                       0
xb.xlayout_dut.vdd__t21                    3.3
xb.xlayout_dut.vdd__t20                    3.3
xb.xlayout_dut.qn__t0                      3.3
xb.xlayout_dut.qp__t3                      3.3
xb.xlayout_dut.vdd__t6                     3.3
xb.xlayout_dut.vdd__t7                     3.3
xb.xlayout_dut.qp__t4                      3.3
xb.xlayout_dut.clk__t3                       0
xb.xlayout_dut.vdd__t19                    3.3
xb.xlayout_dut.vdd__t18                    3.3
xb.xlayout_dut.na__t1                  3.16701
xb.xlayout_dut.sp__t1              4.38767e-09
xb.xlayout_dut.vdd__t23                3.29728
xb.xlayout_dut.vdd__t8                     3.3
xb.xlayout_dut.dout__t0                1.61681
xb.xlayout_dut.doutb__t2               1.61476
xb.xlayout_dut.na__t0                  3.16448
xb.xlayout_dut.vdd__t13                    3.3
xb.xlayout_dut.sn__t0              4.60878e-09
xb.xlayout_dut.qn__t3                      3.3
xb.xlayout_dut.vdd__t17                    3.3
xb.xlayout_dut.vdd__t16                    3.3
xb.xlayout_dut.qp__t5                      3.3
xb.xlayout_dut.qn__t2                      3.3
xb.xlayout_dut.vdd__t15                    3.3
xb.xlayout_dut.vdd__t14                    3.3
xb.xlayout_dut.nb__t1                  3.16747
xb.xlayout_dut.sn__t1              4.42702e-09
xb.xlayout_dut.vdd__t22                3.29706
xb.xlayout_dut.vdd__t12                    3.3
xb.xlayout_dut.doutb__t3               1.62868
xb.xlayout_dut.dout__t1                1.61162
xb.xlayout_dut.nb__t0                  3.16096
xb.xlayout_dut.vdd__t11                    3.3
xb.xlayout_dut.aon__t2                 2.12697
xb.xlayout_dut.x$28.11                 2.12779
xb.xlayout_dut.vss__t0                       0
xb.xlayout_dut.x$28.21                 3.29797
xb.xlayout_dut.vdd__t10                3.29879
xb.xlayout_dut.aop__t0                 1.96813
xb.xlayout_dut.x$29.11                 1.96907
xb.xlayout_dut.vss__t1                       0
xb.xlayout_dut.x$29.21                 3.29852
xb.xlayout_dut.vdd__t9                 3.29945
xb.xlayout_dut.aon                     2.12666
xb.xlayout_dut.aop                     1.96776
xb.xlayout_dut.atail                  0.690264
doutb                                  1.61162
doutbb                                 1.61476
xb.xlayout_dut.ltail                   1.52887
xb.xlayout_dut.mn                          3.3
xb.xlayout_dut.mp                          3.3
xb.xlayout_dut.na                      3.16574
xb.xlayout_dut.nb                      3.16421
xb.xlayout_dut.qn                          3.3
xb.xlayout_dut.qp                          3.3
xb.xlayout_dut.sn                  4.42702e-09
xb.xlayout_dut.sp                  4.38767e-09
sc                                 -0.00831806
apc                                    1.64584
anc                                    1.65416
ibnc                                   1.00167
xc.xlayout_dut.sp__t2              4.31139e-09
xc.xlayout_dut.qp__t6                      3.3
xc.xlayout_dut.vss__t17            3.42067e-11
xc.xlayout_dut.vss__t2             4.11322e-20
xc.xlayout_dut.dout__t3                1.61162
xc.xlayout_dut.sp__t3              4.38767e-09
xc.xlayout_dut.vss__t25            1.56155e-13
xc.xlayout_dut.vss__t3             1.80458e-11
xc.xlayout_dut.dout__t2                1.60455
xc.xlayout_dut.doutb__t0               1.61476
xc.xlayout_dut.vss__t24             0.00201212
xc.xlayout_dut.vss__t4             2.03646e-11
xc.xlayout_dut.ibias__t0               1.00039
xc.xlayout_dut.ibias__t1               1.00167
xc.xlayout_dut.vss__t20            0.000254896
xc.xlayout_dut.vss__t8             2.55062e-11
xc.xlayout_dut.sn__t2              4.31133e-09
xc.xlayout_dut.qn__t6                      3.3
xc.xlayout_dut.vss__t23            3.41431e-11
xc.xlayout_dut.vss__t5             4.10544e-20
xc.xlayout_dut.doutb__t1               1.61476
xc.xlayout_dut.sn__t3              4.42702e-09
xc.xlayout_dut.vss__t22            1.56024e-13
xc.xlayout_dut.vss__t6             1.80569e-11
xc.xlayout_dut.doutb__t4               1.60836
xc.xlayout_dut.dout__t4                1.61162
xc.xlayout_dut.vss__t21             0.00199948
xc.xlayout_dut.vss__t7             2.05909e-11
xc.xlayout_dut.qn__t4                      3.3
xc.xlayout_dut.qp__t0                      3.3
xc.xlayout_dut.mn__t0                      3.3
xc.xlayout_dut.vss__t9             4.33209e-11
xc.xlayout_dut.mn__t1                      3.3
xc.xlayout_dut.aop__t2                  1.9758
xc.xlayout_dut.ltail__t0                1.5225
xc.xlayout_dut.vss__t11            2.88401e-11
xc.xlayout_dut.atail__t0              0.689751
xc.xlayout_dut.ibias__t2               1.00167
xc.xlayout_dut.vss__t19            0.000496222
xc.xlayout_dut.vss__t13            1.69133e-11
xc.xlayout_dut.qp__t1                      3.3
xc.xlayout_dut.qn__t5                      3.3
xc.xlayout_dut.mp__t2                      3.3
xc.xlayout_dut.vss__t10            4.33989e-11
xc.xlayout_dut.ltail__t1                1.5225
xc.xlayout_dut.clk__t2                       0
xc.xlayout_dut.vss__t18            6.41289e-13
xc.xlayout_dut.vss__t14            8.22268e-12
xc.xlayout_dut.mp__t1                      3.3
xc.xlayout_dut.aon__t0                 2.11861
xc.xlayout_dut.ltail__t2                1.5225
xc.xlayout_dut.vss__t12            2.91303e-11
xc.xlayout_dut.aon__t1                 2.11784
xc.xlayout_dut.vinp__t0                1.64584
xc.xlayout_dut.atail__t1              0.690351
xc.xlayout_dut.vss__t15             3.2308e-10
xc.xlayout_dut.aop__t1                 1.97448
xc.xlayout_dut.vinn__t0                1.65416
xc.xlayout_dut.atail__t2              0.690612
xc.xlayout_dut.vss__t16            9.49983e-11
xc.xlayout_dut.mn__t2                      3.3
xc.xlayout_dut.clk__t0                       0
xc.xlayout_dut.vdd__t0                     3.3
xc.xlayout_dut.vdd__t1                     3.3
xc.xlayout_dut.qn__t1                      3.3
xc.xlayout_dut.clk__t1                       0
xc.xlayout_dut.vdd__t2                     3.3
xc.xlayout_dut.vdd__t3                     3.3
xc.xlayout_dut.sp__t0               4.5548e-09
xc.xlayout_dut.qp__t2                      3.3
xc.xlayout_dut.vdd__t4                     3.3
xc.xlayout_dut.vdd__t5                     3.3
xc.xlayout_dut.mp__t0                      3.3
xc.xlayout_dut.clk__t4                       0
xc.xlayout_dut.vdd__t21                    3.3
xc.xlayout_dut.vdd__t20                    3.3
xc.xlayout_dut.qn__t0                      3.3
xc.xlayout_dut.qp__t3                      3.3
xc.xlayout_dut.vdd__t6                     3.3
xc.xlayout_dut.vdd__t7                     3.3
xc.xlayout_dut.qp__t4                      3.3
xc.xlayout_dut.clk__t3                       0
xc.xlayout_dut.vdd__t19                    3.3
xc.xlayout_dut.vdd__t18                    3.3
xc.xlayout_dut.na__t1                  3.16701
xc.xlayout_dut.sp__t1              4.38767e-09
xc.xlayout_dut.vdd__t23                3.29728
xc.xlayout_dut.vdd__t8                     3.3
xc.xlayout_dut.dout__t0                1.61681
xc.xlayout_dut.doutb__t2               1.61476
xc.xlayout_dut.na__t0                  3.16448
xc.xlayout_dut.vdd__t13                    3.3
xc.xlayout_dut.sn__t0              4.60878e-09
xc.xlayout_dut.qn__t3                      3.3
xc.xlayout_dut.vdd__t17                    3.3
xc.xlayout_dut.vdd__t16                    3.3
xc.xlayout_dut.qp__t5                      3.3
xc.xlayout_dut.qn__t2                      3.3
xc.xlayout_dut.vdd__t15                    3.3
xc.xlayout_dut.vdd__t14                    3.3
xc.xlayout_dut.nb__t1                  3.16747
xc.xlayout_dut.sn__t1              4.42702e-09
xc.xlayout_dut.vdd__t22                3.29706
xc.xlayout_dut.vdd__t12                    3.3
xc.xlayout_dut.doutb__t3               1.62868
xc.xlayout_dut.dout__t1                1.61162
xc.xlayout_dut.nb__t0                  3.16096
xc.xlayout_dut.vdd__t11                    3.3
xc.xlayout_dut.aon__t2                 2.11892
xc.xlayout_dut.x$28.11                 2.11975
xc.xlayout_dut.vss__t0                       0
xc.xlayout_dut.x$28.21                 3.29795
xc.xlayout_dut.vdd__t10                3.29878
xc.xlayout_dut.aop__t0                 1.97618
xc.xlayout_dut.x$29.11                 1.97711
xc.xlayout_dut.vss__t1                       0
xc.xlayout_dut.x$29.21                 3.29853
xc.xlayout_dut.vdd__t9                 3.29946
xc.xlayout_dut.aon                     2.11861
xc.xlayout_dut.aop                      1.9758
xc.xlayout_dut.atail                   0.69025
doutc                                  1.61162
doutbc                                 1.61476
xc.xlayout_dut.ltail                    1.5225
xc.xlayout_dut.mn                          3.3
xc.xlayout_dut.mp                          3.3
xc.xlayout_dut.na                      3.16574
xc.xlayout_dut.nb                      3.16421
xc.xlayout_dut.qn                          3.3
xc.xlayout_dut.qp                          3.3
xc.xlayout_dut.sn                  4.42702e-09
xc.xlayout_dut.sp                  4.38767e-09
clkn                                         0
dan                                    0.48837
dbn                                    0.48837
dcn                                    0.48837
bdcn#branch                                  0
bdbn#branch                                  0
bdan#branch                                  0
bclkn#branch                                 0
eanc#branch                        4.20114e-19
eapc#branch                        1.09349e-18
eanb#branch                        1.16227e-18
eapb#branch                        3.51326e-19
eana#branch                        1.04944e-18
eapa#branch                        4.64157e-19
vsc#branch                                   0
vsb#branch                                   0
vsa#branch                                   0
vcm#branch                          4.5408e-18
vclk#branch                                  0
vsupa#branch                      -0.000371145
vsup#branch                       -0.000742287

 Reference value :  8.16400e-10
 Reference value :  3.87140e-09
 Reference value :  6.61140e-09
 Reference value :  9.38640e-09
 Reference value :  1.18864e-08
 Reference value :  1.44864e-08
 Reference value :  1.72314e-08
 Reference value :  2.01665e-08
 Reference value :  2.28875e-08
 Reference value :  2.56775e-08
 Reference value :  2.85625e-08
 Reference value :  3.14275e-08
 Reference value :  3.42825e-08
 Reference value :  3.71575e-08
 Reference value :  4.00266e-08
 Reference value :  4.29114e-08
 Reference value :  4.58714e-08
 Reference value :  4.84964e-08
 Reference value :  5.10476e-08
 Reference value :  5.37626e-08
 Reference value :  5.66576e-08
 Reference value :  5.96026e-08
No. of Data Rows : 12046
vsup_v              =  3.30000e+00
td_a                =  1.15807e-09 targ=  4.12081e-08 trig=  4.00500e-08
td_b                =  1.48098e-09 targ=  4.15310e-08 trig=  4.00500e-08
td_c                =  1.71363e-09 targ=  4.17636e-08 trig=  4.00500e-08
da_first            =  1.21556e-05
db_first            =  1.13178e-05
dc_first            =  1.10548e-05
da_end              =  9.99962e-01
db_end              =  9.99962e-01
dc_end              =  9.99962e-01
i_stat              =  -2.90500e-05 from=  2.50000e-08 to=  2.90025e-08
q_dec               =  -8.05414e-13 from=  3.99000e-08 to=  4.80000e-08
m_td_od50_ns = 1.1580730000e+00
m_td_od1_ns = 1.4809830000e+00
m_td_od01_ns = 1.7136340000e+00
m_tau_ps = 1.0103904551e+02
m_resolve_decades = 1.4657531576e+01
m_dout_od50_end = 9.9996220000e-01
m_dout_od1_end = 9.9996220000e-01
m_dout_od01_end = 9.9996220000e-01
m_dout_od50_first = 1.2155580000e-05
m_dout_od1_first = 1.1317780000e-05
m_dout_od01_first = 1.1054840000e-05
m_i_static_ua = 2.9049980000e+01
m_e_dec_fj = 1.8813608946e+03
Note: Simulation executed from .control section 

Warning: m=xx on .subckt line will override multiplier m hierarchy!

Note: Starting dynamic gmin stepping
Note: Dynamic gmin stepping completed
