
Note: Compatibility modes selected: hs a


Circuit: * comparator-regeneration-vosprobe @ tt_27c_3.63v -- generated by sim/harness, do not edit

Doing analysis at TEMP = 27.000000 and TNOM = 27.000000

Using SPARSE 1.3 as Direct Linear Solver

Initial Transient Solution
--------------------------

Node                                   Voltage
----                                   -------
vdd                                       3.63
cm                                        1.65
clk                                          0
rmp                                      -0.04
vp                                        1.63
vn                                        1.67
ibn                                    1.00167
xdut.xlayout_dut.sp__t2            5.19114e-09
xdut.xlayout_dut.qp__t6                   3.63
xdut.xlayout_dut.vss__t17          4.31021e-11
xdut.xlayout_dut.vss__t2           4.95435e-20
xdut.xlayout_dut.dout__t3              1.78425
xdut.xlayout_dut.sp__t3            5.28726e-09
xdut.xlayout_dut.vss__t25           1.6041e-13
xdut.xlayout_dut.vss__t3           1.99788e-11
xdut.xlayout_dut.dout__t2              1.77504
xdut.xlayout_dut.doutb__t0              1.7884
xdut.xlayout_dut.vss__t24           0.00262132
xdut.xlayout_dut.vss__t4           3.16156e-11
xdut.xlayout_dut.ibias__t0             1.00039
xdut.xlayout_dut.ibias__t1             1.00167
xdut.xlayout_dut.vss__t20          0.000254896
xdut.xlayout_dut.vss__t8           2.55062e-11
xdut.xlayout_dut.sn__t2            5.19106e-09
xdut.xlayout_dut.qn__t6                   3.63
xdut.xlayout_dut.vss__t23          4.30219e-11
xdut.xlayout_dut.vss__t5           4.94497e-20
xdut.xlayout_dut.doutb__t1              1.7884
xdut.xlayout_dut.sn__t3            5.33684e-09
xdut.xlayout_dut.vss__t22          1.60299e-13
xdut.xlayout_dut.vss__t6           1.99987e-11
xdut.xlayout_dut.doutb__t4             1.78007
xdut.xlayout_dut.dout__t4              1.78425
xdut.xlayout_dut.vss__t21           0.00260383
xdut.xlayout_dut.vss__t7           3.33589e-11
xdut.xlayout_dut.qn__t4                   3.63
xdut.xlayout_dut.qp__t0                   3.63
xdut.xlayout_dut.mn__t0                   3.63
xdut.xlayout_dut.vss__t9            4.7653e-11
xdut.xlayout_dut.mn__t1                   3.63
xdut.xlayout_dut.aop__t2                2.0278
xdut.xlayout_dut.ltail__t0             2.01988
xdut.xlayout_dut.vss__t11          3.37881e-11
xdut.xlayout_dut.atail__t0            0.691582
xdut.xlayout_dut.ibias__t2             1.00167
xdut.xlayout_dut.vss__t19          0.000496233
xdut.xlayout_dut.vss__t13          1.69581e-11
xdut.xlayout_dut.qp__t1                   3.63
xdut.xlayout_dut.qn__t5                   3.63
xdut.xlayout_dut.mp__t2                   3.63
xdut.xlayout_dut.vss__t10          4.77388e-11
xdut.xlayout_dut.ltail__t1             2.01988
xdut.xlayout_dut.clk__t2                     0
xdut.xlayout_dut.vss__t18          6.91397e-13
xdut.xlayout_dut.vss__t14           1.0909e-11
xdut.xlayout_dut.mp__t1                   3.63
xdut.xlayout_dut.aon__t0                2.7264
xdut.xlayout_dut.ltail__t2             2.01988
xdut.xlayout_dut.vss__t12          3.41272e-11
xdut.xlayout_dut.aon__t1               2.72581
xdut.xlayout_dut.vinp__t0                 1.63
xdut.xlayout_dut.atail__t1            0.692158
xdut.xlayout_dut.vss__t15          6.24791e-08
xdut.xlayout_dut.aop__t1                2.0262
xdut.xlayout_dut.vinn__t0                 1.67
xdut.xlayout_dut.atail__t2            0.692519
xdut.xlayout_dut.vss__t16          1.39607e-10
xdut.xlayout_dut.mn__t2                   3.63
xdut.xlayout_dut.clk__t0                     0
xdut.xlayout_dut.vdd__t0                  3.63
xdut.xlayout_dut.vdd__t1                  3.63
xdut.xlayout_dut.qn__t1                   3.63
xdut.xlayout_dut.clk__t1                     0
xdut.xlayout_dut.vdd__t2                  3.63
xdut.xlayout_dut.vdd__t3                  3.63
xdut.xlayout_dut.sp__t0            5.49785e-09
xdut.xlayout_dut.qp__t2                   3.63
xdut.xlayout_dut.vdd__t4                  3.63
xdut.xlayout_dut.vdd__t5                  3.63
xdut.xlayout_dut.mp__t0                   3.63
xdut.xlayout_dut.clk__t4                     0
xdut.xlayout_dut.vdd__t21                 3.63
xdut.xlayout_dut.vdd__t20                 3.63
xdut.xlayout_dut.qn__t0                   3.63
xdut.xlayout_dut.qp__t3                   3.63
xdut.xlayout_dut.vdd__t6                  3.63
xdut.xlayout_dut.vdd__t7                  3.63
xdut.xlayout_dut.qp__t4                   3.63
xdut.xlayout_dut.clk__t3                     0
xdut.xlayout_dut.vdd__t19                 3.63
xdut.xlayout_dut.vdd__t18                 3.63
xdut.xlayout_dut.na__t1                3.46747
xdut.xlayout_dut.sp__t1            5.28726e-09
xdut.xlayout_dut.vdd__t23              3.62645
xdut.xlayout_dut.vdd__t8                  3.63
xdut.xlayout_dut.dout__t0              1.79101
xdut.xlayout_dut.doutb__t2              1.7884
xdut.xlayout_dut.na__t0                3.46417
xdut.xlayout_dut.vdd__t13                 3.63
xdut.xlayout_dut.sn__t0            5.56586e-09
xdut.xlayout_dut.qn__t3                   3.63
xdut.xlayout_dut.vdd__t17                 3.63
xdut.xlayout_dut.vdd__t16                 3.63
xdut.xlayout_dut.qp__t5                   3.63
xdut.xlayout_dut.qn__t2                   3.63
xdut.xlayout_dut.vdd__t15                 3.63
xdut.xlayout_dut.vdd__t14                 3.63
xdut.xlayout_dut.nb__t1                3.46808
xdut.xlayout_dut.sn__t1            5.33684e-09
xdut.xlayout_dut.vdd__t22              3.62617
xdut.xlayout_dut.vdd__t12                 3.63
xdut.xlayout_dut.doutb__t3             1.80654
xdut.xlayout_dut.dout__t1              1.78425
xdut.xlayout_dut.nb__t0                 3.4596
xdut.xlayout_dut.vdd__t11                 3.63
xdut.xlayout_dut.aon__t2               2.72664
xdut.xlayout_dut.x$28.11               2.72727
xdut.xlayout_dut.vss__t0                     0
xdut.xlayout_dut.x$28.21               3.62843
xdut.xlayout_dut.vdd__t10              3.62907
xdut.xlayout_dut.aop__t0               2.02825
xdut.xlayout_dut.x$29.11               2.02938
xdut.xlayout_dut.vss__t1                     0
xdut.xlayout_dut.x$29.21               3.62822
xdut.xlayout_dut.vdd__t9               3.62934
xdut.xlayout_dut.aon                    2.7264
vsubs                                        0
xdut.xlayout_dut.aop                    2.0278
xdut.xlayout_dut.atail                0.692081
dout                                   1.78425
doutb                                   1.7884
xdut.xlayout_dut.ltail                 2.01988
xdut.xlayout_dut.mn                       3.63
xdut.xlayout_dut.mp                       3.63
xdut.xlayout_dut.na                    3.46582
xdut.xlayout_dut.nb                    3.46384
xdut.xlayout_dut.qn                       3.63
xdut.xlayout_dut.qp                       3.63
xdut.xlayout_dut.sn                5.33684e-09
xdut.xlayout_dut.sp                5.28726e-09
dn                                    0.491529
bdn#branch                                   0
bnn#branch                         1.17161e-18
bpp#branch                          3.4199e-19
vrmp#branch                                  0
vclk#branch                                  0
vcm#branch                                   0
vsup#branch                        -0.00047427

 Reference value :  1.30007e-07
 Reference value :  4.00051e-07
 Reference value :  6.50322e-07
 Reference value :  9.40028e-07
 Reference value :  1.21006e-06
 Reference value :  1.46022e-06
 Reference value :  1.75127e-06
 Reference value :  2.03090e-06
 Reference value :  2.30564e-06
 Reference value :  2.59060e-06
 Reference value :  2.86019e-06
 Reference value :  3.14818e-06
 Reference value :  3.41065e-06
 Reference value :  3.70017e-06
 Reference value :  4.04554e-06
 Reference value :  4.31019e-06
 Reference value :  4.57011e-06
 Reference value :  4.84005e-06
 Reference value :  5.11016e-06
 Reference value :  5.36021e-06
 Reference value :  5.65008e-06
 Reference value :  5.93032e-06
 Reference value :  6.22463e-06
 Reference value :  6.49029e-06
 Reference value :  6.76008e-06
 Reference value :  7.01065e-06
 Reference value :  7.28020e-06
 Reference value :  7.54011e-06
 Reference value :  7.78273e-06
 Reference value :  8.03201e-06
 Reference value :  8.29029e-06
 Reference value :  8.57021e-06
 Reference value :  8.84081e-06
 Reference value :  9.11020e-06
 Reference value :  9.37203e-06
 Reference value :  9.64029e-06
 Reference value :  9.91007e-06
 Reference value :  1.01602e-05
 Reference value :  1.04501e-05
 Reference value :  1.07202e-05
 Reference value :  1.10002e-05
 Reference value :  1.12606e-05
 Reference value :  1.15104e-05
 Reference value :  1.17802e-05
 Reference value :  1.20412e-05
 Reference value :  1.23108e-05
 Reference value :  1.25902e-05
 Reference value :  1.28502e-05
 Reference value :  1.31202e-05
 Reference value :  1.33900e-05
 Reference value :  1.36454e-05
 Reference value :  1.39105e-05
 Reference value :  1.41709e-05
 Reference value :  1.45402e-05
 Reference value :  1.48102e-05
 Reference value :  1.50802e-05
 Reference value :  1.53411e-05
 Reference value :  1.56106e-05
 Reference value :  1.58808e-05
 Reference value :  1.61505e-05
 Reference value :  1.64313e-05
 Reference value :  1.67007e-05
 Reference value :  1.69702e-05
 Reference value :  1.72302e-05
 Reference value :  1.74808e-05
 Reference value :  1.77502e-05
 Reference value :  1.80102e-05
 Reference value :  1.83206e-05
 Reference value :  1.86560e-05
 Reference value :  1.89206e-05
 Reference value :  1.91909e-05
 Reference value :  1.94800e-05
 Reference value :  1.97306e-05
 Reference value :  2.00004e-05
 Reference value :  2.02608e-05
 Reference value :  2.05401e-05
 Reference value :  2.08003e-05
 Reference value :  2.10506e-05
 Reference value :  2.13205e-05
 Reference value :  2.15808e-05
 Reference value :  2.18510e-05
 Reference value :  2.21201e-05
 Reference value :  2.23702e-05
 Reference value :  2.26301e-05
 Reference value :  2.28811e-05
 Reference value :  2.31510e-05
 Reference value :  2.34212e-05
 Reference value :  2.36805e-05
 Reference value :  2.39801e-05
 Reference value :  2.42604e-05
 Reference value :  2.45301e-05
 Reference value :  2.47906e-05
 Reference value :  2.50449e-05
 Reference value :  2.53702e-05
 Reference value :  2.56405e-05
 Reference value :  2.59102e-05
 Reference value :  2.61802e-05
 Reference value :  2.64416e-05
 Reference value :  2.67205e-05
 Reference value :  2.69811e-05
 Reference value :  2.72303e-05
 Reference value :  2.74911e-05
 Reference value :  2.77601e-05
 Reference value :  2.80109e-05
 Reference value :  2.82808e-05
 Reference value :  2.85502e-05
 Reference value :  2.87904e-05
 Reference value :  2.90509e-05
 Reference value :  2.92902e-05
 Reference value :  2.95112e-05
 Reference value :  2.97802e-05
 Reference value :  3.00401e-05
 Reference value :  3.03101e-05
 Reference value :  3.05801e-05
 Reference value :  3.08516e-05
 Reference value :  3.11206e-05
 Reference value :  3.13919e-05
 Reference value :  3.16113e-05
 Reference value :  3.18806e-05
 Reference value :  3.21502e-05
 Reference value :  3.24502e-05
 Reference value :  3.27204e-05
 Reference value :  3.29809e-05
 Reference value :  3.32515e-05
 Reference value :  3.35500e-05
 Reference value :  3.38089e-05
 Reference value :  3.40902e-05
 Reference value :  3.43601e-05
 Reference value :  3.46300e-05
 Reference value :  3.49000e-05
 Reference value :  3.51505e-05
 Reference value :  3.54411e-05
 Reference value :  3.57100e-05
 Reference value :  3.59801e-05
 Reference value :  3.62502e-05
 Reference value :  3.65202e-05
 Reference value :  3.67902e-05
 Reference value :  3.70605e-05
 Reference value :  3.73301e-05
 Reference value :  3.76001e-05
 Reference value :  3.78701e-05
 Reference value :  3.81510e-05
 Reference value :  3.84405e-05
 Reference value :  3.87101e-05
 Reference value :  3.89808e-05
 Reference value :  3.92601e-05
 Reference value :  3.95208e-05
 Reference value :  3.98002e-05
 Reference value :  4.00900e-05
 Reference value :  4.03601e-05
 Reference value :  4.06301e-05
 Reference value :  4.08831e-05
 Reference value :  4.12104e-05
 Reference value :  4.14809e-05
 Reference value :  4.17406e-05
 Reference value :  4.20101e-05
 Reference value :  4.22800e-05
 Reference value :  4.25509e-05
 Reference value :  4.28500e-05
 Reference value :  4.31206e-05
 Reference value :  4.33908e-05
 Reference value :  4.36604e-05
 Reference value :  4.39305e-05
 Reference value :  4.42002e-05
 Reference value :  4.44803e-05
 Reference value :  4.47701e-05
 Reference value :  4.50505e-05
 Reference value :  4.53419e-05
 Reference value :  4.56212e-05
 Reference value :  4.59202e-05
 Reference value :  4.62100e-05
 Reference value :  4.64804e-05
 Reference value :  4.67602e-05
 Reference value :  4.70302e-05
 Reference value :  4.73002e-05
 Reference value :  4.75903e-05
 Reference value :  4.78601e-05
 Reference value :  4.81303e-05
 Reference value :  4.84013e-05
 Reference value :  4.86811e-05
 Reference value :  4.89509e-05
 Reference value :  4.92208e-05
 Reference value :  4.95105e-05
 Reference value :  4.97901e-05
 Reference value :  5.00602e-05
 Reference value :  5.03307e-05
 Reference value :  5.06201e-05
 Reference value :  5.08911e-05
 Reference value :  5.11605e-05
 Reference value :  5.15005e-05
 Reference value :  5.17901e-05
 Reference value :  5.20602e-05
 Reference value :  5.23302e-05
 Reference value :  5.26123e-05
 Reference value :  5.29112e-05
 Reference value :  5.32011e-05
 Reference value :  5.34931e-05
 Reference value :  5.37701e-05
 Reference value :  5.40401e-05
 Reference value :  5.43102e-05
 Reference value :  5.45604e-05
 Reference value :  5.48302e-05
 Reference value :  5.51002e-05
 Reference value :  5.53705e-05
 Reference value :  5.56401e-05
 Reference value :  5.59037e-05
 Reference value :  5.62001e-05
 Reference value :  5.64656e-05
 Reference value :  5.67425e-05
 Reference value :  5.70102e-05
 Reference value :  5.72905e-05
 Reference value :  5.75602e-05
 Reference value :  5.78206e-05
 Reference value :  5.81008e-05
 Reference value :  5.83708e-05
 Reference value :  5.86412e-05
 Reference value :  5.89304e-05
 Reference value :  5.92001e-05
 Reference value :  5.94700e-05
 Reference value :  5.97400e-05
 Reference value :  6.00127e-05
 Reference value :  6.02910e-05
 Reference value :  6.05602e-05
 Reference value :  6.08500e-05
 Reference value :  6.11201e-05
 Reference value :  6.13904e-05
 Reference value :  6.16608e-05
 Reference value :  6.19303e-05
 Reference value :  6.22601e-05
 Reference value :  6.25413e-05
 Reference value :  6.28300e-05
 Reference value :  6.30802e-05
 Reference value :  6.33406e-05
 Reference value :  6.36401e-05
 Reference value :  6.39119e-05
 Reference value :  6.42202e-05
 Reference value :  6.44904e-05
 Reference value :  6.47602e-05
 Reference value :  6.50302e-05
 Reference value :  6.53005e-05
 Reference value :  6.55904e-05
 Reference value :  6.58601e-05
 Reference value :  6.61407e-05
 Reference value :  6.64101e-05
 Reference value :  6.66805e-05
 Reference value :  6.69535e-05
 Reference value :  6.72402e-05
 Reference value :  6.75201e-05
 Reference value :  6.77902e-05
 Reference value :  6.80602e-05
 Reference value :  6.83302e-05
 Reference value :  6.85901e-05
 Reference value :  6.88602e-05
 Reference value :  6.91260e-05
 Reference value :  6.93810e-05
 Reference value :  6.96405e-05
 Reference value :  6.99205e-05
 Reference value :  7.01907e-05
 Reference value :  7.04801e-05
 Reference value :  7.07602e-05
 Reference value :  7.10306e-05
 Reference value :  7.13205e-05
 Reference value :  7.16006e-05
 Reference value :  7.18719e-05
 Reference value :  7.21412e-05
 Reference value :  7.24301e-05
 Reference value :  7.27624e-05
 Reference value :  7.30409e-05
 Reference value :  7.33301e-05
 Reference value :  7.35804e-05
 Reference value :  7.38474e-05
 Reference value :  7.41106e-05
 Reference value :  7.44100e-05
 Reference value :  7.46907e-05
 Reference value :  7.49602e-05
 Reference value :  7.52302e-05
 Reference value :  7.54912e-05
 Reference value :  7.57702e-05
 Reference value :  7.60402e-05
 Reference value :  7.63300e-05
 Reference value :  7.65811e-05
 Reference value :  7.68502e-05
 Reference value :  7.71401e-05
 Reference value :  7.73902e-05
 Reference value :  7.76503e-05
 Reference value :  7.79304e-05
 Reference value :  7.82202e-05
 Reference value :  7.85043e-05
 Reference value :  7.87702e-05
 Reference value :  7.90402e-05
 Reference value :  7.93004e-05
 Reference value :  7.95504e-05
 Reference value :  7.98401e-05
No. of Data Rows : 290422
t_flip              =  2.93817e-05
vos_v               =  -1.06183e-02
m_dut_vos = -1.061832000e-02
Note: Simulation executed from .control section 

Warning: m=xx on .subckt line will override multiplier m hierarchy!

Note: Starting dynamic gmin stepping
Note: Dynamic gmin stepping completed
