
Note: Compatibility modes selected: hs a


Circuit: * comparator-regeneration @ tt_27c_2.97v -- generated by sim/harness, do not edit

Doing analysis at TEMP = 27.000000 and TNOM = 27.000000

Using SPARSE 1.3 as Direct Linear Solver

Initial Transient Solution
--------------------------

Node                                   Voltage
----                                   -------
vdd                                       2.97
vdda                                      2.97
clk                                          0
cm                                        1.65
sa                                  -0.0559078
apa                                    1.62205
ana                                    1.67795
ibna                                   1.00167
xa.xlayout_dut.sp__t2              3.87113e-09
xa.xlayout_dut.qp__t6                     2.97
xa.xlayout_dut.vss__t17            2.89416e-11
xa.xlayout_dut.vss__t2             3.69152e-20
xa.xlayout_dut.dout__t3                1.44168
xa.xlayout_dut.sp__t3              3.93567e-09
xa.xlayout_dut.vss__t25            1.51981e-13
xa.xlayout_dut.vss__t3              1.6143e-11
xa.xlayout_dut.dout__t2                1.43657
xa.xlayout_dut.doutb__t0               1.44391
xa.xlayout_dut.vss__t24             0.00145492
xa.xlayout_dut.vss__t4             1.70948e-11
xa.xlayout_dut.ibias__t0               1.00039
xa.xlayout_dut.ibias__t1               1.00167
xa.xlayout_dut.vss__t20            0.000254896
xa.xlayout_dut.vss__t8             2.55062e-11
xa.xlayout_dut.sn__t2              3.87108e-09
xa.xlayout_dut.qn__t6                     2.97
xa.xlayout_dut.vss__t23            2.88877e-11
xa.xlayout_dut.vss__t5             3.68455e-20
xa.xlayout_dut.doutb__t1               1.44391
xa.xlayout_dut.sn__t3              3.96897e-09
xa.xlayout_dut.vss__t22            1.51834e-13
xa.xlayout_dut.vss__t6             1.61465e-11
xa.xlayout_dut.doutb__t4               1.43928
xa.xlayout_dut.dout__t4                1.44168
xa.xlayout_dut.vss__t21             0.00144648
xa.xlayout_dut.vss__t7             1.71253e-11
xa.xlayout_dut.qn__t4                     2.97
xa.xlayout_dut.qp__t0                     2.97
xa.xlayout_dut.mn__t0                     2.97
xa.xlayout_dut.vss__t9             3.89888e-11
xa.xlayout_dut.mn__t1                     2.97
xa.xlayout_dut.aop__t2                 1.23696
xa.xlayout_dut.ltail__t0               1.58467
xa.xlayout_dut.vss__t11            2.72384e-11
xa.xlayout_dut.atail__t0              0.692173
xa.xlayout_dut.ibias__t2               1.00167
xa.xlayout_dut.vss__t19            0.000496236
xa.xlayout_dut.vss__t13            1.69726e-11
xa.xlayout_dut.qp__t1                     2.97
xa.xlayout_dut.qn__t5                     2.97
xa.xlayout_dut.mp__t2                     2.97
xa.xlayout_dut.vss__t10             3.9059e-11
xa.xlayout_dut.ltail__t1               1.58467
xa.xlayout_dut.clk__t2                       0
xa.xlayout_dut.vss__t18            6.47507e-13
xa.xlayout_dut.vss__t14            8.55839e-12
xa.xlayout_dut.mp__t1                     2.97
xa.xlayout_dut.aon__t0                 2.19763
xa.xlayout_dut.ltail__t2               1.58467
xa.xlayout_dut.vss__t12            2.75115e-11
xa.xlayout_dut.aon__t1                 2.19713
xa.xlayout_dut.vinp__t0                1.62205
xa.xlayout_dut.atail__t1              0.692738
xa.xlayout_dut.vss__t15            6.03817e-10
xa.xlayout_dut.aop__t1                 1.23523
xa.xlayout_dut.vinn__t0                1.67795
xa.xlayout_dut.atail__t2              0.693146
xa.xlayout_dut.vss__t16            4.64712e-11
xa.xlayout_dut.mn__t2                     2.97
xa.xlayout_dut.clk__t0                       0
xa.xlayout_dut.vdd__t0                    2.97
xa.xlayout_dut.vdd__t1                    2.97
xa.xlayout_dut.qn__t1                     2.97
xa.xlayout_dut.clk__t1                       0
xa.xlayout_dut.vdd__t2                    2.97
xa.xlayout_dut.vdd__t3                    2.97
xa.xlayout_dut.sp__t0              4.07708e-09
xa.xlayout_dut.qp__t2                     2.97
xa.xlayout_dut.vdd__t4                    2.97
xa.xlayout_dut.vdd__t5                    2.97
xa.xlayout_dut.mp__t0                     2.97
xa.xlayout_dut.clk__t4                       0
xa.xlayout_dut.vdd__t21                   2.97
xa.xlayout_dut.vdd__t20                   2.97
xa.xlayout_dut.qn__t0                     2.97
xa.xlayout_dut.qp__t3                     2.97
xa.xlayout_dut.vdd__t6                    2.97
xa.xlayout_dut.vdd__t7                    2.97
xa.xlayout_dut.qp__t4                     2.97
xa.xlayout_dut.clk__t3                       0
xa.xlayout_dut.vdd__t19                   2.97
xa.xlayout_dut.vdd__t18                   2.97
xa.xlayout_dut.na__t1                  2.86595
xa.xlayout_dut.sp__t1              3.93567e-09
xa.xlayout_dut.vdd__t23                2.96803
xa.xlayout_dut.vdd__t8                    2.97
xa.xlayout_dut.dout__t0                1.44543
xa.xlayout_dut.doutb__t2               1.44391
xa.xlayout_dut.na__t0                  2.86412
xa.xlayout_dut.vdd__t13                   2.97
xa.xlayout_dut.sn__t0              4.12274e-09
xa.xlayout_dut.qn__t3                     2.97
xa.xlayout_dut.vdd__t17                   2.97
xa.xlayout_dut.vdd__t16                   2.97
xa.xlayout_dut.qp__t5                     2.97
xa.xlayout_dut.qn__t2                     2.97
xa.xlayout_dut.vdd__t15                   2.97
xa.xlayout_dut.vdd__t14                   2.97
xa.xlayout_dut.nb__t1                  2.86627
xa.xlayout_dut.sn__t1              3.96897e-09
xa.xlayout_dut.vdd__t22                2.96787
xa.xlayout_dut.vdd__t12                   2.97
xa.xlayout_dut.doutb__t3               1.45399
xa.xlayout_dut.dout__t1                1.44168
xa.xlayout_dut.nb__t0                  2.86156
xa.xlayout_dut.vdd__t11                   2.97
xa.xlayout_dut.aon__t2                 2.19783
xa.xlayout_dut.x$28.11                 2.19837
xa.xlayout_dut.vss__t0                       0
xa.xlayout_dut.x$28.21                 2.96866
xa.xlayout_dut.vdd__t10                 2.9692
xa.xlayout_dut.aop__t0                 1.23745
xa.xlayout_dut.x$29.11                 1.23866
xa.xlayout_dut.vss__t1                       0
xa.xlayout_dut.x$29.21                 2.96808
xa.xlayout_dut.vdd__t9                 2.96929
xa.xlayout_dut.aon                     2.19763
vsubs                                        0
xa.xlayout_dut.aop                     1.23696
xa.xlayout_dut.atail                  0.692672
douta                                  1.44168
doutba                                 1.44391
xa.xlayout_dut.ltail                   1.58467
xa.xlayout_dut.mn                         2.97
xa.xlayout_dut.mp                         2.97
xa.xlayout_dut.na                      2.86503
xa.xlayout_dut.nb                      2.86391
xa.xlayout_dut.qn                         2.97
xa.xlayout_dut.qp                         2.97
xa.xlayout_dut.sn                  3.96897e-09
xa.xlayout_dut.sp                  3.93567e-09
sb                                 -0.00690776
apb                                    1.64655
anb                                    1.65345
ibnb                                   1.00167
xb.xlayout_dut.sp__t2              3.87113e-09
xb.xlayout_dut.qp__t6                     2.97
xb.xlayout_dut.vss__t17            2.89416e-11
xb.xlayout_dut.vss__t2             3.69152e-20
xb.xlayout_dut.dout__t3                1.44168
xb.xlayout_dut.sp__t3              3.93567e-09
xb.xlayout_dut.vss__t25            1.51981e-13
xb.xlayout_dut.vss__t3              1.6143e-11
xb.xlayout_dut.dout__t2                1.43657
xb.xlayout_dut.doutb__t0               1.44391
xb.xlayout_dut.vss__t24             0.00145492
xb.xlayout_dut.vss__t4             1.70948e-11
xb.xlayout_dut.ibias__t0               1.00039
xb.xlayout_dut.ibias__t1               1.00167
xb.xlayout_dut.vss__t20            0.000254896
xb.xlayout_dut.vss__t8             2.55062e-11
xb.xlayout_dut.sn__t2              3.87108e-09
xb.xlayout_dut.qn__t6                     2.97
xb.xlayout_dut.vss__t23            2.88877e-11
xb.xlayout_dut.vss__t5             3.68455e-20
xb.xlayout_dut.doutb__t1               1.44391
xb.xlayout_dut.sn__t3              3.96897e-09
xb.xlayout_dut.vss__t22            1.51834e-13
xb.xlayout_dut.vss__t6             1.61465e-11
xb.xlayout_dut.doutb__t4               1.43928
xb.xlayout_dut.dout__t4                1.44168
xb.xlayout_dut.vss__t21             0.00144648
xb.xlayout_dut.vss__t7             1.71253e-11
xb.xlayout_dut.qn__t4                     2.97
xb.xlayout_dut.qp__t0                     2.97
xb.xlayout_dut.mn__t0                     2.97
xb.xlayout_dut.vss__t9             3.89888e-11
xb.xlayout_dut.mn__t1                     2.97
xb.xlayout_dut.aop__t2                  1.6585
xb.xlayout_dut.ltail__t0               1.24789
xb.xlayout_dut.vss__t11            2.52243e-11
xb.xlayout_dut.atail__t0              0.689319
xb.xlayout_dut.ibias__t2               1.00167
xb.xlayout_dut.vss__t19             0.00049622
xb.xlayout_dut.vss__t13            1.69026e-11
xb.xlayout_dut.qp__t1                     2.97
xb.xlayout_dut.qn__t5                     2.97
xb.xlayout_dut.mp__t2                     2.97
xb.xlayout_dut.vss__t10             3.9059e-11
xb.xlayout_dut.ltail__t1               1.24789
xb.xlayout_dut.clk__t2                       0
xb.xlayout_dut.vss__t18            6.13911e-13
xb.xlayout_dut.vss__t14            6.73953e-12
xb.xlayout_dut.mp__t1                     2.97
xb.xlayout_dut.aon__t0                 1.77592
xb.xlayout_dut.ltail__t2               1.24789
xb.xlayout_dut.vss__t12            2.54777e-11
xb.xlayout_dut.aon__t1                 1.77514
xb.xlayout_dut.vinp__t0                1.64655
xb.xlayout_dut.atail__t1              0.689919
xb.xlayout_dut.vss__t15            5.88327e-11
xb.xlayout_dut.aop__t1                 1.65719
xb.xlayout_dut.vinn__t0                1.65345
xb.xlayout_dut.atail__t2              0.690176
xb.xlayout_dut.vss__t16             5.6588e-11
xb.xlayout_dut.mn__t2                     2.97
xb.xlayout_dut.clk__t0                       0
xb.xlayout_dut.vdd__t0                    2.97
xb.xlayout_dut.vdd__t1                    2.97
xb.xlayout_dut.qn__t1                     2.97
xb.xlayout_dut.clk__t1                       0
xb.xlayout_dut.vdd__t2                    2.97
xb.xlayout_dut.vdd__t3                    2.97
xb.xlayout_dut.sp__t0              4.07708e-09
xb.xlayout_dut.qp__t2                     2.97
xb.xlayout_dut.vdd__t4                    2.97
xb.xlayout_dut.vdd__t5                    2.97
xb.xlayout_dut.mp__t0                     2.97
xb.xlayout_dut.clk__t4                       0
xb.xlayout_dut.vdd__t21                   2.97
xb.xlayout_dut.vdd__t20                   2.97
xb.xlayout_dut.qn__t0                     2.97
xb.xlayout_dut.qp__t3                     2.97
xb.xlayout_dut.vdd__t6                    2.97
xb.xlayout_dut.vdd__t7                    2.97
xb.xlayout_dut.qp__t4                     2.97
xb.xlayout_dut.clk__t3                       0
xb.xlayout_dut.vdd__t19                   2.97
xb.xlayout_dut.vdd__t18                   2.97
xb.xlayout_dut.na__t1                  2.86595
xb.xlayout_dut.sp__t1              3.93567e-09
xb.xlayout_dut.vdd__t23                2.96803
xb.xlayout_dut.vdd__t8                    2.97
xb.xlayout_dut.dout__t0                1.44543
xb.xlayout_dut.doutb__t2               1.44391
xb.xlayout_dut.na__t0                  2.86412
xb.xlayout_dut.vdd__t13                   2.97
xb.xlayout_dut.sn__t0              4.12274e-09
xb.xlayout_dut.qn__t3                     2.97
xb.xlayout_dut.vdd__t17                   2.97
xb.xlayout_dut.vdd__t16                   2.97
xb.xlayout_dut.qp__t5                     2.97
xb.xlayout_dut.qn__t2                     2.97
xb.xlayout_dut.vdd__t15                   2.97
xb.xlayout_dut.vdd__t14                   2.97
xb.xlayout_dut.nb__t1                  2.86627
xb.xlayout_dut.sn__t1              3.96897e-09
xb.xlayout_dut.vdd__t22                2.96787
xb.xlayout_dut.vdd__t12                   2.97
xb.xlayout_dut.doutb__t3               1.45399
xb.xlayout_dut.dout__t1                1.44168
xb.xlayout_dut.nb__t0                  2.86156
xb.xlayout_dut.vdd__t11                   2.97
xb.xlayout_dut.aon__t2                 1.77623
xb.xlayout_dut.x$28.11                 1.77707
xb.xlayout_dut.vss__t0                       0
xb.xlayout_dut.x$28.21                 2.96793
xb.xlayout_dut.vdd__t10                2.96877
xb.xlayout_dut.aop__t0                 1.65887
xb.xlayout_dut.x$29.11                 1.65979
xb.xlayout_dut.vss__t1                       0
xb.xlayout_dut.x$29.21                 2.96854
xb.xlayout_dut.vdd__t9                 2.96946
xb.xlayout_dut.aon                     1.77592
xb.xlayout_dut.aop                      1.6585
xb.xlayout_dut.atail                  0.689818
doutb                                  1.44168
doutbb                                 1.44391
xb.xlayout_dut.ltail                   1.24789
xb.xlayout_dut.mn                         2.97
xb.xlayout_dut.mp                         2.97
xb.xlayout_dut.na                      2.86503
xb.xlayout_dut.nb                      2.86391
xb.xlayout_dut.qn                         2.97
xb.xlayout_dut.qp                         2.97
xb.xlayout_dut.sn                  3.96897e-09
xb.xlayout_dut.sp                  3.93567e-09
sc                                 -0.00600776
apc                                      1.647
anc                                      1.653
ibnc                                   1.00167
xc.xlayout_dut.sp__t2              3.87113e-09
xc.xlayout_dut.qp__t6                     2.97
xc.xlayout_dut.vss__t17            2.89416e-11
xc.xlayout_dut.vss__t2             3.69152e-20
xc.xlayout_dut.dout__t3                1.44168
xc.xlayout_dut.sp__t3              3.93567e-09
xc.xlayout_dut.vss__t25            1.51981e-13
xc.xlayout_dut.vss__t3              1.6143e-11
xc.xlayout_dut.dout__t2                1.43657
xc.xlayout_dut.doutb__t0               1.44391
xc.xlayout_dut.vss__t24             0.00145492
xc.xlayout_dut.vss__t4             1.70948e-11
xc.xlayout_dut.ibias__t0               1.00039
xc.xlayout_dut.ibias__t1               1.00167
xc.xlayout_dut.vss__t20            0.000254896
xc.xlayout_dut.vss__t8             2.55062e-11
xc.xlayout_dut.sn__t2              3.87108e-09
xc.xlayout_dut.qn__t6                     2.97
xc.xlayout_dut.vss__t23            2.88877e-11
xc.xlayout_dut.vss__t5             3.68455e-20
xc.xlayout_dut.doutb__t1               1.44391
xc.xlayout_dut.sn__t3              3.96897e-09
xc.xlayout_dut.vss__t22            1.51834e-13
xc.xlayout_dut.vss__t6             1.61465e-11
xc.xlayout_dut.doutb__t4               1.43928
xc.xlayout_dut.dout__t4                1.44168
xc.xlayout_dut.vss__t21             0.00144648
xc.xlayout_dut.vss__t7             1.71253e-11
xc.xlayout_dut.qn__t4                     2.97
xc.xlayout_dut.qp__t0                     2.97
xc.xlayout_dut.mn__t0                     2.97
xc.xlayout_dut.vss__t9             3.89888e-11
xc.xlayout_dut.mn__t1                     2.97
xc.xlayout_dut.aop__t2                 1.66655
xc.xlayout_dut.ltail__t0               1.24195
xc.xlayout_dut.vss__t11            2.51889e-11
xc.xlayout_dut.atail__t0              0.689309
xc.xlayout_dut.ibias__t2               1.00167
xc.xlayout_dut.vss__t19            0.000496219
xc.xlayout_dut.vss__t13            1.69024e-11
xc.xlayout_dut.qp__t1                     2.97
xc.xlayout_dut.qn__t5                     2.97
xc.xlayout_dut.mp__t2                     2.97
xc.xlayout_dut.vss__t10             3.9059e-11
xc.xlayout_dut.ltail__t1               1.24195
xc.xlayout_dut.clk__t2                       0
xc.xlayout_dut.vss__t18            6.13321e-13
xc.xlayout_dut.vss__t14             6.7075e-12
xc.xlayout_dut.mp__t1                     2.97
xc.xlayout_dut.aon__t0                 1.76787
xc.xlayout_dut.ltail__t2               1.24195
xc.xlayout_dut.vss__t12            2.54419e-11
xc.xlayout_dut.aon__t1                 1.76708
xc.xlayout_dut.vinp__t0                  1.647
xc.xlayout_dut.atail__t1               0.68991
xc.xlayout_dut.vss__t15            5.85496e-11
xc.xlayout_dut.aop__t1                 1.66525
xc.xlayout_dut.vinn__t0                  1.653
xc.xlayout_dut.atail__t2              0.690164
xc.xlayout_dut.vss__t16            5.67875e-11
xc.xlayout_dut.mn__t2                     2.97
xc.xlayout_dut.clk__t0                       0
xc.xlayout_dut.vdd__t0                    2.97
xc.xlayout_dut.vdd__t1                    2.97
xc.xlayout_dut.qn__t1                     2.97
xc.xlayout_dut.clk__t1                       0
xc.xlayout_dut.vdd__t2                    2.97
xc.xlayout_dut.vdd__t3                    2.97
xc.xlayout_dut.sp__t0              4.07708e-09
xc.xlayout_dut.qp__t2                     2.97
xc.xlayout_dut.vdd__t4                    2.97
xc.xlayout_dut.vdd__t5                    2.97
xc.xlayout_dut.mp__t0                     2.97
xc.xlayout_dut.clk__t4                       0
xc.xlayout_dut.vdd__t21                   2.97
xc.xlayout_dut.vdd__t20                   2.97
xc.xlayout_dut.qn__t0                     2.97
xc.xlayout_dut.qp__t3                     2.97
xc.xlayout_dut.vdd__t6                    2.97
xc.xlayout_dut.vdd__t7                    2.97
xc.xlayout_dut.qp__t4                     2.97
xc.xlayout_dut.clk__t3                       0
xc.xlayout_dut.vdd__t19                   2.97
xc.xlayout_dut.vdd__t18                   2.97
xc.xlayout_dut.na__t1                  2.86595
xc.xlayout_dut.sp__t1              3.93567e-09
xc.xlayout_dut.vdd__t23                2.96803
xc.xlayout_dut.vdd__t8                    2.97
xc.xlayout_dut.dout__t0                1.44543
xc.xlayout_dut.doutb__t2               1.44391
xc.xlayout_dut.na__t0                  2.86412
xc.xlayout_dut.vdd__t13                   2.97
xc.xlayout_dut.sn__t0              4.12274e-09
xc.xlayout_dut.qn__t3                     2.97
xc.xlayout_dut.vdd__t17                   2.97
xc.xlayout_dut.vdd__t16                   2.97
xc.xlayout_dut.qp__t5                     2.97
xc.xlayout_dut.qn__t2                     2.97
xc.xlayout_dut.vdd__t15                   2.97
xc.xlayout_dut.vdd__t14                   2.97
xc.xlayout_dut.nb__t1                  2.86627
xc.xlayout_dut.sn__t1              3.96897e-09
xc.xlayout_dut.vdd__t22                2.96787
xc.xlayout_dut.vdd__t12                   2.97
xc.xlayout_dut.doutb__t3               1.45399
xc.xlayout_dut.dout__t1                1.44168
xc.xlayout_dut.nb__t0                  2.86156
xc.xlayout_dut.vdd__t11                   2.97
xc.xlayout_dut.aon__t2                 1.76818
xc.xlayout_dut.x$28.11                 1.76902
xc.xlayout_dut.vss__t0                       0
xc.xlayout_dut.x$28.21                 2.96792
xc.xlayout_dut.vdd__t10                2.96876
xc.xlayout_dut.aop__t0                 1.66692
xc.xlayout_dut.x$29.11                 1.66783
xc.xlayout_dut.vss__t1                       0
xc.xlayout_dut.x$29.21                 2.96855
xc.xlayout_dut.vdd__t9                 2.96947
xc.xlayout_dut.aon                     1.76787
xc.xlayout_dut.aop                     1.66655
xc.xlayout_dut.atail                  0.689808
doutc                                  1.44168
doutbc                                 1.44391
xc.xlayout_dut.ltail                   1.24195
xc.xlayout_dut.mn                         2.97
xc.xlayout_dut.mp                         2.97
xc.xlayout_dut.na                      2.86503
xc.xlayout_dut.nb                      2.86391
xc.xlayout_dut.qn                         2.97
xc.xlayout_dut.qp                         2.97
xc.xlayout_dut.sn                  3.96897e-09
xc.xlayout_dut.sp                  3.93567e-09
clkn                                         0
dan                                   0.485414
dbn                                   0.485414
dcn                                   0.485414
bdcn#branch                                  0
bdbn#branch                                  0
bdan#branch                                  0
bclkn#branch                                 0
eanc#branch                        1.09833e-19
eapc#branch                       -3.88148e-19
eanb#branch                        7.94801e-19
eapb#branch                        6.61607e-19
eana#branch                         6.8197e-19
eapa#branch                        7.74438e-19
vsc#branch                                   0
vsb#branch                                   0
vsa#branch                                   0
vcm#branch                          2.6345e-18
vclk#branch                                  0
vsupa#branch                      -0.000276804
vsup#branch                       -0.000553606

 Reference value :  4.21400e-10
 Reference value :  3.41140e-09
 Reference value :  6.07640e-09
 Reference value :  9.03640e-09
 Reference value :  1.16566e-08
 Reference value :  1.46116e-08
 Reference value :  1.76966e-08
 Reference value :  2.03534e-08
 Reference value :  2.31675e-08
 Reference value :  2.59175e-08
 Reference value :  2.86425e-08
 Reference value :  3.15725e-08
 Reference value :  3.45825e-08
 Reference value :  3.74275e-08
 Reference value :  4.01416e-08
 Reference value :  4.25966e-08
 Reference value :  4.53316e-08
 Reference value :  4.80716e-08
 Reference value :  5.08684e-08
 Reference value :  5.37134e-08
 Reference value :  5.64734e-08
 Reference value :  5.93484e-08
No. of Data Rows : 12046
vsup_v              =  2.97000e+00
td_a                =  1.30511e-09 targ=  4.13551e-08 trig=  4.00500e-08
td_b                =  1.69487e-09 targ=  4.17449e-08 trig=  4.00500e-08
td_c                =  1.96524e-09 targ=  4.20152e-08 trig=  4.00500e-08
da_first            =  9.74877e-06
db_first            =  1.01971e-05
dc_first            =  1.00387e-05
da_end              =  9.99966e-01
db_end              =  9.99966e-01
dc_end              =  9.99966e-01
i_stat              =  -2.93316e-05 from=  2.50000e-08 to=  2.90025e-08
q_dec               =  -7.37557e-13 from=  3.99000e-08 to=  4.80000e-08
m_td_od50_ns = 1.3051130000e+00
m_td_od1_ns = 1.6948740000e+00
m_td_od01_ns = 1.9652410000e+00
m_tau_ps = 1.1741889619e+02
m_resolve_decades = 1.4434422866e+01
m_dout_od50_end = 9.9996610000e-01
m_dout_od1_end = 9.9996610000e-01
m_dout_od01_end = 9.9996610000e-01
m_dout_od50_first = 9.7487740000e-06
m_dout_od1_first = 1.0197120000e-05
m_dout_od01_first = 1.0038740000e-05
m_i_static_ua = 2.9331610000e+01
m_e_dec_fj = 1.4849143422e+03
Note: Simulation executed from .control section 

Warning: m=xx on .subckt line will override multiplier m hierarchy!

Note: Starting dynamic gmin stepping
Note: Dynamic gmin stepping completed
