
Note: Compatibility modes selected: hs a


Circuit: * comparator-preamp-noise @ ff_27c_2.97v -- generated by sim/harness, do not edit

Doing analysis at TEMP = 27.000000 and TNOM = 27.000000

Using SPARSE 1.3 as Direct Linear Solver
 Reference value :  0.00000e+00
No. of Data Rows : 1
Doing analysis at TEMP = 27.000000 and TNOM = 27.000000

Using SPARSE 1.3 as Direct Linear Solver

No. of Data Rows : 181

No. of Data Rows : 1
Doing analysis at TEMP = 27.000000 and TNOM = 27.000000

Using SPARSE 1.3 as Direct Linear Solver

No. of Data Rows : 121

No. of Data Rows : 1
Doing analysis at TEMP = 27.000000 and TNOM = 27.000000

Using SPARSE 1.3 as Direct Linear Solver

No. of Data Rows : 181
m_av_dc = 1.4899549236e+01
m_vn_in_uv = 1.0059845846e+02
m_vn_in_hf_uv = 1.0036546844e+02
m_onoise_uv = 1.4988716850e+03
m_onoise_hf_uv = 1.4954002386e+03
m_inoise_band_uv = 3.2591995828e+02
m_flicker_frac_pct = 4.6267153920e-01
m_white_nv_rthz = 2.0272318872e+02
m_enbw_mhz = 5.4666598698e+01
m_vbias_anchor_mv = 8.7976915363e+02
Note: Simulation executed from .control section 

Warning: m=xx on .subckt line will override multiplier m hierarchy!

Note: Starting dynamic gmin stepping
Note: Dynamic gmin stepping completed
Note: Starting dynamic gmin stepping
Note: Dynamic gmin stepping completed
Note: Starting dynamic gmin stepping
Note: Dynamic gmin stepping completed
Note: Starting dynamic gmin stepping
Note: Dynamic gmin stepping completed
