
Note: Compatibility modes selected: hs a


Circuit: * comparator-preamp-noise @ fs_27c_2.97v -- generated by sim/harness, do not edit

Doing analysis at TEMP = 27.000000 and TNOM = 27.000000

Using SPARSE 1.3 as Direct Linear Solver
 Reference value :  0.00000e+00
No. of Data Rows : 1
Doing analysis at TEMP = 27.000000 and TNOM = 27.000000

Using SPARSE 1.3 as Direct Linear Solver

No. of Data Rows : 181

No. of Data Rows : 1
Doing analysis at TEMP = 27.000000 and TNOM = 27.000000

Using SPARSE 1.3 as Direct Linear Solver

No. of Data Rows : 121

No. of Data Rows : 1
Doing analysis at TEMP = 27.000000 and TNOM = 27.000000

Using SPARSE 1.3 as Direct Linear Solver

No. of Data Rows : 181
m_av_dc = 1.8276611299e+01
m_vn_in_uv = 8.9690606639e+01
m_vn_in_hf_uv = 8.9416439681e+01
m_onoise_uv = 1.6392403547e+03
m_onoise_hf_uv = 1.6342295118e+03
m_inoise_band_uv = 3.2705372006e+02
m_flicker_frac_pct = 6.1042718034e-01
m_white_nv_rthz = 2.5128410395e+02
m_enbw_mhz = 4.2555455293e+01
m_vbias_anchor_mv = 9.1486048613e+02
Note: Simulation executed from .control section 

Warning: m=xx on .subckt line will override multiplier m hierarchy!

Note: Starting dynamic gmin stepping
Note: Dynamic gmin stepping completed
Note: Starting dynamic gmin stepping
Note: Dynamic gmin stepping completed
Note: Starting dynamic gmin stepping
Note: Dynamic gmin stepping completed
Note: Starting dynamic gmin stepping
Note: Dynamic gmin stepping completed
