
Note: Compatibility modes selected: hs a


Circuit: * comparator-preamp-noise @ sf_-40c_2.97v -- generated by sim/harness, do not edit

Doing analysis at TEMP = -40.000000 and TNOM = 27.000000

Using SPARSE 1.3 as Direct Linear Solver
 Reference value :  0.00000e+00
No. of Data Rows : 1
Doing analysis at TEMP = -40.000000 and TNOM = 27.000000

Using SPARSE 1.3 as Direct Linear Solver

No. of Data Rows : 181

No. of Data Rows : 1
Doing analysis at TEMP = -40.000000 and TNOM = 27.000000

Using SPARSE 1.3 as Direct Linear Solver

No. of Data Rows : 121

No. of Data Rows : 1
Doing analysis at TEMP = -40.000000 and TNOM = 27.000000

Using SPARSE 1.3 as Direct Linear Solver

No. of Data Rows : 181
m_av_dc = 2.2440275244e+01
m_vn_in_uv = 7.3145684717e+01
m_vn_in_hf_uv = 7.2811356292e+01
m_onoise_uv = 1.6414092980e+03
m_onoise_hf_uv = 1.6339068761e+03
m_inoise_band_uv = 2.8820256421e+02
m_flicker_frac_pct = 9.1205480124e-01
m_white_nv_rthz = 2.6525896413e+02
m_enbw_mhz = 3.8290729441e+01
m_vbias_anchor_mv = 1.0945402043e+03
Note: Simulation executed from .control section 

Warning: m=xx on .subckt line will override multiplier m hierarchy!

Note: Starting dynamic gmin stepping
Note: Dynamic gmin stepping completed
Note: Starting dynamic gmin stepping
Note: Dynamic gmin stepping completed
Note: Starting dynamic gmin stepping
Note: Dynamic gmin stepping completed
Note: Starting dynamic gmin stepping
Note: Dynamic gmin stepping completed
