
Note: Compatibility modes selected: hs a


Circuit: * comparator-preamp-noise @ ss_-40c_3.30v -- generated by sim/harness, do not edit

Doing analysis at TEMP = -40.000000 and TNOM = 27.000000

Using SPARSE 1.3 as Direct Linear Solver
 Reference value :  0.00000e+00
No. of Data Rows : 1
Doing analysis at TEMP = -40.000000 and TNOM = 27.000000

Using SPARSE 1.3 as Direct Linear Solver

No. of Data Rows : 181

No. of Data Rows : 1
Doing analysis at TEMP = -40.000000 and TNOM = 27.000000

Using SPARSE 1.3 as Direct Linear Solver

No. of Data Rows : 121

No. of Data Rows : 1
Doing analysis at TEMP = -40.000000 and TNOM = 27.000000

Using SPARSE 1.3 as Direct Linear Solver

No. of Data Rows : 181
m_av_dc = 2.6438520482e+01
m_vn_in_uv = 6.7526867739e+01
m_vn_in_hf_uv = 6.7146193803e+01
m_onoise_uv = 1.7853104758e+03
m_onoise_hf_uv = 1.7752460202e+03
m_inoise_band_uv = 2.8995335004e+02
m_flicker_frac_pct = 1.1242959991e+00
m_white_nv_rthz = 3.1514143908e+02
m_enbw_mhz = 3.2093455417e+01
m_vbias_anchor_mv = 1.1284783132e+03
Note: Simulation executed from .control section 

Warning: m=xx on .subckt line will override multiplier m hierarchy!

Note: Starting dynamic gmin stepping
Note: Dynamic gmin stepping completed
Note: Starting dynamic gmin stepping
Note: Dynamic gmin stepping completed
Note: Starting dynamic gmin stepping
Note: Dynamic gmin stepping completed
Note: Starting dynamic gmin stepping
Note: Dynamic gmin stepping completed
