
Note: Compatibility modes selected: hs a


Circuit: * comparator-preamp-noise @ ss_125c_3.30v -- generated by sim/harness, do not edit

Doing analysis at TEMP = 125.000000 and TNOM = 27.000000

Using SPARSE 1.3 as Direct Linear Solver
 Reference value :  0.00000e+00
No. of Data Rows : 1
Doing analysis at TEMP = 125.000000 and TNOM = 27.000000

Using SPARSE 1.3 as Direct Linear Solver

No. of Data Rows : 181

No. of Data Rows : 1
Doing analysis at TEMP = 125.000000 and TNOM = 27.000000

Using SPARSE 1.3 as Direct Linear Solver

No. of Data Rows : 121

No. of Data Rows : 1
Doing analysis at TEMP = 125.000000 and TNOM = 27.000000

Using SPARSE 1.3 as Direct Linear Solver

No. of Data Rows : 181
m_av_dc = 1.6145839545e+01
m_vn_in_uv = 1.0512424404e+02
m_vn_in_hf_uv = 1.0481759413e+02
m_onoise_uv = 1.6973191765e+03
m_onoise_hf_uv = 1.6923680563e+03
m_inoise_band_uv = 3.8385726755e+02
m_flicker_frac_pct = 5.8255383302e-01
m_white_nv_rthz = 2.7963726241e+02
m_enbw_mhz = 3.6841470148e+01
m_vbias_anchor_mv = 1.1140136487e+03
Note: Simulation executed from .control section 

Warning: m=xx on .subckt line will override multiplier m hierarchy!

Note: Starting dynamic gmin stepping
Note: Dynamic gmin stepping completed
Note: Starting dynamic gmin stepping
Note: Dynamic gmin stepping completed
Note: Starting dynamic gmin stepping
Note: Dynamic gmin stepping completed
Note: Starting dynamic gmin stepping
Note: Dynamic gmin stepping completed
