
Note: Compatibility modes selected: hs a


Circuit: * comparator-preamp-noise @ tt_-40c_3.30v -- generated by sim/harness, do not edit

Doing analysis at TEMP = -40.000000 and TNOM = 27.000000

Using SPARSE 1.3 as Direct Linear Solver
 Reference value :  0.00000e+00
No. of Data Rows : 1
Doing analysis at TEMP = -40.000000 and TNOM = 27.000000

Using SPARSE 1.3 as Direct Linear Solver

No. of Data Rows : 181

No. of Data Rows : 1
Doing analysis at TEMP = -40.000000 and TNOM = 27.000000

Using SPARSE 1.3 as Direct Linear Solver

No. of Data Rows : 121

No. of Data Rows : 1
Doing analysis at TEMP = -40.000000 and TNOM = 27.000000

Using SPARSE 1.3 as Direct Linear Solver

No. of Data Rows : 181
m_av_dc = 2.2824766937e+01
m_vn_in_uv = 7.4007168599e+01
m_vn_in_hf_uv = 7.3690020652e+01
m_onoise_uv = 1.6891963750e+03
m_onoise_hf_uv = 1.6819575470e+03
m_inoise_band_uv = 2.8754580807e+02
m_flicker_frac_pct = 8.5523714868e-01
m_white_nv_rthz = 2.6600363813e+02
m_enbw_mhz = 4.0325998393e+01
m_vbias_anchor_mv = 1.0093495388e+03
Note: Simulation executed from .control section 

Warning: m=xx on .subckt line will override multiplier m hierarchy!

Note: Starting dynamic gmin stepping
Note: Dynamic gmin stepping completed
Note: Starting dynamic gmin stepping
Note: Dynamic gmin stepping completed
Note: Starting dynamic gmin stepping
Note: Dynamic gmin stepping completed
Note: Starting dynamic gmin stepping
Note: Dynamic gmin stepping completed
