
Note: Compatibility modes selected: hs a


Circuit: * comparator-preamp-noise @ tt_27c_3.63v -- generated by sim/harness, do not edit

Doing analysis at TEMP = 27.000000 and TNOM = 27.000000

Using SPARSE 1.3 as Direct Linear Solver
 Reference value :  0.00000e+00
No. of Data Rows : 1
Doing analysis at TEMP = 27.000000 and TNOM = 27.000000

Using SPARSE 1.3 as Direct Linear Solver

No. of Data Rows : 181

No. of Data Rows : 1
Doing analysis at TEMP = 27.000000 and TNOM = 27.000000

Using SPARSE 1.3 as Direct Linear Solver

No. of Data Rows : 121

No. of Data Rows : 1
Doing analysis at TEMP = 27.000000 and TNOM = 27.000000

Using SPARSE 1.3 as Direct Linear Solver

No. of Data Rows : 181
m_av_dc = 1.8018424103e+01
m_vn_in_uv = 9.2156984567e+01
m_vn_in_hf_uv = 9.1873207141e+01
m_onoise_uv = 1.6605236320e+03
m_onoise_hf_uv = 1.6554104100e+03
m_inoise_band_uv = 3.3024492426e+02
m_flicker_frac_pct = 6.1490838002e-01
m_white_nv_rthz = 2.4977426791e+02
m_enbw_mhz = 4.4197197492e+01
m_vbias_anchor_mv = 1.0013196457e+03
Note: Simulation executed from .control section 

Warning: m=xx on .subckt line will override multiplier m hierarchy!

Note: Starting dynamic gmin stepping
Note: Dynamic gmin stepping completed
Note: Starting dynamic gmin stepping
Note: Dynamic gmin stepping completed
Note: Starting dynamic gmin stepping
Note: Dynamic gmin stepping completed
Note: Starting dynamic gmin stepping
Note: Dynamic gmin stepping completed
