
Note: Compatibility modes selected: hs a


Circuit: * comparator-kickback-vosprobe @ ff_-40c_3.63v -- generated by sim/harness, do not edit

Doing analysis at TEMP = -40.000000 and TNOM = 27.000000

Using SPARSE 1.3 as Direct Linear Solver

Initial Transient Solution
--------------------------

Node                                   Voltage
----                                   -------
vdd                                       3.63
cm                                        1.65
clk                                          0
rmp                                      -0.04
vp                                        1.63
vn                                        1.67
ibn                                   0.890958
xdut.xlayout_dut.sp__t2            4.43802e-09
xdut.xlayout_dut.qp__t6                   3.63
xdut.xlayout_dut.vss__t17          4.89734e-11
xdut.xlayout_dut.vss__t2           4.24686e-20
xdut.xlayout_dut.dout__t3                 3.63
xdut.xlayout_dut.sp__t3            4.54724e-09
xdut.xlayout_dut.vss__t25          3.82125e-15
xdut.xlayout_dut.vss__t3           4.07317e-11
xdut.xlayout_dut.dout__t2                 3.63
xdut.xlayout_dut.doutb__t0         6.02681e-09
xdut.xlayout_dut.vss__t24           4.0184e-15
xdut.xlayout_dut.vss__t4           4.28332e-11
xdut.xlayout_dut.ibias__t0             0.88968
xdut.xlayout_dut.ibias__t1            0.890958
xdut.xlayout_dut.vss__t20          0.000254896
xdut.xlayout_dut.vss__t8            2.2684e-11
xdut.xlayout_dut.sn__t2            4.43793e-09
xdut.xlayout_dut.qn__t6                   3.63
xdut.xlayout_dut.vss__t23          4.88822e-11
xdut.xlayout_dut.vss__t5           4.23878e-20
xdut.xlayout_dut.doutb__t1         6.02681e-09
xdut.xlayout_dut.sn__t3            4.60357e-09
xdut.xlayout_dut.vss__t22          4.40965e-22
xdut.xlayout_dut.vss__t6           6.73944e-20
xdut.xlayout_dut.doutb__t4         5.77415e-09
xdut.xlayout_dut.dout__t4                 3.63
xdut.xlayout_dut.vss__t21          7.89632e-11
xdut.xlayout_dut.vss__t7           6.88377e-20
xdut.xlayout_dut.qn__t4                   3.63
xdut.xlayout_dut.qp__t0                   3.63
xdut.xlayout_dut.mn__t0                   3.63
xdut.xlayout_dut.vss__t9            4.7653e-11
xdut.xlayout_dut.mn__t1                   3.63
xdut.xlayout_dut.aop__t2               2.18094
xdut.xlayout_dut.ltail__t0             2.15258
xdut.xlayout_dut.vss__t11          3.45816e-11
xdut.xlayout_dut.atail__t0            0.743573
xdut.xlayout_dut.ibias__t2            0.890958
xdut.xlayout_dut.vss__t19            0.0005002
xdut.xlayout_dut.vss__t13           1.8232e-11
xdut.xlayout_dut.qp__t1                   3.63
xdut.xlayout_dut.qn__t5                   3.63
xdut.xlayout_dut.mp__t2                   3.63
xdut.xlayout_dut.vss__t10          4.77387e-11
xdut.xlayout_dut.ltail__t1             2.15258
xdut.xlayout_dut.clk__t2                     0
xdut.xlayout_dut.vss__t18          1.43042e-14
xdut.xlayout_dut.vss__t14          1.16255e-11
xdut.xlayout_dut.mp__t1                   3.63
xdut.xlayout_dut.aon__t0               2.90588
xdut.xlayout_dut.ltail__t2             2.15258
xdut.xlayout_dut.vss__t12          3.49284e-11
xdut.xlayout_dut.aon__t1               2.90533
xdut.xlayout_dut.vinp__t0                 1.63
xdut.xlayout_dut.atail__t1            0.744147
xdut.xlayout_dut.vss__t15          1.44944e-07
xdut.xlayout_dut.aop__t1               2.17926
xdut.xlayout_dut.vinn__t0                 1.67
xdut.xlayout_dut.atail__t2            0.744536
xdut.xlayout_dut.vss__t16          5.51007e-10
xdut.xlayout_dut.mn__t2                   3.63
xdut.xlayout_dut.clk__t0                     0
xdut.xlayout_dut.vdd__t0                  3.63
xdut.xlayout_dut.vdd__t1                  3.63
xdut.xlayout_dut.qn__t1                   3.63
xdut.xlayout_dut.clk__t1                     0
xdut.xlayout_dut.vdd__t2                  3.63
xdut.xlayout_dut.vdd__t3                  3.63
xdut.xlayout_dut.sp__t0            4.78651e-09
xdut.xlayout_dut.qp__t2                   3.63
xdut.xlayout_dut.vdd__t4                  3.63
xdut.xlayout_dut.vdd__t5                  3.63
xdut.xlayout_dut.mp__t0                   3.63
xdut.xlayout_dut.clk__t4                     0
xdut.xlayout_dut.vdd__t21                 3.63
xdut.xlayout_dut.vdd__t20                 3.63
xdut.xlayout_dut.qn__t0                   3.63
xdut.xlayout_dut.qp__t3                   3.63
xdut.xlayout_dut.vdd__t6                  3.63
xdut.xlayout_dut.vdd__t7                  3.63
xdut.xlayout_dut.qp__t4                   3.63
xdut.xlayout_dut.clk__t3                     0
xdut.xlayout_dut.vdd__t19                 3.63
xdut.xlayout_dut.vdd__t18                 3.63
xdut.xlayout_dut.na__t1                   3.63
xdut.xlayout_dut.sp__t1            4.54724e-09
xdut.xlayout_dut.vdd__t23                 3.63
xdut.xlayout_dut.vdd__t8                  3.63
xdut.xlayout_dut.dout__t0                 3.63
xdut.xlayout_dut.doutb__t2         6.02681e-09
xdut.xlayout_dut.na__t0                   3.63
xdut.xlayout_dut.vdd__t13                 3.63
xdut.xlayout_dut.sn__t0            4.86379e-09
xdut.xlayout_dut.qn__t3                   3.63
xdut.xlayout_dut.vdd__t17                 3.63
xdut.xlayout_dut.vdd__t16                 3.63
xdut.xlayout_dut.qp__t5                   3.63
xdut.xlayout_dut.qn__t2                   3.63
xdut.xlayout_dut.vdd__t15                 3.63
xdut.xlayout_dut.vdd__t14                 3.63
xdut.xlayout_dut.nb__t1                   3.63
xdut.xlayout_dut.sn__t1            4.60357e-09
xdut.xlayout_dut.vdd__t22                 3.63
xdut.xlayout_dut.vdd__t12                 3.63
xdut.xlayout_dut.doutb__t3          6.5767e-09
xdut.xlayout_dut.dout__t1                 3.63
xdut.xlayout_dut.nb__t0                   3.63
xdut.xlayout_dut.vdd__t11                 3.63
xdut.xlayout_dut.aon__t2                2.9061
xdut.xlayout_dut.x$28.11               2.90711
xdut.xlayout_dut.vss__t0                     0
xdut.xlayout_dut.x$28.21               3.62812
xdut.xlayout_dut.vdd__t10              3.62913
xdut.xlayout_dut.aop__t0               2.18141
xdut.xlayout_dut.x$29.11               2.18345
xdut.xlayout_dut.vss__t1                     0
xdut.xlayout_dut.x$29.21               3.62728
xdut.xlayout_dut.vdd__t9               3.62931
xdut.xlayout_dut.aon                   2.90588
vsubs                                        0
xdut.xlayout_dut.aop                   2.18094
xdut.xlayout_dut.atail                0.744076
dout                                      3.63
doutb                              6.02681e-09
xdut.xlayout_dut.ltail                 2.15258
xdut.xlayout_dut.mn                       3.63
xdut.xlayout_dut.mp                       3.63
xdut.xlayout_dut.na                       3.63
xdut.xlayout_dut.nb                       3.63
xdut.xlayout_dut.qn                       3.63
xdut.xlayout_dut.qp                       3.63
xdut.xlayout_dut.sn                4.60357e-09
xdut.xlayout_dut.sp                4.54724e-09
dn                                           1
bdn#branch                                   0
bnn#branch                         1.17161e-18
bpp#branch                          3.4199e-19
vrmp#branch                                  0
vclk#branch                                  0
vcm#branch                                   0
vsup#branch                         -3.042e-05

 Reference value :  1.00611e-07
 Reference value :  2.70014e-07
 Reference value :  4.30200e-07
 Reference value :  5.80495e-07
 Reference value :  7.50156e-07
 Reference value :  9.00097e-07
 Reference value :  1.08006e-06
 Reference value :  1.22343e-06
 Reference value :  1.36066e-06
 Reference value :  1.51019e-06
 Reference value :  1.65297e-06
 Reference value :  1.80094e-06
 Reference value :  1.96075e-06
 Reference value :  2.13003e-06
 Reference value :  2.28012e-06
 Reference value :  2.43007e-06
 Reference value :  2.58010e-06
 Reference value :  2.73010e-06
 Reference value :  2.88032e-06
 Reference value :  3.03010e-06
 Reference value :  3.18008e-06
 Reference value :  3.31199e-06
 Reference value :  3.48022e-06
 Reference value :  3.63022e-06
 Reference value :  3.78008e-06
 Reference value :  3.93038e-06
 Reference value :  4.08025e-06
 Reference value :  4.23010e-06
 Reference value :  4.36091e-06
 Reference value :  4.51064e-06
 Reference value :  4.66114e-06
 Reference value :  4.83009e-06
 Reference value :  4.98008e-06
 Reference value :  5.13017e-06
 Reference value :  5.29020e-06
 Reference value :  5.44021e-06
 Reference value :  5.59064e-06
 Reference value :  5.74075e-06
 Reference value :  5.91010e-06
 Reference value :  6.07380e-06
 Reference value :  6.24054e-06
 Reference value :  6.39057e-06
 Reference value :  6.54031e-06
 Reference value :  6.69078e-06
 Reference value :  6.84099e-06
 Reference value :  6.99200e-06
 Reference value :  7.15085e-06
 Reference value :  7.30165e-06
 Reference value :  7.47010e-06
 Reference value :  7.62031e-06
 Reference value :  7.78021e-06
 Reference value :  7.93020e-06
 Reference value :  8.08020e-06
 Reference value :  8.23011e-06
 Reference value :  8.37029e-06
 Reference value :  8.52010e-06
 Reference value :  8.68037e-06
 Reference value :  8.83041e-06
 Reference value :  8.97127e-06
 Reference value :  9.13019e-06
 Reference value :  9.28019e-06
 Reference value :  9.43011e-06
 Reference value :  9.57050e-06
 Reference value :  9.72054e-06
 Reference value :  9.87031e-06
 Reference value :  1.00303e-05
 Reference value :  1.01807e-05
 Reference value :  1.03307e-05
 Reference value :  1.04867e-05
 Reference value :  1.06476e-05
 Reference value :  1.07817e-05
 Reference value :  1.09501e-05
 Reference value :  1.11001e-05
 Reference value :  1.12501e-05
 Reference value :  1.14101e-05
 Reference value :  1.15908e-05
 Reference value :  1.17405e-05
 Reference value :  1.18905e-05
 Reference value :  1.20402e-05
 Reference value :  1.21901e-05
 Reference value :  1.23407e-05
 Reference value :  1.24915e-05
 Reference value :  1.26601e-05
 Reference value :  1.28101e-05
 Reference value :  1.29407e-05
 Reference value :  1.30905e-05
 Reference value :  1.32405e-05
 Reference value :  1.33902e-05
 Reference value :  1.35305e-05
 Reference value :  1.36901e-05
 Reference value :  1.38404e-05
 Reference value :  1.39902e-05
 Reference value :  1.41311e-05
 Reference value :  1.42802e-05
 Reference value :  1.44303e-05
 Reference value :  1.45803e-05
 Reference value :  1.47302e-05
 Reference value :  1.48802e-05
 Reference value :  1.50402e-05
 Reference value :  1.51905e-05
 Reference value :  1.53600e-05
 Reference value :  1.55201e-05
 Reference value :  1.56703e-05
 Reference value :  1.58202e-05
 Reference value :  1.59900e-05
 Reference value :  1.61401e-05
 Reference value :  1.63002e-05
 Reference value :  1.65001e-05
 Reference value :  1.66501e-05
 Reference value :  1.68001e-05
 Reference value :  1.69501e-05
 Reference value :  1.71001e-05
 Reference value :  1.72501e-05
 Reference value :  1.74017e-05
 Reference value :  1.75518e-05
 Reference value :  1.77301e-05
 Reference value :  1.78805e-05
 Reference value :  1.80107e-05
 Reference value :  1.81609e-05
 Reference value :  1.83301e-05
 Reference value :  1.84808e-05
 Reference value :  1.86401e-05
 Reference value :  1.87809e-05
 Reference value :  1.89310e-05
 Reference value :  1.90901e-05
 Reference value :  1.92601e-05
 Reference value :  1.94202e-05
 Reference value :  1.95708e-05
 Reference value :  1.97209e-05
 Reference value :  1.98921e-05
 Reference value :  2.00502e-05
 Reference value :  2.02005e-05
 Reference value :  2.03510e-05
 Reference value :  2.05203e-05
 Reference value :  2.06724e-05
 Reference value :  2.08307e-05
 Reference value :  2.10000e-05
 Reference value :  2.11501e-05
 Reference value :  2.13007e-05
 Reference value :  2.14604e-05
 Reference value :  2.16210e-05
 Reference value :  2.17902e-05
 Reference value :  2.19405e-05
 Reference value :  2.20906e-05
 Reference value :  2.22601e-05
 Reference value :  2.24400e-05
 Reference value :  2.25710e-05
 Reference value :  2.27214e-05
 Reference value :  2.28901e-05
 Reference value :  2.30501e-05
 Reference value :  2.32011e-05
 Reference value :  2.33510e-05
 Reference value :  2.35302e-05
 Reference value :  2.36963e-05
 Reference value :  2.38502e-05
 Reference value :  2.40101e-05
 Reference value :  2.41504e-05
 Reference value :  2.43102e-05
 Reference value :  2.44606e-05
 Reference value :  2.46104e-05
 Reference value :  2.47601e-05
 Reference value :  2.49106e-05
 Reference value :  2.50806e-05
 Reference value :  2.52404e-05
 Reference value :  2.54101e-05
 Reference value :  2.55600e-05
 Reference value :  2.57101e-05
 Reference value :  2.58602e-05
 Reference value :  2.60105e-05
 Reference value :  2.61626e-05
 Reference value :  2.63202e-05
 Reference value :  2.64707e-05
 Reference value :  2.66208e-05
 Reference value :  2.67902e-05
 Reference value :  2.69401e-05
 Reference value :  2.70901e-05
 Reference value :  2.72401e-05
 Reference value :  2.73904e-05
 Reference value :  2.75507e-05
 Reference value :  2.77006e-05
 Reference value :  2.78502e-05
 Reference value :  2.80002e-05
 Reference value :  2.81475e-05
 Reference value :  2.83206e-05
 Reference value :  2.85101e-05
 Reference value :  2.86618e-05
 Reference value :  2.88408e-05
 Reference value :  2.90512e-05
 Reference value :  2.92801e-05
 Reference value :  2.94904e-05
 Reference value :  2.96502e-05
 Reference value :  2.98073e-05
 Reference value :  2.99708e-05
 Reference value :  3.01306e-05
 Reference value :  3.03001e-05
 Reference value :  3.04534e-05
 Reference value :  3.06025e-05
 Reference value :  3.07602e-05
 Reference value :  3.09108e-05
 Reference value :  3.10801e-05
 Reference value :  3.12302e-05
 Reference value :  3.13802e-05
 Reference value :  3.15307e-05
 Reference value :  3.16921e-05
 Reference value :  3.18900e-05
 Reference value :  3.20501e-05
 Reference value :  3.22009e-05
 Reference value :  3.23700e-05
 Reference value :  3.25408e-05
 Reference value :  3.27103e-05
 Reference value :  3.28608e-05
 Reference value :  3.30301e-05
 Reference value :  3.31804e-05
 Reference value :  3.33344e-05
 Reference value :  3.35100e-05
 Reference value :  3.36703e-05
 Reference value :  3.38207e-05
 Reference value :  3.39727e-05
 Reference value :  3.41505e-05
 Reference value :  3.43201e-05
 Reference value :  3.44814e-05
 Reference value :  3.46501e-05
 Reference value :  3.48102e-05
 Reference value :  3.49602e-05
 Reference value :  3.51401e-05
 Reference value :  3.53401e-05
 Reference value :  3.55006e-05
 Reference value :  3.56527e-05
 Reference value :  3.58200e-05
 Reference value :  3.59701e-05
 Reference value :  3.61302e-05
 Reference value :  3.62807e-05
 Reference value :  3.64603e-05
 Reference value :  3.66107e-05
 Reference value :  3.67802e-05
 Reference value :  3.69601e-05
 Reference value :  3.71101e-05
 Reference value :  3.72605e-05
 Reference value :  3.74109e-05
 Reference value :  3.75701e-05
 Reference value :  3.77204e-05
 Reference value :  3.78705e-05
 Reference value :  3.80208e-05
 Reference value :  3.81900e-05
 Reference value :  3.83501e-05
 Reference value :  3.85007e-05
 Reference value :  3.86510e-05
 Reference value :  3.88201e-05
 Reference value :  3.89804e-05
 Reference value :  3.91316e-05
 Reference value :  3.92821e-05
 Reference value :  3.94502e-05
 Reference value :  3.96001e-05
 Reference value :  3.97607e-05
 Reference value :  3.99108e-05
 Reference value :  4.00607e-05
 Reference value :  4.02109e-05
 Reference value :  4.03804e-05
 Reference value :  4.05401e-05
 Reference value :  4.06902e-05
 Reference value :  4.08704e-05
 Reference value :  4.10402e-05
 Reference value :  4.11905e-05
 Reference value :  4.13510e-05
 Reference value :  4.15604e-05
 Reference value :  4.17105e-05
 Reference value :  4.18601e-05
 Reference value :  4.20301e-05
 Reference value :  4.21801e-05
 Reference value :  4.23302e-05
 Reference value :  4.24905e-05
 Reference value :  4.26600e-05
 Reference value :  4.28106e-05
 Reference value :  4.29707e-05
 Reference value :  4.31210e-05
 Reference value :  4.32715e-05
 Reference value :  4.34208e-05
 Reference value :  4.35706e-05
 Reference value :  4.37357e-05
 Reference value :  4.38709e-05
 Reference value :  4.40208e-05
 Reference value :  4.41705e-05
 Reference value :  4.43401e-05
 Reference value :  4.44903e-05
 Reference value :  4.46503e-05
 Reference value :  4.48005e-05
 Reference value :  4.49702e-05
 Reference value :  4.51203e-05
 Reference value :  4.52701e-05
 Reference value :  4.54201e-05
 Reference value :  4.55801e-05
 Reference value :  4.57204e-05
 Reference value :  4.59001e-05
 Reference value :  4.60503e-05
 Reference value :  4.62001e-05
 Reference value :  4.63501e-05
 Reference value :  4.65102e-05
 Reference value :  4.66608e-05
 Reference value :  4.68108e-05
 Reference value :  4.69801e-05
 Reference value :  4.71302e-05
 Reference value :  4.72805e-05
 Reference value :  4.74407e-05
 Reference value :  4.76403e-05
 Reference value :  4.77905e-05
 Reference value :  4.79401e-05
 Reference value :  4.80907e-05
 Reference value :  4.82502e-05
 Reference value :  4.84002e-05
 Reference value :  4.85412e-05
 Reference value :  4.87003e-05
 Reference value :  4.88507e-05
 Reference value :  4.90011e-05
 Reference value :  4.91515e-05
 Reference value :  4.93200e-05
 Reference value :  4.94701e-05
 Reference value :  4.96009e-05
 Reference value :  4.97504e-05
 Reference value :  4.98904e-05
 Reference value :  5.00401e-05
 Reference value :  5.01916e-05
 Reference value :  5.03502e-05
 Reference value :  5.05007e-05
 Reference value :  5.06506e-05
 Reference value :  5.08001e-05
 Reference value :  5.09404e-05
 Reference value :  5.10901e-05
 Reference value :  5.12213e-05
 Reference value :  5.13707e-05
 Reference value :  5.15205e-05
 Reference value :  5.16703e-05
 Reference value :  5.18201e-05
 Reference value :  5.19606e-05
 Reference value :  5.21101e-05
 Reference value :  5.22608e-05
 Reference value :  5.24101e-05
 Reference value :  5.25600e-05
 Reference value :  5.26908e-05
 Reference value :  5.28405e-05
 Reference value :  5.29901e-05
 Reference value :  5.31402e-05
 Reference value :  5.33213e-05
 Reference value :  5.34705e-05
 Reference value :  5.36187e-05
 Reference value :  5.37603e-05
 Reference value :  5.39101e-05
 Reference value :  5.40601e-05
 Reference value :  5.42102e-05
 Reference value :  5.43605e-05
 Reference value :  5.45202e-05
 Reference value :  5.46667e-05
 Reference value :  5.48102e-05
 Reference value :  5.49600e-05
 Reference value :  5.51101e-05
 Reference value :  5.52408e-05
 Reference value :  5.53912e-05
 Reference value :  5.55402e-05
 Reference value :  5.56818e-05
 Reference value :  5.58304e-05
 Reference value :  5.60100e-05
 Reference value :  5.61601e-05
 Reference value :  5.63101e-05
 Reference value :  5.64601e-05
 Reference value :  5.66101e-05
 Reference value :  5.67491e-05
 Reference value :  5.68910e-05
 Reference value :  5.70503e-05
 Reference value :  5.71909e-05
 Reference value :  5.73601e-05
 Reference value :  5.74909e-05
 Reference value :  5.76401e-05
 Reference value :  5.77829e-05
 Reference value :  5.79401e-05
 Reference value :  5.80803e-05
 Reference value :  5.82407e-05
 Reference value :  5.84101e-05
 Reference value :  5.85455e-05
 Reference value :  5.87211e-05
 Reference value :  5.88901e-05
 Reference value :  5.90401e-05
 Reference value :  5.91900e-05
 Reference value :  5.93207e-05
 Reference value :  5.94716e-05
 Reference value :  5.96401e-05
 Reference value :  5.97903e-05
 Reference value :  5.99403e-05
 Reference value :  6.00903e-05
 Reference value :  6.02402e-05
 Reference value :  6.03900e-05
 Reference value :  6.05227e-05
 Reference value :  6.06901e-05
 Reference value :  6.08401e-05
 Reference value :  6.09903e-05
 Reference value :  6.11504e-05
 Reference value :  6.13001e-05
 Reference value :  6.14701e-05
 Reference value :  6.16200e-05
 Reference value :  6.17701e-05
 Reference value :  6.19201e-05
 Reference value :  6.20701e-05
 Reference value :  6.22302e-05
 Reference value :  6.23926e-05
 Reference value :  6.25308e-05
 Reference value :  6.27000e-05
 Reference value :  6.28501e-05
 Reference value :  6.30003e-05
 Reference value :  6.31601e-05
 Reference value :  6.33007e-05
 Reference value :  6.34803e-05
 Reference value :  6.36402e-05
 Reference value :  6.37803e-05
 Reference value :  6.39304e-05
 Reference value :  6.40901e-05
 Reference value :  6.42403e-05
 Reference value :  6.44101e-05
 Reference value :  6.46205e-05
 Reference value :  6.47802e-05
 Reference value :  6.49207e-05
 Reference value :  6.50703e-05
 Reference value :  6.52203e-05
 Reference value :  6.53701e-05
 Reference value :  6.55019e-05
 Reference value :  6.56702e-05
 Reference value :  6.58201e-05
 Reference value :  6.59702e-05
 Reference value :  6.61201e-05
 Reference value :  6.62507e-05
 Reference value :  6.64004e-05
 Reference value :  6.65504e-05
 Reference value :  6.67005e-05
 Reference value :  6.68711e-05
 Reference value :  6.70500e-05
 Reference value :  6.72001e-05
 Reference value :  6.73501e-05
 Reference value :  6.75001e-05
 Reference value :  6.76365e-05
 Reference value :  6.78003e-05
 Reference value :  6.79651e-05
 Reference value :  6.81106e-05
 Reference value :  6.82519e-05
 Reference value :  6.84003e-05
 Reference value :  6.85509e-05
 Reference value :  6.87104e-05
 Reference value :  6.88642e-05
 Reference value :  6.90301e-05
 Reference value :  6.91802e-05
 Reference value :  6.93301e-05
 Reference value :  6.94800e-05
 Reference value :  6.96301e-05
 Reference value :  6.97762e-05
 Reference value :  6.99252e-05
 Reference value :  7.00607e-05
 Reference value :  7.02303e-05
 Reference value :  7.03801e-05
 Reference value :  7.05302e-05
 Reference value :  7.06802e-05
 Reference value :  7.08304e-05
 Reference value :  7.09801e-05
 Reference value :  7.11301e-05
 Reference value :  7.12607e-05
 Reference value :  7.14102e-05
 Reference value :  7.15801e-05
 Reference value :  7.17223e-05
 Reference value :  7.18607e-05
 Reference value :  7.20102e-05
 Reference value :  7.21602e-05
 Reference value :  7.23014e-05
 Reference value :  7.24603e-05
 Reference value :  7.26111e-05
 Reference value :  7.27605e-05
 Reference value :  7.29112e-05
 Reference value :  7.31101e-05
 Reference value :  7.32601e-05
 Reference value :  7.34102e-05
 Reference value :  7.35601e-05
 Reference value :  7.36902e-05
 Reference value :  7.38401e-05
 Reference value :  7.39803e-05
 Reference value :  7.41314e-05
 Reference value :  7.42902e-05
 Reference value :  7.44402e-05
 Reference value :  7.45905e-05
 Reference value :  7.47404e-05
 Reference value :  7.48901e-05
 Reference value :  7.50402e-05
 Reference value :  7.51805e-05
 Reference value :  7.53301e-05
 Reference value :  7.54801e-05
 Reference value :  7.56303e-05
 Reference value :  7.57801e-05
 Reference value :  7.59401e-05
 Reference value :  7.60901e-05
 Reference value :  7.62303e-05
 Reference value :  7.63806e-05
 Reference value :  7.65406e-05
 Reference value :  7.66902e-05
 Reference value :  7.68320e-05
 Reference value :  7.69802e-05
 Reference value :  7.71282e-05
 Reference value :  7.72901e-05
 Reference value :  7.74303e-05
 Reference value :  7.75801e-05
 Reference value :  7.77303e-05
 Reference value :  7.78802e-05
 Reference value :  7.80301e-05
 Reference value :  7.81801e-05
 Reference value :  7.83302e-05
 Reference value :  7.84802e-05
 Reference value :  7.86304e-05
 Reference value :  7.87801e-05
 Reference value :  7.89115e-05
 Reference value :  7.90608e-05
 Reference value :  7.92106e-05
 Reference value :  7.93606e-05
 Reference value :  7.95402e-05
 Reference value :  7.96902e-05
 Reference value :  7.98401e-05
 Reference value :  7.99901e-05
No. of Data Rows : 511250
t_flip              =  2.77213e-05
vos_v               =  -1.22787e-02
m_dut_vos = -1.227872000e-02
Note: Simulation executed from .control section 

Warning: m=xx on .subckt line will override multiplier m hierarchy!

