
Note: Compatibility modes selected: hs a


Circuit: * comparator-kickback @ ff_27c_3.63v -- generated by sim/harness, do not edit

Doing analysis at TEMP = 27.000000 and TNOM = 27.000000

Using SPARSE 1.3 as Direct Linear Solver

Initial Transient Solution
--------------------------

Node                                   Voltage
----                                   -------
vdd                                       3.63
cm                                        1.65
clk                                          0
sa                                  -0.0151485
asp                                    1.64243
asn                                    1.65757
apa                                    1.64243
ana                                    1.65757
ibna                                  0.880116
xa.xlayout_dut.sp__t2              5.50602e-09
xa.xlayout_dut.qp__t6                     3.63
xa.xlayout_dut.vss__t17             4.9288e-11
xa.xlayout_dut.vss__t2             5.25824e-20
xa.xlayout_dut.dout__t3                1.79099
xa.xlayout_dut.sp__t3              5.61593e-09
xa.xlayout_dut.vss__t25            2.83578e-12
xa.xlayout_dut.vss__t3             2.00544e-11
xa.xlayout_dut.dout__t2                1.77917
xa.xlayout_dut.doutb__t0               1.79628
xa.xlayout_dut.vss__t24             0.00336355
xa.xlayout_dut.vss__t4             2.38504e-11
xa.xlayout_dut.ibias__t0              0.878838
xa.xlayout_dut.ibias__t1              0.880116
xa.xlayout_dut.vss__t20            0.000254896
xa.xlayout_dut.vss__t8             2.24078e-11
xa.xlayout_dut.sn__t2              5.50593e-09
xa.xlayout_dut.qn__t6                     3.63
xa.xlayout_dut.vss__t23            4.91962e-11
xa.xlayout_dut.vss__t5             5.24828e-20
xa.xlayout_dut.doutb__t1               1.79628
xa.xlayout_dut.sn__t3              5.67263e-09
xa.xlayout_dut.vss__t22            2.83434e-12
xa.xlayout_dut.vss__t6              2.0087e-11
xa.xlayout_dut.doutb__t4                1.7856
xa.xlayout_dut.dout__t4                1.79099
xa.xlayout_dut.vss__t21             0.00333888
xa.xlayout_dut.vss__t7             2.46018e-11
xa.xlayout_dut.qn__t4                     3.63
xa.xlayout_dut.qp__t0                     3.63
xa.xlayout_dut.mn__t0                     3.63
xa.xlayout_dut.vss__t9              4.7653e-11
xa.xlayout_dut.mn__t1                     3.63
xa.xlayout_dut.aop__t2                 2.51613
xa.xlayout_dut.ltail__t0                2.1289
xa.xlayout_dut.vss__t11            3.44401e-11
xa.xlayout_dut.atail__t0              0.787263
xa.xlayout_dut.ibias__t2              0.880116
xa.xlayout_dut.vss__t19            0.000496955
xa.xlayout_dut.vss__t13            1.93026e-11
xa.xlayout_dut.qp__t1                     3.63
xa.xlayout_dut.qn__t5                     3.63
xa.xlayout_dut.mp__t2                     3.63
xa.xlayout_dut.vss__t10            4.77388e-11
xa.xlayout_dut.ltail__t1                2.1289
xa.xlayout_dut.clk__t2                       0
xa.xlayout_dut.vss__t18            1.23831e-11
xa.xlayout_dut.vss__t14             1.1502e-11
xa.xlayout_dut.mp__t1                     3.63
xa.xlayout_dut.aon__t0                 2.73508
xa.xlayout_dut.ltail__t2                2.1289
xa.xlayout_dut.vss__t12            3.47855e-11
xa.xlayout_dut.aon__t1                 2.73435
xa.xlayout_dut.vinp__t0                1.64243
xa.xlayout_dut.atail__t1              0.787858
xa.xlayout_dut.vss__t15            4.14309e-08
xa.xlayout_dut.aop__t1                 2.51474
xa.xlayout_dut.vinn__t0                1.65757
xa.xlayout_dut.atail__t2              0.788143
xa.xlayout_dut.vss__t16            8.35563e-09
xa.xlayout_dut.mn__t2                     3.63
xa.xlayout_dut.clk__t0                       0
xa.xlayout_dut.vdd__t0                    3.63
xa.xlayout_dut.vdd__t1                    3.63
xa.xlayout_dut.qn__t1                     3.63
xa.xlayout_dut.clk__t1                       0
xa.xlayout_dut.vdd__t2                    3.63
xa.xlayout_dut.vdd__t3                    3.63
xa.xlayout_dut.sp__t0              5.85675e-09
xa.xlayout_dut.qp__t2                     3.63
xa.xlayout_dut.vdd__t4                    3.63
xa.xlayout_dut.vdd__t5                    3.63
xa.xlayout_dut.mp__t0                     3.63
xa.xlayout_dut.clk__t4                       0
xa.xlayout_dut.vdd__t21                   3.63
xa.xlayout_dut.vdd__t20                   3.63
xa.xlayout_dut.qn__t0                     3.63
xa.xlayout_dut.qp__t3                     3.63
xa.xlayout_dut.vdd__t6                    3.63
xa.xlayout_dut.vdd__t7                    3.63
xa.xlayout_dut.qp__t4                     3.63
xa.xlayout_dut.clk__t3                       0
xa.xlayout_dut.vdd__t19                   3.63
xa.xlayout_dut.vdd__t18                   3.63
xa.xlayout_dut.na__t1                  3.43873
xa.xlayout_dut.sp__t1              5.61593e-09
xa.xlayout_dut.vdd__t23                3.62544
xa.xlayout_dut.vdd__t8                    3.63
xa.xlayout_dut.dout__t0                1.79967
xa.xlayout_dut.doutb__t2               1.79628
xa.xlayout_dut.na__t0                  3.43449
xa.xlayout_dut.vdd__t13                   3.63
xa.xlayout_dut.sn__t0              5.93452e-09
xa.xlayout_dut.qn__t3                     3.63
xa.xlayout_dut.vdd__t17                   3.63
xa.xlayout_dut.vdd__t16                   3.63
xa.xlayout_dut.qp__t5                     3.63
xa.xlayout_dut.qn__t2                     3.63
xa.xlayout_dut.vdd__t15                   3.63
xa.xlayout_dut.vdd__t14                   3.63
xa.xlayout_dut.nb__t1                  3.43954
xa.xlayout_dut.sn__t1              5.67263e-09
xa.xlayout_dut.vdd__t22                3.62509
xa.xlayout_dut.vdd__t12                   3.63
xa.xlayout_dut.doutb__t3               1.81953
xa.xlayout_dut.dout__t1                1.79099
xa.xlayout_dut.nb__t0                  3.42867
xa.xlayout_dut.vdd__t11                   3.63
xa.xlayout_dut.aon__t2                 2.73537
xa.xlayout_dut.x$28.11                 2.73616
xa.xlayout_dut.vss__t0                       0
xa.xlayout_dut.x$28.21                 3.62806
xa.xlayout_dut.vdd__t10                3.62884
xa.xlayout_dut.aop__t0                 2.51652
xa.xlayout_dut.x$29.11                  2.5175
xa.xlayout_dut.vss__t1                       0
xa.xlayout_dut.x$29.21                 3.62845
xa.xlayout_dut.vdd__t9                 3.62943
xa.xlayout_dut.aon                     2.73508
vsubs                                        0
xa.xlayout_dut.aop                     2.51613
xa.xlayout_dut.atail                  0.787763
douta                                  1.79099
doutba                                 1.79628
xa.xlayout_dut.ltail                    2.1289
xa.xlayout_dut.mn                         3.63
xa.xlayout_dut.mp                         3.63
xa.xlayout_dut.na                      3.43661
xa.xlayout_dut.nb                      3.43411
xa.xlayout_dut.qn                         3.63
xa.xlayout_dut.qp                         3.63
xa.xlayout_dut.sn                  5.67263e-09
xa.xlayout_dut.sp                  5.61593e-09
sb                                  -0.0151485
bsp                                    1.64243
bsn                                    1.65757
bpp                                    1.64243
bpn                                    1.65757
ibnb                                  0.880116
xb.xlayout_dut.sp__t2              5.50602e-09
xb.xlayout_dut.qp__t6                     3.63
xb.xlayout_dut.vss__t17             4.9288e-11
xb.xlayout_dut.vss__t2             5.25824e-20
xb.xlayout_dut.dout__t3                1.79099
xb.xlayout_dut.sp__t3              5.61593e-09
xb.xlayout_dut.vss__t25            2.83578e-12
xb.xlayout_dut.vss__t3             2.00544e-11
xb.xlayout_dut.dout__t2                1.77917
xb.xlayout_dut.doutb__t0               1.79628
xb.xlayout_dut.vss__t24             0.00336355
xb.xlayout_dut.vss__t4             2.38504e-11
xb.xlayout_dut.ibias__t0              0.878838
xb.xlayout_dut.ibias__t1              0.880116
xb.xlayout_dut.vss__t20            0.000254896
xb.xlayout_dut.vss__t8             2.24078e-11
xb.xlayout_dut.sn__t2              5.50593e-09
xb.xlayout_dut.qn__t6                     3.63
xb.xlayout_dut.vss__t23            4.91962e-11
xb.xlayout_dut.vss__t5             5.24828e-20
xb.xlayout_dut.doutb__t1               1.79628
xb.xlayout_dut.sn__t3              5.67263e-09
xb.xlayout_dut.vss__t22            2.83434e-12
xb.xlayout_dut.vss__t6              2.0087e-11
xb.xlayout_dut.doutb__t4                1.7856
xb.xlayout_dut.dout__t4                1.79099
xb.xlayout_dut.vss__t21             0.00333888
xb.xlayout_dut.vss__t7             2.46018e-11
xb.xlayout_dut.qn__t4                     3.63
xb.xlayout_dut.qp__t0                     3.63
xb.xlayout_dut.mn__t0                     3.63
xb.xlayout_dut.vss__t9              4.7653e-11
xb.xlayout_dut.mn__t1                     3.63
xb.xlayout_dut.aop__t2                 2.51613
xb.xlayout_dut.ltail__t0                2.1289
xb.xlayout_dut.vss__t11            3.44401e-11
xb.xlayout_dut.atail__t0              0.787263
xb.xlayout_dut.ibias__t2              0.880116
xb.xlayout_dut.vss__t19            0.000496955
xb.xlayout_dut.vss__t13            1.93026e-11
xb.xlayout_dut.qp__t1                     3.63
xb.xlayout_dut.qn__t5                     3.63
xb.xlayout_dut.mp__t2                     3.63
xb.xlayout_dut.vss__t10            4.77388e-11
xb.xlayout_dut.ltail__t1                2.1289
xb.xlayout_dut.clk__t2                       0
xb.xlayout_dut.vss__t18            1.23831e-11
xb.xlayout_dut.vss__t14             1.1502e-11
xb.xlayout_dut.mp__t1                     3.63
xb.xlayout_dut.aon__t0                 2.73508
xb.xlayout_dut.ltail__t2                2.1289
xb.xlayout_dut.vss__t12            3.47855e-11
xb.xlayout_dut.aon__t1                 2.73435
xb.xlayout_dut.vinp__t0                1.64243
xb.xlayout_dut.atail__t1              0.787858
xb.xlayout_dut.vss__t15            4.14309e-08
xb.xlayout_dut.aop__t1                 2.51474
xb.xlayout_dut.vinn__t0                1.65757
xb.xlayout_dut.atail__t2              0.788143
xb.xlayout_dut.vss__t16            8.35563e-09
xb.xlayout_dut.mn__t2                     3.63
xb.xlayout_dut.clk__t0                       0
xb.xlayout_dut.vdd__t0                    3.63
xb.xlayout_dut.vdd__t1                    3.63
xb.xlayout_dut.qn__t1                     3.63
xb.xlayout_dut.clk__t1                       0
xb.xlayout_dut.vdd__t2                    3.63
xb.xlayout_dut.vdd__t3                    3.63
xb.xlayout_dut.sp__t0              5.85675e-09
xb.xlayout_dut.qp__t2                     3.63
xb.xlayout_dut.vdd__t4                    3.63
xb.xlayout_dut.vdd__t5                    3.63
xb.xlayout_dut.mp__t0                     3.63
xb.xlayout_dut.clk__t4                       0
xb.xlayout_dut.vdd__t21                   3.63
xb.xlayout_dut.vdd__t20                   3.63
xb.xlayout_dut.qn__t0                     3.63
xb.xlayout_dut.qp__t3                     3.63
xb.xlayout_dut.vdd__t6                    3.63
xb.xlayout_dut.vdd__t7                    3.63
xb.xlayout_dut.qp__t4                     3.63
xb.xlayout_dut.clk__t3                       0
xb.xlayout_dut.vdd__t19                   3.63
xb.xlayout_dut.vdd__t18                   3.63
xb.xlayout_dut.na__t1                  3.43873
xb.xlayout_dut.sp__t1              5.61593e-09
xb.xlayout_dut.vdd__t23                3.62544
xb.xlayout_dut.vdd__t8                    3.63
xb.xlayout_dut.dout__t0                1.79967
xb.xlayout_dut.doutb__t2               1.79628
xb.xlayout_dut.na__t0                  3.43449
xb.xlayout_dut.vdd__t13                   3.63
xb.xlayout_dut.sn__t0              5.93452e-09
xb.xlayout_dut.qn__t3                     3.63
xb.xlayout_dut.vdd__t17                   3.63
xb.xlayout_dut.vdd__t16                   3.63
xb.xlayout_dut.qp__t5                     3.63
xb.xlayout_dut.qn__t2                     3.63
xb.xlayout_dut.vdd__t15                   3.63
xb.xlayout_dut.vdd__t14                   3.63
xb.xlayout_dut.nb__t1                  3.43954
xb.xlayout_dut.sn__t1              5.67263e-09
xb.xlayout_dut.vdd__t22                3.62509
xb.xlayout_dut.vdd__t12                   3.63
xb.xlayout_dut.doutb__t3               1.81953
xb.xlayout_dut.dout__t1                1.79099
xb.xlayout_dut.nb__t0                  3.42867
xb.xlayout_dut.vdd__t11                   3.63
xb.xlayout_dut.aon__t2                 2.73537
xb.xlayout_dut.x$28.11                 2.73616
xb.xlayout_dut.vss__t0                       0
xb.xlayout_dut.x$28.21                 3.62806
xb.xlayout_dut.vdd__t10                3.62884
xb.xlayout_dut.aop__t0                 2.51652
xb.xlayout_dut.x$29.11                  2.5175
xb.xlayout_dut.vss__t1                       0
xb.xlayout_dut.x$29.21                 3.62845
xb.xlayout_dut.vdd__t9                 3.62943
xb.xlayout_dut.aon                     2.73508
xb.xlayout_dut.aop                     2.51613
xb.xlayout_dut.atail                  0.787763
doutb                                  1.79099
doutbb                                 1.79628
xb.xlayout_dut.ltail                    2.1289
xb.xlayout_dut.mn                         3.63
xb.xlayout_dut.mp                         3.63
xb.xlayout_dut.na                      3.43661
xb.xlayout_dut.nb                      3.43411
xb.xlayout_dut.qn                         3.63
xb.xlayout_dut.qp                         3.63
xb.xlayout_dut.sn                  5.67263e-09
xb.xlayout_dut.sp                  5.61593e-09
sc                                   0.0838515
csp                                    1.69193
csn                                    1.60807
cpp                                    1.69193
cpn                                    1.60807
ibnc                                  0.880116
xc.xlayout_dut.sp__t2              5.50602e-09
xc.xlayout_dut.qp__t6                     3.63
xc.xlayout_dut.vss__t17             4.9288e-11
xc.xlayout_dut.vss__t2             5.25824e-20
xc.xlayout_dut.dout__t3                1.79099
xc.xlayout_dut.sp__t3              5.61594e-09
xc.xlayout_dut.vss__t25            2.83578e-12
xc.xlayout_dut.vss__t3             2.00544e-11
xc.xlayout_dut.dout__t2                1.77917
xc.xlayout_dut.doutb__t0               1.79628
xc.xlayout_dut.vss__t24             0.00336355
xc.xlayout_dut.vss__t4             2.38504e-11
xc.xlayout_dut.ibias__t0              0.878838
xc.xlayout_dut.ibias__t1              0.880116
xc.xlayout_dut.vss__t20            0.000254896
xc.xlayout_dut.vss__t8             2.24078e-11
xc.xlayout_dut.sn__t2              5.50593e-09
xc.xlayout_dut.qn__t6                     3.63
xc.xlayout_dut.vss__t23            4.91962e-11
xc.xlayout_dut.vss__t5             5.24828e-20
xc.xlayout_dut.doutb__t1               1.79628
xc.xlayout_dut.sn__t3              5.67263e-09
xc.xlayout_dut.vss__t22            2.83434e-12
xc.xlayout_dut.vss__t6              2.0087e-11
xc.xlayout_dut.doutb__t4                1.7856
xc.xlayout_dut.dout__t4                1.79099
xc.xlayout_dut.vss__t21             0.00333888
xc.xlayout_dut.vss__t7             2.46018e-11
xc.xlayout_dut.qn__t4                     3.63
xc.xlayout_dut.qp__t0                     3.63
xc.xlayout_dut.mn__t0                     3.63
xc.xlayout_dut.vss__t9              4.7653e-11
xc.xlayout_dut.mn__t1                     3.63
xc.xlayout_dut.aop__t2                 3.19786
xc.xlayout_dut.ltail__t0               2.51962
xc.xlayout_dut.vss__t11            3.67767e-11
xc.xlayout_dut.atail__t0               0.79441
xc.xlayout_dut.ibias__t2              0.880116
xc.xlayout_dut.vss__t19            0.000496991
xc.xlayout_dut.vss__t13            1.94777e-11
xc.xlayout_dut.qp__t1                     3.63
xc.xlayout_dut.qn__t5                     3.63
xc.xlayout_dut.mp__t2                     3.63
xc.xlayout_dut.vss__t10            4.77388e-11
xc.xlayout_dut.ltail__t1               2.51962
xc.xlayout_dut.clk__t2                       0
xc.xlayout_dut.vss__t18            1.31047e-11
xc.xlayout_dut.vss__t14            1.36352e-11
xc.xlayout_dut.mp__t1                     3.63
xc.xlayout_dut.aon__t0                 2.05162
xc.xlayout_dut.ltail__t2               2.51962
xc.xlayout_dut.vss__t12            3.71454e-11
xc.xlayout_dut.aon__t1                 2.05034
xc.xlayout_dut.vinp__t0                1.69193
xc.xlayout_dut.atail__t1              0.795077
xc.xlayout_dut.vss__t15            8.78452e-11
xc.xlayout_dut.aop__t1                 3.19732
xc.xlayout_dut.vinn__t0                1.60807
xc.xlayout_dut.atail__t2              0.795056
xc.xlayout_dut.vss__t16            3.10035e-07
xc.xlayout_dut.mn__t2                     3.63
xc.xlayout_dut.clk__t0                       0
xc.xlayout_dut.vdd__t0                    3.63
xc.xlayout_dut.vdd__t1                    3.63
xc.xlayout_dut.qn__t1                     3.63
xc.xlayout_dut.clk__t1                       0
xc.xlayout_dut.vdd__t2                    3.63
xc.xlayout_dut.vdd__t3                    3.63
xc.xlayout_dut.sp__t0              5.85675e-09
xc.xlayout_dut.qp__t2                     3.63
xc.xlayout_dut.vdd__t4                    3.63
xc.xlayout_dut.vdd__t5                    3.63
xc.xlayout_dut.mp__t0                     3.63
xc.xlayout_dut.clk__t4                       0
xc.xlayout_dut.vdd__t21                   3.63
xc.xlayout_dut.vdd__t20                   3.63
xc.xlayout_dut.qn__t0                     3.63
xc.xlayout_dut.qp__t3                     3.63
xc.xlayout_dut.vdd__t6                    3.63
xc.xlayout_dut.vdd__t7                    3.63
xc.xlayout_dut.qp__t4                     3.63
xc.xlayout_dut.clk__t3                       0
xc.xlayout_dut.vdd__t19                   3.63
xc.xlayout_dut.vdd__t18                   3.63
xc.xlayout_dut.na__t1                  3.43873
xc.xlayout_dut.sp__t1              5.61594e-09
xc.xlayout_dut.vdd__t23                3.62544
xc.xlayout_dut.vdd__t8                    3.63
xc.xlayout_dut.dout__t0                1.79967
xc.xlayout_dut.doutb__t2               1.79628
xc.xlayout_dut.na__t0                  3.43449
xc.xlayout_dut.vdd__t13                   3.63
xc.xlayout_dut.sn__t0              5.93452e-09
xc.xlayout_dut.qn__t3                     3.63
xc.xlayout_dut.vdd__t17                   3.63
xc.xlayout_dut.vdd__t16                   3.63
xc.xlayout_dut.qp__t5                     3.63
xc.xlayout_dut.qn__t2                     3.63
xc.xlayout_dut.vdd__t15                   3.63
xc.xlayout_dut.vdd__t14                   3.63
xc.xlayout_dut.nb__t1                  3.43954
xc.xlayout_dut.sn__t1              5.67263e-09
xc.xlayout_dut.vdd__t22                3.62509
xc.xlayout_dut.vdd__t12                   3.63
xc.xlayout_dut.doutb__t3               1.81953
xc.xlayout_dut.dout__t1                1.79099
xc.xlayout_dut.nb__t0                  3.42867
xc.xlayout_dut.vdd__t11                   3.63
xc.xlayout_dut.aon__t2                 2.05214
xc.xlayout_dut.x$28.11                 2.05352
xc.xlayout_dut.vss__t0                       0
xc.xlayout_dut.x$28.21                 3.62658
xc.xlayout_dut.vdd__t10                3.62796
xc.xlayout_dut.aop__t0                 3.19801
xc.xlayout_dut.x$29.11                 3.19839
xc.xlayout_dut.vss__t1                       0
xc.xlayout_dut.x$29.21                  3.6294
xc.xlayout_dut.vdd__t9                 3.62978
xc.xlayout_dut.aon                     2.05162
xc.xlayout_dut.aop                     3.19786
xc.xlayout_dut.atail                  0.794909
doutc                                  1.79099
doutbc                                 1.79628
xc.xlayout_dut.ltail                   2.51962
xc.xlayout_dut.mn                         3.63
xc.xlayout_dut.mp                         3.63
xc.xlayout_dut.na                      3.43661
xc.xlayout_dut.nb                      3.43411
xc.xlayout_dut.qn                         3.63
xc.xlayout_dut.qp                         3.63
xc.xlayout_dut.sn                  5.67263e-09
xc.xlayout_dut.sp                  5.61594e-09
ad                                -2.22045e-15
bd                                  -0.0151485
cd                                   0.0838515
bc                                  2.7682e-10
dan                                   0.493385
dbn                                   0.493385
dcn                                   0.493385
bdcn#branch                                  0
bdbn#branch                                  0
bdan#branch                                  0
bbc#branch                                   0
bcd#branch                                   0
bbd#branch                                   0
bad#branch                                   0
ecsn#branch                        2.69786e-19
ecsp#branch                        2.83853e-19
ebsn#branch                         2.7809e-19
ebsp#branch                        2.75549e-19
easn#branch                       -2.12696e-18
easp#branch                       -2.17758e-18
vsc#branch                                   0
vsb#branch                                   0
vsa#branch                                   0
vclk#branch                                  0
vcm#branch                        -3.19726e-18
vsup#branch                        -0.00179951

 Reference value :  4.16400e-10
 Reference value :  3.26140e-09
 Reference value :  6.87640e-09
 Reference value :  9.72640e-09
 Reference value :  1.23914e-08
 Reference value :  1.51364e-08
 Reference value :  1.78964e-08
 Reference value :  2.05764e-08
 Reference value :  2.34114e-08
 Reference value :  2.60914e-08
 Reference value :  2.91114e-08
 Reference value :  3.13785e-08
 Reference value :  3.42885e-08
 Reference value :  3.74135e-08
 Reference value :  4.02016e-08
 Reference value :  4.30475e-08
 Reference value :  4.59175e-08
 Reference value :  4.89075e-08
 Reference value :  5.18175e-08
 Reference value :  5.45425e-08
 Reference value :  5.71975e-08
 Reference value :  5.99475e-08
No. of Data Rows : 12052
ad_pos              =  1.13386e-02 at=  4.04675e-08
ad_neg              =  -1.43310e-02 at=  3.02535e-08
ap0                 =  1.64243e+00
apmax               =  1.65376e+00 at=  4.04675e-08
apmin               =  1.62809e+00 at=  3.02535e-08
bd0                 =  -1.51487e-02
bd1                 =  -1.51484e-02
cd0                 =  8.38508e-02
cd1                 =  8.38052e-02
bc0                 =  1.93178e-05
bc1                 =  1.29841e-04
bp0                 =  1.64244e+00
bn0                 =  1.65759e+00
bp1                 =  1.64256e+00
bn1                 =  1.65770e+00
da_end              =  9.99992e-01
db_end              =  9.99992e-01
dc_end              =  9.99992e-01
m_kick_1k_peak_mv = 1.4331020000e+01
m_kick_1k_pos_mv = 1.1338570000e+01
m_kick_1k_neg_mv = -1.433102000e+01
m_kick_1k_raw_mv = 1.4331000000e+01
m_kick_resid_small_nv = 2.8000000000e+02
m_kick_resid_big_nv = -4.564000000e+04
m_kick_sigdep_nv = 4.5920000000e+04
m_kick_cm_nv = 1.1052276000e+05
m_kick_resid_raw_uv = 9.9999999992e-01
m_q_resid_small_ac = 2.8000000000e-01
m_dout_1k_end = 9.9999150000e-01
m_dout_float_small_end = 9.9999150000e-01
m_dout_float_big_end = 9.9999150000e-01
Note: Simulation executed from .control section 

Warning: m=xx on .subckt line will override multiplier m hierarchy!

Note: Starting dynamic gmin stepping
Note: Dynamic gmin stepping completed
