
Note: Compatibility modes selected: hs a


Circuit: * comparator-kickback-vosprobe @ ff_27c_3.30v -- generated by sim/harness, do not edit

Doing analysis at TEMP = 27.000000 and TNOM = 27.000000

Using SPARSE 1.3 as Direct Linear Solver

Initial Transient Solution
--------------------------

Node                                   Voltage
----                                   -------
vdd                                        3.3
cm                                        1.65
clk                                          0
rmp                                      -0.04
vp                                        1.63
vn                                        1.67
ibn                                   0.880116
xdut.xlayout_dut.sp__t2            4.25729e-09
xdut.xlayout_dut.qp__t6                    3.3
xdut.xlayout_dut.vss__t17          3.66618e-11
xdut.xlayout_dut.vss__t2           4.06433e-20
xdut.xlayout_dut.dout__t3              1.61781
xdut.xlayout_dut.sp__t3            4.33904e-09
xdut.xlayout_dut.vss__t25          2.75948e-12
xdut.xlayout_dut.vss__t3           1.81152e-11
xdut.xlayout_dut.dout__t2              1.60845
xdut.xlayout_dut.doutb__t0             1.62194
xdut.xlayout_dut.vss__t24           0.00266361
xdut.xlayout_dut.vss__t4           1.92772e-11
xdut.xlayout_dut.ibias__t0            0.878838
xdut.xlayout_dut.ibias__t1            0.880116
xdut.xlayout_dut.vss__t20          0.000254896
xdut.xlayout_dut.vss__t8           2.24078e-11
xdut.xlayout_dut.sn__t2            4.25722e-09
xdut.xlayout_dut.qn__t6                    3.3
xdut.xlayout_dut.vss__t23          3.65936e-11
xdut.xlayout_dut.vss__t5           4.05663e-20
xdut.xlayout_dut.doutb__t1             1.62194
xdut.xlayout_dut.sn__t3            4.38121e-09
xdut.xlayout_dut.vss__t22          2.75762e-12
xdut.xlayout_dut.vss__t6           1.81373e-11
xdut.xlayout_dut.doutb__t4             1.61348
xdut.xlayout_dut.dout__t4              1.61781
xdut.xlayout_dut.vss__t21           0.00264504
xdut.xlayout_dut.vss__t7           1.93823e-11
xdut.xlayout_dut.qn__t4                    3.3
xdut.xlayout_dut.qp__t0                    3.3
xdut.xlayout_dut.mn__t0                    3.3
xdut.xlayout_dut.vss__t9           4.33209e-11
xdut.xlayout_dut.mn__t1                    3.3
xdut.xlayout_dut.aop__t2               2.00708
xdut.xlayout_dut.ltail__t0             2.00143
xdut.xlayout_dut.vss__t11          3.17043e-11
xdut.xlayout_dut.atail__t0            0.788245
xdut.xlayout_dut.ibias__t2            0.880116
xdut.xlayout_dut.vss__t19           0.00049696
xdut.xlayout_dut.vss__t13          1.93267e-11
xdut.xlayout_dut.qp__t1                    3.3
xdut.xlayout_dut.qn__t5                    3.3
xdut.xlayout_dut.mp__t2                    3.3
xdut.xlayout_dut.vss__t10          4.33989e-11
xdut.xlayout_dut.ltail__t1             2.00143
xdut.xlayout_dut.clk__t2                     0
xdut.xlayout_dut.vss__t18          1.21513e-11
xdut.xlayout_dut.vss__t14          1.08113e-11
xdut.xlayout_dut.mp__t1                    3.3
xdut.xlayout_dut.aon__t0                2.5844
xdut.xlayout_dut.ltail__t2             2.00143
xdut.xlayout_dut.vss__t12          3.20222e-11
xdut.xlayout_dut.aon__t1               2.58382
xdut.xlayout_dut.vinp__t0                 1.63
xdut.xlayout_dut.atail__t1             0.78882
xdut.xlayout_dut.vss__t15          1.09845e-08
xdut.xlayout_dut.aop__t1               2.00547
xdut.xlayout_dut.vinn__t0                 1.67
xdut.xlayout_dut.atail__t2            0.789186
xdut.xlayout_dut.vss__t16           7.7115e-11
xdut.xlayout_dut.mn__t2                    3.3
xdut.xlayout_dut.clk__t0                     0
xdut.xlayout_dut.vdd__t0                   3.3
xdut.xlayout_dut.vdd__t1                   3.3
xdut.xlayout_dut.qn__t1                    3.3
xdut.xlayout_dut.clk__t1                     0
xdut.xlayout_dut.vdd__t2                   3.3
xdut.xlayout_dut.vdd__t3                   3.3
xdut.xlayout_dut.sp__t0            4.51817e-09
xdut.xlayout_dut.qp__t2                    3.3
xdut.xlayout_dut.vdd__t4                   3.3
xdut.xlayout_dut.vdd__t5                   3.3
xdut.xlayout_dut.mp__t0                    3.3
xdut.xlayout_dut.clk__t4                     0
xdut.xlayout_dut.vdd__t21                  3.3
xdut.xlayout_dut.vdd__t20                  3.3
xdut.xlayout_dut.qn__t0                    3.3
xdut.xlayout_dut.qp__t3                    3.3
xdut.xlayout_dut.vdd__t6                   3.3
xdut.xlayout_dut.vdd__t7                   3.3
xdut.xlayout_dut.qp__t4                    3.3
xdut.xlayout_dut.clk__t3                     0
xdut.xlayout_dut.vdd__t19                  3.3
xdut.xlayout_dut.vdd__t18                  3.3
xdut.xlayout_dut.na__t1                3.13969
xdut.xlayout_dut.sp__t1            4.33904e-09
xdut.xlayout_dut.vdd__t23              3.29639
xdut.xlayout_dut.vdd__t8                   3.3
xdut.xlayout_dut.dout__t0              1.62469
xdut.xlayout_dut.doutb__t2             1.62194
xdut.xlayout_dut.na__t0                3.13633
xdut.xlayout_dut.vdd__t13                  3.3
xdut.xlayout_dut.sn__t0            4.57601e-09
xdut.xlayout_dut.qn__t3                    3.3
xdut.xlayout_dut.vdd__t17                  3.3
xdut.xlayout_dut.vdd__t16                  3.3
xdut.xlayout_dut.qp__t5                    3.3
xdut.xlayout_dut.qn__t2                    3.3
xdut.xlayout_dut.vdd__t15                  3.3
xdut.xlayout_dut.vdd__t14                  3.3
xdut.xlayout_dut.nb__t1                3.14033
xdut.xlayout_dut.sn__t1            4.38121e-09
xdut.xlayout_dut.vdd__t22              3.29611
xdut.xlayout_dut.vdd__t12                  3.3
xdut.xlayout_dut.doutb__t3             1.64036
xdut.xlayout_dut.dout__t1              1.61781
xdut.xlayout_dut.nb__t0                3.13172
xdut.xlayout_dut.vdd__t11                  3.3
xdut.xlayout_dut.aon__t2               2.58464
xdut.xlayout_dut.x$28.11               2.58526
xdut.xlayout_dut.vss__t0                     0
xdut.xlayout_dut.x$28.21               3.29845
xdut.xlayout_dut.vdd__t10              3.29908
xdut.xlayout_dut.aop__t0               2.00754
xdut.xlayout_dut.x$29.11               2.00867
xdut.xlayout_dut.vss__t1                     0
xdut.xlayout_dut.x$29.21               3.29821
xdut.xlayout_dut.vdd__t9               3.29934
xdut.xlayout_dut.aon                    2.5844
vsubs                                        0
xdut.xlayout_dut.aop                   2.00708
xdut.xlayout_dut.atail                0.788744
dout                                   1.61781
doutb                                  1.62194
xdut.xlayout_dut.ltail                 2.00143
xdut.xlayout_dut.mn                        3.3
xdut.xlayout_dut.mp                        3.3
xdut.xlayout_dut.na                    3.13801
xdut.xlayout_dut.nb                    3.13602
xdut.xlayout_dut.qn                        3.3
xdut.xlayout_dut.qp                        3.3
xdut.xlayout_dut.sn                4.38121e-09
xdut.xlayout_dut.sp                4.33904e-09
dn                                    0.490246
bdn#branch                                   0
bnn#branch                         1.17161e-18
bpp#branch                          3.4199e-19
vrmp#branch                                  0
vclk#branch                                  0
vcm#branch                                   0
vsup#branch                       -0.000481393

 Reference value :  9.00308e-08
 Reference value :  2.40096e-07
 Reference value :  3.90104e-07
 Reference value :  5.50126e-07
 Reference value :  7.00743e-07
 Reference value :  8.52753e-07
 Reference value :  1.06081e-06
 Reference value :  1.23009e-06
 Reference value :  1.38019e-06
 Reference value :  1.53015e-06
 Reference value :  1.68024e-06
 Reference value :  1.83114e-06
 Reference value :  1.99141e-06
 Reference value :  2.16051e-06
 Reference value :  2.32071e-06
 Reference value :  2.49007e-06
 Reference value :  2.64048e-06
 Reference value :  2.80011e-06
 Reference value :  2.95083e-06
 Reference value :  3.10140e-06
 Reference value :  3.27006e-06
 Reference value :  3.42004e-06
 Reference value :  3.57012e-06
 Reference value :  3.73088e-06
 Reference value :  3.90108e-06
 Reference value :  4.08013e-06
 Reference value :  4.23144e-06
 Reference value :  4.39052e-06
 Reference value :  4.56087e-06
 Reference value :  4.71182e-06
 Reference value :  4.86120e-06
 Reference value :  5.02063e-06
 Reference value :  5.18244e-06
 Reference value :  5.34010e-06
 Reference value :  5.50088e-06
 Reference value :  5.67009e-06
 Reference value :  5.82021e-06
 Reference value :  5.98017e-06
 Reference value :  6.13076e-06
 Reference value :  6.28134e-06
 Reference value :  6.45113e-06
 Reference value :  6.61082e-06
 Reference value :  6.78030e-06
 Reference value :  6.94091e-06
 Reference value :  7.09315e-06
 Reference value :  7.26002e-06
 Reference value :  7.41027e-06
 Reference value :  7.57019e-06
 Reference value :  7.74001e-06
 Reference value :  7.92042e-06
 Reference value :  8.08116e-06
 Reference value :  8.25010e-06
 Reference value :  8.41014e-06
 Reference value :  8.56757e-06
 Reference value :  8.73010e-06
 Reference value :  8.89042e-06
 Reference value :  9.04082e-06
 Reference value :  9.21009e-06
 Reference value :  9.37012e-06
 Reference value :  9.52090e-06
 Reference value :  9.70021e-06
 Reference value :  9.85097e-06
 Reference value :  1.00203e-05
 Reference value :  1.01815e-05
 Reference value :  1.03504e-05
 Reference value :  1.05105e-05
 Reference value :  1.06800e-05
 Reference value :  1.08302e-05
 Reference value :  1.09902e-05
 Reference value :  1.11408e-05
 Reference value :  1.13244e-05
 Reference value :  1.14904e-05
 Reference value :  1.16502e-05
 Reference value :  1.18201e-05
 Reference value :  1.19806e-05
 Reference value :  1.21504e-05
 Reference value :  1.23101e-05
 Reference value :  1.24617e-05
 Reference value :  1.26403e-05
 Reference value :  1.28101e-05
 Reference value :  1.29702e-05
 Reference value :  1.31805e-05
 Reference value :  1.33503e-05
 Reference value :  1.35105e-05
 Reference value :  1.36805e-05
 Reference value :  1.38601e-05
 Reference value :  1.40207e-05
 Reference value :  1.41901e-05
 Reference value :  1.43514e-05
 Reference value :  1.45306e-05
 Reference value :  1.47101e-05
 Reference value :  1.48801e-05
 Reference value :  1.50578e-05
 Reference value :  1.52202e-05
 Reference value :  1.53901e-05
 Reference value :  1.55502e-05
 Reference value :  1.57200e-05
 Reference value :  1.58704e-05
 Reference value :  1.60279e-05
 Reference value :  1.61816e-05
 Reference value :  1.63601e-05
 Reference value :  1.65107e-05
 Reference value :  1.66906e-05
 Reference value :  1.68606e-05
 Reference value :  1.70207e-05
 Reference value :  1.71902e-05
 Reference value :  1.73507e-05
 Reference value :  1.75301e-05
 Reference value :  1.76817e-05
 Reference value :  1.78505e-05
 Reference value :  1.80107e-05
 Reference value :  1.81804e-05
 Reference value :  1.83401e-05
 Reference value :  1.85115e-05
 Reference value :  1.86714e-05
 Reference value :  1.88507e-05
 Reference value :  1.90207e-05
 Reference value :  1.92004e-05
 Reference value :  1.93808e-05
 Reference value :  1.95604e-05
 Reference value :  1.97405e-05
 Reference value :  1.99204e-05
 Reference value :  2.01007e-05
 Reference value :  2.02801e-05
 Reference value :  2.04409e-05
 Reference value :  2.06502e-05
 Reference value :  2.08301e-05
 Reference value :  2.09880e-05
 Reference value :  2.11501e-05
 Reference value :  2.13102e-05
 Reference value :  2.14804e-05
 Reference value :  2.16408e-05
 Reference value :  2.18211e-05
 Reference value :  2.20006e-05
 Reference value :  2.21702e-05
 Reference value :  2.23503e-05
 Reference value :  2.25110e-05
 Reference value :  2.26902e-05
 Reference value :  2.28408e-05
 Reference value :  2.30201e-05
 Reference value :  2.31901e-05
 Reference value :  2.33503e-05
 Reference value :  2.35201e-05
 Reference value :  2.36809e-05
 Reference value :  2.38501e-05
 Reference value :  2.40307e-05
 Reference value :  2.42101e-05
 Reference value :  2.43707e-05
 Reference value :  2.45406e-05
 Reference value :  2.47201e-05
 Reference value :  2.48808e-05
 Reference value :  2.50507e-05
 Reference value :  2.52103e-05
 Reference value :  2.53800e-05
 Reference value :  2.55401e-05
 Reference value :  2.57101e-05
 Reference value :  2.58708e-05
 Reference value :  2.60401e-05
 Reference value :  2.62008e-05
 Reference value :  2.63702e-05
 Reference value :  2.65307e-05
 Reference value :  2.67002e-05
 Reference value :  2.68607e-05
 Reference value :  2.70608e-05
 Reference value :  2.72701e-05
 Reference value :  2.74302e-05
 Reference value :  2.76401e-05
 Reference value :  2.78201e-05
 Reference value :  2.79901e-05
 Reference value :  2.81412e-05
 Reference value :  2.83005e-05
 Reference value :  2.84701e-05
 Reference value :  2.86213e-05
 Reference value :  2.88005e-05
 Reference value :  2.89611e-05
 Reference value :  2.91301e-05
 Reference value :  2.92906e-05
 Reference value :  2.94422e-05
 Reference value :  2.96201e-05
 Reference value :  2.97709e-05
 Reference value :  2.99406e-05
 Reference value :  3.01002e-05
 Reference value :  3.02701e-05
 Reference value :  3.04500e-05
 Reference value :  3.06102e-05
 Reference value :  3.07805e-05
 Reference value :  3.09535e-05
 Reference value :  3.11411e-05
 Reference value :  3.13201e-05
 Reference value :  3.14749e-05
 Reference value :  3.16512e-05
 Reference value :  3.18121e-05
 Reference value :  3.19816e-05
 Reference value :  3.21410e-05
 Reference value :  3.23124e-05
 Reference value :  3.24900e-05
 Reference value :  3.26502e-05
 Reference value :  3.28208e-05
 Reference value :  3.30001e-05
 Reference value :  3.31602e-05
 Reference value :  3.33301e-05
 Reference value :  3.34903e-05
 Reference value :  3.36701e-05
 Reference value :  3.38212e-05
 Reference value :  3.39914e-05
 Reference value :  3.41700e-05
 Reference value :  3.43326e-05
 Reference value :  3.45108e-05
 Reference value :  3.47201e-05
 Reference value :  3.49305e-05
 Reference value :  3.51105e-05
 Reference value :  3.52808e-05
 Reference value :  3.54600e-05
 Reference value :  3.56202e-05
 Reference value :  3.58002e-05
 Reference value :  3.59701e-05
 Reference value :  3.61504e-05
 Reference value :  3.63304e-05
 Reference value :  3.65110e-05
 Reference value :  3.66901e-05
 Reference value :  3.68512e-05
 Reference value :  3.70204e-05
 Reference value :  3.71803e-05
 Reference value :  3.73501e-05
 Reference value :  3.75104e-05
 Reference value :  3.76801e-05
 Reference value :  3.78402e-05
 Reference value :  3.80101e-05
 Reference value :  3.81900e-05
 Reference value :  3.83508e-05
 Reference value :  3.85201e-05
 Reference value :  3.86803e-05
 Reference value :  3.88501e-05
 Reference value :  3.90102e-05
 Reference value :  3.91614e-05
 Reference value :  3.93309e-05
 Reference value :  3.94907e-05
 Reference value :  3.96602e-05
 Reference value :  3.98400e-05
 Reference value :  4.00009e-05
 Reference value :  4.02001e-05
 Reference value :  4.03608e-05
 Reference value :  4.05401e-05
 Reference value :  4.07107e-05
 Reference value :  4.08713e-05
 Reference value :  4.10700e-05
 Reference value :  4.12804e-05
 Reference value :  4.14706e-05
 Reference value :  4.16401e-05
 Reference value :  4.18044e-05
 Reference value :  4.19802e-05
 Reference value :  4.21501e-05
 Reference value :  4.23105e-05
 Reference value :  4.24905e-05
 Reference value :  4.26601e-05
 Reference value :  4.28209e-05
 Reference value :  4.29900e-05
 Reference value :  4.31409e-05
 Reference value :  4.33007e-05
 Reference value :  4.34704e-05
 Reference value :  4.36307e-05
 Reference value :  4.37977e-05
 Reference value :  4.39501e-05
 Reference value :  4.41041e-05
 Reference value :  4.42610e-05
 Reference value :  4.44436e-05
 Reference value :  4.46206e-05
 Reference value :  4.47900e-05
 Reference value :  4.49411e-05
 Reference value :  4.51009e-05
 Reference value :  4.52704e-05
 Reference value :  4.54306e-05
 Reference value :  4.56001e-05
 Reference value :  4.57802e-05
 Reference value :  4.59402e-05
 Reference value :  4.61112e-05
 Reference value :  4.62709e-05
 Reference value :  4.64401e-05
 Reference value :  4.65915e-05
 Reference value :  4.67701e-05
 Reference value :  4.69205e-05
 Reference value :  4.70806e-05
 Reference value :  4.72307e-05
 Reference value :  4.74001e-05
 Reference value :  4.75505e-05
 Reference value :  4.77411e-05
 Reference value :  4.79101e-05
 Reference value :  4.80702e-05
 Reference value :  4.82208e-05
 Reference value :  4.83738e-05
 Reference value :  4.85400e-05
 Reference value :  4.86901e-05
 Reference value :  4.88404e-05
 Reference value :  4.90005e-05
 Reference value :  4.91701e-05
 Reference value :  4.93500e-05
 Reference value :  4.95303e-05
 Reference value :  4.96902e-05
 Reference value :  4.98410e-05
 Reference value :  5.00102e-05
 Reference value :  5.01702e-05
 Reference value :  5.03209e-05
 Reference value :  5.04707e-05
 Reference value :  5.06400e-05
 Reference value :  5.07901e-05
 Reference value :  5.09402e-05
 Reference value :  5.11002e-05
 Reference value :  5.12508e-05
 Reference value :  5.14201e-05
 Reference value :  5.15704e-05
 Reference value :  5.17210e-05
 Reference value :  5.18801e-05
 Reference value :  5.20303e-05
 Reference value :  5.22000e-05
 Reference value :  5.23501e-05
 Reference value :  5.25110e-05
 Reference value :  5.26801e-05
 Reference value :  5.28305e-05
 Reference value :  5.29819e-05
 Reference value :  5.31602e-05
 Reference value :  5.33109e-05
 Reference value :  5.34707e-05
 Reference value :  5.36401e-05
 Reference value :  5.38002e-05
 Reference value :  5.39701e-05
 Reference value :  5.41501e-05
 Reference value :  5.43301e-05
 Reference value :  5.44802e-05
 Reference value :  5.46301e-05
 Reference value :  5.47801e-05
 Reference value :  5.49304e-05
 Reference value :  5.50859e-05
 Reference value :  5.52602e-05
 Reference value :  5.54205e-05
 Reference value :  5.55900e-05
 Reference value :  5.57415e-05
 Reference value :  5.59008e-05
 Reference value :  5.60701e-05
 Reference value :  5.62201e-05
 Reference value :  5.63702e-05
 Reference value :  5.65229e-05
 Reference value :  5.66706e-05
 Reference value :  5.68203e-05
 Reference value :  5.69710e-05
 Reference value :  5.71301e-05
 Reference value :  5.73000e-05
 Reference value :  5.74514e-05
 Reference value :  5.76104e-05
 Reference value :  5.77611e-05
 Reference value :  5.79304e-05
 Reference value :  5.80901e-05
 Reference value :  5.82405e-05
 Reference value :  5.84101e-05
 Reference value :  5.85601e-05
 Reference value :  5.87104e-05
 Reference value :  5.88900e-05
 Reference value :  5.90412e-05
 Reference value :  5.92004e-05
 Reference value :  5.93701e-05
 Reference value :  5.95302e-05
 Reference value :  5.97001e-05
 Reference value :  5.98508e-05
 Reference value :  6.00101e-05
 Reference value :  6.01800e-05
 Reference value :  6.03405e-05
 Reference value :  6.05410e-05
 Reference value :  6.07201e-05
 Reference value :  6.08808e-05
 Reference value :  6.10500e-05
 Reference value :  6.12102e-05
 Reference value :  6.13610e-05
 Reference value :  6.15314e-05
 Reference value :  6.16906e-05
 Reference value :  6.18702e-05
 Reference value :  6.20408e-05
 Reference value :  6.22602e-05
 Reference value :  6.24606e-05
 Reference value :  6.26401e-05
 Reference value :  6.28008e-05
 Reference value :  6.29802e-05
 Reference value :  6.31308e-05
 Reference value :  6.33007e-05
 Reference value :  6.34800e-05
 Reference value :  6.36305e-05
 Reference value :  6.38107e-05
 Reference value :  6.39901e-05
 Reference value :  6.41506e-05
 Reference value :  6.43301e-05
 Reference value :  6.45002e-05
 Reference value :  6.46610e-05
 Reference value :  6.48308e-05
 Reference value :  6.50101e-05
 Reference value :  6.51605e-05
 Reference value :  6.53204e-05
 Reference value :  6.54710e-05
 Reference value :  6.56404e-05
 Reference value :  6.58204e-05
 Reference value :  6.60000e-05
 Reference value :  6.61604e-05
 Reference value :  6.63110e-05
 Reference value :  6.64902e-05
 Reference value :  6.66600e-05
 Reference value :  6.68201e-05
 Reference value :  6.69736e-05
 Reference value :  6.71435e-05
 Reference value :  6.73203e-05
 Reference value :  6.75303e-05
 Reference value :  6.76924e-05
 Reference value :  6.78604e-05
 Reference value :  6.80202e-05
 Reference value :  6.81901e-05
 Reference value :  6.83416e-05
 Reference value :  6.85014e-05
 Reference value :  6.86704e-05
 Reference value :  6.88501e-05
 Reference value :  6.90106e-05
 Reference value :  6.91802e-05
 Reference value :  6.93604e-05
 Reference value :  6.95218e-05
 Reference value :  6.96909e-05
 Reference value :  6.98702e-05
 Reference value :  7.00306e-05
 Reference value :  7.02002e-05
 Reference value :  7.03504e-05
 Reference value :  7.05108e-05
 Reference value :  7.06802e-05
 Reference value :  7.08601e-05
 Reference value :  7.10208e-05
 Reference value :  7.11903e-05
 Reference value :  7.13508e-05
 Reference value :  7.15201e-05
 Reference value :  7.16721e-05
 Reference value :  7.18311e-05
 Reference value :  7.20003e-05
 Reference value :  7.21505e-05
 Reference value :  7.23102e-05
 Reference value :  7.24611e-05
 Reference value :  7.26301e-05
 Reference value :  7.28104e-05
 Reference value :  7.29709e-05
 Reference value :  7.31402e-05
 Reference value :  7.33002e-05
 Reference value :  7.34707e-05
 Reference value :  7.36308e-05
 Reference value :  7.38001e-05
 Reference value :  7.39505e-05
 Reference value :  7.41008e-05
 Reference value :  7.42604e-05
 Reference value :  7.44305e-05
 Reference value :  7.46505e-05
 Reference value :  7.48200e-05
 Reference value :  7.49714e-05
 Reference value :  7.51305e-05
 Reference value :  7.52810e-05
 Reference value :  7.54503e-05
 Reference value :  7.56102e-05
 Reference value :  7.57801e-05
 Reference value :  7.59408e-05
 Reference value :  7.61107e-05
 Reference value :  7.62911e-05
 Reference value :  7.64508e-05
 Reference value :  7.66204e-05
 Reference value :  7.67801e-05
 Reference value :  7.69310e-05
 Reference value :  7.71105e-05
 Reference value :  7.72800e-05
 Reference value :  7.74305e-05
 Reference value :  7.75906e-05
 Reference value :  7.77710e-05
 Reference value :  7.79406e-05
 Reference value :  7.81204e-05
 Reference value :  7.82801e-05
 Reference value :  7.84503e-05
 Reference value :  7.86106e-05
 Reference value :  7.87801e-05
 Reference value :  7.89307e-05
 Reference value :  7.90909e-05
 Reference value :  7.92417e-05
 Reference value :  7.94103e-05
 Reference value :  7.95908e-05
 Reference value :  7.97508e-05
 Reference value :  7.99207e-05
No. of Data Rows : 475919
t_flip              =  2.67916e-05
vos_v               =  -1.32084e-02
m_dut_vos = -1.320838000e-02
Note: Simulation executed from .control section 

Warning: m=xx on .subckt line will override multiplier m hierarchy!

Note: Starting dynamic gmin stepping
Note: Dynamic gmin stepping completed
