
Note: Compatibility modes selected: hs a


Circuit: * comparator-kickback-vosprobe @ fs_-40c_2.97v -- generated by sim/harness, do not edit

Doing analysis at TEMP = -40.000000 and TNOM = 27.000000

Using SPARSE 1.3 as Direct Linear Solver

Initial Transient Solution
--------------------------

Node                                   Voltage
----                                   -------
vdd                                       2.97
cm                                        1.65
clk                                          0
rmp                                      -0.04
vp                                        1.63
vn                                        1.67
ibn                                    0.92481
xdut.xlayout_dut.sp__t2            2.87044e-09
xdut.xlayout_dut.qp__t6                   2.97
xdut.xlayout_dut.vss__t17          2.87117e-11
xdut.xlayout_dut.vss__t2             2.744e-20
xdut.xlayout_dut.dout__t3          3.06524e-09
xdut.xlayout_dut.sp__t3            2.93447e-09
xdut.xlayout_dut.vss__t25           8.8658e-23
xdut.xlayout_dut.vss__t3           3.43225e-20
xdut.xlayout_dut.dout__t2          2.93712e-09
xdut.xlayout_dut.doutb__t0                2.97
xdut.xlayout_dut.vss__t24          3.64603e-11
xdut.xlayout_dut.vss__t4           3.50139e-20
xdut.xlayout_dut.ibias__t0            0.923532
xdut.xlayout_dut.ibias__t1             0.92481
xdut.xlayout_dut.vss__t20          0.000254896
xdut.xlayout_dut.vss__t8           2.35469e-11
xdut.xlayout_dut.sn__t2            2.87039e-09
xdut.xlayout_dut.qn__t6                   2.97
xdut.xlayout_dut.vss__t23          2.86582e-11
xdut.xlayout_dut.vss__t5           2.73879e-20
xdut.xlayout_dut.doutb__t1                2.97
xdut.xlayout_dut.sn__t3             2.9675e-09
xdut.xlayout_dut.vss__t22          1.33486e-15
xdut.xlayout_dut.vss__t6           3.32122e-11
xdut.xlayout_dut.doutb__t4                2.97
xdut.xlayout_dut.dout__t4          3.06524e-09
xdut.xlayout_dut.vss__t21          1.40391e-15
xdut.xlayout_dut.vss__t7           3.49301e-11
xdut.xlayout_dut.qn__t4                   2.97
xdut.xlayout_dut.qp__t0                   2.97
xdut.xlayout_dut.mn__t0                   2.97
xdut.xlayout_dut.vss__t9           3.89888e-11
xdut.xlayout_dut.mn__t1                   2.97
xdut.xlayout_dut.aop__t2               1.16914
xdut.xlayout_dut.ltail__t0             1.41411
xdut.xlayout_dut.vss__t11          2.62184e-11
xdut.xlayout_dut.atail__t0            0.713777
xdut.xlayout_dut.ibias__t2             0.92481
xdut.xlayout_dut.vss__t19          0.000500027
xdut.xlayout_dut.vss__t13          1.75019e-11
xdut.xlayout_dut.qp__t1                   2.97
xdut.xlayout_dut.qn__t5                   2.97
xdut.xlayout_dut.mp__t2                   2.97
xdut.xlayout_dut.vss__t10           3.9059e-11
xdut.xlayout_dut.ltail__t1             1.41411
xdut.xlayout_dut.clk__t2                     0
xdut.xlayout_dut.vss__t18          4.92308e-15
xdut.xlayout_dut.vss__t14          7.63724e-12
xdut.xlayout_dut.mp__t1                   2.97
xdut.xlayout_dut.aon__t0               2.05822
xdut.xlayout_dut.ltail__t2             1.41411
xdut.xlayout_dut.vss__t12          2.64814e-11
xdut.xlayout_dut.aon__t1               2.05766
xdut.xlayout_dut.vinp__t0                 1.63
xdut.xlayout_dut.atail__t1            0.714352
xdut.xlayout_dut.vss__t15          1.53405e-10
xdut.xlayout_dut.aop__t1               1.16747
xdut.xlayout_dut.vinn__t0                 1.67
xdut.xlayout_dut.atail__t2            0.714738
xdut.xlayout_dut.vss__t16           4.5358e-11
xdut.xlayout_dut.mn__t2                   2.97
xdut.xlayout_dut.clk__t0                     0
xdut.xlayout_dut.vdd__t0                  2.97
xdut.xlayout_dut.vdd__t1                  2.97
xdut.xlayout_dut.qn__t1                   2.97
xdut.xlayout_dut.clk__t1                     0
xdut.xlayout_dut.vdd__t2                  2.97
xdut.xlayout_dut.vdd__t3                  2.97
xdut.xlayout_dut.sp__t0            3.07475e-09
xdut.xlayout_dut.qp__t2                   2.97
xdut.xlayout_dut.vdd__t4                  2.97
xdut.xlayout_dut.vdd__t5                  2.97
xdut.xlayout_dut.mp__t0                   2.97
xdut.xlayout_dut.clk__t4                     0
xdut.xlayout_dut.vdd__t21                 2.97
xdut.xlayout_dut.vdd__t20                 2.97
xdut.xlayout_dut.qn__t0                   2.97
xdut.xlayout_dut.qp__t3                   2.97
xdut.xlayout_dut.vdd__t6                  2.97
xdut.xlayout_dut.vdd__t7                  2.97
xdut.xlayout_dut.qp__t4                   2.97
xdut.xlayout_dut.clk__t3                     0
xdut.xlayout_dut.vdd__t19                 2.97
xdut.xlayout_dut.vdd__t18                 2.97
xdut.xlayout_dut.na__t1                   2.97
xdut.xlayout_dut.sp__t1            2.93447e-09
xdut.xlayout_dut.vdd__t23                 2.97
xdut.xlayout_dut.vdd__t8                  2.97
xdut.xlayout_dut.dout__t0          3.15932e-09
xdut.xlayout_dut.doutb__t2                2.97
xdut.xlayout_dut.na__t0                   2.97
xdut.xlayout_dut.vdd__t13                 2.97
xdut.xlayout_dut.sn__t0            3.12006e-09
xdut.xlayout_dut.qn__t3                   2.97
xdut.xlayout_dut.vdd__t17                 2.97
xdut.xlayout_dut.vdd__t16                 2.97
xdut.xlayout_dut.qp__t5                   2.97
xdut.xlayout_dut.qn__t2                   2.97
xdut.xlayout_dut.vdd__t15                 2.97
xdut.xlayout_dut.vdd__t14                 2.97
xdut.xlayout_dut.nb__t1                   2.97
xdut.xlayout_dut.sn__t1             2.9675e-09
xdut.xlayout_dut.vdd__t22                 2.97
xdut.xlayout_dut.vdd__t12                 2.97
xdut.xlayout_dut.doutb__t3                2.97
xdut.xlayout_dut.dout__t1          3.06524e-09
xdut.xlayout_dut.nb__t0                   2.97
xdut.xlayout_dut.vdd__t11                 2.97
xdut.xlayout_dut.aon__t2               2.05844
xdut.xlayout_dut.x$28.11               2.05946
xdut.xlayout_dut.vss__t0                     0
xdut.xlayout_dut.x$28.21                2.9681
xdut.xlayout_dut.vdd__t10              2.96912
xdut.xlayout_dut.aop__t0               1.16962
xdut.xlayout_dut.x$29.11               1.17164
xdut.xlayout_dut.vss__t1                     0
xdut.xlayout_dut.x$29.21               2.96729
xdut.xlayout_dut.vdd__t9               2.96931
xdut.xlayout_dut.aon                   2.05822
vsubs                                        0
xdut.xlayout_dut.aop                   1.16914
xdut.xlayout_dut.atail                 0.71428
dout                               3.06524e-09
doutb                                     2.97
xdut.xlayout_dut.ltail                 1.41411
xdut.xlayout_dut.mn                       2.97
xdut.xlayout_dut.mp                       2.97
xdut.xlayout_dut.na                       2.97
xdut.xlayout_dut.nb                       2.97
xdut.xlayout_dut.qn                       2.97
xdut.xlayout_dut.qp                       2.97
xdut.xlayout_dut.sn                 2.9675e-09
xdut.xlayout_dut.sp                2.93447e-09
dn                                 1.03207e-09
bdn#branch                                   0
bnn#branch                         1.17161e-18
bpp#branch                          3.4199e-19
vrmp#branch                                  0
vclk#branch                                  0
vcm#branch                                   0
vsup#branch                       -3.04068e-05

 Reference value :  1.04931e-07
 Reference value :  2.70088e-07
 Reference value :  4.20261e-07
 Reference value :  5.70076e-07
 Reference value :  7.07910e-07
 Reference value :  8.70110e-07
 Reference value :  1.02025e-06
 Reference value :  1.19676e-06
 Reference value :  1.35009e-06
 Reference value :  1.50022e-06
 Reference value :  1.65061e-06
 Reference value :  1.81015e-06
 Reference value :  1.96014e-06
 Reference value :  2.11021e-06
 Reference value :  2.26076e-06
 Reference value :  2.41138e-06
 Reference value :  2.56080e-06
 Reference value :  2.71135e-06
 Reference value :  2.88012e-06
 Reference value :  3.03038e-06
 Reference value :  3.18046e-06
 Reference value :  3.34065e-06
 Reference value :  3.52020e-06
 Reference value :  3.67047e-06
 Reference value :  3.82083e-06
 Reference value :  3.97090e-06
 Reference value :  4.12115e-06
 Reference value :  4.29009e-06
 Reference value :  4.45197e-06
 Reference value :  4.62080e-06
 Reference value :  4.78019e-06
 Reference value :  4.92309e-06
 Reference value :  5.07022e-06
 Reference value :  5.22018e-06
 Reference value :  5.38023e-06
 Reference value :  5.53021e-06
 Reference value :  5.70018e-06
 Reference value :  5.85012e-06
 Reference value :  6.01020e-06
 Reference value :  6.16047e-06
 Reference value :  6.33038e-06
 Reference value :  6.48050e-06
 Reference value :  6.63048e-06
 Reference value :  6.79020e-06
 Reference value :  6.93064e-06
 Reference value :  7.08023e-06
 Reference value :  7.23037e-06
 Reference value :  7.39072e-06
 Reference value :  7.56008e-06
 Reference value :  7.71010e-06
 Reference value :  7.86026e-06
 Reference value :  8.01111e-06
 Reference value :  8.17053e-06
 Reference value :  8.32086e-06
 Reference value :  8.47066e-06
 Reference value :  8.62108e-06
 Reference value :  8.77108e-06
 Reference value :  8.92079e-06
 Reference value :  9.09440e-06
 Reference value :  9.24059e-06
 Reference value :  9.39073e-06
 Reference value :  9.54043e-06
 Reference value :  9.70010e-06
 Reference value :  9.85012e-06
 Reference value :  1.00006e-05
 Reference value :  1.01515e-05
 Reference value :  1.03011e-05
 Reference value :  1.04702e-05
 Reference value :  1.06605e-05
 Reference value :  1.08300e-05
 Reference value :  1.09800e-05
 Reference value :  1.11300e-05
 Reference value :  1.12801e-05
 Reference value :  1.14301e-05
 Reference value :  1.15805e-05
 Reference value :  1.17402e-05
 Reference value :  1.18914e-05
 Reference value :  1.20601e-05
 Reference value :  1.22208e-05
 Reference value :  1.23902e-05
 Reference value :  1.25407e-05
 Reference value :  1.27001e-05
 Reference value :  1.28508e-05
 Reference value :  1.30007e-05
 Reference value :  1.31517e-05
 Reference value :  1.33009e-05
 Reference value :  1.34701e-05
 Reference value :  1.36205e-05
 Reference value :  1.37806e-05
 Reference value :  1.39607e-05
 Reference value :  1.41701e-05
 Reference value :  1.43215e-05
 Reference value :  1.44901e-05
 Reference value :  1.46501e-05
 Reference value :  1.48005e-05
 Reference value :  1.49573e-05
 Reference value :  1.51206e-05
 Reference value :  1.52801e-05
 Reference value :  1.54602e-05
 Reference value :  1.56108e-05
 Reference value :  1.57716e-05
 Reference value :  1.59405e-05
 Reference value :  1.61101e-05
 Reference value :  1.62605e-05
 Reference value :  1.64206e-05
 Reference value :  1.65710e-05
 Reference value :  1.67401e-05
 Reference value :  1.68933e-05
 Reference value :  1.71006e-05
 Reference value :  1.72602e-05
 Reference value :  1.74135e-05
 Reference value :  1.75611e-05
 Reference value :  1.77115e-05
 Reference value :  1.78805e-05
 Reference value :  1.80411e-05
 Reference value :  1.81910e-05
 Reference value :  1.83600e-05
 Reference value :  1.84611e-05
 Reference value :  1.86114e-05
 Reference value :  1.87602e-05
 Reference value :  1.89111e-05
 Reference value :  1.90805e-05
 Reference value :  1.92402e-05
 Reference value :  1.93902e-05
 Reference value :  1.95404e-05
 Reference value :  1.96913e-05
 Reference value :  1.98417e-05
 Reference value :  2.00100e-05
 Reference value :  2.01602e-05
 Reference value :  2.03105e-05
 Reference value :  2.04703e-05
 Reference value :  2.06213e-05
 Reference value :  2.07900e-05
 Reference value :  2.09346e-05
 Reference value :  2.11305e-05
 Reference value :  2.12821e-05
 Reference value :  2.14500e-05
 Reference value :  2.16005e-05
 Reference value :  2.17508e-05
 Reference value :  2.19008e-05
 Reference value :  2.20602e-05
 Reference value :  2.22101e-05
 Reference value :  2.23604e-05
 Reference value :  2.25102e-05
 Reference value :  2.26607e-05
 Reference value :  2.28102e-05
 Reference value :  2.29601e-05
 Reference value :  2.31111e-05
 Reference value :  2.32606e-05
 Reference value :  2.34108e-05
 Reference value :  2.35608e-05
 Reference value :  2.37108e-05
 Reference value :  2.38602e-05
 Reference value :  2.40007e-05
 Reference value :  2.41509e-05
 Reference value :  2.43008e-05
 Reference value :  2.44604e-05
 Reference value :  2.46107e-05
 Reference value :  2.47610e-05
 Reference value :  2.49108e-05
 Reference value :  2.50609e-05
 Reference value :  2.52603e-05
 Reference value :  2.54110e-05
 Reference value :  2.55602e-05
 Reference value :  2.56908e-05
 Reference value :  2.58408e-05
 Reference value :  2.60100e-05
 Reference value :  2.61510e-05
 Reference value :  2.63100e-05
 Reference value :  2.64602e-05
 Reference value :  2.66108e-05
 Reference value :  2.67605e-05
 Reference value :  2.69105e-05
 Reference value :  2.70605e-05
 Reference value :  2.72102e-05
 Reference value :  2.73600e-05
 Reference value :  2.75102e-05
 Reference value :  2.76602e-05
 Reference value :  2.78105e-05
 Reference value :  2.79701e-05
 Reference value :  2.81202e-05
 Reference value :  2.82664e-05
 Reference value :  2.84202e-05
 Reference value :  2.85706e-05
 Reference value :  2.87215e-05
 Reference value :  2.88901e-05
 Reference value :  2.90406e-05
 Reference value :  2.91911e-05
 Reference value :  2.93446e-05
 Reference value :  2.95006e-05
 Reference value :  2.96509e-05
 Reference value :  2.98200e-05
 Reference value :  2.99712e-05
 Reference value :  3.01608e-05
 Reference value :  3.03113e-05
 Reference value :  3.04723e-05
 Reference value :  3.06114e-05
 Reference value :  3.07612e-05
 Reference value :  3.09301e-05
 Reference value :  3.10808e-05
 Reference value :  3.12421e-05
 Reference value :  3.14104e-05
 Reference value :  3.15702e-05
 Reference value :  3.17224e-05
 Reference value :  3.18901e-05
 Reference value :  3.20505e-05
 Reference value :  3.22200e-05
 Reference value :  3.23702e-05
 Reference value :  3.25308e-05
 Reference value :  3.27001e-05
 Reference value :  3.28512e-05
 Reference value :  3.30102e-05
 Reference value :  3.31801e-05
 Reference value :  3.33408e-05
 Reference value :  3.35101e-05
 Reference value :  3.36702e-05
 Reference value :  3.38206e-05
 Reference value :  3.39900e-05
 Reference value :  3.41406e-05
 Reference value :  3.43001e-05
 Reference value :  3.44506e-05
 Reference value :  3.46207e-05
 Reference value :  3.47828e-05
 Reference value :  3.49502e-05
 Reference value :  3.51300e-05
 Reference value :  3.52902e-05
 Reference value :  3.54410e-05
 Reference value :  3.56101e-05
 Reference value :  3.57601e-05
 Reference value :  3.58815e-05
 Reference value :  3.60407e-05
 Reference value :  3.62506e-05
 Reference value :  3.64216e-05
 Reference value :  3.65808e-05
 Reference value :  3.67501e-05
 Reference value :  3.69016e-05
 Reference value :  3.70628e-05
 Reference value :  3.72307e-05
 Reference value :  3.74100e-05
 Reference value :  3.75701e-05
 Reference value :  3.77211e-05
 Reference value :  3.78906e-05
 Reference value :  3.80509e-05
 Reference value :  3.82201e-05
 Reference value :  3.83706e-05
 Reference value :  3.85305e-05
 Reference value :  3.86844e-05
 Reference value :  3.88504e-05
 Reference value :  3.90101e-05
 Reference value :  3.91603e-05
 Reference value :  3.93301e-05
 Reference value :  3.94806e-05
 Reference value :  3.96407e-05
 Reference value :  3.97908e-05
 Reference value :  3.99415e-05
 Reference value :  4.01105e-05
 Reference value :  4.02610e-05
 Reference value :  4.04110e-05
 Reference value :  4.05610e-05
 Reference value :  4.07201e-05
 Reference value :  4.08900e-05
 Reference value :  4.10513e-05
 Reference value :  4.12205e-05
 Reference value :  4.13801e-05
 Reference value :  4.15311e-05
 Reference value :  4.17004e-05
 Reference value :  4.18517e-05
 Reference value :  4.20102e-05
 Reference value :  4.21801e-05
 Reference value :  4.23702e-05
 Reference value :  4.25400e-05
 Reference value :  4.26901e-05
 Reference value :  4.28409e-05
 Reference value :  4.29919e-05
 Reference value :  4.31520e-05
 Reference value :  4.33301e-05
 Reference value :  4.34812e-05
 Reference value :  4.36508e-05
 Reference value :  4.38015e-05
 Reference value :  4.39601e-05
 Reference value :  4.41102e-05
 Reference value :  4.42612e-05
 Reference value :  4.44302e-05
 Reference value :  4.45806e-05
 Reference value :  4.47409e-05
 Reference value :  4.48912e-05
 Reference value :  4.50421e-05
 Reference value :  4.52102e-05
 Reference value :  4.53701e-05
 Reference value :  4.55211e-05
 Reference value :  4.56902e-05
 Reference value :  4.58501e-05
 Reference value :  4.60001e-05
 Reference value :  4.61518e-05
 Reference value :  4.63210e-05
 Reference value :  4.64808e-05
 Reference value :  4.66463e-05
 Reference value :  4.68005e-05
 Reference value :  4.69606e-05
 Reference value :  4.71302e-05
 Reference value :  4.72902e-05
 Reference value :  4.74408e-05
 Reference value :  4.76202e-05
 Reference value :  4.77715e-05
 Reference value :  4.79401e-05
 Reference value :  4.81006e-05
 Reference value :  4.82701e-05
 Reference value :  4.84204e-05
 Reference value :  4.86009e-05
 Reference value :  4.87908e-05
 Reference value :  4.89607e-05
 Reference value :  4.91204e-05
 Reference value :  4.92710e-05
 Reference value :  4.94401e-05
 Reference value :  4.96008e-05
 Reference value :  4.97705e-05
 Reference value :  4.99308e-05
 Reference value :  5.01000e-05
 Reference value :  5.02608e-05
 Reference value :  5.04305e-05
 Reference value :  5.05902e-05
 Reference value :  5.07601e-05
 Reference value :  5.09202e-05
 Reference value :  5.10909e-05
 Reference value :  5.12501e-05
 Reference value :  5.14201e-05
 Reference value :  5.15722e-05
 Reference value :  5.17503e-05
 Reference value :  5.19115e-05
 Reference value :  5.20908e-05
 Reference value :  5.22604e-05
 Reference value :  5.24201e-05
 Reference value :  5.25901e-05
 Reference value :  5.27419e-05
 Reference value :  5.29200e-05
 Reference value :  5.30806e-05
 Reference value :  5.32501e-05
 Reference value :  5.34101e-05
 Reference value :  5.35801e-05
 Reference value :  5.37403e-05
 Reference value :  5.39100e-05
 Reference value :  5.40605e-05
 Reference value :  5.42210e-05
 Reference value :  5.43904e-05
 Reference value :  5.45504e-05
 Reference value :  5.47505e-05
 Reference value :  5.49302e-05
 Reference value :  5.50907e-05
 Reference value :  5.52600e-05
 Reference value :  5.54105e-05
 Reference value :  5.55707e-05
 Reference value :  5.57407e-05
 Reference value :  5.59021e-05
 Reference value :  5.60802e-05
 Reference value :  5.62601e-05
 Reference value :  5.64114e-05
 Reference value :  5.65907e-05
 Reference value :  5.67602e-05
 Reference value :  5.69202e-05
 Reference value :  5.70901e-05
 Reference value :  5.72411e-05
 Reference value :  5.74002e-05
 Reference value :  5.75701e-05
 Reference value :  5.77216e-05
 Reference value :  5.79000e-05
 Reference value :  5.80513e-05
 Reference value :  5.82301e-05
 Reference value :  5.83910e-05
 Reference value :  5.85602e-05
 Reference value :  5.87202e-05
 Reference value :  5.88901e-05
 Reference value :  5.90502e-05
 Reference value :  5.92201e-05
 Reference value :  5.93707e-05
 Reference value :  5.95302e-05
 Reference value :  5.97002e-05
 Reference value :  5.98800e-05
 Reference value :  6.00402e-05
 Reference value :  6.02105e-05
 Reference value :  6.03714e-05
 Reference value :  6.05502e-05
 Reference value :  6.07014e-05
 Reference value :  6.08701e-05
 Reference value :  6.10306e-05
 Reference value :  6.12117e-05
 Reference value :  6.13820e-05
 Reference value :  6.15602e-05
 Reference value :  6.17201e-05
 Reference value :  6.18717e-05
 Reference value :  6.20407e-05
 Reference value :  6.22200e-05
 Reference value :  6.23821e-05
 Reference value :  6.25610e-05
 Reference value :  6.27306e-05
 Reference value :  6.28906e-05
 Reference value :  6.30604e-05
 Reference value :  6.32208e-05
 Reference value :  6.33901e-05
 Reference value :  6.35431e-05
 Reference value :  6.37006e-05
 Reference value :  6.38701e-05
 Reference value :  6.40207e-05
 Reference value :  6.42004e-05
 Reference value :  6.43621e-05
 Reference value :  6.45401e-05
 Reference value :  6.47101e-05
 Reference value :  6.48607e-05
 Reference value :  6.50202e-05
 Reference value :  6.51902e-05
 Reference value :  6.53406e-05
 Reference value :  6.55007e-05
 Reference value :  6.56513e-05
 Reference value :  6.58218e-05
 Reference value :  6.60004e-05
 Reference value :  6.61613e-05
 Reference value :  6.63401e-05
 Reference value :  6.64908e-05
 Reference value :  6.66603e-05
 Reference value :  6.68206e-05
 Reference value :  6.69901e-05
 Reference value :  6.71700e-05
 Reference value :  6.73309e-05
 Reference value :  6.75004e-05
 Reference value :  6.76607e-05
 Reference value :  6.78301e-05
 Reference value :  6.79901e-05
 Reference value :  6.81601e-05
 Reference value :  6.83202e-05
 Reference value :  6.84901e-05
 Reference value :  6.86410e-05
 Reference value :  6.88009e-05
 Reference value :  6.89701e-05
 Reference value :  6.91504e-05
 Reference value :  6.93104e-05
 Reference value :  6.94608e-05
 Reference value :  6.96109e-05
 Reference value :  6.97627e-05
 Reference value :  6.99301e-05
 Reference value :  7.00802e-05
 Reference value :  7.02402e-05
 Reference value :  7.04100e-05
 Reference value :  7.05708e-05
 Reference value :  7.07211e-05
 Reference value :  7.08903e-05
 Reference value :  7.10512e-05
 Reference value :  7.12202e-05
 Reference value :  7.13802e-05
 Reference value :  7.15502e-05
 Reference value :  7.17108e-05
 Reference value :  7.18802e-05
 Reference value :  7.20407e-05
 Reference value :  7.22104e-05
 Reference value :  7.23701e-05
 Reference value :  7.25401e-05
 Reference value :  7.26902e-05
 Reference value :  7.28670e-05
 Reference value :  7.30800e-05
 Reference value :  7.32404e-05
 Reference value :  7.34101e-05
 Reference value :  7.35704e-05
 Reference value :  7.37208e-05
 Reference value :  7.38901e-05
 Reference value :  7.40502e-05
 Reference value :  7.42206e-05
 Reference value :  7.43843e-05
 Reference value :  7.45606e-05
 Reference value :  7.47125e-05
 Reference value :  7.48802e-05
 Reference value :  7.50303e-05
 Reference value :  7.51806e-05
 Reference value :  7.53491e-05
 Reference value :  7.55101e-05
 Reference value :  7.56601e-05
 Reference value :  7.58104e-05
 Reference value :  7.59603e-05
 Reference value :  7.61201e-05
 Reference value :  7.62714e-05
 Reference value :  7.64404e-05
 Reference value :  7.66006e-05
 Reference value :  7.67700e-05
 Reference value :  7.69204e-05
 Reference value :  7.70817e-05
 Reference value :  7.72501e-05
 Reference value :  7.74002e-05
 Reference value :  7.75518e-05
 Reference value :  7.77108e-05
 Reference value :  7.78801e-05
 Reference value :  7.80600e-05
 Reference value :  7.82109e-05
 Reference value :  7.83709e-05
 Reference value :  7.85402e-05
 Reference value :  7.86905e-05
 Reference value :  7.88483e-05
 Reference value :  7.90012e-05
 Reference value :  7.92000e-05
 Reference value :  7.93502e-05
 Reference value :  7.95004e-05
 Reference value :  7.96606e-05
 Reference value :  7.98105e-05
 Reference value :  7.99614e-05
No. of Data Rows : 488348
t_flip              =  3.57920e-05
vos_v               =  -4.20796e-03
m_dut_vos = -4.207960000e-03
Note: Simulation executed from .control section 

Warning: m=xx on .subckt line will override multiplier m hierarchy!

