
Note: Compatibility modes selected: hs a


Circuit: * comparator-kickback @ fs_-40c_3.30v -- generated by sim/harness, do not edit

Doing analysis at TEMP = -40.000000 and TNOM = 27.000000

Using SPARSE 1.3 as Direct Linear Solver

Initial Transient Solution
--------------------------

Node                                   Voltage
----                                   -------
vdd                                        3.3
cm                                        1.65
clk                                          0
sa                                 -0.00500847
asp                                     1.6475
asn                                     1.6525
apa                                     1.6475
ana                                     1.6525
ibna                                   0.92481
xa.xlayout_dut.sp__t2              3.19758e-09
xa.xlayout_dut.qp__t6                      3.3
xa.xlayout_dut.vss__t17              3.346e-11
xa.xlayout_dut.vss__t2             3.05812e-20
xa.xlayout_dut.dout__t3                1.48418
xa.xlayout_dut.sp__t3               3.2722e-09
xa.xlayout_dut.vss__t25            1.01993e-15
xa.xlayout_dut.vss__t3             1.66188e-11
xa.xlayout_dut.dout__t2                1.47641
xa.xlayout_dut.doutb__t0               1.48747
xa.xlayout_dut.vss__t24             0.00221201
xa.xlayout_dut.vss__t4             1.86068e-11
xa.xlayout_dut.ibias__t0              0.923532
xa.xlayout_dut.ibias__t1               0.92481
xa.xlayout_dut.vss__t20            0.000254896
xa.xlayout_dut.vss__t8             2.35469e-11
xa.xlayout_dut.sn__t2              3.19752e-09
xa.xlayout_dut.qn__t6                      3.3
xa.xlayout_dut.vss__t23            3.33977e-11
xa.xlayout_dut.vss__t5             3.05231e-20
xa.xlayout_dut.doutb__t1               1.48747
xa.xlayout_dut.sn__t3              3.31069e-09
xa.xlayout_dut.vss__t22            1.01924e-15
xa.xlayout_dut.vss__t6             1.66336e-11
xa.xlayout_dut.doutb__t4               1.48045
xa.xlayout_dut.dout__t4                1.48418
xa.xlayout_dut.vss__t21             0.00219599
xa.xlayout_dut.vss__t7             1.88135e-11
xa.xlayout_dut.qn__t4                      3.3
xa.xlayout_dut.qp__t0                      3.3
xa.xlayout_dut.mn__t0                      3.3
xa.xlayout_dut.vss__t9             4.33209e-11
xa.xlayout_dut.mn__t1                      3.3
xa.xlayout_dut.aop__t2                 1.88978
xa.xlayout_dut.ltail__t0               1.36635
xa.xlayout_dut.vss__t11            2.79063e-11
xa.xlayout_dut.atail__t0              0.712425
xa.xlayout_dut.ibias__t2               0.92481
xa.xlayout_dut.vss__t19            0.000500019
xa.xlayout_dut.vss__t13            1.74688e-11
xa.xlayout_dut.qp__t1                      3.3
xa.xlayout_dut.qn__t5                      3.3
xa.xlayout_dut.mp__t2                      3.3
xa.xlayout_dut.vss__t10            4.33989e-11
xa.xlayout_dut.ltail__t1               1.36635
xa.xlayout_dut.clk__t2                       0
xa.xlayout_dut.vss__t18            4.87695e-15
xa.xlayout_dut.vss__t14            7.37931e-12
xa.xlayout_dut.mp__t1                      3.3
xa.xlayout_dut.aon__t0                  1.9974
xa.xlayout_dut.ltail__t2               1.36635
xa.xlayout_dut.vss__t12            2.81889e-11
xa.xlayout_dut.aon__t1                 1.99661
xa.xlayout_dut.vinp__t0                 1.6475
xa.xlayout_dut.atail__t1              0.713031
xa.xlayout_dut.vss__t15            1.06757e-10
xa.xlayout_dut.aop__t1                 1.88847
xa.xlayout_dut.vinn__t0                 1.6525
xa.xlayout_dut.atail__t2              0.713287
xa.xlayout_dut.vss__t16            6.90902e-11
xa.xlayout_dut.mn__t2                      3.3
xa.xlayout_dut.clk__t0                       0
xa.xlayout_dut.vdd__t0                     3.3
xa.xlayout_dut.vdd__t1                     3.3
xa.xlayout_dut.qn__t1                      3.3
xa.xlayout_dut.clk__t1                       0
xa.xlayout_dut.vdd__t2                     3.3
xa.xlayout_dut.vdd__t3                     3.3
xa.xlayout_dut.sp__t0              3.43568e-09
xa.xlayout_dut.qp__t2                      3.3
xa.xlayout_dut.vdd__t4                     3.3
xa.xlayout_dut.vdd__t5                     3.3
xa.xlayout_dut.mp__t0                      3.3
xa.xlayout_dut.clk__t4                       0
xa.xlayout_dut.vdd__t21                    3.3
xa.xlayout_dut.vdd__t20                    3.3
xa.xlayout_dut.qn__t0                      3.3
xa.xlayout_dut.qp__t3                      3.3
xa.xlayout_dut.vdd__t6                     3.3
xa.xlayout_dut.vdd__t7                     3.3
xa.xlayout_dut.qp__t4                      3.3
xa.xlayout_dut.clk__t3                       0
xa.xlayout_dut.vdd__t19                    3.3
xa.xlayout_dut.vdd__t18                    3.3
xa.xlayout_dut.na__t1                  3.17047
xa.xlayout_dut.sp__t1               3.2722e-09
xa.xlayout_dut.vdd__t23                  3.297
xa.xlayout_dut.vdd__t8                     3.3
xa.xlayout_dut.dout__t0                1.48989
xa.xlayout_dut.doutb__t2               1.48747
xa.xlayout_dut.na__t0                  3.16768
xa.xlayout_dut.vdd__t13                    3.3
xa.xlayout_dut.sn__t0              3.48847e-09
xa.xlayout_dut.qn__t3                      3.3
xa.xlayout_dut.vdd__t17                    3.3
xa.xlayout_dut.vdd__t16                    3.3
xa.xlayout_dut.qp__t5                      3.3
xa.xlayout_dut.qn__t2                      3.3
xa.xlayout_dut.vdd__t15                    3.3
xa.xlayout_dut.vdd__t14                    3.3
xa.xlayout_dut.nb__t1                  3.17101
xa.xlayout_dut.sn__t1              3.31069e-09
xa.xlayout_dut.vdd__t22                3.29677
xa.xlayout_dut.vdd__t12                    3.3
xa.xlayout_dut.doutb__t3               1.50277
xa.xlayout_dut.dout__t1                1.48418
xa.xlayout_dut.nb__t0                  3.16386
xa.xlayout_dut.vdd__t11                    3.3
xa.xlayout_dut.aon__t2                 1.99772
xa.xlayout_dut.x$28.11                 1.99918
xa.xlayout_dut.vss__t0                       0
xa.xlayout_dut.x$28.21                 3.29729
xa.xlayout_dut.vdd__t10                3.29875
xa.xlayout_dut.aop__t0                 1.89015
xa.xlayout_dut.x$29.11                 1.89173
xa.xlayout_dut.vss__t1                       0
xa.xlayout_dut.x$29.21                 3.29788
xa.xlayout_dut.vdd__t9                 3.29946
xa.xlayout_dut.aon                      1.9974
vsubs                                        0
xa.xlayout_dut.aop                     1.88978
xa.xlayout_dut.atail                  0.712928
douta                                  1.48418
doutba                                 1.48747
xa.xlayout_dut.ltail                   1.36635
xa.xlayout_dut.mn                          3.3
xa.xlayout_dut.mp                          3.3
xa.xlayout_dut.na                      3.16907
xa.xlayout_dut.nb                      3.16744
xa.xlayout_dut.qn                          3.3
xa.xlayout_dut.qp                          3.3
xa.xlayout_dut.sn                  3.31069e-09
xa.xlayout_dut.sp                   3.2722e-09
sb                                 -0.00500847
bsp                                     1.6475
bsn                                     1.6525
bpp                                     1.6475
bpn                                     1.6525
ibnb                                   0.92481
xb.xlayout_dut.sp__t2              3.19758e-09
xb.xlayout_dut.qp__t6                      3.3
xb.xlayout_dut.vss__t17              3.346e-11
xb.xlayout_dut.vss__t2             3.05812e-20
xb.xlayout_dut.dout__t3                1.48418
xb.xlayout_dut.sp__t3               3.2722e-09
xb.xlayout_dut.vss__t25            1.01993e-15
xb.xlayout_dut.vss__t3             1.66188e-11
xb.xlayout_dut.dout__t2                1.47641
xb.xlayout_dut.doutb__t0               1.48747
xb.xlayout_dut.vss__t24             0.00221201
xb.xlayout_dut.vss__t4             1.86068e-11
xb.xlayout_dut.ibias__t0              0.923532
xb.xlayout_dut.ibias__t1               0.92481
xb.xlayout_dut.vss__t20            0.000254896
xb.xlayout_dut.vss__t8             2.35469e-11
xb.xlayout_dut.sn__t2              3.19752e-09
xb.xlayout_dut.qn__t6                      3.3
xb.xlayout_dut.vss__t23            3.33977e-11
xb.xlayout_dut.vss__t5             3.05231e-20
xb.xlayout_dut.doutb__t1               1.48747
xb.xlayout_dut.sn__t3              3.31069e-09
xb.xlayout_dut.vss__t22            1.01924e-15
xb.xlayout_dut.vss__t6             1.66336e-11
xb.xlayout_dut.doutb__t4               1.48045
xb.xlayout_dut.dout__t4                1.48418
xb.xlayout_dut.vss__t21             0.00219599
xb.xlayout_dut.vss__t7             1.88135e-11
xb.xlayout_dut.qn__t4                      3.3
xb.xlayout_dut.qp__t0                      3.3
xb.xlayout_dut.mn__t0                      3.3
xb.xlayout_dut.vss__t9             4.33209e-11
xb.xlayout_dut.mn__t1                      3.3
xb.xlayout_dut.aop__t2                 1.88978
xb.xlayout_dut.ltail__t0               1.36635
xb.xlayout_dut.vss__t11            2.79063e-11
xb.xlayout_dut.atail__t0              0.712425
xb.xlayout_dut.ibias__t2               0.92481
xb.xlayout_dut.vss__t19            0.000500019
xb.xlayout_dut.vss__t13            1.74688e-11
xb.xlayout_dut.qp__t1                      3.3
xb.xlayout_dut.qn__t5                      3.3
xb.xlayout_dut.mp__t2                      3.3
xb.xlayout_dut.vss__t10            4.33989e-11
xb.xlayout_dut.ltail__t1               1.36635
xb.xlayout_dut.clk__t2                       0
xb.xlayout_dut.vss__t18            4.87695e-15
xb.xlayout_dut.vss__t14            7.37931e-12
xb.xlayout_dut.mp__t1                      3.3
xb.xlayout_dut.aon__t0                  1.9974
xb.xlayout_dut.ltail__t2               1.36635
xb.xlayout_dut.vss__t12            2.81889e-11
xb.xlayout_dut.aon__t1                 1.99661
xb.xlayout_dut.vinp__t0                 1.6475
xb.xlayout_dut.atail__t1              0.713031
xb.xlayout_dut.vss__t15            1.06757e-10
xb.xlayout_dut.aop__t1                 1.88847
xb.xlayout_dut.vinn__t0                 1.6525
xb.xlayout_dut.atail__t2              0.713287
xb.xlayout_dut.vss__t16            6.90902e-11
xb.xlayout_dut.mn__t2                      3.3
xb.xlayout_dut.clk__t0                       0
xb.xlayout_dut.vdd__t0                     3.3
xb.xlayout_dut.vdd__t1                     3.3
xb.xlayout_dut.qn__t1                      3.3
xb.xlayout_dut.clk__t1                       0
xb.xlayout_dut.vdd__t2                     3.3
xb.xlayout_dut.vdd__t3                     3.3
xb.xlayout_dut.sp__t0              3.43568e-09
xb.xlayout_dut.qp__t2                      3.3
xb.xlayout_dut.vdd__t4                     3.3
xb.xlayout_dut.vdd__t5                     3.3
xb.xlayout_dut.mp__t0                      3.3
xb.xlayout_dut.clk__t4                       0
xb.xlayout_dut.vdd__t21                    3.3
xb.xlayout_dut.vdd__t20                    3.3
xb.xlayout_dut.qn__t0                      3.3
xb.xlayout_dut.qp__t3                      3.3
xb.xlayout_dut.vdd__t6                     3.3
xb.xlayout_dut.vdd__t7                     3.3
xb.xlayout_dut.qp__t4                      3.3
xb.xlayout_dut.clk__t3                       0
xb.xlayout_dut.vdd__t19                    3.3
xb.xlayout_dut.vdd__t18                    3.3
xb.xlayout_dut.na__t1                  3.17047
xb.xlayout_dut.sp__t1               3.2722e-09
xb.xlayout_dut.vdd__t23                  3.297
xb.xlayout_dut.vdd__t8                     3.3
xb.xlayout_dut.dout__t0                1.48989
xb.xlayout_dut.doutb__t2               1.48747
xb.xlayout_dut.na__t0                  3.16768
xb.xlayout_dut.vdd__t13                    3.3
xb.xlayout_dut.sn__t0              3.48847e-09
xb.xlayout_dut.qn__t3                      3.3
xb.xlayout_dut.vdd__t17                    3.3
xb.xlayout_dut.vdd__t16                    3.3
xb.xlayout_dut.qp__t5                      3.3
xb.xlayout_dut.qn__t2                      3.3
xb.xlayout_dut.vdd__t15                    3.3
xb.xlayout_dut.vdd__t14                    3.3
xb.xlayout_dut.nb__t1                  3.17101
xb.xlayout_dut.sn__t1              3.31069e-09
xb.xlayout_dut.vdd__t22                3.29677
xb.xlayout_dut.vdd__t12                    3.3
xb.xlayout_dut.doutb__t3               1.50277
xb.xlayout_dut.dout__t1                1.48418
xb.xlayout_dut.nb__t0                  3.16386
xb.xlayout_dut.vdd__t11                    3.3
xb.xlayout_dut.aon__t2                 1.99772
xb.xlayout_dut.x$28.11                 1.99918
xb.xlayout_dut.vss__t0                       0
xb.xlayout_dut.x$28.21                 3.29729
xb.xlayout_dut.vdd__t10                3.29875
xb.xlayout_dut.aop__t0                 1.89015
xb.xlayout_dut.x$29.11                 1.89173
xb.xlayout_dut.vss__t1                       0
xb.xlayout_dut.x$29.21                 3.29788
xb.xlayout_dut.vdd__t9                 3.29946
xb.xlayout_dut.aon                      1.9974
xb.xlayout_dut.aop                     1.88978
xb.xlayout_dut.atail                  0.712928
doutb                                  1.48418
doutbb                                 1.48747
xb.xlayout_dut.ltail                   1.36635
xb.xlayout_dut.mn                          3.3
xb.xlayout_dut.mp                          3.3
xb.xlayout_dut.na                      3.16907
xb.xlayout_dut.nb                      3.16744
xb.xlayout_dut.qn                          3.3
xb.xlayout_dut.qp                          3.3
xb.xlayout_dut.sn                  3.31069e-09
xb.xlayout_dut.sp                   3.2722e-09
sc                                   0.0939915
csp                                      1.697
csn                                      1.603
cpp                                      1.697
cpn                                      1.603
ibnc                                   0.92481
xc.xlayout_dut.sp__t2              3.19758e-09
xc.xlayout_dut.qp__t6                      3.3
xc.xlayout_dut.vss__t17              3.346e-11
xc.xlayout_dut.vss__t2             3.05812e-20
xc.xlayout_dut.dout__t3                1.48418
xc.xlayout_dut.sp__t3               3.2722e-09
xc.xlayout_dut.vss__t25            1.01993e-15
xc.xlayout_dut.vss__t3             1.66188e-11
xc.xlayout_dut.dout__t2                1.47641
xc.xlayout_dut.doutb__t0               1.48747
xc.xlayout_dut.vss__t24             0.00221201
xc.xlayout_dut.vss__t4             1.86068e-11
xc.xlayout_dut.ibias__t0              0.923532
xc.xlayout_dut.ibias__t1               0.92481
xc.xlayout_dut.vss__t20            0.000254896
xc.xlayout_dut.vss__t8             2.35469e-11
xc.xlayout_dut.sn__t2              3.19752e-09
xc.xlayout_dut.qn__t6                      3.3
xc.xlayout_dut.vss__t23            3.33977e-11
xc.xlayout_dut.vss__t5             3.05231e-20
xc.xlayout_dut.doutb__t1               1.48747
xc.xlayout_dut.sn__t3              3.31069e-09
xc.xlayout_dut.vss__t22            1.01924e-15
xc.xlayout_dut.vss__t6             1.66336e-11
xc.xlayout_dut.doutb__t4               1.48045
xc.xlayout_dut.dout__t4                1.48418
xc.xlayout_dut.vss__t21             0.00219599
xc.xlayout_dut.vss__t7             1.88135e-11
xc.xlayout_dut.qn__t4                      3.3
xc.xlayout_dut.qp__t0                      3.3
xc.xlayout_dut.mn__t0                      3.3
xc.xlayout_dut.vss__t9             4.33209e-11
xc.xlayout_dut.mn__t1                      3.3
xc.xlayout_dut.aop__t2                  2.8829
xc.xlayout_dut.ltail__t0                2.0973
xc.xlayout_dut.vss__t11            3.22776e-11
xc.xlayout_dut.atail__t0              0.722878
xc.xlayout_dut.ibias__t2               0.92481
xc.xlayout_dut.vss__t19            0.000500081
xc.xlayout_dut.vss__t13            1.77249e-11
xc.xlayout_dut.qp__t1                      3.3
xc.xlayout_dut.qn__t5                      3.3
xc.xlayout_dut.mp__t2                      3.3
xc.xlayout_dut.vss__t10            4.33989e-11
xc.xlayout_dut.ltail__t1                2.0973
xc.xlayout_dut.clk__t2                       0
xc.xlayout_dut.vss__t18            5.59705e-15
xc.xlayout_dut.vss__t14             1.1327e-11
xc.xlayout_dut.mp__t1                      3.3
xc.xlayout_dut.aon__t0                 1.00299
xc.xlayout_dut.ltail__t2                2.0973
xc.xlayout_dut.vss__t12            3.26012e-11
xc.xlayout_dut.aon__t1                 1.00159
xc.xlayout_dut.vinp__t0                  1.697
xc.xlayout_dut.atail__t1              0.723563
xc.xlayout_dut.vss__t15            4.08119e-11
xc.xlayout_dut.aop__t1                 2.88251
xc.xlayout_dut.vinn__t0                  1.603
xc.xlayout_dut.atail__t2              0.723487
xc.xlayout_dut.vss__t16            7.30127e-08
xc.xlayout_dut.mn__t2                      3.3
xc.xlayout_dut.clk__t0                       0
xc.xlayout_dut.vdd__t0                     3.3
xc.xlayout_dut.vdd__t1                     3.3
xc.xlayout_dut.qn__t1                      3.3
xc.xlayout_dut.clk__t1                       0
xc.xlayout_dut.vdd__t2                     3.3
xc.xlayout_dut.vdd__t3                     3.3
xc.xlayout_dut.sp__t0              3.43568e-09
xc.xlayout_dut.qp__t2                      3.3
xc.xlayout_dut.vdd__t4                     3.3
xc.xlayout_dut.vdd__t5                     3.3
xc.xlayout_dut.mp__t0                      3.3
xc.xlayout_dut.clk__t4                       0
xc.xlayout_dut.vdd__t21                    3.3
xc.xlayout_dut.vdd__t20                    3.3
xc.xlayout_dut.qn__t0                      3.3
xc.xlayout_dut.qp__t3                      3.3
xc.xlayout_dut.vdd__t6                     3.3
xc.xlayout_dut.vdd__t7                     3.3
xc.xlayout_dut.qp__t4                      3.3
xc.xlayout_dut.clk__t3                       0
xc.xlayout_dut.vdd__t19                    3.3
xc.xlayout_dut.vdd__t18                    3.3
xc.xlayout_dut.na__t1                  3.17047
xc.xlayout_dut.sp__t1               3.2722e-09
xc.xlayout_dut.vdd__t23                  3.297
xc.xlayout_dut.vdd__t8                     3.3
xc.xlayout_dut.dout__t0                1.48989
xc.xlayout_dut.doutb__t2               1.48747
xc.xlayout_dut.na__t0                  3.16768
xc.xlayout_dut.vdd__t13                    3.3
xc.xlayout_dut.sn__t0              3.48847e-09
xc.xlayout_dut.qn__t3                      3.3
xc.xlayout_dut.vdd__t17                    3.3
xc.xlayout_dut.vdd__t16                    3.3
xc.xlayout_dut.qp__t5                      3.3
xc.xlayout_dut.qn__t2                      3.3
xc.xlayout_dut.vdd__t15                    3.3
xc.xlayout_dut.vdd__t14                    3.3
xc.xlayout_dut.nb__t1                  3.17101
xc.xlayout_dut.sn__t1              3.31069e-09
xc.xlayout_dut.vdd__t22                3.29677
xc.xlayout_dut.vdd__t12                    3.3
xc.xlayout_dut.doutb__t3               1.50277
xc.xlayout_dut.dout__t1                1.48418
xc.xlayout_dut.nb__t0                  3.16386
xc.xlayout_dut.vdd__t11                    3.3
xc.xlayout_dut.aon__t2                 1.00355
xc.xlayout_dut.x$28.11                 1.00612
xc.xlayout_dut.vss__t0                       0
xc.xlayout_dut.x$28.21                 3.29521
xc.xlayout_dut.vdd__t10                3.29779
xc.xlayout_dut.aop__t0                   2.883
xc.xlayout_dut.x$29.11                 2.88347
xc.xlayout_dut.vss__t1                       0
xc.xlayout_dut.x$29.21                 3.29937
xc.xlayout_dut.vdd__t9                 3.29984
xc.xlayout_dut.aon                     1.00299
xc.xlayout_dut.aop                      2.8829
xc.xlayout_dut.atail                  0.723381
doutc                                  1.48418
doutbc                                 1.48747
xc.xlayout_dut.ltail                    2.0973
xc.xlayout_dut.mn                          3.3
xc.xlayout_dut.mp                          3.3
xc.xlayout_dut.na                      3.16907
xc.xlayout_dut.nb                      3.16744
xc.xlayout_dut.qn                          3.3
xc.xlayout_dut.qp                          3.3
xc.xlayout_dut.sn                  3.31069e-09
xc.xlayout_dut.sp                   3.2722e-09
ad                                 -1.9984e-15
bd                                 -0.00500847
cd                                   0.0939915
bc                                  2.7682e-10
dan                                   0.449752
dbn                                   0.449752
dcn                                   0.449752
bdcn#branch                                  0
bdbn#branch                                  0
bdan#branch                                  0
bbc#branch                                   0
bcd#branch                                   0
bbd#branch                                   0
bad#branch                                   0
ecsn#branch                        2.68935e-19
ecsp#branch                        2.84704e-19
ebsn#branch                         2.7724e-19
ebsp#branch                          2.764e-19
easn#branch                       -1.96227e-18
easp#branch                       -1.89819e-18
vsc#branch                                   0
vsb#branch                                   0
vsa#branch                                   0
vclk#branch                                  0
vcm#branch                        -2.75317e-18
vsup#branch                        -0.00121496

 Reference value :  5.51400e-10
 Reference value :  3.49640e-09
 Reference value :  6.30640e-09
 Reference value :  9.25140e-09
 Reference value :  1.19764e-08
 Reference value :  1.46664e-08
 Reference value :  1.74664e-08
 Reference value :  2.02564e-08
 Reference value :  2.29914e-08
 Reference value :  2.58764e-08
 Reference value :  2.87414e-08
 Reference value :  3.11353e-08
 Reference value :  3.37053e-08
 Reference value :  3.65203e-08
 Reference value :  3.92753e-08
 Reference value :  4.18989e-08
 Reference value :  4.53389e-08
 Reference value :  4.81439e-08
 Reference value :  5.12189e-08
 Reference value :  5.39389e-08
 Reference value :  5.67639e-08
 Reference value :  5.96089e-08
No. of Data Rows : 12047
ad_pos              =  9.38911e-03 at=  4.04739e-08
ad_neg              =  -1.07371e-02 at=  3.02873e-08
ap0                 =  1.64750e+00
apmax               =  1.65688e+00 at=  4.04739e-08
apmin               =  1.63676e+00 at=  3.02873e-08
bd0                 =  -5.00941e-03
bd1                 =  -5.00956e-03
cd0                 =  9.39904e-02
cd1                 =  9.38819e-02
bc0                 =  3.08482e-05
bc1                 =  1.79181e-04
bp0                 =  1.64753e+00
bn0                 =  1.65254e+00
bp1                 =  1.64767e+00
bn1                 =  1.65268e+00
da_end              =  9.99993e-01
db_end              =  9.99993e-01
dc_end              =  9.99993e-01
m_kick_1k_peak_mv = 1.0737080000e+01
m_kick_1k_pos_mv = 9.3891070000e+00
m_kick_1k_neg_mv = -1.073708000e+01
m_kick_1k_raw_mv = 1.0736000000e+01
m_kick_resid_small_nv = -1.460000000e+02
m_kick_resid_big_nv = -1.085500000e+05
m_kick_sigdep_nv = 1.0840400000e+05
m_kick_cm_nv = 1.4833319000e+05
m_kick_resid_raw_uv = -2.220446049e-10
m_q_resid_small_ac = -1.460000000e-01
m_dout_1k_end = 9.9999310000e-01
m_dout_float_small_end = 9.9999310000e-01
m_dout_float_big_end = 9.9999310000e-01
Note: Simulation executed from .control section 

Warning: m=xx on .subckt line will override multiplier m hierarchy!

Note: Starting dynamic gmin stepping
Note: Dynamic gmin stepping completed
