
Note: Compatibility modes selected: hs a


Circuit: * comparator-kickback-vosprobe @ fs_-40c_3.30v -- generated by sim/harness, do not edit

Doing analysis at TEMP = -40.000000 and TNOM = 27.000000

Using SPARSE 1.3 as Direct Linear Solver

Initial Transient Solution
--------------------------

Node                                   Voltage
----                                   -------
vdd                                        3.3
cm                                        1.65
clk                                          0
rmp                                      -0.04
vp                                        1.63
vn                                        1.67
ibn                                    0.92481
xdut.xlayout_dut.sp__t2            3.19758e-09
xdut.xlayout_dut.qp__t6                    3.3
xdut.xlayout_dut.vss__t17            3.346e-11
xdut.xlayout_dut.vss__t2           3.05812e-20
xdut.xlayout_dut.dout__t3          3.57433e-09
xdut.xlayout_dut.sp__t3             3.2722e-09
xdut.xlayout_dut.vss__t25          1.03383e-22
xdut.xlayout_dut.vss__t3            4.0023e-20
xdut.xlayout_dut.dout__t2          3.41835e-09
xdut.xlayout_dut.doutb__t0                 3.3
xdut.xlayout_dut.vss__t24          4.43877e-11
xdut.xlayout_dut.vss__t4           4.07738e-20
xdut.xlayout_dut.ibias__t0            0.923532
xdut.xlayout_dut.ibias__t1             0.92481
xdut.xlayout_dut.vss__t20          0.000254896
xdut.xlayout_dut.vss__t8           2.35469e-11
xdut.xlayout_dut.sn__t2            3.19752e-09
xdut.xlayout_dut.qn__t6                    3.3
xdut.xlayout_dut.vss__t23          3.33977e-11
xdut.xlayout_dut.vss__t5           3.05231e-20
xdut.xlayout_dut.doutb__t1                 3.3
xdut.xlayout_dut.sn__t3            3.31069e-09
xdut.xlayout_dut.vss__t22          1.41492e-15
xdut.xlayout_dut.vss__t6           3.69082e-11
xdut.xlayout_dut.doutb__t4                 3.3
xdut.xlayout_dut.dout__t4          3.57433e-09
xdut.xlayout_dut.vss__t21          1.48811e-15
xdut.xlayout_dut.vss__t7           3.88173e-11
xdut.xlayout_dut.qn__t4                    3.3
xdut.xlayout_dut.qp__t0                    3.3
xdut.xlayout_dut.mn__t0                    3.3
xdut.xlayout_dut.vss__t9           4.33209e-11
xdut.xlayout_dut.mn__t1                    3.3
xdut.xlayout_dut.aop__t2               1.49831
xdut.xlayout_dut.ltail__t0             1.68624
xdut.xlayout_dut.vss__t11          2.98192e-11
xdut.xlayout_dut.atail__t0            0.714239
xdut.xlayout_dut.ibias__t2             0.92481
xdut.xlayout_dut.vss__t19           0.00050003
xdut.xlayout_dut.vss__t13          1.75133e-11
xdut.xlayout_dut.qp__t1                    3.3
xdut.xlayout_dut.qn__t5                    3.3
xdut.xlayout_dut.mp__t2                    3.3
xdut.xlayout_dut.vss__t10          4.33989e-11
xdut.xlayout_dut.ltail__t1             1.68624
xdut.xlayout_dut.clk__t2                     0
xdut.xlayout_dut.vss__t18          5.18814e-15
xdut.xlayout_dut.vss__t14           9.1069e-12
xdut.xlayout_dut.mp__t1                    3.3
xdut.xlayout_dut.aon__t0               2.38901
xdut.xlayout_dut.ltail__t2             1.68624
xdut.xlayout_dut.vss__t12          3.01185e-11
xdut.xlayout_dut.aon__t1               2.38845
xdut.xlayout_dut.vinp__t0                 1.63
xdut.xlayout_dut.atail__t1            0.714814
xdut.xlayout_dut.vss__t15          4.29717e-09
xdut.xlayout_dut.aop__t1               1.49664
xdut.xlayout_dut.vinn__t0                 1.67
xdut.xlayout_dut.atail__t2              0.7152
xdut.xlayout_dut.vss__t16          5.33016e-11
xdut.xlayout_dut.mn__t2                    3.3
xdut.xlayout_dut.clk__t0                     0
xdut.xlayout_dut.vdd__t0                   3.3
xdut.xlayout_dut.vdd__t1                   3.3
xdut.xlayout_dut.qn__t1                    3.3
xdut.xlayout_dut.clk__t1                     0
xdut.xlayout_dut.vdd__t2                   3.3
xdut.xlayout_dut.vdd__t3                   3.3
xdut.xlayout_dut.sp__t0            3.43568e-09
xdut.xlayout_dut.qp__t2                    3.3
xdut.xlayout_dut.vdd__t4                   3.3
xdut.xlayout_dut.vdd__t5                   3.3
xdut.xlayout_dut.mp__t0                    3.3
xdut.xlayout_dut.clk__t4                     0
xdut.xlayout_dut.vdd__t21                  3.3
xdut.xlayout_dut.vdd__t20                  3.3
xdut.xlayout_dut.qn__t0                    3.3
xdut.xlayout_dut.qp__t3                    3.3
xdut.xlayout_dut.vdd__t6                   3.3
xdut.xlayout_dut.vdd__t7                   3.3
xdut.xlayout_dut.qp__t4                    3.3
xdut.xlayout_dut.clk__t3                     0
xdut.xlayout_dut.vdd__t19                  3.3
xdut.xlayout_dut.vdd__t18                  3.3
xdut.xlayout_dut.na__t1                    3.3
xdut.xlayout_dut.sp__t1             3.2722e-09
xdut.xlayout_dut.vdd__t23                  3.3
xdut.xlayout_dut.vdd__t8                   3.3
xdut.xlayout_dut.dout__t0          3.68886e-09
xdut.xlayout_dut.doutb__t2                 3.3
xdut.xlayout_dut.na__t0                    3.3
xdut.xlayout_dut.vdd__t13                  3.3
xdut.xlayout_dut.sn__t0            3.48847e-09
xdut.xlayout_dut.qn__t3                    3.3
xdut.xlayout_dut.vdd__t17                  3.3
xdut.xlayout_dut.vdd__t16                  3.3
xdut.xlayout_dut.qp__t5                    3.3
xdut.xlayout_dut.qn__t2                    3.3
xdut.xlayout_dut.vdd__t15                  3.3
xdut.xlayout_dut.vdd__t14                  3.3
xdut.xlayout_dut.nb__t1                    3.3
xdut.xlayout_dut.sn__t1            3.31069e-09
xdut.xlayout_dut.vdd__t22                  3.3
xdut.xlayout_dut.vdd__t12                  3.3
xdut.xlayout_dut.doutb__t3                 3.3
xdut.xlayout_dut.dout__t1          3.57433e-09
xdut.xlayout_dut.nb__t0                    3.3
xdut.xlayout_dut.vdd__t11                  3.3
xdut.xlayout_dut.aon__t2               2.38923
xdut.xlayout_dut.x$28.11               2.39025
xdut.xlayout_dut.vss__t0                     0
xdut.xlayout_dut.x$28.21                3.2981
xdut.xlayout_dut.vdd__t10              3.29912
xdut.xlayout_dut.aop__t0               1.49879
xdut.xlayout_dut.x$29.11               1.50081
xdut.xlayout_dut.vss__t1                     0
xdut.xlayout_dut.x$29.21               3.29729
xdut.xlayout_dut.vdd__t9               3.29931
xdut.xlayout_dut.aon                   2.38901
vsubs                                        0
xdut.xlayout_dut.aop                   1.49831
xdut.xlayout_dut.atail                0.714742
dout                               3.57433e-09
doutb                                      3.3
xdut.xlayout_dut.ltail                 1.68624
xdut.xlayout_dut.mn                        3.3
xdut.xlayout_dut.mp                        3.3
xdut.xlayout_dut.na                        3.3
xdut.xlayout_dut.nb                        3.3
xdut.xlayout_dut.qn                        3.3
xdut.xlayout_dut.qp                        3.3
xdut.xlayout_dut.sn                3.31069e-09
xdut.xlayout_dut.sp                 3.2722e-09
dn                                 1.08313e-09
bdn#branch                                   0
bnn#branch                         1.17161e-18
bpp#branch                          3.4199e-19
vrmp#branch                                  0
vclk#branch                                  0
vcm#branch                                   0
vsup#branch                       -3.04071e-05

 Reference value :  9.02015e-08
 Reference value :  2.40854e-07
 Reference value :  4.00141e-07
 Reference value :  5.42517e-07
 Reference value :  6.91579e-07
 Reference value :  8.50121e-07
 Reference value :  1.00019e-06
 Reference value :  1.14034e-06
 Reference value :  1.29009e-06
 Reference value :  1.44009e-06
 Reference value :  1.57096e-06
 Reference value :  1.72087e-06
 Reference value :  1.87143e-06
 Reference value :  2.04001e-06
 Reference value :  2.17434e-06
 Reference value :  2.32127e-06
 Reference value :  2.49042e-06
 Reference value :  2.65016e-06
 Reference value :  2.79057e-06
 Reference value :  2.94037e-06
 Reference value :  3.09008e-06
 Reference value :  3.24003e-06
 Reference value :  3.39093e-06
 Reference value :  3.61022e-06
 Reference value :  3.76110e-06
 Reference value :  3.93009e-06
 Reference value :  4.06228e-06
 Reference value :  4.21021e-06
 Reference value :  4.36077e-06
 Reference value :  4.51045e-06
 Reference value :  4.66023e-06
 Reference value :  4.82838e-06
 Reference value :  4.97068e-06
 Reference value :  5.13038e-06
 Reference value :  5.28045e-06
 Reference value :  5.44061e-06
 Reference value :  5.59021e-06
 Reference value :  5.74010e-06
 Reference value :  5.88158e-06
 Reference value :  6.03010e-06
 Reference value :  6.16079e-06
 Reference value :  6.31057e-06
 Reference value :  6.46105e-06
 Reference value :  6.63006e-06
 Reference value :  6.76404e-06
 Reference value :  6.93006e-06
 Reference value :  7.06084e-06
 Reference value :  7.21077e-06
 Reference value :  7.36021e-06
 Reference value :  7.50137e-06
 Reference value :  7.66012e-06
 Reference value :  7.80027e-06
 Reference value :  7.95008e-06
 Reference value :  8.11036e-06
 Reference value :  8.26056e-06
 Reference value :  8.41049e-06
 Reference value :  8.56064e-06
 Reference value :  8.71055e-06
 Reference value :  8.86064e-06
 Reference value :  9.03000e-06
 Reference value :  9.18010e-06
 Reference value :  9.33026e-06
 Reference value :  9.49013e-06
 Reference value :  9.69006e-06
 Reference value :  9.84011e-06
 Reference value :  9.99009e-06
 Reference value :  1.01222e-05
 Reference value :  1.02707e-05
 Reference value :  1.04206e-05
 Reference value :  1.05702e-05
 Reference value :  1.07209e-05
 Reference value :  1.08709e-05
 Reference value :  1.10401e-05
 Reference value :  1.12008e-05
 Reference value :  1.13700e-05
 Reference value :  1.15201e-05
 Reference value :  1.16701e-05
 Reference value :  1.18201e-05
 Reference value :  1.19701e-05
 Reference value :  1.21201e-05
 Reference value :  1.22509e-05
 Reference value :  1.24009e-05
 Reference value :  1.25508e-05
 Reference value :  1.27201e-05
 Reference value :  1.29000e-05
 Reference value :  1.30803e-05
 Reference value :  1.32304e-05
 Reference value :  1.33804e-05
 Reference value :  1.35302e-05
 Reference value :  1.36801e-05
 Reference value :  1.38301e-05
 Reference value :  1.39801e-05
 Reference value :  1.41120e-05
 Reference value :  1.42907e-05
 Reference value :  1.44406e-05
 Reference value :  1.46101e-05
 Reference value :  1.47601e-05
 Reference value :  1.49101e-05
 Reference value :  1.50411e-05
 Reference value :  1.52102e-05
 Reference value :  1.53601e-05
 Reference value :  1.55102e-05
 Reference value :  1.56709e-05
 Reference value :  1.58637e-05
 Reference value :  1.60008e-05
 Reference value :  1.61510e-05
 Reference value :  1.62904e-05
 Reference value :  1.64401e-05
 Reference value :  1.65903e-05
 Reference value :  1.67501e-05
 Reference value :  1.68906e-05
 Reference value :  1.70404e-05
 Reference value :  1.71905e-05
 Reference value :  1.73400e-05
 Reference value :  1.74901e-05
 Reference value :  1.76401e-05
 Reference value :  1.77701e-05
 Reference value :  1.79108e-05
 Reference value :  1.80602e-05
 Reference value :  1.82105e-05
 Reference value :  1.83601e-05
 Reference value :  1.85101e-05
 Reference value :  1.86601e-05
 Reference value :  1.88100e-05
 Reference value :  1.89601e-05
 Reference value :  1.91100e-05
 Reference value :  1.92410e-05
 Reference value :  1.93907e-05
 Reference value :  1.95705e-05
 Reference value :  1.97209e-05
 Reference value :  1.98706e-05
 Reference value :  2.00105e-05
 Reference value :  2.01606e-05
 Reference value :  2.03102e-05
 Reference value :  2.04601e-05
 Reference value :  2.06011e-05
 Reference value :  2.07407e-05
 Reference value :  2.08902e-05
 Reference value :  2.10308e-05
 Reference value :  2.11803e-05
 Reference value :  2.13300e-05
 Reference value :  2.14609e-05
 Reference value :  2.16116e-05
 Reference value :  2.17607e-05
 Reference value :  2.19106e-05
 Reference value :  2.20604e-05
 Reference value :  2.22101e-05
 Reference value :  2.23504e-05
 Reference value :  2.25001e-05
 Reference value :  2.26501e-05
 Reference value :  2.28000e-05
 Reference value :  2.29312e-05
 Reference value :  2.30807e-05
 Reference value :  2.32368e-05
 Reference value :  2.33812e-05
 Reference value :  2.35306e-05
 Reference value :  2.37308e-05
 Reference value :  2.38805e-05
 Reference value :  2.40301e-05
 Reference value :  2.41607e-05
 Reference value :  2.43108e-05
 Reference value :  2.44800e-05
 Reference value :  2.46314e-05
 Reference value :  2.47804e-05
 Reference value :  2.49401e-05
 Reference value :  2.50816e-05
 Reference value :  2.52309e-05
 Reference value :  2.53901e-05
 Reference value :  2.55304e-05
 Reference value :  2.56801e-05
 Reference value :  2.58301e-05
 Reference value :  2.59800e-05
 Reference value :  2.61301e-05
 Reference value :  2.62803e-05
 Reference value :  2.64305e-05
 Reference value :  2.65825e-05
 Reference value :  2.67301e-05
 Reference value :  2.68800e-05
 Reference value :  2.70302e-05
 Reference value :  2.71807e-05
 Reference value :  2.73410e-05
 Reference value :  2.74918e-05
 Reference value :  2.76600e-05
 Reference value :  2.78101e-05
 Reference value :  2.79604e-05
 Reference value :  2.81201e-05
 Reference value :  2.82709e-05
 Reference value :  2.84401e-05
 Reference value :  2.86303e-05
 Reference value :  2.88001e-05
 Reference value :  2.89504e-05
 Reference value :  2.91003e-05
 Reference value :  2.92528e-05
 Reference value :  2.94106e-05
 Reference value :  2.95801e-05
 Reference value :  2.97401e-05
 Reference value :  2.99101e-05
 Reference value :  3.00607e-05
 Reference value :  3.02107e-05
 Reference value :  3.03707e-05
 Reference value :  3.05250e-05
 Reference value :  3.06901e-05
 Reference value :  3.08401e-05
 Reference value :  3.10001e-05
 Reference value :  3.11507e-05
 Reference value :  3.13200e-05
 Reference value :  3.14701e-05
 Reference value :  3.16301e-05
 Reference value :  3.17934e-05
 Reference value :  3.19501e-05
 Reference value :  3.21101e-05
 Reference value :  3.22601e-05
 Reference value :  3.24109e-05
 Reference value :  3.25676e-05
 Reference value :  3.27303e-05
 Reference value :  3.28901e-05
 Reference value :  3.30407e-05
 Reference value :  3.32101e-05
 Reference value :  3.33606e-05
 Reference value :  3.35207e-05
 Reference value :  3.36901e-05
 Reference value :  3.38408e-05
 Reference value :  3.39901e-05
 Reference value :  3.41411e-05
 Reference value :  3.43009e-05
 Reference value :  3.44706e-05
 Reference value :  3.46510e-05
 Reference value :  3.48614e-05
 Reference value :  3.50220e-05
 Reference value :  3.51901e-05
 Reference value :  3.53502e-05
 Reference value :  3.55204e-05
 Reference value :  3.56802e-05
 Reference value :  3.58602e-05
 Reference value :  3.60300e-05
 Reference value :  3.61901e-05
 Reference value :  3.63600e-05
 Reference value :  3.65181e-05
 Reference value :  3.66901e-05
 Reference value :  3.68502e-05
 Reference value :  3.70011e-05
 Reference value :  3.71704e-05
 Reference value :  3.73314e-05
 Reference value :  3.75007e-05
 Reference value :  3.76612e-05
 Reference value :  3.78402e-05
 Reference value :  3.80102e-05
 Reference value :  3.81710e-05
 Reference value :  3.83406e-05
 Reference value :  3.85008e-05
 Reference value :  3.86713e-05
 Reference value :  3.88305e-05
 Reference value :  3.89824e-05
 Reference value :  3.91501e-05
 Reference value :  3.93017e-05
 Reference value :  3.94602e-05
 Reference value :  3.96405e-05
 Reference value :  3.98202e-05
 Reference value :  3.99901e-05
 Reference value :  4.01402e-05
 Reference value :  4.03006e-05
 Reference value :  4.04528e-05
 Reference value :  4.06301e-05
 Reference value :  4.07839e-05
 Reference value :  4.09501e-05
 Reference value :  4.11406e-05
 Reference value :  4.12917e-05
 Reference value :  4.14604e-05
 Reference value :  4.16114e-05
 Reference value :  4.17701e-05
 Reference value :  4.19202e-05
 Reference value :  4.20711e-05
 Reference value :  4.22402e-05
 Reference value :  4.24001e-05
 Reference value :  4.25538e-05
 Reference value :  4.27014e-05
 Reference value :  4.28514e-05
 Reference value :  4.30011e-05
 Reference value :  4.31701e-05
 Reference value :  4.33202e-05
 Reference value :  4.34702e-05
 Reference value :  4.36207e-05
 Reference value :  4.37802e-05
 Reference value :  4.39208e-05
 Reference value :  4.40801e-05
 Reference value :  4.42304e-05
 Reference value :  4.43814e-05
 Reference value :  4.45501e-05
 Reference value :  4.47004e-05
 Reference value :  4.48512e-05
 Reference value :  4.50105e-05
 Reference value :  4.51606e-05
 Reference value :  4.53106e-05
 Reference value :  4.54606e-05
 Reference value :  4.56105e-05
 Reference value :  4.57518e-05
 Reference value :  4.59101e-05
 Reference value :  4.60801e-05
 Reference value :  4.62301e-05
 Reference value :  4.63800e-05
 Reference value :  4.65303e-05
 Reference value :  4.66801e-05
 Reference value :  4.68302e-05
 Reference value :  4.69800e-05
 Reference value :  4.71111e-05
 Reference value :  4.72803e-05
 Reference value :  4.74701e-05
 Reference value :  4.76201e-05
 Reference value :  4.77701e-05
 Reference value :  4.79107e-05
 Reference value :  4.80705e-05
 Reference value :  4.82207e-05
 Reference value :  4.83910e-05
 Reference value :  4.85502e-05
 Reference value :  4.87008e-05
 Reference value :  4.88515e-05
 Reference value :  4.90201e-05
 Reference value :  4.91702e-05
 Reference value :  4.93203e-05
 Reference value :  4.94806e-05
 Reference value :  4.96302e-05
 Reference value :  4.98000e-05
 Reference value :  4.99505e-05
 Reference value :  5.01300e-05
 Reference value :  5.02801e-05
 Reference value :  5.04406e-05
 Reference value :  5.05910e-05
 Reference value :  5.07602e-05
 Reference value :  5.09201e-05
 Reference value :  5.10703e-05
 Reference value :  5.12402e-05
 Reference value :  5.14002e-05
 Reference value :  5.15701e-05
 Reference value :  5.17210e-05
 Reference value :  5.18815e-05
 Reference value :  5.20504e-05
 Reference value :  5.22102e-05
 Reference value :  5.23800e-05
 Reference value :  5.25304e-05
 Reference value :  5.26903e-05
 Reference value :  5.28601e-05
 Reference value :  5.30104e-05
 Reference value :  5.32154e-05
 Reference value :  5.33801e-05
 Reference value :  5.35308e-05
 Reference value :  5.37000e-05
 Reference value :  5.38501e-05
 Reference value :  5.40005e-05
 Reference value :  5.41608e-05
 Reference value :  5.43301e-05
 Reference value :  5.44804e-05
 Reference value :  5.46601e-05
 Reference value :  5.48201e-05
 Reference value :  5.49904e-05
 Reference value :  5.51503e-05
 Reference value :  5.53018e-05
 Reference value :  5.54701e-05
 Reference value :  5.56203e-05
 Reference value :  5.57708e-05
 Reference value :  5.59301e-05
 Reference value :  5.60906e-05
 Reference value :  5.62601e-05
 Reference value :  5.64301e-05
 Reference value :  5.65905e-05
 Reference value :  5.67407e-05
 Reference value :  5.69101e-05
 Reference value :  5.70606e-05
 Reference value :  5.72201e-05
 Reference value :  5.73706e-05
 Reference value :  5.75209e-05
 Reference value :  5.76854e-05
 Reference value :  5.78402e-05
 Reference value :  5.80002e-05
 Reference value :  5.81700e-05
 Reference value :  5.83301e-05
 Reference value :  5.85001e-05
 Reference value :  5.86602e-05
 Reference value :  5.88108e-05
 Reference value :  5.89608e-05
 Reference value :  5.91301e-05
 Reference value :  5.93103e-05
 Reference value :  5.94609e-05
 Reference value :  5.96401e-05
 Reference value :  5.97903e-05
 Reference value :  5.99503e-05
 Reference value :  6.01008e-05
 Reference value :  6.02511e-05
 Reference value :  6.04201e-05
 Reference value :  6.05922e-05
 Reference value :  6.07503e-05
 Reference value :  6.09108e-05
 Reference value :  6.10801e-05
 Reference value :  6.12311e-05
 Reference value :  6.13909e-05
 Reference value :  6.15601e-05
 Reference value :  6.17101e-05
 Reference value :  6.18602e-05
 Reference value :  6.20104e-05
 Reference value :  6.21706e-05
 Reference value :  6.23401e-05
 Reference value :  6.24904e-05
 Reference value :  6.26502e-05
 Reference value :  6.28008e-05
 Reference value :  6.29702e-05
 Reference value :  6.31203e-05
 Reference value :  6.32806e-05
 Reference value :  6.34315e-05
 Reference value :  6.36003e-05
 Reference value :  6.37503e-05
 Reference value :  6.39110e-05
 Reference value :  6.40801e-05
 Reference value :  6.42402e-05
 Reference value :  6.44100e-05
 Reference value :  6.45900e-05
 Reference value :  6.47502e-05
 Reference value :  6.49021e-05
 Reference value :  6.50807e-05
 Reference value :  6.52624e-05
 Reference value :  6.54303e-05
 Reference value :  6.55907e-05
 Reference value :  6.57601e-05
 Reference value :  6.59202e-05
 Reference value :  6.60903e-05
 Reference value :  6.62508e-05
 Reference value :  6.64301e-05
 Reference value :  6.65802e-05
 Reference value :  6.67503e-05
 Reference value :  6.69102e-05
 Reference value :  6.70904e-05
 Reference value :  6.72602e-05
 Reference value :  6.74207e-05
 Reference value :  6.75715e-05
 Reference value :  6.77208e-05
 Reference value :  6.78711e-05
 Reference value :  6.80213e-05
 Reference value :  6.81708e-05
 Reference value :  6.83409e-05
 Reference value :  6.85005e-05
 Reference value :  6.86704e-05
 Reference value :  6.88219e-05
 Reference value :  6.89811e-05
 Reference value :  6.91502e-05
 Reference value :  6.93005e-05
 Reference value :  6.94607e-05
 Reference value :  6.96301e-05
 Reference value :  6.97803e-05
 Reference value :  6.99407e-05
 Reference value :  7.01101e-05
 Reference value :  7.02601e-05
 Reference value :  7.04202e-05
 Reference value :  7.05706e-05
 Reference value :  7.07403e-05
 Reference value :  7.09305e-05
 Reference value :  7.11001e-05
 Reference value :  7.12507e-05
 Reference value :  7.14109e-05
 Reference value :  7.15608e-05
 Reference value :  7.17301e-05
 Reference value :  7.18816e-05
 Reference value :  7.20407e-05
 Reference value :  7.22101e-05
 Reference value :  7.23607e-05
 Reference value :  7.25174e-05
 Reference value :  7.26702e-05
 Reference value :  7.28208e-05
 Reference value :  7.29708e-05
 Reference value :  7.31249e-05
 Reference value :  7.32900e-05
 Reference value :  7.34242e-05
 Reference value :  7.35901e-05
 Reference value :  7.37401e-05
 Reference value :  7.38906e-05
 Reference value :  7.40501e-05
 Reference value :  7.41905e-05
 Reference value :  7.43403e-05
 Reference value :  7.44902e-05
 Reference value :  7.46501e-05
 Reference value :  7.48015e-05
 Reference value :  7.49701e-05
 Reference value :  7.51201e-05
 Reference value :  7.52702e-05
 Reference value :  7.54202e-05
 Reference value :  7.55803e-05
 Reference value :  7.57501e-05
 Reference value :  7.59101e-05
 Reference value :  7.60602e-05
 Reference value :  7.62301e-05
 Reference value :  7.63801e-05
 Reference value :  7.65301e-05
 Reference value :  7.66807e-05
 Reference value :  7.68601e-05
 Reference value :  7.70101e-05
 Reference value :  7.71601e-05
 Reference value :  7.73101e-05
 Reference value :  7.74601e-05
 Reference value :  7.76104e-05
 Reference value :  7.77748e-05
 Reference value :  7.79211e-05
 Reference value :  7.80900e-05
 Reference value :  7.82401e-05
 Reference value :  7.83901e-05
 Reference value :  7.85401e-05
 Reference value :  7.86902e-05
 Reference value :  7.88401e-05
 Reference value :  7.89904e-05
 Reference value :  7.91401e-05
 Reference value :  7.92710e-05
 Reference value :  7.94208e-05
 Reference value :  7.95722e-05
 Reference value :  7.97400e-05
 Reference value :  7.98901e-05
No. of Data Rows : 506530
t_flip              =  3.39915e-05
vos_v               =  -6.00847e-03
m_dut_vos = -6.008470000e-03
Note: Simulation executed from .control section 

Warning: m=xx on .subckt line will override multiplier m hierarchy!

