
Note: Compatibility modes selected: hs a


Circuit: * comparator-kickback @ fs_-40c_3.63v -- generated by sim/harness, do not edit

Doing analysis at TEMP = -40.000000 and TNOM = 27.000000

Using SPARSE 1.3 as Direct Linear Solver

Initial Transient Solution
--------------------------

Node                                   Voltage
----                                   -------
vdd                                       3.63
cm                                        1.65
clk                                          0
sa                                 -0.00692859
asp                                    1.64654
asn                                    1.65346
apa                                    1.64654
ana                                    1.65346
ibna                                   0.92481
xa.xlayout_dut.sp__t2               3.7993e-09
xa.xlayout_dut.qp__t6                     3.63
xa.xlayout_dut.vss__t17            4.10762e-11
xa.xlayout_dut.vss__t2             3.63485e-20
xa.xlayout_dut.dout__t3                1.64933
xa.xlayout_dut.sp__t3               3.8909e-09
xa.xlayout_dut.vss__t25            1.05345e-15
xa.xlayout_dut.vss__t3             1.84681e-11
xa.xlayout_dut.dout__t2                1.63902
xa.xlayout_dut.doutb__t0               1.65379
xa.xlayout_dut.vss__t24             0.00293557
xa.xlayout_dut.vss__t4             2.89659e-11
xa.xlayout_dut.ibias__t0              0.923532
xa.xlayout_dut.ibias__t1               0.92481
xa.xlayout_dut.vss__t20            0.000254896
xa.xlayout_dut.vss__t8             2.35469e-11
xa.xlayout_dut.sn__t2              3.79923e-09
xa.xlayout_dut.qn__t6                     3.63
xa.xlayout_dut.vss__t23            4.09997e-11
xa.xlayout_dut.vss__t5             3.62794e-20
xa.xlayout_dut.doutb__t1               1.65379
xa.xlayout_dut.sn__t3              3.93815e-09
xa.xlayout_dut.vss__t22            1.05296e-15
xa.xlayout_dut.vss__t6             1.84934e-11
xa.xlayout_dut.doutb__t4               1.64447
xa.xlayout_dut.dout__t4                1.64933
xa.xlayout_dut.vss__t21             0.00291295
xa.xlayout_dut.vss__t7              3.0685e-11
xa.xlayout_dut.qn__t4                     3.63
xa.xlayout_dut.qp__t0                     3.63
xa.xlayout_dut.mn__t0                     3.63
xa.xlayout_dut.vss__t9              4.7653e-11
xa.xlayout_dut.mn__t1                     3.63
xa.xlayout_dut.aop__t2                 2.19765
xa.xlayout_dut.ltail__t0               1.65503
xa.xlayout_dut.vss__t11            3.16062e-11
xa.xlayout_dut.atail__t0              0.712864
xa.xlayout_dut.ibias__t2               0.92481
xa.xlayout_dut.vss__t19            0.000500022
xa.xlayout_dut.vss__t13            1.74796e-11
xa.xlayout_dut.qp__t1                     3.63
xa.xlayout_dut.qn__t5                     3.63
xa.xlayout_dut.mp__t2                     3.63
xa.xlayout_dut.vss__t10            4.77387e-11
xa.xlayout_dut.ltail__t1               1.65503
xa.xlayout_dut.clk__t2                       0
xa.xlayout_dut.vss__t18            5.15753e-15
xa.xlayout_dut.vss__t14            8.93838e-12
xa.xlayout_dut.mp__t1                     3.63
xa.xlayout_dut.aon__t0                 2.34951
xa.xlayout_dut.ltail__t2               1.65503
xa.xlayout_dut.vss__t12            3.19276e-11
xa.xlayout_dut.aon__t1                 2.34873
xa.xlayout_dut.vinp__t0                1.64654
xa.xlayout_dut.atail__t1              0.713468
xa.xlayout_dut.vss__t15            3.81806e-09
xa.xlayout_dut.aop__t1                 2.19632
xa.xlayout_dut.vinn__t0                1.65346
xa.xlayout_dut.atail__t2              0.713731
xa.xlayout_dut.vss__t16            8.34477e-10
xa.xlayout_dut.mn__t2                     3.63
xa.xlayout_dut.clk__t0                       0
xa.xlayout_dut.vdd__t0                    3.63
xa.xlayout_dut.vdd__t1                    3.63
xa.xlayout_dut.qn__t1                     3.63
xa.xlayout_dut.clk__t1                       0
xa.xlayout_dut.vdd__t2                    3.63
xa.xlayout_dut.vdd__t3                    3.63
xa.xlayout_dut.sp__t0               4.0916e-09
xa.xlayout_dut.qp__t2                     3.63
xa.xlayout_dut.vdd__t4                    3.63
xa.xlayout_dut.vdd__t5                    3.63
xa.xlayout_dut.mp__t0                     3.63
xa.xlayout_dut.clk__t4                       0
xa.xlayout_dut.vdd__t21                   3.63
xa.xlayout_dut.vdd__t20                   3.63
xa.xlayout_dut.qn__t0                     3.63
xa.xlayout_dut.qp__t3                     3.63
xa.xlayout_dut.vdd__t6                    3.63
xa.xlayout_dut.vdd__t7                    3.63
xa.xlayout_dut.qp__t4                     3.63
xa.xlayout_dut.clk__t3                       0
xa.xlayout_dut.vdd__t19                   3.63
xa.xlayout_dut.vdd__t18                   3.63
xa.xlayout_dut.na__t1                  3.46891
xa.xlayout_dut.sp__t1               3.8909e-09
xa.xlayout_dut.vdd__t23                3.62602
xa.xlayout_dut.vdd__t8                    3.63
xa.xlayout_dut.dout__t0                1.65691
xa.xlayout_dut.doutb__t2               1.65379
xa.xlayout_dut.na__t0                  3.46521
xa.xlayout_dut.vdd__t13                   3.63
xa.xlayout_dut.sn__t0              4.15641e-09
xa.xlayout_dut.qn__t3                     3.63
xa.xlayout_dut.vdd__t17                   3.63
xa.xlayout_dut.vdd__t16                   3.63
xa.xlayout_dut.qp__t5                     3.63
xa.xlayout_dut.qn__t2                     3.63
xa.xlayout_dut.vdd__t15                   3.63
xa.xlayout_dut.vdd__t14                   3.63
xa.xlayout_dut.nb__t1                  3.46965
xa.xlayout_dut.sn__t1              3.93815e-09
xa.xlayout_dut.vdd__t22                3.62571
xa.xlayout_dut.vdd__t12                   3.63
xa.xlayout_dut.doutb__t3               1.67408
xa.xlayout_dut.dout__t1                1.64933
xa.xlayout_dut.nb__t0                  3.46016
xa.xlayout_dut.vdd__t11                   3.63
xa.xlayout_dut.aon__t2                 2.34982
xa.xlayout_dut.x$28.11                 2.35126
xa.xlayout_dut.vss__t0                       0
xa.xlayout_dut.x$28.21                 3.62733
xa.xlayout_dut.vdd__t10                3.62877
xa.xlayout_dut.aop__t0                 2.19802
xa.xlayout_dut.x$29.11                 2.19963
xa.xlayout_dut.vss__t1                       0
xa.xlayout_dut.x$29.21                 3.62785
xa.xlayout_dut.vdd__t9                 3.62945
xa.xlayout_dut.aon                     2.34951
vsubs                                        0
xa.xlayout_dut.aop                     2.19765
xa.xlayout_dut.atail                  0.713367
douta                                  1.64933
doutba                                 1.65379
xa.xlayout_dut.ltail                   1.65503
xa.xlayout_dut.mn                         3.63
xa.xlayout_dut.mp                         3.63
xa.xlayout_dut.na                      3.46706
xa.xlayout_dut.nb                       3.4649
xa.xlayout_dut.qn                         3.63
xa.xlayout_dut.qp                         3.63
xa.xlayout_dut.sn                  3.93815e-09
xa.xlayout_dut.sp                   3.8909e-09
sb                                 -0.00692859
bsp                                    1.64654
bsn                                    1.65346
bpp                                    1.64654
bpn                                    1.65346
ibnb                                   0.92481
xb.xlayout_dut.sp__t2               3.7993e-09
xb.xlayout_dut.qp__t6                     3.63
xb.xlayout_dut.vss__t17            4.10762e-11
xb.xlayout_dut.vss__t2             3.63485e-20
xb.xlayout_dut.dout__t3                1.64933
xb.xlayout_dut.sp__t3               3.8909e-09
xb.xlayout_dut.vss__t25            1.05345e-15
xb.xlayout_dut.vss__t3             1.84681e-11
xb.xlayout_dut.dout__t2                1.63902
xb.xlayout_dut.doutb__t0               1.65379
xb.xlayout_dut.vss__t24             0.00293557
xb.xlayout_dut.vss__t4             2.89659e-11
xb.xlayout_dut.ibias__t0              0.923532
xb.xlayout_dut.ibias__t1               0.92481
xb.xlayout_dut.vss__t20            0.000254896
xb.xlayout_dut.vss__t8             2.35469e-11
xb.xlayout_dut.sn__t2              3.79923e-09
xb.xlayout_dut.qn__t6                     3.63
xb.xlayout_dut.vss__t23            4.09997e-11
xb.xlayout_dut.vss__t5             3.62794e-20
xb.xlayout_dut.doutb__t1               1.65379
xb.xlayout_dut.sn__t3              3.93815e-09
xb.xlayout_dut.vss__t22            1.05296e-15
xb.xlayout_dut.vss__t6             1.84934e-11
xb.xlayout_dut.doutb__t4               1.64447
xb.xlayout_dut.dout__t4                1.64933
xb.xlayout_dut.vss__t21             0.00291295
xb.xlayout_dut.vss__t7              3.0685e-11
xb.xlayout_dut.qn__t4                     3.63
xb.xlayout_dut.qp__t0                     3.63
xb.xlayout_dut.mn__t0                     3.63
xb.xlayout_dut.vss__t9              4.7653e-11
xb.xlayout_dut.mn__t1                     3.63
xb.xlayout_dut.aop__t2                 2.19765
xb.xlayout_dut.ltail__t0               1.65503
xb.xlayout_dut.vss__t11            3.16062e-11
xb.xlayout_dut.atail__t0              0.712864
xb.xlayout_dut.ibias__t2               0.92481
xb.xlayout_dut.vss__t19            0.000500022
xb.xlayout_dut.vss__t13            1.74796e-11
xb.xlayout_dut.qp__t1                     3.63
xb.xlayout_dut.qn__t5                     3.63
xb.xlayout_dut.mp__t2                     3.63
xb.xlayout_dut.vss__t10            4.77387e-11
xb.xlayout_dut.ltail__t1               1.65503
xb.xlayout_dut.clk__t2                       0
xb.xlayout_dut.vss__t18            5.15753e-15
xb.xlayout_dut.vss__t14            8.93838e-12
xb.xlayout_dut.mp__t1                     3.63
xb.xlayout_dut.aon__t0                 2.34951
xb.xlayout_dut.ltail__t2               1.65503
xb.xlayout_dut.vss__t12            3.19276e-11
xb.xlayout_dut.aon__t1                 2.34873
xb.xlayout_dut.vinp__t0                1.64654
xb.xlayout_dut.atail__t1              0.713468
xb.xlayout_dut.vss__t15            3.81806e-09
xb.xlayout_dut.aop__t1                 2.19632
xb.xlayout_dut.vinn__t0                1.65346
xb.xlayout_dut.atail__t2              0.713731
xb.xlayout_dut.vss__t16            8.34477e-10
xb.xlayout_dut.mn__t2                     3.63
xb.xlayout_dut.clk__t0                       0
xb.xlayout_dut.vdd__t0                    3.63
xb.xlayout_dut.vdd__t1                    3.63
xb.xlayout_dut.qn__t1                     3.63
xb.xlayout_dut.clk__t1                       0
xb.xlayout_dut.vdd__t2                    3.63
xb.xlayout_dut.vdd__t3                    3.63
xb.xlayout_dut.sp__t0               4.0916e-09
xb.xlayout_dut.qp__t2                     3.63
xb.xlayout_dut.vdd__t4                    3.63
xb.xlayout_dut.vdd__t5                    3.63
xb.xlayout_dut.mp__t0                     3.63
xb.xlayout_dut.clk__t4                       0
xb.xlayout_dut.vdd__t21                   3.63
xb.xlayout_dut.vdd__t20                   3.63
xb.xlayout_dut.qn__t0                     3.63
xb.xlayout_dut.qp__t3                     3.63
xb.xlayout_dut.vdd__t6                    3.63
xb.xlayout_dut.vdd__t7                    3.63
xb.xlayout_dut.qp__t4                     3.63
xb.xlayout_dut.clk__t3                       0
xb.xlayout_dut.vdd__t19                   3.63
xb.xlayout_dut.vdd__t18                   3.63
xb.xlayout_dut.na__t1                  3.46891
xb.xlayout_dut.sp__t1               3.8909e-09
xb.xlayout_dut.vdd__t23                3.62602
xb.xlayout_dut.vdd__t8                    3.63
xb.xlayout_dut.dout__t0                1.65691
xb.xlayout_dut.doutb__t2               1.65379
xb.xlayout_dut.na__t0                  3.46521
xb.xlayout_dut.vdd__t13                   3.63
xb.xlayout_dut.sn__t0              4.15641e-09
xb.xlayout_dut.qn__t3                     3.63
xb.xlayout_dut.vdd__t17                   3.63
xb.xlayout_dut.vdd__t16                   3.63
xb.xlayout_dut.qp__t5                     3.63
xb.xlayout_dut.qn__t2                     3.63
xb.xlayout_dut.vdd__t15                   3.63
xb.xlayout_dut.vdd__t14                   3.63
xb.xlayout_dut.nb__t1                  3.46965
xb.xlayout_dut.sn__t1              3.93815e-09
xb.xlayout_dut.vdd__t22                3.62571
xb.xlayout_dut.vdd__t12                   3.63
xb.xlayout_dut.doutb__t3               1.67408
xb.xlayout_dut.dout__t1                1.64933
xb.xlayout_dut.nb__t0                  3.46016
xb.xlayout_dut.vdd__t11                   3.63
xb.xlayout_dut.aon__t2                 2.34982
xb.xlayout_dut.x$28.11                 2.35126
xb.xlayout_dut.vss__t0                       0
xb.xlayout_dut.x$28.21                 3.62733
xb.xlayout_dut.vdd__t10                3.62877
xb.xlayout_dut.aop__t0                 2.19802
xb.xlayout_dut.x$29.11                 2.19963
xb.xlayout_dut.vss__t1                       0
xb.xlayout_dut.x$29.21                 3.62785
xb.xlayout_dut.vdd__t9                 3.62945
xb.xlayout_dut.aon                     2.34951
xb.xlayout_dut.aop                     2.19765
xb.xlayout_dut.atail                  0.713367
doutb                                  1.64933
doutbb                                 1.65379
xb.xlayout_dut.ltail                   1.65503
xb.xlayout_dut.mn                         3.63
xb.xlayout_dut.mp                         3.63
xb.xlayout_dut.na                      3.46706
xb.xlayout_dut.nb                       3.4649
xb.xlayout_dut.qn                         3.63
xb.xlayout_dut.qp                         3.63
xb.xlayout_dut.sn                  3.93815e-09
xb.xlayout_dut.sp                   3.8909e-09
sc                                   0.0920714
csp                                    1.69604
csn                                    1.60396
cpp                                    1.69604
cpn                                    1.60396
ibnc                                   0.92481
xc.xlayout_dut.sp__t2               3.7993e-09
xc.xlayout_dut.qp__t6                     3.63
xc.xlayout_dut.vss__t17            4.10762e-11
xc.xlayout_dut.vss__t2             3.63485e-20
xc.xlayout_dut.dout__t3                1.64933
xc.xlayout_dut.sp__t3               3.8909e-09
xc.xlayout_dut.vss__t25            1.05345e-15
xc.xlayout_dut.vss__t3             1.84681e-11
xc.xlayout_dut.dout__t2                1.63902
xc.xlayout_dut.doutb__t0               1.65379
xc.xlayout_dut.vss__t24             0.00293557
xc.xlayout_dut.vss__t4             2.89659e-11
xc.xlayout_dut.ibias__t0              0.923532
xc.xlayout_dut.ibias__t1               0.92481
xc.xlayout_dut.vss__t20            0.000254896
xc.xlayout_dut.vss__t8             2.35469e-11
xc.xlayout_dut.sn__t2              3.79923e-09
xc.xlayout_dut.qn__t6                     3.63
xc.xlayout_dut.vss__t23            4.09997e-11
xc.xlayout_dut.vss__t5             3.62794e-20
xc.xlayout_dut.doutb__t1               1.65379
xc.xlayout_dut.sn__t3              3.93815e-09
xc.xlayout_dut.vss__t22            1.05296e-15
xc.xlayout_dut.vss__t6             1.84934e-11
xc.xlayout_dut.doutb__t4               1.64447
xc.xlayout_dut.dout__t4                1.64933
xc.xlayout_dut.vss__t21             0.00291295
xc.xlayout_dut.vss__t7              3.0685e-11
xc.xlayout_dut.qn__t4                     3.63
xc.xlayout_dut.qp__t0                     3.63
xc.xlayout_dut.mn__t0                     3.63
xc.xlayout_dut.vss__t9              4.7653e-11
xc.xlayout_dut.mn__t1                     3.63
xc.xlayout_dut.aop__t2                 3.19881
xc.xlayout_dut.ltail__t0               2.36522
xc.xlayout_dut.vss__t11            3.58533e-11
xc.xlayout_dut.atail__t0              0.723009
xc.xlayout_dut.ibias__t2               0.92481
xc.xlayout_dut.vss__t19            0.000500082
xc.xlayout_dut.vss__t13            1.77281e-11
xc.xlayout_dut.qp__t1                     3.63
xc.xlayout_dut.qn__t5                     3.63
xc.xlayout_dut.mp__t2                     3.63
xc.xlayout_dut.vss__t10            4.77387e-11
xc.xlayout_dut.ltail__t1               2.36522
xc.xlayout_dut.clk__t2                       0
xc.xlayout_dut.vss__t18            5.87007e-15
xc.xlayout_dut.vss__t14            1.27739e-11
xc.xlayout_dut.mp__t1                     3.63
xc.xlayout_dut.aon__t0                 1.34557
xc.xlayout_dut.ltail__t2               2.36522
xc.xlayout_dut.vss__t12            3.62128e-11
xc.xlayout_dut.aon__t1                 1.34418
xc.xlayout_dut.vinp__t0                1.69604
xc.xlayout_dut.atail__t1              0.723693
xc.xlayout_dut.vss__t15            4.89195e-11
xc.xlayout_dut.aop__t1                 3.19841
xc.xlayout_dut.vinn__t0                1.60396
xc.xlayout_dut.atail__t2              0.723621
xc.xlayout_dut.vss__t16            3.47592e-07
xc.xlayout_dut.mn__t2                     3.63
xc.xlayout_dut.clk__t0                       0
xc.xlayout_dut.vdd__t0                    3.63
xc.xlayout_dut.vdd__t1                    3.63
xc.xlayout_dut.qn__t1                     3.63
xc.xlayout_dut.clk__t1                       0
xc.xlayout_dut.vdd__t2                    3.63
xc.xlayout_dut.vdd__t3                    3.63
xc.xlayout_dut.sp__t0               4.0916e-09
xc.xlayout_dut.qp__t2                     3.63
xc.xlayout_dut.vdd__t4                    3.63
xc.xlayout_dut.vdd__t5                    3.63
xc.xlayout_dut.mp__t0                     3.63
xc.xlayout_dut.clk__t4                       0
xc.xlayout_dut.vdd__t21                   3.63
xc.xlayout_dut.vdd__t20                   3.63
xc.xlayout_dut.qn__t0                     3.63
xc.xlayout_dut.qp__t3                     3.63
xc.xlayout_dut.vdd__t6                    3.63
xc.xlayout_dut.vdd__t7                    3.63
xc.xlayout_dut.qp__t4                     3.63
xc.xlayout_dut.clk__t3                       0
xc.xlayout_dut.vdd__t19                   3.63
xc.xlayout_dut.vdd__t18                   3.63
xc.xlayout_dut.na__t1                  3.46891
xc.xlayout_dut.sp__t1               3.8909e-09
xc.xlayout_dut.vdd__t23                3.62602
xc.xlayout_dut.vdd__t8                    3.63
xc.xlayout_dut.dout__t0                1.65691
xc.xlayout_dut.doutb__t2               1.65379
xc.xlayout_dut.na__t0                  3.46521
xc.xlayout_dut.vdd__t13                   3.63
xc.xlayout_dut.sn__t0              4.15641e-09
xc.xlayout_dut.qn__t3                     3.63
xc.xlayout_dut.vdd__t17                   3.63
xc.xlayout_dut.vdd__t16                   3.63
xc.xlayout_dut.qp__t5                     3.63
xc.xlayout_dut.qn__t2                     3.63
xc.xlayout_dut.vdd__t15                   3.63
xc.xlayout_dut.vdd__t14                   3.63
xc.xlayout_dut.nb__t1                  3.46965
xc.xlayout_dut.sn__t1              3.93815e-09
xc.xlayout_dut.vdd__t22                3.62571
xc.xlayout_dut.vdd__t12                   3.63
xc.xlayout_dut.doutb__t3               1.67408
xc.xlayout_dut.dout__t1                1.64933
xc.xlayout_dut.nb__t0                  3.46016
xc.xlayout_dut.vdd__t11                   3.63
xc.xlayout_dut.aon__t2                 1.34612
xc.xlayout_dut.x$28.11                 1.34869
xc.xlayout_dut.vss__t0                       0
xc.xlayout_dut.x$28.21                 3.62524
xc.xlayout_dut.vdd__t10                 3.6278
xc.xlayout_dut.aop__t0                 3.19892
xc.xlayout_dut.x$29.11                  3.1994
xc.xlayout_dut.vss__t1                       0
xc.xlayout_dut.x$29.21                 3.62935
xc.xlayout_dut.vdd__t9                 3.62984
xc.xlayout_dut.aon                     1.34557
xc.xlayout_dut.aop                     3.19881
xc.xlayout_dut.atail                  0.723512
doutc                                  1.64933
doutbc                                 1.65379
xc.xlayout_dut.ltail                   2.36522
xc.xlayout_dut.mn                         3.63
xc.xlayout_dut.mp                         3.63
xc.xlayout_dut.na                      3.46706
xc.xlayout_dut.nb                       3.4649
xc.xlayout_dut.qn                         3.63
xc.xlayout_dut.qp                         3.63
xc.xlayout_dut.sn                  3.93815e-09
xc.xlayout_dut.sp                   3.8909e-09
ad                                -2.22045e-15
bd                                 -0.00692859
cd                                   0.0920714
bc                                  2.7682e-10
dan                                   0.454361
dbn                                   0.454361
dcn                                   0.454361
bdcn#branch                                  0
bdbn#branch                                  0
bdan#branch                                  0
bbc#branch                                   0
bcd#branch                                   0
bbd#branch                                   0
bad#branch                                   0
ecsn#branch                        2.69096e-19
ecsp#branch                        2.84543e-19
ebsn#branch                        2.77401e-19
ebsp#branch                        2.76239e-19
easn#branch                       -1.94663e-18
easp#branch                       -2.13586e-18
vsc#branch                                   0
vsb#branch                                   0
vsa#branch                                   0
vclk#branch                                  0
vcm#branch                        -2.97522e-18
vsup#branch                         -0.0015822

 Reference value :  1.09640e-09
 Reference value :  3.80640e-09
 Reference value :  6.73640e-09
 Reference value :  9.50140e-09
 Reference value :  1.22814e-08
 Reference value :  1.51464e-08
 Reference value :  1.79414e-08
 Reference value :  2.09314e-08
 Reference value :  2.37364e-08
 Reference value :  2.67364e-08
 Reference value :  2.97564e-08
 Reference value :  3.20065e-08
 Reference value :  3.48215e-08
 Reference value :  3.78665e-08
 Reference value :  4.03975e-08
 Reference value :  4.31075e-08
 Reference value :  4.58025e-08
 Reference value :  4.86075e-08
 Reference value :  5.13025e-08
 Reference value :  5.41675e-08
 Reference value :  5.72725e-08
No. of Data Rows : 12054
ad_pos              =  1.09286e-02 at=  4.04575e-08
ad_neg              =  -1.31373e-02 at=  3.02652e-08
ap0                 =  1.64654e+00
apmax               =  1.65746e+00 at=  4.04575e-08
apmin               =  1.63340e+00 at=  3.02652e-08
bd0                 =  -6.92918e-03
bd1                 =  -6.92629e-03
cd0                 =  9.20706e-02
cd1                 =  9.19759e-02
bc0                 =  2.28462e-05
bc1                 =  2.01659e-04
bp0                 =  1.64656e+00
bn0                 =  1.65349e+00
bp1                 =  1.64674e+00
bn1                 =  1.65366e+00
da_end              =  9.99993e-01
db_end              =  9.99993e-01
dc_end              =  9.99993e-01
m_kick_1k_peak_mv = 1.3137260000e+01
m_kick_1k_pos_mv = 1.0928600000e+01
m_kick_1k_neg_mv = -1.313726000e+01
m_kick_1k_raw_mv = 1.3137000000e+01
m_kick_resid_small_nv = 2.8850000000e+03
m_kick_resid_big_nv = -9.468000000e+04
m_kick_sigdep_nv = 9.7565000000e+04
m_kick_cm_nv = 1.7881322000e+05
m_kick_resid_raw_uv = 3.0000000000e+00
m_q_resid_small_ac = 2.8850000000e+00
m_dout_1k_end = 9.9999270000e-01
m_dout_float_small_end = 9.9999270000e-01
m_dout_float_big_end = 9.9999270000e-01
Note: Simulation executed from .control section 

Warning: m=xx on .subckt line will override multiplier m hierarchy!

Note: Starting dynamic gmin stepping
Note: Dynamic gmin stepping completed
