
Note: Compatibility modes selected: hs a


Circuit: * comparator-kickback-vosprobe @ fs_125c_2.97v -- generated by sim/harness, do not edit

Doing analysis at TEMP = 125.000000 and TNOM = 27.000000

Using SPARSE 1.3 as Direct Linear Solver

Initial Transient Solution
--------------------------

Node                                   Voltage
----                                   -------
vdd                                       2.97
cm                                        1.65
clk                                          0
rmp                                      -0.04
vp                                        1.63
vn                                        1.67
ibn                                    0.89927
xdut.xlayout_dut.sp__t2            6.28775e-09
xdut.xlayout_dut.qp__t6                   2.97
xdut.xlayout_dut.vss__t17          3.78899e-11
xdut.xlayout_dut.vss__t2           4.64367e-19
xdut.xlayout_dut.dout__t3              1.34171
xdut.xlayout_dut.sp__t3            6.37225e-09
xdut.xlayout_dut.vss__t25          5.81108e-10
xdut.xlayout_dut.vss__t3           1.76452e-11
xdut.xlayout_dut.dout__t2              1.33704
xdut.xlayout_dut.doutb__t0              1.3437
xdut.xlayout_dut.vss__t24           0.00132814
xdut.xlayout_dut.vss__t4           1.86197e-11
xdut.xlayout_dut.ibias__t0            0.897992
xdut.xlayout_dut.ibias__t1             0.89927
xdut.xlayout_dut.vss__t20          0.000254896
xdut.xlayout_dut.vss__t8           3.57236e-11
xdut.xlayout_dut.sn__t2            6.28768e-09
xdut.xlayout_dut.qn__t6                   2.97
xdut.xlayout_dut.vss__t23          3.78194e-11
xdut.xlayout_dut.vss__t5           4.63492e-19
xdut.xlayout_dut.doutb__t1              1.3437
xdut.xlayout_dut.sn__t3            6.41583e-09
xdut.xlayout_dut.vss__t22           5.8049e-10
xdut.xlayout_dut.vss__t6           1.76441e-11
xdut.xlayout_dut.doutb__t4             1.33948
xdut.xlayout_dut.dout__t4              1.34171
xdut.xlayout_dut.vss__t21            0.0013216
xdut.xlayout_dut.vss__t7           1.86254e-11
xdut.xlayout_dut.qn__t4                   2.97
xdut.xlayout_dut.qp__t0                   2.97
xdut.xlayout_dut.mn__t0                   2.97
xdut.xlayout_dut.vss__t9           4.67089e-11
xdut.xlayout_dut.mn__t1                   2.97
xdut.xlayout_dut.aop__t2                1.5319
xdut.xlayout_dut.ltail__t0             1.59801
xdut.xlayout_dut.vss__t11          3.64689e-11
xdut.xlayout_dut.atail__t0            0.820785
xdut.xlayout_dut.ibias__t2             0.89927
xdut.xlayout_dut.vss__t19          0.000493864
xdut.xlayout_dut.vss__t13          4.35337e-11
xdut.xlayout_dut.qp__t1                   2.97
xdut.xlayout_dut.qn__t5                   2.97
xdut.xlayout_dut.mp__t2                   2.97
xdut.xlayout_dut.vss__t10           4.6793e-11
xdut.xlayout_dut.ltail__t1             1.59801
xdut.xlayout_dut.clk__t2                     0
xdut.xlayout_dut.vss__t18          2.16421e-09
xdut.xlayout_dut.vss__t14          1.66008e-11
xdut.xlayout_dut.mp__t1                   2.97
xdut.xlayout_dut.aon__t0               2.08263
xdut.xlayout_dut.ltail__t2             1.59801
xdut.xlayout_dut.vss__t12          3.68357e-11
xdut.xlayout_dut.aon__t1               2.08201
xdut.xlayout_dut.vinp__t0                 1.63
xdut.xlayout_dut.atail__t1            0.821363
xdut.xlayout_dut.vss__t15          2.07855e-10
xdut.xlayout_dut.aop__t1               1.53035
xdut.xlayout_dut.vinn__t0                 1.67
xdut.xlayout_dut.atail__t2            0.821703
xdut.xlayout_dut.vss__t16          1.87386e-10
xdut.xlayout_dut.mn__t2                   2.97
xdut.xlayout_dut.clk__t0                     0
xdut.xlayout_dut.vdd__t0                  2.97
xdut.xlayout_dut.vdd__t1                  2.97
xdut.xlayout_dut.qn__t1                   2.97
xdut.xlayout_dut.clk__t1                     0
xdut.xlayout_dut.vdd__t2                  2.97
xdut.xlayout_dut.vdd__t3                  2.97
xdut.xlayout_dut.sp__t0            6.55737e-09
xdut.xlayout_dut.qp__t2                   2.97
xdut.xlayout_dut.vdd__t4                  2.97
xdut.xlayout_dut.vdd__t5                  2.97
xdut.xlayout_dut.mp__t0                   2.97
xdut.xlayout_dut.clk__t4                     0
xdut.xlayout_dut.vdd__t21                 2.97
xdut.xlayout_dut.vdd__t20                 2.97
xdut.xlayout_dut.qn__t0                   2.97
xdut.xlayout_dut.qp__t3                   2.97
xdut.xlayout_dut.vdd__t6                  2.97
xdut.xlayout_dut.vdd__t7                  2.97
xdut.xlayout_dut.qp__t4                   2.97
xdut.xlayout_dut.clk__t3                     0
xdut.xlayout_dut.vdd__t19                 2.97
xdut.xlayout_dut.vdd__t18                 2.97
xdut.xlayout_dut.na__t1                2.84219
xdut.xlayout_dut.sp__t1            6.37225e-09
xdut.xlayout_dut.vdd__t23               2.9682
xdut.xlayout_dut.vdd__t8                  2.97
xdut.xlayout_dut.dout__t0              1.34513
xdut.xlayout_dut.doutb__t2              1.3437
xdut.xlayout_dut.na__t0                2.84052
xdut.xlayout_dut.vdd__t13                 2.97
xdut.xlayout_dut.sn__t0            6.61716e-09
xdut.xlayout_dut.qn__t3                   2.97
xdut.xlayout_dut.vdd__t17                 2.97
xdut.xlayout_dut.vdd__t16                 2.97
xdut.xlayout_dut.qp__t5                   2.97
xdut.xlayout_dut.qn__t2                   2.97
xdut.xlayout_dut.vdd__t15                 2.97
xdut.xlayout_dut.vdd__t14                 2.97
xdut.xlayout_dut.nb__t1                2.84253
xdut.xlayout_dut.sn__t1            6.41583e-09
xdut.xlayout_dut.vdd__t22              2.96806
xdut.xlayout_dut.vdd__t12                 2.97
xdut.xlayout_dut.doutb__t3             1.35291
xdut.xlayout_dut.dout__t1              1.34171
xdut.xlayout_dut.nb__t0                2.83822
xdut.xlayout_dut.vdd__t11                 2.97
xdut.xlayout_dut.aon__t2               2.08288
xdut.xlayout_dut.x$28.11               2.08331
xdut.xlayout_dut.vss__t0                     0
xdut.xlayout_dut.x$28.21               2.96859
xdut.xlayout_dut.vdd__t10              2.96902
xdut.xlayout_dut.aop__t0               1.53233
xdut.xlayout_dut.x$29.11               1.53302
xdut.xlayout_dut.vss__t1                     0
xdut.xlayout_dut.x$29.21               2.96867
xdut.xlayout_dut.vdd__t9               2.96937
xdut.xlayout_dut.aon                   2.08263
vsubs                                        0
xdut.xlayout_dut.aop                    1.5319
xdut.xlayout_dut.atail                0.821282
dout                                   1.34171
doutb                                   1.3437
xdut.xlayout_dut.ltail                 1.59801
xdut.xlayout_dut.mn                       2.97
xdut.xlayout_dut.mp                       2.97
xdut.xlayout_dut.na                    2.84136
xdut.xlayout_dut.nb                    2.84038
xdut.xlayout_dut.qn                       2.97
xdut.xlayout_dut.qp                       2.97
xdut.xlayout_dut.sn                6.41583e-09
xdut.xlayout_dut.sp                6.37225e-09
dn                                    0.451753
bdn#branch                                   0
bnn#branch                         1.17161e-18
bpp#branch                          3.4199e-19
vrmp#branch                                  0
vclk#branch                                  0
vcm#branch                                   0
vsup#branch                       -0.000255322

 Reference value :  1.02366e-07
 Reference value :  2.82833e-07
 Reference value :  4.80004e-07
 Reference value :  6.45863e-07
 Reference value :  8.21302e-07
 Reference value :  1.00134e-06
 Reference value :  1.18110e-06
 Reference value :  1.42012e-06
 Reference value :  1.60020e-06
 Reference value :  1.77443e-06
 Reference value :  1.96012e-06
 Reference value :  2.13084e-06
 Reference value :  2.31114e-06
 Reference value :  2.50097e-06
 Reference value :  2.67054e-06
 Reference value :  2.85054e-06
 Reference value :  3.03032e-06
 Reference value :  3.21014e-06
 Reference value :  3.39010e-06
 Reference value :  3.55110e-06
 Reference value :  3.75000e-06
 Reference value :  3.93014e-06
 Reference value :  4.11010e-06
 Reference value :  4.27267e-06
 Reference value :  4.45027e-06
 Reference value :  4.62040e-06
 Reference value :  4.78315e-06
 Reference value :  4.98000e-06
 Reference value :  5.14020e-06
 Reference value :  5.31232e-06
 Reference value :  5.49053e-06
 Reference value :  5.67053e-06
 Reference value :  5.85010e-06
 Reference value :  6.06006e-06
 Reference value :  6.22251e-06
 Reference value :  6.40069e-06
 Reference value :  6.58014e-06
 Reference value :  6.75071e-06
 Reference value :  6.93085e-06
 Reference value :  7.11021e-06
 Reference value :  7.27246e-06
 Reference value :  7.45020e-06
 Reference value :  7.63016e-06
 Reference value :  7.80165e-06
 Reference value :  7.98045e-06
 Reference value :  8.14120e-06
 Reference value :  8.32055e-06
 Reference value :  8.50079e-06
 Reference value :  8.68020e-06
 Reference value :  8.85065e-06
 Reference value :  9.03031e-06
 Reference value :  9.19342e-06
 Reference value :  9.37010e-06
 Reference value :  9.55012e-06
 Reference value :  9.72553e-06
 Reference value :  9.90031e-06
 Reference value :  1.00804e-05
 Reference value :  1.02410e-05
 Reference value :  1.04209e-05
 Reference value :  1.06201e-05
 Reference value :  1.08002e-05
 Reference value :  1.10216e-05
 Reference value :  1.12034e-05
 Reference value :  1.13808e-05
 Reference value :  1.15503e-05
 Reference value :  1.17309e-05
 Reference value :  1.19117e-05
 Reference value :  1.21001e-05
 Reference value :  1.22705e-05
 Reference value :  1.24508e-05
 Reference value :  1.26344e-05
 Reference value :  1.28105e-05
 Reference value :  1.29717e-05
 Reference value :  1.31502e-05
 Reference value :  1.33209e-05
 Reference value :  1.35006e-05
 Reference value :  1.36801e-05
 Reference value :  1.38600e-05
 Reference value :  1.40202e-05
 Reference value :  1.42005e-05
 Reference value :  1.43710e-05
 Reference value :  1.45501e-05
 Reference value :  1.47115e-05
 Reference value :  1.48916e-05
 Reference value :  1.50713e-05
 Reference value :  1.52516e-05
 Reference value :  1.54320e-05
 Reference value :  1.56111e-05
 Reference value :  1.57904e-05
 Reference value :  1.59709e-05
 Reference value :  1.61509e-05
 Reference value :  1.63309e-05
 Reference value :  1.65301e-05
 Reference value :  1.67501e-05
 Reference value :  1.69207e-05
 Reference value :  1.71101e-05
 Reference value :  1.72815e-05
 Reference value :  1.74601e-05
 Reference value :  1.76401e-05
 Reference value :  1.78147e-05
 Reference value :  1.80005e-05
 Reference value :  1.81804e-05
 Reference value :  1.83607e-05
 Reference value :  1.85407e-05
 Reference value :  1.87209e-05
 Reference value :  1.89111e-05
 Reference value :  1.90913e-05
 Reference value :  1.92702e-05
 Reference value :  1.94508e-05
 Reference value :  1.96302e-05
 Reference value :  1.98300e-05
 Reference value :  2.00101e-05
 Reference value :  2.01722e-05
 Reference value :  2.03701e-05
 Reference value :  2.05361e-05
 Reference value :  2.07001e-05
 Reference value :  2.08807e-05
 Reference value :  2.10607e-05
 Reference value :  2.12501e-05
 Reference value :  2.14302e-05
 Reference value :  2.16102e-05
 Reference value :  2.17816e-05
 Reference value :  2.19627e-05
 Reference value :  2.21506e-05
 Reference value :  2.23302e-05
 Reference value :  2.25117e-05
 Reference value :  2.27101e-05
 Reference value :  2.28909e-05
 Reference value :  2.30701e-05
 Reference value :  2.32510e-05
 Reference value :  2.34302e-05
 Reference value :  2.36110e-05
 Reference value :  2.38001e-05
 Reference value :  2.40409e-05
 Reference value :  2.42316e-05
 Reference value :  2.44009e-05
 Reference value :  2.45808e-05
 Reference value :  2.47606e-05
 Reference value :  2.49601e-05
 Reference value :  2.51407e-05
 Reference value :  2.53215e-05
 Reference value :  2.55115e-05
 Reference value :  2.57101e-05
 Reference value :  2.58911e-05
 Reference value :  2.60707e-05
 Reference value :  2.62517e-05
 Reference value :  2.64402e-05
 Reference value :  2.66206e-05
 Reference value :  2.68012e-05
 Reference value :  2.69810e-05
 Reference value :  2.71610e-05
 Reference value :  2.73401e-05
 Reference value :  2.75213e-05
 Reference value :  2.77061e-05
 Reference value :  2.79002e-05
 Reference value :  2.80814e-05
 Reference value :  2.82611e-05
 Reference value :  2.84433e-05
 Reference value :  2.86208e-05
 Reference value :  2.88002e-05
 Reference value :  2.89800e-05
 Reference value :  2.91402e-05
 Reference value :  2.93217e-05
 Reference value :  2.95202e-05
 Reference value :  2.97001e-05
 Reference value :  2.98801e-05
 Reference value :  3.00413e-05
 Reference value :  3.02212e-05
 Reference value :  3.04001e-05
 Reference value :  3.05711e-05
 Reference value :  3.07306e-05
 Reference value :  3.09401e-05
 Reference value :  3.11117e-05
 Reference value :  3.12901e-05
 Reference value :  3.14512e-05
 Reference value :  3.16218e-05
 Reference value :  3.18001e-05
 Reference value :  3.19803e-05
 Reference value :  3.21601e-05
 Reference value :  3.23409e-05
 Reference value :  3.25054e-05
 Reference value :  3.26809e-05
 Reference value :  3.28607e-05
 Reference value :  3.30415e-05
 Reference value :  3.32210e-05
 Reference value :  3.34019e-05
 Reference value :  3.36000e-05
 Reference value :  3.37645e-05
 Reference value :  3.39410e-05
 Reference value :  3.41201e-05
 Reference value :  3.43013e-05
 Reference value :  3.44815e-05
 Reference value :  3.46645e-05
 Reference value :  3.48601e-05
 Reference value :  3.50212e-05
 Reference value :  3.52202e-05
 Reference value :  3.54000e-05
 Reference value :  3.55611e-05
 Reference value :  3.57319e-05
 Reference value :  3.59102e-05
 Reference value :  3.60909e-05
 Reference value :  3.62801e-05
 Reference value :  3.64520e-05
 Reference value :  3.66402e-05
 Reference value :  3.68404e-05
 Reference value :  3.70201e-05
 Reference value :  3.72001e-05
 Reference value :  3.73610e-05
 Reference value :  3.75320e-05
 Reference value :  3.77367e-05
 Reference value :  3.79502e-05
 Reference value :  3.81301e-05
 Reference value :  3.82915e-05
 Reference value :  3.84701e-05
 Reference value :  3.86501e-05
 Reference value :  3.88301e-05
 Reference value :  3.90108e-05
 Reference value :  3.91907e-05
 Reference value :  3.93701e-05
 Reference value :  3.95501e-05
 Reference value :  3.97207e-05
 Reference value :  3.99006e-05
 Reference value :  4.00615e-05
 Reference value :  4.02612e-05
 Reference value :  4.04401e-05
 Reference value :  4.06015e-05
 Reference value :  4.07811e-05
 Reference value :  4.09607e-05
 Reference value :  4.11600e-05
 Reference value :  4.13215e-05
 Reference value :  4.15201e-05
 Reference value :  4.16814e-05
 Reference value :  4.18615e-05
 Reference value :  4.20412e-05
 Reference value :  4.22120e-05
 Reference value :  4.23908e-05
 Reference value :  4.25708e-05
 Reference value :  4.27501e-05
 Reference value :  4.29115e-05
 Reference value :  4.30911e-05
 Reference value :  4.32900e-05
 Reference value :  4.34700e-05
 Reference value :  4.36323e-05
 Reference value :  4.38115e-05
 Reference value :  4.39908e-05
 Reference value :  4.41704e-05
 Reference value :  4.44001e-05
 Reference value :  4.45618e-05
 Reference value :  4.47600e-05
 Reference value :  4.49290e-05
 Reference value :  4.51002e-05
 Reference value :  4.52702e-05
 Reference value :  4.54500e-05
 Reference value :  4.56113e-05
 Reference value :  4.57901e-05
 Reference value :  4.59709e-05
 Reference value :  4.61700e-05
 Reference value :  4.63314e-05
 Reference value :  4.65110e-05
 Reference value :  4.66904e-05
 Reference value :  4.68609e-05
 Reference value :  4.70249e-05
 Reference value :  4.72008e-05
 Reference value :  4.73723e-05
 Reference value :  4.75500e-05
 Reference value :  4.77102e-05
 Reference value :  4.78877e-05
 Reference value :  4.80702e-05
 Reference value :  4.82515e-05
 Reference value :  4.84306e-05
 Reference value :  4.86014e-05
 Reference value :  4.87801e-05
 Reference value :  4.89419e-05
 Reference value :  4.91202e-05
 Reference value :  4.92905e-05
 Reference value :  4.94526e-05
 Reference value :  4.96318e-05
 Reference value :  4.98112e-05
 Reference value :  4.99912e-05
 Reference value :  5.01904e-05
 Reference value :  5.03707e-05
 Reference value :  5.05520e-05
 Reference value :  5.07232e-05
 Reference value :  5.08815e-05
 Reference value :  5.10606e-05
 Reference value :  5.12702e-05
 Reference value :  5.14502e-05
 Reference value :  5.16315e-05
 Reference value :  5.18100e-05
 Reference value :  5.19712e-05
 Reference value :  5.21411e-05
 Reference value :  5.23201e-05
 Reference value :  5.25000e-05
 Reference value :  5.26804e-05
 Reference value :  5.28602e-05
 Reference value :  5.30400e-05
 Reference value :  5.32030e-05
 Reference value :  5.33809e-05
 Reference value :  5.35602e-05
 Reference value :  5.37306e-05
 Reference value :  5.38920e-05
 Reference value :  5.40702e-05
 Reference value :  5.42414e-05
 Reference value :  5.44301e-05
 Reference value :  5.46101e-05
 Reference value :  5.47912e-05
 Reference value :  5.49702e-05
 Reference value :  5.51450e-05
 Reference value :  5.53302e-05
 Reference value :  5.55101e-05
 Reference value :  5.56810e-05
 Reference value :  5.58603e-05
 Reference value :  5.60403e-05
 Reference value :  5.62046e-05
 Reference value :  5.64006e-05
 Reference value :  5.65901e-05
 Reference value :  5.67712e-05
 Reference value :  5.69510e-05
 Reference value :  5.71317e-05
 Reference value :  5.73136e-05
 Reference value :  5.75100e-05
 Reference value :  5.76904e-05
 Reference value :  5.79003e-05
 Reference value :  5.81100e-05
 Reference value :  5.82906e-05
 Reference value :  5.84706e-05
 Reference value :  5.86509e-05
 Reference value :  5.88303e-05
 Reference value :  5.90104e-05
 Reference value :  5.91909e-05
 Reference value :  5.93812e-05
 Reference value :  5.95800e-05
 Reference value :  5.97601e-05
 Reference value :  5.99501e-05
 Reference value :  6.01502e-05
 Reference value :  6.03402e-05
 Reference value :  6.05117e-05
 Reference value :  6.06902e-05
 Reference value :  6.08801e-05
 Reference value :  6.10510e-05
 Reference value :  6.12305e-05
 Reference value :  6.13922e-05
 Reference value :  6.15905e-05
 Reference value :  6.17701e-05
 Reference value :  6.19611e-05
 Reference value :  6.21406e-05
 Reference value :  6.23211e-05
 Reference value :  6.25012e-05
 Reference value :  6.26811e-05
 Reference value :  6.28608e-05
 Reference value :  6.30505e-05
 Reference value :  6.32403e-05
 Reference value :  6.34209e-05
 Reference value :  6.36107e-05
 Reference value :  6.37908e-05
 Reference value :  6.39708e-05
 Reference value :  6.41506e-05
 Reference value :  6.43315e-05
 Reference value :  6.45708e-05
 Reference value :  6.47701e-05
 Reference value :  6.49517e-05
 Reference value :  6.51413e-05
 Reference value :  6.53216e-05
 Reference value :  6.55002e-05
 Reference value :  6.56812e-05
 Reference value :  6.58614e-05
 Reference value :  6.60601e-05
 Reference value :  6.62501e-05
 Reference value :  6.64314e-05
 Reference value :  6.66112e-05
 Reference value :  6.67902e-05
 Reference value :  6.69616e-05
 Reference value :  6.71409e-05
 Reference value :  6.73237e-05
 Reference value :  6.75005e-05
 Reference value :  6.76801e-05
 Reference value :  6.78458e-05
 Reference value :  6.80401e-05
 Reference value :  6.82203e-05
 Reference value :  6.84002e-05
 Reference value :  6.85802e-05
 Reference value :  6.87604e-05
 Reference value :  6.89406e-05
 Reference value :  6.91301e-05
 Reference value :  6.93101e-05
 Reference value :  6.94913e-05
 Reference value :  6.96702e-05
 Reference value :  6.98502e-05
 Reference value :  7.00309e-05
 Reference value :  7.02112e-05
 Reference value :  7.04201e-05
 Reference value :  7.06002e-05
 Reference value :  7.07815e-05
 Reference value :  7.09801e-05
 Reference value :  7.11415e-05
 Reference value :  7.13402e-05
 Reference value :  7.15431e-05
 Reference value :  7.17112e-05
 Reference value :  7.18902e-05
 Reference value :  7.20724e-05
 Reference value :  7.22501e-05
 Reference value :  7.24218e-05
 Reference value :  7.26006e-05
 Reference value :  7.27906e-05
 Reference value :  7.29615e-05
 Reference value :  7.31401e-05
 Reference value :  7.33213e-05
 Reference value :  7.35001e-05
 Reference value :  7.36801e-05
 Reference value :  7.38601e-05
 Reference value :  7.40208e-05
 Reference value :  7.42008e-05
 Reference value :  7.43706e-05
 Reference value :  7.45501e-05
 Reference value :  7.47300e-05
 Reference value :  7.48912e-05
 Reference value :  7.50900e-05
 Reference value :  7.52700e-05
 Reference value :  7.54327e-05
 Reference value :  7.56120e-05
 Reference value :  7.57982e-05
 Reference value :  7.59901e-05
 Reference value :  7.61703e-05
 Reference value :  7.63501e-05
 Reference value :  7.65112e-05
 Reference value :  7.66906e-05
 Reference value :  7.68607e-05
 Reference value :  7.70403e-05
 Reference value :  7.72201e-05
 Reference value :  7.74008e-05
 Reference value :  7.75805e-05
 Reference value :  7.77420e-05
 Reference value :  7.79212e-05
 Reference value :  7.81001e-05
 Reference value :  7.82803e-05
 Reference value :  7.84915e-05
 Reference value :  7.86712e-05
 Reference value :  7.88507e-05
 Reference value :  7.90302e-05
 Reference value :  7.92009e-05
 Reference value :  7.93811e-05
 Reference value :  7.95603e-05
 Reference value :  7.97410e-05
 Reference value :  7.99208e-05
No. of Data Rows : 444661
t_flip              =  3.06928e-05
vos_v               =  -9.30718e-03
m_dut_vos = -9.307180000e-03
Note: Simulation executed from .control section 

Warning: m=xx on .subckt line will override multiplier m hierarchy!

