
Note: Compatibility modes selected: hs a


Circuit: * comparator-kickback-vosprobe @ fs_27c_2.97v -- generated by sim/harness, do not edit

Doing analysis at TEMP = 27.000000 and TNOM = 27.000000

Using SPARSE 1.3 as Direct Linear Solver

Initial Transient Solution
--------------------------

Node                                   Voltage
----                                   -------
vdd                                       2.97
cm                                        1.65
clk                                          0
rmp                                      -0.04
vp                                        1.63
vn                                        1.67
ibn                                    0.91521
xdut.xlayout_dut.sp__t2            3.61698e-09
xdut.xlayout_dut.qp__t6                   2.97
xdut.xlayout_dut.vss__t17          2.87326e-11
xdut.xlayout_dut.vss__t2           3.45076e-20
xdut.xlayout_dut.dout__t3          3.82978e-09
xdut.xlayout_dut.sp__t3            3.68105e-09
xdut.xlayout_dut.vss__t25          1.21784e-19
xdut.xlayout_dut.vss__t3           4.28853e-20
xdut.xlayout_dut.dout__t2          3.70148e-09
xdut.xlayout_dut.doutb__t0                2.97
xdut.xlayout_dut.vss__t24            3.651e-11
xdut.xlayout_dut.vss__t4           4.40169e-20
xdut.xlayout_dut.ibias__t0            0.913932
xdut.xlayout_dut.ibias__t1             0.91521
xdut.xlayout_dut.vss__t20          0.000254896
xdut.xlayout_dut.vss__t8           2.33023e-11
xdut.xlayout_dut.sn__t2            3.61693e-09
xdut.xlayout_dut.qn__t6                   2.97
xdut.xlayout_dut.vss__t23          2.86791e-11
xdut.xlayout_dut.vss__t5           3.44423e-20
xdut.xlayout_dut.doutb__t1                2.97
xdut.xlayout_dut.sn__t3             3.7141e-09
xdut.xlayout_dut.vss__t22           1.6071e-12
xdut.xlayout_dut.vss__t6            3.3228e-11
xdut.xlayout_dut.doutb__t4                2.97
xdut.xlayout_dut.dout__t4          3.82978e-09
xdut.xlayout_dut.vss__t21          1.69022e-12
xdut.xlayout_dut.vss__t7           3.49468e-11
xdut.xlayout_dut.qn__t4                   2.97
xdut.xlayout_dut.qp__t0                   2.97
xdut.xlayout_dut.mn__t0                   2.97
xdut.xlayout_dut.vss__t9           3.89888e-11
xdut.xlayout_dut.mn__t1                   2.97
xdut.xlayout_dut.aop__t2               1.36157
xdut.xlayout_dut.ltail__t0             1.54813
xdut.xlayout_dut.vss__t11          2.70199e-11
xdut.xlayout_dut.atail__t0            0.758395
xdut.xlayout_dut.ibias__t2             0.91521
xdut.xlayout_dut.vss__t19          0.000496873
xdut.xlayout_dut.vss__t13          1.85952e-11
xdut.xlayout_dut.qp__t1                   2.97
xdut.xlayout_dut.qn__t5                   2.97
xdut.xlayout_dut.mp__t2                   2.97
xdut.xlayout_dut.vss__t10           3.9059e-11
xdut.xlayout_dut.ltail__t1             1.54813
xdut.xlayout_dut.clk__t2                     0
xdut.xlayout_dut.vss__t18          5.41076e-12
xdut.xlayout_dut.vss__t14          8.36112e-12
xdut.xlayout_dut.mp__t1                   2.97
xdut.xlayout_dut.aon__t0               2.06973
xdut.xlayout_dut.ltail__t2             1.54813
xdut.xlayout_dut.vss__t12          2.72908e-11
xdut.xlayout_dut.aon__t1               2.06914
xdut.xlayout_dut.vinp__t0                 1.63
xdut.xlayout_dut.atail__t1            0.758971
xdut.xlayout_dut.vss__t15          1.07523e-10
xdut.xlayout_dut.aop__t1               1.35996
xdut.xlayout_dut.vinn__t0                 1.67
xdut.xlayout_dut.atail__t2            0.759334
xdut.xlayout_dut.vss__t16          5.10721e-11
xdut.xlayout_dut.mn__t2                   2.97
xdut.xlayout_dut.clk__t0                     0
xdut.xlayout_dut.vdd__t0                  2.97
xdut.xlayout_dut.vdd__t1                  2.97
xdut.xlayout_dut.qn__t1                   2.97
xdut.xlayout_dut.clk__t1                     0
xdut.xlayout_dut.vdd__t2                  2.97
xdut.xlayout_dut.vdd__t3                  2.97
xdut.xlayout_dut.sp__t0            3.82144e-09
xdut.xlayout_dut.qp__t2                   2.97
xdut.xlayout_dut.vdd__t4                  2.97
xdut.xlayout_dut.vdd__t5                  2.97
xdut.xlayout_dut.mp__t0                   2.97
xdut.xlayout_dut.clk__t4                     0
xdut.xlayout_dut.vdd__t21                 2.97
xdut.xlayout_dut.vdd__t20                 2.97
xdut.xlayout_dut.qn__t0                   2.97
xdut.xlayout_dut.qp__t3                   2.97
xdut.xlayout_dut.vdd__t6                  2.97
xdut.xlayout_dut.vdd__t7                  2.97
xdut.xlayout_dut.qp__t4                   2.97
xdut.xlayout_dut.clk__t3                     0
xdut.xlayout_dut.vdd__t19                 2.97
xdut.xlayout_dut.vdd__t18                 2.97
xdut.xlayout_dut.na__t1                   2.97
xdut.xlayout_dut.sp__t1            3.68105e-09
xdut.xlayout_dut.vdd__t23                 2.97
xdut.xlayout_dut.vdd__t8                  2.97
xdut.xlayout_dut.dout__t0          3.92399e-09
xdut.xlayout_dut.doutb__t2                2.97
xdut.xlayout_dut.na__t0                   2.97
xdut.xlayout_dut.vdd__t13                 2.97
xdut.xlayout_dut.sn__t0            3.86677e-09
xdut.xlayout_dut.qn__t3                   2.97
xdut.xlayout_dut.vdd__t17                 2.97
xdut.xlayout_dut.vdd__t16                 2.97
xdut.xlayout_dut.qp__t5                   2.97
xdut.xlayout_dut.qn__t2                   2.97
xdut.xlayout_dut.vdd__t15                 2.97
xdut.xlayout_dut.vdd__t14                 2.97
xdut.xlayout_dut.nb__t1                   2.97
xdut.xlayout_dut.sn__t1             3.7141e-09
xdut.xlayout_dut.vdd__t22                 2.97
xdut.xlayout_dut.vdd__t12                 2.97
xdut.xlayout_dut.doutb__t3                2.97
xdut.xlayout_dut.dout__t1          3.82978e-09
xdut.xlayout_dut.nb__t0                   2.97
xdut.xlayout_dut.vdd__t11                 2.97
xdut.xlayout_dut.aon__t2               2.06997
xdut.xlayout_dut.x$28.11                2.0706
xdut.xlayout_dut.vss__t0                     0
xdut.xlayout_dut.x$28.21               2.96844
xdut.xlayout_dut.vdd__t10              2.96907
xdut.xlayout_dut.aop__t0               1.36202
xdut.xlayout_dut.x$29.11               1.36315
xdut.xlayout_dut.vss__t1                     0
xdut.xlayout_dut.x$29.21               2.96821
xdut.xlayout_dut.vdd__t9               2.96934
xdut.xlayout_dut.aon                   2.06973
vsubs                                        0
xdut.xlayout_dut.aop                   1.36157
xdut.xlayout_dut.atail                0.758894
dout                               3.82978e-09
doutb                                     2.97
xdut.xlayout_dut.ltail                 1.54813
xdut.xlayout_dut.mn                       2.97
xdut.xlayout_dut.mp                       2.97
xdut.xlayout_dut.na                       2.97
xdut.xlayout_dut.nb                       2.97
xdut.xlayout_dut.qn                       2.97
xdut.xlayout_dut.qp                       2.97
xdut.xlayout_dut.sn                 3.7141e-09
xdut.xlayout_dut.sp                3.68105e-09
dn                                 1.28949e-09
bdn#branch                                   0
bnn#branch                         1.17161e-18
bpp#branch                          3.4199e-19
vrmp#branch                                  0
vclk#branch                                  0
vcm#branch                                   0
vsup#branch                       -3.02781e-05

 Reference value :  1.20006e-07
 Reference value :  2.80148e-07
 Reference value :  4.32206e-07
 Reference value :  6.10957e-07
 Reference value :  7.80544e-07
 Reference value :  9.41846e-07
 Reference value :  1.12073e-06
 Reference value :  1.29003e-06
 Reference value :  1.45099e-06
 Reference value :  1.65052e-06
 Reference value :  1.84012e-06
 Reference value :  2.01009e-06
 Reference value :  2.16043e-06
 Reference value :  2.32104e-06
 Reference value :  2.49009e-06
 Reference value :  2.65011e-06
 Reference value :  2.82128e-06
 Reference value :  3.00008e-06
 Reference value :  3.16022e-06
 Reference value :  3.34024e-06
 Reference value :  3.51037e-06
 Reference value :  3.67113e-06
 Reference value :  3.84043e-06
 Reference value :  4.02004e-06
 Reference value :  4.17043e-06
 Reference value :  4.35004e-06
 Reference value :  4.50044e-06
 Reference value :  4.66103e-06
 Reference value :  4.83044e-06
 Reference value :  4.99042e-06
 Reference value :  5.17153e-06
 Reference value :  5.38094e-06
 Reference value :  5.58009e-06
 Reference value :  5.73051e-06
 Reference value :  5.89154e-06
 Reference value :  6.07040e-06
 Reference value :  6.24040e-06
 Reference value :  6.40092e-06
 Reference value :  6.57014e-06
 Reference value :  6.75026e-06
 Reference value :  6.91239e-06
 Reference value :  7.09010e-06
 Reference value :  7.26020e-06
 Reference value :  7.43218e-06
 Reference value :  7.60010e-06
 Reference value :  7.77000e-06
 Reference value :  7.93103e-06
 Reference value :  8.10017e-06
 Reference value :  8.26093e-06
 Reference value :  8.43114e-06
 Reference value :  8.65136e-06
 Reference value :  8.83010e-06
 Reference value :  8.98310e-06
 Reference value :  9.15080e-06
 Reference value :  9.31095e-06
 Reference value :  9.48015e-06
 Reference value :  9.66019e-06
 Reference value :  9.81188e-06
 Reference value :  9.96051e-06
 Reference value :  1.01207e-05
 Reference value :  1.02902e-05
 Reference value :  1.04501e-05
 Reference value :  1.06201e-05
 Reference value :  1.07811e-05
 Reference value :  1.09508e-05
 Reference value :  1.11111e-05
 Reference value :  1.12806e-05
 Reference value :  1.14601e-05
 Reference value :  1.16112e-05
 Reference value :  1.17901e-05
 Reference value :  1.19515e-05
 Reference value :  1.21205e-05
 Reference value :  1.22841e-05
 Reference value :  1.24571e-05
 Reference value :  1.26300e-05
 Reference value :  1.27901e-05
 Reference value :  1.29905e-05
 Reference value :  1.31701e-05
 Reference value :  1.33209e-05
 Reference value :  1.35001e-05
 Reference value :  1.36602e-05
 Reference value :  1.38301e-05
 Reference value :  1.39902e-05
 Reference value :  1.41412e-05
 Reference value :  1.43107e-05
 Reference value :  1.44712e-05
 Reference value :  1.46403e-05
 Reference value :  1.48008e-05
 Reference value :  1.49519e-05
 Reference value :  1.51202e-05
 Reference value :  1.52812e-05
 Reference value :  1.54502e-05
 Reference value :  1.56110e-05
 Reference value :  1.57805e-05
 Reference value :  1.59600e-05
 Reference value :  1.61105e-05
 Reference value :  1.62607e-05
 Reference value :  1.64402e-05
 Reference value :  1.66005e-05
 Reference value :  1.67701e-05
 Reference value :  1.69309e-05
 Reference value :  1.71007e-05
 Reference value :  1.72613e-05
 Reference value :  1.74306e-05
 Reference value :  1.75910e-05
 Reference value :  1.78007e-05
 Reference value :  1.79701e-05
 Reference value :  1.81201e-05
 Reference value :  1.82808e-05
 Reference value :  1.84503e-05
 Reference value :  1.86127e-05
 Reference value :  1.87806e-05
 Reference value :  1.89491e-05
 Reference value :  1.91157e-05
 Reference value :  1.92901e-05
 Reference value :  1.94510e-05
 Reference value :  1.95903e-05
 Reference value :  1.97420e-05
 Reference value :  1.99009e-05
 Reference value :  2.00801e-05
 Reference value :  2.02501e-05
 Reference value :  2.04007e-05
 Reference value :  2.05612e-05
 Reference value :  2.07304e-05
 Reference value :  2.08901e-05
 Reference value :  2.10601e-05
 Reference value :  2.12206e-05
 Reference value :  2.14001e-05
 Reference value :  2.15709e-05
 Reference value :  2.17501e-05
 Reference value :  2.19102e-05
 Reference value :  2.20805e-05
 Reference value :  2.22421e-05
 Reference value :  2.24201e-05
 Reference value :  2.25901e-05
 Reference value :  2.27702e-05
 Reference value :  2.29642e-05
 Reference value :  2.31318e-05
 Reference value :  2.33103e-05
 Reference value :  2.34708e-05
 Reference value :  2.36359e-05
 Reference value :  2.38007e-05
 Reference value :  2.39705e-05
 Reference value :  2.41505e-05
 Reference value :  2.43300e-05
 Reference value :  2.44902e-05
 Reference value :  2.46602e-05
 Reference value :  2.48209e-05
 Reference value :  2.50006e-05
 Reference value :  2.51727e-05
 Reference value :  2.53500e-05
 Reference value :  2.55107e-05
 Reference value :  2.56808e-05
 Reference value :  2.58601e-05
 Reference value :  2.60201e-05
 Reference value :  2.62001e-05
 Reference value :  2.63707e-05
 Reference value :  2.65500e-05
 Reference value :  2.67117e-05
 Reference value :  2.68904e-05
 Reference value :  2.70701e-05
 Reference value :  2.72402e-05
 Reference value :  2.74011e-05
 Reference value :  2.75714e-05
 Reference value :  2.77503e-05
 Reference value :  2.79122e-05
 Reference value :  2.80910e-05
 Reference value :  2.82703e-05
 Reference value :  2.84502e-05
 Reference value :  2.86201e-05
 Reference value :  2.87809e-05
 Reference value :  2.89520e-05
 Reference value :  2.91301e-05
 Reference value :  2.92910e-05
 Reference value :  2.95179e-05
 Reference value :  2.96815e-05
 Reference value :  2.98602e-05
 Reference value :  3.00302e-05
 Reference value :  3.01918e-05
 Reference value :  3.03617e-05
 Reference value :  3.05404e-05
 Reference value :  3.07011e-05
 Reference value :  3.08812e-05
 Reference value :  3.10611e-05
 Reference value :  3.12411e-05
 Reference value :  3.14121e-05
 Reference value :  3.15901e-05
 Reference value :  3.17507e-05
 Reference value :  3.19303e-05
 Reference value :  3.21102e-05
 Reference value :  3.22819e-05
 Reference value :  3.24602e-05
 Reference value :  3.26401e-05
 Reference value :  3.28009e-05
 Reference value :  3.30001e-05
 Reference value :  3.31608e-05
 Reference value :  3.33402e-05
 Reference value :  3.35102e-05
 Reference value :  3.36710e-05
 Reference value :  3.38411e-05
 Reference value :  3.40005e-05
 Reference value :  3.41702e-05
 Reference value :  3.43308e-05
 Reference value :  3.45001e-05
 Reference value :  3.46901e-05
 Reference value :  3.48620e-05
 Reference value :  3.50408e-05
 Reference value :  3.52009e-05
 Reference value :  3.53709e-05
 Reference value :  3.55501e-05
 Reference value :  3.57110e-05
 Reference value :  3.58902e-05
 Reference value :  3.61003e-05
 Reference value :  3.62802e-05
 Reference value :  3.64501e-05
 Reference value :  3.66301e-05
 Reference value :  3.67901e-05
 Reference value :  3.69603e-05
 Reference value :  3.71208e-05
 Reference value :  3.73155e-05
 Reference value :  3.74808e-05
 Reference value :  3.76602e-05
 Reference value :  3.78309e-05
 Reference value :  3.79952e-05
 Reference value :  3.81725e-05
 Reference value :  3.83502e-05
 Reference value :  3.85202e-05
 Reference value :  3.86811e-05
 Reference value :  3.88566e-05
 Reference value :  3.90111e-05
 Reference value :  3.91901e-05
 Reference value :  3.93604e-05
 Reference value :  3.95509e-05
 Reference value :  3.97301e-05
 Reference value :  3.99001e-05
 Reference value :  4.00607e-05
 Reference value :  4.02306e-05
 Reference value :  4.03911e-05
 Reference value :  4.05648e-05
 Reference value :  4.07401e-05
 Reference value :  4.08919e-05
 Reference value :  4.10701e-05
 Reference value :  4.12304e-05
 Reference value :  4.14101e-05
 Reference value :  4.15801e-05
 Reference value :  4.17407e-05
 Reference value :  4.19401e-05
 Reference value :  4.21001e-05
 Reference value :  4.22510e-05
 Reference value :  4.24253e-05
 Reference value :  4.25959e-05
 Reference value :  4.27615e-05
 Reference value :  4.29901e-05
 Reference value :  4.31511e-05
 Reference value :  4.33205e-05
 Reference value :  4.34804e-05
 Reference value :  4.36502e-05
 Reference value :  4.38111e-05
 Reference value :  4.39910e-05
 Reference value :  4.41702e-05
 Reference value :  4.43403e-05
 Reference value :  4.45201e-05
 Reference value :  4.46802e-05
 Reference value :  4.48503e-05
 Reference value :  4.50114e-05
 Reference value :  4.51902e-05
 Reference value :  4.53601e-05
 Reference value :  4.55214e-05
 Reference value :  4.57004e-05
 Reference value :  4.58705e-05
 Reference value :  4.60512e-05
 Reference value :  4.62301e-05
 Reference value :  4.63917e-05
 Reference value :  4.65603e-05
 Reference value :  4.67111e-05
 Reference value :  4.68711e-05
 Reference value :  4.70402e-05
 Reference value :  4.71927e-05
 Reference value :  4.73513e-05
 Reference value :  4.75201e-05
 Reference value :  4.76718e-05
 Reference value :  4.78310e-05
 Reference value :  4.80005e-05
 Reference value :  4.81602e-05
 Reference value :  4.83302e-05
 Reference value :  4.84902e-05
 Reference value :  4.86600e-05
 Reference value :  4.88108e-05
 Reference value :  4.90011e-05
 Reference value :  4.91705e-05
 Reference value :  4.93501e-05
 Reference value :  4.95109e-05
 Reference value :  4.96805e-05
 Reference value :  4.98407e-05
 Reference value :  5.00101e-05
 Reference value :  5.01710e-05
 Reference value :  5.03404e-05
 Reference value :  5.05206e-05
 Reference value :  5.07001e-05
 Reference value :  5.08615e-05
 Reference value :  5.10306e-05
 Reference value :  5.11910e-05
 Reference value :  5.13611e-05
 Reference value :  5.15356e-05
 Reference value :  5.17001e-05
 Reference value :  5.18703e-05
 Reference value :  5.20310e-05
 Reference value :  5.22108e-05
 Reference value :  5.23901e-05
 Reference value :  5.25605e-05
 Reference value :  5.27405e-05
 Reference value :  5.29201e-05
 Reference value :  5.30804e-05
 Reference value :  5.32506e-05
 Reference value :  5.34195e-05
 Reference value :  5.35902e-05
 Reference value :  5.37605e-05
 Reference value :  5.39400e-05
 Reference value :  5.41010e-05
 Reference value :  5.42810e-05
 Reference value :  5.44607e-05
 Reference value :  5.46403e-05
 Reference value :  5.48105e-05
 Reference value :  5.49900e-05
 Reference value :  5.51411e-05
 Reference value :  5.53015e-05
 Reference value :  5.55101e-05
 Reference value :  5.56761e-05
 Reference value :  5.58410e-05
 Reference value :  5.60206e-05
 Reference value :  5.61906e-05
 Reference value :  5.63502e-05
 Reference value :  5.65201e-05
 Reference value :  5.66803e-05
 Reference value :  5.68601e-05
 Reference value :  5.70408e-05
 Reference value :  5.72213e-05
 Reference value :  5.74003e-05
 Reference value :  5.75713e-05
 Reference value :  5.77506e-05
 Reference value :  5.79302e-05
 Reference value :  5.80913e-05
 Reference value :  5.82618e-05
 Reference value :  5.84401e-05
 Reference value :  5.86007e-05
 Reference value :  5.87808e-05
 Reference value :  5.89616e-05
 Reference value :  5.91601e-05
 Reference value :  5.93206e-05
 Reference value :  5.94902e-05
 Reference value :  5.96535e-05
 Reference value :  5.98301e-05
 Reference value :  6.00005e-05
 Reference value :  6.01616e-05
 Reference value :  6.03401e-05
 Reference value :  6.05106e-05
 Reference value :  6.06904e-05
 Reference value :  6.08705e-05
 Reference value :  6.10500e-05
 Reference value :  6.12102e-05
 Reference value :  6.13804e-05
 Reference value :  6.15420e-05
 Reference value :  6.17230e-05
 Reference value :  6.19302e-05
 Reference value :  6.21015e-05
 Reference value :  6.22801e-05
 Reference value :  6.24402e-05
 Reference value :  6.26104e-05
 Reference value :  6.27901e-05
 Reference value :  6.29511e-05
 Reference value :  6.31302e-05
 Reference value :  6.33001e-05
 Reference value :  6.34800e-05
 Reference value :  6.36402e-05
 Reference value :  6.38210e-05
 Reference value :  6.39909e-05
 Reference value :  6.41510e-05
 Reference value :  6.43202e-05
 Reference value :  6.44811e-05
 Reference value :  6.46512e-05
 Reference value :  6.48109e-05
 Reference value :  6.49809e-05
 Reference value :  6.51602e-05
 Reference value :  6.53402e-05
 Reference value :  6.55010e-05
 Reference value :  6.56710e-05
 Reference value :  6.58504e-05
 Reference value :  6.60301e-05
 Reference value :  6.61910e-05
 Reference value :  6.63707e-05
 Reference value :  6.65409e-05
 Reference value :  6.67201e-05
 Reference value :  6.69003e-05
 Reference value :  6.70801e-05
 Reference value :  6.72402e-05
 Reference value :  6.74153e-05
 Reference value :  6.75900e-05
 Reference value :  6.77701e-05
 Reference value :  6.79808e-05
 Reference value :  6.81601e-05
 Reference value :  6.83331e-05
 Reference value :  6.85019e-05
 Reference value :  6.86801e-05
 Reference value :  6.88501e-05
 Reference value :  6.90102e-05
 Reference value :  6.91901e-05
 Reference value :  6.93613e-05
 Reference value :  6.95502e-05
 Reference value :  6.97202e-05
 Reference value :  6.98804e-05
 Reference value :  7.00501e-05
 Reference value :  7.02107e-05
 Reference value :  7.03801e-05
 Reference value :  7.05409e-05
 Reference value :  7.07101e-05
 Reference value :  7.08707e-05
 Reference value :  7.10402e-05
 Reference value :  7.12206e-05
 Reference value :  7.14001e-05
 Reference value :  7.15610e-05
 Reference value :  7.17302e-05
 Reference value :  7.19100e-05
 Reference value :  7.20707e-05
 Reference value :  7.22502e-05
 Reference value :  7.24205e-05
 Reference value :  7.25818e-05
 Reference value :  7.27601e-05
 Reference value :  7.29302e-05
 Reference value :  7.31101e-05
 Reference value :  7.32902e-05
 Reference value :  7.34701e-05
 Reference value :  7.36309e-05
 Reference value :  7.38107e-05
 Reference value :  7.39801e-05
 Reference value :  7.41407e-05
 Reference value :  7.43202e-05
 Reference value :  7.45201e-05
 Reference value :  7.46801e-05
 Reference value :  7.48501e-05
 Reference value :  7.50101e-05
 Reference value :  7.51801e-05
 Reference value :  7.53410e-05
 Reference value :  7.55218e-05
 Reference value :  7.56927e-05
 Reference value :  7.58702e-05
 Reference value :  7.60311e-05
 Reference value :  7.62010e-05
 Reference value :  7.63801e-05
 Reference value :  7.65410e-05
 Reference value :  7.67101e-05
 Reference value :  7.68710e-05
 Reference value :  7.70401e-05
 Reference value :  7.72009e-05
 Reference value :  7.73703e-05
 Reference value :  7.75313e-05
 Reference value :  7.77080e-05
 Reference value :  7.78804e-05
 Reference value :  7.80409e-05
 Reference value :  7.82401e-05
 Reference value :  7.84001e-05
 Reference value :  7.85707e-05
 Reference value :  7.87504e-05
 Reference value :  7.89311e-05
 Reference value :  7.90910e-05
 Reference value :  7.92605e-05
 Reference value :  7.94213e-05
 Reference value :  7.95918e-05
 Reference value :  7.97702e-05
 Reference value :  7.99304e-05
No. of Data Rows : 464735
t_flip              =  3.37821e-05
vos_v               =  -6.21791e-03
m_dut_vos = -6.217910000e-03
Note: Simulation executed from .control section 

Warning: m=xx on .subckt line will override multiplier m hierarchy!

Note: Starting dynamic gmin stepping
Note: Dynamic gmin stepping completed
