
Note: Compatibility modes selected: hs a


Circuit: * comparator-kickback @ sf_-40c_3.30v -- generated by sim/harness, do not edit

Doing analysis at TEMP = -40.000000 and TNOM = 27.000000

Using SPARSE 1.3 as Direct Linear Solver

Initial Transient Solution
--------------------------

Node                                   Voltage
----                                   -------
vdd                                        3.3
cm                                        1.65
clk                                          0
sa                                 -0.00452799
asp                                    1.64774
asn                                    1.65226
apa                                    1.64774
ana                                    1.65226
ibna                                   1.09489
xa.xlayout_dut.sp__t2               3.7181e-09
xa.xlayout_dut.qp__t6                      3.3
xa.xlayout_dut.vss__t17            3.51079e-11
xa.xlayout_dut.vss__t2             3.55235e-20
xa.xlayout_dut.dout__t3            4.30688e-09
xa.xlayout_dut.sp__t3               3.7964e-09
xa.xlayout_dut.vss__t25            5.76904e-25
xa.xlayout_dut.vss__t3             4.82256e-20
xa.xlayout_dut.dout__t2            4.13652e-09
xa.xlayout_dut.doutb__t0                   3.3
xa.xlayout_dut.vss__t24            4.84806e-11
xa.xlayout_dut.vss__t4             4.92784e-20
xa.xlayout_dut.ibias__t0               1.09362
xa.xlayout_dut.ibias__t1               1.09489
xa.xlayout_dut.vss__t20            0.000254896
xa.xlayout_dut.vss__t8             2.78884e-11
xa.xlayout_dut.sn__t2              3.71804e-09
xa.xlayout_dut.qn__t6                      3.3
xa.xlayout_dut.vss__t23            3.50426e-11
xa.xlayout_dut.vss__t5             3.54561e-20
xa.xlayout_dut.doutb__t1                   3.3
xa.xlayout_dut.sn__t3              3.83678e-09
xa.xlayout_dut.vss__t22            6.39936e-18
xa.xlayout_dut.vss__t6             3.69044e-11
xa.xlayout_dut.doutb__t4                   3.3
xa.xlayout_dut.dout__t4            4.30688e-09
xa.xlayout_dut.vss__t21             6.7304e-18
xa.xlayout_dut.vss__t7             3.88133e-11
xa.xlayout_dut.qn__t4                      3.3
xa.xlayout_dut.qp__t0                      3.3
xa.xlayout_dut.mn__t0                      3.3
xa.xlayout_dut.vss__t9             4.33209e-11
xa.xlayout_dut.mn__t1                      3.3
xa.xlayout_dut.aop__t2                 1.90106
xa.xlayout_dut.ltail__t0               1.22466
xa.xlayout_dut.vss__t11            2.70591e-11
xa.xlayout_dut.atail__t0              0.579577
xa.xlayout_dut.ibias__t2               1.09489
xa.xlayout_dut.vss__t19            0.000498483
xa.xlayout_dut.vss__t13            1.42136e-11
xa.xlayout_dut.qp__t1                      3.3
xa.xlayout_dut.qn__t5                      3.3
xa.xlayout_dut.mp__t2                      3.3
xa.xlayout_dut.vss__t10            4.33989e-11
xa.xlayout_dut.ltail__t1               1.22466
xa.xlayout_dut.clk__t2                       0
xa.xlayout_dut.vss__t18            2.16577e-17
xa.xlayout_dut.vss__t14            6.61408e-12
xa.xlayout_dut.mp__t1                      3.3
xa.xlayout_dut.aon__t0                 1.99445
xa.xlayout_dut.ltail__t2               1.22466
xa.xlayout_dut.vss__t12            2.73359e-11
xa.xlayout_dut.aon__t1                 1.99366
xa.xlayout_dut.vinp__t0                1.64774
xa.xlayout_dut.atail__t1              0.580181
xa.xlayout_dut.vss__t15            3.46084e-10
xa.xlayout_dut.aop__t1                 1.89976
xa.xlayout_dut.vinn__t0                1.65226
xa.xlayout_dut.atail__t2              0.580433
xa.xlayout_dut.vss__t16            1.37085e-10
xa.xlayout_dut.mn__t2                      3.3
xa.xlayout_dut.clk__t0                       0
xa.xlayout_dut.vdd__t0                     3.3
xa.xlayout_dut.vdd__t1                     3.3
xa.xlayout_dut.qn__t1                      3.3
xa.xlayout_dut.clk__t1                       0
xa.xlayout_dut.vdd__t2                     3.3
xa.xlayout_dut.vdd__t3                     3.3
xa.xlayout_dut.sp__t0              3.96793e-09
xa.xlayout_dut.qp__t2                      3.3
xa.xlayout_dut.vdd__t4                     3.3
xa.xlayout_dut.vdd__t5                     3.3
xa.xlayout_dut.mp__t0                      3.3
xa.xlayout_dut.clk__t4                       0
xa.xlayout_dut.vdd__t21                    3.3
xa.xlayout_dut.vdd__t20                    3.3
xa.xlayout_dut.qn__t0                      3.3
xa.xlayout_dut.qp__t3                      3.3
xa.xlayout_dut.vdd__t6                     3.3
xa.xlayout_dut.vdd__t7                     3.3
xa.xlayout_dut.qp__t4                      3.3
xa.xlayout_dut.clk__t3                       0
xa.xlayout_dut.vdd__t19                    3.3
xa.xlayout_dut.vdd__t18                    3.3
xa.xlayout_dut.na__t1                      3.3
xa.xlayout_dut.sp__t1               3.7964e-09
xa.xlayout_dut.vdd__t23                    3.3
xa.xlayout_dut.vdd__t8                     3.3
xa.xlayout_dut.dout__t0            4.43198e-09
xa.xlayout_dut.doutb__t2                   3.3
xa.xlayout_dut.na__t0                      3.3
xa.xlayout_dut.vdd__t13                    3.3
xa.xlayout_dut.sn__t0              4.02332e-09
xa.xlayout_dut.qn__t3                      3.3
xa.xlayout_dut.vdd__t17                    3.3
xa.xlayout_dut.vdd__t16                    3.3
xa.xlayout_dut.qp__t5                      3.3
xa.xlayout_dut.qn__t2                      3.3
xa.xlayout_dut.vdd__t15                    3.3
xa.xlayout_dut.vdd__t14                    3.3
xa.xlayout_dut.nb__t1                      3.3
xa.xlayout_dut.sn__t1              3.83678e-09
xa.xlayout_dut.vdd__t22                    3.3
xa.xlayout_dut.vdd__t12                    3.3
xa.xlayout_dut.doutb__t3                   3.3
xa.xlayout_dut.dout__t1            4.30688e-09
xa.xlayout_dut.nb__t0                      3.3
xa.xlayout_dut.vdd__t11                    3.3
xa.xlayout_dut.aon__t2                 1.99477
xa.xlayout_dut.x$28.11                 1.99623
xa.xlayout_dut.vss__t0                       0
xa.xlayout_dut.x$28.21                 3.29728
xa.xlayout_dut.vdd__t10                3.29874
xa.xlayout_dut.aop__t0                 1.90143
xa.xlayout_dut.x$29.11                   1.903
xa.xlayout_dut.vss__t1                       0
xa.xlayout_dut.x$29.21                  3.2979
xa.xlayout_dut.vdd__t9                 3.29947
xa.xlayout_dut.aon                     1.99445
vsubs                                        0
xa.xlayout_dut.aop                     1.90106
xa.xlayout_dut.atail                  0.580078
douta                              4.30688e-09
doutba                                     3.3
xa.xlayout_dut.ltail                   1.22466
xa.xlayout_dut.mn                          3.3
xa.xlayout_dut.mp                          3.3
xa.xlayout_dut.na                          3.3
xa.xlayout_dut.nb                          3.3
xa.xlayout_dut.qn                          3.3
xa.xlayout_dut.qp                          3.3
xa.xlayout_dut.sn                  3.83678e-09
xa.xlayout_dut.sp                   3.7964e-09
sb                                 -0.00452799
bsp                                    1.64774
bsn                                    1.65226
bpp                                    1.64774
bpn                                    1.65226
ibnb                                   1.09489
xb.xlayout_dut.sp__t2               3.7181e-09
xb.xlayout_dut.qp__t6                      3.3
xb.xlayout_dut.vss__t17            3.51079e-11
xb.xlayout_dut.vss__t2             3.55235e-20
xb.xlayout_dut.dout__t3            4.30688e-09
xb.xlayout_dut.sp__t3               3.7964e-09
xb.xlayout_dut.vss__t25            5.76904e-25
xb.xlayout_dut.vss__t3             4.82256e-20
xb.xlayout_dut.dout__t2            4.13652e-09
xb.xlayout_dut.doutb__t0                   3.3
xb.xlayout_dut.vss__t24            4.84806e-11
xb.xlayout_dut.vss__t4             4.92784e-20
xb.xlayout_dut.ibias__t0               1.09362
xb.xlayout_dut.ibias__t1               1.09489
xb.xlayout_dut.vss__t20            0.000254896
xb.xlayout_dut.vss__t8             2.78884e-11
xb.xlayout_dut.sn__t2              3.71804e-09
xb.xlayout_dut.qn__t6                      3.3
xb.xlayout_dut.vss__t23            3.50426e-11
xb.xlayout_dut.vss__t5             3.54561e-20
xb.xlayout_dut.doutb__t1                   3.3
xb.xlayout_dut.sn__t3              3.83678e-09
xb.xlayout_dut.vss__t22            6.39936e-18
xb.xlayout_dut.vss__t6             3.69044e-11
xb.xlayout_dut.doutb__t4                   3.3
xb.xlayout_dut.dout__t4            4.30688e-09
xb.xlayout_dut.vss__t21             6.7304e-18
xb.xlayout_dut.vss__t7             3.88133e-11
xb.xlayout_dut.qn__t4                      3.3
xb.xlayout_dut.qp__t0                      3.3
xb.xlayout_dut.mn__t0                      3.3
xb.xlayout_dut.vss__t9             4.33209e-11
xb.xlayout_dut.mn__t1                      3.3
xb.xlayout_dut.aop__t2                 1.90106
xb.xlayout_dut.ltail__t0               1.22466
xb.xlayout_dut.vss__t11            2.70591e-11
xb.xlayout_dut.atail__t0              0.579577
xb.xlayout_dut.ibias__t2               1.09489
xb.xlayout_dut.vss__t19            0.000498483
xb.xlayout_dut.vss__t13            1.42136e-11
xb.xlayout_dut.qp__t1                      3.3
xb.xlayout_dut.qn__t5                      3.3
xb.xlayout_dut.mp__t2                      3.3
xb.xlayout_dut.vss__t10            4.33989e-11
xb.xlayout_dut.ltail__t1               1.22466
xb.xlayout_dut.clk__t2                       0
xb.xlayout_dut.vss__t18            2.16577e-17
xb.xlayout_dut.vss__t14            6.61408e-12
xb.xlayout_dut.mp__t1                      3.3
xb.xlayout_dut.aon__t0                 1.99445
xb.xlayout_dut.ltail__t2               1.22466
xb.xlayout_dut.vss__t12            2.73359e-11
xb.xlayout_dut.aon__t1                 1.99366
xb.xlayout_dut.vinp__t0                1.64774
xb.xlayout_dut.atail__t1              0.580181
xb.xlayout_dut.vss__t15            3.46084e-10
xb.xlayout_dut.aop__t1                 1.89976
xb.xlayout_dut.vinn__t0                1.65226
xb.xlayout_dut.atail__t2              0.580433
xb.xlayout_dut.vss__t16            1.37085e-10
xb.xlayout_dut.mn__t2                      3.3
xb.xlayout_dut.clk__t0                       0
xb.xlayout_dut.vdd__t0                     3.3
xb.xlayout_dut.vdd__t1                     3.3
xb.xlayout_dut.qn__t1                      3.3
xb.xlayout_dut.clk__t1                       0
xb.xlayout_dut.vdd__t2                     3.3
xb.xlayout_dut.vdd__t3                     3.3
xb.xlayout_dut.sp__t0              3.96793e-09
xb.xlayout_dut.qp__t2                      3.3
xb.xlayout_dut.vdd__t4                     3.3
xb.xlayout_dut.vdd__t5                     3.3
xb.xlayout_dut.mp__t0                      3.3
xb.xlayout_dut.clk__t4                       0
xb.xlayout_dut.vdd__t21                    3.3
xb.xlayout_dut.vdd__t20                    3.3
xb.xlayout_dut.qn__t0                      3.3
xb.xlayout_dut.qp__t3                      3.3
xb.xlayout_dut.vdd__t6                     3.3
xb.xlayout_dut.vdd__t7                     3.3
xb.xlayout_dut.qp__t4                      3.3
xb.xlayout_dut.clk__t3                       0
xb.xlayout_dut.vdd__t19                    3.3
xb.xlayout_dut.vdd__t18                    3.3
xb.xlayout_dut.na__t1                      3.3
xb.xlayout_dut.sp__t1               3.7964e-09
xb.xlayout_dut.vdd__t23                    3.3
xb.xlayout_dut.vdd__t8                     3.3
xb.xlayout_dut.dout__t0            4.43198e-09
xb.xlayout_dut.doutb__t2                   3.3
xb.xlayout_dut.na__t0                      3.3
xb.xlayout_dut.vdd__t13                    3.3
xb.xlayout_dut.sn__t0              4.02332e-09
xb.xlayout_dut.qn__t3                      3.3
xb.xlayout_dut.vdd__t17                    3.3
xb.xlayout_dut.vdd__t16                    3.3
xb.xlayout_dut.qp__t5                      3.3
xb.xlayout_dut.qn__t2                      3.3
xb.xlayout_dut.vdd__t15                    3.3
xb.xlayout_dut.vdd__t14                    3.3
xb.xlayout_dut.nb__t1                      3.3
xb.xlayout_dut.sn__t1              3.83678e-09
xb.xlayout_dut.vdd__t22                    3.3
xb.xlayout_dut.vdd__t12                    3.3
xb.xlayout_dut.doutb__t3                   3.3
xb.xlayout_dut.dout__t1            4.30688e-09
xb.xlayout_dut.nb__t0                      3.3
xb.xlayout_dut.vdd__t11                    3.3
xb.xlayout_dut.aon__t2                 1.99477
xb.xlayout_dut.x$28.11                 1.99623
xb.xlayout_dut.vss__t0                       0
xb.xlayout_dut.x$28.21                 3.29728
xb.xlayout_dut.vdd__t10                3.29874
xb.xlayout_dut.aop__t0                 1.90143
xb.xlayout_dut.x$29.11                   1.903
xb.xlayout_dut.vss__t1                       0
xb.xlayout_dut.x$29.21                  3.2979
xb.xlayout_dut.vdd__t9                 3.29947
xb.xlayout_dut.aon                     1.99445
xb.xlayout_dut.aop                     1.90106
xb.xlayout_dut.atail                  0.580078
doutb                              4.30688e-09
doutbb                                     3.3
xb.xlayout_dut.ltail                   1.22466
xb.xlayout_dut.mn                          3.3
xb.xlayout_dut.mp                          3.3
xb.xlayout_dut.na                          3.3
xb.xlayout_dut.nb                          3.3
xb.xlayout_dut.qn                          3.3
xb.xlayout_dut.qp                          3.3
xb.xlayout_dut.sn                  3.83678e-09
xb.xlayout_dut.sp                   3.7964e-09
sc                                    0.094472
csp                                    1.69724
csn                                    1.60276
cpp                                    1.69724
cpn                                    1.60276
ibnc                                   1.09489
xc.xlayout_dut.sp__t2               3.7181e-09
xc.xlayout_dut.qp__t6                      3.3
xc.xlayout_dut.vss__t17            3.51079e-11
xc.xlayout_dut.vss__t2             3.55235e-20
xc.xlayout_dut.dout__t3                    3.3
xc.xlayout_dut.sp__t3               3.7964e-09
xc.xlayout_dut.vss__t25            6.40788e-18
xc.xlayout_dut.vss__t3             3.69535e-11
xc.xlayout_dut.dout__t2                    3.3
xc.xlayout_dut.doutb__t0           4.29139e-09
xc.xlayout_dut.vss__t24             6.7385e-18
xc.xlayout_dut.vss__t4               3.886e-11
xc.xlayout_dut.ibias__t0               1.09362
xc.xlayout_dut.ibias__t1               1.09489
xc.xlayout_dut.vss__t20            0.000254896
xc.xlayout_dut.vss__t8             2.78884e-11
xc.xlayout_dut.sn__t2              3.71804e-09
xc.xlayout_dut.qn__t6                      3.3
xc.xlayout_dut.vss__t23            3.50426e-11
xc.xlayout_dut.vss__t5             3.54561e-20
xc.xlayout_dut.doutb__t1           4.29139e-09
xc.xlayout_dut.sn__t3              3.83678e-09
xc.xlayout_dut.vss__t22            5.74064e-25
xc.xlayout_dut.vss__t6             4.79882e-20
xc.xlayout_dut.doutb__t4           4.13646e-09
xc.xlayout_dut.dout__t4                    3.3
xc.xlayout_dut.vss__t21            4.84223e-11
xc.xlayout_dut.vss__t7             4.92178e-20
xc.xlayout_dut.qn__t4                      3.3
xc.xlayout_dut.qp__t0                      3.3
xc.xlayout_dut.mn__t0                      3.3
xc.xlayout_dut.vss__t9             4.33209e-11
xc.xlayout_dut.mn__t1                      3.3
xc.xlayout_dut.aop__t2                 2.86985
xc.xlayout_dut.ltail__t0               1.93531
xc.xlayout_dut.vss__t11            3.13088e-11
xc.xlayout_dut.atail__t0              0.589612
xc.xlayout_dut.ibias__t2               1.09489
xc.xlayout_dut.vss__t19            0.000498553
xc.xlayout_dut.vss__t13            1.44595e-11
xc.xlayout_dut.qp__t1                      3.3
xc.xlayout_dut.qn__t5                      3.3
xc.xlayout_dut.mp__t2                      3.3
xc.xlayout_dut.vss__t10            4.33989e-11
xc.xlayout_dut.ltail__t1               1.93531
xc.xlayout_dut.clk__t2                       0
xc.xlayout_dut.vss__t18            2.47231e-17
xc.xlayout_dut.vss__t14            1.04521e-11
xc.xlayout_dut.mp__t1                      3.3
xc.xlayout_dut.aon__t0                 1.02397
xc.xlayout_dut.ltail__t2               1.93531
xc.xlayout_dut.vss__t12            3.16227e-11
xc.xlayout_dut.aon__t1                 1.02258
xc.xlayout_dut.vinp__t0                1.69724
xc.xlayout_dut.atail__t1              0.590294
xc.xlayout_dut.vss__t15            3.81558e-11
xc.xlayout_dut.aop__t1                 2.86945
xc.xlayout_dut.vinn__t0                1.60276
xc.xlayout_dut.atail__t2              0.590223
xc.xlayout_dut.vss__t16            1.39254e-07
xc.xlayout_dut.mn__t2                      3.3
xc.xlayout_dut.clk__t0                       0
xc.xlayout_dut.vdd__t0                     3.3
xc.xlayout_dut.vdd__t1                     3.3
xc.xlayout_dut.qn__t1                      3.3
xc.xlayout_dut.clk__t1                       0
xc.xlayout_dut.vdd__t2                     3.3
xc.xlayout_dut.vdd__t3                     3.3
xc.xlayout_dut.sp__t0              3.96793e-09
xc.xlayout_dut.qp__t2                      3.3
xc.xlayout_dut.vdd__t4                     3.3
xc.xlayout_dut.vdd__t5                     3.3
xc.xlayout_dut.mp__t0                      3.3
xc.xlayout_dut.clk__t4                       0
xc.xlayout_dut.vdd__t21                    3.3
xc.xlayout_dut.vdd__t20                    3.3
xc.xlayout_dut.qn__t0                      3.3
xc.xlayout_dut.qp__t3                      3.3
xc.xlayout_dut.vdd__t6                     3.3
xc.xlayout_dut.vdd__t7                     3.3
xc.xlayout_dut.qp__t4                      3.3
xc.xlayout_dut.clk__t3                       0
xc.xlayout_dut.vdd__t19                    3.3
xc.xlayout_dut.vdd__t18                    3.3
xc.xlayout_dut.na__t1                      3.3
xc.xlayout_dut.sp__t1               3.7964e-09
xc.xlayout_dut.vdd__t23                    3.3
xc.xlayout_dut.vdd__t8                     3.3
xc.xlayout_dut.dout__t0                    3.3
xc.xlayout_dut.doutb__t2           4.29139e-09
xc.xlayout_dut.na__t0                      3.3
xc.xlayout_dut.vdd__t13                    3.3
xc.xlayout_dut.sn__t0              4.02332e-09
xc.xlayout_dut.qn__t3                      3.3
xc.xlayout_dut.vdd__t17                    3.3
xc.xlayout_dut.vdd__t16                    3.3
xc.xlayout_dut.qp__t5                      3.3
xc.xlayout_dut.qn__t2                      3.3
xc.xlayout_dut.vdd__t15                    3.3
xc.xlayout_dut.vdd__t14                    3.3
xc.xlayout_dut.nb__t1                      3.3
xc.xlayout_dut.sn__t1              3.83678e-09
xc.xlayout_dut.vdd__t22                    3.3
xc.xlayout_dut.vdd__t12                    3.3
xc.xlayout_dut.doutb__t3            4.6286e-09
xc.xlayout_dut.dout__t1                    3.3
xc.xlayout_dut.nb__t0                      3.3
xc.xlayout_dut.vdd__t11                    3.3
xc.xlayout_dut.aon__t2                 1.02452
xc.xlayout_dut.x$28.11                 1.02707
xc.xlayout_dut.vss__t0                       0
xc.xlayout_dut.x$28.21                 3.29526
xc.xlayout_dut.vdd__t10                3.29781
xc.xlayout_dut.aop__t0                 2.86997
xc.xlayout_dut.x$29.11                 2.87045
xc.xlayout_dut.vss__t1                       0
xc.xlayout_dut.x$29.21                 3.29935
xc.xlayout_dut.vdd__t9                 3.29984
xc.xlayout_dut.aon                     1.02397
xc.xlayout_dut.aop                     2.86985
xc.xlayout_dut.atail                  0.590114
doutc                                      3.3
doutbc                             4.29139e-09
xc.xlayout_dut.ltail                   1.93531
xc.xlayout_dut.mn                          3.3
xc.xlayout_dut.mp                          3.3
xc.xlayout_dut.na                          3.3
xc.xlayout_dut.nb                          3.3
xc.xlayout_dut.qn                          3.3
xc.xlayout_dut.qp                          3.3
xc.xlayout_dut.sn                  3.83678e-09
xc.xlayout_dut.sp                   3.7964e-09
ad                                 -1.9984e-15
bd                                 -0.00452799
cd                                    0.094472
bc                                  2.7682e-10
dan                                1.30512e-09
dbn                                1.30512e-09
dcn                                          1
bdcn#branch                                  0
bdbn#branch                                  0
bdan#branch                                  0
bbc#branch                                   0
bcd#branch                                   0
bbd#branch                                   0
bad#branch                                   0
ecsn#branch                        2.68895e-19
ecsp#branch                        2.84744e-19
ebsn#branch                          2.772e-19
ebsp#branch                         2.7644e-19
easn#branch                       -2.06982e-18
easp#branch                       -2.00747e-18
vsc#branch                                   0
vsb#branch                                   0
vsa#branch                                   0
vclk#branch                                  0
vcm#branch                        -2.97002e-18
vsup#branch                       -9.10401e-05

 Reference value :  1.15140e-09
 Reference value :  3.98140e-09
 Reference value :  6.80640e-09
 Reference value :  9.80140e-09
 Reference value :  1.26664e-08
 Reference value :  1.57864e-08
 Reference value :  1.85914e-08
 Reference value :  2.13764e-08
 Reference value :  2.44464e-08
 Reference value :  2.72814e-08
 Reference value :  3.00578e-08
 Reference value :  3.25616e-08
 Reference value :  3.54416e-08
 Reference value :  3.84516e-08
 Reference value :  4.09138e-08
 Reference value :  4.38638e-08
 Reference value :  4.69488e-08
 Reference value :  4.99038e-08
 Reference value :  5.27888e-08
 Reference value :  5.58288e-08
 Reference value :  5.86238e-08
No. of Data Rows : 12051
ad_pos              =  1.05311e-02 at=  4.04438e-08
ad_neg              =  -9.20103e-03 at=  3.03175e-08
ap0                 =  1.64774e+00
apmax               =  1.65827e+00 at=  4.04438e-08
apmin               =  1.63853e+00 at=  3.03175e-08
bd0                 =  -4.52799e-03
bd1                 =  -4.52743e-03
cd0                 =  9.44720e-02
cd1                 =  9.43278e-02
bc0                 =  2.76843e-10
bc1                 =  1.73360e-04
bp0                 =  1.64774e+00
bn0                 =  1.65226e+00
bp1                 =  1.64791e+00
bn1                 =  1.65244e+00
da_end              =  9.99995e-01
db_end              =  9.99995e-01
dc_end              =  9.99995e-01
m_kick_1k_peak_mv = 1.0531130000e+01
m_kick_1k_pos_mv = 1.0531130000e+01
m_kick_1k_neg_mv = -9.201026000e+00
m_kick_1k_raw_mv = 1.0531000000e+01
m_kick_resid_small_nv = 5.5700000000e+02
m_kick_resid_big_nv = -1.441800000e+05
m_kick_sigdep_nv = 1.4473700000e+05
m_kick_cm_nv = 1.7336012316e+05
m_kick_resid_raw_uv = 1.0000000001e+00
m_q_resid_small_ac = 5.5700000000e-01
m_dout_1k_end = 9.9999460000e-01
m_dout_float_small_end = 9.9999460000e-01
m_dout_float_big_end = 9.9999460000e-01
Note: Simulation executed from .control section 

Warning: m=xx on .subckt line will override multiplier m hierarchy!

