
Note: Compatibility modes selected: hs a


Circuit: * comparator-kickback-vosprobe @ sf_-40c_3.63v -- generated by sim/harness, do not edit

Doing analysis at TEMP = -40.000000 and TNOM = 27.000000

Using SPARSE 1.3 as Direct Linear Solver

Initial Transient Solution
--------------------------

Node                                   Voltage
----                                   -------
vdd                                       3.63
cm                                        1.65
clk                                          0
rmp                                      -0.04
vp                                        1.63
vn                                        1.67
ibn                                    1.09489
xdut.xlayout_dut.sp__t2            4.63529e-09
xdut.xlayout_dut.qp__t6                   3.63
xdut.xlayout_dut.vss__t17          4.56193e-11
xdut.xlayout_dut.vss__t2            4.4304e-20
xdut.xlayout_dut.dout__t3          6.03959e-09
xdut.xlayout_dut.sp__t3            4.73703e-09
xdut.xlayout_dut.vss__t25          8.08998e-25
xdut.xlayout_dut.vss__t3           6.76272e-20
xdut.xlayout_dut.dout__t2          5.79102e-09
xdut.xlayout_dut.doutb__t0                3.63
xdut.xlayout_dut.vss__t24          7.07348e-11
xdut.xlayout_dut.vss__t4           6.90222e-20
xdut.xlayout_dut.ibias__t0             1.09362
xdut.xlayout_dut.ibias__t1             1.09489
xdut.xlayout_dut.vss__t20          0.000254896
xdut.xlayout_dut.vss__t8           2.78884e-11
xdut.xlayout_dut.sn__t2            4.63521e-09
xdut.xlayout_dut.qn__t6                   3.63
xdut.xlayout_dut.vss__t23          4.55344e-11
xdut.xlayout_dut.vss__t5           4.42199e-20
xdut.xlayout_dut.doutb__t1                3.63
xdut.xlayout_dut.sn__t3             4.7895e-09
xdut.xlayout_dut.vss__t22          6.78464e-18
xdut.xlayout_dut.vss__t6           4.06157e-11
xdut.xlayout_dut.doutb__t4                3.63
xdut.xlayout_dut.dout__t4          6.03959e-09
xdut.xlayout_dut.vss__t21           7.1356e-18
xdut.xlayout_dut.vss__t7           4.27165e-11
xdut.xlayout_dut.qn__t4                   3.63
xdut.xlayout_dut.qp__t0                   3.63
xdut.xlayout_dut.mn__t0                   3.63
xdut.xlayout_dut.vss__t9            4.7653e-11
xdut.xlayout_dut.mn__t1                   3.63
xdut.xlayout_dut.aop__t2               1.84551
xdut.xlayout_dut.ltail__t0             1.80425
xdut.xlayout_dut.vss__t11          3.24985e-11
xdut.xlayout_dut.atail__t0            0.581709
xdut.xlayout_dut.ibias__t2             1.09489
xdut.xlayout_dut.vss__t19          0.000498498
xdut.xlayout_dut.vss__t13          1.42658e-11
xdut.xlayout_dut.qp__t1                   3.63
xdut.xlayout_dut.qn__t5                   3.63
xdut.xlayout_dut.mp__t2                   3.63
xdut.xlayout_dut.vss__t10          4.77387e-11
xdut.xlayout_dut.ltail__t1             1.80425
xdut.xlayout_dut.clk__t2                     0
xdut.xlayout_dut.vss__t18          2.41494e-17
xdut.xlayout_dut.vss__t14          9.74427e-12
xdut.xlayout_dut.mp__t1                   3.63
xdut.xlayout_dut.aon__t0               2.70948
xdut.xlayout_dut.ltail__t2             1.80425
xdut.xlayout_dut.vss__t12          3.28261e-11
xdut.xlayout_dut.aon__t1               2.70892
xdut.xlayout_dut.vinp__t0                 1.63
xdut.xlayout_dut.atail__t1            0.582283
xdut.xlayout_dut.vss__t15          1.18115e-07
xdut.xlayout_dut.aop__t1               1.84385
xdut.xlayout_dut.vinn__t0                 1.67
xdut.xlayout_dut.atail__t2            0.582664
xdut.xlayout_dut.vss__t16          9.14865e-11
xdut.xlayout_dut.mn__t2                   3.63
xdut.xlayout_dut.clk__t0                     0
xdut.xlayout_dut.vdd__t0                  3.63
xdut.xlayout_dut.vdd__t1                  3.63
xdut.xlayout_dut.qn__t1                   3.63
xdut.xlayout_dut.clk__t1                     0
xdut.xlayout_dut.vdd__t2                  3.63
xdut.xlayout_dut.vdd__t3                  3.63
xdut.xlayout_dut.sp__t0            4.95991e-09
xdut.xlayout_dut.qp__t2                   3.63
xdut.xlayout_dut.vdd__t4                  3.63
xdut.xlayout_dut.vdd__t5                  3.63
xdut.xlayout_dut.mp__t0                   3.63
xdut.xlayout_dut.clk__t4                     0
xdut.xlayout_dut.vdd__t21                 3.63
xdut.xlayout_dut.vdd__t20                 3.63
xdut.xlayout_dut.qn__t0                   3.63
xdut.xlayout_dut.qp__t3                   3.63
xdut.xlayout_dut.vdd__t6                  3.63
xdut.xlayout_dut.vdd__t7                  3.63
xdut.xlayout_dut.qp__t4                   3.63
xdut.xlayout_dut.clk__t3                     0
xdut.xlayout_dut.vdd__t19                 3.63
xdut.xlayout_dut.vdd__t18                 3.63
xdut.xlayout_dut.na__t1                   3.63
xdut.xlayout_dut.sp__t1            4.73703e-09
xdut.xlayout_dut.vdd__t23                 3.63
xdut.xlayout_dut.vdd__t8                  3.63
xdut.xlayout_dut.dout__t0           6.2221e-09
xdut.xlayout_dut.doutb__t2                3.63
xdut.xlayout_dut.na__t0                   3.63
xdut.xlayout_dut.vdd__t13                 3.63
xdut.xlayout_dut.sn__t0             5.0319e-09
xdut.xlayout_dut.qn__t3                   3.63
xdut.xlayout_dut.vdd__t17                 3.63
xdut.xlayout_dut.vdd__t16                 3.63
xdut.xlayout_dut.qp__t5                   3.63
xdut.xlayout_dut.qn__t2                   3.63
xdut.xlayout_dut.vdd__t15                 3.63
xdut.xlayout_dut.vdd__t14                 3.63
xdut.xlayout_dut.nb__t1                   3.63
xdut.xlayout_dut.sn__t1             4.7895e-09
xdut.xlayout_dut.vdd__t22                 3.63
xdut.xlayout_dut.vdd__t12                 3.63
xdut.xlayout_dut.doutb__t3                3.63
xdut.xlayout_dut.dout__t1          6.03959e-09
xdut.xlayout_dut.nb__t0                   3.63
xdut.xlayout_dut.vdd__t11                 3.63
xdut.xlayout_dut.aon__t2                2.7097
xdut.xlayout_dut.x$28.11               2.71074
xdut.xlayout_dut.vss__t0                     0
xdut.xlayout_dut.x$28.21               3.62808
xdut.xlayout_dut.vdd__t10              3.62911
xdut.xlayout_dut.aop__t0               1.84597
xdut.xlayout_dut.x$29.11               1.84798
xdut.xlayout_dut.vss__t1                     0
xdut.xlayout_dut.x$29.21               3.62732
xdut.xlayout_dut.vdd__t9               3.62932
xdut.xlayout_dut.aon                   2.70948
vsubs                                        0
xdut.xlayout_dut.aop                   1.84551
xdut.xlayout_dut.atail                 0.58221
dout                               6.03959e-09
doutb                                     3.63
xdut.xlayout_dut.ltail                 1.80425
xdut.xlayout_dut.mn                       3.63
xdut.xlayout_dut.mp                       3.63
xdut.xlayout_dut.na                       3.63
xdut.xlayout_dut.nb                       3.63
xdut.xlayout_dut.qn                       3.63
xdut.xlayout_dut.qp                       3.63
xdut.xlayout_dut.sn                 4.7895e-09
xdut.xlayout_dut.sp                4.73703e-09
dn                                  1.6638e-09
bdn#branch                                   0
bnn#branch                         1.17161e-18
bpp#branch                          3.4199e-19
vrmp#branch                                  0
vclk#branch                                  0
vcm#branch                                   0
vsup#branch                       -3.03494e-05

 Reference value :  9.01974e-08
 Reference value :  2.50182e-07
 Reference value :  4.00114e-07
 Reference value :  5.40998e-07
 Reference value :  6.90533e-07
 Reference value :  8.50106e-07
 Reference value :  1.00042e-06
 Reference value :  1.15082e-06
 Reference value :  1.32009e-06
 Reference value :  1.47024e-06
 Reference value :  1.62009e-06
 Reference value :  1.77003e-06
 Reference value :  1.92033e-06
 Reference value :  2.07546e-06
 Reference value :  2.23717e-06
 Reference value :  2.40000e-06
 Reference value :  2.55009e-06
 Reference value :  2.70018e-06
 Reference value :  2.85009e-06
 Reference value :  3.00008e-06
 Reference value :  3.18011e-06
 Reference value :  3.33034e-06
 Reference value :  3.48022e-06
 Reference value :  3.63013e-06
 Reference value :  3.78003e-06
 Reference value :  3.93008e-06
 Reference value :  4.08009e-06
 Reference value :  4.23037e-06
 Reference value :  4.38054e-06
 Reference value :  4.53009e-06
 Reference value :  4.68056e-06
 Reference value :  4.83020e-06
 Reference value :  4.98034e-06
 Reference value :  5.13020e-06
 Reference value :  5.26170e-06
 Reference value :  5.41050e-06
 Reference value :  5.56065e-06
 Reference value :  5.70047e-06
 Reference value :  5.85034e-06
 Reference value :  6.00009e-06
 Reference value :  6.13094e-06
 Reference value :  6.30010e-06
 Reference value :  6.45014e-06
 Reference value :  6.58320e-06
 Reference value :  6.73875e-06
 Reference value :  6.90008e-06
 Reference value :  7.05008e-06
 Reference value :  7.20009e-06
 Reference value :  7.33092e-06
 Reference value :  7.48041e-06
 Reference value :  7.62068e-06
 Reference value :  7.77907e-06
 Reference value :  7.92023e-06
 Reference value :  8.07035e-06
 Reference value :  8.22004e-06
 Reference value :  8.37006e-06
 Reference value :  8.50016e-06
 Reference value :  8.65019e-06
 Reference value :  8.79025e-06
 Reference value :  8.92064e-06
 Reference value :  9.10012e-06
 Reference value :  9.27009e-06
 Reference value :  9.42009e-06
 Reference value :  9.55095e-06
 Reference value :  9.70077e-06
 Reference value :  9.85062e-06
 Reference value :  1.00007e-05
 Reference value :  1.01503e-05
 Reference value :  1.03114e-05
 Reference value :  1.04518e-05
 Reference value :  1.06200e-05
 Reference value :  1.07506e-05
 Reference value :  1.09008e-05
 Reference value :  1.10513e-05
 Reference value :  1.12016e-05
 Reference value :  1.13503e-05
 Reference value :  1.14902e-05
 Reference value :  1.16213e-05
 Reference value :  1.17706e-05
 Reference value :  1.19201e-05
 Reference value :  1.20706e-05
 Reference value :  1.22206e-05
 Reference value :  1.23708e-05
 Reference value :  1.25208e-05
 Reference value :  1.26704e-05
 Reference value :  1.28105e-05
 Reference value :  1.29602e-05
 Reference value :  1.31100e-05
 Reference value :  1.32507e-05
 Reference value :  1.33903e-05
 Reference value :  1.35402e-05
 Reference value :  1.36902e-05
 Reference value :  1.38301e-05
 Reference value :  1.39614e-05
 Reference value :  1.41302e-05
 Reference value :  1.42613e-05
 Reference value :  1.44108e-05
 Reference value :  1.45602e-05
 Reference value :  1.47008e-05
 Reference value :  1.48502e-05
 Reference value :  1.50102e-05
 Reference value :  1.51809e-05
 Reference value :  1.53304e-05
 Reference value :  1.54801e-05
 Reference value :  1.56301e-05
 Reference value :  1.57801e-05
 Reference value :  1.59301e-05
 Reference value :  1.60800e-05
 Reference value :  1.62188e-05
 Reference value :  1.63606e-05
 Reference value :  1.65106e-05
 Reference value :  1.66612e-05
 Reference value :  1.68106e-05
 Reference value :  1.69603e-05
 Reference value :  1.71105e-05
 Reference value :  1.72508e-05
 Reference value :  1.74006e-05
 Reference value :  1.75302e-05
 Reference value :  1.76701e-05
 Reference value :  1.78008e-05
 Reference value :  1.79506e-05
 Reference value :  1.80905e-05
 Reference value :  1.82402e-05
 Reference value :  1.83901e-05
 Reference value :  1.85401e-05
 Reference value :  1.86712e-05
 Reference value :  1.88212e-05
 Reference value :  1.89708e-05
 Reference value :  1.91202e-05
 Reference value :  1.92702e-05
 Reference value :  1.94205e-05
 Reference value :  1.95681e-05
 Reference value :  1.97106e-05
 Reference value :  1.98605e-05
 Reference value :  2.00101e-05
 Reference value :  2.01520e-05
 Reference value :  2.02903e-05
 Reference value :  2.04600e-05
 Reference value :  2.06102e-05
 Reference value :  2.07601e-05
 Reference value :  2.09101e-05
 Reference value :  2.10600e-05
 Reference value :  2.11911e-05
 Reference value :  2.13412e-05
 Reference value :  2.14917e-05
 Reference value :  2.17206e-05
 Reference value :  2.18702e-05
 Reference value :  2.20302e-05
 Reference value :  2.21706e-05
 Reference value :  2.23202e-05
 Reference value :  2.24701e-05
 Reference value :  2.26069e-05
 Reference value :  2.27702e-05
 Reference value :  2.29205e-05
 Reference value :  2.30712e-05
 Reference value :  2.32204e-05
 Reference value :  2.33704e-05
 Reference value :  2.35308e-05
 Reference value :  2.37001e-05
 Reference value :  2.38503e-05
 Reference value :  2.40006e-05
 Reference value :  2.41502e-05
 Reference value :  2.43102e-05
 Reference value :  2.44801e-05
 Reference value :  2.46301e-05
 Reference value :  2.47801e-05
 Reference value :  2.49313e-05
 Reference value :  2.50907e-05
 Reference value :  2.52601e-05
 Reference value :  2.54100e-05
 Reference value :  2.55602e-05
 Reference value :  2.57100e-05
 Reference value :  2.58600e-05
 Reference value :  2.60101e-05
 Reference value :  2.61606e-05
 Reference value :  2.63201e-05
 Reference value :  2.64705e-05
 Reference value :  2.66203e-05
 Reference value :  2.67701e-05
 Reference value :  2.69201e-05
 Reference value :  2.70702e-05
 Reference value :  2.72205e-05
 Reference value :  2.73707e-05
 Reference value :  2.75224e-05
 Reference value :  2.76901e-05
 Reference value :  2.78400e-05
 Reference value :  2.79903e-05
 Reference value :  2.81502e-05
 Reference value :  2.83002e-05
 Reference value :  2.84507e-05
 Reference value :  2.86012e-05
 Reference value :  2.87700e-05
 Reference value :  2.89014e-05
 Reference value :  2.90701e-05
 Reference value :  2.92800e-05
 Reference value :  2.94132e-05
 Reference value :  2.95801e-05
 Reference value :  2.97301e-05
 Reference value :  2.98801e-05
 Reference value :  3.00301e-05
 Reference value :  3.01801e-05
 Reference value :  3.03302e-05
 Reference value :  3.04801e-05
 Reference value :  3.06306e-05
 Reference value :  3.07902e-05
 Reference value :  3.09308e-05
 Reference value :  3.10904e-05
 Reference value :  3.12403e-05
 Reference value :  3.13815e-05
 Reference value :  3.15309e-05
 Reference value :  3.16807e-05
 Reference value :  3.18405e-05
 Reference value :  3.20416e-05
 Reference value :  3.22501e-05
 Reference value :  3.24188e-05
 Reference value :  3.25812e-05
 Reference value :  3.27307e-05
 Reference value :  3.28903e-05
 Reference value :  3.30407e-05
 Reference value :  3.31907e-05
 Reference value :  3.33663e-05
 Reference value :  3.35209e-05
 Reference value :  3.36706e-05
 Reference value :  3.38402e-05
 Reference value :  3.39906e-05
 Reference value :  3.41700e-05
 Reference value :  3.43204e-05
 Reference value :  3.44801e-05
 Reference value :  3.46501e-05
 Reference value :  3.48007e-05
 Reference value :  3.49602e-05
 Reference value :  3.51218e-05
 Reference value :  3.52901e-05
 Reference value :  3.54407e-05
 Reference value :  3.56202e-05
 Reference value :  3.57907e-05
 Reference value :  3.59701e-05
 Reference value :  3.61501e-05
 Reference value :  3.63009e-05
 Reference value :  3.64802e-05
 Reference value :  3.66320e-05
 Reference value :  3.67901e-05
 Reference value :  3.69412e-05
 Reference value :  3.71401e-05
 Reference value :  3.73301e-05
 Reference value :  3.75002e-05
 Reference value :  3.76801e-05
 Reference value :  3.78306e-05
 Reference value :  3.79904e-05
 Reference value :  3.81601e-05
 Reference value :  3.83202e-05
 Reference value :  3.84900e-05
 Reference value :  3.86504e-05
 Reference value :  3.88008e-05
 Reference value :  3.89704e-05
 Reference value :  3.91501e-05
 Reference value :  3.93005e-05
 Reference value :  3.94606e-05
 Reference value :  3.96160e-05
 Reference value :  3.97801e-05
 Reference value :  3.99407e-05
 Reference value :  4.01104e-05
 Reference value :  4.02705e-05
 Reference value :  4.04401e-05
 Reference value :  4.06001e-05
 Reference value :  4.07507e-05
 Reference value :  4.09014e-05
 Reference value :  4.10803e-05
 Reference value :  4.12311e-05
 Reference value :  4.13809e-05
 Reference value :  4.15509e-05
 Reference value :  4.17103e-05
 Reference value :  4.18801e-05
 Reference value :  4.20304e-05
 Reference value :  4.21816e-05
 Reference value :  4.23407e-05
 Reference value :  4.24910e-05
 Reference value :  4.26600e-05
 Reference value :  4.28104e-05
 Reference value :  4.29702e-05
 Reference value :  4.31400e-05
 Reference value :  4.33004e-05
 Reference value :  4.34700e-05
 Reference value :  4.36201e-05
 Reference value :  4.37802e-05
 Reference value :  4.39301e-05
 Reference value :  4.40812e-05
 Reference value :  4.42501e-05
 Reference value :  4.44000e-05
 Reference value :  4.45501e-05
 Reference value :  4.47102e-05
 Reference value :  4.49101e-05
 Reference value :  4.50602e-05
 Reference value :  4.52104e-05
 Reference value :  4.53602e-05
 Reference value :  4.54978e-05
 Reference value :  4.56412e-05
 Reference value :  4.57912e-05
 Reference value :  4.59412e-05
 Reference value :  4.61101e-05
 Reference value :  4.62601e-05
 Reference value :  4.63912e-05
 Reference value :  4.65406e-05
 Reference value :  4.67102e-05
 Reference value :  4.68602e-05
 Reference value :  4.69916e-05
 Reference value :  4.71601e-05
 Reference value :  4.73101e-05
 Reference value :  4.74603e-05
 Reference value :  4.76101e-05
 Reference value :  4.77601e-05
 Reference value :  4.78909e-05
 Reference value :  4.80401e-05
 Reference value :  4.81804e-05
 Reference value :  4.83401e-05
 Reference value :  4.84902e-05
 Reference value :  4.86401e-05
 Reference value :  4.88101e-05
 Reference value :  4.89424e-05
 Reference value :  4.90925e-05
 Reference value :  4.92418e-05
 Reference value :  4.94102e-05
 Reference value :  4.95601e-05
 Reference value :  4.97101e-05
 Reference value :  4.98476e-05
 Reference value :  5.00100e-05
 Reference value :  5.01475e-05
 Reference value :  5.02909e-05
 Reference value :  5.04404e-05
 Reference value :  5.05907e-05
 Reference value :  5.07601e-05
 Reference value :  5.09101e-05
 Reference value :  5.10603e-05
 Reference value :  5.12106e-05
 Reference value :  5.13704e-05
 Reference value :  5.15401e-05
 Reference value :  5.17002e-05
 Reference value :  5.18515e-05
 Reference value :  5.20204e-05
 Reference value :  5.21704e-05
 Reference value :  5.23203e-05
 Reference value :  5.24703e-05
 Reference value :  5.26301e-05
 Reference value :  5.28401e-05
 Reference value :  5.29903e-05
 Reference value :  5.31705e-05
 Reference value :  5.33201e-05
 Reference value :  5.34608e-05
 Reference value :  5.36104e-05
 Reference value :  5.37901e-05
 Reference value :  5.39401e-05
 Reference value :  5.41005e-05
 Reference value :  5.42701e-05
 Reference value :  5.44302e-05
 Reference value :  5.45932e-05
 Reference value :  5.47502e-05
 Reference value :  5.49101e-05
 Reference value :  5.50601e-05
 Reference value :  5.52106e-05
 Reference value :  5.53602e-05
 Reference value :  5.55301e-05
 Reference value :  5.56813e-05
 Reference value :  5.58401e-05
 Reference value :  5.59902e-05
 Reference value :  5.61401e-05
 Reference value :  5.62901e-05
 Reference value :  5.64701e-05
 Reference value :  5.66203e-05
 Reference value :  5.67707e-05
 Reference value :  5.69401e-05
 Reference value :  5.70901e-05
 Reference value :  5.72404e-05
 Reference value :  5.74014e-05
 Reference value :  5.75700e-05
 Reference value :  5.77201e-05
 Reference value :  5.78730e-05
 Reference value :  5.80301e-05
 Reference value :  5.81714e-05
 Reference value :  5.83219e-05
 Reference value :  5.84802e-05
 Reference value :  5.86306e-05
 Reference value :  5.88001e-05
 Reference value :  5.89501e-05
 Reference value :  5.91108e-05
 Reference value :  5.92902e-05
 Reference value :  5.94452e-05
 Reference value :  5.96101e-05
 Reference value :  5.97603e-05
 Reference value :  5.99202e-05
 Reference value :  6.00706e-05
 Reference value :  6.02209e-05
 Reference value :  6.03747e-05
 Reference value :  6.06000e-05
 Reference value :  6.07504e-05
 Reference value :  6.09107e-05
 Reference value :  6.10607e-05
 Reference value :  6.12109e-05
 Reference value :  6.13608e-05
 Reference value :  6.15119e-05
 Reference value :  6.16804e-05
 Reference value :  6.18401e-05
 Reference value :  6.19908e-05
 Reference value :  6.21601e-05
 Reference value :  6.23101e-05
 Reference value :  6.24601e-05
 Reference value :  6.26202e-05
 Reference value :  6.27702e-05
 Reference value :  6.29202e-05
 Reference value :  6.30738e-05
 Reference value :  6.32401e-05
 Reference value :  6.33920e-05
 Reference value :  6.35501e-05
 Reference value :  6.37002e-05
 Reference value :  6.38502e-05
 Reference value :  6.40001e-05
 Reference value :  6.41402e-05
 Reference value :  6.42905e-05
 Reference value :  6.44403e-05
 Reference value :  6.45903e-05
 Reference value :  6.47504e-05
 Reference value :  6.49003e-05
 Reference value :  6.50507e-05
 Reference value :  6.52201e-05
 Reference value :  6.53518e-05
 Reference value :  6.55002e-05
 Reference value :  6.56510e-05
 Reference value :  6.58007e-05
 Reference value :  6.59701e-05
 Reference value :  6.61202e-05
 Reference value :  6.62701e-05
 Reference value :  6.64200e-05
 Reference value :  6.65510e-05
 Reference value :  6.67009e-05
 Reference value :  6.68512e-05
 Reference value :  6.70201e-05
 Reference value :  6.71701e-05
 Reference value :  6.73201e-05
 Reference value :  6.74802e-05
 Reference value :  6.76204e-05
 Reference value :  6.77704e-05
 Reference value :  6.79204e-05
 Reference value :  6.80701e-05
 Reference value :  6.82141e-05
 Reference value :  6.83509e-05
 Reference value :  6.85502e-05
 Reference value :  6.87003e-05
 Reference value :  6.88376e-05
 Reference value :  6.89804e-05
 Reference value :  6.91204e-05
 Reference value :  6.92733e-05
 Reference value :  6.94309e-05
 Reference value :  6.95808e-05
 Reference value :  6.97476e-05
 Reference value :  6.99002e-05
 Reference value :  7.00504e-05
 Reference value :  7.02109e-05
 Reference value :  7.03608e-05
 Reference value :  7.05301e-05
 Reference value :  7.06801e-05
 Reference value :  7.08301e-05
 Reference value :  7.09610e-05
 Reference value :  7.11302e-05
 Reference value :  7.12803e-05
 Reference value :  7.14300e-05
 Reference value :  7.15801e-05
 Reference value :  7.17301e-05
 Reference value :  7.18903e-05
 Reference value :  7.21007e-05
 Reference value :  7.23004e-05
 Reference value :  7.24800e-05
 Reference value :  7.26304e-05
 Reference value :  7.27806e-05
 Reference value :  7.29406e-05
 Reference value :  7.31101e-05
 Reference value :  7.32603e-05
 Reference value :  7.34102e-05
 Reference value :  7.35601e-05
 Reference value :  7.37101e-05
 Reference value :  7.38605e-05
 Reference value :  7.40104e-05
 Reference value :  7.41701e-05
 Reference value :  7.43210e-05
 Reference value :  7.44768e-05
 Reference value :  7.46402e-05
 Reference value :  7.47908e-05
 Reference value :  7.49501e-05
 Reference value :  7.51002e-05
 Reference value :  7.52662e-05
 Reference value :  7.54201e-05
 Reference value :  7.55700e-05
 Reference value :  7.57200e-05
 Reference value :  7.58701e-05
 Reference value :  7.60607e-05
 Reference value :  7.62105e-05
 Reference value :  7.63801e-05
 Reference value :  7.65301e-05
 Reference value :  7.66801e-05
 Reference value :  7.68108e-05
 Reference value :  7.69608e-05
 Reference value :  7.71306e-05
 Reference value :  7.72805e-05
 Reference value :  7.74602e-05
 Reference value :  7.76103e-05
 Reference value :  7.77605e-05
 Reference value :  7.79104e-05
 Reference value :  7.80715e-05
 Reference value :  7.82401e-05
 Reference value :  7.83901e-05
 Reference value :  7.85501e-05
 Reference value :  7.87001e-05
 Reference value :  7.88701e-05
 Reference value :  7.90225e-05
 Reference value :  7.91704e-05
 Reference value :  7.93305e-05
 Reference value :  7.94806e-05
 Reference value :  7.96302e-05
 Reference value :  7.97807e-05
 Reference value :  7.99326e-05
No. of Data Rows : 520627
t_flip              =  3.24616e-05
vos_v               =  -7.53842e-03
m_dut_vos = -7.538420000e-03
Note: Simulation executed from .control section 

Warning: m=xx on .subckt line will override multiplier m hierarchy!

