
Note: Compatibility modes selected: hs a


Circuit: * comparator-kickback-vosprobe @ sf_-40c_2.97v -- generated by sim/harness, do not edit

Doing analysis at TEMP = -40.000000 and TNOM = 27.000000

Using SPARSE 1.3 as Direct Linear Solver

Initial Transient Solution
--------------------------

Node                                   Voltage
----                                   -------
vdd                                       2.97
cm                                        1.65
clk                                          0
rmp                                      -0.04
vp                                        1.63
vn                                        1.67
ibn                                    1.09489
xdut.xlayout_dut.sp__t2            3.26934e-09
xdut.xlayout_dut.qp__t6                   2.97
xdut.xlayout_dut.vss__t17          2.91823e-11
xdut.xlayout_dut.vss__t2           3.12199e-20
xdut.xlayout_dut.dout__t3          3.52821e-09
xdut.xlayout_dut.sp__t3            3.33442e-09
xdut.xlayout_dut.vss__t25          4.72601e-25
xdut.xlayout_dut.vss__t3           3.95065e-20
xdut.xlayout_dut.dout__t2          3.39597e-09
xdut.xlayout_dut.doutb__t0                2.97
xdut.xlayout_dut.vss__t24          3.76293e-11
xdut.xlayout_dut.vss__t4           4.04307e-20
xdut.xlayout_dut.ibias__t0             1.09362
xdut.xlayout_dut.ibias__t1             1.09489
xdut.xlayout_dut.vss__t20          0.000254896
xdut.xlayout_dut.vss__t8           2.78884e-11
xdut.xlayout_dut.sn__t2            3.26929e-09
xdut.xlayout_dut.qn__t6                   2.97
xdut.xlayout_dut.vss__t23          2.91279e-11
xdut.xlayout_dut.vss__t5           3.11608e-20
xdut.xlayout_dut.doutb__t1                2.97
xdut.xlayout_dut.sn__t3            3.36799e-09
xdut.xlayout_dut.vss__t22          6.05418e-18
xdut.xlayout_dut.vss__t6           3.32119e-11
xdut.xlayout_dut.doutb__t4                2.97
xdut.xlayout_dut.dout__t4          3.52821e-09
xdut.xlayout_dut.vss__t21          6.36736e-18
xdut.xlayout_dut.vss__t7           3.49299e-11
xdut.xlayout_dut.qn__t4                   2.97
xdut.xlayout_dut.qp__t0                   2.97
xdut.xlayout_dut.mn__t0                   2.97
xdut.xlayout_dut.vss__t9           3.89888e-11
xdut.xlayout_dut.mn__t1                   2.97
xdut.xlayout_dut.aop__t2               1.18615
xdut.xlayout_dut.ltail__t0             1.26677
xdut.xlayout_dut.vss__t11          2.53372e-11
xdut.xlayout_dut.atail__t0            0.580844
xdut.xlayout_dut.ibias__t2             1.09489
xdut.xlayout_dut.vss__t19          0.000498492
xdut.xlayout_dut.vss__t13          1.42446e-11
xdut.xlayout_dut.qp__t1                   2.97
xdut.xlayout_dut.qn__t5                   2.97
xdut.xlayout_dut.mp__t2                   2.97
xdut.xlayout_dut.vss__t10           3.9059e-11
xdut.xlayout_dut.ltail__t1             1.26677
xdut.xlayout_dut.clk__t2                     0
xdut.xlayout_dut.vss__t18          2.18367e-17
xdut.xlayout_dut.vss__t14          6.84149e-12
xdut.xlayout_dut.mp__t1                   2.97
xdut.xlayout_dut.aon__t0               2.04953
xdut.xlayout_dut.ltail__t2             1.26677
xdut.xlayout_dut.vss__t12          2.55917e-11
xdut.xlayout_dut.aon__t1               2.04897
xdut.xlayout_dut.vinp__t0                 1.63
xdut.xlayout_dut.atail__t1            0.581418
xdut.xlayout_dut.vss__t15          5.19884e-10
xdut.xlayout_dut.aop__t1                1.1845
xdut.xlayout_dut.vinn__t0                 1.67
xdut.xlayout_dut.atail__t2            0.581799
xdut.xlayout_dut.vss__t16          4.25647e-11
xdut.xlayout_dut.mn__t2                   2.97
xdut.xlayout_dut.clk__t0                     0
xdut.xlayout_dut.vdd__t0                  2.97
xdut.xlayout_dut.vdd__t1                  2.97
xdut.xlayout_dut.qn__t1                   2.97
xdut.xlayout_dut.clk__t1                     0
xdut.xlayout_dut.vdd__t2                  2.97
xdut.xlayout_dut.vdd__t3                  2.97
xdut.xlayout_dut.sp__t0              3.477e-09
xdut.xlayout_dut.qp__t2                   2.97
xdut.xlayout_dut.vdd__t4                  2.97
xdut.xlayout_dut.vdd__t5                  2.97
xdut.xlayout_dut.mp__t0                   2.97
xdut.xlayout_dut.clk__t4                     0
xdut.xlayout_dut.vdd__t21                 2.97
xdut.xlayout_dut.vdd__t20                 2.97
xdut.xlayout_dut.qn__t0                   2.97
xdut.xlayout_dut.qp__t3                   2.97
xdut.xlayout_dut.vdd__t6                  2.97
xdut.xlayout_dut.vdd__t7                  2.97
xdut.xlayout_dut.qp__t4                   2.97
xdut.xlayout_dut.clk__t3                     0
xdut.xlayout_dut.vdd__t19                 2.97
xdut.xlayout_dut.vdd__t18                 2.97
xdut.xlayout_dut.na__t1                   2.97
xdut.xlayout_dut.sp__t1            3.33442e-09
xdut.xlayout_dut.vdd__t23                 2.97
xdut.xlayout_dut.vdd__t8                  2.97
xdut.xlayout_dut.dout__t0           3.6253e-09
xdut.xlayout_dut.doutb__t2                2.97
xdut.xlayout_dut.na__t0                   2.97
xdut.xlayout_dut.vdd__t13                 2.97
xdut.xlayout_dut.sn__t0            3.52305e-09
xdut.xlayout_dut.qn__t3                   2.97
xdut.xlayout_dut.vdd__t17                 2.97
xdut.xlayout_dut.vdd__t16                 2.97
xdut.xlayout_dut.qp__t5                   2.97
xdut.xlayout_dut.qn__t2                   2.97
xdut.xlayout_dut.vdd__t15                 2.97
xdut.xlayout_dut.vdd__t14                 2.97
xdut.xlayout_dut.nb__t1                   2.97
xdut.xlayout_dut.sn__t1            3.36799e-09
xdut.xlayout_dut.vdd__t22                 2.97
xdut.xlayout_dut.vdd__t12                 2.97
xdut.xlayout_dut.doutb__t3                2.97
xdut.xlayout_dut.dout__t1          3.52821e-09
xdut.xlayout_dut.nb__t0                   2.97
xdut.xlayout_dut.vdd__t11                 2.97
xdut.xlayout_dut.aon__t2               2.04975
xdut.xlayout_dut.x$28.11               2.05078
xdut.xlayout_dut.vss__t0                     0
xdut.xlayout_dut.x$28.21               2.96808
xdut.xlayout_dut.vdd__t10              2.96911
xdut.xlayout_dut.aop__t0               1.18662
xdut.xlayout_dut.x$29.11               1.18862
xdut.xlayout_dut.vss__t1                     0
xdut.xlayout_dut.x$29.21               2.96732
xdut.xlayout_dut.vdd__t9               2.96932
xdut.xlayout_dut.aon                   2.04953
vsubs                                        0
xdut.xlayout_dut.aop                   1.18615
xdut.xlayout_dut.atail                0.581346
dout                               3.52821e-09
doutb                                     2.97
xdut.xlayout_dut.ltail                 1.26677
xdut.xlayout_dut.mn                       2.97
xdut.xlayout_dut.mp                       2.97
xdut.xlayout_dut.na                       2.97
xdut.xlayout_dut.nb                       2.97
xdut.xlayout_dut.qn                       2.97
xdut.xlayout_dut.qp                       2.97
xdut.xlayout_dut.sn                3.36799e-09
xdut.xlayout_dut.sp                3.33442e-09
dn                                 1.18795e-09
bdn#branch                                   0
bnn#branch                         1.17161e-18
bpp#branch                          3.4199e-19
vrmp#branch                                  0
vclk#branch                                  0
vcm#branch                                   0
vsup#branch                       -3.03442e-05

 Reference value :  9.04866e-08
 Reference value :  2.50335e-07
 Reference value :  4.00201e-07
 Reference value :  5.41504e-07
 Reference value :  6.90380e-07
 Reference value :  8.40034e-07
 Reference value :  9.90033e-07
 Reference value :  1.14031e-06
 Reference value :  1.32011e-06
 Reference value :  1.47015e-06
 Reference value :  1.62018e-06
 Reference value :  1.75121e-06
 Reference value :  1.90066e-06
 Reference value :  2.04634e-06
 Reference value :  2.19418e-06
 Reference value :  2.34025e-06
 Reference value :  2.49042e-06
 Reference value :  2.64017e-06
 Reference value :  2.79015e-06
 Reference value :  2.92753e-06
 Reference value :  3.07076e-06
 Reference value :  3.21685e-06
 Reference value :  3.36114e-06
 Reference value :  3.51024e-06
 Reference value :  3.64074e-06
 Reference value :  3.79044e-06
 Reference value :  3.93072e-06
 Reference value :  4.09010e-06
 Reference value :  4.23150e-06
 Reference value :  4.38116e-06
 Reference value :  4.51079e-06
 Reference value :  4.65160e-06
 Reference value :  4.80065e-06
 Reference value :  4.95136e-06
 Reference value :  5.10104e-06
 Reference value :  5.25132e-06
 Reference value :  5.40042e-06
 Reference value :  5.55015e-06
 Reference value :  5.70053e-06
 Reference value :  5.85135e-06
 Reference value :  6.01031e-06
 Reference value :  6.16058e-06
 Reference value :  6.33003e-06
 Reference value :  6.46330e-06
 Reference value :  6.61100e-06
 Reference value :  6.78000e-06
 Reference value :  6.94041e-06
 Reference value :  7.09059e-06
 Reference value :  7.24019e-06
 Reference value :  7.39014e-06
 Reference value :  7.53159e-06
 Reference value :  7.69020e-06
 Reference value :  7.84019e-06
 Reference value :  7.99049e-06
 Reference value :  8.13412e-06
 Reference value :  8.29053e-06
 Reference value :  8.43083e-06
 Reference value :  8.59013e-06
 Reference value :  8.74055e-06
 Reference value :  8.88026e-06
 Reference value :  9.03013e-06
 Reference value :  9.18007e-06
 Reference value :  9.31053e-06
 Reference value :  9.46012e-06
 Reference value :  9.60304e-06
 Reference value :  9.76015e-06
 Reference value :  9.90133e-06
 Reference value :  1.00503e-05
 Reference value :  1.02005e-05
 Reference value :  1.03601e-05
 Reference value :  1.05011e-05
 Reference value :  1.06602e-05
 Reference value :  1.08103e-05
 Reference value :  1.09602e-05
 Reference value :  1.11018e-05
 Reference value :  1.12523e-05
 Reference value :  1.14020e-05
 Reference value :  1.15607e-05
 Reference value :  1.17103e-05
 Reference value :  1.18714e-05
 Reference value :  1.20109e-05
 Reference value :  1.21677e-05
 Reference value :  1.23107e-05
 Reference value :  1.24607e-05
 Reference value :  1.26302e-05
 Reference value :  1.28111e-05
 Reference value :  1.29702e-05
 Reference value :  1.31202e-05
 Reference value :  1.32708e-05
 Reference value :  1.34224e-05
 Reference value :  1.36002e-05
 Reference value :  1.37502e-05
 Reference value :  1.39200e-05
 Reference value :  1.40704e-05
 Reference value :  1.42306e-05
 Reference value :  1.43812e-05
 Reference value :  1.45502e-05
 Reference value :  1.47106e-05
 Reference value :  1.48717e-05
 Reference value :  1.50114e-05
 Reference value :  1.51614e-05
 Reference value :  1.53141e-05
 Reference value :  1.54801e-05
 Reference value :  1.56304e-05
 Reference value :  1.57921e-05
 Reference value :  1.59602e-05
 Reference value :  1.61201e-05
 Reference value :  1.62708e-05
 Reference value :  1.64208e-05
 Reference value :  1.65709e-05
 Reference value :  1.67272e-05
 Reference value :  1.68713e-05
 Reference value :  1.70401e-05
 Reference value :  1.71900e-05
 Reference value :  1.73402e-05
 Reference value :  1.75002e-05
 Reference value :  1.76502e-05
 Reference value :  1.78008e-05
 Reference value :  1.79501e-05
 Reference value :  1.81001e-05
 Reference value :  1.82506e-05
 Reference value :  1.84006e-05
 Reference value :  1.85510e-05
 Reference value :  1.87201e-05
 Reference value :  1.89006e-05
 Reference value :  1.90604e-05
 Reference value :  1.92107e-05
 Reference value :  1.93608e-05
 Reference value :  1.95300e-05
 Reference value :  1.96801e-05
 Reference value :  1.98302e-05
 Reference value :  1.99901e-05
 Reference value :  2.01403e-05
 Reference value :  2.02908e-05
 Reference value :  2.04602e-05
 Reference value :  2.06102e-05
 Reference value :  2.07701e-05
 Reference value :  2.09205e-05
 Reference value :  2.10707e-05
 Reference value :  2.12219e-05
 Reference value :  2.13710e-05
 Reference value :  2.15208e-05
 Reference value :  2.16725e-05
 Reference value :  2.18401e-05
 Reference value :  2.19902e-05
 Reference value :  2.21412e-05
 Reference value :  2.23002e-05
 Reference value :  2.24508e-05
 Reference value :  2.26045e-05
 Reference value :  2.27701e-05
 Reference value :  2.29217e-05
 Reference value :  2.30736e-05
 Reference value :  2.32309e-05
 Reference value :  2.34006e-05
 Reference value :  2.35602e-05
 Reference value :  2.37108e-05
 Reference value :  2.38800e-05
 Reference value :  2.40301e-05
 Reference value :  2.41801e-05
 Reference value :  2.43306e-05
 Reference value :  2.44914e-05
 Reference value :  2.46603e-05
 Reference value :  2.48106e-05
 Reference value :  2.49704e-05
 Reference value :  2.51204e-05
 Reference value :  2.52711e-05
 Reference value :  2.54401e-05
 Reference value :  2.55906e-05
 Reference value :  2.58122e-05
 Reference value :  2.59621e-05
 Reference value :  2.61308e-05
 Reference value :  2.62806e-05
 Reference value :  2.64303e-05
 Reference value :  2.65802e-05
 Reference value :  2.67301e-05
 Reference value :  2.68807e-05
 Reference value :  2.70312e-05
 Reference value :  2.71911e-05
 Reference value :  2.73408e-05
 Reference value :  2.74911e-05
 Reference value :  2.76605e-05
 Reference value :  2.78201e-05
 Reference value :  2.79705e-05
 Reference value :  2.81209e-05
 Reference value :  2.82710e-05
 Reference value :  2.84402e-05
 Reference value :  2.86002e-05
 Reference value :  2.87510e-05
 Reference value :  2.89201e-05
 Reference value :  2.90707e-05
 Reference value :  2.92305e-05
 Reference value :  2.94001e-05
 Reference value :  2.95504e-05
 Reference value :  2.97107e-05
 Reference value :  2.98607e-05
 Reference value :  3.00132e-05
 Reference value :  3.01868e-05
 Reference value :  3.03601e-05
 Reference value :  3.05202e-05
 Reference value :  3.06710e-05
 Reference value :  3.08405e-05
 Reference value :  3.10006e-05
 Reference value :  3.11510e-05
 Reference value :  3.13200e-05
 Reference value :  3.14705e-05
 Reference value :  3.16305e-05
 Reference value :  3.18001e-05
 Reference value :  3.19509e-05
 Reference value :  3.21126e-05
 Reference value :  3.22677e-05
 Reference value :  3.24402e-05
 Reference value :  3.25907e-05
 Reference value :  3.27409e-05
 Reference value :  3.29102e-05
 Reference value :  3.30702e-05
 Reference value :  3.32203e-05
 Reference value :  3.33707e-05
 Reference value :  3.35509e-05
 Reference value :  3.37501e-05
 Reference value :  3.39002e-05
 Reference value :  3.40509e-05
 Reference value :  3.42019e-05
 Reference value :  3.43510e-05
 Reference value :  3.45105e-05
 Reference value :  3.46613e-05
 Reference value :  3.48255e-05
 Reference value :  3.49801e-05
 Reference value :  3.51302e-05
 Reference value :  3.52904e-05
 Reference value :  3.54406e-05
 Reference value :  3.56105e-05
 Reference value :  3.57610e-05
 Reference value :  3.59114e-05
 Reference value :  3.60615e-05
 Reference value :  3.62201e-05
 Reference value :  3.63712e-05
 Reference value :  3.65807e-05
 Reference value :  3.67905e-05
 Reference value :  3.70001e-05
 Reference value :  3.71514e-05
 Reference value :  3.73203e-05
 Reference value :  3.74713e-05
 Reference value :  3.76305e-05
 Reference value :  3.78013e-05
 Reference value :  3.79602e-05
 Reference value :  3.81300e-05
 Reference value :  3.82801e-05
 Reference value :  3.84315e-05
 Reference value :  3.86101e-05
 Reference value :  3.87607e-05
 Reference value :  3.89205e-05
 Reference value :  3.90901e-05
 Reference value :  3.92407e-05
 Reference value :  3.93916e-05
 Reference value :  3.95512e-05
 Reference value :  3.97202e-05
 Reference value :  3.98801e-05
 Reference value :  4.00503e-05
 Reference value :  4.02302e-05
 Reference value :  4.04100e-05
 Reference value :  4.05775e-05
 Reference value :  4.07405e-05
 Reference value :  4.09201e-05
 Reference value :  4.10707e-05
 Reference value :  4.12249e-05
 Reference value :  4.13809e-05
 Reference value :  4.15710e-05
 Reference value :  4.17603e-05
 Reference value :  4.19202e-05
 Reference value :  4.20906e-05
 Reference value :  4.22501e-05
 Reference value :  4.24002e-05
 Reference value :  4.25510e-05
 Reference value :  4.27201e-05
 Reference value :  4.28708e-05
 Reference value :  4.30308e-05
 Reference value :  4.32001e-05
 Reference value :  4.33525e-05
 Reference value :  4.35304e-05
 Reference value :  4.36903e-05
 Reference value :  4.38600e-05
 Reference value :  4.40110e-05
 Reference value :  4.41702e-05
 Reference value :  4.43507e-05
 Reference value :  4.45209e-05
 Reference value :  4.46805e-05
 Reference value :  4.48501e-05
 Reference value :  4.50006e-05
 Reference value :  4.51681e-05
 Reference value :  4.53307e-05
 Reference value :  4.55100e-05
 Reference value :  4.56705e-05
 Reference value :  4.58216e-05
 Reference value :  4.59926e-05
 Reference value :  4.61508e-05
 Reference value :  4.63201e-05
 Reference value :  4.64814e-05
 Reference value :  4.66501e-05
 Reference value :  4.68102e-05
 Reference value :  4.69800e-05
 Reference value :  4.71302e-05
 Reference value :  4.72815e-05
 Reference value :  4.74601e-05
 Reference value :  4.76202e-05
 Reference value :  4.77913e-05
 Reference value :  4.79670e-05
 Reference value :  4.81308e-05
 Reference value :  4.83009e-05
 Reference value :  4.84805e-05
 Reference value :  4.86415e-05
 Reference value :  4.88202e-05
 Reference value :  4.89719e-05
 Reference value :  4.91403e-05
 Reference value :  4.93012e-05
 Reference value :  4.95301e-05
 Reference value :  4.96907e-05
 Reference value :  4.98706e-05
 Reference value :  5.00401e-05
 Reference value :  5.01973e-05
 Reference value :  5.03506e-05
 Reference value :  5.05213e-05
 Reference value :  5.06811e-05
 Reference value :  5.08505e-05
 Reference value :  5.10301e-05
 Reference value :  5.11814e-05
 Reference value :  5.13408e-05
 Reference value :  5.15401e-05
 Reference value :  5.17002e-05
 Reference value :  5.18700e-05
 Reference value :  5.20208e-05
 Reference value :  5.22001e-05
 Reference value :  5.23618e-05
 Reference value :  5.25302e-05
 Reference value :  5.26906e-05
 Reference value :  5.28602e-05
 Reference value :  5.30117e-05
 Reference value :  5.31703e-05
 Reference value :  5.33405e-05
 Reference value :  5.35200e-05
 Reference value :  5.36712e-05
 Reference value :  5.38517e-05
 Reference value :  5.40302e-05
 Reference value :  5.41917e-05
 Reference value :  5.43601e-05
 Reference value :  5.45401e-05
 Reference value :  5.47002e-05
 Reference value :  5.48707e-05
 Reference value :  5.50303e-05
 Reference value :  5.51812e-05
 Reference value :  5.53507e-05
 Reference value :  5.55105e-05
 Reference value :  5.56801e-05
 Reference value :  5.58301e-05
 Reference value :  5.59886e-05
 Reference value :  5.61601e-05
 Reference value :  5.63106e-05
 Reference value :  5.64702e-05
 Reference value :  5.66402e-05
 Reference value :  5.68200e-05
 Reference value :  5.69802e-05
 Reference value :  5.71507e-05
 Reference value :  5.73108e-05
 Reference value :  5.74801e-05
 Reference value :  5.76308e-05
 Reference value :  5.77901e-05
 Reference value :  5.79409e-05
 Reference value :  5.81501e-05
 Reference value :  5.83201e-05
 Reference value :  5.85001e-05
 Reference value :  5.86601e-05
 Reference value :  5.88107e-05
 Reference value :  5.89800e-05
 Reference value :  5.91406e-05
 Reference value :  5.93102e-05
 Reference value :  5.94902e-05
 Reference value :  5.96701e-05
 Reference value :  5.98306e-05
 Reference value :  6.00007e-05
 Reference value :  6.01611e-05
 Reference value :  6.03306e-05
 Reference value :  6.04908e-05
 Reference value :  6.06606e-05
 Reference value :  6.08202e-05
 Reference value :  6.09903e-05
 Reference value :  6.11701e-05
 Reference value :  6.13216e-05
 Reference value :  6.14802e-05
 Reference value :  6.16345e-05
 Reference value :  6.18001e-05
 Reference value :  6.19608e-05
 Reference value :  6.21300e-05
 Reference value :  6.22802e-05
 Reference value :  6.24403e-05
 Reference value :  6.25910e-05
 Reference value :  6.27601e-05
 Reference value :  6.29206e-05
 Reference value :  6.30900e-05
 Reference value :  6.32405e-05
 Reference value :  6.34004e-05
 Reference value :  6.35509e-05
 Reference value :  6.37010e-05
 Reference value :  6.38511e-05
 Reference value :  6.40202e-05
 Reference value :  6.41705e-05
 Reference value :  6.43316e-05
 Reference value :  6.45002e-05
 Reference value :  6.46803e-05
 Reference value :  6.48407e-05
 Reference value :  6.50104e-05
 Reference value :  6.51606e-05
 Reference value :  6.53207e-05
 Reference value :  6.54902e-05
 Reference value :  6.56405e-05
 Reference value :  6.58001e-05
 Reference value :  6.59508e-05
 Reference value :  6.61801e-05
 Reference value :  6.63303e-05
 Reference value :  6.64908e-05
 Reference value :  6.66412e-05
 Reference value :  6.68101e-05
 Reference value :  6.69601e-05
 Reference value :  6.71102e-05
 Reference value :  6.72708e-05
 Reference value :  6.74401e-05
 Reference value :  6.76004e-05
 Reference value :  6.77701e-05
 Reference value :  6.79202e-05
 Reference value :  6.80820e-05
 Reference value :  6.82501e-05
 Reference value :  6.84002e-05
 Reference value :  6.85606e-05
 Reference value :  6.87270e-05
 Reference value :  6.88814e-05
 Reference value :  6.90407e-05
 Reference value :  6.91907e-05
 Reference value :  6.93601e-05
 Reference value :  6.95105e-05
 Reference value :  6.96602e-05
 Reference value :  6.98202e-05
 Reference value :  6.99707e-05
 Reference value :  7.01207e-05
 Reference value :  7.02903e-05
 Reference value :  7.04502e-05
 Reference value :  7.06037e-05
 Reference value :  7.07710e-05
 Reference value :  7.09301e-05
 Reference value :  7.10713e-05
 Reference value :  7.12301e-05
 Reference value :  7.13803e-05
 Reference value :  7.15502e-05
 Reference value :  7.17019e-05
 Reference value :  7.18602e-05
 Reference value :  7.20104e-05
 Reference value :  7.21605e-05
 Reference value :  7.23110e-05
 Reference value :  7.24684e-05
 Reference value :  7.26304e-05
 Reference value :  7.27903e-05
 Reference value :  7.29408e-05
 Reference value :  7.31201e-05
 Reference value :  7.32619e-05
 Reference value :  7.34208e-05
 Reference value :  7.35708e-05
 Reference value :  7.37217e-05
 Reference value :  7.38815e-05
 Reference value :  7.40333e-05
 Reference value :  7.42302e-05
 Reference value :  7.43811e-05
 Reference value :  7.45311e-05
 Reference value :  7.46808e-05
 Reference value :  7.48307e-05
 Reference value :  7.49813e-05
 Reference value :  7.51501e-05
 Reference value :  7.53106e-05
 Reference value :  7.54616e-05
 Reference value :  7.56313e-05
 Reference value :  7.57911e-05
 Reference value :  7.59601e-05
 Reference value :  7.61202e-05
 Reference value :  7.62712e-05
 Reference value :  7.64401e-05
 Reference value :  7.65905e-05
 Reference value :  7.67408e-05
 Reference value :  7.68909e-05
 Reference value :  7.70503e-05
 Reference value :  7.72006e-05
 Reference value :  7.73502e-05
 Reference value :  7.75008e-05
 Reference value :  7.76510e-05
 Reference value :  7.78501e-05
 Reference value :  7.80406e-05
 Reference value :  7.82404e-05
 Reference value :  7.84144e-05
 Reference value :  7.85702e-05
 Reference value :  7.87204e-05
 Reference value :  7.88801e-05
 Reference value :  7.90302e-05
 Reference value :  7.91808e-05
 Reference value :  7.93302e-05
 Reference value :  7.94801e-05
 Reference value :  7.96301e-05
 Reference value :  7.97805e-05
 Reference value :  7.99302e-05
No. of Data Rows : 498475
t_flip              =  3.63620e-05
vos_v               =  -3.63801e-03
m_dut_vos = -3.638010000e-03
Note: Simulation executed from .control section 

Warning: m=xx on .subckt line will override multiplier m hierarchy!

