
Note: Compatibility modes selected: hs a


Circuit: * comparator-kickback @ sf_-40c_2.97v -- generated by sim/harness, do not edit

Doing analysis at TEMP = -40.000000 and TNOM = 27.000000

Using SPARSE 1.3 as Direct Linear Solver

Initial Transient Solution
--------------------------

Node                                   Voltage
----                                   -------
vdd                                       2.97
cm                                        1.65
clk                                          0
sa                                 -0.00263801
asp                                    1.64868
asn                                    1.65132
apa                                    1.64868
ana                                    1.65132
ibna                                   1.09489
xa.xlayout_dut.sp__t2              3.26934e-09
xa.xlayout_dut.qp__t6                     2.97
xa.xlayout_dut.vss__t17            2.91823e-11
xa.xlayout_dut.vss__t2             3.12199e-20
xa.xlayout_dut.dout__t3            3.52821e-09
xa.xlayout_dut.sp__t3              3.33442e-09
xa.xlayout_dut.vss__t25            4.72601e-25
xa.xlayout_dut.vss__t3             3.95065e-20
xa.xlayout_dut.dout__t2            3.39597e-09
xa.xlayout_dut.doutb__t0                  2.97
xa.xlayout_dut.vss__t24            3.76293e-11
xa.xlayout_dut.vss__t4             4.04307e-20
xa.xlayout_dut.ibias__t0               1.09362
xa.xlayout_dut.ibias__t1               1.09489
xa.xlayout_dut.vss__t20            0.000254896
xa.xlayout_dut.vss__t8             2.78884e-11
xa.xlayout_dut.sn__t2              3.26929e-09
xa.xlayout_dut.qn__t6                     2.97
xa.xlayout_dut.vss__t23            2.91279e-11
xa.xlayout_dut.vss__t5             3.11608e-20
xa.xlayout_dut.doutb__t1                  2.97
xa.xlayout_dut.sn__t3              3.36799e-09
xa.xlayout_dut.vss__t22            6.05418e-18
xa.xlayout_dut.vss__t6             3.32119e-11
xa.xlayout_dut.doutb__t4                  2.97
xa.xlayout_dut.dout__t4            3.52821e-09
xa.xlayout_dut.vss__t21            6.36736e-18
xa.xlayout_dut.vss__t7             3.49299e-11
xa.xlayout_dut.qn__t4                     2.97
xa.xlayout_dut.qp__t0                     2.97
xa.xlayout_dut.mn__t0                     2.97
xa.xlayout_dut.vss__t9             3.89888e-11
xa.xlayout_dut.mn__t1                     2.97
xa.xlayout_dut.aop__t2                 1.59218
xa.xlayout_dut.ltail__t0              0.949546
xa.xlayout_dut.vss__t11            2.34405e-11
xa.xlayout_dut.atail__t0               0.57914
xa.xlayout_dut.ibias__t2               1.09489
xa.xlayout_dut.vss__t19             0.00049848
xa.xlayout_dut.vss__t13            1.42029e-11
xa.xlayout_dut.qp__t1                     2.97
xa.xlayout_dut.qn__t5                     2.97
xa.xlayout_dut.mp__t2                     2.97
xa.xlayout_dut.vss__t10             3.9059e-11
xa.xlayout_dut.ltail__t1              0.949546
xa.xlayout_dut.clk__t2                       0
xa.xlayout_dut.vss__t18            2.04923e-17
xa.xlayout_dut.vss__t14            5.12824e-12
xa.xlayout_dut.mp__t1                     2.97
xa.xlayout_dut.aon__t0                 1.64334
xa.xlayout_dut.ltail__t2              0.949546
xa.xlayout_dut.vss__t12             2.3678e-11
xa.xlayout_dut.aon__t1                 1.64253
xa.xlayout_dut.vinp__t0                1.64868
xa.xlayout_dut.atail__t1              0.579746
xa.xlayout_dut.vss__t15            5.30733e-11
xa.xlayout_dut.aop__t1                  1.5909
xa.xlayout_dut.vinn__t0                1.65132
xa.xlayout_dut.atail__t2              0.579991
xa.xlayout_dut.vss__t16            5.24494e-11
xa.xlayout_dut.mn__t2                     2.97
xa.xlayout_dut.clk__t0                       0
xa.xlayout_dut.vdd__t0                    2.97
xa.xlayout_dut.vdd__t1                    2.97
xa.xlayout_dut.qn__t1                     2.97
xa.xlayout_dut.clk__t1                       0
xa.xlayout_dut.vdd__t2                    2.97
xa.xlayout_dut.vdd__t3                    2.97
xa.xlayout_dut.sp__t0                3.477e-09
xa.xlayout_dut.qp__t2                     2.97
xa.xlayout_dut.vdd__t4                    2.97
xa.xlayout_dut.vdd__t5                    2.97
xa.xlayout_dut.mp__t0                     2.97
xa.xlayout_dut.clk__t4                       0
xa.xlayout_dut.vdd__t21                   2.97
xa.xlayout_dut.vdd__t20                   2.97
xa.xlayout_dut.qn__t0                     2.97
xa.xlayout_dut.qp__t3                     2.97
xa.xlayout_dut.vdd__t6                    2.97
xa.xlayout_dut.vdd__t7                    2.97
xa.xlayout_dut.qp__t4                     2.97
xa.xlayout_dut.clk__t3                       0
xa.xlayout_dut.vdd__t19                   2.97
xa.xlayout_dut.vdd__t18                   2.97
xa.xlayout_dut.na__t1                     2.97
xa.xlayout_dut.sp__t1              3.33442e-09
xa.xlayout_dut.vdd__t23                   2.97
xa.xlayout_dut.vdd__t8                    2.97
xa.xlayout_dut.dout__t0             3.6253e-09
xa.xlayout_dut.doutb__t2                  2.97
xa.xlayout_dut.na__t0                     2.97
xa.xlayout_dut.vdd__t13                   2.97
xa.xlayout_dut.sn__t0              3.52305e-09
xa.xlayout_dut.qn__t3                     2.97
xa.xlayout_dut.vdd__t17                   2.97
xa.xlayout_dut.vdd__t16                   2.97
xa.xlayout_dut.qp__t5                     2.97
xa.xlayout_dut.qn__t2                     2.97
xa.xlayout_dut.vdd__t15                   2.97
xa.xlayout_dut.vdd__t14                   2.97
xa.xlayout_dut.nb__t1                     2.97
xa.xlayout_dut.sn__t1              3.36799e-09
xa.xlayout_dut.vdd__t22                   2.97
xa.xlayout_dut.vdd__t12                   2.97
xa.xlayout_dut.doutb__t3                  2.97
xa.xlayout_dut.dout__t1            3.52821e-09
xa.xlayout_dut.nb__t0                     2.97
xa.xlayout_dut.vdd__t11                   2.97
xa.xlayout_dut.aon__t2                 1.64366
xa.xlayout_dut.x$28.11                 1.64515
xa.xlayout_dut.vss__t0                       0
xa.xlayout_dut.x$28.21                 2.96724
xa.xlayout_dut.vdd__t10                2.96872
xa.xlayout_dut.aop__t0                 1.59254
xa.xlayout_dut.x$29.11                 1.59409
xa.xlayout_dut.vss__t1                       0
xa.xlayout_dut.x$29.21                 2.96793
xa.xlayout_dut.vdd__t9                 2.96947
xa.xlayout_dut.aon                     1.64334
vsubs                                        0
xa.xlayout_dut.aop                     1.59218
xa.xlayout_dut.atail                  0.579641
douta                              3.52821e-09
doutba                                    2.97
xa.xlayout_dut.ltail                  0.949546
xa.xlayout_dut.mn                         2.97
xa.xlayout_dut.mp                         2.97
xa.xlayout_dut.na                         2.97
xa.xlayout_dut.nb                         2.97
xa.xlayout_dut.qn                         2.97
xa.xlayout_dut.qp                         2.97
xa.xlayout_dut.sn                  3.36799e-09
xa.xlayout_dut.sp                  3.33442e-09
sb                                 -0.00263801
bsp                                    1.64868
bsn                                    1.65132
bpp                                    1.64868
bpn                                    1.65132
ibnb                                   1.09489
xb.xlayout_dut.sp__t2              3.26934e-09
xb.xlayout_dut.qp__t6                     2.97
xb.xlayout_dut.vss__t17            2.91823e-11
xb.xlayout_dut.vss__t2             3.12199e-20
xb.xlayout_dut.dout__t3            3.52821e-09
xb.xlayout_dut.sp__t3              3.33442e-09
xb.xlayout_dut.vss__t25            4.72601e-25
xb.xlayout_dut.vss__t3             3.95065e-20
xb.xlayout_dut.dout__t2            3.39597e-09
xb.xlayout_dut.doutb__t0                  2.97
xb.xlayout_dut.vss__t24            3.76293e-11
xb.xlayout_dut.vss__t4             4.04307e-20
xb.xlayout_dut.ibias__t0               1.09362
xb.xlayout_dut.ibias__t1               1.09489
xb.xlayout_dut.vss__t20            0.000254896
xb.xlayout_dut.vss__t8             2.78884e-11
xb.xlayout_dut.sn__t2              3.26929e-09
xb.xlayout_dut.qn__t6                     2.97
xb.xlayout_dut.vss__t23            2.91279e-11
xb.xlayout_dut.vss__t5             3.11608e-20
xb.xlayout_dut.doutb__t1                  2.97
xb.xlayout_dut.sn__t3              3.36799e-09
xb.xlayout_dut.vss__t22            6.05418e-18
xb.xlayout_dut.vss__t6             3.32119e-11
xb.xlayout_dut.doutb__t4                  2.97
xb.xlayout_dut.dout__t4            3.52821e-09
xb.xlayout_dut.vss__t21            6.36736e-18
xb.xlayout_dut.vss__t7             3.49299e-11
xb.xlayout_dut.qn__t4                     2.97
xb.xlayout_dut.qp__t0                     2.97
xb.xlayout_dut.mn__t0                     2.97
xb.xlayout_dut.vss__t9             3.89888e-11
xb.xlayout_dut.mn__t1                     2.97
xb.xlayout_dut.aop__t2                 1.59218
xb.xlayout_dut.ltail__t0              0.949546
xb.xlayout_dut.vss__t11            2.34405e-11
xb.xlayout_dut.atail__t0               0.57914
xb.xlayout_dut.ibias__t2               1.09489
xb.xlayout_dut.vss__t19             0.00049848
xb.xlayout_dut.vss__t13            1.42029e-11
xb.xlayout_dut.qp__t1                     2.97
xb.xlayout_dut.qn__t5                     2.97
xb.xlayout_dut.mp__t2                     2.97
xb.xlayout_dut.vss__t10             3.9059e-11
xb.xlayout_dut.ltail__t1              0.949546
xb.xlayout_dut.clk__t2                       0
xb.xlayout_dut.vss__t18            2.04923e-17
xb.xlayout_dut.vss__t14            5.12824e-12
xb.xlayout_dut.mp__t1                     2.97
xb.xlayout_dut.aon__t0                 1.64334
xb.xlayout_dut.ltail__t2              0.949546
xb.xlayout_dut.vss__t12             2.3678e-11
xb.xlayout_dut.aon__t1                 1.64253
xb.xlayout_dut.vinp__t0                1.64868
xb.xlayout_dut.atail__t1              0.579746
xb.xlayout_dut.vss__t15            5.30733e-11
xb.xlayout_dut.aop__t1                  1.5909
xb.xlayout_dut.vinn__t0                1.65132
xb.xlayout_dut.atail__t2              0.579991
xb.xlayout_dut.vss__t16            5.24494e-11
xb.xlayout_dut.mn__t2                     2.97
xb.xlayout_dut.clk__t0                       0
xb.xlayout_dut.vdd__t0                    2.97
xb.xlayout_dut.vdd__t1                    2.97
xb.xlayout_dut.qn__t1                     2.97
xb.xlayout_dut.clk__t1                       0
xb.xlayout_dut.vdd__t2                    2.97
xb.xlayout_dut.vdd__t3                    2.97
xb.xlayout_dut.sp__t0                3.477e-09
xb.xlayout_dut.qp__t2                     2.97
xb.xlayout_dut.vdd__t4                    2.97
xb.xlayout_dut.vdd__t5                    2.97
xb.xlayout_dut.mp__t0                     2.97
xb.xlayout_dut.clk__t4                       0
xb.xlayout_dut.vdd__t21                   2.97
xb.xlayout_dut.vdd__t20                   2.97
xb.xlayout_dut.qn__t0                     2.97
xb.xlayout_dut.qp__t3                     2.97
xb.xlayout_dut.vdd__t6                    2.97
xb.xlayout_dut.vdd__t7                    2.97
xb.xlayout_dut.qp__t4                     2.97
xb.xlayout_dut.clk__t3                       0
xb.xlayout_dut.vdd__t19                   2.97
xb.xlayout_dut.vdd__t18                   2.97
xb.xlayout_dut.na__t1                     2.97
xb.xlayout_dut.sp__t1              3.33442e-09
xb.xlayout_dut.vdd__t23                   2.97
xb.xlayout_dut.vdd__t8                    2.97
xb.xlayout_dut.dout__t0             3.6253e-09
xb.xlayout_dut.doutb__t2                  2.97
xb.xlayout_dut.na__t0                     2.97
xb.xlayout_dut.vdd__t13                   2.97
xb.xlayout_dut.sn__t0              3.52305e-09
xb.xlayout_dut.qn__t3                     2.97
xb.xlayout_dut.vdd__t17                   2.97
xb.xlayout_dut.vdd__t16                   2.97
xb.xlayout_dut.qp__t5                     2.97
xb.xlayout_dut.qn__t2                     2.97
xb.xlayout_dut.vdd__t15                   2.97
xb.xlayout_dut.vdd__t14                   2.97
xb.xlayout_dut.nb__t1                     2.97
xb.xlayout_dut.sn__t1              3.36799e-09
xb.xlayout_dut.vdd__t22                   2.97
xb.xlayout_dut.vdd__t12                   2.97
xb.xlayout_dut.doutb__t3                  2.97
xb.xlayout_dut.dout__t1            3.52821e-09
xb.xlayout_dut.nb__t0                     2.97
xb.xlayout_dut.vdd__t11                   2.97
xb.xlayout_dut.aon__t2                 1.64366
xb.xlayout_dut.x$28.11                 1.64515
xb.xlayout_dut.vss__t0                       0
xb.xlayout_dut.x$28.21                 2.96724
xb.xlayout_dut.vdd__t10                2.96872
xb.xlayout_dut.aop__t0                 1.59254
xb.xlayout_dut.x$29.11                 1.59409
xb.xlayout_dut.vss__t1                       0
xb.xlayout_dut.x$29.21                 2.96793
xb.xlayout_dut.vdd__t9                 2.96947
xb.xlayout_dut.aon                     1.64334
xb.xlayout_dut.aop                     1.59218
xb.xlayout_dut.atail                  0.579641
doutb                              3.52821e-09
doutbb                                    2.97
xb.xlayout_dut.ltail                  0.949546
xb.xlayout_dut.mn                         2.97
xb.xlayout_dut.mp                         2.97
xb.xlayout_dut.na                         2.97
xb.xlayout_dut.nb                         2.97
xb.xlayout_dut.qn                         2.97
xb.xlayout_dut.qp                         2.97
xb.xlayout_dut.sn                  3.36799e-09
xb.xlayout_dut.sp                  3.33442e-09
sc                                    0.096362
csp                                    1.69818
csn                                    1.60182
cpp                                    1.69818
cpn                                    1.60182
ibnc                                   1.09489
xc.xlayout_dut.sp__t2              3.26934e-09
xc.xlayout_dut.qp__t6                     2.97
xc.xlayout_dut.vss__t17            2.91823e-11
xc.xlayout_dut.vss__t2             3.12199e-20
xc.xlayout_dut.dout__t3            3.52821e-09
xc.xlayout_dut.sp__t3              3.33442e-09
xc.xlayout_dut.vss__t25            4.72601e-25
xc.xlayout_dut.vss__t3             3.95065e-20
xc.xlayout_dut.dout__t2            3.39597e-09
xc.xlayout_dut.doutb__t0                  2.97
xc.xlayout_dut.vss__t24            3.76293e-11
xc.xlayout_dut.vss__t4             4.04307e-20
xc.xlayout_dut.ibias__t0               1.09362
xc.xlayout_dut.ibias__t1               1.09489
xc.xlayout_dut.vss__t20            0.000254896
xc.xlayout_dut.vss__t8             2.78884e-11
xc.xlayout_dut.sn__t2              3.26929e-09
xc.xlayout_dut.qn__t6                     2.97
xc.xlayout_dut.vss__t23            2.91279e-11
xc.xlayout_dut.vss__t5             3.11608e-20
xc.xlayout_dut.doutb__t1                  2.97
xc.xlayout_dut.sn__t3              3.36799e-09
xc.xlayout_dut.vss__t22            6.05418e-18
xc.xlayout_dut.vss__t6             3.32119e-11
xc.xlayout_dut.doutb__t4                  2.97
xc.xlayout_dut.dout__t4            3.52821e-09
xc.xlayout_dut.vss__t21            6.36736e-18
xc.xlayout_dut.vss__t7             3.49299e-11
xc.xlayout_dut.qn__t4                     2.97
xc.xlayout_dut.qp__t0                     2.97
xc.xlayout_dut.mn__t0                     2.97
xc.xlayout_dut.vss__t9             3.89888e-11
xc.xlayout_dut.mn__t1                     2.97
xc.xlayout_dut.aop__t2                 2.53558
xc.xlayout_dut.ltail__t0               1.65918
xc.xlayout_dut.vss__t11            2.76839e-11
xc.xlayout_dut.atail__t0               0.58805
xc.xlayout_dut.ibias__t2               1.09489
xc.xlayout_dut.vss__t19            0.000498542
xc.xlayout_dut.vss__t13            1.44212e-11
xc.xlayout_dut.qp__t1                     2.97
xc.xlayout_dut.qn__t5                     2.97
xc.xlayout_dut.mp__t2                     2.97
xc.xlayout_dut.vss__t10             3.9059e-11
xc.xlayout_dut.ltail__t1               1.65918
xc.xlayout_dut.clk__t2                       0
xc.xlayout_dut.vss__t18            2.35192e-17
xc.xlayout_dut.vss__t14            8.96077e-12
xc.xlayout_dut.mp__t1                     2.97
xc.xlayout_dut.aon__t0                0.698954
xc.xlayout_dut.ltail__t2               1.65918
xc.xlayout_dut.vss__t12            2.79615e-11
xc.xlayout_dut.aon__t1                0.697573
xc.xlayout_dut.vinp__t0                1.69818
xc.xlayout_dut.atail__t1              0.588732
xc.xlayout_dut.vss__t15            3.04301e-11
xc.xlayout_dut.aop__t1                 2.53518
xc.xlayout_dut.vinn__t0                1.60182
xc.xlayout_dut.atail__t2              0.588662
xc.xlayout_dut.vss__t16            2.02716e-08
xc.xlayout_dut.mn__t2                     2.97
xc.xlayout_dut.clk__t0                       0
xc.xlayout_dut.vdd__t0                    2.97
xc.xlayout_dut.vdd__t1                    2.97
xc.xlayout_dut.qn__t1                     2.97
xc.xlayout_dut.clk__t1                       0
xc.xlayout_dut.vdd__t2                    2.97
xc.xlayout_dut.vdd__t3                    2.97
xc.xlayout_dut.sp__t0                3.477e-09
xc.xlayout_dut.qp__t2                     2.97
xc.xlayout_dut.vdd__t4                    2.97
xc.xlayout_dut.vdd__t5                    2.97
xc.xlayout_dut.mp__t0                     2.97
xc.xlayout_dut.clk__t4                       0
xc.xlayout_dut.vdd__t21                   2.97
xc.xlayout_dut.vdd__t20                   2.97
xc.xlayout_dut.qn__t0                     2.97
xc.xlayout_dut.qp__t3                     2.97
xc.xlayout_dut.vdd__t6                    2.97
xc.xlayout_dut.vdd__t7                    2.97
xc.xlayout_dut.qp__t4                     2.97
xc.xlayout_dut.clk__t3                       0
xc.xlayout_dut.vdd__t19                   2.97
xc.xlayout_dut.vdd__t18                   2.97
xc.xlayout_dut.na__t1                     2.97
xc.xlayout_dut.sp__t1              3.33442e-09
xc.xlayout_dut.vdd__t23                   2.97
xc.xlayout_dut.vdd__t8                    2.97
xc.xlayout_dut.dout__t0             3.6253e-09
xc.xlayout_dut.doutb__t2                  2.97
xc.xlayout_dut.na__t0                     2.97
xc.xlayout_dut.vdd__t13                   2.97
xc.xlayout_dut.sn__t0              3.52305e-09
xc.xlayout_dut.qn__t3                     2.97
xc.xlayout_dut.vdd__t17                   2.97
xc.xlayout_dut.vdd__t16                   2.97
xc.xlayout_dut.qp__t5                     2.97
xc.xlayout_dut.qn__t2                     2.97
xc.xlayout_dut.vdd__t15                   2.97
xc.xlayout_dut.vdd__t14                   2.97
xc.xlayout_dut.nb__t1                     2.97
xc.xlayout_dut.sn__t1              3.36799e-09
xc.xlayout_dut.vdd__t22                   2.97
xc.xlayout_dut.vdd__t12                   2.97
xc.xlayout_dut.doutb__t3                  2.97
xc.xlayout_dut.dout__t1            3.52821e-09
xc.xlayout_dut.nb__t0                     2.97
xc.xlayout_dut.vdd__t11                   2.97
xc.xlayout_dut.aon__t2                0.699507
xc.xlayout_dut.x$28.11                0.702055
xc.xlayout_dut.vss__t0                       0
xc.xlayout_dut.x$28.21                 2.96527
xc.xlayout_dut.vdd__t10                2.96782
xc.xlayout_dut.aop__t0                  2.5357
xc.xlayout_dut.x$29.11                 2.53619
xc.xlayout_dut.vss__t1                       0
xc.xlayout_dut.x$29.21                 2.96935
xc.xlayout_dut.vdd__t9                 2.96983
xc.xlayout_dut.aon                    0.698954
xc.xlayout_dut.aop                     2.53558
xc.xlayout_dut.atail                  0.588552
doutc                              3.52821e-09
doutbc                                    2.97
xc.xlayout_dut.ltail                   1.65918
xc.xlayout_dut.mn                         2.97
xc.xlayout_dut.mp                         2.97
xc.xlayout_dut.na                         2.97
xc.xlayout_dut.nb                         2.97
xc.xlayout_dut.qn                         2.97
xc.xlayout_dut.qp                         2.97
xc.xlayout_dut.sn                  3.36799e-09
xc.xlayout_dut.sp                  3.33442e-09
ad                                -2.22045e-15
bd                                 -0.00263801
cd                                    0.096362
bc                                  2.7682e-10
dan                                1.18795e-09
dbn                                1.18795e-09
dcn                                1.18795e-09
bdcn#branch                                  0
bdbn#branch                                  0
bdan#branch                                  0
bbc#branch                                   0
bcd#branch                                   0
bbd#branch                                   0
bad#branch                                   0
ecsn#branch                        2.68736e-19
ecsp#branch                        2.84903e-19
ebsn#branch                        2.77041e-19
ebsp#branch                        2.76598e-19
easn#branch                       -2.26066e-18
easp#branch                       -2.26072e-18
vsc#branch                                   0
vsb#branch                                   0
vsa#branch                                   0
vclk#branch                                  0
vcm#branch                         -3.4141e-18
vsup#branch                       -9.10344e-05

 Reference value :  5.01400e-10
 Reference value :  3.42140e-09
 Reference value :  6.16640e-09
 Reference value :  9.22140e-09
 Reference value :  1.19664e-08
 Reference value :  1.47514e-08
 Reference value :  1.75814e-08
 Reference value :  2.04814e-08
 Reference value :  2.32414e-08
 Reference value :  2.59714e-08
 Reference value :  2.87914e-08
 Reference value :  3.18644e-08
 Reference value :  3.49094e-08
 Reference value :  3.76544e-08
 Reference value :  4.04187e-08
 Reference value :  4.31537e-08
 Reference value :  4.59087e-08
 Reference value :  4.86837e-08
 Reference value :  5.14687e-08
 Reference value :  5.44437e-08
 Reference value :  5.73437e-08
No. of Data Rows : 12049
ad_pos              =  8.24333e-03 at=  4.04737e-08
ad_neg              =  -8.49034e-03 at=  4.01947e-08
ap0                 =  1.64868e+00
apmax               =  1.65692e+00 at=  4.04737e-08
apmin               =  1.64019e+00 at=  4.01947e-08
bd0                 =  -2.63801e-03
bd1                 =  -2.63577e-03
cd0                 =  9.63620e-02
cd1                 =  9.62485e-02
bc0                 =  2.76356e-10
bc1                 =  1.34800e-04
bp0                 =  1.64868e+00
bn0                 =  1.65132e+00
bp1                 =  1.64882e+00
bn1                 =  1.65145e+00
da_end              =  9.99996e-01
db_end              =  9.99996e-01
dc_end              =  9.99996e-01
m_kick_1k_peak_mv = 8.4903400000e+00
m_kick_1k_pos_mv = 8.2433250000e+00
m_kick_1k_neg_mv = -8.490340000e+00
m_kick_1k_raw_mv = 8.4900000000e+00
m_kick_resid_small_nv = 2.2380000000e+03
m_kick_resid_big_nv = -1.135200000e+05
m_kick_sigdep_nv = 1.1575800000e+05
m_kick_cm_nv = 1.3479962364e+05
m_kick_resid_raw_uv = 1.9999999998e+00
m_q_resid_small_ac = 2.2380000000e+00
m_dout_1k_end = 9.9999560000e-01
m_dout_float_small_end = 9.9999560000e-01
m_dout_float_big_end = 9.9999560000e-01
Note: Simulation executed from .control section 

Warning: m=xx on .subckt line will override multiplier m hierarchy!

Note: Starting dynamic gmin stepping
Note: Dynamic gmin stepping completed
