
Note: Compatibility modes selected: hs a


Circuit: * comparator-kickback @ sf_-40c_3.63v -- generated by sim/harness, do not edit

Doing analysis at TEMP = -40.000000 and TNOM = 27.000000

Using SPARSE 1.3 as Direct Linear Solver

Initial Transient Solution
--------------------------

Node                                   Voltage
----                                   -------
vdd                                       3.63
cm                                        1.65
clk                                          0
sa                                 -0.00653842
asp                                    1.64673
asn                                    1.65327
apa                                    1.64673
ana                                    1.65327
ibna                                   1.09489
xa.xlayout_dut.sp__t2              4.63529e-09
xa.xlayout_dut.qp__t6                     3.63
xa.xlayout_dut.vss__t17            4.56193e-11
xa.xlayout_dut.vss__t2              4.4304e-20
xa.xlayout_dut.dout__t3            6.03959e-09
xa.xlayout_dut.sp__t3              4.73703e-09
xa.xlayout_dut.vss__t25            8.08998e-25
xa.xlayout_dut.vss__t3             6.76272e-20
xa.xlayout_dut.dout__t2            5.79102e-09
xa.xlayout_dut.doutb__t0                  3.63
xa.xlayout_dut.vss__t24            7.07348e-11
xa.xlayout_dut.vss__t4             6.90222e-20
xa.xlayout_dut.ibias__t0               1.09362
xa.xlayout_dut.ibias__t1               1.09489
xa.xlayout_dut.vss__t20            0.000254896
xa.xlayout_dut.vss__t8             2.78884e-11
xa.xlayout_dut.sn__t2              4.63521e-09
xa.xlayout_dut.qn__t6                     3.63
xa.xlayout_dut.vss__t23            4.55344e-11
xa.xlayout_dut.vss__t5             4.42199e-20
xa.xlayout_dut.doutb__t1                  3.63
xa.xlayout_dut.sn__t3               4.7895e-09
xa.xlayout_dut.vss__t22            6.78464e-18
xa.xlayout_dut.vss__t6             4.06157e-11
xa.xlayout_dut.doutb__t4                  3.63
xa.xlayout_dut.dout__t4            6.03959e-09
xa.xlayout_dut.vss__t21             7.1356e-18
xa.xlayout_dut.vss__t7             4.27165e-11
xa.xlayout_dut.qn__t4                     3.63
xa.xlayout_dut.qp__t0                     3.63
xa.xlayout_dut.mn__t0                     3.63
xa.xlayout_dut.vss__t9              4.7653e-11
xa.xlayout_dut.mn__t1                     3.63
xa.xlayout_dut.aop__t2                  2.2086
xa.xlayout_dut.ltail__t0               1.50826
xa.xlayout_dut.vss__t11            3.07284e-11
xa.xlayout_dut.atail__t0               0.58001
xa.xlayout_dut.ibias__t2               1.09489
xa.xlayout_dut.vss__t19            0.000498486
xa.xlayout_dut.vss__t13            1.42242e-11
xa.xlayout_dut.qp__t1                     3.63
xa.xlayout_dut.qn__t5                     3.63
xa.xlayout_dut.mp__t2                     3.63
xa.xlayout_dut.vss__t10            4.77387e-11
xa.xlayout_dut.ltail__t1               1.50826
xa.xlayout_dut.clk__t2                       0
xa.xlayout_dut.vss__t18            2.28686e-17
xa.xlayout_dut.vss__t14            8.14568e-12
xa.xlayout_dut.mp__t1                     3.63
xa.xlayout_dut.aon__t0                 2.34682
xa.xlayout_dut.ltail__t2               1.50826
xa.xlayout_dut.vss__t12            3.10457e-11
xa.xlayout_dut.aon__t1                 2.34604
xa.xlayout_dut.vinp__t0                1.64673
xa.xlayout_dut.atail__t1              0.580612
xa.xlayout_dut.vss__t15            1.22223e-08
xa.xlayout_dut.aop__t1                 2.20728
xa.xlayout_dut.vinn__t0                1.65327
xa.xlayout_dut.atail__t2              0.580872
xa.xlayout_dut.vss__t16            3.73054e-09
xa.xlayout_dut.mn__t2                     3.63
xa.xlayout_dut.clk__t0                       0
xa.xlayout_dut.vdd__t0                    3.63
xa.xlayout_dut.vdd__t1                    3.63
xa.xlayout_dut.qn__t1                     3.63
xa.xlayout_dut.clk__t1                       0
xa.xlayout_dut.vdd__t2                    3.63
xa.xlayout_dut.vdd__t3                    3.63
xa.xlayout_dut.sp__t0              4.95991e-09
xa.xlayout_dut.qp__t2                     3.63
xa.xlayout_dut.vdd__t4                    3.63
xa.xlayout_dut.vdd__t5                    3.63
xa.xlayout_dut.mp__t0                     3.63
xa.xlayout_dut.clk__t4                       0
xa.xlayout_dut.vdd__t21                   3.63
xa.xlayout_dut.vdd__t20                   3.63
xa.xlayout_dut.qn__t0                     3.63
xa.xlayout_dut.qp__t3                     3.63
xa.xlayout_dut.vdd__t6                    3.63
xa.xlayout_dut.vdd__t7                    3.63
xa.xlayout_dut.qp__t4                     3.63
xa.xlayout_dut.clk__t3                       0
xa.xlayout_dut.vdd__t19                   3.63
xa.xlayout_dut.vdd__t18                   3.63
xa.xlayout_dut.na__t1                     3.63
xa.xlayout_dut.sp__t1              4.73703e-09
xa.xlayout_dut.vdd__t23                   3.63
xa.xlayout_dut.vdd__t8                    3.63
xa.xlayout_dut.dout__t0             6.2221e-09
xa.xlayout_dut.doutb__t2                  3.63
xa.xlayout_dut.na__t0                     3.63
xa.xlayout_dut.vdd__t13                   3.63
xa.xlayout_dut.sn__t0               5.0319e-09
xa.xlayout_dut.qn__t3                     3.63
xa.xlayout_dut.vdd__t17                   3.63
xa.xlayout_dut.vdd__t16                   3.63
xa.xlayout_dut.qp__t5                     3.63
xa.xlayout_dut.qn__t2                     3.63
xa.xlayout_dut.vdd__t15                   3.63
xa.xlayout_dut.vdd__t14                   3.63
xa.xlayout_dut.nb__t1                     3.63
xa.xlayout_dut.sn__t1               4.7895e-09
xa.xlayout_dut.vdd__t22                   3.63
xa.xlayout_dut.vdd__t12                   3.63
xa.xlayout_dut.doutb__t3                  3.63
xa.xlayout_dut.dout__t1            6.03959e-09
xa.xlayout_dut.nb__t0                     3.63
xa.xlayout_dut.vdd__t11                   3.63
xa.xlayout_dut.aon__t2                 2.34713
xa.xlayout_dut.x$28.11                 2.34857
xa.xlayout_dut.vss__t0                       0
xa.xlayout_dut.x$28.21                 3.62733
xa.xlayout_dut.vdd__t10                3.62877
xa.xlayout_dut.aop__t0                 2.20897
xa.xlayout_dut.x$29.11                 2.21057
xa.xlayout_dut.vss__t1                       0
xa.xlayout_dut.x$29.21                 3.62786
xa.xlayout_dut.vdd__t9                 3.62946
xa.xlayout_dut.aon                     2.34682
vsubs                                        0
xa.xlayout_dut.aop                      2.2086
xa.xlayout_dut.atail                  0.580511
douta                              6.03959e-09
doutba                                    3.63
xa.xlayout_dut.ltail                   1.50826
xa.xlayout_dut.mn                         3.63
xa.xlayout_dut.mp                         3.63
xa.xlayout_dut.na                         3.63
xa.xlayout_dut.nb                         3.63
xa.xlayout_dut.qn                         3.63
xa.xlayout_dut.qp                         3.63
xa.xlayout_dut.sn                   4.7895e-09
xa.xlayout_dut.sp                  4.73703e-09
sb                                 -0.00653842
bsp                                    1.64673
bsn                                    1.65327
bpp                                    1.64673
bpn                                    1.65327
ibnb                                   1.09489
xb.xlayout_dut.sp__t2              4.63529e-09
xb.xlayout_dut.qp__t6                     3.63
xb.xlayout_dut.vss__t17            4.56193e-11
xb.xlayout_dut.vss__t2              4.4304e-20
xb.xlayout_dut.dout__t3            6.03959e-09
xb.xlayout_dut.sp__t3              4.73703e-09
xb.xlayout_dut.vss__t25            8.08998e-25
xb.xlayout_dut.vss__t3             6.76272e-20
xb.xlayout_dut.dout__t2            5.79102e-09
xb.xlayout_dut.doutb__t0                  3.63
xb.xlayout_dut.vss__t24            7.07348e-11
xb.xlayout_dut.vss__t4             6.90222e-20
xb.xlayout_dut.ibias__t0               1.09362
xb.xlayout_dut.ibias__t1               1.09489
xb.xlayout_dut.vss__t20            0.000254896
xb.xlayout_dut.vss__t8             2.78884e-11
xb.xlayout_dut.sn__t2              4.63521e-09
xb.xlayout_dut.qn__t6                     3.63
xb.xlayout_dut.vss__t23            4.55344e-11
xb.xlayout_dut.vss__t5             4.42199e-20
xb.xlayout_dut.doutb__t1                  3.63
xb.xlayout_dut.sn__t3               4.7895e-09
xb.xlayout_dut.vss__t22            6.78464e-18
xb.xlayout_dut.vss__t6             4.06157e-11
xb.xlayout_dut.doutb__t4                  3.63
xb.xlayout_dut.dout__t4            6.03959e-09
xb.xlayout_dut.vss__t21             7.1356e-18
xb.xlayout_dut.vss__t7             4.27165e-11
xb.xlayout_dut.qn__t4                     3.63
xb.xlayout_dut.qp__t0                     3.63
xb.xlayout_dut.mn__t0                     3.63
xb.xlayout_dut.vss__t9              4.7653e-11
xb.xlayout_dut.mn__t1                     3.63
xb.xlayout_dut.aop__t2                  2.2086
xb.xlayout_dut.ltail__t0               1.50826
xb.xlayout_dut.vss__t11            3.07284e-11
xb.xlayout_dut.atail__t0               0.58001
xb.xlayout_dut.ibias__t2               1.09489
xb.xlayout_dut.vss__t19            0.000498486
xb.xlayout_dut.vss__t13            1.42242e-11
xb.xlayout_dut.qp__t1                     3.63
xb.xlayout_dut.qn__t5                     3.63
xb.xlayout_dut.mp__t2                     3.63
xb.xlayout_dut.vss__t10            4.77387e-11
xb.xlayout_dut.ltail__t1               1.50826
xb.xlayout_dut.clk__t2                       0
xb.xlayout_dut.vss__t18            2.28686e-17
xb.xlayout_dut.vss__t14            8.14568e-12
xb.xlayout_dut.mp__t1                     3.63
xb.xlayout_dut.aon__t0                 2.34682
xb.xlayout_dut.ltail__t2               1.50826
xb.xlayout_dut.vss__t12            3.10457e-11
xb.xlayout_dut.aon__t1                 2.34604
xb.xlayout_dut.vinp__t0                1.64673
xb.xlayout_dut.atail__t1              0.580612
xb.xlayout_dut.vss__t15            1.22223e-08
xb.xlayout_dut.aop__t1                 2.20728
xb.xlayout_dut.vinn__t0                1.65327
xb.xlayout_dut.atail__t2              0.580872
xb.xlayout_dut.vss__t16            3.73054e-09
xb.xlayout_dut.mn__t2                     3.63
xb.xlayout_dut.clk__t0                       0
xb.xlayout_dut.vdd__t0                    3.63
xb.xlayout_dut.vdd__t1                    3.63
xb.xlayout_dut.qn__t1                     3.63
xb.xlayout_dut.clk__t1                       0
xb.xlayout_dut.vdd__t2                    3.63
xb.xlayout_dut.vdd__t3                    3.63
xb.xlayout_dut.sp__t0              4.95991e-09
xb.xlayout_dut.qp__t2                     3.63
xb.xlayout_dut.vdd__t4                    3.63
xb.xlayout_dut.vdd__t5                    3.63
xb.xlayout_dut.mp__t0                     3.63
xb.xlayout_dut.clk__t4                       0
xb.xlayout_dut.vdd__t21                   3.63
xb.xlayout_dut.vdd__t20                   3.63
xb.xlayout_dut.qn__t0                     3.63
xb.xlayout_dut.qp__t3                     3.63
xb.xlayout_dut.vdd__t6                    3.63
xb.xlayout_dut.vdd__t7                    3.63
xb.xlayout_dut.qp__t4                     3.63
xb.xlayout_dut.clk__t3                       0
xb.xlayout_dut.vdd__t19                   3.63
xb.xlayout_dut.vdd__t18                   3.63
xb.xlayout_dut.na__t1                     3.63
xb.xlayout_dut.sp__t1              4.73703e-09
xb.xlayout_dut.vdd__t23                   3.63
xb.xlayout_dut.vdd__t8                    3.63
xb.xlayout_dut.dout__t0             6.2221e-09
xb.xlayout_dut.doutb__t2                  3.63
xb.xlayout_dut.na__t0                     3.63
xb.xlayout_dut.vdd__t13                   3.63
xb.xlayout_dut.sn__t0               5.0319e-09
xb.xlayout_dut.qn__t3                     3.63
xb.xlayout_dut.vdd__t17                   3.63
xb.xlayout_dut.vdd__t16                   3.63
xb.xlayout_dut.qp__t5                     3.63
xb.xlayout_dut.qn__t2                     3.63
xb.xlayout_dut.vdd__t15                   3.63
xb.xlayout_dut.vdd__t14                   3.63
xb.xlayout_dut.nb__t1                     3.63
xb.xlayout_dut.sn__t1               4.7895e-09
xb.xlayout_dut.vdd__t22                   3.63
xb.xlayout_dut.vdd__t12                   3.63
xb.xlayout_dut.doutb__t3                  3.63
xb.xlayout_dut.dout__t1            6.03959e-09
xb.xlayout_dut.nb__t0                     3.63
xb.xlayout_dut.vdd__t11                   3.63
xb.xlayout_dut.aon__t2                 2.34713
xb.xlayout_dut.x$28.11                 2.34857
xb.xlayout_dut.vss__t0                       0
xb.xlayout_dut.x$28.21                 3.62733
xb.xlayout_dut.vdd__t10                3.62877
xb.xlayout_dut.aop__t0                 2.20897
xb.xlayout_dut.x$29.11                 2.21057
xb.xlayout_dut.vss__t1                       0
xb.xlayout_dut.x$29.21                 3.62786
xb.xlayout_dut.vdd__t9                 3.62946
xb.xlayout_dut.aon                     2.34682
xb.xlayout_dut.aop                      2.2086
xb.xlayout_dut.atail                  0.580511
doutb                              6.03959e-09
doutbb                                    3.63
xb.xlayout_dut.ltail                   1.50826
xb.xlayout_dut.mn                         3.63
xb.xlayout_dut.mp                         3.63
xb.xlayout_dut.na                         3.63
xb.xlayout_dut.nb                         3.63
xb.xlayout_dut.qn                         3.63
xb.xlayout_dut.qp                         3.63
xb.xlayout_dut.sn                   4.7895e-09
xb.xlayout_dut.sp                  4.73703e-09
sc                                   0.0924616
csp                                    1.69623
csn                                    1.60377
cpp                                    1.69623
cpn                                    1.60377
ibnc                                   1.09489
xc.xlayout_dut.sp__t2              4.63529e-09
xc.xlayout_dut.qp__t6                     3.63
xc.xlayout_dut.vss__t17            4.56193e-11
xc.xlayout_dut.vss__t2              4.4304e-20
xc.xlayout_dut.dout__t3                   3.63
xc.xlayout_dut.sp__t3              4.73703e-09
xc.xlayout_dut.vss__t25            6.79367e-18
xc.xlayout_dut.vss__t3             4.06697e-11
xc.xlayout_dut.dout__t2                   3.63
xc.xlayout_dut.doutb__t0           6.01698e-09
xc.xlayout_dut.vss__t24             7.1442e-18
xc.xlayout_dut.vss__t4              4.2768e-11
xc.xlayout_dut.ibias__t0               1.09362
xc.xlayout_dut.ibias__t1               1.09489
xc.xlayout_dut.vss__t20            0.000254896
xc.xlayout_dut.vss__t8             2.78884e-11
xc.xlayout_dut.sn__t2              4.63521e-09
xc.xlayout_dut.qn__t6                     3.63
xc.xlayout_dut.vss__t23            4.55344e-11
xc.xlayout_dut.vss__t5             4.42199e-20
xc.xlayout_dut.doutb__t1           6.01698e-09
xc.xlayout_dut.sn__t3               4.7895e-09
xc.xlayout_dut.vss__t22            8.04899e-25
xc.xlayout_dut.vss__t6             6.72845e-20
xc.xlayout_dut.doutb__t4           5.79093e-09
xc.xlayout_dut.dout__t4                   3.63
xc.xlayout_dut.vss__t21            7.06498e-11
xc.xlayout_dut.vss__t7             6.89372e-20
xc.xlayout_dut.qn__t4                     3.63
xc.xlayout_dut.qp__t0                     3.63
xc.xlayout_dut.mn__t0                     3.63
xc.xlayout_dut.vss__t9              4.7653e-11
xc.xlayout_dut.mn__t1                     3.63
xc.xlayout_dut.aop__t2                  3.1836
xc.xlayout_dut.ltail__t0               2.19766
xc.xlayout_dut.vss__t11            3.48513e-11
xc.xlayout_dut.atail__t0              0.589679
xc.xlayout_dut.ibias__t2               1.09489
xc.xlayout_dut.vss__t19            0.000498554
xc.xlayout_dut.vss__t13            1.44611e-11
xc.xlayout_dut.qp__t1                     3.63
xc.xlayout_dut.qn__t5                     3.63
xc.xlayout_dut.mp__t2                     3.63
xc.xlayout_dut.vss__t10            4.77387e-11
xc.xlayout_dut.ltail__t1               2.19766
xc.xlayout_dut.clk__t2                       0
xc.xlayout_dut.vss__t18            2.58851e-17
xc.xlayout_dut.vss__t14             1.1869e-11
xc.xlayout_dut.mp__t1                     3.63
xc.xlayout_dut.aon__t0                 1.36785
xc.xlayout_dut.ltail__t2               2.19766
xc.xlayout_dut.vss__t12            3.52007e-11
xc.xlayout_dut.aon__t1                 1.36647
xc.xlayout_dut.vinp__t0                1.69623
xc.xlayout_dut.atail__t1               0.59036
xc.xlayout_dut.vss__t15            4.62928e-11
xc.xlayout_dut.aop__t1                 3.18318
xc.xlayout_dut.vinn__t0                1.60377
xc.xlayout_dut.atail__t2              0.590293
xc.xlayout_dut.vss__t16            5.70503e-07
xc.xlayout_dut.mn__t2                     3.63
xc.xlayout_dut.clk__t0                       0
xc.xlayout_dut.vdd__t0                    3.63
xc.xlayout_dut.vdd__t1                    3.63
xc.xlayout_dut.qn__t1                     3.63
xc.xlayout_dut.clk__t1                       0
xc.xlayout_dut.vdd__t2                    3.63
xc.xlayout_dut.vdd__t3                    3.63
xc.xlayout_dut.sp__t0              4.95991e-09
xc.xlayout_dut.qp__t2                     3.63
xc.xlayout_dut.vdd__t4                    3.63
xc.xlayout_dut.vdd__t5                    3.63
xc.xlayout_dut.mp__t0                     3.63
xc.xlayout_dut.clk__t4                       0
xc.xlayout_dut.vdd__t21                   3.63
xc.xlayout_dut.vdd__t20                   3.63
xc.xlayout_dut.qn__t0                     3.63
xc.xlayout_dut.qp__t3                     3.63
xc.xlayout_dut.vdd__t6                    3.63
xc.xlayout_dut.vdd__t7                    3.63
xc.xlayout_dut.qp__t4                     3.63
xc.xlayout_dut.clk__t3                       0
xc.xlayout_dut.vdd__t19                   3.63
xc.xlayout_dut.vdd__t18                   3.63
xc.xlayout_dut.na__t1                     3.63
xc.xlayout_dut.sp__t1              4.73703e-09
xc.xlayout_dut.vdd__t23                   3.63
xc.xlayout_dut.vdd__t8                    3.63
xc.xlayout_dut.dout__t0                   3.63
xc.xlayout_dut.doutb__t2           6.01698e-09
xc.xlayout_dut.na__t0                     3.63
xc.xlayout_dut.vdd__t13                   3.63
xc.xlayout_dut.sn__t0               5.0319e-09
xc.xlayout_dut.qn__t3                     3.63
xc.xlayout_dut.vdd__t17                   3.63
xc.xlayout_dut.vdd__t16                   3.63
xc.xlayout_dut.qp__t5                     3.63
xc.xlayout_dut.qn__t2                     3.63
xc.xlayout_dut.vdd__t15                   3.63
xc.xlayout_dut.vdd__t14                   3.63
xc.xlayout_dut.nb__t1                     3.63
xc.xlayout_dut.sn__t1               4.7895e-09
xc.xlayout_dut.vdd__t22                   3.63
xc.xlayout_dut.vdd__t12                   3.63
xc.xlayout_dut.doutb__t3           6.50898e-09
xc.xlayout_dut.dout__t1                   3.63
xc.xlayout_dut.nb__t0                     3.63
xc.xlayout_dut.vdd__t11                   3.63
xc.xlayout_dut.aon__t2                  1.3684
xc.xlayout_dut.x$28.11                 1.37094
xc.xlayout_dut.vss__t0                       0
xc.xlayout_dut.x$28.21                 3.62529
xc.xlayout_dut.vdd__t10                3.62782
xc.xlayout_dut.aop__t0                 3.18372
xc.xlayout_dut.x$29.11                 3.18422
xc.xlayout_dut.vss__t1                       0
xc.xlayout_dut.x$29.21                 3.62933
xc.xlayout_dut.vdd__t9                 3.62983
xc.xlayout_dut.aon                     1.36785
xc.xlayout_dut.aop                      3.1836
xc.xlayout_dut.atail                  0.590181
doutc                                     3.63
doutbc                             6.01698e-09
xc.xlayout_dut.ltail                   2.19766
xc.xlayout_dut.mn                         3.63
xc.xlayout_dut.mp                         3.63
xc.xlayout_dut.na                         3.63
xc.xlayout_dut.nb                         3.63
xc.xlayout_dut.qn                         3.63
xc.xlayout_dut.qp                         3.63
xc.xlayout_dut.sn                   4.7895e-09
xc.xlayout_dut.sp                  4.73703e-09
ad                                 -1.9984e-15
bd                                 -0.00653842
cd                                   0.0924616
bc                                  2.7682e-10
dan                                 1.6638e-09
dbn                                 1.6638e-09
dcn                                          1
bdcn#branch                                  0
bdbn#branch                                  0
bdan#branch                                  0
bbc#branch                                   0
bcd#branch                                   0
bbd#branch                                   0
bad#branch                                   0
ecsn#branch                        2.69064e-19
ecsp#branch                        2.84576e-19
ebsn#branch                        2.77368e-19
ebsp#branch                        2.76271e-19
easn#branch                       -2.01603e-18
easp#branch                       -2.06127e-18
vsc#branch                                   0
vsb#branch                                   0
vsa#branch                                   0
vclk#branch                                  0
vcm#branch                        -2.97002e-18
vsup#branch                       -9.10596e-05

 Reference value :  1.18140e-09
 Reference value :  3.89640e-09
 Reference value :  6.95140e-09
 Reference value :  9.90140e-09
 Reference value :  1.29414e-08
 Reference value :  1.57114e-08
 Reference value :  1.88214e-08
 Reference value :  2.15914e-08
 Reference value :  2.43664e-08
 Reference value :  2.72714e-08
 Reference value :  3.01002e-08
 Reference value :  3.27052e-08
 Reference value :  3.55802e-08
 Reference value :  3.84602e-08
 Reference value :  4.10825e-08
 Reference value :  4.39625e-08
 Reference value :  4.67575e-08
 Reference value :  4.95425e-08
 Reference value :  5.22875e-08
 Reference value :  5.51325e-08
 Reference value :  5.79825e-08
No. of Data Rows : 12056
ad_pos              =  1.22352e-02 at=  4.04325e-08
ad_neg              =  -1.16001e-02 at=  3.02921e-08
ap0                 =  1.64673e+00
apmax               =  1.65897e+00 at=  4.04325e-08
apmin               =  1.63513e+00 at=  3.02921e-08
bd0                 =  -6.53842e-03
bd1                 =  -6.53485e-03
cd0                 =  9.24616e-02
cd1                 =  9.23469e-02
bc0                 =  2.76658e-10
bc1                 =  2.04276e-04
bp0                 =  1.64673e+00
bn0                 =  1.65327e+00
bp1                 =  1.64694e+00
bn1                 =  1.65347e+00
da_end              =  9.99994e-01
db_end              =  9.99994e-01
dc_end              =  9.99994e-01
m_kick_1k_peak_mv = 1.2235180000e+01
m_kick_1k_pos_mv = 1.2235180000e+01
m_kick_1k_neg_mv = -1.160009000e+01
m_kick_1k_raw_mv = 1.2235000000e+01
m_kick_resid_small_nv = 3.5690000000e+03
m_kick_resid_big_nv = -1.147100000e+05
m_kick_sigdep_nv = 1.1827900000e+05
m_kick_cm_nv = 2.0427562334e+05
m_kick_resid_raw_uv = 2.9999999998e+00
m_q_resid_small_ac = 3.5690000000e+00
m_dout_1k_end = 9.9999400000e-01
m_dout_float_small_end = 9.9999400000e-01
m_dout_float_big_end = 9.9999400000e-01
Note: Simulation executed from .control section 

Warning: m=xx on .subckt line will override multiplier m hierarchy!

