
Note: Compatibility modes selected: hs a


Circuit: * comparator-kickback-vosprobe @ sf_125c_2.97v -- generated by sim/harness, do not edit

Doing analysis at TEMP = 125.000000 and TNOM = 27.000000

Using SPARSE 1.3 as Direct Linear Solver

Initial Transient Solution
--------------------------

Node                                   Voltage
----                                   -------
vdd                                       2.97
cm                                        1.65
clk                                          0
rmp                                      -0.04
vp                                        1.63
vn                                        1.67
ibn                                     1.0774
xdut.xlayout_dut.sp__t2            3.24486e-08
xdut.xlayout_dut.qp__t6                   2.97
xdut.xlayout_dut.vss__t17          1.71702e-10
xdut.xlayout_dut.vss__t2           2.39978e-18
xdut.xlayout_dut.dout__t3              1.57884
xdut.xlayout_dut.sp__t3            3.28315e-08
xdut.xlayout_dut.vss__t25          2.34874e-11
xdut.xlayout_dut.vss__t3           2.03068e-11
xdut.xlayout_dut.dout__t2              1.57406
xdut.xlayout_dut.doutb__t0             1.58106
xdut.xlayout_dut.vss__t24           0.00136045
xdut.xlayout_dut.vss__t4             2.153e-11
xdut.xlayout_dut.ibias__t0             1.07612
xdut.xlayout_dut.ibias__t1              1.0774
xdut.xlayout_dut.vss__t20          0.000254896
xdut.xlayout_dut.vss__t8           4.02788e-11
xdut.xlayout_dut.sn__t2            3.24483e-08
xdut.xlayout_dut.qn__t6                   2.97
xdut.xlayout_dut.vss__t23          1.71382e-10
xdut.xlayout_dut.vss__t5           2.39527e-18
xdut.xlayout_dut.doutb__t1             1.58106
xdut.xlayout_dut.sn__t3             3.3029e-08
xdut.xlayout_dut.vss__t22          2.34627e-11
xdut.xlayout_dut.vss__t6           2.03047e-11
xdut.xlayout_dut.doutb__t4             1.57673
xdut.xlayout_dut.dout__t4              1.57884
xdut.xlayout_dut.vss__t21            0.0013537
xdut.xlayout_dut.vss__t7           2.15483e-11
xdut.xlayout_dut.qn__t4                   2.97
xdut.xlayout_dut.qp__t0                   2.97
xdut.xlayout_dut.mn__t0                   2.97
xdut.xlayout_dut.vss__t9           4.67164e-11
xdut.xlayout_dut.mn__t1                   2.97
xdut.xlayout_dut.aop__t2               1.54313
xdut.xlayout_dut.ltail__t0             1.54866
xdut.xlayout_dut.vss__t11          3.61806e-11
xdut.xlayout_dut.atail__t0            0.684821
xdut.xlayout_dut.ibias__t2              1.0774
xdut.xlayout_dut.vss__t19          0.000492734
xdut.xlayout_dut.vss__t13          4.02156e-11
xdut.xlayout_dut.qp__t1                   2.97
xdut.xlayout_dut.qn__t5                   2.97
xdut.xlayout_dut.mp__t2                   2.97
xdut.xlayout_dut.vss__t10          4.68005e-11
xdut.xlayout_dut.ltail__t1             1.54866
xdut.xlayout_dut.clk__t2                     0
xdut.xlayout_dut.vss__t18          8.47706e-11
xdut.xlayout_dut.vss__t14          1.63227e-11
xdut.xlayout_dut.mp__t1                   2.97
xdut.xlayout_dut.aon__t0               2.07671
xdut.xlayout_dut.ltail__t2             1.54866
xdut.xlayout_dut.vss__t12          3.65434e-11
xdut.xlayout_dut.aon__t1               2.07608
xdut.xlayout_dut.vinp__t0                 1.63
xdut.xlayout_dut.atail__t1            0.685398
xdut.xlayout_dut.vss__t15          2.82861e-10
xdut.xlayout_dut.aop__t1                1.5416
xdut.xlayout_dut.vinn__t0                 1.67
xdut.xlayout_dut.atail__t2            0.685734
xdut.xlayout_dut.vss__t16          1.84408e-10
xdut.xlayout_dut.mn__t2                   2.97
xdut.xlayout_dut.clk__t0                     0
xdut.xlayout_dut.vdd__t0                  2.97
xdut.xlayout_dut.vdd__t1                  2.97
xdut.xlayout_dut.qn__t1                   2.97
xdut.xlayout_dut.clk__t1                     0
xdut.xlayout_dut.vdd__t2                  2.97
xdut.xlayout_dut.vdd__t3                  2.97
xdut.xlayout_dut.sp__t0            3.36704e-08
xdut.xlayout_dut.qp__t2                   2.97
xdut.xlayout_dut.vdd__t4                  2.97
xdut.xlayout_dut.vdd__t5                  2.97
xdut.xlayout_dut.mp__t0                   2.97
xdut.xlayout_dut.clk__t4                     0
xdut.xlayout_dut.vdd__t21                 2.97
xdut.xlayout_dut.vdd__t20                 2.97
xdut.xlayout_dut.qn__t0                   2.97
xdut.xlayout_dut.qp__t3                   2.97
xdut.xlayout_dut.vdd__t6                  2.97
xdut.xlayout_dut.vdd__t7                  2.97
xdut.xlayout_dut.qp__t4                   2.97
xdut.xlayout_dut.clk__t3                     0
xdut.xlayout_dut.vdd__t19                 2.97
xdut.xlayout_dut.vdd__t18                 2.97
xdut.xlayout_dut.na__t1                2.85808
xdut.xlayout_dut.sp__t1            3.28315e-08
xdut.xlayout_dut.vdd__t23              2.96816
xdut.xlayout_dut.vdd__t8                  2.97
xdut.xlayout_dut.dout__t0              1.58235
xdut.xlayout_dut.doutb__t2             1.58106
xdut.xlayout_dut.na__t0                2.85637
xdut.xlayout_dut.vdd__t13                 2.97
xdut.xlayout_dut.sn__t0            3.39413e-08
xdut.xlayout_dut.qn__t3                   2.97
xdut.xlayout_dut.vdd__t17                 2.97
xdut.xlayout_dut.vdd__t16                 2.97
xdut.xlayout_dut.qp__t5                   2.97
xdut.xlayout_dut.qn__t2                   2.97
xdut.xlayout_dut.vdd__t15                 2.97
xdut.xlayout_dut.vdd__t14                 2.97
xdut.xlayout_dut.nb__t1                2.85835
xdut.xlayout_dut.sn__t1             3.3029e-08
xdut.xlayout_dut.vdd__t22              2.96801
xdut.xlayout_dut.vdd__t12                 2.97
xdut.xlayout_dut.doutb__t3             1.59049
xdut.xlayout_dut.dout__t1              1.57884
xdut.xlayout_dut.nb__t0                2.85395
xdut.xlayout_dut.vdd__t11                 2.97
xdut.xlayout_dut.aon__t2               2.07696
xdut.xlayout_dut.x$28.11               2.07739
xdut.xlayout_dut.vss__t0                     0
xdut.xlayout_dut.x$28.21               2.96858
xdut.xlayout_dut.vdd__t10              2.96901
xdut.xlayout_dut.aop__t0               1.54356
xdut.xlayout_dut.x$29.11               1.54425
xdut.xlayout_dut.vss__t1                     0
xdut.xlayout_dut.x$29.21               2.96868
xdut.xlayout_dut.vdd__t9               2.96937
xdut.xlayout_dut.aon                   2.07671
vsubs                                        0
xdut.xlayout_dut.aop                   1.54313
xdut.xlayout_dut.atail                0.685316
dout                                   1.57884
doutb                                  1.58106
xdut.xlayout_dut.ltail                 1.54866
xdut.xlayout_dut.mn                       2.97
xdut.xlayout_dut.mp                       2.97
xdut.xlayout_dut.na                    2.85723
xdut.xlayout_dut.nb                    2.85615
xdut.xlayout_dut.qn                       2.97
xdut.xlayout_dut.qp                       2.97
xdut.xlayout_dut.sn                 3.3029e-08
xdut.xlayout_dut.sp                3.28315e-08
dn                                    0.531596
bdn#branch                                   0
bnn#branch                         1.17161e-18
bpp#branch                          3.4199e-19
vrmp#branch                                  0
vclk#branch                                  0
vcm#branch                                   0
vsup#branch                       -0.000260748

 Reference value :  9.25118e-08
 Reference value :  2.70329e-07
 Reference value :  4.50338e-07
 Reference value :  6.30053e-07
 Reference value :  8.10093e-07
 Reference value :  9.71263e-07
 Reference value :  1.15113e-06
 Reference value :  1.33090e-06
 Reference value :  1.51089e-06
 Reference value :  1.69071e-06
 Reference value :  1.86068e-06
 Reference value :  2.05181e-06
 Reference value :  2.23137e-06
 Reference value :  2.41279e-06
 Reference value :  2.59127e-06
 Reference value :  2.77015e-06
 Reference value :  2.94782e-06
 Reference value :  3.18144e-06
 Reference value :  3.36064e-06
 Reference value :  3.55010e-06
 Reference value :  3.72069e-06
 Reference value :  3.90071e-06
 Reference value :  4.08016e-06
 Reference value :  4.26038e-06
 Reference value :  4.44021e-06
 Reference value :  4.62061e-06
 Reference value :  4.80021e-06
 Reference value :  4.99020e-06
 Reference value :  5.17017e-06
 Reference value :  5.34197e-06
 Reference value :  5.53010e-06
 Reference value :  5.71019e-06
 Reference value :  5.88109e-06
 Reference value :  6.06064e-06
 Reference value :  6.24000e-06
 Reference value :  6.40021e-06
 Reference value :  6.58010e-06
 Reference value :  6.75161e-06
 Reference value :  6.93029e-06
 Reference value :  7.11033e-06
 Reference value :  7.29014e-06
 Reference value :  7.47000e-06
 Reference value :  7.65000e-06
 Reference value :  7.81735e-06
 Reference value :  8.01010e-06
 Reference value :  8.17091e-06
 Reference value :  8.35020e-06
 Reference value :  8.53018e-06
 Reference value :  8.70315e-06
 Reference value :  8.89012e-06
 Reference value :  9.07020e-06
 Reference value :  9.24187e-06
 Reference value :  9.42027e-06
 Reference value :  9.58189e-06
 Reference value :  9.76122e-06
 Reference value :  9.96010e-06
 Reference value :  1.01213e-05
 Reference value :  1.03009e-05
 Reference value :  1.04701e-05
 Reference value :  1.06309e-05
 Reference value :  1.08101e-05
 Reference value :  1.09820e-05
 Reference value :  1.12313e-05
 Reference value :  1.14017e-05
 Reference value :  1.15828e-05
 Reference value :  1.17601e-05
 Reference value :  1.19213e-05
 Reference value :  1.20930e-05
 Reference value :  1.22701e-05
 Reference value :  1.24503e-05
 Reference value :  1.26300e-05
 Reference value :  1.27922e-05
 Reference value :  1.29708e-05
 Reference value :  1.31501e-05
 Reference value :  1.33311e-05
 Reference value :  1.35108e-05
 Reference value :  1.36902e-05
 Reference value :  1.38702e-05
 Reference value :  1.40409e-05
 Reference value :  1.42501e-05
 Reference value :  1.44305e-05
 Reference value :  1.46102e-05
 Reference value :  1.47900e-05
 Reference value :  1.49701e-05
 Reference value :  1.51502e-05
 Reference value :  1.53308e-05
 Reference value :  1.55100e-05
 Reference value :  1.56901e-05
 Reference value :  1.58513e-05
 Reference value :  1.60302e-05
 Reference value :  1.62102e-05
 Reference value :  1.63907e-05
 Reference value :  1.65710e-05
 Reference value :  1.67506e-05
 Reference value :  1.69302e-05
 Reference value :  1.71101e-05
 Reference value :  1.72803e-05
 Reference value :  1.74481e-05
 Reference value :  1.76401e-05
 Reference value :  1.78013e-05
 Reference value :  1.79812e-05
 Reference value :  1.81801e-05
 Reference value :  1.83609e-05
 Reference value :  1.85402e-05
 Reference value :  1.87211e-05
 Reference value :  1.89023e-05
 Reference value :  1.90804e-05
 Reference value :  1.92607e-05
 Reference value :  1.94407e-05
 Reference value :  1.96203e-05
 Reference value :  1.97921e-05
 Reference value :  1.99803e-05
 Reference value :  2.02207e-05
 Reference value :  2.04000e-05
 Reference value :  2.05801e-05
 Reference value :  2.07410e-05
 Reference value :  2.08902e-05
 Reference value :  2.10614e-05
 Reference value :  2.12407e-05
 Reference value :  2.14213e-05
 Reference value :  2.16002e-05
 Reference value :  2.17807e-05
 Reference value :  2.19706e-05
 Reference value :  2.21509e-05
 Reference value :  2.23506e-05
 Reference value :  2.25333e-05
 Reference value :  2.27127e-05
 Reference value :  2.28923e-05
 Reference value :  2.30708e-05
 Reference value :  2.32603e-05
 Reference value :  2.35001e-05
 Reference value :  2.37408e-05
 Reference value :  2.39703e-05
 Reference value :  2.41801e-05
 Reference value :  2.43600e-05
 Reference value :  2.45213e-05
 Reference value :  2.47012e-05
 Reference value :  2.48810e-05
 Reference value :  2.50810e-05
 Reference value :  2.52609e-05
 Reference value :  2.54403e-05
 Reference value :  2.56215e-05
 Reference value :  2.58009e-05
 Reference value :  2.60100e-05
 Reference value :  2.61738e-05
 Reference value :  2.63613e-05
 Reference value :  2.65501e-05
 Reference value :  2.67119e-05
 Reference value :  2.68912e-05
 Reference value :  2.70712e-05
 Reference value :  2.72513e-05
 Reference value :  2.74501e-05
 Reference value :  2.76401e-05
 Reference value :  2.78401e-05
 Reference value :  2.80312e-05
 Reference value :  2.82321e-05
 Reference value :  2.84104e-05
 Reference value :  2.86002e-05
 Reference value :  2.87713e-05
 Reference value :  2.89501e-05
 Reference value :  2.91301e-05
 Reference value :  2.93109e-05
 Reference value :  2.95501e-05
 Reference value :  2.97113e-05
 Reference value :  2.99116e-05
 Reference value :  3.01001e-05
 Reference value :  3.02802e-05
 Reference value :  3.04601e-05
 Reference value :  3.06316e-05
 Reference value :  3.08133e-05
 Reference value :  3.10002e-05
 Reference value :  3.11725e-05
 Reference value :  3.13550e-05
 Reference value :  3.15114e-05
 Reference value :  3.17067e-05
 Reference value :  3.18701e-05
 Reference value :  3.20510e-05
 Reference value :  3.22307e-05
 Reference value :  3.24402e-05
 Reference value :  3.26221e-05
 Reference value :  3.28203e-05
 Reference value :  3.30001e-05
 Reference value :  3.31801e-05
 Reference value :  3.33605e-05
 Reference value :  3.35404e-05
 Reference value :  3.37202e-05
 Reference value :  3.39111e-05
 Reference value :  3.40916e-05
 Reference value :  3.42900e-05
 Reference value :  3.44701e-05
 Reference value :  3.46501e-05
 Reference value :  3.48401e-05
 Reference value :  3.50111e-05
 Reference value :  3.51962e-05
 Reference value :  3.53738e-05
 Reference value :  3.55509e-05
 Reference value :  3.57301e-05
 Reference value :  3.59201e-05
 Reference value :  3.61002e-05
 Reference value :  3.63010e-05
 Reference value :  3.64818e-05
 Reference value :  3.66801e-05
 Reference value :  3.68701e-05
 Reference value :  3.70502e-05
 Reference value :  3.72311e-05
 Reference value :  3.74149e-05
 Reference value :  3.75903e-05
 Reference value :  3.77700e-05
 Reference value :  3.79507e-05
 Reference value :  3.81913e-05
 Reference value :  3.83702e-05
 Reference value :  3.85519e-05
 Reference value :  3.87303e-05
 Reference value :  3.89067e-05
 Reference value :  3.90702e-05
 Reference value :  3.92510e-05
 Reference value :  3.94306e-05
 Reference value :  3.96101e-05
 Reference value :  3.97912e-05
 Reference value :  3.99702e-05
 Reference value :  4.01407e-05
 Reference value :  4.03501e-05
 Reference value :  4.05302e-05
 Reference value :  4.06910e-05
 Reference value :  4.08712e-05
 Reference value :  4.10511e-05
 Reference value :  4.12501e-05
 Reference value :  4.14112e-05
 Reference value :  4.16100e-05
 Reference value :  4.17703e-05
 Reference value :  4.19408e-05
 Reference value :  4.21201e-05
 Reference value :  4.23001e-05
 Reference value :  4.24805e-05
 Reference value :  4.26614e-05
 Reference value :  4.28701e-05
 Reference value :  4.30501e-05
 Reference value :  4.32301e-05
 Reference value :  4.34103e-05
 Reference value :  4.36005e-05
 Reference value :  4.37816e-05
 Reference value :  4.39812e-05
 Reference value :  4.41603e-05
 Reference value :  4.43411e-05
 Reference value :  4.45213e-05
 Reference value :  4.47003e-05
 Reference value :  4.48801e-05
 Reference value :  4.50602e-05
 Reference value :  4.52414e-05
 Reference value :  4.54214e-05
 Reference value :  4.56101e-05
 Reference value :  4.57882e-05
 Reference value :  4.59702e-05
 Reference value :  4.61512e-05
 Reference value :  4.63503e-05
 Reference value :  4.65307e-05
 Reference value :  4.67120e-05
 Reference value :  4.68909e-05
 Reference value :  4.70701e-05
 Reference value :  4.72309e-05
 Reference value :  4.74111e-05
 Reference value :  4.76402e-05
 Reference value :  4.78128e-05
 Reference value :  4.80102e-05
 Reference value :  4.81805e-05
 Reference value :  4.83414e-05
 Reference value :  4.85206e-05
 Reference value :  4.87203e-05
 Reference value :  4.89003e-05
 Reference value :  4.90833e-05
 Reference value :  4.92702e-05
 Reference value :  4.94703e-05
 Reference value :  4.96601e-05
 Reference value :  4.98410e-05
 Reference value :  5.00220e-05
 Reference value :  5.02011e-05
 Reference value :  5.04001e-05
 Reference value :  5.05620e-05
 Reference value :  5.07702e-05
 Reference value :  5.09559e-05
 Reference value :  5.11501e-05
 Reference value :  5.13303e-05
 Reference value :  5.15101e-05
 Reference value :  5.16903e-05
 Reference value :  5.19003e-05
 Reference value :  5.20819e-05
 Reference value :  5.22703e-05
 Reference value :  5.24516e-05
 Reference value :  5.26309e-05
 Reference value :  5.28109e-05
 Reference value :  5.30104e-05
 Reference value :  5.31903e-05
 Reference value :  5.33704e-05
 Reference value :  5.35602e-05
 Reference value :  5.37402e-05
 Reference value :  5.39201e-05
 Reference value :  5.41002e-05
 Reference value :  5.42812e-05
 Reference value :  5.44801e-05
 Reference value :  5.46619e-05
 Reference value :  5.48502e-05
 Reference value :  5.50531e-05
 Reference value :  5.52606e-05
 Reference value :  5.54507e-05
 Reference value :  5.56310e-05
 Reference value :  5.58306e-05
 Reference value :  5.60202e-05
 Reference value :  5.62003e-05
 Reference value :  5.63816e-05
 Reference value :  5.65802e-05
 Reference value :  5.68306e-05
 Reference value :  5.70113e-05
 Reference value :  5.72108e-05
 Reference value :  5.73917e-05
 Reference value :  5.75712e-05
 Reference value :  5.77518e-05
 Reference value :  5.79402e-05
 Reference value :  5.81407e-05
 Reference value :  5.83216e-05
 Reference value :  5.85300e-05
 Reference value :  5.87111e-05
 Reference value :  5.88910e-05
 Reference value :  5.90816e-05
 Reference value :  5.92804e-05
 Reference value :  5.94611e-05
 Reference value :  5.96700e-05
 Reference value :  5.98503e-05
 Reference value :  6.00600e-05
 Reference value :  6.02501e-05
 Reference value :  6.04302e-05
 Reference value :  6.06306e-05
 Reference value :  6.08125e-05
 Reference value :  6.10002e-05
 Reference value :  6.11816e-05
 Reference value :  6.13802e-05
 Reference value :  6.15609e-05
 Reference value :  6.17511e-05
 Reference value :  6.19604e-05
 Reference value :  6.21601e-05
 Reference value :  6.23516e-05
 Reference value :  6.25602e-05
 Reference value :  6.27407e-05
 Reference value :  6.29212e-05
 Reference value :  6.31215e-05
 Reference value :  6.33111e-05
 Reference value :  6.35201e-05
 Reference value :  6.37201e-05
 Reference value :  6.39102e-05
 Reference value :  6.40914e-05
 Reference value :  6.42901e-05
 Reference value :  6.44802e-05
 Reference value :  6.46802e-05
 Reference value :  6.48714e-05
 Reference value :  6.50714e-05
 Reference value :  6.52653e-05
 Reference value :  6.54713e-05
 Reference value :  6.56650e-05
 Reference value :  6.58516e-05
 Reference value :  6.60421e-05
 Reference value :  6.62251e-05
 Reference value :  6.64201e-05
 Reference value :  6.66006e-05
 Reference value :  6.68412e-05
 Reference value :  6.70316e-05
 Reference value :  6.72116e-05
 Reference value :  6.73915e-05
 Reference value :  6.75712e-05
 Reference value :  6.77725e-05
 Reference value :  6.79614e-05
 Reference value :  6.81701e-05
 Reference value :  6.83514e-05
 Reference value :  6.85515e-05
 Reference value :  6.87602e-05
 Reference value :  6.89413e-05
 Reference value :  6.91512e-05
 Reference value :  6.93406e-05
 Reference value :  6.95401e-05
 Reference value :  6.97206e-05
 Reference value :  6.99111e-05
 Reference value :  7.01101e-05
 Reference value :  7.02902e-05
 Reference value :  7.04706e-05
 Reference value :  7.06502e-05
 Reference value :  7.08317e-05
 Reference value :  7.10176e-05
 Reference value :  7.12601e-05
 Reference value :  7.15002e-05
 Reference value :  7.17406e-05
 Reference value :  7.19407e-05
 Reference value :  7.21310e-05
 Reference value :  7.23106e-05
 Reference value :  7.25071e-05
 Reference value :  7.26903e-05
 Reference value :  7.28702e-05
 Reference value :  7.30501e-05
 Reference value :  7.32211e-05
 Reference value :  7.34102e-05
 Reference value :  7.35910e-05
 Reference value :  7.37705e-05
 Reference value :  7.39510e-05
 Reference value :  7.41408e-05
 Reference value :  7.43203e-05
 Reference value :  7.45026e-05
 Reference value :  7.47002e-05
 Reference value :  7.48804e-05
 Reference value :  7.50602e-05
 Reference value :  7.52501e-05
 Reference value :  7.54208e-05
 Reference value :  7.56001e-05
 Reference value :  7.57624e-05
 Reference value :  7.59607e-05
 Reference value :  7.62006e-05
 Reference value :  7.63800e-05
 Reference value :  7.65605e-05
 Reference value :  7.67401e-05
 Reference value :  7.69023e-05
 Reference value :  7.70802e-05
 Reference value :  7.72509e-05
 Reference value :  7.74411e-05
 Reference value :  7.76120e-05
 Reference value :  7.78024e-05
 Reference value :  7.80001e-05
 Reference value :  7.81801e-05
 Reference value :  7.83414e-05
 Reference value :  7.85412e-05
 Reference value :  7.87302e-05
 Reference value :  7.89101e-05
 Reference value :  7.90917e-05
 Reference value :  7.92715e-05
 Reference value :  7.94702e-05
 Reference value :  7.96605e-05
 Reference value :  7.98312e-05
No. of Data Rows : 435053
t_flip              =  3.14429e-05
vos_v               =  -8.55711e-03
m_dut_vos = -8.557110000e-03
Note: Simulation executed from .control section 

Warning: m=xx on .subckt line will override multiplier m hierarchy!

Note: Starting dynamic gmin stepping
Note: Dynamic gmin stepping completed
