
Note: Compatibility modes selected: hs a


Circuit: * comparator-kickback @ sf_125c_3.63v -- generated by sim/harness, do not edit

Doing analysis at TEMP = 125.000000 and TNOM = 27.000000

Using SPARSE 1.3 as Direct Linear Solver

Initial Transient Solution
--------------------------

Node                                   Voltage
----                                   -------
vdd                                       3.63
cm                                        1.65
clk                                          0
sa                                  -0.0135278
asp                                    1.64324
asn                                    1.65676
apa                                    1.64324
ana                                    1.65676
ibna                                    1.0774
xa.xlayout_dut.sp__t2              3.20006e-08
xa.xlayout_dut.qp__t6                     3.63
xa.xlayout_dut.vss__t17            1.94426e-10
xa.xlayout_dut.vss__t2              2.3685e-18
xa.xlayout_dut.dout__t3                1.94116
xa.xlayout_dut.sp__t3              3.24342e-08
xa.xlayout_dut.vss__t25            2.45505e-11
xa.xlayout_dut.vss__t3             2.43665e-11
xa.xlayout_dut.dout__t2                1.93305
xa.xlayout_dut.doutb__t0               1.94503
xa.xlayout_dut.vss__t24             0.00230826
xa.xlayout_dut.vss__t4             3.34754e-11
xa.xlayout_dut.ibias__t0               1.07612
xa.xlayout_dut.ibias__t1                1.0774
xa.xlayout_dut.vss__t20            0.000254896
xa.xlayout_dut.vss__t8             4.02788e-11
xa.xlayout_dut.sn__t2              3.20003e-08
xa.xlayout_dut.qn__t6                     3.63
xa.xlayout_dut.vss__t23            1.94064e-10
xa.xlayout_dut.vss__t5             2.36403e-18
xa.xlayout_dut.doutb__t1               1.94503
xa.xlayout_dut.sn__t3              3.26579e-08
xa.xlayout_dut.vss__t22            2.45292e-11
xa.xlayout_dut.vss__t6             2.43774e-11
xa.xlayout_dut.doutb__t4               1.93769
xa.xlayout_dut.dout__t4                1.94116
xa.xlayout_dut.vss__t21             0.00229525
xa.xlayout_dut.vss__t7             3.46747e-11
xa.xlayout_dut.qn__t4                     3.63
xa.xlayout_dut.qp__t0                     3.63
xa.xlayout_dut.mn__t0                     3.63
xa.xlayout_dut.vss__t9             5.53806e-11
xa.xlayout_dut.mn__t1                     3.63
xa.xlayout_dut.aop__t2                 2.38012
xa.xlayout_dut.ltail__t0               1.94419
xa.xlayout_dut.vss__t11             4.2493e-11
xa.xlayout_dut.atail__t0              0.684551
xa.xlayout_dut.ibias__t2                1.0774
xa.xlayout_dut.vss__t19            0.000492733
xa.xlayout_dut.vss__t13             4.0209e-11
xa.xlayout_dut.qp__t1                     3.63
xa.xlayout_dut.qn__t5                     3.63
xa.xlayout_dut.mp__t2                     3.63
xa.xlayout_dut.vss__t10            5.54803e-11
xa.xlayout_dut.ltail__t1               1.94419
xa.xlayout_dut.clk__t2                       0
xa.xlayout_dut.vss__t18            8.88654e-11
xa.xlayout_dut.vss__t14            1.84677e-11
xa.xlayout_dut.mp__t1                     3.63
xa.xlayout_dut.aon__t0                  2.5595
xa.xlayout_dut.ltail__t2               1.94419
xa.xlayout_dut.vss__t12            4.29211e-11
xa.xlayout_dut.aon__t1                 2.55875
xa.xlayout_dut.vinp__t0                1.64324
xa.xlayout_dut.atail__t1              0.685144
xa.xlayout_dut.vss__t15            1.88131e-08
xa.xlayout_dut.aop__t1                 2.37878
xa.xlayout_dut.vinn__t0                1.65676
xa.xlayout_dut.atail__t2              0.685412
xa.xlayout_dut.vss__t16            4.33021e-09
xa.xlayout_dut.mn__t2                     3.63
xa.xlayout_dut.clk__t0                       0
xa.xlayout_dut.vdd__t0                    3.63
xa.xlayout_dut.vdd__t1                    3.63
xa.xlayout_dut.qn__t1                     3.63
xa.xlayout_dut.clk__t1                       0
xa.xlayout_dut.vdd__t2                    3.63
xa.xlayout_dut.vdd__t3                    3.63
xa.xlayout_dut.sp__t0              3.33842e-08
xa.xlayout_dut.qp__t2                     3.63
xa.xlayout_dut.vdd__t4                    3.63
xa.xlayout_dut.vdd__t5                    3.63
xa.xlayout_dut.mp__t0                     3.63
xa.xlayout_dut.clk__t4                       0
xa.xlayout_dut.vdd__t21                   3.63
xa.xlayout_dut.vdd__t20                   3.63
xa.xlayout_dut.qn__t0                     3.63
xa.xlayout_dut.qp__t3                     3.63
xa.xlayout_dut.vdd__t6                    3.63
xa.xlayout_dut.vdd__t7                    3.63
xa.xlayout_dut.qp__t4                     3.63
xa.xlayout_dut.clk__t3                       0
xa.xlayout_dut.vdd__t19                   3.63
xa.xlayout_dut.vdd__t18                   3.63
xa.xlayout_dut.na__t1                  3.46538
xa.xlayout_dut.sp__t1              3.24342e-08
xa.xlayout_dut.vdd__t23                3.62687
xa.xlayout_dut.vdd__t8                    3.63
xa.xlayout_dut.dout__t0                1.94712
xa.xlayout_dut.doutb__t2               1.94503
xa.xlayout_dut.na__t0                  3.46247
xa.xlayout_dut.vdd__t13                   3.63
xa.xlayout_dut.sn__t0              3.36909e-08
xa.xlayout_dut.qn__t3                     3.63
xa.xlayout_dut.vdd__t17                   3.63
xa.xlayout_dut.vdd__t16                   3.63
xa.xlayout_dut.qp__t5                     3.63
xa.xlayout_dut.qn__t2                     3.63
xa.xlayout_dut.vdd__t15                   3.63
xa.xlayout_dut.vdd__t14                   3.63
xa.xlayout_dut.nb__t1                  3.46585
xa.xlayout_dut.sn__t1              3.26579e-08
xa.xlayout_dut.vdd__t22                3.62662
xa.xlayout_dut.vdd__t12                   3.63
xa.xlayout_dut.doutb__t3               1.96101
xa.xlayout_dut.dout__t1                1.94116
xa.xlayout_dut.nb__t0                  3.45838
xa.xlayout_dut.vdd__t11                   3.63
xa.xlayout_dut.aon__t2                  2.5598
xa.xlayout_dut.x$28.11                 2.56032
xa.xlayout_dut.vss__t0                       0
xa.xlayout_dut.x$28.21                  3.6283
xa.xlayout_dut.vdd__t10                3.62881
xa.xlayout_dut.aop__t0                  2.3805
xa.xlayout_dut.x$29.11                 2.38111
xa.xlayout_dut.vss__t1                       0
xa.xlayout_dut.x$29.21                 3.62885
xa.xlayout_dut.vdd__t9                 3.62945
xa.xlayout_dut.aon                      2.5595
vsubs                                        0
xa.xlayout_dut.aop                     2.38012
xa.xlayout_dut.atail                  0.685046
douta                                  1.94116
doutba                                 1.94503
xa.xlayout_dut.ltail                   1.94419
xa.xlayout_dut.mn                         3.63
xa.xlayout_dut.mp                         3.63
xa.xlayout_dut.na                      3.46392
xa.xlayout_dut.nb                      3.46212
xa.xlayout_dut.qn                         3.63
xa.xlayout_dut.qp                         3.63
xa.xlayout_dut.sn                  3.26579e-08
xa.xlayout_dut.sp                  3.24342e-08
sb                                  -0.0135278
bsp                                    1.64324
bsn                                    1.65676
bpp                                    1.64324
bpn                                    1.65676
ibnb                                    1.0774
xb.xlayout_dut.sp__t2              3.20006e-08
xb.xlayout_dut.qp__t6                     3.63
xb.xlayout_dut.vss__t17            1.94426e-10
xb.xlayout_dut.vss__t2              2.3685e-18
xb.xlayout_dut.dout__t3                1.94116
xb.xlayout_dut.sp__t3              3.24342e-08
xb.xlayout_dut.vss__t25            2.45505e-11
xb.xlayout_dut.vss__t3             2.43665e-11
xb.xlayout_dut.dout__t2                1.93305
xb.xlayout_dut.doutb__t0               1.94503
xb.xlayout_dut.vss__t24             0.00230826
xb.xlayout_dut.vss__t4             3.34754e-11
xb.xlayout_dut.ibias__t0               1.07612
xb.xlayout_dut.ibias__t1                1.0774
xb.xlayout_dut.vss__t20            0.000254896
xb.xlayout_dut.vss__t8             4.02788e-11
xb.xlayout_dut.sn__t2              3.20003e-08
xb.xlayout_dut.qn__t6                     3.63
xb.xlayout_dut.vss__t23            1.94064e-10
xb.xlayout_dut.vss__t5             2.36403e-18
xb.xlayout_dut.doutb__t1               1.94503
xb.xlayout_dut.sn__t3              3.26579e-08
xb.xlayout_dut.vss__t22            2.45292e-11
xb.xlayout_dut.vss__t6             2.43774e-11
xb.xlayout_dut.doutb__t4               1.93769
xb.xlayout_dut.dout__t4                1.94116
xb.xlayout_dut.vss__t21             0.00229525
xb.xlayout_dut.vss__t7             3.46747e-11
xb.xlayout_dut.qn__t4                     3.63
xb.xlayout_dut.qp__t0                     3.63
xb.xlayout_dut.mn__t0                     3.63
xb.xlayout_dut.vss__t9             5.53806e-11
xb.xlayout_dut.mn__t1                     3.63
xb.xlayout_dut.aop__t2                 2.38012
xb.xlayout_dut.ltail__t0               1.94419
xb.xlayout_dut.vss__t11             4.2493e-11
xb.xlayout_dut.atail__t0              0.684551
xb.xlayout_dut.ibias__t2                1.0774
xb.xlayout_dut.vss__t19            0.000492733
xb.xlayout_dut.vss__t13             4.0209e-11
xb.xlayout_dut.qp__t1                     3.63
xb.xlayout_dut.qn__t5                     3.63
xb.xlayout_dut.mp__t2                     3.63
xb.xlayout_dut.vss__t10            5.54803e-11
xb.xlayout_dut.ltail__t1               1.94419
xb.xlayout_dut.clk__t2                       0
xb.xlayout_dut.vss__t18            8.88654e-11
xb.xlayout_dut.vss__t14            1.84677e-11
xb.xlayout_dut.mp__t1                     3.63
xb.xlayout_dut.aon__t0                  2.5595
xb.xlayout_dut.ltail__t2               1.94419
xb.xlayout_dut.vss__t12            4.29211e-11
xb.xlayout_dut.aon__t1                 2.55875
xb.xlayout_dut.vinp__t0                1.64324
xb.xlayout_dut.atail__t1              0.685144
xb.xlayout_dut.vss__t15            1.88131e-08
xb.xlayout_dut.aop__t1                 2.37878
xb.xlayout_dut.vinn__t0                1.65676
xb.xlayout_dut.atail__t2              0.685412
xb.xlayout_dut.vss__t16            4.33021e-09
xb.xlayout_dut.mn__t2                     3.63
xb.xlayout_dut.clk__t0                       0
xb.xlayout_dut.vdd__t0                    3.63
xb.xlayout_dut.vdd__t1                    3.63
xb.xlayout_dut.qn__t1                     3.63
xb.xlayout_dut.clk__t1                       0
xb.xlayout_dut.vdd__t2                    3.63
xb.xlayout_dut.vdd__t3                    3.63
xb.xlayout_dut.sp__t0              3.33842e-08
xb.xlayout_dut.qp__t2                     3.63
xb.xlayout_dut.vdd__t4                    3.63
xb.xlayout_dut.vdd__t5                    3.63
xb.xlayout_dut.mp__t0                     3.63
xb.xlayout_dut.clk__t4                       0
xb.xlayout_dut.vdd__t21                   3.63
xb.xlayout_dut.vdd__t20                   3.63
xb.xlayout_dut.qn__t0                     3.63
xb.xlayout_dut.qp__t3                     3.63
xb.xlayout_dut.vdd__t6                    3.63
xb.xlayout_dut.vdd__t7                    3.63
xb.xlayout_dut.qp__t4                     3.63
xb.xlayout_dut.clk__t3                       0
xb.xlayout_dut.vdd__t19                   3.63
xb.xlayout_dut.vdd__t18                   3.63
xb.xlayout_dut.na__t1                  3.46538
xb.xlayout_dut.sp__t1              3.24342e-08
xb.xlayout_dut.vdd__t23                3.62687
xb.xlayout_dut.vdd__t8                    3.63
xb.xlayout_dut.dout__t0                1.94712
xb.xlayout_dut.doutb__t2               1.94503
xb.xlayout_dut.na__t0                  3.46247
xb.xlayout_dut.vdd__t13                   3.63
xb.xlayout_dut.sn__t0              3.36909e-08
xb.xlayout_dut.qn__t3                     3.63
xb.xlayout_dut.vdd__t17                   3.63
xb.xlayout_dut.vdd__t16                   3.63
xb.xlayout_dut.qp__t5                     3.63
xb.xlayout_dut.qn__t2                     3.63
xb.xlayout_dut.vdd__t15                   3.63
xb.xlayout_dut.vdd__t14                   3.63
xb.xlayout_dut.nb__t1                  3.46585
xb.xlayout_dut.sn__t1              3.26579e-08
xb.xlayout_dut.vdd__t22                3.62662
xb.xlayout_dut.vdd__t12                   3.63
xb.xlayout_dut.doutb__t3               1.96101
xb.xlayout_dut.dout__t1                1.94116
xb.xlayout_dut.nb__t0                  3.45838
xb.xlayout_dut.vdd__t11                   3.63
xb.xlayout_dut.aon__t2                  2.5598
xb.xlayout_dut.x$28.11                 2.56032
xb.xlayout_dut.vss__t0                       0
xb.xlayout_dut.x$28.21                  3.6283
xb.xlayout_dut.vdd__t10                3.62881
xb.xlayout_dut.aop__t0                  2.3805
xb.xlayout_dut.x$29.11                 2.38111
xb.xlayout_dut.vss__t1                       0
xb.xlayout_dut.x$29.21                 3.62885
xb.xlayout_dut.vdd__t9                 3.62945
xb.xlayout_dut.aon                      2.5595
xb.xlayout_dut.aop                     2.38012
xb.xlayout_dut.atail                  0.685046
doutb                                  1.94116
doutbb                                 1.94503
xb.xlayout_dut.ltail                   1.94419
xb.xlayout_dut.mn                         3.63
xb.xlayout_dut.mp                         3.63
xb.xlayout_dut.na                      3.46392
xb.xlayout_dut.nb                      3.46212
xb.xlayout_dut.qn                         3.63
xb.xlayout_dut.qp                         3.63
xb.xlayout_dut.sn                  3.26579e-08
xb.xlayout_dut.sp                  3.24342e-08
sc                                   0.0854722
csp                                    1.69274
csn                                    1.60726
cpp                                    1.69274
cpn                                    1.60726
ibnc                                    1.0774
xc.xlayout_dut.sp__t2              3.20006e-08
xc.xlayout_dut.qp__t6                     3.63
xc.xlayout_dut.vss__t17            1.94426e-10
xc.xlayout_dut.vss__t2              2.3685e-18
xc.xlayout_dut.dout__t3                1.94116
xc.xlayout_dut.sp__t3              3.24342e-08
xc.xlayout_dut.vss__t25            2.45505e-11
xc.xlayout_dut.vss__t3             2.43665e-11
xc.xlayout_dut.dout__t2                1.93305
xc.xlayout_dut.doutb__t0               1.94503
xc.xlayout_dut.vss__t24             0.00230826
xc.xlayout_dut.vss__t4             3.34754e-11
xc.xlayout_dut.ibias__t0               1.07612
xc.xlayout_dut.ibias__t1                1.0774
xc.xlayout_dut.vss__t20            0.000254896
xc.xlayout_dut.vss__t8             4.02788e-11
xc.xlayout_dut.sn__t2              3.20003e-08
xc.xlayout_dut.qn__t6                     3.63
xc.xlayout_dut.vss__t23            1.94064e-10
xc.xlayout_dut.vss__t5             2.36403e-18
xc.xlayout_dut.doutb__t1               1.94503
xc.xlayout_dut.sn__t3              3.26579e-08
xc.xlayout_dut.vss__t22            2.45292e-11
xc.xlayout_dut.vss__t6             2.43774e-11
xc.xlayout_dut.doutb__t4               1.93769
xc.xlayout_dut.dout__t4                1.94116
xc.xlayout_dut.vss__t21             0.00229525
xc.xlayout_dut.vss__t7             3.46747e-11
xc.xlayout_dut.qn__t4                     3.63
xc.xlayout_dut.qp__t0                     3.63
xc.xlayout_dut.mn__t0                     3.63
xc.xlayout_dut.vss__t9             5.53806e-11
xc.xlayout_dut.mn__t1                     3.63
xc.xlayout_dut.aop__t2                 3.02245
xc.xlayout_dut.ltail__t0               2.32599
xc.xlayout_dut.vss__t11            4.47763e-11
xc.xlayout_dut.atail__t0              0.690192
xc.xlayout_dut.ibias__t2                1.0774
xc.xlayout_dut.vss__t19            0.000492766
xc.xlayout_dut.vss__t13            4.03473e-11
xc.xlayout_dut.qp__t1                     3.63
xc.xlayout_dut.qn__t5                     3.63
xc.xlayout_dut.mp__t2                     3.63
xc.xlayout_dut.vss__t10            5.54803e-11
xc.xlayout_dut.ltail__t1               2.32599
xc.xlayout_dut.clk__t2                       0
xc.xlayout_dut.vss__t18            9.28413e-11
xc.xlayout_dut.vss__t14            2.05971e-11
xc.xlayout_dut.mp__t1                     3.63
xc.xlayout_dut.aon__t0                 1.91563
xc.xlayout_dut.ltail__t2               2.32599
xc.xlayout_dut.vss__t12            4.52252e-11
xc.xlayout_dut.aon__t1                 1.91443
xc.xlayout_dut.vinp__t0                1.69274
xc.xlayout_dut.atail__t1              0.690844
xc.xlayout_dut.vss__t15            1.94898e-10
xc.xlayout_dut.aop__t1                  3.0218
xc.xlayout_dut.vinn__t0                1.60726
xc.xlayout_dut.atail__t2              0.690865
xc.xlayout_dut.vss__t16            2.24917e-07
xc.xlayout_dut.mn__t2                     3.63
xc.xlayout_dut.clk__t0                       0
xc.xlayout_dut.vdd__t0                    3.63
xc.xlayout_dut.vdd__t1                    3.63
xc.xlayout_dut.qn__t1                     3.63
xc.xlayout_dut.clk__t1                       0
xc.xlayout_dut.vdd__t2                    3.63
xc.xlayout_dut.vdd__t3                    3.63
xc.xlayout_dut.sp__t0              3.33842e-08
xc.xlayout_dut.qp__t2                     3.63
xc.xlayout_dut.vdd__t4                    3.63
xc.xlayout_dut.vdd__t5                    3.63
xc.xlayout_dut.mp__t0                     3.63
xc.xlayout_dut.clk__t4                       0
xc.xlayout_dut.vdd__t21                   3.63
xc.xlayout_dut.vdd__t20                   3.63
xc.xlayout_dut.qn__t0                     3.63
xc.xlayout_dut.qp__t3                     3.63
xc.xlayout_dut.vdd__t6                    3.63
xc.xlayout_dut.vdd__t7                    3.63
xc.xlayout_dut.qp__t4                     3.63
xc.xlayout_dut.clk__t3                       0
xc.xlayout_dut.vdd__t19                   3.63
xc.xlayout_dut.vdd__t18                   3.63
xc.xlayout_dut.na__t1                  3.46538
xc.xlayout_dut.sp__t1              3.24342e-08
xc.xlayout_dut.vdd__t23                3.62687
xc.xlayout_dut.vdd__t8                    3.63
xc.xlayout_dut.dout__t0                1.94712
xc.xlayout_dut.doutb__t2               1.94503
xc.xlayout_dut.na__t0                  3.46247
xc.xlayout_dut.vdd__t13                   3.63
xc.xlayout_dut.sn__t0              3.36909e-08
xc.xlayout_dut.qn__t3                     3.63
xc.xlayout_dut.vdd__t17                   3.63
xc.xlayout_dut.vdd__t16                   3.63
xc.xlayout_dut.qp__t5                     3.63
xc.xlayout_dut.qn__t2                     3.63
xc.xlayout_dut.vdd__t15                   3.63
xc.xlayout_dut.vdd__t14                   3.63
xc.xlayout_dut.nb__t1                  3.46585
xc.xlayout_dut.sn__t1              3.26579e-08
xc.xlayout_dut.vdd__t22                3.62662
xc.xlayout_dut.vdd__t12                   3.63
xc.xlayout_dut.doutb__t3               1.96101
xc.xlayout_dut.dout__t1                1.94116
xc.xlayout_dut.nb__t0                  3.45838
xc.xlayout_dut.vdd__t11                   3.63
xc.xlayout_dut.aon__t2                 1.91611
xc.xlayout_dut.x$28.11                 1.91694
xc.xlayout_dut.vss__t0                       0
xc.xlayout_dut.x$28.21                 3.62727
xc.xlayout_dut.vdd__t10                 3.6281
xc.xlayout_dut.aop__t0                 3.02264
xc.xlayout_dut.x$29.11                 3.02293
xc.xlayout_dut.vss__t1                       0
xc.xlayout_dut.x$29.21                 3.62944
xc.xlayout_dut.vdd__t9                 3.62973
xc.xlayout_dut.aon                     1.91563
xc.xlayout_dut.aop                     3.02245
xc.xlayout_dut.atail                  0.690687
doutc                                  1.94116
doutbc                                 1.94503
xc.xlayout_dut.ltail                   2.32599
xc.xlayout_dut.mn                         3.63
xc.xlayout_dut.mp                         3.63
xc.xlayout_dut.na                      3.46392
xc.xlayout_dut.nb                      3.46212
xc.xlayout_dut.qn                         3.63
xc.xlayout_dut.qp                         3.63
xc.xlayout_dut.sn                  3.26579e-08
xc.xlayout_dut.sp                  3.24342e-08
ad                                -2.22045e-15
bd                                  -0.0135278
cd                                   0.0854722
bc                                  2.7682e-10
dan                                   0.534755
dbn                                   0.534755
dcn                                   0.534755
bdcn#branch                                  0
bdbn#branch                                  0
bdan#branch                                  0
bbc#branch                                   0
bcd#branch                                   0
bbd#branch                                   0
bad#branch                                   0
ecsn#branch                         2.6965e-19
ecsp#branch                         2.8399e-19
ebsn#branch                        2.77955e-19
ebsp#branch                        2.75685e-19
easn#branch                       -2.36637e-18
easp#branch                       -2.16022e-18
vsc#branch                                   0
vsb#branch                                   0
vsa#branch                                   0
vclk#branch                                  0
vcm#branch                        -3.41931e-18
vsup#branch                        -0.00126391

 Reference value :  1.53640e-09
 Reference value :  5.73640e-09
 Reference value :  8.76140e-09
 Reference value :  1.14264e-08
 Reference value :  1.42364e-08
 Reference value :  1.71764e-08
 Reference value :  2.02164e-08
 Reference value :  2.30564e-08
 Reference value :  2.60564e-08
 Reference value :  2.89714e-08
 Reference value :  3.13093e-08
 Reference value :  3.41643e-08
 Reference value :  3.68543e-08
 Reference value :  3.97543e-08
 Reference value :  4.24162e-08
 Reference value :  4.52962e-08
 Reference value :  4.82412e-08
 Reference value :  5.10062e-08
 Reference value :  5.39262e-08
 Reference value :  5.68912e-08
 Reference value :  5.99512e-08
No. of Data Rows : 12043
ad_pos              =  1.09456e-02 at=  4.05212e-08
ad_neg              =  -1.12854e-02 at=  3.03493e-08
ap0                 =  1.64324e+00
apmax               =  1.65418e+00 at=  4.05212e-08
apmin               =  1.63195e+00 at=  3.03493e-08
bd0                 =  -1.35278e-02
bd1                 =  -1.35224e-02
cd0                 =  8.54723e-02
cd1                 =  8.54033e-02
bc0                 =  -1.72629e-06
bc1                 =  1.82718e-04
bp0                 =  1.64323e+00
bn0                 =  1.65676e+00
bp1                 =  1.64342e+00
bn1                 =  1.65694e+00
da_end              =  9.99989e-01
db_end              =  9.99989e-01
dc_end              =  9.99989e-01
m_kick_1k_peak_mv = 1.1285370000e+01
m_kick_1k_pos_mv = 1.0945630000e+01
m_kick_1k_neg_mv = -1.128537000e+01
m_kick_1k_raw_mv = 1.1285000000e+01
m_kick_resid_small_nv = 5.3700000000e+03
m_kick_resid_big_nv = -6.905000000e+04
m_kick_sigdep_nv = 7.4420000000e+04
m_kick_cm_nv = 1.8444469100e+05
m_kick_resid_raw_uv = 6.0000000002e+00
m_q_resid_small_ac = 5.3700000000e+00
m_dout_1k_end = 9.9998930000e-01
m_dout_float_small_end = 9.9998930000e-01
m_dout_float_big_end = 9.9998930000e-01
Note: Simulation executed from .control section 

Warning: m=xx on .subckt line will override multiplier m hierarchy!

