
Note: Compatibility modes selected: hs a


Circuit: * comparator-kickback-vosprobe @ sf_125c_3.63v -- generated by sim/harness, do not edit

Doing analysis at TEMP = 125.000000 and TNOM = 27.000000

Using SPARSE 1.3 as Direct Linear Solver

Initial Transient Solution
--------------------------

Node                                   Voltage
----                                   -------
vdd                                       3.63
cm                                        1.65
clk                                          0
rmp                                      -0.04
vp                                        1.63
vn                                        1.67
ibn                                     1.0774
xdut.xlayout_dut.sp__t2            3.20006e-08
xdut.xlayout_dut.qp__t6                   3.63
xdut.xlayout_dut.vss__t17          1.94426e-10
xdut.xlayout_dut.vss__t2            2.3685e-18
xdut.xlayout_dut.dout__t3              1.94116
xdut.xlayout_dut.sp__t3            3.24342e-08
xdut.xlayout_dut.vss__t25          2.45505e-11
xdut.xlayout_dut.vss__t3           2.43665e-11
xdut.xlayout_dut.dout__t2              1.93305
xdut.xlayout_dut.doutb__t0             1.94503
xdut.xlayout_dut.vss__t24           0.00230826
xdut.xlayout_dut.vss__t4           3.34754e-11
xdut.xlayout_dut.ibias__t0             1.07612
xdut.xlayout_dut.ibias__t1              1.0774
xdut.xlayout_dut.vss__t20          0.000254896
xdut.xlayout_dut.vss__t8           4.02788e-11
xdut.xlayout_dut.sn__t2            3.20003e-08
xdut.xlayout_dut.qn__t6                   3.63
xdut.xlayout_dut.vss__t23          1.94064e-10
xdut.xlayout_dut.vss__t5           2.36403e-18
xdut.xlayout_dut.doutb__t1             1.94503
xdut.xlayout_dut.sn__t3            3.26579e-08
xdut.xlayout_dut.vss__t22          2.45292e-11
xdut.xlayout_dut.vss__t6           2.43774e-11
xdut.xlayout_dut.doutb__t4             1.93769
xdut.xlayout_dut.dout__t4              1.94116
xdut.xlayout_dut.vss__t21           0.00229525
xdut.xlayout_dut.vss__t7           3.46747e-11
xdut.xlayout_dut.qn__t4                   3.63
xdut.xlayout_dut.qp__t0                   3.63
xdut.xlayout_dut.mn__t0                   3.63
xdut.xlayout_dut.vss__t9           5.53806e-11
xdut.xlayout_dut.mn__t1                   3.63
xdut.xlayout_dut.aop__t2               2.20263
xdut.xlayout_dut.ltail__t0             2.08954
xdut.xlayout_dut.vss__t11          4.33622e-11
xdut.xlayout_dut.atail__t0            0.685617
xdut.xlayout_dut.ibias__t2              1.0774
xdut.xlayout_dut.vss__t19          0.000492739
xdut.xlayout_dut.vss__t13          4.02351e-11
xdut.xlayout_dut.qp__t1                   3.63
xdut.xlayout_dut.qn__t5                   3.63
xdut.xlayout_dut.mp__t2                   3.63
xdut.xlayout_dut.vss__t10          5.54803e-11
xdut.xlayout_dut.ltail__t1             2.08954
xdut.xlayout_dut.clk__t2                     0
xdut.xlayout_dut.vss__t18          9.03748e-11
xdut.xlayout_dut.vss__t14           1.9266e-11
xdut.xlayout_dut.mp__t1                   3.63
xdut.xlayout_dut.aon__t0                2.7369
xdut.xlayout_dut.ltail__t2             2.08954
xdut.xlayout_dut.vss__t12          4.37975e-11
xdut.xlayout_dut.aon__t1               2.73627
xdut.xlayout_dut.vinp__t0                 1.63
xdut.xlayout_dut.atail__t1            0.686193
xdut.xlayout_dut.vss__t15          5.95567e-08
xdut.xlayout_dut.aop__t1                2.2011
xdut.xlayout_dut.vinn__t0                 1.67
xdut.xlayout_dut.atail__t2             0.68653
xdut.xlayout_dut.vss__t16          7.76082e-10
xdut.xlayout_dut.mn__t2                   3.63
xdut.xlayout_dut.clk__t0                     0
xdut.xlayout_dut.vdd__t0                  3.63
xdut.xlayout_dut.vdd__t1                  3.63
xdut.xlayout_dut.qn__t1                   3.63
xdut.xlayout_dut.clk__t1                     0
xdut.xlayout_dut.vdd__t2                  3.63
xdut.xlayout_dut.vdd__t3                  3.63
xdut.xlayout_dut.sp__t0            3.33842e-08
xdut.xlayout_dut.qp__t2                   3.63
xdut.xlayout_dut.vdd__t4                  3.63
xdut.xlayout_dut.vdd__t5                  3.63
xdut.xlayout_dut.mp__t0                   3.63
xdut.xlayout_dut.clk__t4                     0
xdut.xlayout_dut.vdd__t21                 3.63
xdut.xlayout_dut.vdd__t20                 3.63
xdut.xlayout_dut.qn__t0                   3.63
xdut.xlayout_dut.qp__t3                   3.63
xdut.xlayout_dut.vdd__t6                  3.63
xdut.xlayout_dut.vdd__t7                  3.63
xdut.xlayout_dut.qp__t4                   3.63
xdut.xlayout_dut.clk__t3                     0
xdut.xlayout_dut.vdd__t19                 3.63
xdut.xlayout_dut.vdd__t18                 3.63
xdut.xlayout_dut.na__t1                3.46538
xdut.xlayout_dut.sp__t1            3.24342e-08
xdut.xlayout_dut.vdd__t23              3.62687
xdut.xlayout_dut.vdd__t8                  3.63
xdut.xlayout_dut.dout__t0              1.94712
xdut.xlayout_dut.doutb__t2             1.94503
xdut.xlayout_dut.na__t0                3.46247
xdut.xlayout_dut.vdd__t13                 3.63
xdut.xlayout_dut.sn__t0            3.36909e-08
xdut.xlayout_dut.qn__t3                   3.63
xdut.xlayout_dut.vdd__t17                 3.63
xdut.xlayout_dut.vdd__t16                 3.63
xdut.xlayout_dut.qp__t5                   3.63
xdut.xlayout_dut.qn__t2                   3.63
xdut.xlayout_dut.vdd__t15                 3.63
xdut.xlayout_dut.vdd__t14                 3.63
xdut.xlayout_dut.nb__t1                3.46585
xdut.xlayout_dut.sn__t1            3.26579e-08
xdut.xlayout_dut.vdd__t22              3.62662
xdut.xlayout_dut.vdd__t12                 3.63
xdut.xlayout_dut.doutb__t3             1.96101
xdut.xlayout_dut.dout__t1              1.94116
xdut.xlayout_dut.nb__t0                3.45838
xdut.xlayout_dut.vdd__t11                 3.63
xdut.xlayout_dut.aon__t2               2.73715
xdut.xlayout_dut.x$28.11               2.73758
xdut.xlayout_dut.vss__t0                     0
xdut.xlayout_dut.x$28.21               3.62858
xdut.xlayout_dut.vdd__t10              3.62901
xdut.xlayout_dut.aop__t0               2.20306
xdut.xlayout_dut.x$29.11               2.20375
xdut.xlayout_dut.vss__t1                     0
xdut.xlayout_dut.x$29.21               3.62868
xdut.xlayout_dut.vdd__t9               3.62937
xdut.xlayout_dut.aon                    2.7369
vsubs                                        0
xdut.xlayout_dut.aop                   2.20263
xdut.xlayout_dut.atail                0.686112
dout                                   1.94116
doutb                                  1.94503
xdut.xlayout_dut.ltail                 2.08954
xdut.xlayout_dut.mn                       3.63
xdut.xlayout_dut.mp                       3.63
xdut.xlayout_dut.na                    3.46392
xdut.xlayout_dut.nb                    3.46212
xdut.xlayout_dut.qn                       3.63
xdut.xlayout_dut.qp                       3.63
xdut.xlayout_dut.sn                3.26579e-08
xdut.xlayout_dut.sp                3.24342e-08
dn                                    0.534755
bdn#branch                                   0
bnn#branch                         1.17161e-18
bpp#branch                          3.4199e-19
vrmp#branch                                  0
vclk#branch                                  0
vcm#branch                                   0
vsup#branch                       -0.000421303

 Reference value :  1.00759e-07
 Reference value :  2.70572e-07
 Reference value :  4.50195e-07
 Reference value :  6.30089e-07
 Reference value :  7.90520e-07
 Reference value :  9.60923e-07
 Reference value :  1.14010e-06
 Reference value :  1.29308e-06
 Reference value :  1.47010e-06
 Reference value :  1.63020e-06
 Reference value :  1.78112e-06
 Reference value :  1.95128e-06
 Reference value :  2.13010e-06
 Reference value :  2.29010e-06
 Reference value :  2.46029e-06
 Reference value :  2.64002e-06
 Reference value :  2.82000e-06
 Reference value :  2.98095e-06
 Reference value :  3.16031e-06
 Reference value :  3.34020e-06
 Reference value :  3.51052e-06
 Reference value :  3.69097e-06
 Reference value :  3.87232e-06
 Reference value :  4.05082e-06
 Reference value :  4.23017e-06
 Reference value :  4.39110e-06
 Reference value :  4.56766e-06
 Reference value :  4.74053e-06
 Reference value :  4.90115e-06
 Reference value :  5.08067e-06
 Reference value :  5.26073e-06
 Reference value :  5.43056e-06
 Reference value :  5.61012e-06
 Reference value :  5.77058e-06
 Reference value :  5.94045e-06
 Reference value :  6.10179e-06
 Reference value :  6.31096e-06
 Reference value :  6.53805e-06
 Reference value :  6.70085e-06
 Reference value :  6.87045e-06
 Reference value :  7.03107e-06
 Reference value :  7.20079e-06
 Reference value :  7.38000e-06
 Reference value :  7.54031e-06
 Reference value :  7.71231e-06
 Reference value :  7.89168e-06
 Reference value :  8.07018e-06
 Reference value :  8.23903e-06
 Reference value :  8.42795e-06
 Reference value :  8.59095e-06
 Reference value :  8.77045e-06
 Reference value :  8.95026e-06
 Reference value :  9.12131e-06
 Reference value :  9.30030e-06
 Reference value :  9.49021e-06
 Reference value :  9.66076e-06
 Reference value :  9.82115e-06
 Reference value :  1.00012e-05
 Reference value :  1.01805e-05
 Reference value :  1.03602e-05
 Reference value :  1.05315e-05
 Reference value :  1.07107e-05
 Reference value :  1.08901e-05
 Reference value :  1.10592e-05
 Reference value :  1.12305e-05
 Reference value :  1.14106e-05
 Reference value :  1.15907e-05
 Reference value :  1.17705e-05
 Reference value :  1.19505e-05
 Reference value :  1.21206e-05
 Reference value :  1.23001e-05
 Reference value :  1.24772e-05
 Reference value :  1.26406e-05
 Reference value :  1.28204e-05
 Reference value :  1.30004e-05
 Reference value :  1.31968e-05
 Reference value :  1.33605e-05
 Reference value :  1.35409e-05
 Reference value :  1.37207e-05
 Reference value :  1.39004e-05
 Reference value :  1.40805e-05
 Reference value :  1.42610e-05
 Reference value :  1.44406e-05
 Reference value :  1.46202e-05
 Reference value :  1.48002e-05
 Reference value :  1.50313e-05
 Reference value :  1.52110e-05
 Reference value :  1.53925e-05
 Reference value :  1.55701e-05
 Reference value :  1.57333e-05
 Reference value :  1.59109e-05
 Reference value :  1.60906e-05
 Reference value :  1.62704e-05
 Reference value :  1.64408e-05
 Reference value :  1.66212e-05
 Reference value :  1.68009e-05
 Reference value :  1.69827e-05
 Reference value :  1.71715e-05
 Reference value :  1.73512e-05
 Reference value :  1.75306e-05
 Reference value :  1.77101e-05
 Reference value :  1.78802e-05
 Reference value :  1.80607e-05
 Reference value :  1.82828e-05
 Reference value :  1.85206e-05
 Reference value :  1.87312e-05
 Reference value :  1.89406e-05
 Reference value :  1.91101e-05
 Reference value :  1.92902e-05
 Reference value :  1.94505e-05
 Reference value :  1.96203e-05
 Reference value :  1.98001e-05
 Reference value :  1.99612e-05
 Reference value :  2.01312e-05
 Reference value :  2.03102e-05
 Reference value :  2.04602e-05
 Reference value :  2.06402e-05
 Reference value :  2.08014e-05
 Reference value :  2.09809e-05
 Reference value :  2.11601e-05
 Reference value :  2.13302e-05
 Reference value :  2.14906e-05
 Reference value :  2.16705e-05
 Reference value :  2.18417e-05
 Reference value :  2.20201e-05
 Reference value :  2.22001e-05
 Reference value :  2.23803e-05
 Reference value :  2.25666e-05
 Reference value :  2.27503e-05
 Reference value :  2.29201e-05
 Reference value :  2.31001e-05
 Reference value :  2.32605e-05
 Reference value :  2.34302e-05
 Reference value :  2.35911e-05
 Reference value :  2.38007e-05
 Reference value :  2.39810e-05
 Reference value :  2.41601e-05
 Reference value :  2.43313e-05
 Reference value :  2.44911e-05
 Reference value :  2.46628e-05
 Reference value :  2.48401e-05
 Reference value :  2.50009e-05
 Reference value :  2.51781e-05
 Reference value :  2.53501e-05
 Reference value :  2.55019e-05
 Reference value :  2.56602e-05
 Reference value :  2.58413e-05
 Reference value :  2.60402e-05
 Reference value :  2.62002e-05
 Reference value :  2.63801e-05
 Reference value :  2.65510e-05
 Reference value :  2.67313e-05
 Reference value :  2.69201e-05
 Reference value :  2.71001e-05
 Reference value :  2.72709e-05
 Reference value :  2.74502e-05
 Reference value :  2.76301e-05
 Reference value :  2.77914e-05
 Reference value :  2.79701e-05
 Reference value :  2.81510e-05
 Reference value :  2.83307e-05
 Reference value :  2.85102e-05
 Reference value :  2.86910e-05
 Reference value :  2.88701e-05
 Reference value :  2.90510e-05
 Reference value :  2.92310e-05
 Reference value :  2.94112e-05
 Reference value :  2.95904e-05
 Reference value :  2.97610e-05
 Reference value :  2.99401e-05
 Reference value :  3.01200e-05
 Reference value :  3.03000e-05
 Reference value :  3.04809e-05
 Reference value :  3.06605e-05
 Reference value :  3.08424e-05
 Reference value :  3.10215e-05
 Reference value :  3.12111e-05
 Reference value :  3.13910e-05
 Reference value :  3.15705e-05
 Reference value :  3.17416e-05
 Reference value :  3.19200e-05
 Reference value :  3.20822e-05
 Reference value :  3.22907e-05
 Reference value :  3.25200e-05
 Reference value :  3.26813e-05
 Reference value :  3.28609e-05
 Reference value :  3.30402e-05
 Reference value :  3.32101e-05
 Reference value :  3.33712e-05
 Reference value :  3.35510e-05
 Reference value :  3.37306e-05
 Reference value :  3.39112e-05
 Reference value :  3.40915e-05
 Reference value :  3.42710e-05
 Reference value :  3.44506e-05
 Reference value :  3.46506e-05
 Reference value :  3.48302e-05
 Reference value :  3.49908e-05
 Reference value :  3.51710e-05
 Reference value :  3.53506e-05
 Reference value :  3.55309e-05
 Reference value :  3.57022e-05
 Reference value :  3.58818e-05
 Reference value :  3.60601e-05
 Reference value :  3.62202e-05
 Reference value :  3.63902e-05
 Reference value :  3.65700e-05
 Reference value :  3.67321e-05
 Reference value :  3.69102e-05
 Reference value :  3.71101e-05
 Reference value :  3.72709e-05
 Reference value :  3.74428e-05
 Reference value :  3.76206e-05
 Reference value :  3.78010e-05
 Reference value :  3.79801e-05
 Reference value :  3.81619e-05
 Reference value :  3.83215e-05
 Reference value :  3.85008e-05
 Reference value :  3.86713e-05
 Reference value :  3.88362e-05
 Reference value :  3.90103e-05
 Reference value :  3.91810e-05
 Reference value :  3.93618e-05
 Reference value :  3.95407e-05
 Reference value :  3.97202e-05
 Reference value :  3.98823e-05
 Reference value :  4.00770e-05
 Reference value :  4.02604e-05
 Reference value :  4.04402e-05
 Reference value :  4.06203e-05
 Reference value :  4.08002e-05
 Reference value :  4.09692e-05
 Reference value :  4.11402e-05
 Reference value :  4.13101e-05
 Reference value :  4.14764e-05
 Reference value :  4.17404e-05
 Reference value :  4.19117e-05
 Reference value :  4.21009e-05
 Reference value :  4.22776e-05
 Reference value :  4.24500e-05
 Reference value :  4.26010e-05
 Reference value :  4.27902e-05
 Reference value :  4.29640e-05
 Reference value :  4.31502e-05
 Reference value :  4.33306e-05
 Reference value :  4.35122e-05
 Reference value :  4.37012e-05
 Reference value :  4.38710e-05
 Reference value :  4.40501e-05
 Reference value :  4.42203e-05
 Reference value :  4.44003e-05
 Reference value :  4.45800e-05
 Reference value :  4.47601e-05
 Reference value :  4.49425e-05
 Reference value :  4.51210e-05
 Reference value :  4.52961e-05
 Reference value :  4.54609e-05
 Reference value :  4.56405e-05
 Reference value :  4.58400e-05
 Reference value :  4.60201e-05
 Reference value :  4.62000e-05
 Reference value :  4.63516e-05
 Reference value :  4.65376e-05
 Reference value :  4.67102e-05
 Reference value :  4.68901e-05
 Reference value :  4.70701e-05
 Reference value :  4.72310e-05
 Reference value :  4.74113e-05
 Reference value :  4.75904e-05
 Reference value :  4.77606e-05
 Reference value :  4.79213e-05
 Reference value :  4.81011e-05
 Reference value :  4.82804e-05
 Reference value :  4.84606e-05
 Reference value :  4.86463e-05
 Reference value :  4.88410e-05
 Reference value :  4.90500e-05
 Reference value :  4.92300e-05
 Reference value :  4.94101e-05
 Reference value :  4.95823e-05
 Reference value :  4.97515e-05
 Reference value :  4.99311e-05
 Reference value :  5.01101e-05
 Reference value :  5.02803e-05
 Reference value :  5.05002e-05
 Reference value :  5.06808e-05
 Reference value :  5.08602e-05
 Reference value :  5.10401e-05
 Reference value :  5.12102e-05
 Reference value :  5.13718e-05
 Reference value :  5.15502e-05
 Reference value :  5.17308e-05
 Reference value :  5.19101e-05
 Reference value :  5.20902e-05
 Reference value :  5.22640e-05
 Reference value :  5.24401e-05
 Reference value :  5.26002e-05
 Reference value :  5.27815e-05
 Reference value :  5.29603e-05
 Reference value :  5.31303e-05
 Reference value :  5.33119e-05
 Reference value :  5.34902e-05
 Reference value :  5.36701e-05
 Reference value :  5.38306e-05
 Reference value :  5.40005e-05
 Reference value :  5.41614e-05
 Reference value :  5.43317e-05
 Reference value :  5.44906e-05
 Reference value :  5.46610e-05
 Reference value :  5.48221e-05
 Reference value :  5.49910e-05
 Reference value :  5.51709e-05
 Reference value :  5.53501e-05
 Reference value :  5.55117e-05
 Reference value :  5.57100e-05
 Reference value :  5.58609e-05
 Reference value :  5.60202e-05
 Reference value :  5.62002e-05
 Reference value :  5.63701e-05
 Reference value :  5.65503e-05
 Reference value :  5.67300e-05
 Reference value :  5.68910e-05
 Reference value :  5.70612e-05
 Reference value :  5.72402e-05
 Reference value :  5.74019e-05
 Reference value :  5.75807e-05
 Reference value :  5.77620e-05
 Reference value :  5.79410e-05
 Reference value :  5.81202e-05
 Reference value :  5.83200e-05
 Reference value :  5.84802e-05
 Reference value :  5.86601e-05
 Reference value :  5.88318e-05
 Reference value :  5.90100e-05
 Reference value :  5.91702e-05
 Reference value :  5.93402e-05
 Reference value :  5.95601e-05
 Reference value :  5.97402e-05
 Reference value :  5.99101e-05
 Reference value :  6.00702e-05
 Reference value :  6.02214e-05
 Reference value :  6.04126e-05
 Reference value :  6.05871e-05
 Reference value :  6.07801e-05
 Reference value :  6.09601e-05
 Reference value :  6.11401e-05
 Reference value :  6.13207e-05
 Reference value :  6.15101e-05
 Reference value :  6.16802e-05
 Reference value :  6.18601e-05
 Reference value :  6.20206e-05
 Reference value :  6.22012e-05
 Reference value :  6.23705e-05
 Reference value :  6.25503e-05
 Reference value :  6.27114e-05
 Reference value :  6.28814e-05
 Reference value :  6.30602e-05
 Reference value :  6.32213e-05
 Reference value :  6.33911e-05
 Reference value :  6.36300e-05
 Reference value :  6.38507e-05
 Reference value :  6.40815e-05
 Reference value :  6.42610e-05
 Reference value :  6.44402e-05
 Reference value :  6.46055e-05
 Reference value :  6.48002e-05
 Reference value :  6.49801e-05
 Reference value :  6.51408e-05
 Reference value :  6.53105e-05
 Reference value :  6.54715e-05
 Reference value :  6.56701e-05
 Reference value :  6.58308e-05
 Reference value :  6.60102e-05
 Reference value :  6.61807e-05
 Reference value :  6.63705e-05
 Reference value :  6.65418e-05
 Reference value :  6.67309e-05
 Reference value :  6.69102e-05
 Reference value :  6.70877e-05
 Reference value :  6.72601e-05
 Reference value :  6.74415e-05
 Reference value :  6.76205e-05
 Reference value :  6.78001e-05
 Reference value :  6.79610e-05
 Reference value :  6.81602e-05
 Reference value :  6.83812e-05
 Reference value :  6.85602e-05
 Reference value :  6.87405e-05
 Reference value :  6.89117e-05
 Reference value :  6.90903e-05
 Reference value :  6.92701e-05
 Reference value :  6.94314e-05
 Reference value :  6.96307e-05
 Reference value :  6.98101e-05
 Reference value :  7.00002e-05
 Reference value :  7.01801e-05
 Reference value :  7.03505e-05
 Reference value :  7.05451e-05
 Reference value :  7.07400e-05
 Reference value :  7.09200e-05
 Reference value :  7.11001e-05
 Reference value :  7.12802e-05
 Reference value :  7.14601e-05
 Reference value :  7.16700e-05
 Reference value :  7.18303e-05
 Reference value :  7.20123e-05
 Reference value :  7.21912e-05
 Reference value :  7.23710e-05
 Reference value :  7.25509e-05
 Reference value :  7.27506e-05
 Reference value :  7.29402e-05
 Reference value :  7.31104e-05
 Reference value :  7.32904e-05
 Reference value :  7.34806e-05
 Reference value :  7.36801e-05
 Reference value :  7.38423e-05
 Reference value :  7.40210e-05
 Reference value :  7.42205e-05
 Reference value :  7.44001e-05
 Reference value :  7.45650e-05
 Reference value :  7.47601e-05
 Reference value :  7.49437e-05
 Reference value :  7.51224e-05
 Reference value :  7.53101e-05
 Reference value :  7.54907e-05
 Reference value :  7.56712e-05
 Reference value :  7.58508e-05
 Reference value :  7.60302e-05
 Reference value :  7.62101e-05
 Reference value :  7.63816e-05
 Reference value :  7.65607e-05
 Reference value :  7.67401e-05
 Reference value :  7.69201e-05
 Reference value :  7.71006e-05
 Reference value :  7.72801e-05
 Reference value :  7.74602e-05
 Reference value :  7.76505e-05
 Reference value :  7.78310e-05
 Reference value :  7.80113e-05
 Reference value :  7.81906e-05
 Reference value :  7.83702e-05
 Reference value :  7.85405e-05
 Reference value :  7.87302e-05
 Reference value :  7.89301e-05
 Reference value :  7.90957e-05
 Reference value :  7.92701e-05
 Reference value :  7.94402e-05
 Reference value :  7.96013e-05
 Reference value :  7.97808e-05
 Reference value :  7.99603e-05
No. of Data Rows : 448436
t_flip              =  2.54722e-05
vos_v               =  -1.45278e-02
m_dut_vos = -1.452784000e-02
Note: Simulation executed from .control section 

Warning: m=xx on .subckt line will override multiplier m hierarchy!

