
Note: Compatibility modes selected: hs a


Circuit: * comparator-kickback-vosprobe @ sf_27c_3.30v -- generated by sim/harness, do not edit

Doing analysis at TEMP = 27.000000 and TNOM = 27.000000

Using SPARSE 1.3 as Direct Linear Solver

Initial Transient Solution
--------------------------

Node                                   Voltage
----                                   -------
vdd                                        3.3
cm                                        1.65
clk                                          0
rmp                                      -0.04
vp                                        1.63
vn                                        1.67
ibn                                    1.08844
xdut.xlayout_dut.sp__t2            4.70192e-09
xdut.xlayout_dut.qp__t6                    3.3
xdut.xlayout_dut.vss__t17          3.52601e-11
xdut.xlayout_dut.vss__t2           4.48386e-20
xdut.xlayout_dut.dout__t3           5.4166e-09
xdut.xlayout_dut.sp__t3            4.78055e-09
xdut.xlayout_dut.vss__t25          2.52797e-21
xdut.xlayout_dut.vss__t3           6.06542e-20
xdut.xlayout_dut.dout__t2          5.24495e-09
xdut.xlayout_dut.doutb__t0                 3.3
xdut.xlayout_dut.vss__t24          4.88432e-11
xdut.xlayout_dut.vss__t4           6.23374e-20
xdut.xlayout_dut.ibias__t0             1.08716
xdut.xlayout_dut.ibias__t1             1.08844
xdut.xlayout_dut.vss__t20          0.000254896
xdut.xlayout_dut.vss__t8           2.77185e-11
xdut.xlayout_dut.sn__t2            4.70186e-09
xdut.xlayout_dut.qn__t6                    3.3
xdut.xlayout_dut.vss__t23          3.51944e-11
xdut.xlayout_dut.vss__t5           4.47539e-20
xdut.xlayout_dut.doutb__t1                 3.3
xdut.xlayout_dut.sn__t3            4.82111e-09
xdut.xlayout_dut.vss__t22          2.42924e-14
xdut.xlayout_dut.vss__t6           3.69049e-11
xdut.xlayout_dut.doutb__t4                 3.3
xdut.xlayout_dut.dout__t4           5.4166e-09
xdut.xlayout_dut.vss__t21           2.5549e-14
xdut.xlayout_dut.vss__t7           3.88139e-11
xdut.xlayout_dut.qn__t4                    3.3
xdut.xlayout_dut.qp__t0                    3.3
xdut.xlayout_dut.mn__t0                    3.3
xdut.xlayout_dut.vss__t9           4.33209e-11
xdut.xlayout_dut.mn__t1                    3.3
xdut.xlayout_dut.aop__t2                1.7051
xdut.xlayout_dut.ltail__t0             1.67274
xdut.xlayout_dut.vss__t11          2.97386e-11
xdut.xlayout_dut.atail__t0            0.624582
xdut.xlayout_dut.ibias__t2             1.08844
xdut.xlayout_dut.vss__t19          0.000495569
xdut.xlayout_dut.vss__t13          1.53164e-11
xdut.xlayout_dut.qp__t1                    3.3
xdut.xlayout_dut.qn__t5                    3.3
xdut.xlayout_dut.mp__t2                    3.3
xdut.xlayout_dut.vss__t10          4.33989e-11
xdut.xlayout_dut.ltail__t1             1.67274
xdut.xlayout_dut.clk__t2                     0
xdut.xlayout_dut.vss__t18          8.02099e-14
xdut.xlayout_dut.vss__t14          9.03406e-12
xdut.xlayout_dut.mp__t1                    3.3
xdut.xlayout_dut.aon__t0               2.39273
xdut.xlayout_dut.ltail__t2             1.67274
xdut.xlayout_dut.vss__t12           3.0037e-11
xdut.xlayout_dut.aon__t1               2.39214
xdut.xlayout_dut.vinp__t0                 1.63
xdut.xlayout_dut.atail__t1            0.625157
xdut.xlayout_dut.vss__t15           8.5206e-09
xdut.xlayout_dut.aop__t1               1.70351
xdut.xlayout_dut.vinn__t0                 1.67
xdut.xlayout_dut.atail__t2            0.625516
xdut.xlayout_dut.vss__t16          5.65501e-11
xdut.xlayout_dut.mn__t2                    3.3
xdut.xlayout_dut.clk__t0                     0
xdut.xlayout_dut.vdd__t0                   3.3
xdut.xlayout_dut.vdd__t1                   3.3
xdut.xlayout_dut.qn__t1                    3.3
xdut.xlayout_dut.clk__t1                     0
xdut.xlayout_dut.vdd__t2                   3.3
xdut.xlayout_dut.vdd__t3                   3.3
xdut.xlayout_dut.sp__t0            4.95283e-09
xdut.xlayout_dut.qp__t2                    3.3
xdut.xlayout_dut.vdd__t4                   3.3
xdut.xlayout_dut.vdd__t5                   3.3
xdut.xlayout_dut.mp__t0                    3.3
xdut.xlayout_dut.clk__t4                     0
xdut.xlayout_dut.vdd__t21                  3.3
xdut.xlayout_dut.vdd__t20                  3.3
xdut.xlayout_dut.qn__t0                    3.3
xdut.xlayout_dut.qp__t3                    3.3
xdut.xlayout_dut.vdd__t6                   3.3
xdut.xlayout_dut.vdd__t7                   3.3
xdut.xlayout_dut.qp__t4                    3.3
xdut.xlayout_dut.clk__t3                     0
xdut.xlayout_dut.vdd__t19                  3.3
xdut.xlayout_dut.vdd__t18                  3.3
xdut.xlayout_dut.na__t1                    3.3
xdut.xlayout_dut.sp__t1            4.78055e-09
xdut.xlayout_dut.vdd__t23                  3.3
xdut.xlayout_dut.vdd__t8                   3.3
xdut.xlayout_dut.dout__t0          5.54263e-09
xdut.xlayout_dut.doutb__t2                 3.3
xdut.xlayout_dut.na__t0                    3.3
xdut.xlayout_dut.vdd__t13                  3.3
xdut.xlayout_dut.sn__t0            5.00847e-09
xdut.xlayout_dut.qn__t3                    3.3
xdut.xlayout_dut.vdd__t17                  3.3
xdut.xlayout_dut.vdd__t16                  3.3
xdut.xlayout_dut.qp__t5                    3.3
xdut.xlayout_dut.qn__t2                    3.3
xdut.xlayout_dut.vdd__t15                  3.3
xdut.xlayout_dut.vdd__t14                  3.3
xdut.xlayout_dut.nb__t1                    3.3
xdut.xlayout_dut.sn__t1            4.82111e-09
xdut.xlayout_dut.vdd__t22                  3.3
xdut.xlayout_dut.vdd__t12                  3.3
xdut.xlayout_dut.doutb__t3                 3.3
xdut.xlayout_dut.dout__t1           5.4166e-09
xdut.xlayout_dut.nb__t0                    3.3
xdut.xlayout_dut.vdd__t11                  3.3
xdut.xlayout_dut.aon__t2               2.39297
xdut.xlayout_dut.x$28.11                2.3936
xdut.xlayout_dut.vss__t0                     0
xdut.xlayout_dut.x$28.21               3.29843
xdut.xlayout_dut.vdd__t10              3.29906
xdut.xlayout_dut.aop__t0               1.70555
xdut.xlayout_dut.x$29.11               1.70667
xdut.xlayout_dut.vss__t1                     0
xdut.xlayout_dut.x$29.21               3.29823
xdut.xlayout_dut.vdd__t9               3.29935
xdut.xlayout_dut.aon                   2.39273
vsubs                                        0
xdut.xlayout_dut.aop                    1.7051
xdut.xlayout_dut.atail                 0.62508
dout                                5.4166e-09
doutb                                      3.3
xdut.xlayout_dut.ltail                 1.67274
xdut.xlayout_dut.mn                        3.3
xdut.xlayout_dut.mp                        3.3
xdut.xlayout_dut.na                        3.3
xdut.xlayout_dut.nb                        3.3
xdut.xlayout_dut.qn                        3.3
xdut.xlayout_dut.qp                        3.3
xdut.xlayout_dut.sn                4.82111e-09
xdut.xlayout_dut.sp                4.78055e-09
dn                                 1.64139e-09
bdn#branch                                   0
bnn#branch                         1.17161e-18
bpp#branch                          3.4199e-19
vrmp#branch                                  0
vclk#branch                                  0
vcm#branch                                   0
vsup#branch                       -3.02253e-05

 Reference value :  1.00115e-07
 Reference value :  2.70006e-07
 Reference value :  4.20779e-07
 Reference value :  5.81386e-07
 Reference value :  7.60234e-07
 Reference value :  9.12648e-07
 Reference value :  1.08052e-06
 Reference value :  1.26002e-06
 Reference value :  1.41046e-06
 Reference value :  1.56481e-06
 Reference value :  1.72035e-06
 Reference value :  1.87042e-06
 Reference value :  2.02120e-06
 Reference value :  2.19010e-06
 Reference value :  2.35114e-06
 Reference value :  2.53052e-06
 Reference value :  2.70027e-06
 Reference value :  2.86012e-06
 Reference value :  3.01083e-06
 Reference value :  3.18000e-06
 Reference value :  3.33049e-06
 Reference value :  3.48738e-06
 Reference value :  3.66009e-06
 Reference value :  3.81062e-06
 Reference value :  3.97060e-06
 Reference value :  4.14017e-06
 Reference value :  4.29044e-06
 Reference value :  4.47024e-06
 Reference value :  4.62076e-06
 Reference value :  4.78036e-06
 Reference value :  4.93135e-06
 Reference value :  5.10013e-06
 Reference value :  5.25027e-06
 Reference value :  5.44116e-06
 Reference value :  5.59151e-06
 Reference value :  5.76016e-06
 Reference value :  5.91043e-06
 Reference value :  6.06259e-06
 Reference value :  6.22051e-06
 Reference value :  6.37139e-06
 Reference value :  6.54050e-06
 Reference value :  6.70011e-06
 Reference value :  6.85061e-06
 Reference value :  7.02030e-06
 Reference value :  7.18010e-06
 Reference value :  7.33141e-06
 Reference value :  7.50016e-06
 Reference value :  7.66010e-06
 Reference value :  7.81060e-06
 Reference value :  7.97645e-06
 Reference value :  8.13010e-06
 Reference value :  8.28047e-06
 Reference value :  8.43086e-06
 Reference value :  8.59020e-06
 Reference value :  8.74161e-06
 Reference value :  8.91024e-06
 Reference value :  9.07045e-06
 Reference value :  9.24021e-06
 Reference value :  9.40013e-06
 Reference value :  9.57010e-06
 Reference value :  9.72072e-06
 Reference value :  9.87174e-06
 Reference value :  1.00501e-05
 Reference value :  1.02015e-05
 Reference value :  1.03608e-05
 Reference value :  1.05301e-05
 Reference value :  1.06805e-05
 Reference value :  1.08402e-05
 Reference value :  1.09910e-05
 Reference value :  1.11702e-05
 Reference value :  1.13401e-05
 Reference value :  1.14908e-05
 Reference value :  1.16541e-05
 Reference value :  1.18203e-05
 Reference value :  1.19803e-05
 Reference value :  1.21501e-05
 Reference value :  1.23007e-05
 Reference value :  1.25401e-05
 Reference value :  1.26907e-05
 Reference value :  1.28702e-05
 Reference value :  1.30206e-05
 Reference value :  1.31802e-05
 Reference value :  1.33310e-05
 Reference value :  1.34828e-05
 Reference value :  1.36602e-05
 Reference value :  1.38115e-05
 Reference value :  1.39806e-05
 Reference value :  1.41407e-05
 Reference value :  1.43100e-05
 Reference value :  1.44710e-05
 Reference value :  1.46403e-05
 Reference value :  1.48008e-05
 Reference value :  1.49702e-05
 Reference value :  1.51222e-05
 Reference value :  1.53001e-05
 Reference value :  1.54609e-05
 Reference value :  1.56303e-05
 Reference value :  1.57901e-05
 Reference value :  1.59602e-05
 Reference value :  1.61401e-05
 Reference value :  1.63011e-05
 Reference value :  1.64708e-05
 Reference value :  1.66501e-05
 Reference value :  1.68102e-05
 Reference value :  1.69721e-05
 Reference value :  1.71318e-05
 Reference value :  1.73102e-05
 Reference value :  1.74901e-05
 Reference value :  1.76502e-05
 Reference value :  1.78203e-05
 Reference value :  1.79899e-05
 Reference value :  1.81602e-05
 Reference value :  1.83301e-05
 Reference value :  1.84901e-05
 Reference value :  1.86613e-05
 Reference value :  1.88401e-05
 Reference value :  1.90200e-05
 Reference value :  1.91801e-05
 Reference value :  1.93502e-05
 Reference value :  1.95001e-05
 Reference value :  1.96607e-05
 Reference value :  1.98309e-05
 Reference value :  1.99984e-05
 Reference value :  2.01704e-05
 Reference value :  2.03400e-05
 Reference value :  2.05001e-05
 Reference value :  2.07303e-05
 Reference value :  2.08913e-05
 Reference value :  2.10702e-05
 Reference value :  2.12213e-05
 Reference value :  2.13908e-05
 Reference value :  2.15507e-05
 Reference value :  2.17208e-05
 Reference value :  2.19001e-05
 Reference value :  2.20506e-05
 Reference value :  2.22301e-05
 Reference value :  2.23903e-05
 Reference value :  2.25610e-05
 Reference value :  2.27410e-05
 Reference value :  2.29201e-05
 Reference value :  2.30802e-05
 Reference value :  2.32503e-05
 Reference value :  2.34108e-05
 Reference value :  2.35902e-05
 Reference value :  2.38008e-05
 Reference value :  2.40302e-05
 Reference value :  2.42211e-05
 Reference value :  2.44208e-05
 Reference value :  2.45803e-05
 Reference value :  2.47507e-05
 Reference value :  2.49106e-05
 Reference value :  2.50806e-05
 Reference value :  2.52615e-05
 Reference value :  2.54216e-05
 Reference value :  2.55907e-05
 Reference value :  2.57700e-05
 Reference value :  2.59205e-05
 Reference value :  2.61015e-05
 Reference value :  2.62802e-05
 Reference value :  2.64405e-05
 Reference value :  2.66204e-05
 Reference value :  2.67901e-05
 Reference value :  2.69506e-05
 Reference value :  2.71201e-05
 Reference value :  2.73000e-05
 Reference value :  2.74801e-05
 Reference value :  2.76408e-05
 Reference value :  2.78208e-05
 Reference value :  2.80013e-05
 Reference value :  2.82003e-05
 Reference value :  2.83648e-05
 Reference value :  2.85410e-05
 Reference value :  2.87201e-05
 Reference value :  2.88727e-05
 Reference value :  2.90414e-05
 Reference value :  2.92201e-05
 Reference value :  2.94314e-05
 Reference value :  2.95908e-05
 Reference value :  2.97621e-05
 Reference value :  2.99402e-05
 Reference value :  3.01005e-05
 Reference value :  3.02712e-05
 Reference value :  3.04306e-05
 Reference value :  3.06102e-05
 Reference value :  3.07863e-05
 Reference value :  3.09413e-05
 Reference value :  3.11201e-05
 Reference value :  3.12903e-05
 Reference value :  3.14707e-05
 Reference value :  3.16302e-05
 Reference value :  3.18011e-05
 Reference value :  3.19602e-05
 Reference value :  3.21109e-05
 Reference value :  3.22901e-05
 Reference value :  3.24615e-05
 Reference value :  3.26408e-05
 Reference value :  3.28044e-05
 Reference value :  3.29869e-05
 Reference value :  3.31750e-05
 Reference value :  3.33456e-05
 Reference value :  3.35401e-05
 Reference value :  3.37009e-05
 Reference value :  3.38813e-05
 Reference value :  3.40601e-05
 Reference value :  3.42307e-05
 Reference value :  3.44117e-05
 Reference value :  3.45902e-05
 Reference value :  3.47705e-05
 Reference value :  3.49500e-05
 Reference value :  3.51102e-05
 Reference value :  3.52815e-05
 Reference value :  3.54704e-05
 Reference value :  3.56502e-05
 Reference value :  3.58504e-05
 Reference value :  3.60305e-05
 Reference value :  3.62102e-05
 Reference value :  3.63907e-05
 Reference value :  3.65707e-05
 Reference value :  3.67506e-05
 Reference value :  3.69301e-05
 Reference value :  3.70908e-05
 Reference value :  3.72702e-05
 Reference value :  3.75005e-05
 Reference value :  3.76909e-05
 Reference value :  3.78706e-05
 Reference value :  3.80502e-05
 Reference value :  3.82206e-05
 Reference value :  3.83829e-05
 Reference value :  3.85608e-05
 Reference value :  3.87402e-05
 Reference value :  3.89114e-05
 Reference value :  3.90912e-05
 Reference value :  3.92700e-05
 Reference value :  3.94308e-05
 Reference value :  3.96300e-05
 Reference value :  3.98101e-05
 Reference value :  3.99711e-05
 Reference value :  4.01502e-05
 Reference value :  4.03307e-05
 Reference value :  4.05115e-05
 Reference value :  4.06902e-05
 Reference value :  4.08634e-05
 Reference value :  4.10408e-05
 Reference value :  4.12011e-05
 Reference value :  4.13701e-05
 Reference value :  4.15310e-05
 Reference value :  4.17105e-05
 Reference value :  4.18808e-05
 Reference value :  4.20701e-05
 Reference value :  4.22508e-05
 Reference value :  4.24303e-05
 Reference value :  4.26002e-05
 Reference value :  4.27618e-05
 Reference value :  4.29601e-05
 Reference value :  4.31400e-05
 Reference value :  4.33004e-05
 Reference value :  4.34701e-05
 Reference value :  4.36501e-05
 Reference value :  4.38106e-05
 Reference value :  4.39804e-05
 Reference value :  4.41402e-05
 Reference value :  4.43105e-05
 Reference value :  4.44909e-05
 Reference value :  4.46701e-05
 Reference value :  4.48307e-05
 Reference value :  4.50005e-05
 Reference value :  4.51802e-05
 Reference value :  4.53602e-05
 Reference value :  4.55406e-05
 Reference value :  4.57009e-05
 Reference value :  4.58710e-05
 Reference value :  4.60309e-05
 Reference value :  4.62000e-05
 Reference value :  4.63510e-05
 Reference value :  4.65301e-05
 Reference value :  4.67404e-05
 Reference value :  4.69003e-05
 Reference value :  4.70809e-05
 Reference value :  4.72501e-05
 Reference value :  4.74006e-05
 Reference value :  4.75603e-05
 Reference value :  4.77403e-05
 Reference value :  4.79101e-05
 Reference value :  4.80711e-05
 Reference value :  4.82504e-05
 Reference value :  4.84313e-05
 Reference value :  4.86102e-05
 Reference value :  4.87804e-05
 Reference value :  4.89600e-05
 Reference value :  4.91202e-05
 Reference value :  4.92714e-05
 Reference value :  4.94402e-05
 Reference value :  4.96205e-05
 Reference value :  4.98001e-05
 Reference value :  4.99505e-05
 Reference value :  5.01107e-05
 Reference value :  5.02802e-05
 Reference value :  5.04402e-05
 Reference value :  5.06208e-05
 Reference value :  5.07905e-05
 Reference value :  5.09510e-05
 Reference value :  5.11306e-05
 Reference value :  5.13003e-05
 Reference value :  5.14801e-05
 Reference value :  5.16509e-05
 Reference value :  5.18201e-05
 Reference value :  5.19907e-05
 Reference value :  5.21700e-05
 Reference value :  5.23209e-05
 Reference value :  5.24810e-05
 Reference value :  5.26504e-05
 Reference value :  5.28300e-05
 Reference value :  5.29902e-05
 Reference value :  5.31624e-05
 Reference value :  5.33400e-05
 Reference value :  5.35309e-05
 Reference value :  5.37108e-05
 Reference value :  5.38905e-05
 Reference value :  5.40616e-05
 Reference value :  5.42405e-05
 Reference value :  5.44201e-05
 Reference value :  5.45805e-05
 Reference value :  5.47506e-05
 Reference value :  5.49303e-05
 Reference value :  5.51701e-05
 Reference value :  5.53307e-05
 Reference value :  5.55106e-05
 Reference value :  5.56803e-05
 Reference value :  5.58413e-05
 Reference value :  5.60112e-05
 Reference value :  5.61980e-05
 Reference value :  5.63801e-05
 Reference value :  5.65504e-05
 Reference value :  5.67307e-05
 Reference value :  5.69102e-05
 Reference value :  5.70709e-05
 Reference value :  5.72517e-05
 Reference value :  5.74307e-05
 Reference value :  5.76017e-05
 Reference value :  5.77901e-05
 Reference value :  5.79602e-05
 Reference value :  5.81453e-05
 Reference value :  5.83208e-05
 Reference value :  5.85001e-05
 Reference value :  5.86805e-05
 Reference value :  5.88601e-05
 Reference value :  5.90201e-05
 Reference value :  5.92002e-05
 Reference value :  5.93702e-05
 Reference value :  5.95309e-05
 Reference value :  5.97112e-05
 Reference value :  5.98913e-05
 Reference value :  6.00714e-05
 Reference value :  6.02565e-05
 Reference value :  6.04303e-05
 Reference value :  6.06001e-05
 Reference value :  6.07612e-05
 Reference value :  6.09406e-05
 Reference value :  6.11209e-05
 Reference value :  6.13006e-05
 Reference value :  6.14701e-05
 Reference value :  6.16309e-05
 Reference value :  6.18006e-05
 Reference value :  6.19802e-05
 Reference value :  6.21408e-05
 Reference value :  6.23208e-05
 Reference value :  6.25011e-05
 Reference value :  6.26802e-05
 Reference value :  6.28617e-05
 Reference value :  6.30401e-05
 Reference value :  6.32107e-05
 Reference value :  6.33732e-05
 Reference value :  6.35502e-05
 Reference value :  6.37201e-05
 Reference value :  6.38806e-05
 Reference value :  6.40902e-05
 Reference value :  6.42709e-05
 Reference value :  6.44406e-05
 Reference value :  6.46009e-05
 Reference value :  6.47702e-05
 Reference value :  6.49501e-05
 Reference value :  6.51108e-05
 Reference value :  6.53102e-05
 Reference value :  6.54713e-05
 Reference value :  6.56700e-05
 Reference value :  6.58501e-05
 Reference value :  6.60301e-05
 Reference value :  6.62103e-05
 Reference value :  6.63900e-05
 Reference value :  6.65509e-05
 Reference value :  6.67301e-05
 Reference value :  6.69005e-05
 Reference value :  6.70802e-05
 Reference value :  6.72601e-05
 Reference value :  6.74209e-05
 Reference value :  6.75904e-05
 Reference value :  6.77702e-05
 Reference value :  6.79501e-05
 Reference value :  6.81304e-05
 Reference value :  6.83701e-05
 Reference value :  6.85877e-05
 Reference value :  6.87704e-05
 Reference value :  6.89410e-05
 Reference value :  6.91027e-05
 Reference value :  6.92802e-05
 Reference value :  6.94503e-05
 Reference value :  6.96106e-05
 Reference value :  6.97801e-05
 Reference value :  6.99312e-05
 Reference value :  7.01102e-05
 Reference value :  7.02722e-05
 Reference value :  7.04501e-05
 Reference value :  7.06201e-05
 Reference value :  7.08001e-05
 Reference value :  7.09603e-05
 Reference value :  7.11312e-05
 Reference value :  7.13103e-05
 Reference value :  7.14712e-05
 Reference value :  7.16404e-05
 Reference value :  7.18304e-05
 Reference value :  7.20006e-05
 Reference value :  7.21616e-05
 Reference value :  7.23312e-05
 Reference value :  7.25101e-05
 Reference value :  7.27302e-05
 Reference value :  7.29002e-05
 Reference value :  7.30611e-05
 Reference value :  7.32402e-05
 Reference value :  7.34101e-05
 Reference value :  7.35608e-05
 Reference value :  7.37257e-05
 Reference value :  7.39002e-05
 Reference value :  7.40705e-05
 Reference value :  7.42502e-05
 Reference value :  7.44303e-05
 Reference value :  7.45903e-05
 Reference value :  7.47601e-05
 Reference value :  7.49401e-05
 Reference value :  7.51002e-05
 Reference value :  7.52701e-05
 Reference value :  7.54302e-05
 Reference value :  7.56008e-05
 Reference value :  7.57801e-05
 Reference value :  7.59605e-05
 Reference value :  7.61204e-05
 Reference value :  7.62904e-05
 Reference value :  7.64701e-05
 Reference value :  7.66306e-05
 Reference value :  7.68003e-05
 Reference value :  7.69802e-05
 Reference value :  7.71423e-05
 Reference value :  7.73102e-05
 Reference value :  7.74615e-05
 Reference value :  7.76429e-05
 Reference value :  7.78202e-05
 Reference value :  7.79808e-05
 Reference value :  7.81502e-05
 Reference value :  7.83301e-05
 Reference value :  7.84805e-05
 Reference value :  7.86405e-05
 Reference value :  7.88103e-05
 Reference value :  7.89901e-05
 Reference value :  7.91407e-05
 Reference value :  7.93009e-05
 Reference value :  7.94701e-05
 Reference value :  7.96260e-05
 Reference value :  7.97811e-05
 Reference value :  7.99503e-05
No. of Data Rows : 460817
t_flip              =  3.20721e-05
vos_v               =  -7.92787e-03
m_dut_vos = -7.927870000e-03
Note: Simulation executed from .control section 

Warning: m=xx on .subckt line will override multiplier m hierarchy!

