
Note: Compatibility modes selected: hs a


Circuit: * comparator-kickback @ sf_27c_2.97v -- generated by sim/harness, do not edit

Doing analysis at TEMP = 27.000000 and TNOM = 27.000000

Using SPARSE 1.3 as Direct Linear Solver

Initial Transient Solution
--------------------------

Node                                   Voltage
----                                   -------
vdd                                       2.97
cm                                        1.65
clk                                          0
sa                                 -0.00455774
asp                                    1.64772
asn                                    1.65228
apa                                    1.64772
ana                                    1.65228
ibna                                   1.08844
xa.xlayout_dut.sp__t2              4.17303e-09
xa.xlayout_dut.qp__t6                     2.97
xa.xlayout_dut.vss__t17            2.93225e-11
xa.xlayout_dut.vss__t2             3.97764e-20
xa.xlayout_dut.dout__t3                1.55672
xa.xlayout_dut.sp__t3              4.23842e-09
xa.xlayout_dut.vss__t25            1.89147e-14
xa.xlayout_dut.vss__t3             1.74311e-11
xa.xlayout_dut.dout__t2                1.55155
xa.xlayout_dut.doutb__t0               1.55908
xa.xlayout_dut.vss__t24             0.00147047
xa.xlayout_dut.vss__t4             2.04915e-11
xa.xlayout_dut.ibias__t0               1.08716
xa.xlayout_dut.ibias__t1               1.08844
xa.xlayout_dut.vss__t20            0.000254896
xa.xlayout_dut.vss__t8             2.77185e-11
xa.xlayout_dut.sn__t2              4.17298e-09
xa.xlayout_dut.qn__t6                     2.97
xa.xlayout_dut.vss__t23            2.92679e-11
xa.xlayout_dut.vss__t5             3.97013e-20
xa.xlayout_dut.doutb__t1               1.55908
xa.xlayout_dut.sn__t3              4.27215e-09
xa.xlayout_dut.vss__t22            1.88965e-14
xa.xlayout_dut.vss__t6             1.74343e-11
xa.xlayout_dut.doutb__t4                1.5544
xa.xlayout_dut.dout__t4                1.55672
xa.xlayout_dut.vss__t21             0.00146195
xa.xlayout_dut.vss__t7             2.07161e-11
xa.xlayout_dut.qn__t4                     2.97
xa.xlayout_dut.qp__t0                     2.97
xa.xlayout_dut.mn__t0                     2.97
xa.xlayout_dut.vss__t9             3.89888e-11
xa.xlayout_dut.mn__t1                     2.97
xa.xlayout_dut.aop__t2                 1.68182
xa.xlayout_dut.ltail__t0               1.16697
xa.xlayout_dut.vss__t11            2.47405e-11
xa.xlayout_dut.atail__t0              0.622748
xa.xlayout_dut.ibias__t2               1.08844
xa.xlayout_dut.vss__t19            0.000495557
xa.xlayout_dut.vss__t13            1.52715e-11
xa.xlayout_dut.qp__t1                     2.97
xa.xlayout_dut.qn__t5                     2.97
xa.xlayout_dut.mp__t2                     2.97
xa.xlayout_dut.vss__t10             3.9059e-11
xa.xlayout_dut.ltail__t1               1.16697
xa.xlayout_dut.clk__t2                       0
xa.xlayout_dut.vss__t18            7.41289e-14
xa.xlayout_dut.vss__t14            6.30253e-12
xa.xlayout_dut.mp__t1                     2.97
xa.xlayout_dut.aon__t0                 1.75593
xa.xlayout_dut.ltail__t2               1.16697
xa.xlayout_dut.vss__t12            2.49893e-11
xa.xlayout_dut.aon__t1                 1.75514
xa.xlayout_dut.vinp__t0                1.64772
xa.xlayout_dut.atail__t1              0.623349
xa.xlayout_dut.vss__t15             5.7765e-11
xa.xlayout_dut.aop__t1                 1.68053
xa.xlayout_dut.vinn__t0                1.65228
xa.xlayout_dut.atail__t2              0.623598
xa.xlayout_dut.vss__t16            5.57789e-11
xa.xlayout_dut.mn__t2                     2.97
xa.xlayout_dut.clk__t0                       0
xa.xlayout_dut.vdd__t0                    2.97
xa.xlayout_dut.vdd__t1                    2.97
xa.xlayout_dut.qn__t1                     2.97
xa.xlayout_dut.clk__t1                       0
xa.xlayout_dut.vdd__t2                    2.97
xa.xlayout_dut.vdd__t3                    2.97
xa.xlayout_dut.sp__t0              4.38169e-09
xa.xlayout_dut.qp__t2                     2.97
xa.xlayout_dut.vdd__t4                    2.97
xa.xlayout_dut.vdd__t5                    2.97
xa.xlayout_dut.mp__t0                     2.97
xa.xlayout_dut.clk__t4                       0
xa.xlayout_dut.vdd__t21                   2.97
xa.xlayout_dut.vdd__t20                   2.97
xa.xlayout_dut.qn__t0                     2.97
xa.xlayout_dut.qp__t3                     2.97
xa.xlayout_dut.vdd__t6                    2.97
xa.xlayout_dut.vdd__t7                    2.97
xa.xlayout_dut.qp__t4                     2.97
xa.xlayout_dut.clk__t3                       0
xa.xlayout_dut.vdd__t19                   2.97
xa.xlayout_dut.vdd__t18                   2.97
xa.xlayout_dut.na__t1                  2.87266
xa.xlayout_dut.sp__t1              4.23842e-09
xa.xlayout_dut.vdd__t23                2.96801
xa.xlayout_dut.vdd__t8                    2.97
xa.xlayout_dut.dout__t0                1.56051
xa.xlayout_dut.doutb__t2               1.55908
xa.xlayout_dut.na__t0                  2.87081
xa.xlayout_dut.vdd__t13                   2.97
xa.xlayout_dut.sn__t0              4.42795e-09
xa.xlayout_dut.qn__t3                     2.97
xa.xlayout_dut.vdd__t17                   2.97
xa.xlayout_dut.vdd__t16                   2.97
xa.xlayout_dut.qp__t5                     2.97
xa.xlayout_dut.qn__t2                     2.97
xa.xlayout_dut.vdd__t15                   2.97
xa.xlayout_dut.vdd__t14                   2.97
xa.xlayout_dut.nb__t1                  2.87294
xa.xlayout_dut.sn__t1              4.27215e-09
xa.xlayout_dut.vdd__t22                2.96785
xa.xlayout_dut.vdd__t12                   2.97
xa.xlayout_dut.doutb__t3               1.56926
xa.xlayout_dut.dout__t1                1.55672
xa.xlayout_dut.nb__t0                  2.86818
xa.xlayout_dut.vdd__t11                   2.97
xa.xlayout_dut.aon__t2                 1.75625
xa.xlayout_dut.x$28.11                  1.7571
xa.xlayout_dut.vss__t0                       0
xa.xlayout_dut.x$28.21                 2.96789
xa.xlayout_dut.vdd__t10                2.96875
xa.xlayout_dut.aop__t0                 1.68218
xa.xlayout_dut.x$29.11                 1.68308
xa.xlayout_dut.vss__t1                       0
xa.xlayout_dut.x$29.21                 2.96857
xa.xlayout_dut.vdd__t9                 2.96947
xa.xlayout_dut.aon                     1.75593
vsubs                                        0
xa.xlayout_dut.aop                     1.68182
xa.xlayout_dut.atail                  0.623246
douta                                  1.55672
doutba                                 1.55908
xa.xlayout_dut.ltail                   1.16697
xa.xlayout_dut.mn                         2.97
xa.xlayout_dut.mp                         2.97
xa.xlayout_dut.na                      2.87173
xa.xlayout_dut.nb                      2.87056
xa.xlayout_dut.qn                         2.97
xa.xlayout_dut.qp                         2.97
xa.xlayout_dut.sn                  4.27215e-09
xa.xlayout_dut.sp                  4.23842e-09
sb                                 -0.00455774
bsp                                    1.64772
bsn                                    1.65228
bpp                                    1.64772
bpn                                    1.65228
ibnb                                   1.08844
xb.xlayout_dut.sp__t2              4.17303e-09
xb.xlayout_dut.qp__t6                     2.97
xb.xlayout_dut.vss__t17            2.93225e-11
xb.xlayout_dut.vss__t2             3.97764e-20
xb.xlayout_dut.dout__t3                1.55672
xb.xlayout_dut.sp__t3              4.23842e-09
xb.xlayout_dut.vss__t25            1.89147e-14
xb.xlayout_dut.vss__t3             1.74311e-11
xb.xlayout_dut.dout__t2                1.55155
xb.xlayout_dut.doutb__t0               1.55908
xb.xlayout_dut.vss__t24             0.00147047
xb.xlayout_dut.vss__t4             2.04915e-11
xb.xlayout_dut.ibias__t0               1.08716
xb.xlayout_dut.ibias__t1               1.08844
xb.xlayout_dut.vss__t20            0.000254896
xb.xlayout_dut.vss__t8             2.77185e-11
xb.xlayout_dut.sn__t2              4.17298e-09
xb.xlayout_dut.qn__t6                     2.97
xb.xlayout_dut.vss__t23            2.92679e-11
xb.xlayout_dut.vss__t5             3.97013e-20
xb.xlayout_dut.doutb__t1               1.55908
xb.xlayout_dut.sn__t3              4.27215e-09
xb.xlayout_dut.vss__t22            1.88965e-14
xb.xlayout_dut.vss__t6             1.74343e-11
xb.xlayout_dut.doutb__t4                1.5544
xb.xlayout_dut.dout__t4                1.55672
xb.xlayout_dut.vss__t21             0.00146195
xb.xlayout_dut.vss__t7             2.07161e-11
xb.xlayout_dut.qn__t4                     2.97
xb.xlayout_dut.qp__t0                     2.97
xb.xlayout_dut.mn__t0                     2.97
xb.xlayout_dut.vss__t9             3.89888e-11
xb.xlayout_dut.mn__t1                     2.97
xb.xlayout_dut.aop__t2                 1.68182
xb.xlayout_dut.ltail__t0               1.16697
xb.xlayout_dut.vss__t11            2.47405e-11
xb.xlayout_dut.atail__t0              0.622748
xb.xlayout_dut.ibias__t2               1.08844
xb.xlayout_dut.vss__t19            0.000495557
xb.xlayout_dut.vss__t13            1.52715e-11
xb.xlayout_dut.qp__t1                     2.97
xb.xlayout_dut.qn__t5                     2.97
xb.xlayout_dut.mp__t2                     2.97
xb.xlayout_dut.vss__t10             3.9059e-11
xb.xlayout_dut.ltail__t1               1.16697
xb.xlayout_dut.clk__t2                       0
xb.xlayout_dut.vss__t18            7.41289e-14
xb.xlayout_dut.vss__t14            6.30253e-12
xb.xlayout_dut.mp__t1                     2.97
xb.xlayout_dut.aon__t0                 1.75593
xb.xlayout_dut.ltail__t2               1.16697
xb.xlayout_dut.vss__t12            2.49893e-11
xb.xlayout_dut.aon__t1                 1.75514
xb.xlayout_dut.vinp__t0                1.64772
xb.xlayout_dut.atail__t1              0.623349
xb.xlayout_dut.vss__t15             5.7765e-11
xb.xlayout_dut.aop__t1                 1.68053
xb.xlayout_dut.vinn__t0                1.65228
xb.xlayout_dut.atail__t2              0.623598
xb.xlayout_dut.vss__t16            5.57789e-11
xb.xlayout_dut.mn__t2                     2.97
xb.xlayout_dut.clk__t0                       0
xb.xlayout_dut.vdd__t0                    2.97
xb.xlayout_dut.vdd__t1                    2.97
xb.xlayout_dut.qn__t1                     2.97
xb.xlayout_dut.clk__t1                       0
xb.xlayout_dut.vdd__t2                    2.97
xb.xlayout_dut.vdd__t3                    2.97
xb.xlayout_dut.sp__t0              4.38169e-09
xb.xlayout_dut.qp__t2                     2.97
xb.xlayout_dut.vdd__t4                    2.97
xb.xlayout_dut.vdd__t5                    2.97
xb.xlayout_dut.mp__t0                     2.97
xb.xlayout_dut.clk__t4                       0
xb.xlayout_dut.vdd__t21                   2.97
xb.xlayout_dut.vdd__t20                   2.97
xb.xlayout_dut.qn__t0                     2.97
xb.xlayout_dut.qp__t3                     2.97
xb.xlayout_dut.vdd__t6                    2.97
xb.xlayout_dut.vdd__t7                    2.97
xb.xlayout_dut.qp__t4                     2.97
xb.xlayout_dut.clk__t3                       0
xb.xlayout_dut.vdd__t19                   2.97
xb.xlayout_dut.vdd__t18                   2.97
xb.xlayout_dut.na__t1                  2.87266
xb.xlayout_dut.sp__t1              4.23842e-09
xb.xlayout_dut.vdd__t23                2.96801
xb.xlayout_dut.vdd__t8                    2.97
xb.xlayout_dut.dout__t0                1.56051
xb.xlayout_dut.doutb__t2               1.55908
xb.xlayout_dut.na__t0                  2.87081
xb.xlayout_dut.vdd__t13                   2.97
xb.xlayout_dut.sn__t0              4.42795e-09
xb.xlayout_dut.qn__t3                     2.97
xb.xlayout_dut.vdd__t17                   2.97
xb.xlayout_dut.vdd__t16                   2.97
xb.xlayout_dut.qp__t5                     2.97
xb.xlayout_dut.qn__t2                     2.97
xb.xlayout_dut.vdd__t15                   2.97
xb.xlayout_dut.vdd__t14                   2.97
xb.xlayout_dut.nb__t1                  2.87294
xb.xlayout_dut.sn__t1              4.27215e-09
xb.xlayout_dut.vdd__t22                2.96785
xb.xlayout_dut.vdd__t12                   2.97
xb.xlayout_dut.doutb__t3               1.56926
xb.xlayout_dut.dout__t1                1.55672
xb.xlayout_dut.nb__t0                  2.86818
xb.xlayout_dut.vdd__t11                   2.97
xb.xlayout_dut.aon__t2                 1.75625
xb.xlayout_dut.x$28.11                  1.7571
xb.xlayout_dut.vss__t0                       0
xb.xlayout_dut.x$28.21                 2.96789
xb.xlayout_dut.vdd__t10                2.96875
xb.xlayout_dut.aop__t0                 1.68218
xb.xlayout_dut.x$29.11                 1.68308
xb.xlayout_dut.vss__t1                       0
xb.xlayout_dut.x$29.21                 2.96857
xb.xlayout_dut.vdd__t9                 2.96947
xb.xlayout_dut.aon                     1.75593
xb.xlayout_dut.aop                     1.68182
xb.xlayout_dut.atail                  0.623246
doutb                                  1.55672
doutbb                                 1.55908
xb.xlayout_dut.ltail                   1.16697
xb.xlayout_dut.mn                         2.97
xb.xlayout_dut.mp                         2.97
xb.xlayout_dut.na                      2.87173
xb.xlayout_dut.nb                      2.87056
xb.xlayout_dut.qn                         2.97
xb.xlayout_dut.qp                         2.97
xb.xlayout_dut.sn                  4.27215e-09
xb.xlayout_dut.sp                  4.23842e-09
sc                                   0.0944423
csp                                    1.69722
csn                                    1.60278
cpp                                    1.69722
cpn                                    1.60278
ibnc                                   1.08844
xc.xlayout_dut.sp__t2              4.17303e-09
xc.xlayout_dut.qp__t6                     2.97
xc.xlayout_dut.vss__t17            2.93225e-11
xc.xlayout_dut.vss__t2             3.97764e-20
xc.xlayout_dut.dout__t3                   2.97
xc.xlayout_dut.sp__t3              4.23842e-09
xc.xlayout_dut.vss__t25            2.32166e-14
xc.xlayout_dut.vss__t3             3.32564e-11
xc.xlayout_dut.dout__t2                   2.97
xc.xlayout_dut.doutb__t0           4.47153e-09
xc.xlayout_dut.vss__t24            2.44144e-14
xc.xlayout_dut.vss__t4             3.49722e-11
xc.xlayout_dut.ibias__t0               1.08716
xc.xlayout_dut.ibias__t1               1.08844
xc.xlayout_dut.vss__t20            0.000254896
xc.xlayout_dut.vss__t8             2.77185e-11
xc.xlayout_dut.sn__t2              4.17298e-09
xc.xlayout_dut.qn__t6                     2.97
xc.xlayout_dut.vss__t23            2.92679e-11
xc.xlayout_dut.vss__t5             3.97013e-20
xc.xlayout_dut.doutb__t1           4.47153e-09
xc.xlayout_dut.sn__t3              4.27215e-09
xc.xlayout_dut.vss__t22            2.08412e-21
xc.xlayout_dut.vss__t6             5.00049e-20
xc.xlayout_dut.doutb__t4            4.3502e-09
xc.xlayout_dut.dout__t4                   2.97
xc.xlayout_dut.vss__t21             3.7918e-11
xc.xlayout_dut.vss__t7             5.16105e-20
xc.xlayout_dut.qn__t4                     2.97
xc.xlayout_dut.qp__t0                     2.97
xc.xlayout_dut.mn__t0                     2.97
xc.xlayout_dut.vss__t9             3.89888e-11
xc.xlayout_dut.mn__t1                     2.97
xc.xlayout_dut.aop__t2                 2.47551
xc.xlayout_dut.ltail__t0               1.73852
xc.xlayout_dut.vss__t11            2.81585e-11
xc.xlayout_dut.atail__t0              0.631049
xc.xlayout_dut.ibias__t2               1.08844
xc.xlayout_dut.vss__t19             0.00049561
xc.xlayout_dut.vss__t13            1.54749e-11
xc.xlayout_dut.qp__t1                     2.97
xc.xlayout_dut.qn__t5                     2.97
xc.xlayout_dut.mp__t2                     2.97
xc.xlayout_dut.vss__t10             3.9059e-11
xc.xlayout_dut.ltail__t1               1.73852
xc.xlayout_dut.clk__t2                       0
xc.xlayout_dut.vss__t18            8.10055e-14
xc.xlayout_dut.vss__t14            9.38934e-12
xc.xlayout_dut.mp__t1                     2.97
xc.xlayout_dut.aon__t0                0.961446
xc.xlayout_dut.ltail__t2               1.73852
xc.xlayout_dut.vss__t12            2.84408e-11
xc.xlayout_dut.aon__t1                0.960133
xc.xlayout_dut.vinp__t0                1.69722
xc.xlayout_dut.atail__t1              0.631718
xc.xlayout_dut.vss__t15            3.76591e-11
xc.xlayout_dut.aop__t1                 2.47501
xc.xlayout_dut.vinn__t0                1.60278
xc.xlayout_dut.atail__t2              0.631683
xc.xlayout_dut.vss__t16            1.01576e-08
xc.xlayout_dut.mn__t2                     2.97
xc.xlayout_dut.clk__t0                       0
xc.xlayout_dut.vdd__t0                    2.97
xc.xlayout_dut.vdd__t1                    2.97
xc.xlayout_dut.qn__t1                     2.97
xc.xlayout_dut.clk__t1                       0
xc.xlayout_dut.vdd__t2                    2.97
xc.xlayout_dut.vdd__t3                    2.97
xc.xlayout_dut.sp__t0              4.38169e-09
xc.xlayout_dut.qp__t2                     2.97
xc.xlayout_dut.vdd__t4                    2.97
xc.xlayout_dut.vdd__t5                    2.97
xc.xlayout_dut.mp__t0                     2.97
xc.xlayout_dut.clk__t4                       0
xc.xlayout_dut.vdd__t21                   2.97
xc.xlayout_dut.vdd__t20                   2.97
xc.xlayout_dut.qn__t0                     2.97
xc.xlayout_dut.qp__t3                     2.97
xc.xlayout_dut.vdd__t6                    2.97
xc.xlayout_dut.vdd__t7                    2.97
xc.xlayout_dut.qp__t4                     2.97
xc.xlayout_dut.clk__t3                       0
xc.xlayout_dut.vdd__t19                   2.97
xc.xlayout_dut.vdd__t18                   2.97
xc.xlayout_dut.na__t1                     2.97
xc.xlayout_dut.sp__t1              4.23842e-09
xc.xlayout_dut.vdd__t23                   2.97
xc.xlayout_dut.vdd__t8                    2.97
xc.xlayout_dut.dout__t0                   2.97
xc.xlayout_dut.doutb__t2           4.47153e-09
xc.xlayout_dut.na__t0                     2.97
xc.xlayout_dut.vdd__t13                   2.97
xc.xlayout_dut.sn__t0              4.42795e-09
xc.xlayout_dut.qn__t3                     2.97
xc.xlayout_dut.vdd__t17                   2.97
xc.xlayout_dut.vdd__t16                   2.97
xc.xlayout_dut.qp__t5                     2.97
xc.xlayout_dut.qn__t2                     2.97
xc.xlayout_dut.vdd__t15                   2.97
xc.xlayout_dut.vdd__t14                   2.97
xc.xlayout_dut.nb__t1                     2.97
xc.xlayout_dut.sn__t1              4.27215e-09
xc.xlayout_dut.vdd__t22                   2.97
xc.xlayout_dut.vdd__t12                   2.97
xc.xlayout_dut.doutb__t3           4.73558e-09
xc.xlayout_dut.dout__t1                   2.97
xc.xlayout_dut.nb__t0                     2.97
xc.xlayout_dut.vdd__t11                   2.97
xc.xlayout_dut.aon__t2                0.961971
xc.xlayout_dut.x$28.11                0.963377
xc.xlayout_dut.vss__t0                       0
xc.xlayout_dut.x$28.21                 2.96652
xc.xlayout_dut.vdd__t10                2.96792
xc.xlayout_dut.aop__t0                 2.47565
xc.xlayout_dut.x$29.11                 2.47599
xc.xlayout_dut.vss__t1                       0
xc.xlayout_dut.x$29.21                 2.96945
xc.xlayout_dut.vdd__t9                  2.9698
xc.xlayout_dut.aon                    0.961446
xc.xlayout_dut.aop                     2.47551
xc.xlayout_dut.atail                  0.631547
doutc                                     2.97
doutbc                             4.47153e-09
xc.xlayout_dut.ltail                   1.73852
xc.xlayout_dut.mn                         2.97
xc.xlayout_dut.mp                         2.97
xc.xlayout_dut.na                         2.97
xc.xlayout_dut.nb                         2.97
xc.xlayout_dut.qn                         2.97
xc.xlayout_dut.qp                         2.97
xc.xlayout_dut.sn                  4.27215e-09
xc.xlayout_dut.sp                  4.23842e-09
ad                                -2.22045e-15
bd                                 -0.00455774
cd                                   0.0944423
bc                                  2.7682e-10
dan                                   0.524147
dbn                                   0.524147
dcn                                          1
bdcn#branch                                  0
bdbn#branch                                  0
bdan#branch                                  0
bbc#branch                                   0
bcd#branch                                   0
bbd#branch                                   0
bad#branch                                   0
ecsn#branch                        2.68897e-19
ecsp#branch                        2.84742e-19
ebsn#branch                        2.77202e-19
ebsp#branch                        2.76437e-19
easn#branch                       -2.07676e-18
easp#branch                       -2.22258e-18
vsc#branch                                   0
vsb#branch                                   0
vsa#branch                                   0
vclk#branch                                  0
vcm#branch                        -3.19206e-18
vsup#branch                        -0.00058905

 Reference value :  1.26640e-09
 Reference value :  4.11140e-09
 Reference value :  6.88640e-09
 Reference value :  9.78140e-09
 Reference value :  1.27164e-08
 Reference value :  1.55714e-08
 Reference value :  1.83414e-08
 Reference value :  2.13364e-08
 Reference value :  2.41014e-08
 Reference value :  2.72114e-08
 Reference value :  3.00285e-08
 Reference value :  3.25242e-08
 Reference value :  3.55342e-08
 Reference value :  3.83092e-08
 Reference value :  4.09650e-08
 Reference value :  4.38550e-08
 Reference value :  4.67000e-08
 Reference value :  4.96700e-08
 Reference value :  5.23550e-08
 Reference value :  5.52500e-08
 Reference value :  5.81950e-08
No. of Data Rows : 12039
ad_pos              =  8.48292e-03 at=  4.05000e-08
ad_neg              =  -8.81865e-03 at=  4.02000e-08
ap0                 =  1.64772e+00
apmax               =  1.65620e+00 at=  4.05000e-08
apmin               =  1.63890e+00 at=  4.02000e-08
bd0                 =  -4.55796e-03
bd1                 =  -4.55757e-03
cd0                 =  9.44419e-02
cd1                 =  9.43263e-02
bc0                 =  5.54753e-06
bc1                 =  1.51670e-04
bp0                 =  1.64773e+00
bn0                 =  1.65228e+00
bp1                 =  1.64787e+00
bn1                 =  1.65243e+00
da_end              =  9.99993e-01
db_end              =  9.99993e-01
dc_end              =  9.99993e-01
m_kick_1k_peak_mv = 8.8186530000e+00
m_kick_1k_pos_mv = 8.4829240000e+00
m_kick_1k_neg_mv = -8.818653000e+00
m_kick_1k_raw_mv = 8.8190000000e+00
m_kick_resid_small_nv = 3.8800000000e+02
m_kick_resid_big_nv = -1.155500000e+05
m_kick_sigdep_nv = 1.1593800000e+05
m_kick_cm_nv = 1.4612277200e+05
m_kick_resid_raw_uv = 9.9999999992e-01
m_q_resid_small_ac = 3.8800000000e-01
m_dout_1k_end = 9.9999350000e-01
m_dout_float_small_end = 9.9999350000e-01
m_dout_float_big_end = 9.9999350000e-01
Note: Simulation executed from .control section 

Warning: m=xx on .subckt line will override multiplier m hierarchy!

