
Note: Compatibility modes selected: hs a


Circuit: * comparator-kickback-vosprobe @ sf_27c_2.97v -- generated by sim/harness, do not edit

Doing analysis at TEMP = 27.000000 and TNOM = 27.000000

Using SPARSE 1.3 as Direct Linear Solver

Initial Transient Solution
--------------------------

Node                                   Voltage
----                                   -------
vdd                                       2.97
cm                                        1.65
clk                                          0
rmp                                      -0.04
vp                                        1.63
vn                                        1.67
ibn                                    1.08844
xdut.xlayout_dut.sp__t2            4.17303e-09
xdut.xlayout_dut.qp__t6                   2.97
xdut.xlayout_dut.vss__t17          2.93225e-11
xdut.xlayout_dut.vss__t2           3.97764e-20
xdut.xlayout_dut.dout__t3          4.48366e-09
xdut.xlayout_dut.sp__t3            4.23842e-09
xdut.xlayout_dut.vss__t25          2.09256e-21
xdut.xlayout_dut.vss__t3           5.02073e-20
xdut.xlayout_dut.dout__t2          4.35025e-09
xdut.xlayout_dut.doutb__t0                2.97
xdut.xlayout_dut.vss__t24          3.79637e-11
xdut.xlayout_dut.vss__t4           5.16737e-20
xdut.xlayout_dut.ibias__t0             1.08716
xdut.xlayout_dut.ibias__t1             1.08844
xdut.xlayout_dut.vss__t20          0.000254896
xdut.xlayout_dut.vss__t8           2.77185e-11
xdut.xlayout_dut.sn__t2            4.17298e-09
xdut.xlayout_dut.qn__t6                   2.97
xdut.xlayout_dut.vss__t23          2.92679e-11
xdut.xlayout_dut.vss__t5           3.97013e-20
xdut.xlayout_dut.doutb__t1                2.97
xdut.xlayout_dut.sn__t3            4.27215e-09
xdut.xlayout_dut.vss__t22          2.31857e-14
xdut.xlayout_dut.vss__t6           3.32122e-11
xdut.xlayout_dut.doutb__t4                2.97
xdut.xlayout_dut.dout__t4          4.48366e-09
xdut.xlayout_dut.vss__t21           2.4385e-14
xdut.xlayout_dut.vss__t7           3.49301e-11
xdut.xlayout_dut.qn__t4                   2.97
xdut.xlayout_dut.qp__t0                   2.97
xdut.xlayout_dut.mn__t0                   2.97
xdut.xlayout_dut.vss__t9           3.89888e-11
xdut.xlayout_dut.mn__t1                   2.97
xdut.xlayout_dut.aop__t2               1.37551
xdut.xlayout_dut.ltail__t0             1.40623
xdut.xlayout_dut.vss__t11          2.61713e-11
xdut.xlayout_dut.atail__t0            0.624158
xdut.xlayout_dut.ibias__t2             1.08844
xdut.xlayout_dut.vss__t19          0.000495566
xdut.xlayout_dut.vss__t13           1.5306e-11
xdut.xlayout_dut.qp__t1                   2.97
xdut.xlayout_dut.qn__t5                   2.97
xdut.xlayout_dut.mp__t2                   2.97
xdut.xlayout_dut.vss__t10           3.9059e-11
xdut.xlayout_dut.ltail__t1             1.40623
xdut.xlayout_dut.clk__t2                     0
xdut.xlayout_dut.vss__t18          7.70002e-14
xdut.xlayout_dut.vss__t14          7.59473e-12
xdut.xlayout_dut.mp__t1                   2.97
xdut.xlayout_dut.aon__t0               2.06238
xdut.xlayout_dut.ltail__t2             1.40623
xdut.xlayout_dut.vss__t12          2.64338e-11
xdut.xlayout_dut.aon__t1               2.06179
xdut.xlayout_dut.vinp__t0                 1.63
xdut.xlayout_dut.atail__t1            0.624733
xdut.xlayout_dut.vss__t15          3.14272e-10
xdut.xlayout_dut.aop__t1               1.37391
xdut.xlayout_dut.vinn__t0                 1.67
xdut.xlayout_dut.atail__t2            0.625091
xdut.xlayout_dut.vss__t16          4.81733e-11
xdut.xlayout_dut.mn__t2                   2.97
xdut.xlayout_dut.clk__t0                     0
xdut.xlayout_dut.vdd__t0                  2.97
xdut.xlayout_dut.vdd__t1                  2.97
xdut.xlayout_dut.qn__t1                   2.97
xdut.xlayout_dut.clk__t1                     0
xdut.xlayout_dut.vdd__t2                  2.97
xdut.xlayout_dut.vdd__t3                  2.97
xdut.xlayout_dut.sp__t0            4.38169e-09
xdut.xlayout_dut.qp__t2                   2.97
xdut.xlayout_dut.vdd__t4                  2.97
xdut.xlayout_dut.vdd__t5                  2.97
xdut.xlayout_dut.mp__t0                   2.97
xdut.xlayout_dut.clk__t4                     0
xdut.xlayout_dut.vdd__t21                 2.97
xdut.xlayout_dut.vdd__t20                 2.97
xdut.xlayout_dut.qn__t0                   2.97
xdut.xlayout_dut.qp__t3                   2.97
xdut.xlayout_dut.vdd__t6                  2.97
xdut.xlayout_dut.vdd__t7                  2.97
xdut.xlayout_dut.qp__t4                   2.97
xdut.xlayout_dut.clk__t3                     0
xdut.xlayout_dut.vdd__t19                 2.97
xdut.xlayout_dut.vdd__t18                 2.97
xdut.xlayout_dut.na__t1                   2.97
xdut.xlayout_dut.sp__t1            4.23842e-09
xdut.xlayout_dut.vdd__t23                 2.97
xdut.xlayout_dut.vdd__t8                  2.97
xdut.xlayout_dut.dout__t0          4.58162e-09
xdut.xlayout_dut.doutb__t2                2.97
xdut.xlayout_dut.na__t0                   2.97
xdut.xlayout_dut.vdd__t13                 2.97
xdut.xlayout_dut.sn__t0            4.42795e-09
xdut.xlayout_dut.qn__t3                   2.97
xdut.xlayout_dut.vdd__t17                 2.97
xdut.xlayout_dut.vdd__t16                 2.97
xdut.xlayout_dut.qp__t5                   2.97
xdut.xlayout_dut.qn__t2                   2.97
xdut.xlayout_dut.vdd__t15                 2.97
xdut.xlayout_dut.vdd__t14                 2.97
xdut.xlayout_dut.nb__t1                   2.97
xdut.xlayout_dut.sn__t1            4.27215e-09
xdut.xlayout_dut.vdd__t22                 2.97
xdut.xlayout_dut.vdd__t12                 2.97
xdut.xlayout_dut.doutb__t3                2.97
xdut.xlayout_dut.dout__t1          4.48366e-09
xdut.xlayout_dut.nb__t0                   2.97
xdut.xlayout_dut.vdd__t11                 2.97
xdut.xlayout_dut.aon__t2               2.06262
xdut.xlayout_dut.x$28.11               2.06325
xdut.xlayout_dut.vss__t0                     0
xdut.xlayout_dut.x$28.21               2.96843
xdut.xlayout_dut.vdd__t10              2.96906
xdut.xlayout_dut.aop__t0               1.37596
xdut.xlayout_dut.x$29.11               1.37707
xdut.xlayout_dut.vss__t1                     0
xdut.xlayout_dut.x$29.21               2.96823
xdut.xlayout_dut.vdd__t9               2.96935
xdut.xlayout_dut.aon                   2.06238
vsubs                                        0
xdut.xlayout_dut.aop                   1.37551
xdut.xlayout_dut.atail                0.624656
dout                               4.48366e-09
doutb                                     2.97
xdut.xlayout_dut.ltail                 1.40623
xdut.xlayout_dut.mn                       2.97
xdut.xlayout_dut.mp                       2.97
xdut.xlayout_dut.na                       2.97
xdut.xlayout_dut.nb                       2.97
xdut.xlayout_dut.qn                       2.97
xdut.xlayout_dut.qp                       2.97
xdut.xlayout_dut.sn                4.27215e-09
xdut.xlayout_dut.sp                4.23842e-09
dn                                 1.50965e-09
bdn#branch                                   0
bnn#branch                         1.17161e-18
bpp#branch                          3.4199e-19
vrmp#branch                                  0
vclk#branch                                  0
vcm#branch                                   0
vsup#branch                       -3.02248e-05

 Reference value :  1.00190e-07
 Reference value :  2.70100e-07
 Reference value :  4.30637e-07
 Reference value :  6.01139e-07
 Reference value :  7.80668e-07
 Reference value :  9.46845e-07
 Reference value :  1.11056e-06
 Reference value :  1.27021e-06
 Reference value :  1.44008e-06
 Reference value :  1.60107e-06
 Reference value :  1.81179e-06
 Reference value :  1.99013e-06
 Reference value :  2.16019e-06
 Reference value :  2.33272e-06
 Reference value :  2.50018e-06
 Reference value :  2.67050e-06
 Reference value :  2.83113e-06
 Reference value :  3.01149e-06
 Reference value :  3.19020e-06
 Reference value :  3.37133e-06
 Reference value :  3.54121e-06
 Reference value :  3.72038e-06
 Reference value :  3.90036e-06
 Reference value :  4.06063e-06
 Reference value :  4.23025e-06
 Reference value :  4.39247e-06
 Reference value :  4.56073e-06
 Reference value :  4.72117e-06
 Reference value :  4.90014e-06
 Reference value :  5.05824e-06
 Reference value :  5.25010e-06
 Reference value :  5.43029e-06
 Reference value :  5.61082e-06
 Reference value :  5.79008e-06
 Reference value :  5.95040e-06
 Reference value :  6.12051e-06
 Reference value :  6.30014e-06
 Reference value :  6.46012e-06
 Reference value :  6.63052e-06
 Reference value :  6.80115e-06
 Reference value :  6.97049e-06
 Reference value :  7.14149e-06
 Reference value :  7.31621e-06
 Reference value :  7.50051e-06
 Reference value :  7.68010e-06
 Reference value :  7.84069e-06
 Reference value :  8.01346e-06
 Reference value :  8.19024e-06
 Reference value :  8.35089e-06
 Reference value :  8.53300e-06
 Reference value :  8.74063e-06
 Reference value :  8.91054e-06
 Reference value :  9.07085e-06
 Reference value :  9.24112e-06
 Reference value :  9.42024e-06
 Reference value :  9.58328e-06
 Reference value :  9.76045e-06
 Reference value :  9.94020e-06
 Reference value :  1.01101e-05
 Reference value :  1.02709e-05
 Reference value :  1.04510e-05
 Reference value :  1.06208e-05
 Reference value :  1.08002e-05
 Reference value :  1.09800e-05
 Reference value :  1.11332e-05
 Reference value :  1.13100e-05
 Reference value :  1.14701e-05
 Reference value :  1.16401e-05
 Reference value :  1.18002e-05
 Reference value :  1.19702e-05
 Reference value :  1.21317e-05
 Reference value :  1.23102e-05
 Reference value :  1.24802e-05
 Reference value :  1.26410e-05
 Reference value :  1.28207e-05
 Reference value :  1.30001e-05
 Reference value :  1.31704e-05
 Reference value :  1.33309e-05
 Reference value :  1.35009e-05
 Reference value :  1.36722e-05
 Reference value :  1.38409e-05
 Reference value :  1.40204e-05
 Reference value :  1.41906e-05
 Reference value :  1.43516e-05
 Reference value :  1.45301e-05
 Reference value :  1.47003e-05
 Reference value :  1.48801e-05
 Reference value :  1.50411e-05
 Reference value :  1.52211e-05
 Reference value :  1.53907e-05
 Reference value :  1.55701e-05
 Reference value :  1.57308e-05
 Reference value :  1.59006e-05
 Reference value :  1.60801e-05
 Reference value :  1.62715e-05
 Reference value :  1.65008e-05
 Reference value :  1.66802e-05
 Reference value :  1.68410e-05
 Reference value :  1.70106e-05
 Reference value :  1.71712e-05
 Reference value :  1.73414e-05
 Reference value :  1.75016e-05
 Reference value :  1.77000e-05
 Reference value :  1.78612e-05
 Reference value :  1.80401e-05
 Reference value :  1.82102e-05
 Reference value :  1.83900e-05
 Reference value :  1.85703e-05
 Reference value :  1.87501e-05
 Reference value :  1.89123e-05
 Reference value :  1.90911e-05
 Reference value :  1.92702e-05
 Reference value :  1.94509e-05
 Reference value :  1.96214e-05
 Reference value :  1.98003e-05
 Reference value :  1.99801e-05
 Reference value :  2.01303e-05
 Reference value :  2.03202e-05
 Reference value :  2.04901e-05
 Reference value :  2.06701e-05
 Reference value :  2.08309e-05
 Reference value :  2.10102e-05
 Reference value :  2.11803e-05
 Reference value :  2.13603e-05
 Reference value :  2.15403e-05
 Reference value :  2.17201e-05
 Reference value :  2.18977e-05
 Reference value :  2.20609e-05
 Reference value :  2.22402e-05
 Reference value :  2.24109e-05
 Reference value :  2.25901e-05
 Reference value :  2.27700e-05
 Reference value :  2.29304e-05
 Reference value :  2.31103e-05
 Reference value :  2.32901e-05
 Reference value :  2.34602e-05
 Reference value :  2.36402e-05
 Reference value :  2.38200e-05
 Reference value :  2.39802e-05
 Reference value :  2.41511e-05
 Reference value :  2.43305e-05
 Reference value :  2.44906e-05
 Reference value :  2.46606e-05
 Reference value :  2.48401e-05
 Reference value :  2.50606e-05
 Reference value :  2.52305e-05
 Reference value :  2.53943e-05
 Reference value :  2.55606e-05
 Reference value :  2.57208e-05
 Reference value :  2.59001e-05
 Reference value :  2.60706e-05
 Reference value :  2.62501e-05
 Reference value :  2.64101e-05
 Reference value :  2.65805e-05
 Reference value :  2.67615e-05
 Reference value :  2.69400e-05
 Reference value :  2.71203e-05
 Reference value :  2.73001e-05
 Reference value :  2.74616e-05
 Reference value :  2.76407e-05
 Reference value :  2.78208e-05
 Reference value :  2.80301e-05
 Reference value :  2.82606e-05
 Reference value :  2.84808e-05
 Reference value :  2.87107e-05
 Reference value :  2.88901e-05
 Reference value :  2.90634e-05
 Reference value :  2.92305e-05
 Reference value :  2.94003e-05
 Reference value :  2.95906e-05
 Reference value :  2.97608e-05
 Reference value :  2.99401e-05
 Reference value :  3.01008e-05
 Reference value :  3.02801e-05
 Reference value :  3.04601e-05
 Reference value :  3.06403e-05
 Reference value :  3.08103e-05
 Reference value :  3.09907e-05
 Reference value :  3.11701e-05
 Reference value :  3.13309e-05
 Reference value :  3.15009e-05
 Reference value :  3.16807e-05
 Reference value :  3.18602e-05
 Reference value :  3.20212e-05
 Reference value :  3.22042e-05
 Reference value :  3.24001e-05
 Reference value :  3.25843e-05
 Reference value :  3.27633e-05
 Reference value :  3.29437e-05
 Reference value :  3.31201e-05
 Reference value :  3.32801e-05
 Reference value :  3.34505e-05
 Reference value :  3.36113e-05
 Reference value :  3.38415e-05
 Reference value :  3.40007e-05
 Reference value :  3.41801e-05
 Reference value :  3.43518e-05
 Reference value :  3.45029e-05
 Reference value :  3.46805e-05
 Reference value :  3.48405e-05
 Reference value :  3.50201e-05
 Reference value :  3.52002e-05
 Reference value :  3.53710e-05
 Reference value :  3.55500e-05
 Reference value :  3.57300e-05
 Reference value :  3.59103e-05
 Reference value :  3.60713e-05
 Reference value :  3.62509e-05
 Reference value :  3.64211e-05
 Reference value :  3.66000e-05
 Reference value :  3.67801e-05
 Reference value :  3.69600e-05
 Reference value :  3.71208e-05
 Reference value :  3.73001e-05
 Reference value :  3.74703e-05
 Reference value :  3.76501e-05
 Reference value :  3.78101e-05
 Reference value :  3.79869e-05
 Reference value :  3.81614e-05
 Reference value :  3.83400e-05
 Reference value :  3.85008e-05
 Reference value :  3.86712e-05
 Reference value :  3.88501e-05
 Reference value :  3.90301e-05
 Reference value :  3.91902e-05
 Reference value :  3.93702e-05
 Reference value :  3.95405e-05
 Reference value :  3.97200e-05
 Reference value :  3.98814e-05
 Reference value :  4.00606e-05
 Reference value :  4.02401e-05
 Reference value :  4.04201e-05
 Reference value :  4.06025e-05
 Reference value :  4.08002e-05
 Reference value :  4.09611e-05
 Reference value :  4.11601e-05
 Reference value :  4.13209e-05
 Reference value :  4.15011e-05
 Reference value :  4.16713e-05
 Reference value :  4.18501e-05
 Reference value :  4.20301e-05
 Reference value :  4.22213e-05
 Reference value :  4.24502e-05
 Reference value :  4.26301e-05
 Reference value :  4.28100e-05
 Reference value :  4.29702e-05
 Reference value :  4.31401e-05
 Reference value :  4.33002e-05
 Reference value :  4.34801e-05
 Reference value :  4.36509e-05
 Reference value :  4.38119e-05
 Reference value :  4.39918e-05
 Reference value :  4.41706e-05
 Reference value :  4.43401e-05
 Reference value :  4.45302e-05
 Reference value :  4.47003e-05
 Reference value :  4.48604e-05
 Reference value :  4.50303e-05
 Reference value :  4.52100e-05
 Reference value :  4.53901e-05
 Reference value :  4.55507e-05
 Reference value :  4.57208e-05
 Reference value :  4.59001e-05
 Reference value :  4.60602e-05
 Reference value :  4.62302e-05
 Reference value :  4.63910e-05
 Reference value :  4.65701e-05
 Reference value :  4.67401e-05
 Reference value :  4.69301e-05
 Reference value :  4.71008e-05
 Reference value :  4.72801e-05
 Reference value :  4.74401e-05
 Reference value :  4.76201e-05
 Reference value :  4.78001e-05
 Reference value :  4.79809e-05
 Reference value :  4.81516e-05
 Reference value :  4.83301e-05
 Reference value :  4.84913e-05
 Reference value :  4.86608e-05
 Reference value :  4.88401e-05
 Reference value :  4.90009e-05
 Reference value :  4.91815e-05
 Reference value :  4.93608e-05
 Reference value :  4.95402e-05
 Reference value :  4.97107e-05
 Reference value :  4.98907e-05
 Reference value :  5.00801e-05
 Reference value :  5.02507e-05
 Reference value :  5.04402e-05
 Reference value :  5.06201e-05
 Reference value :  5.07902e-05
 Reference value :  5.09522e-05
 Reference value :  5.11301e-05
 Reference value :  5.13003e-05
 Reference value :  5.15222e-05
 Reference value :  5.17011e-05
 Reference value :  5.19002e-05
 Reference value :  5.20803e-05
 Reference value :  5.22415e-05
 Reference value :  5.24116e-05
 Reference value :  5.26001e-05
 Reference value :  5.27804e-05
 Reference value :  5.29602e-05
 Reference value :  5.31406e-05
 Reference value :  5.33233e-05
 Reference value :  5.35210e-05
 Reference value :  5.37002e-05
 Reference value :  5.38613e-05
 Reference value :  5.40410e-05
 Reference value :  5.42219e-05
 Reference value :  5.44010e-05
 Reference value :  5.45707e-05
 Reference value :  5.47800e-05
 Reference value :  5.49604e-05
 Reference value :  5.51209e-05
 Reference value :  5.52913e-05
 Reference value :  5.54702e-05
 Reference value :  5.56311e-05
 Reference value :  5.58305e-05
 Reference value :  5.59910e-05
 Reference value :  5.61702e-05
 Reference value :  5.63502e-05
 Reference value :  5.65202e-05
 Reference value :  5.66811e-05
 Reference value :  5.68804e-05
 Reference value :  5.70410e-05
 Reference value :  5.72204e-05
 Reference value :  5.73911e-05
 Reference value :  5.75701e-05
 Reference value :  5.77309e-05
 Reference value :  5.79008e-05
 Reference value :  5.80804e-05
 Reference value :  5.82601e-05
 Reference value :  5.84408e-05
 Reference value :  5.86202e-05
 Reference value :  5.88300e-05
 Reference value :  5.90117e-05
 Reference value :  5.91970e-05
 Reference value :  5.93706e-05
 Reference value :  5.95602e-05
 Reference value :  5.97311e-05
 Reference value :  5.99102e-05
 Reference value :  6.00901e-05
 Reference value :  6.02701e-05
 Reference value :  6.05109e-05
 Reference value :  6.06901e-05
 Reference value :  6.08705e-05
 Reference value :  6.10500e-05
 Reference value :  6.12109e-05
 Reference value :  6.13807e-05
 Reference value :  6.15607e-05
 Reference value :  6.17501e-05
 Reference value :  6.19206e-05
 Reference value :  6.21101e-05
 Reference value :  6.22906e-05
 Reference value :  6.24607e-05
 Reference value :  6.26411e-05
 Reference value :  6.28301e-05
 Reference value :  6.30006e-05
 Reference value :  6.31806e-05
 Reference value :  6.33607e-05
 Reference value :  6.35502e-05
 Reference value :  6.37206e-05
 Reference value :  6.39101e-05
 Reference value :  6.40909e-05
 Reference value :  6.42701e-05
 Reference value :  6.44403e-05
 Reference value :  6.46208e-05
 Reference value :  6.48001e-05
 Reference value :  6.49620e-05
 Reference value :  6.51429e-05
 Reference value :  6.53402e-05
 Reference value :  6.55201e-05
 Reference value :  6.57054e-05
 Reference value :  6.58806e-05
 Reference value :  6.60601e-05
 Reference value :  6.62244e-05
 Reference value :  6.64075e-05
 Reference value :  6.66001e-05
 Reference value :  6.67901e-05
 Reference value :  6.69702e-05
 Reference value :  6.71413e-05
 Reference value :  6.73203e-05
 Reference value :  6.75003e-05
 Reference value :  6.76802e-05
 Reference value :  6.78602e-05
 Reference value :  6.80505e-05
 Reference value :  6.82305e-05
 Reference value :  6.84300e-05
 Reference value :  6.86111e-05
 Reference value :  6.87907e-05
 Reference value :  6.89703e-05
 Reference value :  6.91510e-05
 Reference value :  6.93304e-05
 Reference value :  6.95101e-05
 Reference value :  6.97202e-05
 Reference value :  6.99106e-05
 Reference value :  7.00832e-05
 Reference value :  7.02601e-05
 Reference value :  7.04202e-05
 Reference value :  7.05916e-05
 Reference value :  7.07704e-05
 Reference value :  7.09602e-05
 Reference value :  7.11307e-05
 Reference value :  7.13204e-05
 Reference value :  7.15006e-05
 Reference value :  7.16808e-05
 Reference value :  7.18802e-05
 Reference value :  7.20602e-05
 Reference value :  7.22402e-05
 Reference value :  7.24201e-05
 Reference value :  7.25960e-05
 Reference value :  7.27510e-05
 Reference value :  7.29401e-05
 Reference value :  7.31105e-05
 Reference value :  7.32708e-05
 Reference value :  7.34501e-05
 Reference value :  7.36203e-05
 Reference value :  7.38131e-05
 Reference value :  7.40503e-05
 Reference value :  7.42875e-05
 Reference value :  7.44903e-05
 Reference value :  7.46702e-05
 Reference value :  7.48353e-05
 Reference value :  7.50107e-05
 Reference value :  7.52100e-05
 Reference value :  7.53709e-05
 Reference value :  7.55411e-05
 Reference value :  7.57200e-05
 Reference value :  7.58802e-05
 Reference value :  7.60602e-05
 Reference value :  7.62301e-05
 Reference value :  7.63912e-05
 Reference value :  7.65611e-05
 Reference value :  7.67403e-05
 Reference value :  7.69011e-05
 Reference value :  7.71000e-05
 Reference value :  7.72507e-05
 Reference value :  7.74301e-05
 Reference value :  7.75913e-05
 Reference value :  7.77629e-05
 Reference value :  7.79401e-05
 Reference value :  7.81005e-05
 Reference value :  7.82704e-05
 Reference value :  7.84605e-05
 Reference value :  7.86602e-05
 Reference value :  7.88202e-05
 Reference value :  7.89913e-05
 Reference value :  7.91700e-05
 Reference value :  7.93218e-05
 Reference value :  7.95000e-05
 Reference value :  7.96603e-05
 Reference value :  7.98401e-05
No. of Data Rows : 452145
t_flip              =  3.44423e-05
vos_v               =  -5.55774e-03
m_dut_vos = -5.557740000e-03
Note: Simulation executed from .control section 

Warning: m=xx on .subckt line will override multiplier m hierarchy!

