
Note: Compatibility modes selected: hs a


Circuit: * comparator-kickback-vosprobe @ ss_-40c_2.97v -- generated by sim/harness, do not edit

Doing analysis at TEMP = -40.000000 and TNOM = 27.000000

Using SPARSE 1.3 as Direct Linear Solver

Initial Transient Solution
--------------------------

Node                                   Voltage
----                                   -------
vdd                                       2.97
cm                                        1.65
clk                                          0
rmp                                      -0.04
vp                                        1.63
vn                                        1.67
ibn                                    1.12883
xdut.xlayout_dut.sp__t2            3.28953e-09
xdut.xlayout_dut.qp__t6                   2.97
xdut.xlayout_dut.vss__t17          2.85676e-11
xdut.xlayout_dut.vss__t2           3.14052e-20
xdut.xlayout_dut.dout__t3              1.42968
xdut.xlayout_dut.sp__t3            3.35324e-09
xdut.xlayout_dut.vss__t25          1.94282e-18
xdut.xlayout_dut.vss__t3           1.60085e-11
xdut.xlayout_dut.dout__t2              1.42595
xdut.xlayout_dut.doutb__t0             1.43131
xdut.xlayout_dut.vss__t24           0.00106102
xdut.xlayout_dut.vss__t4           2.18481e-11
xdut.xlayout_dut.ibias__t0             1.12756
xdut.xlayout_dut.ibias__t1             1.12883
xdut.xlayout_dut.vss__t20          0.000254896
xdut.xlayout_dut.vss__t8            2.8764e-11
xdut.xlayout_dut.sn__t2            3.28948e-09
xdut.xlayout_dut.qn__t6                   2.97
xdut.xlayout_dut.vss__t23          2.85144e-11
xdut.xlayout_dut.vss__t5           3.13458e-20
xdut.xlayout_dut.doutb__t1             1.43131
xdut.xlayout_dut.sn__t3             3.3861e-09
xdut.xlayout_dut.vss__t22          1.94085e-18
xdut.xlayout_dut.vss__t6           1.60056e-11
xdut.xlayout_dut.doutb__t4             1.42794
xdut.xlayout_dut.dout__t4              1.42968
xdut.xlayout_dut.vss__t21           0.00105486
xdut.xlayout_dut.vss__t7           2.21404e-11
xdut.xlayout_dut.qn__t4                   2.97
xdut.xlayout_dut.qp__t0                   2.97
xdut.xlayout_dut.mn__t0                   2.97
xdut.xlayout_dut.vss__t9           3.89888e-11
xdut.xlayout_dut.mn__t1                   2.97
xdut.xlayout_dut.aop__t2              0.842072
xdut.xlayout_dut.ltail__t0             1.08502
xdut.xlayout_dut.vss__t11          2.42503e-11
xdut.xlayout_dut.atail__t0            0.553623
xdut.xlayout_dut.ibias__t2             1.12883
xdut.xlayout_dut.vss__t19          0.000498326
xdut.xlayout_dut.vss__t13          1.35776e-11
xdut.xlayout_dut.qp__t1                   2.97
xdut.xlayout_dut.qn__t5                   2.97
xdut.xlayout_dut.mp__t2                   2.97
xdut.xlayout_dut.vss__t10           3.9059e-11
xdut.xlayout_dut.ltail__t1             1.08502
xdut.xlayout_dut.clk__t2                     0
xdut.xlayout_dut.vss__t18          8.86118e-18
xdut.xlayout_dut.vss__t14          5.85988e-12
xdut.xlayout_dut.mp__t1                   2.97
xdut.xlayout_dut.aon__t0               1.85549
xdut.xlayout_dut.ltail__t2             1.08502
xdut.xlayout_dut.vss__t12           2.4495e-11
xdut.xlayout_dut.aon__t1               1.85492
xdut.xlayout_dut.vinp__t0                 1.63
xdut.xlayout_dut.atail__t1            0.554198
xdut.xlayout_dut.vss__t15           1.0208e-10
xdut.xlayout_dut.aop__t1              0.840422
xdut.xlayout_dut.vinn__t0                 1.67
xdut.xlayout_dut.atail__t2            0.554575
xdut.xlayout_dut.vss__t16          3.36171e-11
xdut.xlayout_dut.mn__t2                   2.97
xdut.xlayout_dut.clk__t0                     0
xdut.xlayout_dut.vdd__t0                  2.97
xdut.xlayout_dut.vdd__t1                  2.97
xdut.xlayout_dut.qn__t1                   2.97
xdut.xlayout_dut.clk__t1                     0
xdut.xlayout_dut.vdd__t2                  2.97
xdut.xlayout_dut.vdd__t3                  2.97
xdut.xlayout_dut.sp__t0            3.49282e-09
xdut.xlayout_dut.qp__t2                   2.97
xdut.xlayout_dut.vdd__t4                  2.97
xdut.xlayout_dut.vdd__t5                  2.97
xdut.xlayout_dut.mp__t0                   2.97
xdut.xlayout_dut.clk__t4                     0
xdut.xlayout_dut.vdd__t21                 2.97
xdut.xlayout_dut.vdd__t20                 2.97
xdut.xlayout_dut.qn__t0                   2.97
xdut.xlayout_dut.qp__t3                   2.97
xdut.xlayout_dut.vdd__t6                  2.97
xdut.xlayout_dut.vdd__t7                  2.97
xdut.xlayout_dut.qp__t4                   2.97
xdut.xlayout_dut.clk__t3                     0
xdut.xlayout_dut.vdd__t19                 2.97
xdut.xlayout_dut.vdd__t18                 2.97
xdut.xlayout_dut.na__t1                2.90088
xdut.xlayout_dut.sp__t1            3.35324e-09
xdut.xlayout_dut.vdd__t23              2.96856
xdut.xlayout_dut.vdd__t8                  2.97
xdut.xlayout_dut.dout__t0              1.43241
xdut.xlayout_dut.doutb__t2             1.43131
xdut.xlayout_dut.na__t0                2.89955
xdut.xlayout_dut.vdd__t13                 2.97
xdut.xlayout_dut.sn__t0            3.53789e-09
xdut.xlayout_dut.qn__t3                   2.97
xdut.xlayout_dut.vdd__t17                 2.97
xdut.xlayout_dut.vdd__t16                 2.97
xdut.xlayout_dut.qp__t5                   2.97
xdut.xlayout_dut.qn__t2                   2.97
xdut.xlayout_dut.vdd__t15                 2.97
xdut.xlayout_dut.vdd__t14                 2.97
xdut.xlayout_dut.nb__t1                2.90108
xdut.xlayout_dut.sn__t1             3.3861e-09
xdut.xlayout_dut.vdd__t22              2.96845
xdut.xlayout_dut.vdd__t12                 2.97
xdut.xlayout_dut.doutb__t3             1.43866
xdut.xlayout_dut.dout__t1              1.42968
xdut.xlayout_dut.nb__t0                2.89765
xdut.xlayout_dut.vdd__t11                 2.97
xdut.xlayout_dut.aon__t2               1.85571
xdut.xlayout_dut.x$28.11               1.85676
xdut.xlayout_dut.vss__t0                     0
xdut.xlayout_dut.x$28.21               2.96806
xdut.xlayout_dut.vdd__t10              2.96911
xdut.xlayout_dut.aop__t0              0.842537
xdut.xlayout_dut.x$29.11              0.844529
xdut.xlayout_dut.vss__t1                     0
xdut.xlayout_dut.x$29.21               2.96733
xdut.xlayout_dut.vdd__t9               2.96932
xdut.xlayout_dut.aon                   1.85549
vsubs                                        0
xdut.xlayout_dut.aop                  0.842072
xdut.xlayout_dut.atail                0.554124
dout                                   1.42968
doutb                                  1.43131
xdut.xlayout_dut.ltail                 1.08502
xdut.xlayout_dut.mn                       2.97
xdut.xlayout_dut.mp                       2.97
xdut.xlayout_dut.na                    2.90022
xdut.xlayout_dut.nb                    2.89937
xdut.xlayout_dut.qn                       2.97
xdut.xlayout_dut.qp                       2.97
xdut.xlayout_dut.sn                 3.3861e-09
xdut.xlayout_dut.sp                3.35324e-09
dn                                    0.481373
bdn#branch                                   0
bnn#branch                         1.17161e-18
bpp#branch                          3.4199e-19
vrmp#branch                                  0
vclk#branch                                  0
vcm#branch                                   0
vsup#branch                       -0.000210137

 Reference value :  1.00205e-07
 Reference value :  2.42868e-07
 Reference value :  4.00128e-07
 Reference value :  5.42383e-07
 Reference value :  6.90554e-07
 Reference value :  8.40234e-07
 Reference value :  9.90062e-07
 Reference value :  1.12096e-06
 Reference value :  1.27111e-06
 Reference value :  1.42067e-06
 Reference value :  1.57114e-06
 Reference value :  1.74000e-06
 Reference value :  1.87150e-06
 Reference value :  2.02253e-06
 Reference value :  2.17114e-06
 Reference value :  2.34004e-06
 Reference value :  2.47165e-06
 Reference value :  2.62020e-06
 Reference value :  2.77039e-06
 Reference value :  2.92120e-06
 Reference value :  3.07141e-06
 Reference value :  3.24002e-06
 Reference value :  3.42007e-06
 Reference value :  3.55125e-06
 Reference value :  3.70069e-06
 Reference value :  3.85095e-06
 Reference value :  4.00235e-06
 Reference value :  4.15078e-06
 Reference value :  4.30021e-06
 Reference value :  4.45089e-06
 Reference value :  4.60127e-06
 Reference value :  4.75113e-06
 Reference value :  4.92009e-06
 Reference value :  5.05366e-06
 Reference value :  5.20133e-06
 Reference value :  5.35108e-06
 Reference value :  5.50021e-06
 Reference value :  5.65012e-06
 Reference value :  5.79047e-06
 Reference value :  5.93135e-06
 Reference value :  6.07089e-06
 Reference value :  6.22080e-06
 Reference value :  6.37012e-06
 Reference value :  6.52101e-06
 Reference value :  6.67080e-06
 Reference value :  6.82015e-06
 Reference value :  6.97020e-06
 Reference value :  7.11084e-06
 Reference value :  7.27013e-06
 Reference value :  7.41043e-06
 Reference value :  7.56008e-06
 Reference value :  7.71006e-06
 Reference value :  7.84163e-06
 Reference value :  7.99037e-06
 Reference value :  8.15698e-06
 Reference value :  8.29096e-06
 Reference value :  8.46009e-06
 Reference value :  8.61157e-06
 Reference value :  8.77020e-06
 Reference value :  8.92106e-06
 Reference value :  9.09041e-06
 Reference value :  9.24148e-06
 Reference value :  9.40070e-06
 Reference value :  9.55129e-06
 Reference value :  9.70104e-06
 Reference value :  9.88107e-06
 Reference value :  1.00314e-05
 Reference value :  1.02004e-05
 Reference value :  1.03411e-05
 Reference value :  1.04801e-05
 Reference value :  1.06207e-05
 Reference value :  1.07701e-05
 Reference value :  1.09008e-05
 Reference value :  1.10508e-05
 Reference value :  1.12001e-05
 Reference value :  1.13405e-05
 Reference value :  1.14901e-05
 Reference value :  1.16203e-05
 Reference value :  1.17619e-05
 Reference value :  1.18903e-05
 Reference value :  1.20308e-05
 Reference value :  1.21610e-05
 Reference value :  1.23004e-05
 Reference value :  1.24302e-05
 Reference value :  1.25703e-05
 Reference value :  1.27002e-05
 Reference value :  1.28419e-05
 Reference value :  1.29711e-05
 Reference value :  1.31108e-05
 Reference value :  1.32414e-05
 Reference value :  1.33810e-05
 Reference value :  1.35110e-05
 Reference value :  1.36514e-05
 Reference value :  1.37802e-05
 Reference value :  1.39200e-05
 Reference value :  1.40502e-05
 Reference value :  1.41906e-05
 Reference value :  1.43207e-05
 Reference value :  1.44605e-05
 Reference value :  1.45911e-05
 Reference value :  1.47305e-05
 Reference value :  1.48603e-05
 Reference value :  1.50009e-05
 Reference value :  1.51502e-05
 Reference value :  1.53108e-05
 Reference value :  1.54800e-05
 Reference value :  1.56123e-05
 Reference value :  1.57907e-05
 Reference value :  1.59307e-05
 Reference value :  1.60611e-05
 Reference value :  1.62001e-05
 Reference value :  1.63301e-05
 Reference value :  1.64526e-05
 Reference value :  1.66002e-05
 Reference value :  1.67408e-05
 Reference value :  1.68905e-05
 Reference value :  1.70207e-05
 Reference value :  1.71706e-05
 Reference value :  1.72906e-05
 Reference value :  1.74302e-05
 Reference value :  1.75602e-05
 Reference value :  1.77001e-05
 Reference value :  1.78301e-05
 Reference value :  1.79702e-05
 Reference value :  1.81105e-05
 Reference value :  1.82510e-05
 Reference value :  1.83936e-05
 Reference value :  1.85423e-05
 Reference value :  1.86952e-05
 Reference value :  1.88404e-05
 Reference value :  1.89710e-05
 Reference value :  1.91201e-05
 Reference value :  1.92605e-05
 Reference value :  1.93907e-05
 Reference value :  1.95311e-05
 Reference value :  1.96812e-05
 Reference value :  1.98301e-05
 Reference value :  1.99609e-05
 Reference value :  2.01107e-05
 Reference value :  2.02504e-05
 Reference value :  2.03803e-05
 Reference value :  2.05211e-05
 Reference value :  2.06525e-05
 Reference value :  2.08003e-05
 Reference value :  2.09406e-05
 Reference value :  2.10720e-05
 Reference value :  2.12205e-05
 Reference value :  2.13611e-05
 Reference value :  2.15111e-05
 Reference value :  2.17005e-05
 Reference value :  2.18412e-05
 Reference value :  2.19901e-05
 Reference value :  2.21209e-05
 Reference value :  2.22608e-05
 Reference value :  2.24101e-05
 Reference value :  2.25408e-05
 Reference value :  2.26909e-05
 Reference value :  2.28408e-05
 Reference value :  2.29902e-05
 Reference value :  2.31402e-05
 Reference value :  2.32902e-05
 Reference value :  2.34303e-05
 Reference value :  2.35803e-05
 Reference value :  2.37110e-05
 Reference value :  2.38602e-05
 Reference value :  2.40009e-05
 Reference value :  2.41501e-05
 Reference value :  2.42809e-05
 Reference value :  2.44312e-05
 Reference value :  2.45808e-05
 Reference value :  2.47209e-05
 Reference value :  2.48701e-05
 Reference value :  2.50134e-05
 Reference value :  2.51505e-05
 Reference value :  2.52906e-05
 Reference value :  2.54401e-05
 Reference value :  2.55705e-05
 Reference value :  2.57208e-05
 Reference value :  2.58672e-05
 Reference value :  2.60201e-05
 Reference value :  2.61901e-05
 Reference value :  2.63210e-05
 Reference value :  2.64712e-05
 Reference value :  2.66212e-05
 Reference value :  2.67900e-05
 Reference value :  2.69509e-05
 Reference value :  2.71301e-05
 Reference value :  2.72810e-05
 Reference value :  2.74225e-05
 Reference value :  2.75706e-05
 Reference value :  2.77204e-05
 Reference value :  2.78522e-05
 Reference value :  2.80208e-05
 Reference value :  2.81715e-05
 Reference value :  2.83208e-05
 Reference value :  2.84801e-05
 Reference value :  2.86214e-05
 Reference value :  2.87706e-05
 Reference value :  2.89201e-05
 Reference value :  2.90542e-05
 Reference value :  2.92008e-05
 Reference value :  2.93423e-05
 Reference value :  2.94902e-05
 Reference value :  2.96253e-05
 Reference value :  2.97702e-05
 Reference value :  2.99409e-05
 Reference value :  3.01001e-05
 Reference value :  3.02411e-05
 Reference value :  3.03902e-05
 Reference value :  3.05213e-05
 Reference value :  3.06702e-05
 Reference value :  3.08111e-05
 Reference value :  3.09601e-05
 Reference value :  3.10911e-05
 Reference value :  3.12415e-05
 Reference value :  3.13908e-05
 Reference value :  3.15408e-05
 Reference value :  3.16890e-05
 Reference value :  3.18311e-05
 Reference value :  3.19901e-05
 Reference value :  3.21330e-05
 Reference value :  3.22809e-05
 Reference value :  3.24301e-05
 Reference value :  3.25609e-05
 Reference value :  3.27046e-05
 Reference value :  3.28511e-05
 Reference value :  3.30301e-05
 Reference value :  3.31801e-05
 Reference value :  3.33108e-05
 Reference value :  3.34517e-05
 Reference value :  3.36001e-05
 Reference value :  3.37308e-05
 Reference value :  3.38713e-05
 Reference value :  3.40205e-05
 Reference value :  3.41715e-05
 Reference value :  3.43306e-05
 Reference value :  3.44802e-05
 Reference value :  3.46216e-05
 Reference value :  3.47801e-05
 Reference value :  3.49301e-05
 Reference value :  3.50803e-05
 Reference value :  3.52212e-05
 Reference value :  3.53701e-05
 Reference value :  3.55203e-05
 Reference value :  3.56701e-05
 Reference value :  3.58201e-05
 Reference value :  3.59705e-05
 Reference value :  3.61203e-05
 Reference value :  3.62703e-05
 Reference value :  3.64200e-05
 Reference value :  3.65510e-05
 Reference value :  3.67002e-05
 Reference value :  3.68425e-05
 Reference value :  3.69903e-05
 Reference value :  3.71417e-05
 Reference value :  3.72901e-05
 Reference value :  3.74400e-05
 Reference value :  3.75716e-05
 Reference value :  3.77219e-05
 Reference value :  3.78709e-05
 Reference value :  3.80202e-05
 Reference value :  3.81701e-05
 Reference value :  3.83104e-05
 Reference value :  3.84723e-05
 Reference value :  3.86426e-05
 Reference value :  3.88309e-05
 Reference value :  3.89977e-05
 Reference value :  3.91302e-05
 Reference value :  3.92802e-05
 Reference value :  3.94227e-05
 Reference value :  3.95802e-05
 Reference value :  3.97431e-05
 Reference value :  3.99005e-05
 Reference value :  4.00502e-05
 Reference value :  4.02102e-05
 Reference value :  4.03609e-05
 Reference value :  4.05108e-05
 Reference value :  4.06606e-05
 Reference value :  4.08109e-05
 Reference value :  4.09609e-05
 Reference value :  4.11024e-05
 Reference value :  4.12501e-05
 Reference value :  4.14000e-05
 Reference value :  4.15306e-05
 Reference value :  4.16809e-05
 Reference value :  4.18310e-05
 Reference value :  4.19806e-05
 Reference value :  4.21309e-05
 Reference value :  4.22802e-05
 Reference value :  4.24305e-05
 Reference value :  4.25802e-05
 Reference value :  4.27308e-05
 Reference value :  4.28806e-05
 Reference value :  4.30306e-05
 Reference value :  4.32015e-05
 Reference value :  4.33602e-05
 Reference value :  4.35103e-05
 Reference value :  4.36609e-05
 Reference value :  4.38306e-05
 Reference value :  4.39901e-05
 Reference value :  4.41402e-05
 Reference value :  4.42901e-05
 Reference value :  4.44405e-05
 Reference value :  4.46101e-05
 Reference value :  4.48158e-05
 Reference value :  4.49702e-05
 Reference value :  4.51203e-05
 Reference value :  4.52701e-05
 Reference value :  4.54212e-05
 Reference value :  4.55702e-05
 Reference value :  4.57207e-05
 Reference value :  4.58702e-05
 Reference value :  4.60253e-05
 Reference value :  4.61802e-05
 Reference value :  4.63806e-05
 Reference value :  4.65711e-05
 Reference value :  4.67403e-05
 Reference value :  4.68911e-05
 Reference value :  4.70502e-05
 Reference value :  4.71930e-05
 Reference value :  4.73502e-05
 Reference value :  4.75006e-05
 Reference value :  4.76507e-05
 Reference value :  4.78215e-05
 Reference value :  4.79755e-05
 Reference value :  4.81500e-05
 Reference value :  4.83003e-05
 Reference value :  4.84601e-05
 Reference value :  4.86102e-05
 Reference value :  4.87615e-05
 Reference value :  4.89301e-05
 Reference value :  4.90800e-05
 Reference value :  4.92190e-05
 Reference value :  4.93610e-05
 Reference value :  4.95105e-05
 Reference value :  4.96800e-05
 Reference value :  4.98301e-05
 Reference value :  4.99802e-05
 Reference value :  5.01306e-05
 Reference value :  5.02805e-05
 Reference value :  5.04316e-05
 Reference value :  5.05810e-05
 Reference value :  5.07307e-05
 Reference value :  5.08805e-05
 Reference value :  5.10402e-05
 Reference value :  5.12101e-05
 Reference value :  5.13907e-05
 Reference value :  5.15420e-05
 Reference value :  5.16906e-05
 Reference value :  5.18401e-05
 Reference value :  5.19712e-05
 Reference value :  5.21211e-05
 Reference value :  5.22705e-05
 Reference value :  5.24209e-05
 Reference value :  5.25718e-05
 Reference value :  5.27209e-05
 Reference value :  5.28708e-05
 Reference value :  5.30214e-05
 Reference value :  5.31707e-05
 Reference value :  5.33204e-05
 Reference value :  5.34710e-05
 Reference value :  5.36202e-05
 Reference value :  5.37702e-05
 Reference value :  5.39103e-05
 Reference value :  5.40418e-05
 Reference value :  5.41902e-05
 Reference value :  5.43402e-05
 Reference value :  5.44902e-05
 Reference value :  5.46406e-05
 Reference value :  5.47902e-05
 Reference value :  5.49312e-05
 Reference value :  5.50801e-05
 Reference value :  5.52117e-05
 Reference value :  5.53606e-05
 Reference value :  5.55009e-05
 Reference value :  5.56314e-05
 Reference value :  5.57801e-05
 Reference value :  5.59201e-05
 Reference value :  5.60702e-05
 Reference value :  5.62013e-05
 Reference value :  5.63502e-05
 Reference value :  5.64919e-05
 Reference value :  5.66425e-05
 Reference value :  5.67905e-05
 Reference value :  5.69222e-05
 Reference value :  5.70715e-05
 Reference value :  5.72201e-05
 Reference value :  5.73602e-05
 Reference value :  5.75103e-05
 Reference value :  5.77009e-05
 Reference value :  5.78505e-05
 Reference value :  5.80002e-05
 Reference value :  5.81407e-05
 Reference value :  5.82710e-05
 Reference value :  5.84128e-05
 Reference value :  5.85602e-05
 Reference value :  5.86911e-05
 Reference value :  5.88406e-05
 Reference value :  5.89901e-05
 Reference value :  5.91403e-05
 Reference value :  5.92902e-05
 Reference value :  5.94305e-05
 Reference value :  5.95611e-05
 Reference value :  5.97102e-05
 Reference value :  5.98536e-05
 Reference value :  6.00011e-05
 Reference value :  6.01500e-05
 Reference value :  6.02809e-05
 Reference value :  6.04301e-05
 Reference value :  6.05801e-05
 Reference value :  6.07208e-05
 Reference value :  6.08531e-05
 Reference value :  6.10014e-05
 Reference value :  6.11505e-05
 Reference value :  6.12927e-05
 Reference value :  6.14401e-05
 Reference value :  6.15713e-05
 Reference value :  6.17151e-05
 Reference value :  6.18601e-05
 Reference value :  6.20110e-05
 Reference value :  6.21606e-05
 Reference value :  6.23115e-05
 Reference value :  6.24604e-05
 Reference value :  6.26101e-05
 Reference value :  6.27603e-05
 Reference value :  6.28996e-05
 Reference value :  6.30416e-05
 Reference value :  6.31902e-05
 Reference value :  6.33308e-05
 Reference value :  6.34801e-05
 Reference value :  6.36600e-05
 Reference value :  6.38201e-05
 Reference value :  6.39603e-05
 Reference value :  6.40902e-05
 Reference value :  6.42305e-05
 Reference value :  6.43607e-05
 Reference value :  6.45059e-05
 Reference value :  6.46420e-05
 Reference value :  6.48001e-05
 Reference value :  6.49307e-05
 Reference value :  6.50801e-05
 Reference value :  6.52309e-05
 Reference value :  6.53805e-05
 Reference value :  6.55302e-05
 Reference value :  6.56708e-05
 Reference value :  6.58204e-05
 Reference value :  6.59516e-05
 Reference value :  6.60910e-05
 Reference value :  6.62204e-05
 Reference value :  6.63602e-05
 Reference value :  6.64902e-05
 Reference value :  6.66315e-05
 Reference value :  6.67806e-05
 Reference value :  6.69102e-05
 Reference value :  6.70501e-05
 Reference value :  6.71802e-05
 Reference value :  6.73201e-05
 Reference value :  6.74501e-05
 Reference value :  6.75709e-05
 Reference value :  6.77113e-05
 Reference value :  6.78403e-05
 Reference value :  6.79660e-05
 Reference value :  6.81112e-05
 Reference value :  6.82502e-05
 Reference value :  6.83806e-05
 Reference value :  6.85206e-05
 Reference value :  6.86560e-05
 Reference value :  6.88014e-05
 Reference value :  6.89410e-05
 Reference value :  6.90901e-05
 Reference value :  6.92206e-05
 Reference value :  6.93612e-05
 Reference value :  6.95110e-05
 Reference value :  6.97200e-05
 Reference value :  6.98505e-05
 Reference value :  7.00002e-05
 Reference value :  7.01414e-05
 Reference value :  7.02900e-05
 Reference value :  7.04209e-05
 Reference value :  7.05709e-05
 Reference value :  7.07109e-05
 Reference value :  7.08709e-05
 Reference value :  7.10118e-05
 Reference value :  7.11702e-05
 Reference value :  7.13106e-05
 Reference value :  7.14701e-05
 Reference value :  7.16102e-05
 Reference value :  7.17600e-05
 Reference value :  7.18909e-05
 Reference value :  7.20306e-05
 Reference value :  7.21610e-05
 Reference value :  7.23040e-05
 Reference value :  7.24510e-05
 Reference value :  7.26011e-05
 Reference value :  7.27501e-05
 Reference value :  7.28811e-05
 Reference value :  7.30306e-05
 Reference value :  7.31802e-05
 Reference value :  7.33203e-05
 Reference value :  7.34509e-05
 Reference value :  7.36001e-05
 Reference value :  7.37401e-05
 Reference value :  7.38702e-05
 Reference value :  7.40201e-05
 Reference value :  7.41701e-05
 Reference value :  7.43100e-05
 Reference value :  7.44401e-05
 Reference value :  7.45802e-05
 Reference value :  7.47102e-05
 Reference value :  7.48505e-05
 Reference value :  7.50002e-05
 Reference value :  7.51303e-05
 Reference value :  7.52706e-05
 Reference value :  7.54207e-05
 Reference value :  7.55802e-05
 Reference value :  7.57202e-05
 Reference value :  7.58470e-05
 Reference value :  7.59709e-05
 Reference value :  7.61101e-05
 Reference value :  7.62402e-05
 Reference value :  7.63801e-05
 Reference value :  7.65102e-05
 Reference value :  7.66505e-05
 Reference value :  7.68001e-05
 Reference value :  7.69348e-05
 Reference value :  7.70710e-05
 Reference value :  7.72011e-05
 Reference value :  7.73410e-05
 Reference value :  7.74702e-05
 Reference value :  7.76101e-05
 Reference value :  7.77310e-05
 Reference value :  7.78609e-05
 Reference value :  7.80001e-05
 Reference value :  7.81302e-05
 Reference value :  7.82804e-05
 Reference value :  7.84501e-05
 Reference value :  7.86108e-05
 Reference value :  7.87507e-05
 Reference value :  7.88813e-05
 Reference value :  7.90302e-05
 Reference value :  7.91701e-05
 Reference value :  7.93002e-05
 Reference value :  7.94402e-05
 Reference value :  7.95703e-05
 Reference value :  7.97209e-05
 Reference value :  7.98607e-05
No. of Data Rows : 535350
t_flip              =  3.81930e-05
vos_v               =  -1.80695e-03
m_dut_vos = -1.806950000e-03
Note: Simulation executed from .control section 

Warning: m=xx on .subckt line will override multiplier m hierarchy!

Note: Starting dynamic gmin stepping
Note: Dynamic gmin stepping completed
