
Note: Compatibility modes selected: hs a


Circuit: * comparator-kickback @ ss_125c_3.63v -- generated by sim/harness, do not edit

Doing analysis at TEMP = 125.000000 and TNOM = 27.000000

Using SPARSE 1.3 as Direct Linear Solver

Initial Transient Solution
--------------------------

Node                                   Voltage
----                                   -------
vdd                                       3.63
cm                                        1.65
clk                                          0
sa                                  -0.0090274
asp                                    1.64549
asn                                    1.65451
apa                                    1.64549
ana                                    1.65451
ibna                                   1.11437
xa.xlayout_dut.sp__t2              7.98079e-09
xa.xlayout_dut.qp__t6                     3.63
xa.xlayout_dut.vss__t17            4.70767e-11
xa.xlayout_dut.vss__t2             5.91216e-19
xa.xlayout_dut.dout__t3            1.02674e-08
xa.xlayout_dut.sp__t3              8.08577e-09
xa.xlayout_dut.vss__t25            2.88763e-18
xa.xlayout_dut.vss__t3             8.94561e-19
xa.xlayout_dut.dout__t2            1.00097e-08
xa.xlayout_dut.doutb__t0                  3.63
xa.xlayout_dut.vss__t24            7.33506e-11
xa.xlayout_dut.vss__t4             9.23817e-19
xa.xlayout_dut.ibias__t0               1.11309
xa.xlayout_dut.ibias__t1               1.11437
xa.xlayout_dut.vss__t20            0.000254896
xa.xlayout_dut.vss__t8             4.12286e-11
xa.xlayout_dut.sn__t2               7.9807e-09
xa.xlayout_dut.qn__t6                     3.63
xa.xlayout_dut.vss__t23             4.6989e-11
xa.xlayout_dut.vss__t5             5.90103e-19
xa.xlayout_dut.doutb__t1                  3.63
xa.xlayout_dut.sn__t3              8.13992e-09
xa.xlayout_dut.vss__t22            1.73591e-11
xa.xlayout_dut.vss__t6             4.39501e-11
xa.xlayout_dut.doutb__t4                  3.63
xa.xlayout_dut.dout__t4            1.02674e-08
xa.xlayout_dut.vss__t21             1.8257e-11
xa.xlayout_dut.vss__t7             4.62235e-11
xa.xlayout_dut.qn__t4                     3.63
xa.xlayout_dut.qp__t0                     3.63
xa.xlayout_dut.mn__t0                     3.63
xa.xlayout_dut.vss__t9             5.53844e-11
xa.xlayout_dut.mn__t1                     3.63
xa.xlayout_dut.aop__t2                  2.1686
xa.xlayout_dut.ltail__t0               1.71983
xa.xlayout_dut.vss__t11             4.1155e-11
xa.xlayout_dut.atail__t0              0.656188
xa.xlayout_dut.ibias__t2               1.11437
xa.xlayout_dut.vss__t19            0.000492693
xa.xlayout_dut.vss__t13            3.95211e-11
xa.xlayout_dut.qp__t1                     3.63
xa.xlayout_dut.qn__t5                     3.63
xa.xlayout_dut.mp__t2                     3.63
xa.xlayout_dut.vss__t10            5.54841e-11
xa.xlayout_dut.ltail__t1               1.71983
xa.xlayout_dut.clk__t2                       0
xa.xlayout_dut.vss__t18            5.04597e-11
xa.xlayout_dut.vss__t14            1.72493e-11
xa.xlayout_dut.mp__t1                     3.63
xa.xlayout_dut.aon__t0                 2.30819
xa.xlayout_dut.ltail__t2               1.71983
xa.xlayout_dut.vss__t12            4.15752e-11
xa.xlayout_dut.aon__t1                 2.30742
xa.xlayout_dut.vinp__t0                1.64549
xa.xlayout_dut.atail__t1              0.656783
xa.xlayout_dut.vss__t15            2.63954e-09
xa.xlayout_dut.aop__t1                  2.1673
xa.xlayout_dut.vinn__t0                1.65451
xa.xlayout_dut.atail__t2               0.65704
xa.xlayout_dut.vss__t16            7.12224e-10
xa.xlayout_dut.mn__t2                     3.63
xa.xlayout_dut.clk__t0                       0
xa.xlayout_dut.vdd__t0                    3.63
xa.xlayout_dut.vdd__t1                    3.63
xa.xlayout_dut.qn__t1                     3.63
xa.xlayout_dut.clk__t1                       0
xa.xlayout_dut.vdd__t2                    3.63
xa.xlayout_dut.vdd__t3                    3.63
xa.xlayout_dut.sp__t0              8.31578e-09
xa.xlayout_dut.qp__t2                     3.63
xa.xlayout_dut.vdd__t4                    3.63
xa.xlayout_dut.vdd__t5                    3.63
xa.xlayout_dut.mp__t0                     3.63
xa.xlayout_dut.clk__t4                       0
xa.xlayout_dut.vdd__t21                   3.63
xa.xlayout_dut.vdd__t20                   3.63
xa.xlayout_dut.qn__t0                     3.63
xa.xlayout_dut.qp__t3                     3.63
xa.xlayout_dut.vdd__t6                    3.63
xa.xlayout_dut.vdd__t7                    3.63
xa.xlayout_dut.qp__t4                     3.63
xa.xlayout_dut.clk__t3                       0
xa.xlayout_dut.vdd__t19                   3.63
xa.xlayout_dut.vdd__t18                   3.63
xa.xlayout_dut.na__t1                     3.63
xa.xlayout_dut.sp__t1              8.08577e-09
xa.xlayout_dut.vdd__t23                   3.63
xa.xlayout_dut.vdd__t8                    3.63
xa.xlayout_dut.dout__t0            1.04567e-08
xa.xlayout_dut.doutb__t2                  3.63
xa.xlayout_dut.na__t0                     3.63
xa.xlayout_dut.vdd__t13                   3.63
xa.xlayout_dut.sn__t0              8.39006e-09
xa.xlayout_dut.qn__t3                     3.63
xa.xlayout_dut.vdd__t17                   3.63
xa.xlayout_dut.vdd__t16                   3.63
xa.xlayout_dut.qp__t5                     3.63
xa.xlayout_dut.qn__t2                     3.63
xa.xlayout_dut.vdd__t15                   3.63
xa.xlayout_dut.vdd__t14                   3.63
xa.xlayout_dut.nb__t1                     3.63
xa.xlayout_dut.sn__t1              8.13992e-09
xa.xlayout_dut.vdd__t22                   3.63
xa.xlayout_dut.vdd__t12                   3.63
xa.xlayout_dut.doutb__t3                  3.63
xa.xlayout_dut.dout__t1            1.02674e-08
xa.xlayout_dut.nb__t0                     3.63
xa.xlayout_dut.vdd__t11                   3.63
xa.xlayout_dut.aon__t2                  2.3085
xa.xlayout_dut.x$28.11                 2.30903
xa.xlayout_dut.vss__t0                       0
xa.xlayout_dut.x$28.21                 3.62825
xa.xlayout_dut.vdd__t10                3.62878
xa.xlayout_dut.aop__t0                 2.16897
xa.xlayout_dut.x$29.11                 2.16956
xa.xlayout_dut.vss__t1                       0
xa.xlayout_dut.x$29.21                 3.62888
xa.xlayout_dut.vdd__t9                 3.62946
xa.xlayout_dut.aon                     2.30819
vsubs                                        0
xa.xlayout_dut.aop                      2.1686
xa.xlayout_dut.atail                  0.656683
douta                              1.02674e-08
doutba                                    3.63
xa.xlayout_dut.ltail                   1.71983
xa.xlayout_dut.mn                         3.63
xa.xlayout_dut.mp                         3.63
xa.xlayout_dut.na                         3.63
xa.xlayout_dut.nb                         3.63
xa.xlayout_dut.qn                         3.63
xa.xlayout_dut.qp                         3.63
xa.xlayout_dut.sn                  8.13992e-09
xa.xlayout_dut.sp                  8.08577e-09
sb                                  -0.0090274
bsp                                    1.64549
bsn                                    1.65451
bpp                                    1.64549
bpn                                    1.65451
ibnb                                   1.11437
xb.xlayout_dut.sp__t2              7.98079e-09
xb.xlayout_dut.qp__t6                     3.63
xb.xlayout_dut.vss__t17            4.70767e-11
xb.xlayout_dut.vss__t2             5.91216e-19
xb.xlayout_dut.dout__t3            1.02674e-08
xb.xlayout_dut.sp__t3              8.08577e-09
xb.xlayout_dut.vss__t25            2.88763e-18
xb.xlayout_dut.vss__t3             8.94561e-19
xb.xlayout_dut.dout__t2            1.00097e-08
xb.xlayout_dut.doutb__t0                  3.63
xb.xlayout_dut.vss__t24            7.33506e-11
xb.xlayout_dut.vss__t4             9.23817e-19
xb.xlayout_dut.ibias__t0               1.11309
xb.xlayout_dut.ibias__t1               1.11437
xb.xlayout_dut.vss__t20            0.000254896
xb.xlayout_dut.vss__t8             4.12286e-11
xb.xlayout_dut.sn__t2               7.9807e-09
xb.xlayout_dut.qn__t6                     3.63
xb.xlayout_dut.vss__t23             4.6989e-11
xb.xlayout_dut.vss__t5             5.90103e-19
xb.xlayout_dut.doutb__t1                  3.63
xb.xlayout_dut.sn__t3              8.13992e-09
xb.xlayout_dut.vss__t22            1.73591e-11
xb.xlayout_dut.vss__t6             4.39501e-11
xb.xlayout_dut.doutb__t4                  3.63
xb.xlayout_dut.dout__t4            1.02674e-08
xb.xlayout_dut.vss__t21             1.8257e-11
xb.xlayout_dut.vss__t7             4.62235e-11
xb.xlayout_dut.qn__t4                     3.63
xb.xlayout_dut.qp__t0                     3.63
xb.xlayout_dut.mn__t0                     3.63
xb.xlayout_dut.vss__t9             5.53844e-11
xb.xlayout_dut.mn__t1                     3.63
xb.xlayout_dut.aop__t2                  2.1686
xb.xlayout_dut.ltail__t0               1.71983
xb.xlayout_dut.vss__t11             4.1155e-11
xb.xlayout_dut.atail__t0              0.656188
xb.xlayout_dut.ibias__t2               1.11437
xb.xlayout_dut.vss__t19            0.000492693
xb.xlayout_dut.vss__t13            3.95211e-11
xb.xlayout_dut.qp__t1                     3.63
xb.xlayout_dut.qn__t5                     3.63
xb.xlayout_dut.mp__t2                     3.63
xb.xlayout_dut.vss__t10            5.54841e-11
xb.xlayout_dut.ltail__t1               1.71983
xb.xlayout_dut.clk__t2                       0
xb.xlayout_dut.vss__t18            5.04597e-11
xb.xlayout_dut.vss__t14            1.72493e-11
xb.xlayout_dut.mp__t1                     3.63
xb.xlayout_dut.aon__t0                 2.30819
xb.xlayout_dut.ltail__t2               1.71983
xb.xlayout_dut.vss__t12            4.15752e-11
xb.xlayout_dut.aon__t1                 2.30742
xb.xlayout_dut.vinp__t0                1.64549
xb.xlayout_dut.atail__t1              0.656783
xb.xlayout_dut.vss__t15            2.63954e-09
xb.xlayout_dut.aop__t1                  2.1673
xb.xlayout_dut.vinn__t0                1.65451
xb.xlayout_dut.atail__t2               0.65704
xb.xlayout_dut.vss__t16            7.12224e-10
xb.xlayout_dut.mn__t2                     3.63
xb.xlayout_dut.clk__t0                       0
xb.xlayout_dut.vdd__t0                    3.63
xb.xlayout_dut.vdd__t1                    3.63
xb.xlayout_dut.qn__t1                     3.63
xb.xlayout_dut.clk__t1                       0
xb.xlayout_dut.vdd__t2                    3.63
xb.xlayout_dut.vdd__t3                    3.63
xb.xlayout_dut.sp__t0              8.31578e-09
xb.xlayout_dut.qp__t2                     3.63
xb.xlayout_dut.vdd__t4                    3.63
xb.xlayout_dut.vdd__t5                    3.63
xb.xlayout_dut.mp__t0                     3.63
xb.xlayout_dut.clk__t4                       0
xb.xlayout_dut.vdd__t21                   3.63
xb.xlayout_dut.vdd__t20                   3.63
xb.xlayout_dut.qn__t0                     3.63
xb.xlayout_dut.qp__t3                     3.63
xb.xlayout_dut.vdd__t6                    3.63
xb.xlayout_dut.vdd__t7                    3.63
xb.xlayout_dut.qp__t4                     3.63
xb.xlayout_dut.clk__t3                       0
xb.xlayout_dut.vdd__t19                   3.63
xb.xlayout_dut.vdd__t18                   3.63
xb.xlayout_dut.na__t1                     3.63
xb.xlayout_dut.sp__t1              8.08577e-09
xb.xlayout_dut.vdd__t23                   3.63
xb.xlayout_dut.vdd__t8                    3.63
xb.xlayout_dut.dout__t0            1.04567e-08
xb.xlayout_dut.doutb__t2                  3.63
xb.xlayout_dut.na__t0                     3.63
xb.xlayout_dut.vdd__t13                   3.63
xb.xlayout_dut.sn__t0              8.39006e-09
xb.xlayout_dut.qn__t3                     3.63
xb.xlayout_dut.vdd__t17                   3.63
xb.xlayout_dut.vdd__t16                   3.63
xb.xlayout_dut.qp__t5                     3.63
xb.xlayout_dut.qn__t2                     3.63
xb.xlayout_dut.vdd__t15                   3.63
xb.xlayout_dut.vdd__t14                   3.63
xb.xlayout_dut.nb__t1                     3.63
xb.xlayout_dut.sn__t1              8.13992e-09
xb.xlayout_dut.vdd__t22                   3.63
xb.xlayout_dut.vdd__t12                   3.63
xb.xlayout_dut.doutb__t3                  3.63
xb.xlayout_dut.dout__t1            1.02674e-08
xb.xlayout_dut.nb__t0                     3.63
xb.xlayout_dut.vdd__t11                   3.63
xb.xlayout_dut.aon__t2                  2.3085
xb.xlayout_dut.x$28.11                 2.30903
xb.xlayout_dut.vss__t0                       0
xb.xlayout_dut.x$28.21                 3.62825
xb.xlayout_dut.vdd__t10                3.62878
xb.xlayout_dut.aop__t0                 2.16897
xb.xlayout_dut.x$29.11                 2.16956
xb.xlayout_dut.vss__t1                       0
xb.xlayout_dut.x$29.21                 3.62888
xb.xlayout_dut.vdd__t9                 3.62946
xb.xlayout_dut.aon                     2.30819
xb.xlayout_dut.aop                      2.1686
xb.xlayout_dut.atail                  0.656683
doutb                              1.02674e-08
doutbb                                    3.63
xb.xlayout_dut.ltail                   1.71983
xb.xlayout_dut.mn                         3.63
xb.xlayout_dut.mp                         3.63
xb.xlayout_dut.na                         3.63
xb.xlayout_dut.nb                         3.63
xb.xlayout_dut.qn                         3.63
xb.xlayout_dut.qp                         3.63
xb.xlayout_dut.sn                  8.13992e-09
xb.xlayout_dut.sp                  8.08577e-09
sc                                   0.0899726
csp                                    1.69499
csn                                    1.60501
cpp                                    1.69499
cpn                                    1.60501
ibnc                                   1.11437
xc.xlayout_dut.sp__t2              7.98079e-09
xc.xlayout_dut.qp__t6                     3.63
xc.xlayout_dut.vss__t17            4.70767e-11
xc.xlayout_dut.vss__t2             5.91216e-19
xc.xlayout_dut.dout__t3                   3.63
xc.xlayout_dut.sp__t3              8.08577e-09
xc.xlayout_dut.vss__t25            1.73822e-11
xc.xlayout_dut.vss__t3             4.40086e-11
xc.xlayout_dut.dout__t2                   3.63
xc.xlayout_dut.doutb__t0            1.0244e-08
xc.xlayout_dut.vss__t24             1.8279e-11
xc.xlayout_dut.vss__t4             4.62791e-11
xc.xlayout_dut.ibias__t0               1.11309
xc.xlayout_dut.ibias__t1               1.11437
xc.xlayout_dut.vss__t20            0.000254896
xc.xlayout_dut.vss__t8             4.12286e-11
xc.xlayout_dut.sn__t2               7.9807e-09
xc.xlayout_dut.qn__t6                     3.63
xc.xlayout_dut.vss__t23             4.6989e-11
xc.xlayout_dut.vss__t5             5.90103e-19
xc.xlayout_dut.doutb__t1            1.0244e-08
xc.xlayout_dut.sn__t3              8.13992e-09
xc.xlayout_dut.vss__t22             2.8772e-18
xc.xlayout_dut.vss__t6             8.91332e-19
xc.xlayout_dut.doutb__t4           1.00096e-08
xc.xlayout_dut.dout__t4                   3.63
xc.xlayout_dut.vss__t21            7.32624e-11
xc.xlayout_dut.vss__t7              9.2269e-19
xc.xlayout_dut.qn__t4                     3.63
xc.xlayout_dut.qp__t0                     3.63
xc.xlayout_dut.mn__t0                     3.63
xc.xlayout_dut.vss__t9             5.53844e-11
xc.xlayout_dut.mn__t1                     3.63
xc.xlayout_dut.aop__t2                  2.9226
xc.xlayout_dut.ltail__t0               2.21992
xc.xlayout_dut.vss__t11            4.41455e-11
xc.xlayout_dut.atail__t0              0.662303
xc.xlayout_dut.ibias__t2               1.11437
xc.xlayout_dut.vss__t19            0.000492733
xc.xlayout_dut.vss__t13             3.9671e-11
xc.xlayout_dut.qp__t1                     3.63
xc.xlayout_dut.qn__t5                     3.63
xc.xlayout_dut.mp__t2                     3.63
xc.xlayout_dut.vss__t10            5.54841e-11
xc.xlayout_dut.ltail__t1               2.21992
xc.xlayout_dut.clk__t2                       0
xc.xlayout_dut.vss__t18            5.34937e-11
xc.xlayout_dut.vss__t14            1.99755e-11
xc.xlayout_dut.mp__t1                     3.63
xc.xlayout_dut.aon__t0                 1.55272
xc.xlayout_dut.ltail__t2               2.21992
xc.xlayout_dut.vss__t12             4.4588e-11
xc.xlayout_dut.aon__t1                 1.55151
xc.xlayout_dut.vinp__t0                1.69499
xc.xlayout_dut.atail__t1              0.662957
xc.xlayout_dut.vss__t15             1.8074e-10
xc.xlayout_dut.aop__t1                 2.92197
xc.xlayout_dut.vinn__t0                1.60501
xc.xlayout_dut.atail__t2              0.662971
xc.xlayout_dut.vss__t16            1.50771e-07
xc.xlayout_dut.mn__t2                     3.63
xc.xlayout_dut.clk__t0                       0
xc.xlayout_dut.vdd__t0                    3.63
xc.xlayout_dut.vdd__t1                    3.63
xc.xlayout_dut.qn__t1                     3.63
xc.xlayout_dut.clk__t1                       0
xc.xlayout_dut.vdd__t2                    3.63
xc.xlayout_dut.vdd__t3                    3.63
xc.xlayout_dut.sp__t0              8.31578e-09
xc.xlayout_dut.qp__t2                     3.63
xc.xlayout_dut.vdd__t4                    3.63
xc.xlayout_dut.vdd__t5                    3.63
xc.xlayout_dut.mp__t0                     3.63
xc.xlayout_dut.clk__t4                       0
xc.xlayout_dut.vdd__t21                   3.63
xc.xlayout_dut.vdd__t20                   3.63
xc.xlayout_dut.qn__t0                     3.63
xc.xlayout_dut.qp__t3                     3.63
xc.xlayout_dut.vdd__t6                    3.63
xc.xlayout_dut.vdd__t7                    3.63
xc.xlayout_dut.qp__t4                     3.63
xc.xlayout_dut.clk__t3                       0
xc.xlayout_dut.vdd__t19                   3.63
xc.xlayout_dut.vdd__t18                   3.63
xc.xlayout_dut.na__t1                     3.63
xc.xlayout_dut.sp__t1              8.08577e-09
xc.xlayout_dut.vdd__t23                   3.63
xc.xlayout_dut.vdd__t8                    3.63
xc.xlayout_dut.dout__t0                   3.63
xc.xlayout_dut.doutb__t2            1.0244e-08
xc.xlayout_dut.na__t0                     3.63
xc.xlayout_dut.vdd__t13                   3.63
xc.xlayout_dut.sn__t0              8.39006e-09
xc.xlayout_dut.qn__t3                     3.63
xc.xlayout_dut.vdd__t17                   3.63
xc.xlayout_dut.vdd__t16                   3.63
xc.xlayout_dut.qp__t5                     3.63
xc.xlayout_dut.qn__t2                     3.63
xc.xlayout_dut.vdd__t15                   3.63
xc.xlayout_dut.vdd__t14                   3.63
xc.xlayout_dut.nb__t1                     3.63
xc.xlayout_dut.sn__t1              8.13992e-09
xc.xlayout_dut.vdd__t22                   3.63
xc.xlayout_dut.vdd__t12                   3.63
xc.xlayout_dut.doutb__t3           1.07542e-08
xc.xlayout_dut.dout__t1                   3.63
xc.xlayout_dut.nb__t0                     3.63
xc.xlayout_dut.vdd__t11                   3.63
xc.xlayout_dut.aon__t2                  1.5532
xc.xlayout_dut.x$28.11                 1.55404
xc.xlayout_dut.vss__t0                       0
xc.xlayout_dut.x$28.21                 3.62724
xc.xlayout_dut.vdd__t10                3.62808
xc.xlayout_dut.aop__t0                 2.92278
xc.xlayout_dut.x$29.11                 2.92306
xc.xlayout_dut.vss__t1                       0
xc.xlayout_dut.x$29.21                 3.62946
xc.xlayout_dut.vdd__t9                 3.62974
xc.xlayout_dut.aon                     1.55272
xc.xlayout_dut.aop                      2.9226
xc.xlayout_dut.atail                  0.662799
doutc                                     3.63
doutbc                              1.0244e-08
xc.xlayout_dut.ltail                   2.21992
xc.xlayout_dut.mn                         3.63
xc.xlayout_dut.mp                         3.63
xc.xlayout_dut.na                         3.63
xc.xlayout_dut.nb                         3.63
xc.xlayout_dut.qn                         3.63
xc.xlayout_dut.qp                         3.63
xc.xlayout_dut.sn                  8.13992e-09
xc.xlayout_dut.sp                  8.08577e-09
ad                                -2.22045e-15
bd                                  -0.0090274
cd                                   0.0899726
bc                                  2.7682e-10
dan                                2.82849e-09
dbn                                2.82849e-09
dcn                                          1
bdcn#branch                                  0
bdbn#branch                                  0
bdan#branch                                  0
bbc#branch                                   0
bcd#branch                                   0
bbd#branch                                   0
bad#branch                                   0
ecsn#branch                        2.69272e-19
ecsp#branch                        2.84367e-19
ebsn#branch                        2.77577e-19
ebsp#branch                        2.76062e-19
easn#branch                       -2.15478e-18
easp#branch                       -2.14976e-18
vsc#branch                                   0
vsb#branch                                   0
vsa#branch                                   0
vclk#branch                                  0
vcm#branch                        -3.19726e-18
vsup#branch                       -9.03308e-05

 Reference value :  1.04640e-09
 Reference value :  3.74640e-09
 Reference value :  6.43640e-09
 Reference value :  9.17640e-09
 Reference value :  1.21514e-08
 Reference value :  1.56814e-08
 Reference value :  1.83864e-08
 Reference value :  2.12114e-08
 Reference value :  2.39364e-08
 Reference value :  2.65014e-08
 Reference value :  2.93114e-08
 Reference value :  3.18307e-08
 Reference value :  3.46207e-08
 Reference value :  3.74807e-08
 Reference value :  4.02814e-08
 Reference value :  4.30214e-08
 Reference value :  4.56864e-08
 Reference value :  4.83914e-08
 Reference value :  5.10614e-08
 Reference value :  5.38514e-08
 Reference value :  5.64514e-08
 Reference value :  5.90914e-08
No. of Data Rows : 12038
ad_pos              =  9.63039e-03 at=  4.05614e-08
ad_neg              =  -1.11961e-02 at=  4.02000e-08
ap0                 =  1.64549e+00
apmax               =  1.65512e+00 at=  4.05614e-08
apmin               =  1.63429e+00 at=  4.02000e-08
bd0                 =  -9.02740e-03
bd1                 =  -9.01952e-03
cd0                 =  8.99726e-02
cd1                 =  8.98817e-02
bc0                 =  2.76817e-10
bc1                 =  2.27508e-04
bp0                 =  1.64549e+00
bn0                 =  1.65451e+00
bp1                 =  1.64572e+00
bn1                 =  1.65474e+00
da_end              =  9.99989e-01
db_end              =  9.99989e-01
dc_end              =  9.99989e-01
m_kick_1k_peak_mv = 1.1196110000e+01
m_kick_1k_pos_mv = 9.6303860000e+00
m_kick_1k_neg_mv = -1.119611000e+01
m_kick_1k_raw_mv = 1.1196000000e+01
m_kick_resid_small_nv = 7.8850000000e+03
m_kick_resid_big_nv = -9.085000000e+04
m_kick_sigdep_nv = 9.8735000000e+04
m_kick_cm_nv = 2.2750822318e+05
m_kick_resid_raw_uv = 9.0000000001e+00
m_q_resid_small_ac = 7.8850000000e+00
m_dout_1k_end = 9.9998880000e-01
m_dout_float_small_end = 9.9998880000e-01
m_dout_float_big_end = 9.9998880000e-01
Note: Simulation executed from .control section 

Warning: m=xx on .subckt line will override multiplier m hierarchy!

