
Note: Compatibility modes selected: hs a


Circuit: * comparator-kickback-vosprobe @ ss_125c_3.63v -- generated by sim/harness, do not edit

Doing analysis at TEMP = 125.000000 and TNOM = 27.000000

Using SPARSE 1.3 as Direct Linear Solver

Initial Transient Solution
--------------------------

Node                                   Voltage
----                                   -------
vdd                                       3.63
cm                                        1.65
clk                                          0
rmp                                      -0.04
vp                                        1.63
vn                                        1.67
ibn                                    1.11437
xdut.xlayout_dut.sp__t2            7.98079e-09
xdut.xlayout_dut.qp__t6                   3.63
xdut.xlayout_dut.vss__t17          4.70767e-11
xdut.xlayout_dut.vss__t2           5.91216e-19
xdut.xlayout_dut.dout__t3          1.02674e-08
xdut.xlayout_dut.sp__t3            8.08577e-09
xdut.xlayout_dut.vss__t25          2.88763e-18
xdut.xlayout_dut.vss__t3           8.94561e-19
xdut.xlayout_dut.dout__t2          1.00097e-08
xdut.xlayout_dut.doutb__t0                3.63
xdut.xlayout_dut.vss__t24          7.33506e-11
xdut.xlayout_dut.vss__t4           9.23817e-19
xdut.xlayout_dut.ibias__t0             1.11309
xdut.xlayout_dut.ibias__t1             1.11437
xdut.xlayout_dut.vss__t20          0.000254896
xdut.xlayout_dut.vss__t8           4.12286e-11
xdut.xlayout_dut.sn__t2             7.9807e-09
xdut.xlayout_dut.qn__t6                   3.63
xdut.xlayout_dut.vss__t23           4.6989e-11
xdut.xlayout_dut.vss__t5           5.90103e-19
xdut.xlayout_dut.doutb__t1                3.63
xdut.xlayout_dut.sn__t3            8.13992e-09
xdut.xlayout_dut.vss__t22          1.73591e-11
xdut.xlayout_dut.vss__t6           4.39501e-11
xdut.xlayout_dut.doutb__t4                3.63
xdut.xlayout_dut.dout__t4          1.02674e-08
xdut.xlayout_dut.vss__t21           1.8257e-11
xdut.xlayout_dut.vss__t7           4.62235e-11
xdut.xlayout_dut.qn__t4                   3.63
xdut.xlayout_dut.qp__t0                   3.63
xdut.xlayout_dut.mn__t0                   3.63
xdut.xlayout_dut.vss__t9           5.53844e-11
xdut.xlayout_dut.mn__t1                   3.63
xdut.xlayout_dut.aop__t2               1.92282
xdut.xlayout_dut.ltail__t0             1.91783
xdut.xlayout_dut.vss__t11          4.23388e-11
xdut.xlayout_dut.atail__t0            0.657287
xdut.xlayout_dut.ibias__t2             1.11437
xdut.xlayout_dut.vss__t19          0.000492701
xdut.xlayout_dut.vss__t13          3.95481e-11
xdut.xlayout_dut.qp__t1                   3.63
xdut.xlayout_dut.qn__t5                   3.63
xdut.xlayout_dut.mp__t2                   3.63
xdut.xlayout_dut.vss__t10          5.54841e-11
xdut.xlayout_dut.ltail__t1             1.91783
xdut.xlayout_dut.clk__t2                     0
xdut.xlayout_dut.vss__t18          5.16581e-11
xdut.xlayout_dut.vss__t14          1.83221e-11
xdut.xlayout_dut.mp__t1                   3.63
xdut.xlayout_dut.aon__t0               2.55397
xdut.xlayout_dut.ltail__t2             1.91783
xdut.xlayout_dut.vss__t12          4.27652e-11
xdut.xlayout_dut.aon__t1               2.55335
xdut.xlayout_dut.vinp__t0                 1.63
xdut.xlayout_dut.atail__t1            0.657864
xdut.xlayout_dut.vss__t15          1.98155e-08
xdut.xlayout_dut.aop__t1               1.92129
xdut.xlayout_dut.vinn__t0                 1.67
xdut.xlayout_dut.atail__t2            0.658199
xdut.xlayout_dut.vss__t16          2.04131e-10
xdut.xlayout_dut.mn__t2                   3.63
xdut.xlayout_dut.clk__t0                     0
xdut.xlayout_dut.vdd__t0                  3.63
xdut.xlayout_dut.vdd__t1                  3.63
xdut.xlayout_dut.qn__t1                   3.63
xdut.xlayout_dut.clk__t1                     0
xdut.xlayout_dut.vdd__t2                  3.63
xdut.xlayout_dut.vdd__t3                  3.63
xdut.xlayout_dut.sp__t0            8.31578e-09
xdut.xlayout_dut.qp__t2                   3.63
xdut.xlayout_dut.vdd__t4                  3.63
xdut.xlayout_dut.vdd__t5                  3.63
xdut.xlayout_dut.mp__t0                   3.63
xdut.xlayout_dut.clk__t4                     0
xdut.xlayout_dut.vdd__t21                 3.63
xdut.xlayout_dut.vdd__t20                 3.63
xdut.xlayout_dut.qn__t0                   3.63
xdut.xlayout_dut.qp__t3                   3.63
xdut.xlayout_dut.vdd__t6                  3.63
xdut.xlayout_dut.vdd__t7                  3.63
xdut.xlayout_dut.qp__t4                   3.63
xdut.xlayout_dut.clk__t3                     0
xdut.xlayout_dut.vdd__t19                 3.63
xdut.xlayout_dut.vdd__t18                 3.63
xdut.xlayout_dut.na__t1                   3.63
xdut.xlayout_dut.sp__t1            8.08577e-09
xdut.xlayout_dut.vdd__t23                 3.63
xdut.xlayout_dut.vdd__t8                  3.63
xdut.xlayout_dut.dout__t0          1.04567e-08
xdut.xlayout_dut.doutb__t2                3.63
xdut.xlayout_dut.na__t0                   3.63
xdut.xlayout_dut.vdd__t13                 3.63
xdut.xlayout_dut.sn__t0            8.39006e-09
xdut.xlayout_dut.qn__t3                   3.63
xdut.xlayout_dut.vdd__t17                 3.63
xdut.xlayout_dut.vdd__t16                 3.63
xdut.xlayout_dut.qp__t5                   3.63
xdut.xlayout_dut.qn__t2                   3.63
xdut.xlayout_dut.vdd__t15                 3.63
xdut.xlayout_dut.vdd__t14                 3.63
xdut.xlayout_dut.nb__t1                   3.63
xdut.xlayout_dut.sn__t1            8.13992e-09
xdut.xlayout_dut.vdd__t22                 3.63
xdut.xlayout_dut.vdd__t12                 3.63
xdut.xlayout_dut.doutb__t3                3.63
xdut.xlayout_dut.dout__t1          1.02674e-08
xdut.xlayout_dut.nb__t0                   3.63
xdut.xlayout_dut.vdd__t11                 3.63
xdut.xlayout_dut.aon__t2               2.55422
xdut.xlayout_dut.x$28.11               2.55466
xdut.xlayout_dut.vss__t0                     0
xdut.xlayout_dut.x$28.21               3.62857
xdut.xlayout_dut.vdd__t10              3.62901
xdut.xlayout_dut.aop__t0               1.92325
xdut.xlayout_dut.x$29.11               1.92393
xdut.xlayout_dut.vss__t1                     0
xdut.xlayout_dut.x$29.21               3.62869
xdut.xlayout_dut.vdd__t9               3.62937
xdut.xlayout_dut.aon                   2.55397
vsubs                                        0
xdut.xlayout_dut.aop                   1.92282
xdut.xlayout_dut.atail                0.657782
dout                               1.02674e-08
doutb                                     3.63
xdut.xlayout_dut.ltail                 1.91783
xdut.xlayout_dut.mn                       3.63
xdut.xlayout_dut.mp                       3.63
xdut.xlayout_dut.na                       3.63
xdut.xlayout_dut.nb                       3.63
xdut.xlayout_dut.qn                       3.63
xdut.xlayout_dut.qp                       3.63
xdut.xlayout_dut.sn                8.13992e-09
xdut.xlayout_dut.sp                8.08577e-09
dn                                 2.82849e-09
bdn#branch                                   0
bnn#branch                         1.17161e-18
bpp#branch                          3.4199e-19
vrmp#branch                                  0
vclk#branch                                  0
vcm#branch                                   0
vsup#branch                       -3.01087e-05

 Reference value :  1.20007e-07
 Reference value :  2.92532e-07
 Reference value :  4.61222e-07
 Reference value :  6.40834e-07
 Reference value :  8.10140e-07
 Reference value :  9.70147e-07
 Reference value :  1.14000e-06
 Reference value :  1.30020e-06
 Reference value :  1.48010e-06
 Reference value :  1.65102e-06
 Reference value :  1.83001e-06
 Reference value :  1.99019e-06
 Reference value :  2.14281e-06
 Reference value :  2.31218e-06
 Reference value :  2.47436e-06
 Reference value :  2.64033e-06
 Reference value :  2.82010e-06
 Reference value :  2.98019e-06
 Reference value :  3.15028e-06
 Reference value :  3.33025e-06
 Reference value :  3.49282e-06
 Reference value :  3.67111e-06
 Reference value :  3.84116e-06
 Reference value :  4.03134e-06
 Reference value :  4.21010e-06
 Reference value :  4.36183e-06
 Reference value :  4.54073e-06
 Reference value :  4.71011e-06
 Reference value :  4.87702e-06
 Reference value :  5.05122e-06
 Reference value :  5.28065e-06
 Reference value :  5.47029e-06
 Reference value :  5.64058e-06
 Reference value :  5.80153e-06
 Reference value :  5.97026e-06
 Reference value :  6.15000e-06
 Reference value :  6.31106e-06
 Reference value :  6.51001e-06
 Reference value :  6.67073e-06
 Reference value :  6.84061e-06
 Reference value :  7.02187e-06
 Reference value :  7.20009e-06
 Reference value :  7.38039e-06
 Reference value :  7.54104e-06
 Reference value :  7.71108e-06
 Reference value :  7.89064e-06
 Reference value :  8.05104e-06
 Reference value :  8.22026e-06
 Reference value :  8.40000e-06
 Reference value :  8.58009e-06
 Reference value :  8.76069e-06
 Reference value :  8.94006e-06
 Reference value :  9.10102e-06
 Reference value :  9.27081e-06
 Reference value :  9.45085e-06
 Reference value :  9.63022e-06
 Reference value :  9.79102e-06
 Reference value :  9.97013e-06
 Reference value :  1.01211e-05
 Reference value :  1.02903e-05
 Reference value :  1.04733e-05
 Reference value :  1.06602e-05
 Reference value :  1.08320e-05
 Reference value :  1.09917e-05
 Reference value :  1.11900e-05
 Reference value :  1.13501e-05
 Reference value :  1.15205e-05
 Reference value :  1.17018e-05
 Reference value :  1.18802e-05
 Reference value :  1.20601e-05
 Reference value :  1.22502e-05
 Reference value :  1.24601e-05
 Reference value :  1.26312e-05
 Reference value :  1.28100e-05
 Reference value :  1.29702e-05
 Reference value :  1.31406e-05
 Reference value :  1.33013e-05
 Reference value :  1.34717e-05
 Reference value :  1.36602e-05
 Reference value :  1.38302e-05
 Reference value :  1.40109e-05
 Reference value :  1.42121e-05
 Reference value :  1.43807e-05
 Reference value :  1.45511e-05
 Reference value :  1.47303e-05
 Reference value :  1.48902e-05
 Reference value :  1.50606e-05
 Reference value :  1.52210e-05
 Reference value :  1.53913e-05
 Reference value :  1.55701e-05
 Reference value :  1.57313e-05
 Reference value :  1.59115e-05
 Reference value :  1.61202e-05
 Reference value :  1.63311e-05
 Reference value :  1.65007e-05
 Reference value :  1.66801e-05
 Reference value :  1.68601e-05
 Reference value :  1.70214e-05
 Reference value :  1.72002e-05
 Reference value :  1.73701e-05
 Reference value :  1.75504e-05
 Reference value :  1.77402e-05
 Reference value :  1.79119e-05
 Reference value :  1.81010e-05
 Reference value :  1.82814e-05
 Reference value :  1.84611e-05
 Reference value :  1.86402e-05
 Reference value :  1.88207e-05
 Reference value :  1.90013e-05
 Reference value :  1.91807e-05
 Reference value :  1.94202e-05
 Reference value :  1.96007e-05
 Reference value :  1.97713e-05
 Reference value :  1.99603e-05
 Reference value :  2.01311e-05
 Reference value :  2.02620e-05
 Reference value :  2.04603e-05
 Reference value :  2.06502e-05
 Reference value :  2.08226e-05
 Reference value :  2.10007e-05
 Reference value :  2.11801e-05
 Reference value :  2.13427e-05
 Reference value :  2.15202e-05
 Reference value :  2.17002e-05
 Reference value :  2.18810e-05
 Reference value :  2.20750e-05
 Reference value :  2.22414e-05
 Reference value :  2.24212e-05
 Reference value :  2.26010e-05
 Reference value :  2.27802e-05
 Reference value :  2.29519e-05
 Reference value :  2.31318e-05
 Reference value :  2.33119e-05
 Reference value :  2.34902e-05
 Reference value :  2.36702e-05
 Reference value :  2.38508e-05
 Reference value :  2.40301e-05
 Reference value :  2.42510e-05
 Reference value :  2.44310e-05
 Reference value :  2.46102e-05
 Reference value :  2.47904e-05
 Reference value :  2.49618e-05
 Reference value :  2.51422e-05
 Reference value :  2.53208e-05
 Reference value :  2.55001e-05
 Reference value :  2.56680e-05
 Reference value :  2.58538e-05
 Reference value :  2.60210e-05
 Reference value :  2.62013e-05
 Reference value :  2.63706e-05
 Reference value :  2.65323e-05
 Reference value :  2.67301e-05
 Reference value :  2.68956e-05
 Reference value :  2.70711e-05
 Reference value :  2.72405e-05
 Reference value :  2.74201e-05
 Reference value :  2.75810e-05
 Reference value :  2.77502e-05
 Reference value :  2.79301e-05
 Reference value :  2.80903e-05
 Reference value :  2.82619e-05
 Reference value :  2.84410e-05
 Reference value :  2.86201e-05
 Reference value :  2.87802e-05
 Reference value :  2.89523e-05
 Reference value :  2.91719e-05
 Reference value :  2.93478e-05
 Reference value :  2.95028e-05
 Reference value :  2.96700e-05
 Reference value :  2.98302e-05
 Reference value :  3.00002e-05
 Reference value :  3.01525e-05
 Reference value :  3.03301e-05
 Reference value :  3.04918e-05
 Reference value :  3.06714e-05
 Reference value :  3.08507e-05
 Reference value :  3.10301e-05
 Reference value :  3.12031e-05
 Reference value :  3.13806e-05
 Reference value :  3.15420e-05
 Reference value :  3.17401e-05
 Reference value :  3.19201e-05
 Reference value :  3.21002e-05
 Reference value :  3.22761e-05
 Reference value :  3.24600e-05
 Reference value :  3.26205e-05
 Reference value :  3.28007e-05
 Reference value :  3.29808e-05
 Reference value :  3.31609e-05
 Reference value :  3.33412e-05
 Reference value :  3.35235e-05
 Reference value :  3.37200e-05
 Reference value :  3.38816e-05
 Reference value :  3.40801e-05
 Reference value :  3.42601e-05
 Reference value :  3.44402e-05
 Reference value :  3.46222e-05
 Reference value :  3.48407e-05
 Reference value :  3.50208e-05
 Reference value :  3.52013e-05
 Reference value :  3.53809e-05
 Reference value :  3.55606e-05
 Reference value :  3.57411e-05
 Reference value :  3.59340e-05
 Reference value :  3.61203e-05
 Reference value :  3.63002e-05
 Reference value :  3.64901e-05
 Reference value :  3.66702e-05
 Reference value :  3.68502e-05
 Reference value :  3.70319e-05
 Reference value :  3.72110e-05
 Reference value :  3.73905e-05
 Reference value :  3.75734e-05
 Reference value :  3.77707e-05
 Reference value :  3.79512e-05
 Reference value :  3.81301e-05
 Reference value :  3.83100e-05
 Reference value :  3.84914e-05
 Reference value :  3.86806e-05
 Reference value :  3.88801e-05
 Reference value :  3.90602e-05
 Reference value :  3.92401e-05
 Reference value :  3.94021e-05
 Reference value :  3.95862e-05
 Reference value :  3.97661e-05
 Reference value :  3.99600e-05
 Reference value :  4.01208e-05
 Reference value :  4.03009e-05
 Reference value :  4.04810e-05
 Reference value :  4.06616e-05
 Reference value :  4.08419e-05
 Reference value :  4.10401e-05
 Reference value :  4.12004e-05
 Reference value :  4.13714e-05
 Reference value :  4.15507e-05
 Reference value :  4.17301e-05
 Reference value :  4.19202e-05
 Reference value :  4.21301e-05
 Reference value :  4.23007e-05
 Reference value :  4.24615e-05
 Reference value :  4.26402e-05
 Reference value :  4.28180e-05
 Reference value :  4.29901e-05
 Reference value :  4.31701e-05
 Reference value :  4.33502e-05
 Reference value :  4.35108e-05
 Reference value :  4.36906e-05
 Reference value :  4.38701e-05
 Reference value :  4.40405e-05
 Reference value :  4.42201e-05
 Reference value :  4.43808e-05
 Reference value :  4.45511e-05
 Reference value :  4.47301e-05
 Reference value :  4.48906e-05
 Reference value :  4.50604e-05
 Reference value :  4.52406e-05
 Reference value :  4.54201e-05
 Reference value :  4.55892e-05
 Reference value :  4.57610e-05
 Reference value :  4.59315e-05
 Reference value :  4.61103e-05
 Reference value :  4.62711e-05
 Reference value :  4.64412e-05
 Reference value :  4.66201e-05
 Reference value :  4.67801e-05
 Reference value :  4.69515e-05
 Reference value :  4.71408e-05
 Reference value :  4.73202e-05
 Reference value :  4.74903e-05
 Reference value :  4.76701e-05
 Reference value :  4.78315e-05
 Reference value :  4.80102e-05
 Reference value :  4.81803e-05
 Reference value :  4.83601e-05
 Reference value :  4.85551e-05
 Reference value :  4.87307e-05
 Reference value :  4.89003e-05
 Reference value :  4.90640e-05
 Reference value :  4.92309e-05
 Reference value :  4.94101e-05
 Reference value :  4.95901e-05
 Reference value :  4.97505e-05
 Reference value :  4.99220e-05
 Reference value :  5.01001e-05
 Reference value :  5.02604e-05
 Reference value :  5.04301e-05
 Reference value :  5.05907e-05
 Reference value :  5.07612e-05
 Reference value :  5.09221e-05
 Reference value :  5.11002e-05
 Reference value :  5.12717e-05
 Reference value :  5.14307e-05
 Reference value :  5.16001e-05
 Reference value :  5.17605e-05
 Reference value :  5.19318e-05
 Reference value :  5.20924e-05
 Reference value :  5.22702e-05
 Reference value :  5.24401e-05
 Reference value :  5.26006e-05
 Reference value :  5.27725e-05
 Reference value :  5.29500e-05
 Reference value :  5.31006e-05
 Reference value :  5.32770e-05
 Reference value :  5.34338e-05
 Reference value :  5.36106e-05
 Reference value :  5.37856e-05
 Reference value :  5.39503e-05
 Reference value :  5.41305e-05
 Reference value :  5.43002e-05
 Reference value :  5.44614e-05
 Reference value :  5.46316e-05
 Reference value :  5.48101e-05
 Reference value :  5.49921e-05
 Reference value :  5.52004e-05
 Reference value :  5.53800e-05
 Reference value :  5.55407e-05
 Reference value :  5.57102e-05
 Reference value :  5.58901e-05
 Reference value :  5.60700e-05
 Reference value :  5.62503e-05
 Reference value :  5.64301e-05
 Reference value :  5.65910e-05
 Reference value :  5.67701e-05
 Reference value :  5.69501e-05
 Reference value :  5.71202e-05
 Reference value :  5.72807e-05
 Reference value :  5.74618e-05
 Reference value :  5.76403e-05
 Reference value :  5.78202e-05
 Reference value :  5.80002e-05
 Reference value :  5.81805e-05
 Reference value :  5.83601e-05
 Reference value :  5.85405e-05
 Reference value :  5.87203e-05
 Reference value :  5.88910e-05
 Reference value :  5.90701e-05
 Reference value :  5.92423e-05
 Reference value :  5.94303e-05
 Reference value :  5.96101e-05
 Reference value :  5.97900e-05
 Reference value :  5.99702e-05
 Reference value :  6.01317e-05
 Reference value :  6.03112e-05
 Reference value :  6.04902e-05
 Reference value :  6.06624e-05
 Reference value :  6.08413e-05
 Reference value :  6.10201e-05
 Reference value :  6.11915e-05
 Reference value :  6.14105e-05
 Reference value :  6.15911e-05
 Reference value :  6.17802e-05
 Reference value :  6.19507e-05
 Reference value :  6.21306e-05
 Reference value :  6.23103e-05
 Reference value :  6.24900e-05
 Reference value :  6.26524e-05
 Reference value :  6.28501e-05
 Reference value :  6.30402e-05
 Reference value :  6.32201e-05
 Reference value :  6.34002e-05
 Reference value :  6.35802e-05
 Reference value :  6.37509e-05
 Reference value :  6.39168e-05
 Reference value :  6.40908e-05
 Reference value :  6.42702e-05
 Reference value :  6.44501e-05
 Reference value :  6.46209e-05
 Reference value :  6.48107e-05
 Reference value :  6.49910e-05
 Reference value :  6.51901e-05
 Reference value :  6.53523e-05
 Reference value :  6.55310e-05
 Reference value :  6.57103e-05
 Reference value :  6.58902e-05
 Reference value :  6.60609e-05
 Reference value :  6.62402e-05
 Reference value :  6.64201e-05
 Reference value :  6.65889e-05
 Reference value :  6.67802e-05
 Reference value :  6.69608e-05
 Reference value :  6.71502e-05
 Reference value :  6.73311e-05
 Reference value :  6.75102e-05
 Reference value :  6.76821e-05
 Reference value :  6.78602e-05
 Reference value :  6.80401e-05
 Reference value :  6.82503e-05
 Reference value :  6.84300e-05
 Reference value :  6.86135e-05
 Reference value :  6.87905e-05
 Reference value :  6.89702e-05
 Reference value :  6.91455e-05
 Reference value :  6.93119e-05
 Reference value :  6.95024e-05
 Reference value :  6.96912e-05
 Reference value :  6.98705e-05
 Reference value :  7.00621e-05
 Reference value :  7.02410e-05
 Reference value :  7.04211e-05
 Reference value :  7.06008e-05
 Reference value :  7.07810e-05
 Reference value :  7.09602e-05
 Reference value :  7.11308e-05
 Reference value :  7.13102e-05
 Reference value :  7.14720e-05
 Reference value :  7.16702e-05
 Reference value :  7.18501e-05
 Reference value :  7.20305e-05
 Reference value :  7.22113e-05
 Reference value :  7.23904e-05
 Reference value :  7.25738e-05
 Reference value :  7.27507e-05
 Reference value :  7.29305e-05
 Reference value :  7.31106e-05
 Reference value :  7.32901e-05
 Reference value :  7.34808e-05
 Reference value :  7.36612e-05
 Reference value :  7.38413e-05
 Reference value :  7.40208e-05
 Reference value :  7.42014e-05
 Reference value :  7.43814e-05
 Reference value :  7.45611e-05
 Reference value :  7.47612e-05
 Reference value :  7.49501e-05
 Reference value :  7.51307e-05
 Reference value :  7.53006e-05
 Reference value :  7.54802e-05
 Reference value :  7.56609e-05
 Reference value :  7.58409e-05
 Reference value :  7.60201e-05
 Reference value :  7.61812e-05
 Reference value :  7.63618e-05
 Reference value :  7.65401e-05
 Reference value :  7.67405e-05
 Reference value :  7.69202e-05
 Reference value :  7.70813e-05
 Reference value :  7.72504e-05
 Reference value :  7.74113e-05
 Reference value :  7.75825e-05
 Reference value :  7.77420e-05
 Reference value :  7.79216e-05
 Reference value :  7.81049e-05
 Reference value :  7.82802e-05
 Reference value :  7.84602e-05
 Reference value :  7.86301e-05
 Reference value :  7.87914e-05
 Reference value :  7.89702e-05
 Reference value :  7.91404e-05
 Reference value :  7.93201e-05
 Reference value :  7.95001e-05
 Reference value :  7.96723e-05
 Reference value :  7.98413e-05
No. of Data Rows : 448127
t_flip              =  2.99726e-05
vos_v               =  -1.00274e-02
m_dut_vos = -1.002740000e-02
Note: Simulation executed from .control section 

Warning: m=xx on .subckt line will override multiplier m hierarchy!

