
Note: Compatibility modes selected: hs a


Circuit: * comparator-kickback-vosprobe @ ss_125c_3.30v -- generated by sim/harness, do not edit

Doing analysis at TEMP = 125.000000 and TNOM = 27.000000

Using SPARSE 1.3 as Direct Linear Solver

Initial Transient Solution
--------------------------

Node                                   Voltage
----                                   -------
vdd                                        3.3
cm                                        1.65
clk                                          0
rmp                                      -0.04
vp                                        1.63
vn                                        1.67
ibn                                    1.11437
xdut.xlayout_dut.sp__t2            7.29635e-09
xdut.xlayout_dut.qp__t6                    3.3
xdut.xlayout_dut.vss__t17          4.03645e-11
xdut.xlayout_dut.vss__t2           5.40316e-19
xdut.xlayout_dut.dout__t3                  3.3
xdut.xlayout_dut.sp__t3            7.38637e-09
xdut.xlayout_dut.vss__t25           1.6685e-11
xdut.xlayout_dut.vss__t3           3.99293e-11
xdut.xlayout_dut.dout__t2                  3.3
xdut.xlayout_dut.doutb__t0         9.00166e-09
xdut.xlayout_dut.vss__t24          1.75458e-11
xdut.xlayout_dut.vss__t4           4.19893e-11
xdut.xlayout_dut.ibias__t0             1.11309
xdut.xlayout_dut.ibias__t1             1.11437
xdut.xlayout_dut.vss__t20          0.000254896
xdut.xlayout_dut.vss__t8           4.12286e-11
xdut.xlayout_dut.sn__t2            7.29628e-09
xdut.xlayout_dut.qn__t6                    3.3
xdut.xlayout_dut.vss__t23          4.02893e-11
xdut.xlayout_dut.vss__t5           5.39299e-19
xdut.xlayout_dut.doutb__t1         9.00166e-09
xdut.xlayout_dut.sn__t3             7.4328e-09
xdut.xlayout_dut.vss__t22          2.52827e-18
xdut.xlayout_dut.vss__t6           7.83236e-19
xdut.xlayout_dut.doutb__t4         8.80818e-09
xdut.xlayout_dut.dout__t4                  3.3
xdut.xlayout_dut.vss__t21          6.04677e-11
xdut.xlayout_dut.vss__t7           8.11578e-19
xdut.xlayout_dut.qn__t4                    3.3
xdut.xlayout_dut.qp__t0                    3.3
xdut.xlayout_dut.mn__t0                    3.3
xdut.xlayout_dut.vss__t9           5.10523e-11
xdut.xlayout_dut.mn__t1                    3.3
xdut.xlayout_dut.aop__t2               1.59319
xdut.xlayout_dut.ltail__t0              1.6491
xdut.xlayout_dut.vss__t11          3.87582e-11
xdut.xlayout_dut.atail__t0            0.656885
xdut.xlayout_dut.ibias__t2             1.11437
xdut.xlayout_dut.vss__t19          0.000492698
xdut.xlayout_dut.vss__t13          3.95382e-11
xdut.xlayout_dut.qp__t1                    3.3
xdut.xlayout_dut.qn__t5                    3.3
xdut.xlayout_dut.mp__t2                    3.3
xdut.xlayout_dut.vss__t10          5.11442e-11
xdut.xlayout_dut.ltail__t1              1.6491
xdut.xlayout_dut.clk__t2                     0
xdut.xlayout_dut.vss__t18           5.0032e-11
xdut.xlayout_dut.vss__t14          1.68669e-11
xdut.xlayout_dut.mp__t1                    3.3
xdut.xlayout_dut.aon__t0               2.22372
xdut.xlayout_dut.ltail__t2              1.6491
xdut.xlayout_dut.vss__t12          3.91478e-11
xdut.xlayout_dut.aon__t1               2.22309
xdut.xlayout_dut.vinp__t0                 1.63
xdut.xlayout_dut.atail__t1            0.657462
xdut.xlayout_dut.vss__t15          1.06708e-09
xdut.xlayout_dut.aop__t1               1.59167
xdut.xlayout_dut.vinn__t0                 1.67
xdut.xlayout_dut.atail__t2            0.657797
xdut.xlayout_dut.vss__t16          1.84957e-10
xdut.xlayout_dut.mn__t2                    3.3
xdut.xlayout_dut.clk__t0                     0
xdut.xlayout_dut.vdd__t0                   3.3
xdut.xlayout_dut.vdd__t1                   3.3
xdut.xlayout_dut.qn__t1                    3.3
xdut.xlayout_dut.clk__t1                     0
xdut.xlayout_dut.vdd__t2                   3.3
xdut.xlayout_dut.vdd__t3                   3.3
xdut.xlayout_dut.sp__t0            7.58358e-09
xdut.xlayout_dut.qp__t2                    3.3
xdut.xlayout_dut.vdd__t4                   3.3
xdut.xlayout_dut.vdd__t5                   3.3
xdut.xlayout_dut.mp__t0                    3.3
xdut.xlayout_dut.clk__t4                     0
xdut.xlayout_dut.vdd__t21                  3.3
xdut.xlayout_dut.vdd__t20                  3.3
xdut.xlayout_dut.qn__t0                    3.3
xdut.xlayout_dut.qp__t3                    3.3
xdut.xlayout_dut.vdd__t6                   3.3
xdut.xlayout_dut.vdd__t7                   3.3
xdut.xlayout_dut.qp__t4                    3.3
xdut.xlayout_dut.clk__t3                     0
xdut.xlayout_dut.vdd__t19                  3.3
xdut.xlayout_dut.vdd__t18                  3.3
xdut.xlayout_dut.na__t1                    3.3
xdut.xlayout_dut.sp__t1            7.38637e-09
xdut.xlayout_dut.vdd__t23                  3.3
xdut.xlayout_dut.vdd__t8                   3.3
xdut.xlayout_dut.dout__t0                  3.3
xdut.xlayout_dut.doutb__t2         9.00166e-09
xdut.xlayout_dut.na__t0                    3.3
xdut.xlayout_dut.vdd__t13                  3.3
xdut.xlayout_dut.sn__t0            7.64727e-09
xdut.xlayout_dut.qn__t3                    3.3
xdut.xlayout_dut.vdd__t17                  3.3
xdut.xlayout_dut.vdd__t16                  3.3
xdut.xlayout_dut.qp__t5                    3.3
xdut.xlayout_dut.qn__t2                    3.3
xdut.xlayout_dut.vdd__t15                  3.3
xdut.xlayout_dut.vdd__t14                  3.3
xdut.xlayout_dut.nb__t1                    3.3
xdut.xlayout_dut.sn__t1             7.4328e-09
xdut.xlayout_dut.vdd__t22                  3.3
xdut.xlayout_dut.vdd__t12                  3.3
xdut.xlayout_dut.doutb__t3         9.42275e-09
xdut.xlayout_dut.dout__t1                  3.3
xdut.xlayout_dut.nb__t0                    3.3
xdut.xlayout_dut.vdd__t11                  3.3
xdut.xlayout_dut.aon__t2               2.22397
xdut.xlayout_dut.x$28.11               2.22441
xdut.xlayout_dut.vss__t0                     0
xdut.xlayout_dut.x$28.21               3.29857
xdut.xlayout_dut.vdd__t10              3.29901
xdut.xlayout_dut.aop__t0               1.59362
xdut.xlayout_dut.x$29.11               1.59431
xdut.xlayout_dut.vss__t1                     0
xdut.xlayout_dut.x$29.21               3.29869
xdut.xlayout_dut.vdd__t9               3.29937
xdut.xlayout_dut.aon                   2.22372
vsubs                                        0
xdut.xlayout_dut.aop                   1.59319
xdut.xlayout_dut.atail                0.657381
dout                                       3.3
doutb                              9.00166e-09
xdut.xlayout_dut.ltail                  1.6491
xdut.xlayout_dut.mn                        3.3
xdut.xlayout_dut.mp                        3.3
xdut.xlayout_dut.na                        3.3
xdut.xlayout_dut.nb                        3.3
xdut.xlayout_dut.qn                        3.3
xdut.xlayout_dut.qp                        3.3
xdut.xlayout_dut.sn                 7.4328e-09
xdut.xlayout_dut.sp                7.38637e-09
dn                                           1
bdn#branch                                   0
bnn#branch                         1.17161e-18
bpp#branch                          3.4199e-19
vrmp#branch                                  0
vclk#branch                                  0
vcm#branch                                   0
vsup#branch                       -3.01078e-05

 Reference value :  9.03738e-08
 Reference value :  2.53387e-07
 Reference value :  4.21918e-07
 Reference value :  6.01310e-07
 Reference value :  7.64755e-07
 Reference value :  9.70100e-07
 Reference value :  1.14074e-06
 Reference value :  1.32000e-06
 Reference value :  1.51020e-06
 Reference value :  1.69084e-06
 Reference value :  1.87135e-06
 Reference value :  2.05151e-06
 Reference value :  2.25010e-06
 Reference value :  2.43021e-06
 Reference value :  2.59133e-06
 Reference value :  2.76254e-06
 Reference value :  2.92603e-06
 Reference value :  3.10051e-06
 Reference value :  3.27503e-06
 Reference value :  3.46012e-06
 Reference value :  3.64113e-06
 Reference value :  3.82030e-06
 Reference value :  4.00077e-06
 Reference value :  4.18019e-06
 Reference value :  4.35055e-06
 Reference value :  4.51150e-06
 Reference value :  4.69019e-06
 Reference value :  4.86158e-06
 Reference value :  5.02186e-06
 Reference value :  5.20135e-06
 Reference value :  5.38130e-06
 Reference value :  5.56102e-06
 Reference value :  5.74012e-06
 Reference value :  5.92122e-06
 Reference value :  6.12058e-06
 Reference value :  6.30010e-06
 Reference value :  6.46181e-06
 Reference value :  6.63100e-06
 Reference value :  6.81018e-06
 Reference value :  6.99011e-06
 Reference value :  7.17281e-06
 Reference value :  7.42014e-06
 Reference value :  7.60137e-06
 Reference value :  7.78140e-06
 Reference value :  7.95285e-06
 Reference value :  8.13064e-06
 Reference value :  8.31127e-06
 Reference value :  8.49156e-06
 Reference value :  8.68019e-06
 Reference value :  8.85821e-06
 Reference value :  9.04017e-06
 Reference value :  9.22021e-06
 Reference value :  9.40026e-06
 Reference value :  9.58020e-06
 Reference value :  9.76010e-06
 Reference value :  9.93110e-06
 Reference value :  1.01107e-05
 Reference value :  1.02712e-05
 Reference value :  1.04411e-05
 Reference value :  1.06204e-05
 Reference value :  1.08007e-05
 Reference value :  1.09803e-05
 Reference value :  1.11414e-05
 Reference value :  1.13210e-05
 Reference value :  1.14907e-05
 Reference value :  1.16702e-05
 Reference value :  1.18316e-05
 Reference value :  1.20102e-05
 Reference value :  1.21807e-05
 Reference value :  1.23411e-05
 Reference value :  1.25202e-05
 Reference value :  1.27001e-05
 Reference value :  1.28715e-05
 Reference value :  1.30505e-05
 Reference value :  1.32301e-05
 Reference value :  1.33909e-05
 Reference value :  1.35606e-05
 Reference value :  1.37429e-05
 Reference value :  1.39203e-05
 Reference value :  1.40813e-05
 Reference value :  1.42608e-05
 Reference value :  1.44904e-05
 Reference value :  1.46513e-05
 Reference value :  1.48204e-05
 Reference value :  1.49813e-05
 Reference value :  1.51504e-05
 Reference value :  1.53129e-05
 Reference value :  1.54902e-05
 Reference value :  1.56702e-05
 Reference value :  1.58404e-05
 Reference value :  1.60201e-05
 Reference value :  1.62007e-05
 Reference value :  1.63806e-05
 Reference value :  1.65601e-05
 Reference value :  1.67208e-05
 Reference value :  1.69001e-05
 Reference value :  1.70642e-05
 Reference value :  1.72309e-05
 Reference value :  1.74006e-05
 Reference value :  1.75802e-05
 Reference value :  1.77414e-05
 Reference value :  1.79121e-05
 Reference value :  1.81026e-05
 Reference value :  1.83301e-05
 Reference value :  1.85107e-05
 Reference value :  1.86725e-05
 Reference value :  1.88513e-05
 Reference value :  1.90302e-05
 Reference value :  1.92001e-05
 Reference value :  1.93801e-05
 Reference value :  1.95409e-05
 Reference value :  1.97508e-05
 Reference value :  1.99301e-05
 Reference value :  2.01112e-05
 Reference value :  2.02540e-05
 Reference value :  2.04402e-05
 Reference value :  2.06105e-05
 Reference value :  2.07909e-05
 Reference value :  2.09701e-05
 Reference value :  2.11502e-05
 Reference value :  2.13709e-05
 Reference value :  2.15707e-05
 Reference value :  2.17501e-05
 Reference value :  2.19109e-05
 Reference value :  2.20820e-05
 Reference value :  2.22601e-05
 Reference value :  2.24214e-05
 Reference value :  2.26241e-05
 Reference value :  2.28003e-05
 Reference value :  2.29614e-05
 Reference value :  2.31408e-05
 Reference value :  2.33112e-05
 Reference value :  2.34903e-05
 Reference value :  2.36701e-05
 Reference value :  2.38501e-05
 Reference value :  2.40118e-05
 Reference value :  2.41901e-05
 Reference value :  2.43606e-05
 Reference value :  2.45402e-05
 Reference value :  2.47011e-05
 Reference value :  2.48811e-05
 Reference value :  2.50603e-05
 Reference value :  2.52382e-05
 Reference value :  2.54182e-05
 Reference value :  2.55909e-05
 Reference value :  2.57701e-05
 Reference value :  2.59313e-05
 Reference value :  2.61610e-05
 Reference value :  2.63403e-05
 Reference value :  2.65013e-05
 Reference value :  2.66801e-05
 Reference value :  2.68511e-05
 Reference value :  2.70300e-05
 Reference value :  2.71916e-05
 Reference value :  2.73702e-05
 Reference value :  2.75413e-05
 Reference value :  2.77203e-05
 Reference value :  2.79001e-05
 Reference value :  2.80800e-05
 Reference value :  2.82413e-05
 Reference value :  2.84203e-05
 Reference value :  2.86013e-05
 Reference value :  2.87818e-05
 Reference value :  2.89602e-05
 Reference value :  2.91407e-05
 Reference value :  2.93127e-05
 Reference value :  2.94739e-05
 Reference value :  2.96519e-05
 Reference value :  2.98302e-05
 Reference value :  3.00021e-05
 Reference value :  3.01901e-05
 Reference value :  3.03625e-05
 Reference value :  3.05412e-05
 Reference value :  3.07203e-05
 Reference value :  3.09001e-05
 Reference value :  3.11211e-05
 Reference value :  3.12927e-05
 Reference value :  3.14511e-05
 Reference value :  3.16202e-05
 Reference value :  3.18001e-05
 Reference value :  3.19819e-05
 Reference value :  3.21601e-05
 Reference value :  3.23403e-05
 Reference value :  3.25007e-05
 Reference value :  3.26701e-05
 Reference value :  3.28310e-05
 Reference value :  3.30030e-05
 Reference value :  3.31625e-05
 Reference value :  3.33413e-05
 Reference value :  3.35213e-05
 Reference value :  3.37001e-05
 Reference value :  3.38754e-05
 Reference value :  3.40501e-05
 Reference value :  3.42117e-05
 Reference value :  3.43823e-05
 Reference value :  3.45422e-05
 Reference value :  3.47202e-05
 Reference value :  3.49008e-05
 Reference value :  3.50811e-05
 Reference value :  3.52800e-05
 Reference value :  3.54412e-05
 Reference value :  3.56210e-05
 Reference value :  3.58001e-05
 Reference value :  3.59724e-05
 Reference value :  3.61601e-05
 Reference value :  3.63402e-05
 Reference value :  3.65216e-05
 Reference value :  3.67502e-05
 Reference value :  3.69304e-05
 Reference value :  3.71028e-05
 Reference value :  3.72702e-05
 Reference value :  3.74501e-05
 Reference value :  3.76301e-05
 Reference value :  3.78107e-05
 Reference value :  3.79916e-05
 Reference value :  3.81702e-05
 Reference value :  3.83508e-05
 Reference value :  3.85302e-05
 Reference value :  3.87017e-05
 Reference value :  3.88901e-05
 Reference value :  3.90603e-05
 Reference value :  3.92403e-05
 Reference value :  3.94202e-05
 Reference value :  3.96001e-05
 Reference value :  3.97602e-05
 Reference value :  3.99401e-05
 Reference value :  4.01213e-05
 Reference value :  4.03005e-05
 Reference value :  4.04707e-05
 Reference value :  4.06501e-05
 Reference value :  4.08110e-05
 Reference value :  4.09913e-05
 Reference value :  4.11616e-05
 Reference value :  4.13402e-05
 Reference value :  4.15008e-05
 Reference value :  4.16713e-05
 Reference value :  4.18601e-05
 Reference value :  4.20303e-05
 Reference value :  4.22103e-05
 Reference value :  4.23901e-05
 Reference value :  4.25502e-05
 Reference value :  4.27213e-05
 Reference value :  4.28813e-05
 Reference value :  4.30606e-05
 Reference value :  4.32406e-05
 Reference value :  4.34701e-05
 Reference value :  4.36513e-05
 Reference value :  4.38301e-05
 Reference value :  4.39915e-05
 Reference value :  4.41706e-05
 Reference value :  4.43409e-05
 Reference value :  4.45202e-05
 Reference value :  4.47008e-05
 Reference value :  4.48806e-05
 Reference value :  4.50601e-05
 Reference value :  4.52224e-05
 Reference value :  4.54005e-05
 Reference value :  4.55714e-05
 Reference value :  4.57500e-05
 Reference value :  4.59111e-05
 Reference value :  4.60902e-05
 Reference value :  4.62710e-05
 Reference value :  4.64407e-05
 Reference value :  4.66008e-05
 Reference value :  4.67708e-05
 Reference value :  4.69602e-05
 Reference value :  4.71306e-05
 Reference value :  4.73103e-05
 Reference value :  4.74714e-05
 Reference value :  4.76411e-05
 Reference value :  4.78202e-05
 Reference value :  4.79817e-05
 Reference value :  4.81509e-05
 Reference value :  4.83117e-05
 Reference value :  4.84804e-05
 Reference value :  4.86605e-05
 Reference value :  4.88401e-05
 Reference value :  4.90200e-05
 Reference value :  4.91703e-05
 Reference value :  4.93308e-05
 Reference value :  4.95010e-05
 Reference value :  4.96622e-05
 Reference value :  4.98308e-05
 Reference value :  5.00501e-05
 Reference value :  5.02208e-05
 Reference value :  5.03817e-05
 Reference value :  5.05602e-05
 Reference value :  5.07118e-05
 Reference value :  5.08812e-05
 Reference value :  5.10601e-05
 Reference value :  5.12401e-05
 Reference value :  5.14015e-05
 Reference value :  5.15714e-05
 Reference value :  5.17500e-05
 Reference value :  5.19101e-05
 Reference value :  5.20805e-05
 Reference value :  5.22411e-05
 Reference value :  5.24105e-05
 Reference value :  5.25902e-05
 Reference value :  5.27536e-05
 Reference value :  5.29208e-05
 Reference value :  5.31000e-05
 Reference value :  5.32611e-05
 Reference value :  5.34401e-05
 Reference value :  5.36107e-05
 Reference value :  5.37736e-05
 Reference value :  5.39536e-05
 Reference value :  5.41311e-05
 Reference value :  5.43102e-05
 Reference value :  5.44808e-05
 Reference value :  5.46601e-05
 Reference value :  5.48127e-05
 Reference value :  5.49902e-05
 Reference value :  5.51634e-05
 Reference value :  5.53308e-05
 Reference value :  5.55010e-05
 Reference value :  5.56901e-05
 Reference value :  5.58607e-05
 Reference value :  5.60213e-05
 Reference value :  5.62004e-05
 Reference value :  5.63738e-05
 Reference value :  5.65603e-05
 Reference value :  5.67901e-05
 Reference value :  5.69511e-05
 Reference value :  5.71221e-05
 Reference value :  5.72850e-05
 Reference value :  5.74602e-05
 Reference value :  5.76416e-05
 Reference value :  5.78211e-05
 Reference value :  5.80023e-05
 Reference value :  5.81801e-05
 Reference value :  5.83602e-05
 Reference value :  5.85308e-05
 Reference value :  5.87101e-05
 Reference value :  5.88716e-05
 Reference value :  5.90513e-05
 Reference value :  5.92302e-05
 Reference value :  5.94011e-05
 Reference value :  5.95810e-05
 Reference value :  5.97606e-05
 Reference value :  5.99407e-05
 Reference value :  6.01207e-05
 Reference value :  6.03006e-05
 Reference value :  6.04801e-05
 Reference value :  6.06411e-05
 Reference value :  6.08108e-05
 Reference value :  6.09907e-05
 Reference value :  6.11704e-05
 Reference value :  6.13500e-05
 Reference value :  6.15115e-05
 Reference value :  6.16905e-05
 Reference value :  6.18701e-05
 Reference value :  6.20512e-05
 Reference value :  6.22302e-05
 Reference value :  6.24102e-05
 Reference value :  6.25907e-05
 Reference value :  6.27679e-05
 Reference value :  6.29406e-05
 Reference value :  6.31613e-05
 Reference value :  6.33402e-05
 Reference value :  6.35212e-05
 Reference value :  6.37002e-05
 Reference value :  6.38521e-05
 Reference value :  6.40308e-05
 Reference value :  6.42006e-05
 Reference value :  6.43807e-05
 Reference value :  6.45603e-05
 Reference value :  6.47417e-05
 Reference value :  6.49302e-05
 Reference value :  6.51020e-05
 Reference value :  6.52804e-05
 Reference value :  6.54419e-05
 Reference value :  6.56129e-05
 Reference value :  6.57902e-05
 Reference value :  6.59424e-05
 Reference value :  6.61200e-05
 Reference value :  6.62812e-05
 Reference value :  6.64602e-05
 Reference value :  6.66315e-05
 Reference value :  6.68102e-05
 Reference value :  6.69717e-05
 Reference value :  6.71505e-05
 Reference value :  6.73203e-05
 Reference value :  6.74822e-05
 Reference value :  6.76524e-05
 Reference value :  6.78302e-05
 Reference value :  6.79902e-05
 Reference value :  6.81601e-05
 Reference value :  6.83211e-05
 Reference value :  6.85003e-05
 Reference value :  6.86802e-05
 Reference value :  6.88602e-05
 Reference value :  6.90307e-05
 Reference value :  6.91917e-05
 Reference value :  6.93603e-05
 Reference value :  6.95256e-05
 Reference value :  6.97015e-05
 Reference value :  6.99107e-05
 Reference value :  7.00908e-05
 Reference value :  7.02701e-05
 Reference value :  7.04401e-05
 Reference value :  7.06020e-05
 Reference value :  7.07806e-05
 Reference value :  7.09602e-05
 Reference value :  7.11308e-05
 Reference value :  7.13202e-05
 Reference value :  7.15002e-05
 Reference value :  7.16802e-05
 Reference value :  7.18503e-05
 Reference value :  7.20302e-05
 Reference value :  7.22100e-05
 Reference value :  7.23709e-05
 Reference value :  7.25412e-05
 Reference value :  7.27204e-05
 Reference value :  7.28846e-05
 Reference value :  7.30682e-05
 Reference value :  7.32416e-05
 Reference value :  7.34222e-05
 Reference value :  7.36016e-05
 Reference value :  7.37714e-05
 Reference value :  7.39529e-05
 Reference value :  7.41304e-05
 Reference value :  7.42916e-05
 Reference value :  7.44702e-05
 Reference value :  7.46407e-05
 Reference value :  7.48302e-05
 Reference value :  7.50102e-05
 Reference value :  7.51901e-05
 Reference value :  7.53605e-05
 Reference value :  7.55412e-05
 Reference value :  7.57207e-05
 Reference value :  7.59017e-05
 Reference value :  7.61176e-05
 Reference value :  7.62982e-05
 Reference value :  7.64802e-05
 Reference value :  7.66512e-05
 Reference value :  7.68301e-05
 Reference value :  7.70101e-05
 Reference value :  7.71901e-05
 Reference value :  7.73710e-05
 Reference value :  7.75513e-05
 Reference value :  7.77304e-05
 Reference value :  7.79108e-05
 Reference value :  7.80902e-05
 Reference value :  7.83002e-05
 Reference value :  7.84636e-05
 Reference value :  7.86409e-05
 Reference value :  7.88118e-05
 Reference value :  7.89902e-05
 Reference value :  7.91565e-05
 Reference value :  7.93301e-05
 Reference value :  7.95101e-05
 Reference value :  7.96911e-05
 Reference value :  7.98712e-05
No. of Data Rows : 448841
t_flip              =  3.24630e-05
vos_v               =  -7.53701e-03
m_dut_vos = -7.537010000e-03
Note: Simulation executed from .control section 

Warning: m=xx on .subckt line will override multiplier m hierarchy!

Note: Starting dynamic gmin stepping
Note: Dynamic gmin stepping completed
