
Note: Compatibility modes selected: hs a


Circuit: * comparator-kickback-vosprobe @ ss_27c_3.63v -- generated by sim/harness, do not edit

Doing analysis at TEMP = 27.000000 and TNOM = 27.000000

Using SPARSE 1.3 as Direct Linear Solver

Initial Transient Solution
--------------------------

Node                                   Voltage
----                                   -------
vdd                                       3.63
cm                                        1.65
clk                                          0
rmp                                      -0.04
vp                                        1.63
vn                                        1.67
ibn                                    1.12362
xdut.xlayout_dut.sp__t2            5.15165e-09
xdut.xlayout_dut.qp__t6                   3.63
xdut.xlayout_dut.vss__t17          3.96037e-11
xdut.xlayout_dut.vss__t2           4.91365e-20
xdut.xlayout_dut.dout__t3          6.04021e-09
xdut.xlayout_dut.sp__t3            5.23996e-09
xdut.xlayout_dut.vss__t25          1.41176e-21
xdut.xlayout_dut.vss__t3           6.76373e-20
xdut.xlayout_dut.dout__t2          5.84416e-09
xdut.xlayout_dut.doutb__t0                3.63
xdut.xlayout_dut.vss__t24          5.57887e-11
xdut.xlayout_dut.vss__t4           6.94752e-20
xdut.xlayout_dut.ibias__t0             1.12234
xdut.xlayout_dut.ibias__t1             1.12362
xdut.xlayout_dut.vss__t20          0.000254896
xdut.xlayout_dut.vss__t8           2.86165e-11
xdut.xlayout_dut.sn__t2            5.15157e-09
xdut.xlayout_dut.qn__t6                   3.63
xdut.xlayout_dut.vss__t23            3.953e-11
xdut.xlayout_dut.vss__t5           4.90436e-20
xdut.xlayout_dut.doutb__t1                3.63
xdut.xlayout_dut.sn__t3            5.28552e-09
xdut.xlayout_dut.vss__t22          1.27782e-14
xdut.xlayout_dut.vss__t6            4.0608e-11
xdut.xlayout_dut.doutb__t4                3.63
xdut.xlayout_dut.dout__t4          6.04021e-09
xdut.xlayout_dut.vss__t21          1.34392e-14
xdut.xlayout_dut.vss__t7           4.27085e-11
xdut.xlayout_dut.qn__t4                   3.63
xdut.xlayout_dut.qp__t0                   3.63
xdut.xlayout_dut.mn__t0                   3.63
xdut.xlayout_dut.vss__t9            4.7653e-11
xdut.xlayout_dut.mn__t1                   3.63
xdut.xlayout_dut.aop__t2                1.7236
xdut.xlayout_dut.ltail__t0             1.75818
xdut.xlayout_dut.vss__t11          3.22231e-11
xdut.xlayout_dut.atail__t0            0.597349
xdut.xlayout_dut.ibias__t2             1.12362
xdut.xlayout_dut.vss__t19          0.000495479
xdut.xlayout_dut.vss__t13          1.46491e-11
xdut.xlayout_dut.qp__t1                   3.63
xdut.xlayout_dut.qn__t5                   3.63
xdut.xlayout_dut.mp__t2                   3.63
xdut.xlayout_dut.vss__t10          4.77388e-11
xdut.xlayout_dut.ltail__t1             1.75818
xdut.xlayout_dut.clk__t2                     0
xdut.xlayout_dut.vss__t18          4.07503e-14
xdut.xlayout_dut.vss__t14          9.49552e-12
xdut.xlayout_dut.mp__t1                   3.63
xdut.xlayout_dut.aon__t0               2.53535
xdut.xlayout_dut.ltail__t2             1.75818
xdut.xlayout_dut.vss__t12          3.25483e-11
xdut.xlayout_dut.aon__t1               2.53476
xdut.xlayout_dut.vinp__t0                 1.63
xdut.xlayout_dut.atail__t1            0.597924
xdut.xlayout_dut.vss__t15          3.20857e-08
xdut.xlayout_dut.aop__t1               1.72201
xdut.xlayout_dut.vinn__t0                 1.67
xdut.xlayout_dut.atail__t2            0.598281
xdut.xlayout_dut.vss__t16          5.71753e-11
xdut.xlayout_dut.mn__t2                   3.63
xdut.xlayout_dut.clk__t0                     0
xdut.xlayout_dut.vdd__t0                  3.63
xdut.xlayout_dut.vdd__t1                  3.63
xdut.xlayout_dut.qn__t1                   3.63
xdut.xlayout_dut.clk__t1                     0
xdut.xlayout_dut.vdd__t2                  3.63
xdut.xlayout_dut.vdd__t3                  3.63
xdut.xlayout_dut.sp__t0            5.43346e-09
xdut.xlayout_dut.qp__t2                   3.63
xdut.xlayout_dut.vdd__t4                  3.63
xdut.xlayout_dut.vdd__t5                  3.63
xdut.xlayout_dut.mp__t0                   3.63
xdut.xlayout_dut.clk__t4                     0
xdut.xlayout_dut.vdd__t21                 3.63
xdut.xlayout_dut.vdd__t20                 3.63
xdut.xlayout_dut.qn__t0                   3.63
xdut.xlayout_dut.qp__t3                   3.63
xdut.xlayout_dut.vdd__t6                  3.63
xdut.xlayout_dut.vdd__t7                  3.63
xdut.xlayout_dut.qp__t4                   3.63
xdut.xlayout_dut.clk__t3                     0
xdut.xlayout_dut.vdd__t19                 3.63
xdut.xlayout_dut.vdd__t18                 3.63
xdut.xlayout_dut.na__t1                   3.63
xdut.xlayout_dut.sp__t1            5.23996e-09
xdut.xlayout_dut.vdd__t23                 3.63
xdut.xlayout_dut.vdd__t8                  3.63
xdut.xlayout_dut.dout__t0          6.18416e-09
xdut.xlayout_dut.doutb__t2                3.63
xdut.xlayout_dut.na__t0                   3.63
xdut.xlayout_dut.vdd__t13                 3.63
xdut.xlayout_dut.sn__t0            5.49595e-09
xdut.xlayout_dut.qn__t3                   3.63
xdut.xlayout_dut.vdd__t17                 3.63
xdut.xlayout_dut.vdd__t16                 3.63
xdut.xlayout_dut.qp__t5                   3.63
xdut.xlayout_dut.qn__t2                   3.63
xdut.xlayout_dut.vdd__t15                 3.63
xdut.xlayout_dut.vdd__t14                 3.63
xdut.xlayout_dut.nb__t1                   3.63
xdut.xlayout_dut.sn__t1            5.28552e-09
xdut.xlayout_dut.vdd__t22                 3.63
xdut.xlayout_dut.vdd__t12                 3.63
xdut.xlayout_dut.doutb__t3                3.63
xdut.xlayout_dut.dout__t1          6.04021e-09
xdut.xlayout_dut.nb__t0                   3.63
xdut.xlayout_dut.vdd__t11                 3.63
xdut.xlayout_dut.aon__t2               2.53559
xdut.xlayout_dut.x$28.11               2.53623
xdut.xlayout_dut.vss__t0                     0
xdut.xlayout_dut.x$28.21               3.62842
xdut.xlayout_dut.vdd__t10              3.62906
xdut.xlayout_dut.aop__t0               1.72405
xdut.xlayout_dut.x$29.11               1.72516
xdut.xlayout_dut.vss__t1                     0
xdut.xlayout_dut.x$29.21               3.62823
xdut.xlayout_dut.vdd__t9               3.62935
xdut.xlayout_dut.aon                   2.53535
vsubs                                        0
xdut.xlayout_dut.aop                    1.7236
xdut.xlayout_dut.atail                0.597847
dout                               6.04021e-09
doutb                                     3.63
xdut.xlayout_dut.ltail                 1.75818
xdut.xlayout_dut.mn                       3.63
xdut.xlayout_dut.mp                       3.63
xdut.xlayout_dut.na                       3.63
xdut.xlayout_dut.nb                       3.63
xdut.xlayout_dut.qn                       3.63
xdut.xlayout_dut.qp                       3.63
xdut.xlayout_dut.sn                5.28552e-09
xdut.xlayout_dut.sp                5.23996e-09
dn                                 1.66397e-09
bdn#branch                                   0
bnn#branch                         1.17161e-18
bpp#branch                          3.4199e-19
vrmp#branch                                  0
vclk#branch                                  0
vcm#branch                                   0
vsup#branch                       -3.02226e-05

 Reference value :  9.26258e-08
 Reference value :  2.70021e-07
 Reference value :  4.60404e-07
 Reference value :  6.10878e-07
 Reference value :  7.61222e-07
 Reference value :  9.30211e-07
 Reference value :  1.08090e-06
 Reference value :  1.23101e-06
 Reference value :  1.38193e-06
 Reference value :  1.54092e-06
 Reference value :  1.71010e-06
 Reference value :  1.86071e-06
 Reference value :  2.02115e-06
 Reference value :  2.17764e-06
 Reference value :  2.34051e-06
 Reference value :  2.49047e-06
 Reference value :  2.65012e-06
 Reference value :  2.80015e-06
 Reference value :  2.95064e-06
 Reference value :  3.10012e-06
 Reference value :  3.25093e-06
 Reference value :  3.42007e-06
 Reference value :  3.57000e-06
 Reference value :  3.72047e-06
 Reference value :  3.88018e-06
 Reference value :  4.03011e-06
 Reference value :  4.18022e-06
 Reference value :  4.33105e-06
 Reference value :  4.50039e-06
 Reference value :  4.65256e-06
 Reference value :  4.80173e-06
 Reference value :  4.96026e-06
 Reference value :  5.11116e-06
 Reference value :  5.26111e-06
 Reference value :  5.43011e-06
 Reference value :  5.58003e-06
 Reference value :  5.74010e-06
 Reference value :  5.89114e-06
 Reference value :  6.06030e-06
 Reference value :  6.22157e-06
 Reference value :  6.40124e-06
 Reference value :  6.57254e-06
 Reference value :  6.75058e-06
 Reference value :  6.93010e-06
 Reference value :  7.08051e-06
 Reference value :  7.24063e-06
 Reference value :  7.42102e-06
 Reference value :  7.60011e-06
 Reference value :  7.75020e-06
 Reference value :  7.90018e-06
 Reference value :  8.05021e-06
 Reference value :  8.22017e-06
 Reference value :  8.37174e-06
 Reference value :  8.55039e-06
 Reference value :  8.71098e-06
 Reference value :  8.88000e-06
 Reference value :  9.03149e-06
 Reference value :  9.19101e-06
 Reference value :  9.36048e-06
 Reference value :  9.51007e-06
 Reference value :  9.67022e-06
 Reference value :  9.84010e-06
 Reference value :  9.99047e-06
 Reference value :  1.01453e-05
 Reference value :  1.03017e-05
 Reference value :  1.04520e-05
 Reference value :  1.06306e-05
 Reference value :  1.07815e-05
 Reference value :  1.09502e-05
 Reference value :  1.11101e-05
 Reference value :  1.12607e-05
 Reference value :  1.14112e-05
 Reference value :  1.15802e-05
 Reference value :  1.17301e-05
 Reference value :  1.18802e-05
 Reference value :  1.20303e-05
 Reference value :  1.21910e-05
 Reference value :  1.23603e-05
 Reference value :  1.25105e-05
 Reference value :  1.26702e-05
 Reference value :  1.28202e-05
 Reference value :  1.29711e-05
 Reference value :  1.31402e-05
 Reference value :  1.33015e-05
 Reference value :  1.35007e-05
 Reference value :  1.36917e-05
 Reference value :  1.38633e-05
 Reference value :  1.40703e-05
 Reference value :  1.42303e-05
 Reference value :  1.43809e-05
 Reference value :  1.45307e-05
 Reference value :  1.46805e-05
 Reference value :  1.48308e-05
 Reference value :  1.49810e-05
 Reference value :  1.51502e-05
 Reference value :  1.53110e-05
 Reference value :  1.54802e-05
 Reference value :  1.56401e-05
 Reference value :  1.57909e-05
 Reference value :  1.59601e-05
 Reference value :  1.61101e-05
 Reference value :  1.62605e-05
 Reference value :  1.64106e-05
 Reference value :  1.65701e-05
 Reference value :  1.67401e-05
 Reference value :  1.69002e-05
 Reference value :  1.70517e-05
 Reference value :  1.72201e-05
 Reference value :  1.74002e-05
 Reference value :  1.75604e-05
 Reference value :  1.77104e-05
 Reference value :  1.78805e-05
 Reference value :  1.80402e-05
 Reference value :  1.81910e-05
 Reference value :  1.83600e-05
 Reference value :  1.85201e-05
 Reference value :  1.86713e-05
 Reference value :  1.88118e-05
 Reference value :  1.89901e-05
 Reference value :  1.91418e-05
 Reference value :  1.93002e-05
 Reference value :  1.94509e-05
 Reference value :  1.96201e-05
 Reference value :  1.97811e-05
 Reference value :  1.99500e-05
 Reference value :  2.01018e-05
 Reference value :  2.02607e-05
 Reference value :  2.04306e-05
 Reference value :  2.05825e-05
 Reference value :  2.08200e-05
 Reference value :  2.10402e-05
 Reference value :  2.12101e-05
 Reference value :  2.13701e-05
 Reference value :  2.15201e-05
 Reference value :  2.16818e-05
 Reference value :  2.18502e-05
 Reference value :  2.20201e-05
 Reference value :  2.21808e-05
 Reference value :  2.23504e-05
 Reference value :  2.25304e-05
 Reference value :  2.26908e-05
 Reference value :  2.28701e-05
 Reference value :  2.30212e-05
 Reference value :  2.31901e-05
 Reference value :  2.33503e-05
 Reference value :  2.35019e-05
 Reference value :  2.36705e-05
 Reference value :  2.38305e-05
 Reference value :  2.40102e-05
 Reference value :  2.41805e-05
 Reference value :  2.43403e-05
 Reference value :  2.44928e-05
 Reference value :  2.46702e-05
 Reference value :  2.48222e-05
 Reference value :  2.49906e-05
 Reference value :  2.51701e-05
 Reference value :  2.53209e-05
 Reference value :  2.54806e-05
 Reference value :  2.56501e-05
 Reference value :  2.58212e-05
 Reference value :  2.60101e-05
 Reference value :  2.61706e-05
 Reference value :  2.63414e-05
 Reference value :  2.65277e-05
 Reference value :  2.67001e-05
 Reference value :  2.68806e-05
 Reference value :  2.70906e-05
 Reference value :  2.72723e-05
 Reference value :  2.74449e-05
 Reference value :  2.76108e-05
 Reference value :  2.77809e-05
 Reference value :  2.79600e-05
 Reference value :  2.81401e-05
 Reference value :  2.83201e-05
 Reference value :  2.84804e-05
 Reference value :  2.86613e-05
 Reference value :  2.88325e-05
 Reference value :  2.90101e-05
 Reference value :  2.91710e-05
 Reference value :  2.93509e-05
 Reference value :  2.95207e-05
 Reference value :  2.96809e-05
 Reference value :  2.98508e-05
 Reference value :  3.00301e-05
 Reference value :  3.01910e-05
 Reference value :  3.03923e-05
 Reference value :  3.05801e-05
 Reference value :  3.07394e-05
 Reference value :  3.09108e-05
 Reference value :  3.10808e-05
 Reference value :  3.12418e-05
 Reference value :  3.14124e-05
 Reference value :  3.15709e-05
 Reference value :  3.17504e-05
 Reference value :  3.19211e-05
 Reference value :  3.21023e-05
 Reference value :  3.22611e-05
 Reference value :  3.24315e-05
 Reference value :  3.25903e-05
 Reference value :  3.27701e-05
 Reference value :  3.29213e-05
 Reference value :  3.30902e-05
 Reference value :  3.32404e-05
 Reference value :  3.33905e-05
 Reference value :  3.35513e-05
 Reference value :  3.37310e-05
 Reference value :  3.39311e-05
 Reference value :  3.41101e-05
 Reference value :  3.42704e-05
 Reference value :  3.44402e-05
 Reference value :  3.46013e-05
 Reference value :  3.47707e-05
 Reference value :  3.49308e-05
 Reference value :  3.51019e-05
 Reference value :  3.52827e-05
 Reference value :  3.54611e-05
 Reference value :  3.56401e-05
 Reference value :  3.58002e-05
 Reference value :  3.59669e-05
 Reference value :  3.61315e-05
 Reference value :  3.63113e-05
 Reference value :  3.64806e-05
 Reference value :  3.66600e-05
 Reference value :  3.68215e-05
 Reference value :  3.70001e-05
 Reference value :  3.71714e-05
 Reference value :  3.73502e-05
 Reference value :  3.75121e-05
 Reference value :  3.76903e-05
 Reference value :  3.78602e-05
 Reference value :  3.80209e-05
 Reference value :  3.82002e-05
 Reference value :  3.83724e-05
 Reference value :  3.85506e-05
 Reference value :  3.87333e-05
 Reference value :  3.89101e-05
 Reference value :  3.90714e-05
 Reference value :  3.92508e-05
 Reference value :  3.94319e-05
 Reference value :  3.96106e-05
 Reference value :  3.97807e-05
 Reference value :  3.99608e-05
 Reference value :  4.01400e-05
 Reference value :  4.03301e-05
 Reference value :  4.05107e-05
 Reference value :  4.06908e-05
 Reference value :  4.08701e-05
 Reference value :  4.10209e-05
 Reference value :  4.11901e-05
 Reference value :  4.13502e-05
 Reference value :  4.15202e-05
 Reference value :  4.17005e-05
 Reference value :  4.18801e-05
 Reference value :  4.20407e-05
 Reference value :  4.22201e-05
 Reference value :  4.23903e-05
 Reference value :  4.25508e-05
 Reference value :  4.27207e-05
 Reference value :  4.28821e-05
 Reference value :  4.30604e-05
 Reference value :  4.32376e-05
 Reference value :  4.33913e-05
 Reference value :  4.35609e-05
 Reference value :  4.37212e-05
 Reference value :  4.39013e-05
 Reference value :  4.40806e-05
 Reference value :  4.42501e-05
 Reference value :  4.44101e-05
 Reference value :  4.45801e-05
 Reference value :  4.47404e-05
 Reference value :  4.49105e-05
 Reference value :  4.50706e-05
 Reference value :  4.52401e-05
 Reference value :  4.54002e-05
 Reference value :  4.55706e-05
 Reference value :  4.57502e-05
 Reference value :  4.59112e-05
 Reference value :  4.60805e-05
 Reference value :  4.62409e-05
 Reference value :  4.64103e-05
 Reference value :  4.65714e-05
 Reference value :  4.67406e-05
 Reference value :  4.68913e-05
 Reference value :  4.70704e-05
 Reference value :  4.72307e-05
 Reference value :  4.74405e-05
 Reference value :  4.76100e-05
 Reference value :  4.77601e-05
 Reference value :  4.79106e-05
 Reference value :  4.80709e-05
 Reference value :  4.82404e-05
 Reference value :  4.83904e-05
 Reference value :  4.85508e-05
 Reference value :  4.87205e-05
 Reference value :  4.89112e-05
 Reference value :  4.91432e-05
 Reference value :  4.93201e-05
 Reference value :  4.94802e-05
 Reference value :  4.96502e-05
 Reference value :  4.98109e-05
 Reference value :  4.99802e-05
 Reference value :  5.01406e-05
 Reference value :  5.03047e-05
 Reference value :  5.04702e-05
 Reference value :  5.06401e-05
 Reference value :  5.08201e-05
 Reference value :  5.09802e-05
 Reference value :  5.11501e-05
 Reference value :  5.13102e-05
 Reference value :  5.14801e-05
 Reference value :  5.16401e-05
 Reference value :  5.18101e-05
 Reference value :  5.19702e-05
 Reference value :  5.21214e-05
 Reference value :  5.22902e-05
 Reference value :  5.24436e-05
 Reference value :  5.26210e-05
 Reference value :  5.28005e-05
 Reference value :  5.29801e-05
 Reference value :  5.31322e-05
 Reference value :  5.33202e-05
 Reference value :  5.34909e-05
 Reference value :  5.36705e-05
 Reference value :  5.38501e-05
 Reference value :  5.40300e-05
 Reference value :  5.42103e-05
 Reference value :  5.44322e-05
 Reference value :  5.46133e-05
 Reference value :  5.47821e-05
 Reference value :  5.49600e-05
 Reference value :  5.51209e-05
 Reference value :  5.53001e-05
 Reference value :  5.54705e-05
 Reference value :  5.56503e-05
 Reference value :  5.58145e-05
 Reference value :  5.59902e-05
 Reference value :  5.61709e-05
 Reference value :  5.63503e-05
 Reference value :  5.65215e-05
 Reference value :  5.67006e-05
 Reference value :  5.68801e-05
 Reference value :  5.70600e-05
 Reference value :  5.72115e-05
 Reference value :  5.73901e-05
 Reference value :  5.75501e-05
 Reference value :  5.77200e-05
 Reference value :  5.78823e-05
 Reference value :  5.80764e-05
 Reference value :  5.82413e-05
 Reference value :  5.84401e-05
 Reference value :  5.86001e-05
 Reference value :  5.87705e-05
 Reference value :  5.89309e-05
 Reference value :  5.91002e-05
 Reference value :  5.92601e-05
 Reference value :  5.94101e-05
 Reference value :  5.95801e-05
 Reference value :  5.97308e-05
 Reference value :  5.98928e-05
 Reference value :  6.00708e-05
 Reference value :  6.02403e-05
 Reference value :  6.04005e-05
 Reference value :  6.05705e-05
 Reference value :  6.07309e-05
 Reference value :  6.09003e-05
 Reference value :  6.10602e-05
 Reference value :  6.12300e-05
 Reference value :  6.13901e-05
 Reference value :  6.15701e-05
 Reference value :  6.17801e-05
 Reference value :  6.19609e-05
 Reference value :  6.21335e-05
 Reference value :  6.22970e-05
 Reference value :  6.24605e-05
 Reference value :  6.26202e-05
 Reference value :  6.27903e-05
 Reference value :  6.29508e-05
 Reference value :  6.31204e-05
 Reference value :  6.33000e-05
 Reference value :  6.34802e-05
 Reference value :  6.36605e-05
 Reference value :  6.38211e-05
 Reference value :  6.39907e-05
 Reference value :  6.41564e-05
 Reference value :  6.43303e-05
 Reference value :  6.45101e-05
 Reference value :  6.46801e-05
 Reference value :  6.48402e-05
 Reference value :  6.50105e-05
 Reference value :  6.51906e-05
 Reference value :  6.53701e-05
 Reference value :  6.55302e-05
 Reference value :  6.57034e-05
 Reference value :  6.58800e-05
 Reference value :  6.60402e-05
 Reference value :  6.62101e-05
 Reference value :  6.63702e-05
 Reference value :  6.65233e-05
 Reference value :  6.66904e-05
 Reference value :  6.68700e-05
 Reference value :  6.70429e-05
 Reference value :  6.72107e-05
 Reference value :  6.73807e-05
 Reference value :  6.75411e-05
 Reference value :  6.77209e-05
 Reference value :  6.78904e-05
 Reference value :  6.80515e-05
 Reference value :  6.82302e-05
 Reference value :  6.83813e-05
 Reference value :  6.85509e-05
 Reference value :  6.87302e-05
 Reference value :  6.89401e-05
 Reference value :  6.91001e-05
 Reference value :  6.92511e-05
 Reference value :  6.94202e-05
 Reference value :  6.95710e-05
 Reference value :  6.97502e-05
 Reference value :  6.99005e-05
 Reference value :  7.00802e-05
 Reference value :  7.02407e-05
 Reference value :  7.04102e-05
 Reference value :  7.05905e-05
 Reference value :  7.07703e-05
 Reference value :  7.09316e-05
 Reference value :  7.11102e-05
 Reference value :  7.12808e-05
 Reference value :  7.14601e-05
 Reference value :  7.16108e-05
 Reference value :  7.17702e-05
 Reference value :  7.19213e-05
 Reference value :  7.20901e-05
 Reference value :  7.22504e-05
 Reference value :  7.24213e-05
 Reference value :  7.26001e-05
 Reference value :  7.27601e-05
 Reference value :  7.29301e-05
 Reference value :  7.30905e-05
 Reference value :  7.32601e-05
 Reference value :  7.34202e-05
 Reference value :  7.35727e-05
 Reference value :  7.37406e-05
 Reference value :  7.39008e-05
 Reference value :  7.40807e-05
 Reference value :  7.42525e-05
 Reference value :  7.44303e-05
 Reference value :  7.45907e-05
 Reference value :  7.47702e-05
 Reference value :  7.49509e-05
 Reference value :  7.51203e-05
 Reference value :  7.52810e-05
 Reference value :  7.54501e-05
 Reference value :  7.56102e-05
 Reference value :  7.57802e-05
 Reference value :  7.59905e-05
 Reference value :  7.61701e-05
 Reference value :  7.63313e-05
 Reference value :  7.65006e-05
 Reference value :  7.66602e-05
 Reference value :  7.68302e-05
 Reference value :  7.69914e-05
 Reference value :  7.71605e-05
 Reference value :  7.73504e-05
 Reference value :  7.75200e-05
 Reference value :  7.76810e-05
 Reference value :  7.78502e-05
 Reference value :  7.80303e-05
 Reference value :  7.81906e-05
 Reference value :  7.83603e-05
 Reference value :  7.85210e-05
 Reference value :  7.86921e-05
 Reference value :  7.88507e-05
 Reference value :  7.90201e-05
 Reference value :  7.91802e-05
 Reference value :  7.93533e-05
 Reference value :  7.95115e-05
 Reference value :  7.96803e-05
 Reference value :  7.98416e-05
No. of Data Rows : 474314
t_flip              =  3.31821e-05
vos_v               =  -6.81787e-03
m_dut_vos = -6.817870000e-03
Note: Simulation executed from .control section 

Warning: m=xx on .subckt line will override multiplier m hierarchy!

