
Note: Compatibility modes selected: hs a


Circuit: * comparator-kickback-vosprobe @ ss_27c_3.30v -- generated by sim/harness, do not edit

Doing analysis at TEMP = 27.000000 and TNOM = 27.000000

Using SPARSE 1.3 as Direct Linear Solver

Initial Transient Solution
--------------------------

Node                                   Voltage
----                                   -------
vdd                                        3.3
cm                                        1.65
clk                                          0
rmp                                      -0.04
vp                                        1.63
vn                                        1.67
ibn                                    1.12362
xdut.xlayout_dut.sp__t2            4.51871e-09
xdut.xlayout_dut.qp__t6                    3.3
xdut.xlayout_dut.vss__t17          3.29605e-11
xdut.xlayout_dut.vss__t2           4.30827e-20
xdut.xlayout_dut.dout__t3          4.91431e-09
xdut.xlayout_dut.sp__t3            4.59221e-09
xdut.xlayout_dut.vss__t25          1.14861e-21
xdut.xlayout_dut.vss__t3           5.50296e-20
xdut.xlayout_dut.dout__t2           4.7627e-09
xdut.xlayout_dut.doutb__t0                 3.3
xdut.xlayout_dut.vss__t24          4.31429e-11
xdut.xlayout_dut.vss__t4           5.65914e-20
xdut.xlayout_dut.ibias__t0             1.12234
xdut.xlayout_dut.ibias__t1             1.12362
xdut.xlayout_dut.vss__t20          0.000254896
xdut.xlayout_dut.vss__t8           2.86165e-11
xdut.xlayout_dut.sn__t2            4.51865e-09
xdut.xlayout_dut.qn__t6                    3.3
xdut.xlayout_dut.vss__t23          3.28992e-11
xdut.xlayout_dut.vss__t5           4.30014e-20
xdut.xlayout_dut.doutb__t1                 3.3
xdut.xlayout_dut.sn__t3            4.63013e-09
xdut.xlayout_dut.vss__t22          1.21645e-14
xdut.xlayout_dut.vss__t6           3.69038e-11
xdut.xlayout_dut.doutb__t4                 3.3
xdut.xlayout_dut.dout__t4          4.91431e-09
xdut.xlayout_dut.vss__t21          1.27937e-14
xdut.xlayout_dut.vss__t7           3.88126e-11
xdut.xlayout_dut.qn__t4                    3.3
xdut.xlayout_dut.qp__t0                    3.3
xdut.xlayout_dut.mn__t0                    3.3
xdut.xlayout_dut.vss__t9           4.33209e-11
xdut.xlayout_dut.mn__t1                    3.3
xdut.xlayout_dut.aop__t2               1.39409
xdut.xlayout_dut.ltail__t0             1.49154
xdut.xlayout_dut.vss__t11           2.8655e-11
xdut.xlayout_dut.atail__t0             0.59693
xdut.xlayout_dut.ibias__t2             1.12362
xdut.xlayout_dut.vss__t19          0.000495476
xdut.xlayout_dut.vss__t13          1.46388e-11
xdut.xlayout_dut.qp__t1                    3.3
xdut.xlayout_dut.qn__t5                    3.3
xdut.xlayout_dut.mp__t2                    3.3
xdut.xlayout_dut.vss__t10          4.33989e-11
xdut.xlayout_dut.ltail__t1             1.49154
xdut.xlayout_dut.clk__t2                     0
xdut.xlayout_dut.vss__t18          3.91326e-14
xdut.xlayout_dut.vss__t14          8.05546e-12
xdut.xlayout_dut.mp__t1                    3.3
xdut.xlayout_dut.aon__t0               2.20507
xdut.xlayout_dut.ltail__t2             1.49154
xdut.xlayout_dut.vss__t12          2.89434e-11
xdut.xlayout_dut.aon__t1               2.20447
xdut.xlayout_dut.vinp__t0                 1.63
xdut.xlayout_dut.atail__t1            0.597506
xdut.xlayout_dut.vss__t15          1.90716e-09
xdut.xlayout_dut.aop__t1                1.3925
xdut.xlayout_dut.vinn__t0                 1.67
xdut.xlayout_dut.atail__t2            0.597862
xdut.xlayout_dut.vss__t16          4.79652e-11
xdut.xlayout_dut.mn__t2                    3.3
xdut.xlayout_dut.clk__t0                     0
xdut.xlayout_dut.vdd__t0                   3.3
xdut.xlayout_dut.vdd__t1                   3.3
xdut.xlayout_dut.qn__t1                    3.3
xdut.xlayout_dut.clk__t1                     0
xdut.xlayout_dut.vdd__t2                   3.3
xdut.xlayout_dut.vdd__t3                   3.3
xdut.xlayout_dut.sp__t0            4.75325e-09
xdut.xlayout_dut.qp__t2                    3.3
xdut.xlayout_dut.vdd__t4                   3.3
xdut.xlayout_dut.vdd__t5                   3.3
xdut.xlayout_dut.mp__t0                    3.3
xdut.xlayout_dut.clk__t4                     0
xdut.xlayout_dut.vdd__t21                  3.3
xdut.xlayout_dut.vdd__t20                  3.3
xdut.xlayout_dut.qn__t0                    3.3
xdut.xlayout_dut.qp__t3                    3.3
xdut.xlayout_dut.vdd__t6                   3.3
xdut.xlayout_dut.vdd__t7                   3.3
xdut.xlayout_dut.qp__t4                    3.3
xdut.xlayout_dut.clk__t3                     0
xdut.xlayout_dut.vdd__t19                  3.3
xdut.xlayout_dut.vdd__t18                  3.3
xdut.xlayout_dut.na__t1                    3.3
xdut.xlayout_dut.sp__t1            4.59221e-09
xdut.xlayout_dut.vdd__t23                  3.3
xdut.xlayout_dut.vdd__t8                   3.3
xdut.xlayout_dut.dout__t0          5.02563e-09
xdut.xlayout_dut.doutb__t2                 3.3
xdut.xlayout_dut.na__t0                    3.3
xdut.xlayout_dut.vdd__t13                  3.3
xdut.xlayout_dut.sn__t0            4.80526e-09
xdut.xlayout_dut.qn__t3                    3.3
xdut.xlayout_dut.vdd__t17                  3.3
xdut.xlayout_dut.vdd__t16                  3.3
xdut.xlayout_dut.qp__t5                    3.3
xdut.xlayout_dut.qn__t2                    3.3
xdut.xlayout_dut.vdd__t15                  3.3
xdut.xlayout_dut.vdd__t14                  3.3
xdut.xlayout_dut.nb__t1                    3.3
xdut.xlayout_dut.sn__t1            4.63013e-09
xdut.xlayout_dut.vdd__t22                  3.3
xdut.xlayout_dut.vdd__t12                  3.3
xdut.xlayout_dut.doutb__t3                 3.3
xdut.xlayout_dut.dout__t1          4.91431e-09
xdut.xlayout_dut.nb__t0                    3.3
xdut.xlayout_dut.vdd__t11                  3.3
xdut.xlayout_dut.aon__t2                2.2053
xdut.xlayout_dut.x$28.11               2.20594
xdut.xlayout_dut.vss__t0                     0
xdut.xlayout_dut.x$28.21               3.29842
xdut.xlayout_dut.vdd__t10              3.29906
xdut.xlayout_dut.aop__t0               1.39454
xdut.xlayout_dut.x$29.11               1.39565
xdut.xlayout_dut.vss__t1                     0
xdut.xlayout_dut.x$29.21               3.29824
xdut.xlayout_dut.vdd__t9               3.29935
xdut.xlayout_dut.aon                   2.20507
vsubs                                        0
xdut.xlayout_dut.aop                   1.39409
xdut.xlayout_dut.atail                0.597428
dout                               4.91431e-09
doutb                                      3.3
xdut.xlayout_dut.ltail                 1.49154
xdut.xlayout_dut.mn                        3.3
xdut.xlayout_dut.mp                        3.3
xdut.xlayout_dut.na                        3.3
xdut.xlayout_dut.nb                        3.3
xdut.xlayout_dut.qn                        3.3
xdut.xlayout_dut.qp                        3.3
xdut.xlayout_dut.sn                4.63013e-09
xdut.xlayout_dut.sp                4.59221e-09
dn                                 1.48918e-09
bdn#branch                                   0
bnn#branch                         1.17161e-18
bpp#branch                          3.4199e-19
vrmp#branch                                  0
vclk#branch                                  0
vcm#branch                                   0
vsup#branch                       -3.02212e-05

 Reference value :  9.10284e-08
 Reference value :  2.50479e-07
 Reference value :  4.22237e-07
 Reference value :  5.90899e-07
 Reference value :  7.80505e-07
 Reference value :  9.70114e-07
 Reference value :  1.12201e-06
 Reference value :  1.29031e-06
 Reference value :  1.45124e-06
 Reference value :  1.62091e-06
 Reference value :  1.78071e-06
 Reference value :  1.95001e-06
 Reference value :  2.11108e-06
 Reference value :  2.28034e-06
 Reference value :  2.44037e-06
 Reference value :  2.62011e-06
 Reference value :  2.77148e-06
 Reference value :  2.94014e-06
 Reference value :  3.10069e-06
 Reference value :  3.27010e-06
 Reference value :  3.42059e-06
 Reference value :  3.58085e-06
 Reference value :  3.73219e-06
 Reference value :  3.90058e-06
 Reference value :  4.06107e-06
 Reference value :  4.23028e-06
 Reference value :  4.41035e-06
 Reference value :  4.57085e-06
 Reference value :  4.74024e-06
 Reference value :  4.90052e-06
 Reference value :  5.07061e-06
 Reference value :  5.25004e-06
 Reference value :  5.40123e-06
 Reference value :  5.56094e-06
 Reference value :  5.73051e-06
 Reference value :  5.89090e-06
 Reference value :  6.06010e-06
 Reference value :  6.24053e-06
 Reference value :  6.40095e-06
 Reference value :  6.57060e-06
 Reference value :  6.75014e-06
 Reference value :  6.91114e-06
 Reference value :  7.11022e-06
 Reference value :  7.30011e-06
 Reference value :  7.47025e-06
 Reference value :  7.66013e-06
 Reference value :  7.83013e-06
 Reference value :  7.99095e-06
 Reference value :  8.19193e-06
 Reference value :  8.37019e-06
 Reference value :  8.55014e-06
 Reference value :  8.70315e-06
 Reference value :  8.86034e-06
 Reference value :  9.03028e-06
 Reference value :  9.19253e-06
 Reference value :  9.37019e-06
 Reference value :  9.54070e-06
 Reference value :  9.70118e-06
 Reference value :  9.87045e-06
 Reference value :  1.00514e-05
 Reference value :  1.02300e-05
 Reference value :  1.03902e-05
 Reference value :  1.05408e-05
 Reference value :  1.07107e-05
 Reference value :  1.08901e-05
 Reference value :  1.10464e-05
 Reference value :  1.12009e-05
 Reference value :  1.13802e-05
 Reference value :  1.15505e-05
 Reference value :  1.17119e-05
 Reference value :  1.18831e-05
 Reference value :  1.20601e-05
 Reference value :  1.22205e-05
 Reference value :  1.23905e-05
 Reference value :  1.25509e-05
 Reference value :  1.27172e-05
 Reference value :  1.28703e-05
 Reference value :  1.30301e-05
 Reference value :  1.32002e-05
 Reference value :  1.33802e-05
 Reference value :  1.35401e-05
 Reference value :  1.36911e-05
 Reference value :  1.38607e-05
 Reference value :  1.40400e-05
 Reference value :  1.42005e-05
 Reference value :  1.43701e-05
 Reference value :  1.45616e-05
 Reference value :  1.47711e-05
 Reference value :  1.49502e-05
 Reference value :  1.51207e-05
 Reference value :  1.53302e-05
 Reference value :  1.54901e-05
 Reference value :  1.56419e-05
 Reference value :  1.58102e-05
 Reference value :  1.59612e-05
 Reference value :  1.61214e-05
 Reference value :  1.62902e-05
 Reference value :  1.64509e-05
 Reference value :  1.66307e-05
 Reference value :  1.68001e-05
 Reference value :  1.69602e-05
 Reference value :  1.71301e-05
 Reference value :  1.72806e-05
 Reference value :  1.74407e-05
 Reference value :  1.75933e-05
 Reference value :  1.77604e-05
 Reference value :  1.79400e-05
 Reference value :  1.81004e-05
 Reference value :  1.82702e-05
 Reference value :  1.84305e-05
 Reference value :  1.86108e-05
 Reference value :  1.87806e-05
 Reference value :  1.89401e-05
 Reference value :  1.91106e-05
 Reference value :  1.92711e-05
 Reference value :  1.94170e-05
 Reference value :  1.95713e-05
 Reference value :  1.97406e-05
 Reference value :  1.99007e-05
 Reference value :  2.00703e-05
 Reference value :  2.02306e-05
 Reference value :  2.04014e-05
 Reference value :  2.05608e-05
 Reference value :  2.07136e-05
 Reference value :  2.08806e-05
 Reference value :  2.10557e-05
 Reference value :  2.12101e-05
 Reference value :  2.13701e-05
 Reference value :  2.15209e-05
 Reference value :  2.16906e-05
 Reference value :  2.18503e-05
 Reference value :  2.20606e-05
 Reference value :  2.22402e-05
 Reference value :  2.24101e-05
 Reference value :  2.25607e-05
 Reference value :  2.27201e-05
 Reference value :  2.28902e-05
 Reference value :  2.30440e-05
 Reference value :  2.32216e-05
 Reference value :  2.34011e-05
 Reference value :  2.35801e-05
 Reference value :  2.37601e-05
 Reference value :  2.39210e-05
 Reference value :  2.40905e-05
 Reference value :  2.42505e-05
 Reference value :  2.44201e-05
 Reference value :  2.45801e-05
 Reference value :  2.47501e-05
 Reference value :  2.49010e-05
 Reference value :  2.50612e-05
 Reference value :  2.52440e-05
 Reference value :  2.54110e-05
 Reference value :  2.55702e-05
 Reference value :  2.57501e-05
 Reference value :  2.59200e-05
 Reference value :  2.60771e-05
 Reference value :  2.62309e-05
 Reference value :  2.64021e-05
 Reference value :  2.65609e-05
 Reference value :  2.67308e-05
 Reference value :  2.68904e-05
 Reference value :  2.70701e-05
 Reference value :  2.72577e-05
 Reference value :  2.74306e-05
 Reference value :  2.76007e-05
 Reference value :  2.77802e-05
 Reference value :  2.79402e-05
 Reference value :  2.81103e-05
 Reference value :  2.82908e-05
 Reference value :  2.85003e-05
 Reference value :  2.86810e-05
 Reference value :  2.88411e-05
 Reference value :  2.90113e-05
 Reference value :  2.91901e-05
 Reference value :  2.93502e-05
 Reference value :  2.95302e-05
 Reference value :  2.97108e-05
 Reference value :  2.98813e-05
 Reference value :  3.00607e-05
 Reference value :  3.02214e-05
 Reference value :  3.04004e-05
 Reference value :  3.05711e-05
 Reference value :  3.07506e-05
 Reference value :  3.09103e-05
 Reference value :  3.10812e-05
 Reference value :  3.12407e-05
 Reference value :  3.14123e-05
 Reference value :  3.15901e-05
 Reference value :  3.17701e-05
 Reference value :  3.19605e-05
 Reference value :  3.21451e-05
 Reference value :  3.23114e-05
 Reference value :  3.24814e-05
 Reference value :  3.26509e-05
 Reference value :  3.28216e-05
 Reference value :  3.29805e-05
 Reference value :  3.31511e-05
 Reference value :  3.33312e-05
 Reference value :  3.35102e-05
 Reference value :  3.37001e-05
 Reference value :  3.38702e-05
 Reference value :  3.40305e-05
 Reference value :  3.42012e-05
 Reference value :  3.43821e-05
 Reference value :  3.45601e-05
 Reference value :  3.47202e-05
 Reference value :  3.48901e-05
 Reference value :  3.50425e-05
 Reference value :  3.51923e-05
 Reference value :  3.54001e-05
 Reference value :  3.55529e-05
 Reference value :  3.57112e-05
 Reference value :  3.58811e-05
 Reference value :  3.60408e-05
 Reference value :  3.62114e-05
 Reference value :  3.63706e-05
 Reference value :  3.65404e-05
 Reference value :  3.67002e-05
 Reference value :  3.68712e-05
 Reference value :  3.70520e-05
 Reference value :  3.72106e-05
 Reference value :  3.73801e-05
 Reference value :  3.75402e-05
 Reference value :  3.77104e-05
 Reference value :  3.78716e-05
 Reference value :  3.80408e-05
 Reference value :  3.82001e-05
 Reference value :  3.83516e-05
 Reference value :  3.85302e-05
 Reference value :  3.87000e-05
 Reference value :  3.88609e-05
 Reference value :  3.90311e-05
 Reference value :  3.91910e-05
 Reference value :  3.93702e-05
 Reference value :  3.95401e-05
 Reference value :  3.97009e-05
 Reference value :  3.98707e-05
 Reference value :  4.00500e-05
 Reference value :  4.02125e-05
 Reference value :  4.03902e-05
 Reference value :  4.05708e-05
 Reference value :  4.07412e-05
 Reference value :  4.09204e-05
 Reference value :  4.10820e-05
 Reference value :  4.12807e-05
 Reference value :  4.14600e-05
 Reference value :  4.16400e-05
 Reference value :  4.18200e-05
 Reference value :  4.20000e-05
 Reference value :  4.21809e-05
 Reference value :  4.24010e-05
 Reference value :  4.25801e-05
 Reference value :  4.27502e-05
 Reference value :  4.29110e-05
 Reference value :  4.30807e-05
 Reference value :  4.32600e-05
 Reference value :  4.34201e-05
 Reference value :  4.36010e-05
 Reference value :  4.37809e-05
 Reference value :  4.39503e-05
 Reference value :  4.41307e-05
 Reference value :  4.42911e-05
 Reference value :  4.44668e-05
 Reference value :  4.46226e-05
 Reference value :  4.47908e-05
 Reference value :  4.49554e-05
 Reference value :  4.51203e-05
 Reference value :  4.52705e-05
 Reference value :  4.54302e-05
 Reference value :  4.56002e-05
 Reference value :  4.57800e-05
 Reference value :  4.59405e-05
 Reference value :  4.61101e-05
 Reference value :  4.62900e-05
 Reference value :  4.64501e-05
 Reference value :  4.66204e-05
 Reference value :  4.67812e-05
 Reference value :  4.69508e-05
 Reference value :  4.71178e-05
 Reference value :  4.72909e-05
 Reference value :  4.74707e-05
 Reference value :  4.76414e-05
 Reference value :  4.78202e-05
 Reference value :  4.79817e-05
 Reference value :  4.81612e-05
 Reference value :  4.83316e-05
 Reference value :  4.85101e-05
 Reference value :  4.86607e-05
 Reference value :  4.88407e-05
 Reference value :  4.90206e-05
 Reference value :  4.92601e-05
 Reference value :  4.94210e-05
 Reference value :  4.95908e-05
 Reference value :  4.97700e-05
 Reference value :  4.99310e-05
 Reference value :  5.01034e-05
 Reference value :  5.02625e-05
 Reference value :  5.04401e-05
 Reference value :  5.06118e-05
 Reference value :  5.08017e-05
 Reference value :  5.10401e-05
 Reference value :  5.12426e-05
 Reference value :  5.14218e-05
 Reference value :  5.16006e-05
 Reference value :  5.17801e-05
 Reference value :  5.19402e-05
 Reference value :  5.21201e-05
 Reference value :  5.22903e-05
 Reference value :  5.24509e-05
 Reference value :  5.26501e-05
 Reference value :  5.28102e-05
 Reference value :  5.29907e-05
 Reference value :  5.31702e-05
 Reference value :  5.33502e-05
 Reference value :  5.35203e-05
 Reference value :  5.37003e-05
 Reference value :  5.38801e-05
 Reference value :  5.40401e-05
 Reference value :  5.42102e-05
 Reference value :  5.43703e-05
 Reference value :  5.45401e-05
 Reference value :  5.47207e-05
 Reference value :  5.49001e-05
 Reference value :  5.50839e-05
 Reference value :  5.52610e-05
 Reference value :  5.54211e-05
 Reference value :  5.56010e-05
 Reference value :  5.57708e-05
 Reference value :  5.59501e-05
 Reference value :  5.61109e-05
 Reference value :  5.62906e-05
 Reference value :  5.64901e-05
 Reference value :  5.67103e-05
 Reference value :  5.68901e-05
 Reference value :  5.70602e-05
 Reference value :  5.72210e-05
 Reference value :  5.74002e-05
 Reference value :  5.75717e-05
 Reference value :  5.77502e-05
 Reference value :  5.79301e-05
 Reference value :  5.80912e-05
 Reference value :  5.82709e-05
 Reference value :  5.84506e-05
 Reference value :  5.86501e-05
 Reference value :  5.88126e-05
 Reference value :  5.89908e-05
 Reference value :  5.91741e-05
 Reference value :  5.93502e-05
 Reference value :  5.95302e-05
 Reference value :  5.97000e-05
 Reference value :  5.98601e-05
 Reference value :  6.00303e-05
 Reference value :  6.02101e-05
 Reference value :  6.03906e-05
 Reference value :  6.05701e-05
 Reference value :  6.07501e-05
 Reference value :  6.09102e-05
 Reference value :  6.10902e-05
 Reference value :  6.12605e-05
 Reference value :  6.14210e-05
 Reference value :  6.16002e-05
 Reference value :  6.17700e-05
 Reference value :  6.19321e-05
 Reference value :  6.21101e-05
 Reference value :  6.22806e-05
 Reference value :  6.24701e-05
 Reference value :  6.26406e-05
 Reference value :  6.28202e-05
 Reference value :  6.30003e-05
 Reference value :  6.31800e-05
 Reference value :  6.33410e-05
 Reference value :  6.35202e-05
 Reference value :  6.36901e-05
 Reference value :  6.38503e-05
 Reference value :  6.40310e-05
 Reference value :  6.42710e-05
 Reference value :  6.44507e-05
 Reference value :  6.46310e-05
 Reference value :  6.48023e-05
 Reference value :  6.49800e-05
 Reference value :  6.51316e-05
 Reference value :  6.53101e-05
 Reference value :  6.54709e-05
 Reference value :  6.56505e-05
 Reference value :  6.58302e-05
 Reference value :  6.60300e-05
 Reference value :  6.62101e-05
 Reference value :  6.63710e-05
 Reference value :  6.65401e-05
 Reference value :  6.67002e-05
 Reference value :  6.68703e-05
 Reference value :  6.70501e-05
 Reference value :  6.72011e-05
 Reference value :  6.73800e-05
 Reference value :  6.75402e-05
 Reference value :  6.77400e-05
 Reference value :  6.79203e-05
 Reference value :  6.80811e-05
 Reference value :  6.82503e-05
 Reference value :  6.84302e-05
 Reference value :  6.85911e-05
 Reference value :  6.87701e-05
 Reference value :  6.89401e-05
 Reference value :  6.91005e-05
 Reference value :  6.92701e-05
 Reference value :  6.94501e-05
 Reference value :  6.96306e-05
 Reference value :  6.98101e-05
 Reference value :  6.99717e-05
 Reference value :  7.01501e-05
 Reference value :  7.03302e-05
 Reference value :  7.05010e-05
 Reference value :  7.06617e-05
 Reference value :  7.08411e-05
 Reference value :  7.10110e-05
 Reference value :  7.11902e-05
 Reference value :  7.13701e-05
 Reference value :  7.15911e-05
 Reference value :  7.17605e-05
 Reference value :  7.19209e-05
 Reference value :  7.20901e-05
 Reference value :  7.22407e-05
 Reference value :  7.24203e-05
 Reference value :  7.25776e-05
 Reference value :  7.27508e-05
 Reference value :  7.29303e-05
 Reference value :  7.30821e-05
 Reference value :  7.32706e-05
 Reference value :  7.34506e-05
 Reference value :  7.36210e-05
 Reference value :  7.38003e-05
 Reference value :  7.39803e-05
 Reference value :  7.41407e-05
 Reference value :  7.43149e-05
 Reference value :  7.44707e-05
 Reference value :  7.46401e-05
 Reference value :  7.47908e-05
 Reference value :  7.49518e-05
 Reference value :  7.51306e-05
 Reference value :  7.53101e-05
 Reference value :  7.54801e-05
 Reference value :  7.56403e-05
 Reference value :  7.58102e-05
 Reference value :  7.59701e-05
 Reference value :  7.61227e-05
 Reference value :  7.62934e-05
 Reference value :  7.64700e-05
 Reference value :  7.66203e-05
 Reference value :  7.67819e-05
 Reference value :  7.69602e-05
 Reference value :  7.71302e-05
 Reference value :  7.72901e-05
 Reference value :  7.74602e-05
 Reference value :  7.76411e-05
 Reference value :  7.78010e-05
 Reference value :  7.79703e-05
 Reference value :  7.81302e-05
 Reference value :  7.82858e-05
 Reference value :  7.84601e-05
 Reference value :  7.86601e-05
 Reference value :  7.88701e-05
 Reference value :  7.90500e-05
 Reference value :  7.92010e-05
 Reference value :  7.93609e-05
 Reference value :  7.95300e-05
 Reference value :  7.96907e-05
 Reference value :  7.98610e-05
No. of Data Rows : 466210
t_flip              =  3.51326e-05
vos_v               =  -4.86738e-03
m_dut_vos = -4.867380000e-03
Note: Simulation executed from .control section 

Warning: m=xx on .subckt line will override multiplier m hierarchy!

