
Note: Compatibility modes selected: hs a


Circuit: * comparator-kickback-vosprobe @ tt_-40c_3.30v -- generated by sim/harness, do not edit

Doing analysis at TEMP = -40.000000 and TNOM = 27.000000

Using SPARSE 1.3 as Direct Linear Solver

Initial Transient Solution
--------------------------

Node                                   Voltage
----                                   -------
vdd                                        3.3
cm                                        1.65
clk                                          0
rmp                                      -0.04
vp                                        1.63
vn                                        1.67
ibn                                     1.0097
xdut.xlayout_dut.sp__t2            3.43496e-09
xdut.xlayout_dut.qp__t6                    3.3
xdut.xlayout_dut.vss__t17          3.41656e-11
xdut.xlayout_dut.vss__t2           3.28346e-20
xdut.xlayout_dut.dout__t3          3.89998e-09
xdut.xlayout_dut.sp__t3            3.51115e-09
xdut.xlayout_dut.vss__t25           7.5452e-24
xdut.xlayout_dut.vss__t3           4.36693e-20
xdut.xlayout_dut.dout__t2          3.73783e-09
xdut.xlayout_dut.doutb__t0                 3.3
xdut.xlayout_dut.vss__t24          4.61406e-11
xdut.xlayout_dut.vss__t4           4.45563e-20
xdut.xlayout_dut.ibias__t0             1.00842
xdut.xlayout_dut.ibias__t1              1.0097
xdut.xlayout_dut.vss__t20          0.000254896
xdut.xlayout_dut.vss__t8           2.57111e-11
xdut.xlayout_dut.sn__t2             3.4349e-09
xdut.xlayout_dut.qn__t6                    3.3
xdut.xlayout_dut.vss__t23           3.4102e-11
xdut.xlayout_dut.vss__t5           3.27723e-20
xdut.xlayout_dut.doutb__t1                 3.3
xdut.xlayout_dut.sn__t3            3.55045e-09
xdut.xlayout_dut.vss__t22          9.35031e-17
xdut.xlayout_dut.vss__t6           3.69058e-11
xdut.xlayout_dut.doutb__t4                 3.3
xdut.xlayout_dut.dout__t4          3.89998e-09
xdut.xlayout_dut.vss__t21          9.83397e-17
xdut.xlayout_dut.vss__t7           3.88148e-11
xdut.xlayout_dut.qn__t4                    3.3
xdut.xlayout_dut.qp__t0                    3.3
xdut.xlayout_dut.mn__t0                    3.3
xdut.xlayout_dut.vss__t9           4.33209e-11
xdut.xlayout_dut.mn__t1                    3.3
xdut.xlayout_dut.aop__t2               1.50694
xdut.xlayout_dut.ltail__t0             1.60955
xdut.xlayout_dut.vss__t11          2.93606e-11
xdut.xlayout_dut.atail__t0            0.647227
xdut.xlayout_dut.ibias__t2              1.0097
xdut.xlayout_dut.vss__t19          0.000499268
xdut.xlayout_dut.vss__t13          1.58712e-11
xdut.xlayout_dut.qp__t1                    3.3
xdut.xlayout_dut.qn__t5                    3.3
xdut.xlayout_dut.mp__t2                    3.3
xdut.xlayout_dut.vss__t10          4.33989e-11
xdut.xlayout_dut.ltail__t1             1.60955
xdut.xlayout_dut.clk__t2                     0
xdut.xlayout_dut.vss__t18          3.39304e-16
xdut.xlayout_dut.vss__t14          8.69273e-12
xdut.xlayout_dut.mp__t1                    3.3
xdut.xlayout_dut.aon__t0                2.3845
xdut.xlayout_dut.ltail__t2             1.60955
xdut.xlayout_dut.vss__t12          2.96556e-11
xdut.xlayout_dut.aon__t1               2.38394
xdut.xlayout_dut.vinp__t0                 1.63
xdut.xlayout_dut.atail__t1            0.647802
xdut.xlayout_dut.vss__t15          7.45824e-09
xdut.xlayout_dut.aop__t1               1.50527
xdut.xlayout_dut.vinn__t0                 1.67
xdut.xlayout_dut.atail__t2            0.648185
xdut.xlayout_dut.vss__t16          5.18954e-11
xdut.xlayout_dut.mn__t2                    3.3
xdut.xlayout_dut.clk__t0                     0
xdut.xlayout_dut.vdd__t0                   3.3
xdut.xlayout_dut.vdd__t1                   3.3
xdut.xlayout_dut.qn__t1                    3.3
xdut.xlayout_dut.clk__t1                     0
xdut.xlayout_dut.vdd__t2                   3.3
xdut.xlayout_dut.vdd__t3                   3.3
xdut.xlayout_dut.sp__t0            3.67808e-09
xdut.xlayout_dut.qp__t2                    3.3
xdut.xlayout_dut.vdd__t4                   3.3
xdut.xlayout_dut.vdd__t5                   3.3
xdut.xlayout_dut.mp__t0                    3.3
xdut.xlayout_dut.clk__t4                     0
xdut.xlayout_dut.vdd__t21                  3.3
xdut.xlayout_dut.vdd__t20                  3.3
xdut.xlayout_dut.qn__t0                    3.3
xdut.xlayout_dut.qp__t3                    3.3
xdut.xlayout_dut.vdd__t6                   3.3
xdut.xlayout_dut.vdd__t7                   3.3
xdut.xlayout_dut.qp__t4                    3.3
xdut.xlayout_dut.clk__t3                     0
xdut.xlayout_dut.vdd__t19                  3.3
xdut.xlayout_dut.vdd__t18                  3.3
xdut.xlayout_dut.na__t1                    3.3
xdut.xlayout_dut.sp__t1            3.51115e-09
xdut.xlayout_dut.vdd__t23                  3.3
xdut.xlayout_dut.vdd__t8                   3.3
xdut.xlayout_dut.dout__t0          4.01903e-09
xdut.xlayout_dut.doutb__t2                 3.3
xdut.xlayout_dut.na__t0                    3.3
xdut.xlayout_dut.vdd__t13                  3.3
xdut.xlayout_dut.sn__t0            3.73199e-09
xdut.xlayout_dut.qn__t3                    3.3
xdut.xlayout_dut.vdd__t17                  3.3
xdut.xlayout_dut.vdd__t16                  3.3
xdut.xlayout_dut.qp__t5                    3.3
xdut.xlayout_dut.qn__t2                    3.3
xdut.xlayout_dut.vdd__t15                  3.3
xdut.xlayout_dut.vdd__t14                  3.3
xdut.xlayout_dut.nb__t1                    3.3
xdut.xlayout_dut.sn__t1            3.55045e-09
xdut.xlayout_dut.vdd__t22                  3.3
xdut.xlayout_dut.vdd__t12                  3.3
xdut.xlayout_dut.doutb__t3                 3.3
xdut.xlayout_dut.dout__t1          3.89998e-09
xdut.xlayout_dut.nb__t0                    3.3
xdut.xlayout_dut.vdd__t11                  3.3
xdut.xlayout_dut.aon__t2               2.38472
xdut.xlayout_dut.x$28.11               2.38575
xdut.xlayout_dut.vss__t0                     0
xdut.xlayout_dut.x$28.21               3.29809
xdut.xlayout_dut.vdd__t10              3.29912
xdut.xlayout_dut.aop__t0               1.50741
xdut.xlayout_dut.x$29.11               1.50942
xdut.xlayout_dut.vss__t1                     0
xdut.xlayout_dut.x$29.21                3.2973
xdut.xlayout_dut.vdd__t9               3.29932
xdut.xlayout_dut.aon                    2.3845
vsubs                                        0
xdut.xlayout_dut.aop                   1.50694
xdut.xlayout_dut.atail                0.647729
dout                               3.89998e-09
doutb                                      3.3
xdut.xlayout_dut.ltail                 1.60955
xdut.xlayout_dut.mn                        3.3
xdut.xlayout_dut.mp                        3.3
xdut.xlayout_dut.na                        3.3
xdut.xlayout_dut.nb                        3.3
xdut.xlayout_dut.qn                        3.3
xdut.xlayout_dut.qp                        3.3
xdut.xlayout_dut.sn                3.55045e-09
xdut.xlayout_dut.sp                3.51115e-09
dn                                 1.18181e-09
bdn#branch                                   0
bnn#branch                         1.17161e-18
bpp#branch                          3.4199e-19
vrmp#branch                                  0
vclk#branch                                  0
vcm#branch                                   0
vsup#branch                       -3.03762e-05

 Reference value :  1.00611e-07
 Reference value :  2.50797e-07
 Reference value :  4.20290e-07
 Reference value :  5.70422e-07
 Reference value :  7.31458e-07
 Reference value :  8.81642e-07
 Reference value :  1.06084e-06
 Reference value :  1.23003e-06
 Reference value :  1.36156e-06
 Reference value :  1.51072e-06
 Reference value :  1.66041e-06
 Reference value :  1.81020e-06
 Reference value :  1.97390e-06
 Reference value :  2.13036e-06
 Reference value :  2.29011e-06
 Reference value :  2.44021e-06
 Reference value :  2.58061e-06
 Reference value :  2.73035e-06
 Reference value :  2.89012e-06
 Reference value :  3.03095e-06
 Reference value :  3.18028e-06
 Reference value :  3.33009e-06
 Reference value :  3.48027e-06
 Reference value :  3.64012e-06
 Reference value :  3.78034e-06
 Reference value :  3.93034e-06
 Reference value :  4.08033e-06
 Reference value :  4.23007e-06
 Reference value :  4.36063e-06
 Reference value :  4.50055e-06
 Reference value :  4.66027e-06
 Reference value :  4.81045e-06
 Reference value :  4.96013e-06
 Reference value :  5.11029e-06
 Reference value :  5.28012e-06
 Reference value :  5.43000e-06
 Reference value :  5.58010e-06
 Reference value :  5.73013e-06
 Reference value :  5.88042e-06
 Reference value :  6.06008e-06
 Reference value :  6.21020e-06
 Reference value :  6.36020e-06
 Reference value :  6.51009e-06
 Reference value :  6.66010e-06
 Reference value :  6.81022e-06
 Reference value :  6.96009e-06
 Reference value :  7.11021e-06
 Reference value :  7.26026e-06
 Reference value :  7.42075e-06
 Reference value :  7.57082e-06
 Reference value :  7.74026e-06
 Reference value :  7.89009e-06
 Reference value :  8.02395e-06
 Reference value :  8.17078e-06
 Reference value :  8.32013e-06
 Reference value :  8.46051e-06
 Reference value :  8.61079e-06
 Reference value :  8.77021e-06
 Reference value :  8.92505e-06
 Reference value :  9.07054e-06
 Reference value :  9.22024e-06
 Reference value :  9.36268e-06
 Reference value :  9.51024e-06
 Reference value :  9.66008e-06
 Reference value :  9.81014e-06
 Reference value :  9.94811e-06
 Reference value :  1.01083e-05
 Reference value :  1.02600e-05
 Reference value :  1.04101e-05
 Reference value :  1.05601e-05
 Reference value :  1.07101e-05
 Reference value :  1.08407e-05
 Reference value :  1.09903e-05
 Reference value :  1.11306e-05
 Reference value :  1.12902e-05
 Reference value :  1.14710e-05
 Reference value :  1.16208e-05
 Reference value :  1.17702e-05
 Reference value :  1.19202e-05
 Reference value :  1.20705e-05
 Reference value :  1.22207e-05
 Reference value :  1.23712e-05
 Reference value :  1.25403e-05
 Reference value :  1.26901e-05
 Reference value :  1.28400e-05
 Reference value :  1.29711e-05
 Reference value :  1.31328e-05
 Reference value :  1.32707e-05
 Reference value :  1.34204e-05
 Reference value :  1.35702e-05
 Reference value :  1.37202e-05
 Reference value :  1.38702e-05
 Reference value :  1.40204e-05
 Reference value :  1.41701e-05
 Reference value :  1.43205e-05
 Reference value :  1.44707e-05
 Reference value :  1.46206e-05
 Reference value :  1.47703e-05
 Reference value :  1.49210e-05
 Reference value :  1.50811e-05
 Reference value :  1.52404e-05
 Reference value :  1.53909e-05
 Reference value :  1.55410e-05
 Reference value :  1.56906e-05
 Reference value :  1.58502e-05
 Reference value :  1.60015e-05
 Reference value :  1.61703e-05
 Reference value :  1.63500e-05
 Reference value :  1.65001e-05
 Reference value :  1.66326e-05
 Reference value :  1.67822e-05
 Reference value :  1.69308e-05
 Reference value :  1.70808e-05
 Reference value :  1.72308e-05
 Reference value :  1.73811e-05
 Reference value :  1.75500e-05
 Reference value :  1.77001e-05
 Reference value :  1.78500e-05
 Reference value :  1.79702e-05
 Reference value :  1.81203e-05
 Reference value :  1.82704e-05
 Reference value :  1.84204e-05
 Reference value :  1.85701e-05
 Reference value :  1.87079e-05
 Reference value :  1.88509e-05
 Reference value :  1.90010e-05
 Reference value :  1.91701e-05
 Reference value :  1.93203e-05
 Reference value :  1.94700e-05
 Reference value :  1.96086e-05
 Reference value :  1.97701e-05
 Reference value :  1.99006e-05
 Reference value :  2.00509e-05
 Reference value :  2.02007e-05
 Reference value :  2.03507e-05
 Reference value :  2.05007e-05
 Reference value :  2.06509e-05
 Reference value :  2.08007e-05
 Reference value :  2.09502e-05
 Reference value :  2.11001e-05
 Reference value :  2.12502e-05
 Reference value :  2.14009e-05
 Reference value :  2.15507e-05
 Reference value :  2.17002e-05
 Reference value :  2.18504e-05
 Reference value :  2.20302e-05
 Reference value :  2.21703e-05
 Reference value :  2.23201e-05
 Reference value :  2.24704e-05
 Reference value :  2.26207e-05
 Reference value :  2.27802e-05
 Reference value :  2.29270e-05
 Reference value :  2.30806e-05
 Reference value :  2.32500e-05
 Reference value :  2.33811e-05
 Reference value :  2.35501e-05
 Reference value :  2.36810e-05
 Reference value :  2.38500e-05
 Reference value :  2.40001e-05
 Reference value :  2.41500e-05
 Reference value :  2.42808e-05
 Reference value :  2.44312e-05
 Reference value :  2.46005e-05
 Reference value :  2.47531e-05
 Reference value :  2.49007e-05
 Reference value :  2.50509e-05
 Reference value :  2.52027e-05
 Reference value :  2.53562e-05
 Reference value :  2.55007e-05
 Reference value :  2.56501e-05
 Reference value :  2.58006e-05
 Reference value :  2.59505e-05
 Reference value :  2.61060e-05
 Reference value :  2.62505e-05
 Reference value :  2.64001e-05
 Reference value :  2.65502e-05
 Reference value :  2.67013e-05
 Reference value :  2.68612e-05
 Reference value :  2.70301e-05
 Reference value :  2.71800e-05
 Reference value :  2.73301e-05
 Reference value :  2.74805e-05
 Reference value :  2.76601e-05
 Reference value :  2.78404e-05
 Reference value :  2.79913e-05
 Reference value :  2.81805e-05
 Reference value :  2.83905e-05
 Reference value :  2.86014e-05
 Reference value :  2.88168e-05
 Reference value :  2.89680e-05
 Reference value :  2.91376e-05
 Reference value :  2.92914e-05
 Reference value :  2.94602e-05
 Reference value :  2.96202e-05
 Reference value :  2.97755e-05
 Reference value :  2.99401e-05
 Reference value :  3.00901e-05
 Reference value :  3.02405e-05
 Reference value :  3.04008e-05
 Reference value :  3.05701e-05
 Reference value :  3.07202e-05
 Reference value :  3.08801e-05
 Reference value :  3.10481e-05
 Reference value :  3.12107e-05
 Reference value :  3.13810e-05
 Reference value :  3.15600e-05
 Reference value :  3.17101e-05
 Reference value :  3.18616e-05
 Reference value :  3.20400e-05
 Reference value :  3.22001e-05
 Reference value :  3.23506e-05
 Reference value :  3.25007e-05
 Reference value :  3.26700e-05
 Reference value :  3.28201e-05
 Reference value :  3.29845e-05
 Reference value :  3.31504e-05
 Reference value :  3.33006e-05
 Reference value :  3.34605e-05
 Reference value :  3.36114e-05
 Reference value :  3.37816e-05
 Reference value :  3.39406e-05
 Reference value :  3.40909e-05
 Reference value :  3.42407e-05
 Reference value :  3.43910e-05
 Reference value :  3.45703e-05
 Reference value :  3.47701e-05
 Reference value :  3.49303e-05
 Reference value :  3.50812e-05
 Reference value :  3.52313e-05
 Reference value :  3.54008e-05
 Reference value :  3.55801e-05
 Reference value :  3.57404e-05
 Reference value :  3.59102e-05
 Reference value :  3.60901e-05
 Reference value :  3.62701e-05
 Reference value :  3.64301e-05
 Reference value :  3.65807e-05
 Reference value :  3.67501e-05
 Reference value :  3.69007e-05
 Reference value :  3.70604e-05
 Reference value :  3.72301e-05
 Reference value :  3.73811e-05
 Reference value :  3.75467e-05
 Reference value :  3.77114e-05
 Reference value :  3.78901e-05
 Reference value :  3.80407e-05
 Reference value :  3.82008e-05
 Reference value :  3.83702e-05
 Reference value :  3.85221e-05
 Reference value :  3.87002e-05
 Reference value :  3.88510e-05
 Reference value :  3.90106e-05
 Reference value :  3.91801e-05
 Reference value :  3.93401e-05
 Reference value :  3.94902e-05
 Reference value :  3.96410e-05
 Reference value :  3.98102e-05
 Reference value :  3.99702e-05
 Reference value :  4.01401e-05
 Reference value :  4.03202e-05
 Reference value :  4.05001e-05
 Reference value :  4.06501e-05
 Reference value :  4.08108e-05
 Reference value :  4.10202e-05
 Reference value :  4.11707e-05
 Reference value :  4.13400e-05
 Reference value :  4.14901e-05
 Reference value :  4.16401e-05
 Reference value :  4.18002e-05
 Reference value :  4.19700e-05
 Reference value :  4.21208e-05
 Reference value :  4.22808e-05
 Reference value :  4.24559e-05
 Reference value :  4.26109e-05
 Reference value :  4.27610e-05
 Reference value :  4.29110e-05
 Reference value :  4.30615e-05
 Reference value :  4.32364e-05
 Reference value :  4.33808e-05
 Reference value :  4.35402e-05
 Reference value :  4.36908e-05
 Reference value :  4.38405e-05
 Reference value :  4.40102e-05
 Reference value :  4.41707e-05
 Reference value :  4.43401e-05
 Reference value :  4.44901e-05
 Reference value :  4.46501e-05
 Reference value :  4.48010e-05
 Reference value :  4.49508e-05
 Reference value :  4.51007e-05
 Reference value :  4.52700e-05
 Reference value :  4.54011e-05
 Reference value :  4.55802e-05
 Reference value :  4.57307e-05
 Reference value :  4.58802e-05
 Reference value :  4.60302e-05
 Reference value :  4.62003e-05
 Reference value :  4.63601e-05
 Reference value :  4.65102e-05
 Reference value :  4.66623e-05
 Reference value :  4.68301e-05
 Reference value :  4.69902e-05
 Reference value :  4.71601e-05
 Reference value :  4.73507e-05
 Reference value :  4.75009e-05
 Reference value :  4.76508e-05
 Reference value :  4.78201e-05
 Reference value :  4.79802e-05
 Reference value :  4.81306e-05
 Reference value :  4.83000e-05
 Reference value :  4.84504e-05
 Reference value :  4.86105e-05
 Reference value :  4.87902e-05
 Reference value :  4.89411e-05
 Reference value :  4.91103e-05
 Reference value :  4.92702e-05
 Reference value :  4.94205e-05
 Reference value :  4.95736e-05
 Reference value :  4.97400e-05
 Reference value :  4.98715e-05
 Reference value :  5.00504e-05
 Reference value :  5.02203e-05
 Reference value :  5.03810e-05
 Reference value :  5.05502e-05
 Reference value :  5.07105e-05
 Reference value :  5.08800e-05
 Reference value :  5.10305e-05
 Reference value :  5.11903e-05
 Reference value :  5.13601e-05
 Reference value :  5.15203e-05
 Reference value :  5.16902e-05
 Reference value :  5.18502e-05
 Reference value :  5.20200e-05
 Reference value :  5.21705e-05
 Reference value :  5.23316e-05
 Reference value :  5.25002e-05
 Reference value :  5.26602e-05
 Reference value :  5.28300e-05
 Reference value :  5.29902e-05
 Reference value :  5.31418e-05
 Reference value :  5.33201e-05
 Reference value :  5.35202e-05
 Reference value :  5.36802e-05
 Reference value :  5.38302e-05
 Reference value :  5.39809e-05
 Reference value :  5.41391e-05
 Reference value :  5.43107e-05
 Reference value :  5.44801e-05
 Reference value :  5.46433e-05
 Reference value :  5.48106e-05
 Reference value :  5.49900e-05
 Reference value :  5.51409e-05
 Reference value :  5.53003e-05
 Reference value :  5.54702e-05
 Reference value :  5.56217e-05
 Reference value :  5.57805e-05
 Reference value :  5.59326e-05
 Reference value :  5.60973e-05
 Reference value :  5.62504e-05
 Reference value :  5.64301e-05
 Reference value :  5.65908e-05
 Reference value :  5.67611e-05
 Reference value :  5.69203e-05
 Reference value :  5.70901e-05
 Reference value :  5.72415e-05
 Reference value :  5.74001e-05
 Reference value :  5.75506e-05
 Reference value :  5.77201e-05
 Reference value :  5.78712e-05
 Reference value :  5.80501e-05
 Reference value :  5.82003e-05
 Reference value :  5.83601e-05
 Reference value :  5.85111e-05
 Reference value :  5.86801e-05
 Reference value :  5.88302e-05
 Reference value :  5.89926e-05
 Reference value :  5.91609e-05
 Reference value :  5.93203e-05
 Reference value :  5.95011e-05
 Reference value :  5.96702e-05
 Reference value :  5.98302e-05
 Reference value :  5.99813e-05
 Reference value :  6.01501e-05
 Reference value :  6.03003e-05
 Reference value :  6.04534e-05
 Reference value :  6.06302e-05
 Reference value :  6.07901e-05
 Reference value :  6.09514e-05
 Reference value :  6.11102e-05
 Reference value :  6.12606e-05
 Reference value :  6.14108e-05
 Reference value :  6.15702e-05
 Reference value :  6.17202e-05
 Reference value :  6.18705e-05
 Reference value :  6.20403e-05
 Reference value :  6.22002e-05
 Reference value :  6.23801e-05
 Reference value :  6.25308e-05
 Reference value :  6.27001e-05
 Reference value :  6.28502e-05
 Reference value :  6.30013e-05
 Reference value :  6.31901e-05
 Reference value :  6.33600e-05
 Reference value :  6.35104e-05
 Reference value :  6.36711e-05
 Reference value :  6.38402e-05
 Reference value :  6.40010e-05
 Reference value :  6.41700e-05
 Reference value :  6.43202e-05
 Reference value :  6.45006e-05
 Reference value :  6.46604e-05
 Reference value :  6.48102e-05
 Reference value :  6.49612e-05
 Reference value :  6.51301e-05
 Reference value :  6.52906e-05
 Reference value :  6.54901e-05
 Reference value :  6.57107e-05
 Reference value :  6.58612e-05
 Reference value :  6.60301e-05
 Reference value :  6.61801e-05
 Reference value :  6.63301e-05
 Reference value :  6.64802e-05
 Reference value :  6.66170e-05
 Reference value :  6.67808e-05
 Reference value :  6.69401e-05
 Reference value :  6.70907e-05
 Reference value :  6.72420e-05
 Reference value :  6.73911e-05
 Reference value :  6.75603e-05
 Reference value :  6.77105e-05
 Reference value :  6.78704e-05
 Reference value :  6.80401e-05
 Reference value :  6.82302e-05
 Reference value :  6.84000e-05
 Reference value :  6.85502e-05
 Reference value :  6.87005e-05
 Reference value :  6.88504e-05
 Reference value :  6.90004e-05
 Reference value :  6.91902e-05
 Reference value :  6.93600e-05
 Reference value :  6.94909e-05
 Reference value :  6.96402e-05
 Reference value :  6.97902e-05
 Reference value :  6.99413e-05
 Reference value :  7.01101e-05
 Reference value :  7.02643e-05
 Reference value :  7.04401e-05
 Reference value :  7.05906e-05
 Reference value :  7.07502e-05
 Reference value :  7.09001e-05
 Reference value :  7.10501e-05
 Reference value :  7.11904e-05
 Reference value :  7.13403e-05
 Reference value :  7.14906e-05
 Reference value :  7.16505e-05
 Reference value :  7.18008e-05
 Reference value :  7.19514e-05
 Reference value :  7.21200e-05
 Reference value :  7.22701e-05
 Reference value :  7.24201e-05
 Reference value :  7.25702e-05
 Reference value :  7.27201e-05
 Reference value :  7.28701e-05
 Reference value :  7.30202e-05
 Reference value :  7.31805e-05
 Reference value :  7.33306e-05
 Reference value :  7.34803e-05
 Reference value :  7.36500e-05
 Reference value :  7.38001e-05
 Reference value :  7.39503e-05
 Reference value :  7.41102e-05
 Reference value :  7.42605e-05
 Reference value :  7.44108e-05
 Reference value :  7.45902e-05
 Reference value :  7.47701e-05
 Reference value :  7.49208e-05
 Reference value :  7.50705e-05
 Reference value :  7.52202e-05
 Reference value :  7.53705e-05
 Reference value :  7.55210e-05
 Reference value :  7.56902e-05
 Reference value :  7.58403e-05
 Reference value :  7.60006e-05
 Reference value :  7.61507e-05
 Reference value :  7.63007e-05
 Reference value :  7.64510e-05
 Reference value :  7.66008e-05
 Reference value :  7.67506e-05
 Reference value :  7.68917e-05
 Reference value :  7.70505e-05
 Reference value :  7.72019e-05
 Reference value :  7.73702e-05
 Reference value :  7.75305e-05
 Reference value :  7.76806e-05
 Reference value :  7.78304e-05
 Reference value :  7.80000e-05
 Reference value :  7.81505e-05
 Reference value :  7.83002e-05
 Reference value :  7.84501e-05
 Reference value :  7.86001e-05
 Reference value :  7.87501e-05
 Reference value :  7.89002e-05
 Reference value :  7.90605e-05
 Reference value :  7.92106e-05
 Reference value :  7.93605e-05
 Reference value :  7.95108e-05
 Reference value :  7.96606e-05
 Reference value :  7.98102e-05
 Reference value :  7.99602e-05
No. of Data Rows : 504647
t_flip              =  3.42316e-05
vos_v               =  -5.76837e-03
m_dut_vos = -5.768370000e-03
Note: Simulation executed from .control section 

Warning: m=xx on .subckt line will override multiplier m hierarchy!

