
Note: Compatibility modes selected: hs a


Circuit: * comparator-kickback @ tt_125c_3.30v -- generated by sim/harness, do not edit

Doing analysis at TEMP = 125.000000 and TNOM = 27.000000

Using SPARSE 1.3 as Direct Linear Solver

Initial Transient Solution
--------------------------

Node                                   Voltage
----                                   -------
vdd                                        3.3
cm                                        1.65
clk                                          0
sa                                  -0.0107977
asp                                     1.6446
asn                                     1.6554
apa                                     1.6446
ana                                     1.6554
ibna                                  0.988195
xa.xlayout_dut.sp__t2              1.04544e-08
xa.xlayout_dut.qp__t6                      3.3
xa.xlayout_dut.vss__t17            6.34144e-11
xa.xlayout_dut.vss__t2             7.72938e-19
xa.xlayout_dut.dout__t3                1.63229
xa.xlayout_dut.sp__t3              1.05958e-08
xa.xlayout_dut.vss__t25            1.18308e-10
xa.xlayout_dut.vss__t3             2.09032e-11
xa.xlayout_dut.dout__t2                1.62594
xa.xlayout_dut.doutb__t0               1.63515
xa.xlayout_dut.vss__t24             0.00180469
xa.xlayout_dut.vss__t4              2.2112e-11
xa.xlayout_dut.ibias__t0              0.986917
xa.xlayout_dut.ibias__t1              0.988195
xa.xlayout_dut.vss__t20            0.000254896
xa.xlayout_dut.vss__t8             3.79977e-11
xa.xlayout_dut.sn__t2              1.04542e-08
xa.xlayout_dut.qn__t6                      3.3
xa.xlayout_dut.vss__t23            6.32964e-11
xa.xlayout_dut.vss__t5             7.71482e-19
xa.xlayout_dut.doutb__t1               1.63515
xa.xlayout_dut.sn__t3              1.06687e-08
xa.xlayout_dut.vss__t22            1.18193e-10
xa.xlayout_dut.vss__t6             2.09074e-11
xa.xlayout_dut.doutb__t4                1.6294
xa.xlayout_dut.dout__t4                1.63229
xa.xlayout_dut.vss__t21             0.00179505
xa.xlayout_dut.vss__t7             2.21333e-11
xa.xlayout_dut.qn__t4                      3.3
xa.xlayout_dut.qp__t0                      3.3
xa.xlayout_dut.mn__t0                      3.3
xa.xlayout_dut.vss__t9             5.10448e-11
xa.xlayout_dut.mn__t1                      3.3
xa.xlayout_dut.aop__t2                  2.0662
xa.xlayout_dut.ltail__t0               1.68661
xa.xlayout_dut.vss__t11            3.89758e-11
xa.xlayout_dut.atail__t0              0.751552
xa.xlayout_dut.ibias__t2              0.988195
xa.xlayout_dut.vss__t19            0.000493307
xa.xlayout_dut.vss__t13             4.1844e-11
xa.xlayout_dut.qp__t1                      3.3
xa.xlayout_dut.qn__t5                      3.3
xa.xlayout_dut.mp__t2                      3.3
xa.xlayout_dut.vss__t10            5.11366e-11
xa.xlayout_dut.ltail__t1               1.68661
xa.xlayout_dut.clk__t2                       0
xa.xlayout_dut.vss__t18            4.30157e-10
xa.xlayout_dut.vss__t14            1.70724e-11
xa.xlayout_dut.mp__t1                      3.3
xa.xlayout_dut.aon__t0                 2.21082
xa.xlayout_dut.ltail__t2               1.68661
xa.xlayout_dut.vss__t12            3.93702e-11
xa.xlayout_dut.aon__t1                 2.21006
xa.xlayout_dut.vinp__t0                 1.6446
xa.xlayout_dut.atail__t1              0.752147
xa.xlayout_dut.vss__t15            4.50091e-10
xa.xlayout_dut.aop__t1                 2.06488
xa.xlayout_dut.vinn__t0                 1.6554
xa.xlayout_dut.atail__t2              0.752409
xa.xlayout_dut.vss__t16            2.27202e-10
xa.xlayout_dut.mn__t2                      3.3
xa.xlayout_dut.clk__t0                       0
xa.xlayout_dut.vdd__t0                     3.3
xa.xlayout_dut.vdd__t1                     3.3
xa.xlayout_dut.qn__t1                      3.3
xa.xlayout_dut.clk__t1                       0
xa.xlayout_dut.vdd__t2                     3.3
xa.xlayout_dut.vdd__t3                     3.3
xa.xlayout_dut.sp__t0              1.09056e-08
xa.xlayout_dut.qp__t2                      3.3
xa.xlayout_dut.vdd__t4                     3.3
xa.xlayout_dut.vdd__t5                     3.3
xa.xlayout_dut.mp__t0                      3.3
xa.xlayout_dut.clk__t4                       0
xa.xlayout_dut.vdd__t21                    3.3
xa.xlayout_dut.vdd__t20                    3.3
xa.xlayout_dut.qn__t0                      3.3
xa.xlayout_dut.qp__t3                      3.3
xa.xlayout_dut.vdd__t6                     3.3
xa.xlayout_dut.vdd__t7                     3.3
xa.xlayout_dut.qp__t4                      3.3
xa.xlayout_dut.clk__t3                       0
xa.xlayout_dut.vdd__t19                    3.3
xa.xlayout_dut.vdd__t18                    3.3
xa.xlayout_dut.na__t1                  3.15238
xa.xlayout_dut.sp__t1              1.05958e-08
xa.xlayout_dut.vdd__t23                3.29756
xa.xlayout_dut.vdd__t8                     3.3
xa.xlayout_dut.dout__t0                1.63694
xa.xlayout_dut.doutb__t2               1.63515
xa.xlayout_dut.na__t0                  3.15011
xa.xlayout_dut.vdd__t13                    3.3
xa.xlayout_dut.sn__t0              1.10057e-08
xa.xlayout_dut.qn__t3                      3.3
xa.xlayout_dut.vdd__t17                    3.3
xa.xlayout_dut.vdd__t16                    3.3
xa.xlayout_dut.qp__t5                      3.3
xa.xlayout_dut.qn__t2                      3.3
xa.xlayout_dut.vdd__t15                    3.3
xa.xlayout_dut.vdd__t14                    3.3
xa.xlayout_dut.nb__t1                   3.1528
xa.xlayout_dut.sn__t1              1.06687e-08
xa.xlayout_dut.vdd__t22                3.29736
xa.xlayout_dut.vdd__t12                    3.3
xa.xlayout_dut.doutb__t3               1.64765
xa.xlayout_dut.dout__t1                1.63229
xa.xlayout_dut.nb__t0                  3.14696
xa.xlayout_dut.vdd__t11                    3.3
xa.xlayout_dut.aon__t2                 2.21112
xa.xlayout_dut.x$28.11                 2.21165
xa.xlayout_dut.vss__t0                       0
xa.xlayout_dut.x$28.21                 3.29827
xa.xlayout_dut.vdd__t10                3.29879
xa.xlayout_dut.aop__t0                 2.06657
xa.xlayout_dut.x$29.11                 2.06717
xa.xlayout_dut.vss__t1                       0
xa.xlayout_dut.x$29.21                 3.29886
xa.xlayout_dut.vdd__t9                 3.29946
xa.xlayout_dut.aon                     2.21082
vsubs                                        0
xa.xlayout_dut.aop                      2.0662
xa.xlayout_dut.atail                  0.752048
douta                                  1.63229
doutba                                 1.63515
xa.xlayout_dut.ltail                   1.68661
xa.xlayout_dut.mn                          3.3
xa.xlayout_dut.mp                          3.3
xa.xlayout_dut.na                      3.15125
xa.xlayout_dut.nb                      3.14988
xa.xlayout_dut.qn                          3.3
xa.xlayout_dut.qp                          3.3
xa.xlayout_dut.sn                  1.06687e-08
xa.xlayout_dut.sp                  1.05958e-08
sb                                  -0.0107977
bsp                                     1.6446
bsn                                     1.6554
bpp                                     1.6446
bpn                                     1.6554
ibnb                                  0.988195
xb.xlayout_dut.sp__t2              1.04544e-08
xb.xlayout_dut.qp__t6                      3.3
xb.xlayout_dut.vss__t17            6.34144e-11
xb.xlayout_dut.vss__t2             7.72938e-19
xb.xlayout_dut.dout__t3                1.63229
xb.xlayout_dut.sp__t3              1.05958e-08
xb.xlayout_dut.vss__t25            1.18308e-10
xb.xlayout_dut.vss__t3             2.09032e-11
xb.xlayout_dut.dout__t2                1.62594
xb.xlayout_dut.doutb__t0               1.63515
xb.xlayout_dut.vss__t24             0.00180469
xb.xlayout_dut.vss__t4              2.2112e-11
xb.xlayout_dut.ibias__t0              0.986917
xb.xlayout_dut.ibias__t1              0.988195
xb.xlayout_dut.vss__t20            0.000254896
xb.xlayout_dut.vss__t8             3.79977e-11
xb.xlayout_dut.sn__t2              1.04542e-08
xb.xlayout_dut.qn__t6                      3.3
xb.xlayout_dut.vss__t23            6.32964e-11
xb.xlayout_dut.vss__t5             7.71482e-19
xb.xlayout_dut.doutb__t1               1.63515
xb.xlayout_dut.sn__t3              1.06687e-08
xb.xlayout_dut.vss__t22            1.18193e-10
xb.xlayout_dut.vss__t6             2.09074e-11
xb.xlayout_dut.doutb__t4                1.6294
xb.xlayout_dut.dout__t4                1.63229
xb.xlayout_dut.vss__t21             0.00179505
xb.xlayout_dut.vss__t7             2.21333e-11
xb.xlayout_dut.qn__t4                      3.3
xb.xlayout_dut.qp__t0                      3.3
xb.xlayout_dut.mn__t0                      3.3
xb.xlayout_dut.vss__t9             5.10448e-11
xb.xlayout_dut.mn__t1                      3.3
xb.xlayout_dut.aop__t2                  2.0662
xb.xlayout_dut.ltail__t0               1.68661
xb.xlayout_dut.vss__t11            3.89758e-11
xb.xlayout_dut.atail__t0              0.751552
xb.xlayout_dut.ibias__t2              0.988195
xb.xlayout_dut.vss__t19            0.000493307
xb.xlayout_dut.vss__t13             4.1844e-11
xb.xlayout_dut.qp__t1                      3.3
xb.xlayout_dut.qn__t5                      3.3
xb.xlayout_dut.mp__t2                      3.3
xb.xlayout_dut.vss__t10            5.11366e-11
xb.xlayout_dut.ltail__t1               1.68661
xb.xlayout_dut.clk__t2                       0
xb.xlayout_dut.vss__t18            4.30157e-10
xb.xlayout_dut.vss__t14            1.70724e-11
xb.xlayout_dut.mp__t1                      3.3
xb.xlayout_dut.aon__t0                 2.21082
xb.xlayout_dut.ltail__t2               1.68661
xb.xlayout_dut.vss__t12            3.93702e-11
xb.xlayout_dut.aon__t1                 2.21006
xb.xlayout_dut.vinp__t0                 1.6446
xb.xlayout_dut.atail__t1              0.752147
xb.xlayout_dut.vss__t15            4.49967e-10
xb.xlayout_dut.aop__t1                 2.06488
xb.xlayout_dut.vinn__t0                 1.6554
xb.xlayout_dut.atail__t2              0.752409
xb.xlayout_dut.vss__t16            2.27173e-10
xb.xlayout_dut.mn__t2                      3.3
xb.xlayout_dut.clk__t0                       0
xb.xlayout_dut.vdd__t0                     3.3
xb.xlayout_dut.vdd__t1                     3.3
xb.xlayout_dut.qn__t1                      3.3
xb.xlayout_dut.clk__t1                       0
xb.xlayout_dut.vdd__t2                     3.3
xb.xlayout_dut.vdd__t3                     3.3
xb.xlayout_dut.sp__t0              1.09056e-08
xb.xlayout_dut.qp__t2                      3.3
xb.xlayout_dut.vdd__t4                     3.3
xb.xlayout_dut.vdd__t5                     3.3
xb.xlayout_dut.mp__t0                      3.3
xb.xlayout_dut.clk__t4                       0
xb.xlayout_dut.vdd__t21                    3.3
xb.xlayout_dut.vdd__t20                    3.3
xb.xlayout_dut.qn__t0                      3.3
xb.xlayout_dut.qp__t3                      3.3
xb.xlayout_dut.vdd__t6                     3.3
xb.xlayout_dut.vdd__t7                     3.3
xb.xlayout_dut.qp__t4                      3.3
xb.xlayout_dut.clk__t3                       0
xb.xlayout_dut.vdd__t19                    3.3
xb.xlayout_dut.vdd__t18                    3.3
xb.xlayout_dut.na__t1                  3.15238
xb.xlayout_dut.sp__t1              1.05958e-08
xb.xlayout_dut.vdd__t23                3.29756
xb.xlayout_dut.vdd__t8                     3.3
xb.xlayout_dut.dout__t0                1.63694
xb.xlayout_dut.doutb__t2               1.63515
xb.xlayout_dut.na__t0                  3.15011
xb.xlayout_dut.vdd__t13                    3.3
xb.xlayout_dut.sn__t0              1.10057e-08
xb.xlayout_dut.qn__t3                      3.3
xb.xlayout_dut.vdd__t17                    3.3
xb.xlayout_dut.vdd__t16                    3.3
xb.xlayout_dut.qp__t5                      3.3
xb.xlayout_dut.qn__t2                      3.3
xb.xlayout_dut.vdd__t15                    3.3
xb.xlayout_dut.vdd__t14                    3.3
xb.xlayout_dut.nb__t1                   3.1528
xb.xlayout_dut.sn__t1              1.06687e-08
xb.xlayout_dut.vdd__t22                3.29736
xb.xlayout_dut.vdd__t12                    3.3
xb.xlayout_dut.doutb__t3               1.64765
xb.xlayout_dut.dout__t1                1.63229
xb.xlayout_dut.nb__t0                  3.14696
xb.xlayout_dut.vdd__t11                    3.3
xb.xlayout_dut.aon__t2                 2.21112
xb.xlayout_dut.x$28.11                 2.21165
xb.xlayout_dut.vss__t0                       0
xb.xlayout_dut.x$28.21                 3.29827
xb.xlayout_dut.vdd__t10                3.29879
xb.xlayout_dut.aop__t0                 2.06657
xb.xlayout_dut.x$29.11                 2.06717
xb.xlayout_dut.vss__t1                       0
xb.xlayout_dut.x$29.21                 3.29886
xb.xlayout_dut.vdd__t9                 3.29946
xb.xlayout_dut.aon                     2.21082
xb.xlayout_dut.aop                      2.0662
xb.xlayout_dut.atail                  0.752047
doutb                                  1.63229
doutbb                                 1.63515
xb.xlayout_dut.ltail                   1.68661
xb.xlayout_dut.mn                          3.3
xb.xlayout_dut.mp                          3.3
xb.xlayout_dut.na                      3.15125
xb.xlayout_dut.nb                      3.14988
xb.xlayout_dut.qn                          3.3
xb.xlayout_dut.qp                          3.3
xb.xlayout_dut.sn                  1.06687e-08
xb.xlayout_dut.sp                  1.05958e-08
sc                                   0.0882023
csp                                     1.6941
csn                                     1.6059
cpp                                     1.6941
cpn                                     1.6059
ibnc                                  0.988195
xc.xlayout_dut.sp__t2              1.04544e-08
xc.xlayout_dut.qp__t6                      3.3
xc.xlayout_dut.vss__t17            6.34144e-11
xc.xlayout_dut.vss__t2             7.72938e-19
xc.xlayout_dut.dout__t3                1.63229
xc.xlayout_dut.sp__t3              1.05958e-08
xc.xlayout_dut.vss__t25            1.18308e-10
xc.xlayout_dut.vss__t3             2.09032e-11
xc.xlayout_dut.dout__t2                1.62594
xc.xlayout_dut.doutb__t0               1.63515
xc.xlayout_dut.vss__t24             0.00180469
xc.xlayout_dut.vss__t4              2.2112e-11
xc.xlayout_dut.ibias__t0              0.986917
xc.xlayout_dut.ibias__t1              0.988195
xc.xlayout_dut.vss__t20            0.000254896
xc.xlayout_dut.vss__t8             3.79977e-11
xc.xlayout_dut.sn__t2              1.04542e-08
xc.xlayout_dut.qn__t6                      3.3
xc.xlayout_dut.vss__t23            6.32964e-11
xc.xlayout_dut.vss__t5             7.71482e-19
xc.xlayout_dut.doutb__t1               1.63515
xc.xlayout_dut.sn__t3              1.06687e-08
xc.xlayout_dut.vss__t22            1.18193e-10
xc.xlayout_dut.vss__t6             2.09074e-11
xc.xlayout_dut.doutb__t4                1.6294
xc.xlayout_dut.dout__t4                1.63229
xc.xlayout_dut.vss__t21             0.00179505
xc.xlayout_dut.vss__t7             2.21333e-11
xc.xlayout_dut.qn__t4                      3.3
xc.xlayout_dut.qp__t0                      3.3
xc.xlayout_dut.mn__t0                      3.3
xc.xlayout_dut.vss__t9             5.10448e-11
xc.xlayout_dut.mn__t1                      3.3
xc.xlayout_dut.aop__t2                 2.71539
xc.xlayout_dut.ltail__t0               2.10108
xc.xlayout_dut.vss__t11            4.14543e-11
xc.xlayout_dut.atail__t0              0.757767
xc.xlayout_dut.ibias__t2              0.988195
xc.xlayout_dut.vss__t19            0.000493339
xc.xlayout_dut.vss__t13            4.19963e-11
xc.xlayout_dut.qp__t1                      3.3
xc.xlayout_dut.qn__t5                      3.3
xc.xlayout_dut.mp__t2                      3.3
xc.xlayout_dut.vss__t10            5.11366e-11
xc.xlayout_dut.ltail__t1               2.10108
xc.xlayout_dut.clk__t2                       0
xc.xlayout_dut.vss__t18            4.51931e-10
xc.xlayout_dut.vss__t14            1.94265e-11
xc.xlayout_dut.mp__t1                      3.3
xc.xlayout_dut.aon__t0                 1.56094
xc.xlayout_dut.ltail__t2               2.10108
xc.xlayout_dut.vss__t12            4.18699e-11
xc.xlayout_dut.aon__t1                 1.55972
xc.xlayout_dut.vinp__t0                 1.6941
xc.xlayout_dut.atail__t1              0.758422
xc.xlayout_dut.vss__t15            1.83165e-10
xc.xlayout_dut.aop__t1                 2.71477
xc.xlayout_dut.vinn__t0                 1.6059
xc.xlayout_dut.atail__t2              0.758434
xc.xlayout_dut.vss__t16            2.38021e-08
xc.xlayout_dut.mn__t2                      3.3
xc.xlayout_dut.clk__t0                       0
xc.xlayout_dut.vdd__t0                     3.3
xc.xlayout_dut.vdd__t1                     3.3
xc.xlayout_dut.qn__t1                      3.3
xc.xlayout_dut.clk__t1                       0
xc.xlayout_dut.vdd__t2                     3.3
xc.xlayout_dut.vdd__t3                     3.3
xc.xlayout_dut.sp__t0              1.09056e-08
xc.xlayout_dut.qp__t2                      3.3
xc.xlayout_dut.vdd__t4                     3.3
xc.xlayout_dut.vdd__t5                     3.3
xc.xlayout_dut.mp__t0                      3.3
xc.xlayout_dut.clk__t4                       0
xc.xlayout_dut.vdd__t21                    3.3
xc.xlayout_dut.vdd__t20                    3.3
xc.xlayout_dut.qn__t0                      3.3
xc.xlayout_dut.qp__t3                      3.3
xc.xlayout_dut.vdd__t6                     3.3
xc.xlayout_dut.vdd__t7                     3.3
xc.xlayout_dut.qp__t4                      3.3
xc.xlayout_dut.clk__t3                       0
xc.xlayout_dut.vdd__t19                    3.3
xc.xlayout_dut.vdd__t18                    3.3
xc.xlayout_dut.na__t1                  3.15238
xc.xlayout_dut.sp__t1              1.05958e-08
xc.xlayout_dut.vdd__t23                3.29756
xc.xlayout_dut.vdd__t8                     3.3
xc.xlayout_dut.dout__t0                1.63694
xc.xlayout_dut.doutb__t2               1.63515
xc.xlayout_dut.na__t0                  3.15011
xc.xlayout_dut.vdd__t13                    3.3
xc.xlayout_dut.sn__t0              1.10057e-08
xc.xlayout_dut.qn__t3                      3.3
xc.xlayout_dut.vdd__t17                    3.3
xc.xlayout_dut.vdd__t16                    3.3
xc.xlayout_dut.qp__t5                      3.3
xc.xlayout_dut.qn__t2                      3.3
xc.xlayout_dut.vdd__t15                    3.3
xc.xlayout_dut.vdd__t14                    3.3
xc.xlayout_dut.nb__t1                   3.1528
xc.xlayout_dut.sn__t1              1.06687e-08
xc.xlayout_dut.vdd__t22                3.29736
xc.xlayout_dut.vdd__t12                    3.3
xc.xlayout_dut.doutb__t3               1.64765
xc.xlayout_dut.dout__t1                1.63229
xc.xlayout_dut.nb__t0                  3.14696
xc.xlayout_dut.vdd__t11                    3.3
xc.xlayout_dut.aon__t2                 1.56143
xc.xlayout_dut.x$28.11                 1.56227
xc.xlayout_dut.vss__t0                       0
xc.xlayout_dut.x$28.21                 3.29723
xc.xlayout_dut.vdd__t10                3.29807
xc.xlayout_dut.aop__t0                 2.71557
xc.xlayout_dut.x$29.11                 2.71585
xc.xlayout_dut.vss__t1                       0
xc.xlayout_dut.x$29.21                 3.29946
xc.xlayout_dut.vdd__t9                 3.29974
xc.xlayout_dut.aon                     1.56094
xc.xlayout_dut.aop                     2.71539
xc.xlayout_dut.atail                  0.758263
doutc                                  1.63229
doutbc                                 1.63515
xc.xlayout_dut.ltail                   2.10108
xc.xlayout_dut.mn                          3.3
xc.xlayout_dut.mp                          3.3
xc.xlayout_dut.na                      3.15125
xc.xlayout_dut.nb                      3.14988
xc.xlayout_dut.qn                          3.3
xc.xlayout_dut.qp                          3.3
xc.xlayout_dut.sn                  1.06687e-08
xc.xlayout_dut.sp                  1.05958e-08
ad                                -2.22045e-15
bd                                  -0.0107977
cd                                   0.0882023
bc                                  2.7682e-10
dan                                   0.494632
dbn                                   0.494632
dcn                                   0.494632
bdcn#branch                                  0
bdbn#branch                                  0
bdan#branch                                  0
bbc#branch                                   0
bcd#branch                                   0
bbd#branch                                   0
bad#branch                                   0
ecsn#branch                        2.69421e-19
ecsp#branch                        2.84219e-19
ebsn#branch                        2.77725e-19
ebsp#branch                        2.75914e-19
easn#branch                       -2.16343e-18
easp#branch                       -2.14111e-18
vsc#branch                                   0
vsb#branch                                   0
vsa#branch                                   0
vclk#branch                                  0
vcm#branch                        -3.19726e-18
vsup#branch                        -0.00100808

 Reference value :  6.36400e-10
 Reference value :  3.65140e-09
 Reference value :  6.66140e-09
 Reference value :  9.58640e-09
 Reference value :  1.23264e-08
 Reference value :  1.51214e-08
 Reference value :  1.79464e-08
 Reference value :  2.06764e-08
 Reference value :  2.34764e-08
 Reference value :  2.62614e-08
 Reference value :  2.93414e-08
 Reference value :  3.18927e-08
 Reference value :  3.46577e-08
 Reference value :  3.75127e-08
 Reference value :  4.02005e-08
 Reference value :  4.28764e-08
 Reference value :  4.56464e-08
 Reference value :  4.84114e-08
 Reference value :  5.11164e-08
 Reference value :  5.40864e-08
 Reference value :  5.68114e-08
 Reference value :  5.95114e-08
No. of Data Rows : 12039
ad_pos              =  8.81399e-03 at=  4.05564e-08
ad_neg              =  -9.90539e-03 at=  4.02000e-08
ap0                 =  1.64460e+00
apmax               =  1.65342e+00 at=  4.05564e-08
apmin               =  1.63470e+00 at=  4.02000e-08
bd0                 =  -1.07976e-02
bd1                 =  -1.07958e-02
cd0                 =  8.82028e-02
cd1                 =  8.81456e-02
bc0                 =  -7.30600e-06
bc1                 =  1.62742e-04
bp0                 =  1.64459e+00
bn0                 =  1.65539e+00
bp1                 =  1.64476e+00
bn1                 =  1.65556e+00
da_end              =  9.99989e-01
db_end              =  9.99989e-01
dc_end              =  9.99989e-01
m_kick_1k_peak_mv = 9.9053880000e+00
m_kick_1k_pos_mv = 8.8139910000e+00
m_kick_1k_neg_mv = -9.905388000e+00
m_kick_1k_raw_mv = 9.9050000000e+00
m_kick_resid_small_nv = 1.7600000000e+03
m_kick_resid_big_nv = -5.722000000e+04
m_kick_sigdep_nv = 5.8980000000e+04
m_kick_cm_nv = 1.7004760000e+05
m_kick_resid_raw_uv = 1.0000000001e+00
m_q_resid_small_ac = 1.7600000000e+00
m_dout_1k_end = 9.9998870000e-01
m_dout_float_small_end = 9.9998870000e-01
m_dout_float_big_end = 9.9998870000e-01
Note: Simulation executed from .control section 

Warning: m=xx on .subckt line will override multiplier m hierarchy!

Note: Starting dynamic gmin stepping
Note: Dynamic gmin stepping completed
