
Note: Compatibility modes selected: hs a


Circuit: * comparator-kickback-vosprobe @ tt_125c_3.63v -- generated by sim/harness, do not edit

Doing analysis at TEMP = 125.000000 and TNOM = 27.000000

Using SPARSE 1.3 as Direct Linear Solver

Initial Transient Solution
--------------------------

Node                                   Voltage
----                                   -------
vdd                                       3.63
cm                                        1.65
clk                                          0
rmp                                      -0.04
vp                                        1.63
vn                                        1.67
ibn                                   0.988195
xdut.xlayout_dut.sp__t2             1.1345e-08
xdut.xlayout_dut.qp__t6                   3.63
xdut.xlayout_dut.vss__t17           7.2899e-11
xdut.xlayout_dut.vss__t2           8.39089e-19
xdut.xlayout_dut.dout__t3              1.80724
xdut.xlayout_dut.sp__t3            1.15076e-08
xdut.xlayout_dut.vss__t25          1.20914e-10
xdut.xlayout_dut.vss__t3           2.28664e-11
xdut.xlayout_dut.dout__t2              1.79914
xdut.xlayout_dut.doutb__t0             1.81094
xdut.xlayout_dut.vss__t24           0.00230378
xdut.xlayout_dut.vss__t4           2.46062e-11
xdut.xlayout_dut.ibias__t0            0.986917
xdut.xlayout_dut.ibias__t1            0.988195
xdut.xlayout_dut.vss__t20          0.000254896
xdut.xlayout_dut.vss__t8           3.79977e-11
xdut.xlayout_dut.sn__t2            1.13449e-08
xdut.xlayout_dut.qn__t6                   3.63
xdut.xlayout_dut.vss__t23          7.27633e-11
xdut.xlayout_dut.vss__t5           8.37507e-19
xdut.xlayout_dut.doutb__t1             1.81094
xdut.xlayout_dut.sn__t3            1.15915e-08
xdut.xlayout_dut.vss__t22          1.20808e-10
xdut.xlayout_dut.vss__t6           2.28776e-11
xdut.xlayout_dut.doutb__t4             1.80361
xdut.xlayout_dut.dout__t4              1.80724
xdut.xlayout_dut.vss__t21           0.00229074
xdut.xlayout_dut.vss__t7           2.47162e-11
xdut.xlayout_dut.qn__t4                   3.63
xdut.xlayout_dut.qp__t0                   3.63
xdut.xlayout_dut.mn__t0                   3.63
xdut.xlayout_dut.vss__t9           5.53769e-11
xdut.xlayout_dut.mn__t1                   3.63
xdut.xlayout_dut.aop__t2               2.19692
xdut.xlayout_dut.ltail__t0             2.12306
xdut.xlayout_dut.vss__t11          4.35593e-11
xdut.xlayout_dut.atail__t0            0.753084
xdut.xlayout_dut.ibias__t2            0.988195
xdut.xlayout_dut.vss__t19          0.000493315
xdut.xlayout_dut.vss__t13          4.18815e-11
xdut.xlayout_dut.qp__t1                   3.63
xdut.xlayout_dut.qn__t5                   3.63
xdut.xlayout_dut.mp__t2                   3.63
xdut.xlayout_dut.vss__t10          5.54765e-11
xdut.xlayout_dut.ltail__t1             2.12306
xdut.xlayout_dut.clk__t2                     0
xdut.xlayout_dut.vss__t18           4.5309e-10
xdut.xlayout_dut.vss__t14          1.95614e-11
xdut.xlayout_dut.mp__t1                   3.63
xdut.xlayout_dut.aon__t0                  2.74
xdut.xlayout_dut.ltail__t2             2.12306
xdut.xlayout_dut.vss__t12          4.39974e-11
xdut.xlayout_dut.aon__t1               2.73938
xdut.xlayout_dut.vinp__t0                 1.63
xdut.xlayout_dut.atail__t1            0.753661
xdut.xlayout_dut.vss__t15          3.88658e-08
xdut.xlayout_dut.aop__t1               2.19538
xdut.xlayout_dut.vinn__t0                 1.67
xdut.xlayout_dut.atail__t2               0.754
xdut.xlayout_dut.vss__t16          4.21127e-10
xdut.xlayout_dut.mn__t2                   3.63
xdut.xlayout_dut.clk__t0                     0
xdut.xlayout_dut.vdd__t0                  3.63
xdut.xlayout_dut.vdd__t1                  3.63
xdut.xlayout_dut.qn__t1                   3.63
xdut.xlayout_dut.clk__t1                     0
xdut.xlayout_dut.vdd__t2                  3.63
xdut.xlayout_dut.vdd__t3                  3.63
xdut.xlayout_dut.sp__t0            1.18638e-08
xdut.xlayout_dut.qp__t2                   3.63
xdut.xlayout_dut.vdd__t4                  3.63
xdut.xlayout_dut.vdd__t5                  3.63
xdut.xlayout_dut.mp__t0                   3.63
xdut.xlayout_dut.clk__t4                     0
xdut.xlayout_dut.vdd__t21                 3.63
xdut.xlayout_dut.vdd__t20                 3.63
xdut.xlayout_dut.qn__t0                   3.63
xdut.xlayout_dut.qp__t3                   3.63
xdut.xlayout_dut.vdd__t6                  3.63
xdut.xlayout_dut.vdd__t7                  3.63
xdut.xlayout_dut.qp__t4                   3.63
xdut.xlayout_dut.clk__t3                     0
xdut.xlayout_dut.vdd__t19                 3.63
xdut.xlayout_dut.vdd__t18                 3.63
xdut.xlayout_dut.na__t1                3.45428
xdut.xlayout_dut.sp__t1            1.15076e-08
xdut.xlayout_dut.vdd__t23              3.62688
xdut.xlayout_dut.vdd__t8                  3.63
xdut.xlayout_dut.dout__t0              1.81318
xdut.xlayout_dut.doutb__t2             1.81094
xdut.xlayout_dut.na__t0                3.45138
xdut.xlayout_dut.vdd__t13                 3.63
xdut.xlayout_dut.sn__t0            1.19788e-08
xdut.xlayout_dut.qn__t3                   3.63
xdut.xlayout_dut.vdd__t17                 3.63
xdut.xlayout_dut.vdd__t16                 3.63
xdut.xlayout_dut.qp__t5                   3.63
xdut.xlayout_dut.qn__t2                   3.63
xdut.xlayout_dut.vdd__t15                 3.63
xdut.xlayout_dut.vdd__t14                 3.63
xdut.xlayout_dut.nb__t1                3.45482
xdut.xlayout_dut.sn__t1            1.15915e-08
xdut.xlayout_dut.vdd__t22              3.62663
xdut.xlayout_dut.vdd__t12                 3.63
xdut.xlayout_dut.doutb__t3             1.82689
xdut.xlayout_dut.dout__t1              1.80724
xdut.xlayout_dut.nb__t0                3.44736
xdut.xlayout_dut.vdd__t11                 3.63
xdut.xlayout_dut.aon__t2               2.74025
xdut.xlayout_dut.x$28.11               2.74068
xdut.xlayout_dut.vss__t0                     0
xdut.xlayout_dut.x$28.21               3.62858
xdut.xlayout_dut.vdd__t10              3.62901
xdut.xlayout_dut.aop__t0               2.19735
xdut.xlayout_dut.x$29.11               2.19804
xdut.xlayout_dut.vss__t1                     0
xdut.xlayout_dut.x$29.21               3.62868
xdut.xlayout_dut.vdd__t9               3.62937
xdut.xlayout_dut.aon                      2.74
vsubs                                        0
xdut.xlayout_dut.aop                   2.19692
xdut.xlayout_dut.atail                 0.75358
dout                                   1.80724
doutb                                  1.81094
xdut.xlayout_dut.ltail                 2.12306
xdut.xlayout_dut.mn                       3.63
xdut.xlayout_dut.mp                       3.63
xdut.xlayout_dut.na                    3.45283
xdut.xlayout_dut.nb                    3.45109
xdut.xlayout_dut.qn                       3.63
xdut.xlayout_dut.qp                       3.63
xdut.xlayout_dut.sn                1.15915e-08
xdut.xlayout_dut.sp                1.15076e-08
dn                                    0.497862
bdn#branch                                   0
bnn#branch                         1.17161e-18
bpp#branch                          3.4199e-19
vrmp#branch                                  0
vclk#branch                                  0
vcm#branch                                   0
vsup#branch                       -0.000420561

 Reference value :  1.20075e-07
 Reference value :  2.80965e-07
 Reference value :  4.80000e-07
 Reference value :  6.41912e-07
 Reference value :  8.41888e-07
 Reference value :  1.02026e-06
 Reference value :  1.20014e-06
 Reference value :  1.39110e-06
 Reference value :  1.57010e-06
 Reference value :  1.74032e-06
 Reference value :  1.92000e-06
 Reference value :  2.08084e-06
 Reference value :  2.28010e-06
 Reference value :  2.46009e-06
 Reference value :  2.64019e-06
 Reference value :  2.80096e-06
 Reference value :  2.97115e-06
 Reference value :  3.15068e-06
 Reference value :  3.34021e-06
 Reference value :  3.51130e-06
 Reference value :  3.69001e-06
 Reference value :  3.85075e-06
 Reference value :  4.03024e-06
 Reference value :  4.21099e-06
 Reference value :  4.39021e-06
 Reference value :  4.57095e-06
 Reference value :  4.75020e-06
 Reference value :  4.92018e-06
 Reference value :  5.08067e-06
 Reference value :  5.25014e-06
 Reference value :  5.43012e-06
 Reference value :  5.59201e-06
 Reference value :  5.77061e-06
 Reference value :  5.94117e-06
 Reference value :  6.13027e-06
 Reference value :  6.31069e-06
 Reference value :  6.48036e-06
 Reference value :  6.66050e-06
 Reference value :  6.84001e-06
 Reference value :  7.02012e-06
 Reference value :  7.22042e-06
 Reference value :  7.39049e-06
 Reference value :  7.56176e-06
 Reference value :  7.74016e-06
 Reference value :  7.92009e-06
 Reference value :  8.08052e-06
 Reference value :  8.28009e-06
 Reference value :  8.44124e-06
 Reference value :  8.64124e-06
 Reference value :  8.82093e-06
 Reference value :  9.01012e-06
 Reference value :  9.18259e-06
 Reference value :  9.36049e-06
 Reference value :  9.52094e-06
 Reference value :  9.69053e-06
 Reference value :  9.85108e-06
 Reference value :  1.00203e-05
 Reference value :  1.02003e-05
 Reference value :  1.03607e-05
 Reference value :  1.05305e-05
 Reference value :  1.07100e-05
 Reference value :  1.08717e-05
 Reference value :  1.10502e-05
 Reference value :  1.12205e-05
 Reference value :  1.14002e-05
 Reference value :  1.15611e-05
 Reference value :  1.17600e-05
 Reference value :  1.19401e-05
 Reference value :  1.21027e-05
 Reference value :  1.22810e-05
 Reference value :  1.24609e-05
 Reference value :  1.26401e-05
 Reference value :  1.28110e-05
 Reference value :  1.29902e-05
 Reference value :  1.31705e-05
 Reference value :  1.33803e-05
 Reference value :  1.35602e-05
 Reference value :  1.37220e-05
 Reference value :  1.39001e-05
 Reference value :  1.40703e-05
 Reference value :  1.42501e-05
 Reference value :  1.44303e-05
 Reference value :  1.46100e-05
 Reference value :  1.47901e-05
 Reference value :  1.49507e-05
 Reference value :  1.51216e-05
 Reference value :  1.53000e-05
 Reference value :  1.54614e-05
 Reference value :  1.56401e-05
 Reference value :  1.58101e-05
 Reference value :  1.59714e-05
 Reference value :  1.61505e-05
 Reference value :  1.63221e-05
 Reference value :  1.65000e-05
 Reference value :  1.66602e-05
 Reference value :  1.68307e-05
 Reference value :  1.70102e-05
 Reference value :  1.71878e-05
 Reference value :  1.73505e-05
 Reference value :  1.75310e-05
 Reference value :  1.77016e-05
 Reference value :  1.78901e-05
 Reference value :  1.80702e-05
 Reference value :  1.82501e-05
 Reference value :  1.84025e-05
 Reference value :  1.85809e-05
 Reference value :  1.87601e-05
 Reference value :  1.89405e-05
 Reference value :  1.91509e-05
 Reference value :  1.93501e-05
 Reference value :  1.95102e-05
 Reference value :  1.96801e-05
 Reference value :  1.98409e-05
 Reference value :  2.00202e-05
 Reference value :  2.01903e-05
 Reference value :  2.03700e-05
 Reference value :  2.05302e-05
 Reference value :  2.06811e-05
 Reference value :  2.08601e-05
 Reference value :  2.10301e-05
 Reference value :  2.11902e-05
 Reference value :  2.13702e-05
 Reference value :  2.15401e-05
 Reference value :  2.17005e-05
 Reference value :  2.18701e-05
 Reference value :  2.20303e-05
 Reference value :  2.22006e-05
 Reference value :  2.23808e-05
 Reference value :  2.25601e-05
 Reference value :  2.27206e-05
 Reference value :  2.28902e-05
 Reference value :  2.30701e-05
 Reference value :  2.32301e-05
 Reference value :  2.34001e-05
 Reference value :  2.35602e-05
 Reference value :  2.37307e-05
 Reference value :  2.38905e-05
 Reference value :  2.40610e-05
 Reference value :  2.42210e-05
 Reference value :  2.43902e-05
 Reference value :  2.45508e-05
 Reference value :  2.47283e-05
 Reference value :  2.49014e-05
 Reference value :  2.50801e-05
 Reference value :  2.52320e-05
 Reference value :  2.53902e-05
 Reference value :  2.55915e-05
 Reference value :  2.57701e-05
 Reference value :  2.59304e-05
 Reference value :  2.61111e-05
 Reference value :  2.62901e-05
 Reference value :  2.64611e-05
 Reference value :  2.66409e-05
 Reference value :  2.68210e-05
 Reference value :  2.70102e-05
 Reference value :  2.71801e-05
 Reference value :  2.73413e-05
 Reference value :  2.75204e-05
 Reference value :  2.76903e-05
 Reference value :  2.78702e-05
 Reference value :  2.80501e-05
 Reference value :  2.82101e-05
 Reference value :  2.83802e-05
 Reference value :  2.85413e-05
 Reference value :  2.87401e-05
 Reference value :  2.89200e-05
 Reference value :  2.90801e-05
 Reference value :  2.92514e-05
 Reference value :  2.94305e-05
 Reference value :  2.96100e-05
 Reference value :  2.97703e-05
 Reference value :  2.99420e-05
 Reference value :  3.01301e-05
 Reference value :  3.03002e-05
 Reference value :  3.04903e-05
 Reference value :  3.06604e-05
 Reference value :  3.08220e-05
 Reference value :  3.10158e-05
 Reference value :  3.11802e-05
 Reference value :  3.13602e-05
 Reference value :  3.15401e-05
 Reference value :  3.17102e-05
 Reference value :  3.18900e-05
 Reference value :  3.20502e-05
 Reference value :  3.22501e-05
 Reference value :  3.24601e-05
 Reference value :  3.26401e-05
 Reference value :  3.28310e-05
 Reference value :  3.30617e-05
 Reference value :  3.33110e-05
 Reference value :  3.35520e-05
 Reference value :  3.37607e-05
 Reference value :  3.39401e-05
 Reference value :  3.41201e-05
 Reference value :  3.43007e-05
 Reference value :  3.44831e-05
 Reference value :  3.46610e-05
 Reference value :  3.48405e-05
 Reference value :  3.50105e-05
 Reference value :  3.51900e-05
 Reference value :  3.53702e-05
 Reference value :  3.55322e-05
 Reference value :  3.57024e-05
 Reference value :  3.58802e-05
 Reference value :  3.60606e-05
 Reference value :  3.62415e-05
 Reference value :  3.64306e-05
 Reference value :  3.66108e-05
 Reference value :  3.67808e-05
 Reference value :  3.69606e-05
 Reference value :  3.71406e-05
 Reference value :  3.73207e-05
 Reference value :  3.74812e-05
 Reference value :  3.76520e-05
 Reference value :  3.78305e-05
 Reference value :  3.79917e-05
 Reference value :  3.81902e-05
 Reference value :  3.83703e-05
 Reference value :  3.85309e-05
 Reference value :  3.87122e-05
 Reference value :  3.88917e-05
 Reference value :  3.90910e-05
 Reference value :  3.92702e-05
 Reference value :  3.94501e-05
 Reference value :  3.96109e-05
 Reference value :  3.97910e-05
 Reference value :  3.99712e-05
 Reference value :  4.01852e-05
 Reference value :  4.03619e-05
 Reference value :  4.05309e-05
 Reference value :  4.07100e-05
 Reference value :  4.08900e-05
 Reference value :  4.10701e-05
 Reference value :  4.12505e-05
 Reference value :  4.14302e-05
 Reference value :  4.16101e-05
 Reference value :  4.17907e-05
 Reference value :  4.19701e-05
 Reference value :  4.21313e-05
 Reference value :  4.23108e-05
 Reference value :  4.24902e-05
 Reference value :  4.26702e-05
 Reference value :  4.28405e-05
 Reference value :  4.30011e-05
 Reference value :  4.31808e-05
 Reference value :  4.33607e-05
 Reference value :  4.35410e-05
 Reference value :  4.37210e-05
 Reference value :  4.38939e-05
 Reference value :  4.40725e-05
 Reference value :  4.42505e-05
 Reference value :  4.44302e-05
 Reference value :  4.45913e-05
 Reference value :  4.47701e-05
 Reference value :  4.49419e-05
 Reference value :  4.51207e-05
 Reference value :  4.53001e-05
 Reference value :  4.54610e-05
 Reference value :  4.56407e-05
 Reference value :  4.58401e-05
 Reference value :  4.60014e-05
 Reference value :  4.62101e-05
 Reference value :  4.64122e-05
 Reference value :  4.65901e-05
 Reference value :  4.67701e-05
 Reference value :  4.69848e-05
 Reference value :  4.71607e-05
 Reference value :  4.73402e-05
 Reference value :  4.75017e-05
 Reference value :  4.76802e-05
 Reference value :  4.78602e-05
 Reference value :  4.80406e-05
 Reference value :  4.82207e-05
 Reference value :  4.84002e-05
 Reference value :  4.85814e-05
 Reference value :  4.87610e-05
 Reference value :  4.89306e-05
 Reference value :  4.91002e-05
 Reference value :  4.92702e-05
 Reference value :  4.94405e-05
 Reference value :  4.96006e-05
 Reference value :  4.97721e-05
 Reference value :  4.99501e-05
 Reference value :  5.01302e-05
 Reference value :  5.03111e-05
 Reference value :  5.04907e-05
 Reference value :  5.06701e-05
 Reference value :  5.08504e-05
 Reference value :  5.10302e-05
 Reference value :  5.11902e-05
 Reference value :  5.13604e-05
 Reference value :  5.15403e-05
 Reference value :  5.17015e-05
 Reference value :  5.19002e-05
 Reference value :  5.20802e-05
 Reference value :  5.22402e-05
 Reference value :  5.24114e-05
 Reference value :  5.26009e-05
 Reference value :  5.27802e-05
 Reference value :  5.29505e-05
 Reference value :  5.31303e-05
 Reference value :  5.32910e-05
 Reference value :  5.34709e-05
 Reference value :  5.36510e-05
 Reference value :  5.38802e-05
 Reference value :  5.40418e-05
 Reference value :  5.42113e-05
 Reference value :  5.43902e-05
 Reference value :  5.45701e-05
 Reference value :  5.47307e-05
 Reference value :  5.49004e-05
 Reference value :  5.50802e-05
 Reference value :  5.52608e-05
 Reference value :  5.54405e-05
 Reference value :  5.56201e-05
 Reference value :  5.57814e-05
 Reference value :  5.59513e-05
 Reference value :  5.61300e-05
 Reference value :  5.62804e-05
 Reference value :  5.64402e-05
 Reference value :  5.66101e-05
 Reference value :  5.67900e-05
 Reference value :  5.69702e-05
 Reference value :  5.71206e-05
 Reference value :  5.72810e-05
 Reference value :  5.74501e-05
 Reference value :  5.76102e-05
 Reference value :  5.77801e-05
 Reference value :  5.79307e-05
 Reference value :  5.80906e-05
 Reference value :  5.82603e-05
 Reference value :  5.84400e-05
 Reference value :  5.85914e-05
 Reference value :  5.87510e-05
 Reference value :  5.89203e-05
 Reference value :  5.91001e-05
 Reference value :  5.92603e-05
 Reference value :  5.94301e-05
 Reference value :  5.95904e-05
 Reference value :  5.97605e-05
 Reference value :  5.99215e-05
 Reference value :  6.01002e-05
 Reference value :  6.03107e-05
 Reference value :  6.04805e-05
 Reference value :  6.06414e-05
 Reference value :  6.08105e-05
 Reference value :  6.09729e-05
 Reference value :  6.11504e-05
 Reference value :  6.13302e-05
 Reference value :  6.15001e-05
 Reference value :  6.16607e-05
 Reference value :  6.18407e-05
 Reference value :  6.20105e-05
 Reference value :  6.21710e-05
 Reference value :  6.23412e-05
 Reference value :  6.25007e-05
 Reference value :  6.26703e-05
 Reference value :  6.28308e-05
 Reference value :  6.30001e-05
 Reference value :  6.31612e-05
 Reference value :  6.33600e-05
 Reference value :  6.35404e-05
 Reference value :  6.37201e-05
 Reference value :  6.38727e-05
 Reference value :  6.40519e-05
 Reference value :  6.42304e-05
 Reference value :  6.43912e-05
 Reference value :  6.45701e-05
 Reference value :  6.47405e-05
 Reference value :  6.49201e-05
 Reference value :  6.51007e-05
 Reference value :  6.52801e-05
 Reference value :  6.54410e-05
 Reference value :  6.56107e-05
 Reference value :  6.57901e-05
 Reference value :  6.59409e-05
 Reference value :  6.61306e-05
 Reference value :  6.63401e-05
 Reference value :  6.65201e-05
 Reference value :  6.66912e-05
 Reference value :  6.69003e-05
 Reference value :  6.70805e-05
 Reference value :  6.72507e-05
 Reference value :  6.74203e-05
 Reference value :  6.75908e-05
 Reference value :  6.77703e-05
 Reference value :  6.79502e-05
 Reference value :  6.81302e-05
 Reference value :  6.83100e-05
 Reference value :  6.84708e-05
 Reference value :  6.86434e-05
 Reference value :  6.88201e-05
 Reference value :  6.89802e-05
 Reference value :  6.91501e-05
 Reference value :  6.93102e-05
 Reference value :  6.94933e-05
 Reference value :  6.96679e-05
 Reference value :  6.98510e-05
 Reference value :  7.00207e-05
 Reference value :  7.02001e-05
 Reference value :  7.03612e-05
 Reference value :  7.05303e-05
 Reference value :  7.07216e-05
 Reference value :  7.09012e-05
 Reference value :  7.10802e-05
 Reference value :  7.12513e-05
 Reference value :  7.14304e-05
 Reference value :  7.16102e-05
 Reference value :  7.17962e-05
 Reference value :  7.19702e-05
 Reference value :  7.21318e-05
 Reference value :  7.23705e-05
 Reference value :  7.25502e-05
 Reference value :  7.27014e-05
 Reference value :  7.28810e-05
 Reference value :  7.30502e-05
 Reference value :  7.32401e-05
 Reference value :  7.34401e-05
 Reference value :  7.36812e-05
 Reference value :  7.38602e-05
 Reference value :  7.40211e-05
 Reference value :  7.41955e-05
 Reference value :  7.43701e-05
 Reference value :  7.45302e-05
 Reference value :  7.47004e-05
 Reference value :  7.48907e-05
 Reference value :  7.50701e-05
 Reference value :  7.52401e-05
 Reference value :  7.54010e-05
 Reference value :  7.55704e-05
 Reference value :  7.57501e-05
 Reference value :  7.59116e-05
 Reference value :  7.60903e-05
 Reference value :  7.62907e-05
 Reference value :  7.64802e-05
 Reference value :  7.66602e-05
 Reference value :  7.68304e-05
 Reference value :  7.70101e-05
 Reference value :  7.71710e-05
 Reference value :  7.73502e-05
 Reference value :  7.75501e-05
 Reference value :  7.77300e-05
 Reference value :  7.78901e-05
 Reference value :  7.80429e-05
 Reference value :  7.82207e-05
 Reference value :  7.84013e-05
 Reference value :  7.85810e-05
 Reference value :  7.87802e-05
 Reference value :  7.89413e-05
 Reference value :  7.91205e-05
 Reference value :  7.92905e-05
 Reference value :  7.94510e-05
 Reference value :  7.96232e-05
 Reference value :  7.98001e-05
 Reference value :  7.99643e-05
No. of Data Rows : 450741
t_flip              =  2.52322e-05
vos_v               =  -1.47677e-02
m_dut_vos = -1.476775000e-02
Note: Simulation executed from .control section 

Warning: m=xx on .subckt line will override multiplier m hierarchy!

