
Note: Compatibility modes selected: hs a


Circuit: * comparator-kickback @ tt_125c_2.97v -- generated by sim/harness, do not edit

Doing analysis at TEMP = 125.000000 and TNOM = 27.000000

Using SPARSE 1.3 as Direct Linear Solver

Initial Transient Solution
--------------------------

Node                                   Voltage
----                                   -------
vdd                                       2.97
cm                                        1.65
clk                                          0
sa                                 -0.00794696
asp                                    1.64603
asn                                    1.65397
apa                                    1.64603
ana                                    1.65397
ibna                                  0.988195
xa.xlayout_dut.sp__t2              1.02072e-08
xa.xlayout_dut.qp__t6                     2.97
xa.xlayout_dut.vss__t17            5.76684e-11
xa.xlayout_dut.vss__t2              7.5435e-19
xa.xlayout_dut.dout__t3                1.45947
xa.xlayout_dut.sp__t3              1.03358e-08
xa.xlayout_dut.vss__t25             1.1573e-10
xa.xlayout_dut.vss__t3              1.8967e-11
xa.xlayout_dut.dout__t2                1.45473
xa.xlayout_dut.doutb__t0               1.46158
xa.xlayout_dut.vss__t24             0.00134797
xa.xlayout_dut.vss__t4             2.00142e-11
xa.xlayout_dut.ibias__t0              0.986917
xa.xlayout_dut.ibias__t1              0.988195
xa.xlayout_dut.vss__t20            0.000254896
xa.xlayout_dut.vss__t8             3.79977e-11
xa.xlayout_dut.sn__t2              1.02071e-08
xa.xlayout_dut.qn__t6                     2.97
xa.xlayout_dut.vss__t23             5.7561e-11
xa.xlayout_dut.vss__t5              7.5293e-19
xa.xlayout_dut.doutb__t1               1.46158
xa.xlayout_dut.sn__t3              1.04021e-08
xa.xlayout_dut.vss__t22            1.15608e-10
xa.xlayout_dut.vss__t6             1.89654e-11
xa.xlayout_dut.doutb__t4               1.45729
xa.xlayout_dut.dout__t4                1.45947
xa.xlayout_dut.vss__t21             0.00134129
xa.xlayout_dut.vss__t7             2.00202e-11
xa.xlayout_dut.qn__t4                     2.97
xa.xlayout_dut.qp__t0                     2.97
xa.xlayout_dut.mn__t0                     2.97
xa.xlayout_dut.vss__t9             4.67127e-11
xa.xlayout_dut.mn__t1                     2.97
xa.xlayout_dut.aop__t2                 1.75599
xa.xlayout_dut.ltail__t0               1.40326
xa.xlayout_dut.vss__t11            3.53078e-11
xa.xlayout_dut.atail__t0              0.751111
xa.xlayout_dut.ibias__t2              0.988195
xa.xlayout_dut.vss__t19            0.000493305
xa.xlayout_dut.vss__t13            4.18332e-11
xa.xlayout_dut.qp__t1                     2.97
xa.xlayout_dut.qn__t5                     2.97
xa.xlayout_dut.mp__t2                     2.97
xa.xlayout_dut.vss__t10            4.67968e-11
xa.xlayout_dut.ltail__t1               1.40326
xa.xlayout_dut.clk__t2                       0
xa.xlayout_dut.vss__t18            4.15312e-10
xa.xlayout_dut.vss__t14            1.55359e-11
xa.xlayout_dut.mp__t1                     2.97
xa.xlayout_dut.aon__t0                 1.86102
xa.xlayout_dut.ltail__t2               1.40326
xa.xlayout_dut.vss__t12            3.56638e-11
xa.xlayout_dut.aon__t1                 1.86025
xa.xlayout_dut.vinp__t0                1.64603
xa.xlayout_dut.atail__t1              0.751708
xa.xlayout_dut.vss__t15            1.90537e-10
xa.xlayout_dut.aop__t1                 1.75469
xa.xlayout_dut.vinn__t0                1.65397
xa.xlayout_dut.atail__t2              0.751963
xa.xlayout_dut.vss__t16            1.91147e-10
xa.xlayout_dut.mn__t2                     2.97
xa.xlayout_dut.clk__t0                       0
xa.xlayout_dut.vdd__t0                    2.97
xa.xlayout_dut.vdd__t1                    2.97
xa.xlayout_dut.qn__t1                     2.97
xa.xlayout_dut.clk__t1                       0
xa.xlayout_dut.vdd__t2                    2.97
xa.xlayout_dut.vdd__t3                    2.97
xa.xlayout_dut.sp__t0              1.06175e-08
xa.xlayout_dut.qp__t2                     2.97
xa.xlayout_dut.vdd__t4                    2.97
xa.xlayout_dut.vdd__t5                    2.97
xa.xlayout_dut.mp__t0                     2.97
xa.xlayout_dut.clk__t4                       0
xa.xlayout_dut.vdd__t21                   2.97
xa.xlayout_dut.vdd__t20                   2.97
xa.xlayout_dut.qn__t0                     2.97
xa.xlayout_dut.qp__t3                     2.97
xa.xlayout_dut.vdd__t6                    2.97
xa.xlayout_dut.vdd__t7                    2.97
xa.xlayout_dut.qp__t4                     2.97
xa.xlayout_dut.clk__t3                       0
xa.xlayout_dut.vdd__t19                   2.97
xa.xlayout_dut.vdd__t18                   2.97
xa.xlayout_dut.na__t1                  2.85016
xa.xlayout_dut.sp__t1              1.03358e-08
xa.xlayout_dut.vdd__t23                2.96817
xa.xlayout_dut.vdd__t8                    2.97
xa.xlayout_dut.dout__t0                1.46294
xa.xlayout_dut.doutb__t2               1.46158
xa.xlayout_dut.na__t0                  2.84847
xa.xlayout_dut.vdd__t13                   2.97
xa.xlayout_dut.sn__t0              1.07085e-08
xa.xlayout_dut.qn__t3                     2.97
xa.xlayout_dut.vdd__t17                   2.97
xa.xlayout_dut.vdd__t16                   2.97
xa.xlayout_dut.qp__t5                     2.97
xa.xlayout_dut.qn__t2                     2.97
xa.xlayout_dut.vdd__t15                   2.97
xa.xlayout_dut.vdd__t14                   2.97
xa.xlayout_dut.nb__t1                  2.85047
xa.xlayout_dut.sn__t1              1.04021e-08
xa.xlayout_dut.vdd__t22                2.96803
xa.xlayout_dut.vdd__t12                   2.97
xa.xlayout_dut.doutb__t3               1.47092
xa.xlayout_dut.dout__t1                1.45947
xa.xlayout_dut.nb__t0                   2.8461
xa.xlayout_dut.vdd__t11                   2.97
xa.xlayout_dut.aon__t2                 1.86134
xa.xlayout_dut.x$28.11                 1.86187
xa.xlayout_dut.vss__t0                       0
xa.xlayout_dut.x$28.21                 2.96824
xa.xlayout_dut.vdd__t10                2.96877
xa.xlayout_dut.aop__t0                 1.75636
xa.xlayout_dut.x$29.11                 1.75694
xa.xlayout_dut.vss__t1                       0
xa.xlayout_dut.x$29.21                 2.96888
xa.xlayout_dut.vdd__t9                 2.96947
xa.xlayout_dut.aon                     1.86102
vsubs                                        0
xa.xlayout_dut.aop                     1.75599
xa.xlayout_dut.atail                  0.751607
douta                                  1.45947
doutba                                 1.46158
xa.xlayout_dut.ltail                   1.40326
xa.xlayout_dut.mn                         2.97
xa.xlayout_dut.mp                         2.97
xa.xlayout_dut.na                      2.84932
xa.xlayout_dut.nb                      2.84828
xa.xlayout_dut.qn                         2.97
xa.xlayout_dut.qp                         2.97
xa.xlayout_dut.sn                  1.04021e-08
xa.xlayout_dut.sp                  1.03358e-08
sb                                 -0.00794696
bsp                                    1.64603
bsn                                    1.65397
bpp                                    1.64603
bpn                                    1.65397
ibnb                                  0.988195
xb.xlayout_dut.sp__t2              1.02072e-08
xb.xlayout_dut.qp__t6                     2.97
xb.xlayout_dut.vss__t17            5.76684e-11
xb.xlayout_dut.vss__t2              7.5435e-19
xb.xlayout_dut.dout__t3                1.45947
xb.xlayout_dut.sp__t3              1.03358e-08
xb.xlayout_dut.vss__t25             1.1573e-10
xb.xlayout_dut.vss__t3              1.8967e-11
xb.xlayout_dut.dout__t2                1.45473
xb.xlayout_dut.doutb__t0               1.46158
xb.xlayout_dut.vss__t24             0.00134797
xb.xlayout_dut.vss__t4             2.00142e-11
xb.xlayout_dut.ibias__t0              0.986917
xb.xlayout_dut.ibias__t1              0.988195
xb.xlayout_dut.vss__t20            0.000254896
xb.xlayout_dut.vss__t8             3.79977e-11
xb.xlayout_dut.sn__t2              1.02071e-08
xb.xlayout_dut.qn__t6                     2.97
xb.xlayout_dut.vss__t23             5.7561e-11
xb.xlayout_dut.vss__t5              7.5293e-19
xb.xlayout_dut.doutb__t1               1.46158
xb.xlayout_dut.sn__t3              1.04021e-08
xb.xlayout_dut.vss__t22            1.15608e-10
xb.xlayout_dut.vss__t6             1.89654e-11
xb.xlayout_dut.doutb__t4               1.45729
xb.xlayout_dut.dout__t4                1.45947
xb.xlayout_dut.vss__t21             0.00134129
xb.xlayout_dut.vss__t7             2.00202e-11
xb.xlayout_dut.qn__t4                     2.97
xb.xlayout_dut.qp__t0                     2.97
xb.xlayout_dut.mn__t0                     2.97
xb.xlayout_dut.vss__t9             4.67127e-11
xb.xlayout_dut.mn__t1                     2.97
xb.xlayout_dut.aop__t2                 1.75599
xb.xlayout_dut.ltail__t0               1.40326
xb.xlayout_dut.vss__t11            3.53078e-11
xb.xlayout_dut.atail__t0              0.751111
xb.xlayout_dut.ibias__t2              0.988195
xb.xlayout_dut.vss__t19            0.000493305
xb.xlayout_dut.vss__t13            4.18332e-11
xb.xlayout_dut.qp__t1                     2.97
xb.xlayout_dut.qn__t5                     2.97
xb.xlayout_dut.mp__t2                     2.97
xb.xlayout_dut.vss__t10            4.67968e-11
xb.xlayout_dut.ltail__t1               1.40326
xb.xlayout_dut.clk__t2                       0
xb.xlayout_dut.vss__t18            4.15312e-10
xb.xlayout_dut.vss__t14            1.55359e-11
xb.xlayout_dut.mp__t1                     2.97
xb.xlayout_dut.aon__t0                 1.86102
xb.xlayout_dut.ltail__t2               1.40326
xb.xlayout_dut.vss__t12            3.56638e-11
xb.xlayout_dut.aon__t1                 1.86025
xb.xlayout_dut.vinp__t0                1.64603
xb.xlayout_dut.atail__t1              0.751708
xb.xlayout_dut.vss__t15            1.90536e-10
xb.xlayout_dut.aop__t1                 1.75469
xb.xlayout_dut.vinn__t0                1.65397
xb.xlayout_dut.atail__t2              0.751963
xb.xlayout_dut.vss__t16            1.91147e-10
xb.xlayout_dut.mn__t2                     2.97
xb.xlayout_dut.clk__t0                       0
xb.xlayout_dut.vdd__t0                    2.97
xb.xlayout_dut.vdd__t1                    2.97
xb.xlayout_dut.qn__t1                     2.97
xb.xlayout_dut.clk__t1                       0
xb.xlayout_dut.vdd__t2                    2.97
xb.xlayout_dut.vdd__t3                    2.97
xb.xlayout_dut.sp__t0              1.06175e-08
xb.xlayout_dut.qp__t2                     2.97
xb.xlayout_dut.vdd__t4                    2.97
xb.xlayout_dut.vdd__t5                    2.97
xb.xlayout_dut.mp__t0                     2.97
xb.xlayout_dut.clk__t4                       0
xb.xlayout_dut.vdd__t21                   2.97
xb.xlayout_dut.vdd__t20                   2.97
xb.xlayout_dut.qn__t0                     2.97
xb.xlayout_dut.qp__t3                     2.97
xb.xlayout_dut.vdd__t6                    2.97
xb.xlayout_dut.vdd__t7                    2.97
xb.xlayout_dut.qp__t4                     2.97
xb.xlayout_dut.clk__t3                       0
xb.xlayout_dut.vdd__t19                   2.97
xb.xlayout_dut.vdd__t18                   2.97
xb.xlayout_dut.na__t1                  2.85016
xb.xlayout_dut.sp__t1              1.03358e-08
xb.xlayout_dut.vdd__t23                2.96817
xb.xlayout_dut.vdd__t8                    2.97
xb.xlayout_dut.dout__t0                1.46294
xb.xlayout_dut.doutb__t2               1.46158
xb.xlayout_dut.na__t0                  2.84847
xb.xlayout_dut.vdd__t13                   2.97
xb.xlayout_dut.sn__t0              1.07085e-08
xb.xlayout_dut.qn__t3                     2.97
xb.xlayout_dut.vdd__t17                   2.97
xb.xlayout_dut.vdd__t16                   2.97
xb.xlayout_dut.qp__t5                     2.97
xb.xlayout_dut.qn__t2                     2.97
xb.xlayout_dut.vdd__t15                   2.97
xb.xlayout_dut.vdd__t14                   2.97
xb.xlayout_dut.nb__t1                  2.85047
xb.xlayout_dut.sn__t1              1.04021e-08
xb.xlayout_dut.vdd__t22                2.96803
xb.xlayout_dut.vdd__t12                   2.97
xb.xlayout_dut.doutb__t3               1.47092
xb.xlayout_dut.dout__t1                1.45947
xb.xlayout_dut.nb__t0                   2.8461
xb.xlayout_dut.vdd__t11                   2.97
xb.xlayout_dut.aon__t2                 1.86134
xb.xlayout_dut.x$28.11                 1.86187
xb.xlayout_dut.vss__t0                       0
xb.xlayout_dut.x$28.21                 2.96824
xb.xlayout_dut.vdd__t10                2.96877
xb.xlayout_dut.aop__t0                 1.75636
xb.xlayout_dut.x$29.11                 1.75694
xb.xlayout_dut.vss__t1                       0
xb.xlayout_dut.x$29.21                 2.96888
xb.xlayout_dut.vdd__t9                 2.96947
xb.xlayout_dut.aon                     1.86102
xb.xlayout_dut.aop                     1.75599
xb.xlayout_dut.atail                  0.751607
doutb                                  1.45947
doutbb                                 1.46158
xb.xlayout_dut.ltail                   1.40326
xb.xlayout_dut.mn                         2.97
xb.xlayout_dut.mp                         2.97
xb.xlayout_dut.na                      2.84932
xb.xlayout_dut.nb                      2.84828
xb.xlayout_dut.qn                         2.97
xb.xlayout_dut.qp                         2.97
xb.xlayout_dut.sn                  1.04021e-08
xb.xlayout_dut.sp                  1.03358e-08
sc                                    0.091053
csp                                    1.69553
csn                                    1.60447
cpp                                    1.69553
cpn                                    1.60447
ibnc                                  0.988195
xc.xlayout_dut.sp__t2              1.02072e-08
xc.xlayout_dut.qp__t6                     2.97
xc.xlayout_dut.vss__t17            5.76684e-11
xc.xlayout_dut.vss__t2              7.5435e-19
xc.xlayout_dut.dout__t3                1.45947
xc.xlayout_dut.sp__t3              1.03358e-08
xc.xlayout_dut.vss__t25             1.1573e-10
xc.xlayout_dut.vss__t3              1.8967e-11
xc.xlayout_dut.dout__t2                1.45473
xc.xlayout_dut.doutb__t0               1.46158
xc.xlayout_dut.vss__t24             0.00134797
xc.xlayout_dut.vss__t4             2.00142e-11
xc.xlayout_dut.ibias__t0              0.986917
xc.xlayout_dut.ibias__t1              0.988195
xc.xlayout_dut.vss__t20            0.000254896
xc.xlayout_dut.vss__t8             3.79977e-11
xc.xlayout_dut.sn__t2              1.02071e-08
xc.xlayout_dut.qn__t6                     2.97
xc.xlayout_dut.vss__t23             5.7561e-11
xc.xlayout_dut.vss__t5              7.5293e-19
xc.xlayout_dut.doutb__t1               1.46158
xc.xlayout_dut.sn__t3              1.04021e-08
xc.xlayout_dut.vss__t22            1.15608e-10
xc.xlayout_dut.vss__t6             1.89654e-11
xc.xlayout_dut.doutb__t4               1.45729
xc.xlayout_dut.dout__t4                1.45947
xc.xlayout_dut.vss__t21             0.00134129
xc.xlayout_dut.vss__t7             2.00202e-11
xc.xlayout_dut.qn__t4                     2.97
xc.xlayout_dut.qp__t0                     2.97
xc.xlayout_dut.mn__t0                     2.97
xc.xlayout_dut.vss__t9             4.67127e-11
xc.xlayout_dut.mn__t1                     2.97
xc.xlayout_dut.aop__t2                 2.40063
xc.xlayout_dut.ltail__t0               1.83957
xc.xlayout_dut.vss__t11            3.79169e-11
xc.xlayout_dut.atail__t0              0.757694
xc.xlayout_dut.ibias__t2              0.988195
xc.xlayout_dut.vss__t19            0.000493338
xc.xlayout_dut.vss__t13            4.19945e-11
xc.xlayout_dut.qp__t1                     2.97
xc.xlayout_dut.qn__t5                     2.97
xc.xlayout_dut.mp__t2                     2.97
xc.xlayout_dut.vss__t10            4.67968e-11
xc.xlayout_dut.ltail__t1               1.83957
xc.xlayout_dut.clk__t2                       0
xc.xlayout_dut.vss__t18            4.38177e-10
xc.xlayout_dut.vss__t14            1.79144e-11
xc.xlayout_dut.mp__t1                     2.97
xc.xlayout_dut.aon__t0                 1.21581
xc.xlayout_dut.ltail__t2               1.83957
xc.xlayout_dut.vss__t12             3.8297e-11
xc.xlayout_dut.aon__t1                 1.21458
xc.xlayout_dut.vinp__t0                1.69553
xc.xlayout_dut.atail__t1               0.75835
xc.xlayout_dut.vss__t15            1.74999e-10
xc.xlayout_dut.aop__t1                 2.40002
xc.xlayout_dut.vinn__t0                1.60447
xc.xlayout_dut.atail__t2              0.758357
xc.xlayout_dut.vss__t16            1.79606e-09
xc.xlayout_dut.mn__t2                     2.97
xc.xlayout_dut.clk__t0                       0
xc.xlayout_dut.vdd__t0                    2.97
xc.xlayout_dut.vdd__t1                    2.97
xc.xlayout_dut.qn__t1                     2.97
xc.xlayout_dut.clk__t1                       0
xc.xlayout_dut.vdd__t2                    2.97
xc.xlayout_dut.vdd__t3                    2.97
xc.xlayout_dut.sp__t0              1.06175e-08
xc.xlayout_dut.qp__t2                     2.97
xc.xlayout_dut.vdd__t4                    2.97
xc.xlayout_dut.vdd__t5                    2.97
xc.xlayout_dut.mp__t0                     2.97
xc.xlayout_dut.clk__t4                       0
xc.xlayout_dut.vdd__t21                   2.97
xc.xlayout_dut.vdd__t20                   2.97
xc.xlayout_dut.qn__t0                     2.97
xc.xlayout_dut.qp__t3                     2.97
xc.xlayout_dut.vdd__t6                    2.97
xc.xlayout_dut.vdd__t7                    2.97
xc.xlayout_dut.qp__t4                     2.97
xc.xlayout_dut.clk__t3                       0
xc.xlayout_dut.vdd__t19                   2.97
xc.xlayout_dut.vdd__t18                   2.97
xc.xlayout_dut.na__t1                  2.85016
xc.xlayout_dut.sp__t1              1.03358e-08
xc.xlayout_dut.vdd__t23                2.96817
xc.xlayout_dut.vdd__t8                    2.97
xc.xlayout_dut.dout__t0                1.46294
xc.xlayout_dut.doutb__t2               1.46158
xc.xlayout_dut.na__t0                  2.84847
xc.xlayout_dut.vdd__t13                   2.97
xc.xlayout_dut.sn__t0              1.07085e-08
xc.xlayout_dut.qn__t3                     2.97
xc.xlayout_dut.vdd__t17                   2.97
xc.xlayout_dut.vdd__t16                   2.97
xc.xlayout_dut.qp__t5                     2.97
xc.xlayout_dut.qn__t2                     2.97
xc.xlayout_dut.vdd__t15                   2.97
xc.xlayout_dut.vdd__t14                   2.97
xc.xlayout_dut.nb__t1                  2.85047
xc.xlayout_dut.sn__t1              1.04021e-08
xc.xlayout_dut.vdd__t22                2.96803
xc.xlayout_dut.vdd__t12                   2.97
xc.xlayout_dut.doutb__t3               1.47092
xc.xlayout_dut.dout__t1                1.45947
xc.xlayout_dut.nb__t0                   2.8461
xc.xlayout_dut.vdd__t11                   2.97
xc.xlayout_dut.aon__t2                  1.2163
xc.xlayout_dut.x$28.11                 1.21714
xc.xlayout_dut.vss__t0                       0
xc.xlayout_dut.x$28.21                 2.96721
xc.xlayout_dut.vdd__t10                2.96806
xc.xlayout_dut.aop__t0                  2.4008
xc.xlayout_dut.x$29.11                 2.40107
xc.xlayout_dut.vss__t1                       0
xc.xlayout_dut.x$29.21                 2.96947
xc.xlayout_dut.vdd__t9                 2.96975
xc.xlayout_dut.aon                     1.21581
xc.xlayout_dut.aop                     2.40063
xc.xlayout_dut.atail                   0.75819
doutc                                  1.45947
doutbc                                 1.46158
xc.xlayout_dut.ltail                   1.83957
xc.xlayout_dut.mn                         2.97
xc.xlayout_dut.mp                         2.97
xc.xlayout_dut.na                      2.84932
xc.xlayout_dut.nb                      2.84828
xc.xlayout_dut.qn                         2.97
xc.xlayout_dut.qp                         2.97
xc.xlayout_dut.sn                  1.04021e-08
xc.xlayout_dut.sp                  1.03358e-08
ad                                -2.22045e-15
bd                                 -0.00794696
cd                                    0.091053
bc                                 2.76819e-10
dan                                   0.491403
dbn                                   0.491403
dcn                                   0.491403
bdcn#branch                                  0
bdbn#branch                                  0
bdan#branch                                  0
bbc#branch                                   0
bcd#branch                                   0
bbd#branch                                   0
bad#branch                                   0
ecsn#branch                        2.69182e-19
ecsp#branch                        2.84458e-19
ebsn#branch                        2.77486e-19
ebsp#branch                        2.76153e-19
easn#branch                       -2.31785e-18
easp#branch                       -2.20353e-18
vsc#branch                                   0
vsb#branch                                   0
vsa#branch                                   0
vclk#branch                                  0
vcm#branch                         -3.4141e-18
vsup#branch                       -0.000775971

 Reference value :  4.51400e-10
 Reference value :  3.29640e-09
 Reference value :  6.08640e-09
 Reference value :  9.13140e-09
 Reference value :  1.20064e-08
 Reference value :  1.49114e-08
 Reference value :  1.77164e-08
 Reference value :  2.04564e-08
 Reference value :  2.32264e-08
 Reference value :  2.59664e-08
 Reference value :  2.87014e-08
 Reference value :  3.13807e-08
 Reference value :  3.44457e-08
 Reference value :  3.72957e-08
 Reference value :  4.01027e-08
 Reference value :  4.27085e-08
 Reference value :  4.54935e-08
 Reference value :  4.81685e-08
 Reference value :  5.09885e-08
 Reference value :  5.36885e-08
 Reference value :  5.63885e-08
 Reference value :  5.93685e-08
No. of Data Rows : 12037
ad_pos              =  7.50697e-03 at=  4.05685e-08
ad_neg              =  -9.43917e-03 at=  4.02000e-08
ap0                 =  1.64603e+00
apmax               =  1.65353e+00 at=  4.05685e-08
apmin               =  1.63659e+00 at=  4.02000e-08
bd0                 =  -7.94679e-03
bd1                 =  -7.94818e-03
cd0                 =  9.10535e-02
cd1                 =  9.09837e-02
bc0                 =  -6.19766e-06
bc1                 =  1.48443e-04
bp0                 =  1.64602e+00
bn0                 =  1.65397e+00
bp1                 =  1.64617e+00
bn1                 =  1.65412e+00
da_end              =  9.99989e-01
db_end              =  9.99989e-01
dc_end              =  9.99989e-01
m_kick_1k_peak_mv = 9.4391690000e+00
m_kick_1k_pos_mv = 7.5069650000e+00
m_kick_1k_neg_mv = -9.439169000e+00
m_kick_1k_raw_mv = 9.4400000000e+00
m_kick_resid_small_nv = -1.397000000e+03
m_kick_resid_big_nv = -6.980000000e+04
m_kick_sigdep_nv = 6.8403000000e+04
m_kick_cm_nv = 1.5464025900e+05
m_kick_resid_raw_uv = -2.000000000e+00
m_q_resid_small_ac = -1.397000000e+00
m_dout_1k_end = 9.9998930000e-01
m_dout_float_small_end = 9.9998930000e-01
m_dout_float_big_end = 9.9998930000e-01
Note: Simulation executed from .control section 

Warning: m=xx on .subckt line will override multiplier m hierarchy!

Note: Starting dynamic gmin stepping
Note: Dynamic gmin stepping completed
