
Note: Compatibility modes selected: hs a


Circuit: * comparator-kickback-vosprobe @ tt_27c_3.63v -- generated by sim/harness, do not edit

Doing analysis at TEMP = 27.000000 and TNOM = 27.000000

Using SPARSE 1.3 as Direct Linear Solver

Initial Transient Solution
--------------------------

Node                                   Voltage
----                                   -------
vdd                                       3.63
cm                                        1.65
clk                                          0
rmp                                      -0.04
vp                                        1.63
vn                                        1.67
ibn                                    1.00167
xdut.xlayout_dut.sp__t2            5.19114e-09
xdut.xlayout_dut.qp__t6                   3.63
xdut.xlayout_dut.vss__t17          4.31021e-11
xdut.xlayout_dut.vss__t2           4.95435e-20
xdut.xlayout_dut.dout__t3              1.78425
xdut.xlayout_dut.sp__t3            5.28726e-09
xdut.xlayout_dut.vss__t25           1.6041e-13
xdut.xlayout_dut.vss__t3           1.99788e-11
xdut.xlayout_dut.dout__t2              1.77504
xdut.xlayout_dut.doutb__t0              1.7884
xdut.xlayout_dut.vss__t24           0.00262132
xdut.xlayout_dut.vss__t4           3.16156e-11
xdut.xlayout_dut.ibias__t0             1.00039
xdut.xlayout_dut.ibias__t1             1.00167
xdut.xlayout_dut.vss__t20          0.000254896
xdut.xlayout_dut.vss__t8           2.55062e-11
xdut.xlayout_dut.sn__t2            5.19106e-09
xdut.xlayout_dut.qn__t6                   3.63
xdut.xlayout_dut.vss__t23          4.30219e-11
xdut.xlayout_dut.vss__t5           4.94497e-20
xdut.xlayout_dut.doutb__t1              1.7884
xdut.xlayout_dut.sn__t3            5.33684e-09
xdut.xlayout_dut.vss__t22          1.60299e-13
xdut.xlayout_dut.vss__t6           1.99987e-11
xdut.xlayout_dut.doutb__t4             1.78007
xdut.xlayout_dut.dout__t4              1.78425
xdut.xlayout_dut.vss__t21           0.00260383
xdut.xlayout_dut.vss__t7           3.33589e-11
xdut.xlayout_dut.qn__t4                   3.63
xdut.xlayout_dut.qp__t0                   3.63
xdut.xlayout_dut.mn__t0                   3.63
xdut.xlayout_dut.vss__t9            4.7653e-11
xdut.xlayout_dut.mn__t1                   3.63
xdut.xlayout_dut.aop__t2                2.0278
xdut.xlayout_dut.ltail__t0             2.01988
xdut.xlayout_dut.vss__t11          3.37881e-11
xdut.xlayout_dut.atail__t0            0.691582
xdut.xlayout_dut.ibias__t2             1.00167
xdut.xlayout_dut.vss__t19          0.000496233
xdut.xlayout_dut.vss__t13          1.69581e-11
xdut.xlayout_dut.qp__t1                   3.63
xdut.xlayout_dut.qn__t5                   3.63
xdut.xlayout_dut.mp__t2                   3.63
xdut.xlayout_dut.vss__t10          4.77388e-11
xdut.xlayout_dut.ltail__t1             2.01988
xdut.xlayout_dut.clk__t2                     0
xdut.xlayout_dut.vss__t18          6.91397e-13
xdut.xlayout_dut.vss__t14           1.0909e-11
xdut.xlayout_dut.mp__t1                   3.63
xdut.xlayout_dut.aon__t0                2.7264
xdut.xlayout_dut.ltail__t2             2.01988
xdut.xlayout_dut.vss__t12          3.41272e-11
xdut.xlayout_dut.aon__t1               2.72581
xdut.xlayout_dut.vinp__t0                 1.63
xdut.xlayout_dut.atail__t1            0.692158
xdut.xlayout_dut.vss__t15          6.24791e-08
xdut.xlayout_dut.aop__t1                2.0262
xdut.xlayout_dut.vinn__t0                 1.67
xdut.xlayout_dut.atail__t2            0.692519
xdut.xlayout_dut.vss__t16          1.39607e-10
xdut.xlayout_dut.mn__t2                   3.63
xdut.xlayout_dut.clk__t0                     0
xdut.xlayout_dut.vdd__t0                  3.63
xdut.xlayout_dut.vdd__t1                  3.63
xdut.xlayout_dut.qn__t1                   3.63
xdut.xlayout_dut.clk__t1                     0
xdut.xlayout_dut.vdd__t2                  3.63
xdut.xlayout_dut.vdd__t3                  3.63
xdut.xlayout_dut.sp__t0            5.49785e-09
xdut.xlayout_dut.qp__t2                   3.63
xdut.xlayout_dut.vdd__t4                  3.63
xdut.xlayout_dut.vdd__t5                  3.63
xdut.xlayout_dut.mp__t0                   3.63
xdut.xlayout_dut.clk__t4                     0
xdut.xlayout_dut.vdd__t21                 3.63
xdut.xlayout_dut.vdd__t20                 3.63
xdut.xlayout_dut.qn__t0                   3.63
xdut.xlayout_dut.qp__t3                   3.63
xdut.xlayout_dut.vdd__t6                  3.63
xdut.xlayout_dut.vdd__t7                  3.63
xdut.xlayout_dut.qp__t4                   3.63
xdut.xlayout_dut.clk__t3                     0
xdut.xlayout_dut.vdd__t19                 3.63
xdut.xlayout_dut.vdd__t18                 3.63
xdut.xlayout_dut.na__t1                3.46747
xdut.xlayout_dut.sp__t1            5.28726e-09
xdut.xlayout_dut.vdd__t23              3.62645
xdut.xlayout_dut.vdd__t8                  3.63
xdut.xlayout_dut.dout__t0              1.79101
xdut.xlayout_dut.doutb__t2              1.7884
xdut.xlayout_dut.na__t0                3.46417
xdut.xlayout_dut.vdd__t13                 3.63
xdut.xlayout_dut.sn__t0            5.56586e-09
xdut.xlayout_dut.qn__t3                   3.63
xdut.xlayout_dut.vdd__t17                 3.63
xdut.xlayout_dut.vdd__t16                 3.63
xdut.xlayout_dut.qp__t5                   3.63
xdut.xlayout_dut.qn__t2                   3.63
xdut.xlayout_dut.vdd__t15                 3.63
xdut.xlayout_dut.vdd__t14                 3.63
xdut.xlayout_dut.nb__t1                3.46808
xdut.xlayout_dut.sn__t1            5.33684e-09
xdut.xlayout_dut.vdd__t22              3.62617
xdut.xlayout_dut.vdd__t12                 3.63
xdut.xlayout_dut.doutb__t3             1.80654
xdut.xlayout_dut.dout__t1              1.78425
xdut.xlayout_dut.nb__t0                 3.4596
xdut.xlayout_dut.vdd__t11                 3.63
xdut.xlayout_dut.aon__t2               2.72664
xdut.xlayout_dut.x$28.11               2.72727
xdut.xlayout_dut.vss__t0                     0
xdut.xlayout_dut.x$28.21               3.62843
xdut.xlayout_dut.vdd__t10              3.62907
xdut.xlayout_dut.aop__t0               2.02825
xdut.xlayout_dut.x$29.11               2.02938
xdut.xlayout_dut.vss__t1                     0
xdut.xlayout_dut.x$29.21               3.62822
xdut.xlayout_dut.vdd__t9               3.62934
xdut.xlayout_dut.aon                    2.7264
vsubs                                        0
xdut.xlayout_dut.aop                    2.0278
xdut.xlayout_dut.atail                0.692081
dout                                   1.78425
doutb                                   1.7884
xdut.xlayout_dut.ltail                 2.01988
xdut.xlayout_dut.mn                       3.63
xdut.xlayout_dut.mp                       3.63
xdut.xlayout_dut.na                    3.46582
xdut.xlayout_dut.nb                    3.46384
xdut.xlayout_dut.qn                       3.63
xdut.xlayout_dut.qp                       3.63
xdut.xlayout_dut.sn                5.33684e-09
xdut.xlayout_dut.sp                5.28726e-09
dn                                    0.491529
bdn#branch                                   0
bnn#branch                         1.17161e-18
bpp#branch                          3.4199e-19
vrmp#branch                                  0
vclk#branch                                  0
vcm#branch                                   0
vsup#branch                        -0.00047427

 Reference value :  9.29838e-08
 Reference value :  2.50880e-07
 Reference value :  4.24233e-07
 Reference value :  5.80859e-07
 Reference value :  7.51146e-07
 Reference value :  9.10138e-07
 Reference value :  1.10422e-06
 Reference value :  1.26053e-06
 Reference value :  1.41094e-06
 Reference value :  1.56065e-06
 Reference value :  1.72019e-06
 Reference value :  1.87077e-06
 Reference value :  2.04010e-06
 Reference value :  2.19068e-06
 Reference value :  2.35102e-06
 Reference value :  2.52004e-06
 Reference value :  2.67019e-06
 Reference value :  2.82121e-06
 Reference value :  3.00000e-06
 Reference value :  3.15024e-06
 Reference value :  3.30030e-06
 Reference value :  3.46011e-06
 Reference value :  3.61148e-06
 Reference value :  3.79010e-06
 Reference value :  3.94012e-06
 Reference value :  4.09133e-06
 Reference value :  4.26009e-06
 Reference value :  4.41016e-06
 Reference value :  4.56009e-06
 Reference value :  4.71010e-06
 Reference value :  4.86044e-06
 Reference value :  5.02020e-06
 Reference value :  5.17041e-06
 Reference value :  5.32164e-06
 Reference value :  5.49067e-06
 Reference value :  5.65041e-06
 Reference value :  5.82008e-06
 Reference value :  5.97020e-06
 Reference value :  6.13072e-06
 Reference value :  6.30063e-06
 Reference value :  6.48020e-06
 Reference value :  6.63044e-06
 Reference value :  6.79020e-06
 Reference value :  6.96008e-06
 Reference value :  7.11010e-06
 Reference value :  7.27053e-06
 Reference value :  7.44001e-06
 Reference value :  7.60159e-06
 Reference value :  7.77010e-06
 Reference value :  7.93080e-06
 Reference value :  8.08914e-06
 Reference value :  8.25010e-06
 Reference value :  8.40016e-06
 Reference value :  8.55035e-06
 Reference value :  8.71010e-06
 Reference value :  8.88003e-06
 Reference value :  9.03093e-06
 Reference value :  9.21000e-06
 Reference value :  9.36025e-06
 Reference value :  9.51049e-06
 Reference value :  9.67020e-06
 Reference value :  9.82087e-06
 Reference value :  9.99013e-06
 Reference value :  1.01404e-05
 Reference value :  1.03155e-05
 Reference value :  1.04727e-05
 Reference value :  1.06308e-05
 Reference value :  1.08004e-05
 Reference value :  1.09803e-05
 Reference value :  1.11348e-05
 Reference value :  1.12908e-05
 Reference value :  1.14601e-05
 Reference value :  1.16111e-05
 Reference value :  1.18007e-05
 Reference value :  1.19704e-05
 Reference value :  1.21304e-05
 Reference value :  1.22807e-05
 Reference value :  1.24309e-05
 Reference value :  1.26003e-05
 Reference value :  1.27605e-05
 Reference value :  1.29301e-05
 Reference value :  1.31102e-05
 Reference value :  1.32619e-05
 Reference value :  1.34202e-05
 Reference value :  1.35709e-05
 Reference value :  1.37401e-05
 Reference value :  1.38917e-05
 Reference value :  1.40502e-05
 Reference value :  1.42009e-05
 Reference value :  1.43704e-05
 Reference value :  1.45305e-05
 Reference value :  1.47000e-05
 Reference value :  1.48501e-05
 Reference value :  1.50103e-05
 Reference value :  1.51801e-05
 Reference value :  1.53380e-05
 Reference value :  1.54908e-05
 Reference value :  1.56601e-05
 Reference value :  1.58201e-05
 Reference value :  1.59900e-05
 Reference value :  1.61516e-05
 Reference value :  1.63207e-05
 Reference value :  1.65001e-05
 Reference value :  1.66502e-05
 Reference value :  1.68139e-05
 Reference value :  1.69901e-05
 Reference value :  1.71407e-05
 Reference value :  1.73205e-05
 Reference value :  1.75213e-05
 Reference value :  1.76808e-05
 Reference value :  1.78323e-05
 Reference value :  1.80005e-05
 Reference value :  1.81602e-05
 Reference value :  1.83109e-05
 Reference value :  1.84801e-05
 Reference value :  1.86401e-05
 Reference value :  1.88100e-05
 Reference value :  1.89708e-05
 Reference value :  1.91213e-05
 Reference value :  1.92902e-05
 Reference value :  1.94506e-05
 Reference value :  1.96205e-05
 Reference value :  1.97802e-05
 Reference value :  1.99308e-05
 Reference value :  2.00854e-05
 Reference value :  2.02507e-05
 Reference value :  2.04113e-05
 Reference value :  2.05807e-05
 Reference value :  2.07600e-05
 Reference value :  2.09101e-05
 Reference value :  2.10706e-05
 Reference value :  2.12401e-05
 Reference value :  2.14001e-05
 Reference value :  2.15510e-05
 Reference value :  2.17224e-05
 Reference value :  2.18809e-05
 Reference value :  2.20504e-05
 Reference value :  2.22104e-05
 Reference value :  2.23800e-05
 Reference value :  2.25401e-05
 Reference value :  2.27102e-05
 Reference value :  2.28901e-05
 Reference value :  2.30508e-05
 Reference value :  2.32204e-05
 Reference value :  2.34001e-05
 Reference value :  2.35906e-05
 Reference value :  2.37610e-05
 Reference value :  2.39208e-05
 Reference value :  2.41005e-05
 Reference value :  2.42802e-05
 Reference value :  2.44508e-05
 Reference value :  2.46109e-05
 Reference value :  2.47902e-05
 Reference value :  2.49605e-05
 Reference value :  2.51209e-05
 Reference value :  2.52910e-05
 Reference value :  2.54510e-05
 Reference value :  2.56263e-05
 Reference value :  2.58001e-05
 Reference value :  2.59601e-05
 Reference value :  2.61109e-05
 Reference value :  2.62814e-05
 Reference value :  2.64648e-05
 Reference value :  2.66402e-05
 Reference value :  2.68006e-05
 Reference value :  2.69710e-05
 Reference value :  2.71315e-05
 Reference value :  2.73013e-05
 Reference value :  2.74616e-05
 Reference value :  2.76303e-05
 Reference value :  2.77907e-05
 Reference value :  2.79606e-05
 Reference value :  2.81400e-05
 Reference value :  2.82901e-05
 Reference value :  2.84412e-05
 Reference value :  2.86009e-05
 Reference value :  2.87708e-05
 Reference value :  2.89501e-05
 Reference value :  2.91006e-05
 Reference value :  2.92602e-05
 Reference value :  2.94102e-05
 Reference value :  2.95608e-05
 Reference value :  2.97419e-05
 Reference value :  2.99407e-05
 Reference value :  3.01201e-05
 Reference value :  3.03101e-05
 Reference value :  3.05400e-05
 Reference value :  3.07610e-05
 Reference value :  3.10002e-05
 Reference value :  3.11701e-05
 Reference value :  3.13302e-05
 Reference value :  3.15001e-05
 Reference value :  3.16645e-05
 Reference value :  3.18402e-05
 Reference value :  3.20101e-05
 Reference value :  3.21607e-05
 Reference value :  3.23210e-05
 Reference value :  3.25002e-05
 Reference value :  3.26701e-05
 Reference value :  3.28301e-05
 Reference value :  3.29810e-05
 Reference value :  3.31606e-05
 Reference value :  3.33304e-05
 Reference value :  3.35208e-05
 Reference value :  3.37011e-05
 Reference value :  3.38715e-05
 Reference value :  3.40500e-05
 Reference value :  3.42311e-05
 Reference value :  3.43971e-05
 Reference value :  3.45701e-05
 Reference value :  3.47401e-05
 Reference value :  3.49002e-05
 Reference value :  3.50649e-05
 Reference value :  3.52308e-05
 Reference value :  3.54105e-05
 Reference value :  3.55801e-05
 Reference value :  3.57342e-05
 Reference value :  3.59203e-05
 Reference value :  3.60961e-05
 Reference value :  3.62809e-05
 Reference value :  3.64601e-05
 Reference value :  3.66306e-05
 Reference value :  3.67904e-05
 Reference value :  3.69609e-05
 Reference value :  3.71705e-05
 Reference value :  3.73452e-05
 Reference value :  3.75101e-05
 Reference value :  3.76605e-05
 Reference value :  3.78232e-05
 Reference value :  3.79902e-05
 Reference value :  3.81609e-05
 Reference value :  3.83405e-05
 Reference value :  3.85011e-05
 Reference value :  3.86834e-05
 Reference value :  3.88605e-05
 Reference value :  3.90304e-05
 Reference value :  3.91906e-05
 Reference value :  3.93601e-05
 Reference value :  3.95209e-05
 Reference value :  3.96914e-05
 Reference value :  3.98506e-05
 Reference value :  4.00203e-05
 Reference value :  4.01810e-05
 Reference value :  4.03509e-05
 Reference value :  4.05301e-05
 Reference value :  4.06901e-05
 Reference value :  4.08608e-05
 Reference value :  4.10401e-05
 Reference value :  4.12001e-05
 Reference value :  4.13508e-05
 Reference value :  4.15205e-05
 Reference value :  4.16802e-05
 Reference value :  4.18505e-05
 Reference value :  4.20109e-05
 Reference value :  4.21803e-05
 Reference value :  4.23408e-05
 Reference value :  4.25202e-05
 Reference value :  4.26903e-05
 Reference value :  4.28808e-05
 Reference value :  4.30802e-05
 Reference value :  4.32313e-05
 Reference value :  4.34105e-05
 Reference value :  4.36201e-05
 Reference value :  4.37801e-05
 Reference value :  4.39310e-05
 Reference value :  4.41002e-05
 Reference value :  4.42519e-05
 Reference value :  4.44301e-05
 Reference value :  4.45831e-05
 Reference value :  4.47600e-05
 Reference value :  4.49113e-05
 Reference value :  4.50903e-05
 Reference value :  4.52506e-05
 Reference value :  4.54085e-05
 Reference value :  4.55701e-05
 Reference value :  4.57205e-05
 Reference value :  4.58813e-05
 Reference value :  4.60334e-05
 Reference value :  4.62002e-05
 Reference value :  4.63513e-05
 Reference value :  4.65110e-05
 Reference value :  4.66808e-05
 Reference value :  4.68409e-05
 Reference value :  4.70109e-05
 Reference value :  4.71705e-05
 Reference value :  4.73401e-05
 Reference value :  4.74917e-05
 Reference value :  4.76501e-05
 Reference value :  4.78011e-05
 Reference value :  4.79562e-05
 Reference value :  4.81202e-05
 Reference value :  4.82801e-05
 Reference value :  4.84310e-05
 Reference value :  4.85817e-05
 Reference value :  4.87506e-05
 Reference value :  4.89106e-05
 Reference value :  4.90802e-05
 Reference value :  4.92401e-05
 Reference value :  4.93910e-05
 Reference value :  4.95601e-05
 Reference value :  4.97202e-05
 Reference value :  4.99203e-05
 Reference value :  5.00801e-05
 Reference value :  5.02303e-05
 Reference value :  5.04000e-05
 Reference value :  5.05504e-05
 Reference value :  5.07101e-05
 Reference value :  5.08609e-05
 Reference value :  5.10301e-05
 Reference value :  5.11802e-05
 Reference value :  5.13402e-05
 Reference value :  5.15100e-05
 Reference value :  5.16601e-05
 Reference value :  5.18103e-05
 Reference value :  5.19708e-05
 Reference value :  5.21209e-05
 Reference value :  5.22900e-05
 Reference value :  5.24211e-05
 Reference value :  5.25741e-05
 Reference value :  5.27466e-05
 Reference value :  5.29200e-05
 Reference value :  5.30718e-05
 Reference value :  5.32301e-05
 Reference value :  5.33801e-05
 Reference value :  5.35308e-05
 Reference value :  5.36809e-05
 Reference value :  5.38311e-05
 Reference value :  5.40001e-05
 Reference value :  5.41606e-05
 Reference value :  5.43279e-05
 Reference value :  5.44803e-05
 Reference value :  5.46401e-05
 Reference value :  5.47910e-05
 Reference value :  5.49701e-05
 Reference value :  5.51206e-05
 Reference value :  5.52901e-05
 Reference value :  5.54407e-05
 Reference value :  5.56011e-05
 Reference value :  5.57701e-05
 Reference value :  5.59301e-05
 Reference value :  5.61302e-05
 Reference value :  5.62902e-05
 Reference value :  5.64408e-05
 Reference value :  5.66102e-05
 Reference value :  5.67604e-05
 Reference value :  5.69210e-05
 Reference value :  5.70901e-05
 Reference value :  5.72506e-05
 Reference value :  5.74200e-05
 Reference value :  5.75808e-05
 Reference value :  5.77502e-05
 Reference value :  5.79006e-05
 Reference value :  5.80610e-05
 Reference value :  5.82129e-05
 Reference value :  5.83808e-05
 Reference value :  5.85402e-05
 Reference value :  5.86907e-05
 Reference value :  5.88601e-05
 Reference value :  5.90401e-05
 Reference value :  5.92001e-05
 Reference value :  5.93510e-05
 Reference value :  5.95202e-05
 Reference value :  5.96806e-05
 Reference value :  5.98308e-05
 Reference value :  6.00001e-05
 Reference value :  6.01602e-05
 Reference value :  6.03118e-05
 Reference value :  6.04808e-05
 Reference value :  6.06414e-05
 Reference value :  6.08102e-05
 Reference value :  6.09701e-05
 Reference value :  6.11401e-05
 Reference value :  6.12904e-05
 Reference value :  6.14708e-05
 Reference value :  6.16503e-05
 Reference value :  6.18102e-05
 Reference value :  6.19803e-05
 Reference value :  6.21901e-05
 Reference value :  6.23508e-05
 Reference value :  6.25201e-05
 Reference value :  6.26806e-05
 Reference value :  6.28501e-05
 Reference value :  6.30111e-05
 Reference value :  6.31809e-05
 Reference value :  6.33604e-05
 Reference value :  6.35202e-05
 Reference value :  6.36901e-05
 Reference value :  6.38411e-05
 Reference value :  6.40006e-05
 Reference value :  6.41700e-05
 Reference value :  6.43204e-05
 Reference value :  6.44801e-05
 Reference value :  6.46317e-05
 Reference value :  6.48106e-05
 Reference value :  6.49806e-05
 Reference value :  6.51408e-05
 Reference value :  6.53106e-05
 Reference value :  6.54709e-05
 Reference value :  6.56402e-05
 Reference value :  6.57908e-05
 Reference value :  6.59702e-05
 Reference value :  6.61301e-05
 Reference value :  6.63000e-05
 Reference value :  6.64604e-05
 Reference value :  6.66303e-05
 Reference value :  6.67956e-05
 Reference value :  6.69605e-05
 Reference value :  6.71206e-05
 Reference value :  6.73200e-05
 Reference value :  6.74822e-05
 Reference value :  6.76504e-05
 Reference value :  6.78007e-05
 Reference value :  6.79800e-05
 Reference value :  6.81304e-05
 Reference value :  6.82909e-05
 Reference value :  6.85201e-05
 Reference value :  6.87304e-05
 Reference value :  6.88902e-05
 Reference value :  6.90406e-05
 Reference value :  6.92101e-05
 Reference value :  6.93602e-05
 Reference value :  6.95103e-05
 Reference value :  6.96702e-05
 Reference value :  6.98401e-05
 Reference value :  6.99902e-05
 Reference value :  7.01501e-05
 Reference value :  7.03001e-05
 Reference value :  7.04502e-05
 Reference value :  7.06009e-05
 Reference value :  7.07701e-05
 Reference value :  7.09302e-05
 Reference value :  7.11301e-05
 Reference value :  7.12804e-05
 Reference value :  7.14410e-05
 Reference value :  7.16100e-05
 Reference value :  7.17603e-05
 Reference value :  7.19103e-05
 Reference value :  7.20906e-05
 Reference value :  7.22509e-05
 Reference value :  7.24009e-05
 Reference value :  7.25505e-05
 Reference value :  7.27006e-05
 Reference value :  7.28511e-05
 Reference value :  7.30201e-05
 Reference value :  7.31802e-05
 Reference value :  7.33501e-05
 Reference value :  7.35008e-05
 Reference value :  7.36606e-05
 Reference value :  7.38109e-05
 Reference value :  7.39800e-05
 Reference value :  7.41110e-05
 Reference value :  7.42801e-05
 Reference value :  7.44304e-05
 Reference value :  7.45998e-05
 Reference value :  7.47602e-05
 Reference value :  7.49108e-05
 Reference value :  7.50702e-05
 Reference value :  7.52209e-05
 Reference value :  7.53709e-05
 Reference value :  7.55400e-05
 Reference value :  7.56872e-05
 Reference value :  7.58401e-05
 Reference value :  7.59909e-05
 Reference value :  7.61700e-05
 Reference value :  7.63200e-05
 Reference value :  7.64701e-05
 Reference value :  7.66201e-05
 Reference value :  7.67704e-05
 Reference value :  7.69301e-05
 Reference value :  7.70816e-05
 Reference value :  7.72505e-05
 Reference value :  7.74015e-05
 Reference value :  7.75802e-05
 Reference value :  7.77710e-05
 Reference value :  7.79402e-05
 Reference value :  7.80912e-05
 Reference value :  7.82501e-05
 Reference value :  7.84020e-05
 Reference value :  7.85701e-05
 Reference value :  7.87301e-05
 Reference value :  7.88810e-05
 Reference value :  7.90503e-05
 Reference value :  7.92102e-05
 Reference value :  7.93801e-05
 Reference value :  7.95304e-05
 Reference value :  7.96871e-05
 Reference value :  7.98414e-05
No. of Data Rows : 481746
t_flip              =  2.93718e-05
vos_v               =  -1.06282e-02
m_dut_vos = -1.062823000e-02
Note: Simulation executed from .control section 

Warning: m=xx on .subckt line will override multiplier m hierarchy!

Note: Starting dynamic gmin stepping
Note: Dynamic gmin stepping completed
