
Note: Compatibility modes selected: hs a


Circuit: * comparator-kickback-vosprobe @ tt_27c_3.30v -- generated by sim/harness, do not edit

Doing analysis at TEMP = 27.000000 and TNOM = 27.000000

Using SPARSE 1.3 as Direct Linear Solver

Initial Transient Solution
--------------------------

Node                                   Voltage
----                                   -------
vdd                                        3.3
cm                                        1.65
clk                                          0
rmp                                      -0.04
vp                                        1.63
vn                                        1.67
ibn                                    1.00167
xdut.xlayout_dut.sp__t2            4.31139e-09
xdut.xlayout_dut.qp__t6                    3.3
xdut.xlayout_dut.vss__t17          3.42067e-11
xdut.xlayout_dut.vss__t2           4.11322e-20
xdut.xlayout_dut.dout__t3              1.61162
xdut.xlayout_dut.sp__t3            4.38767e-09
xdut.xlayout_dut.vss__t25          1.56155e-13
xdut.xlayout_dut.vss__t3           1.80458e-11
xdut.xlayout_dut.dout__t2              1.60455
xdut.xlayout_dut.doutb__t0             1.61476
xdut.xlayout_dut.vss__t24           0.00201212
xdut.xlayout_dut.vss__t4           2.03646e-11
xdut.xlayout_dut.ibias__t0             1.00039
xdut.xlayout_dut.ibias__t1             1.00167
xdut.xlayout_dut.vss__t20          0.000254896
xdut.xlayout_dut.vss__t8           2.55062e-11
xdut.xlayout_dut.sn__t2            4.31133e-09
xdut.xlayout_dut.qn__t6                    3.3
xdut.xlayout_dut.vss__t23          3.41431e-11
xdut.xlayout_dut.vss__t5           4.10544e-20
xdut.xlayout_dut.doutb__t1             1.61476
xdut.xlayout_dut.sn__t3            4.42702e-09
xdut.xlayout_dut.vss__t22          1.56024e-13
xdut.xlayout_dut.vss__t6           1.80569e-11
xdut.xlayout_dut.doutb__t4             1.60836
xdut.xlayout_dut.dout__t4              1.61162
xdut.xlayout_dut.vss__t21           0.00199948
xdut.xlayout_dut.vss__t7           2.05909e-11
xdut.xlayout_dut.qn__t4                    3.3
xdut.xlayout_dut.qp__t0                    3.3
xdut.xlayout_dut.mn__t0                    3.3
xdut.xlayout_dut.vss__t9           4.33209e-11
xdut.xlayout_dut.mn__t1                    3.3
xdut.xlayout_dut.aop__t2               1.69802
xdut.xlayout_dut.ltail__t0             1.74757
xdut.xlayout_dut.vss__t11          3.01861e-11
xdut.xlayout_dut.atail__t0            0.691177
xdut.xlayout_dut.ibias__t2             1.00167
xdut.xlayout_dut.vss__t19           0.00049623
xdut.xlayout_dut.vss__t13          1.69482e-11
xdut.xlayout_dut.qp__t1                    3.3
xdut.xlayout_dut.qn__t5                    3.3
xdut.xlayout_dut.mp__t2                    3.3
xdut.xlayout_dut.vss__t10          4.33989e-11
xdut.xlayout_dut.ltail__t1             1.74757
xdut.xlayout_dut.clk__t2                     0
xdut.xlayout_dut.vss__t18          6.63857e-13
xdut.xlayout_dut.vss__t14          9.43823e-12
xdut.xlayout_dut.mp__t1                    3.3
xdut.xlayout_dut.aon__t0                2.3965
xdut.xlayout_dut.ltail__t2             1.74757
xdut.xlayout_dut.vss__t12          3.04889e-11
xdut.xlayout_dut.aon__t1               2.39591
xdut.xlayout_dut.vinp__t0                 1.63
xdut.xlayout_dut.atail__t1            0.691753
xdut.xlayout_dut.vss__t15          4.92783e-09
xdut.xlayout_dut.aop__t1               1.69642
xdut.xlayout_dut.vinn__t0                 1.67
xdut.xlayout_dut.atail__t2            0.692114
xdut.xlayout_dut.vss__t16          5.76182e-11
xdut.xlayout_dut.mn__t2                    3.3
xdut.xlayout_dut.clk__t0                     0
xdut.xlayout_dut.vdd__t0                   3.3
xdut.xlayout_dut.vdd__t1                   3.3
xdut.xlayout_dut.qn__t1                    3.3
xdut.xlayout_dut.clk__t1                     0
xdut.xlayout_dut.vdd__t2                   3.3
xdut.xlayout_dut.vdd__t3                   3.3
xdut.xlayout_dut.sp__t0             4.5548e-09
xdut.xlayout_dut.qp__t2                    3.3
xdut.xlayout_dut.vdd__t4                   3.3
xdut.xlayout_dut.vdd__t5                   3.3
xdut.xlayout_dut.mp__t0                    3.3
xdut.xlayout_dut.clk__t4                     0
xdut.xlayout_dut.vdd__t21                  3.3
xdut.xlayout_dut.vdd__t20                  3.3
xdut.xlayout_dut.qn__t0                    3.3
xdut.xlayout_dut.qp__t3                    3.3
xdut.xlayout_dut.vdd__t6                   3.3
xdut.xlayout_dut.vdd__t7                   3.3
xdut.xlayout_dut.qp__t4                    3.3
xdut.xlayout_dut.clk__t3                     0
xdut.xlayout_dut.vdd__t19                  3.3
xdut.xlayout_dut.vdd__t18                  3.3
xdut.xlayout_dut.na__t1                3.16701
xdut.xlayout_dut.sp__t1            4.38767e-09
xdut.xlayout_dut.vdd__t23              3.29728
xdut.xlayout_dut.vdd__t8                   3.3
xdut.xlayout_dut.dout__t0              1.61681
xdut.xlayout_dut.doutb__t2             1.61476
xdut.xlayout_dut.na__t0                3.16448
xdut.xlayout_dut.vdd__t13                  3.3
xdut.xlayout_dut.sn__t0            4.60878e-09
xdut.xlayout_dut.qn__t3                    3.3
xdut.xlayout_dut.vdd__t17                  3.3
xdut.xlayout_dut.vdd__t16                  3.3
xdut.xlayout_dut.qp__t5                    3.3
xdut.xlayout_dut.qn__t2                    3.3
xdut.xlayout_dut.vdd__t15                  3.3
xdut.xlayout_dut.vdd__t14                  3.3
xdut.xlayout_dut.nb__t1                3.16747
xdut.xlayout_dut.sn__t1            4.42702e-09
xdut.xlayout_dut.vdd__t22              3.29706
xdut.xlayout_dut.vdd__t12                  3.3
xdut.xlayout_dut.doutb__t3             1.62868
xdut.xlayout_dut.dout__t1              1.61162
xdut.xlayout_dut.nb__t0                3.16096
xdut.xlayout_dut.vdd__t11                  3.3
xdut.xlayout_dut.aon__t2               2.39673
xdut.xlayout_dut.x$28.11               2.39737
xdut.xlayout_dut.vss__t0                     0
xdut.xlayout_dut.x$28.21               3.29843
xdut.xlayout_dut.vdd__t10              3.29907
xdut.xlayout_dut.aop__t0               1.69847
xdut.xlayout_dut.x$29.11               1.69959
xdut.xlayout_dut.vss__t1                     0
xdut.xlayout_dut.x$29.21               3.29822
xdut.xlayout_dut.vdd__t9               3.29934
xdut.xlayout_dut.aon                    2.3965
vsubs                                        0
xdut.xlayout_dut.aop                   1.69802
xdut.xlayout_dut.atail                0.691676
dout                                   1.61162
doutb                                  1.61476
xdut.xlayout_dut.ltail                 1.74757
xdut.xlayout_dut.mn                        3.3
xdut.xlayout_dut.mp                        3.3
xdut.xlayout_dut.na                    3.16574
xdut.xlayout_dut.nb                    3.16421
xdut.xlayout_dut.qn                        3.3
xdut.xlayout_dut.qp                        3.3
xdut.xlayout_dut.sn                4.42702e-09
xdut.xlayout_dut.sp                4.38767e-09
dn                                     0.48837
bdn#branch                                   0
bnn#branch                         1.17161e-18
bpp#branch                          3.4199e-19
vrmp#branch                                  0
vclk#branch                                  0
vcm#branch                                   0
vsup#branch                       -0.000371144

 Reference value :  1.00211e-07
 Reference value :  2.70069e-07
 Reference value :  4.30619e-07
 Reference value :  6.00196e-07
 Reference value :  7.80240e-07
 Reference value :  9.31137e-07
 Reference value :  1.12254e-06
 Reference value :  1.29035e-06
 Reference value :  1.44151e-06
 Reference value :  1.60027e-06
 Reference value :  1.75133e-06
 Reference value :  1.93021e-06
 Reference value :  2.10041e-06
 Reference value :  2.26501e-06
 Reference value :  2.43041e-06
 Reference value :  2.59097e-06
 Reference value :  2.74125e-06
 Reference value :  2.91031e-06
 Reference value :  3.07097e-06
 Reference value :  3.24037e-06
 Reference value :  3.39121e-06
 Reference value :  3.55012e-06
 Reference value :  3.70088e-06
 Reference value :  3.87198e-06
 Reference value :  4.03098e-06
 Reference value :  4.20066e-06
 Reference value :  4.36021e-06
 Reference value :  4.51097e-06
 Reference value :  4.66099e-06
 Reference value :  4.81511e-06
 Reference value :  4.98229e-06
 Reference value :  5.14075e-06
 Reference value :  5.29129e-06
 Reference value :  5.46014e-06
 Reference value :  5.62094e-06
 Reference value :  5.79011e-06
 Reference value :  5.95022e-06
 Reference value :  6.10103e-06
 Reference value :  6.27047e-06
 Reference value :  6.44245e-06
 Reference value :  6.61183e-06
 Reference value :  6.78079e-06
 Reference value :  6.94020e-06
 Reference value :  7.11009e-06
 Reference value :  7.26011e-06
 Reference value :  7.41076e-06
 Reference value :  7.59034e-06
 Reference value :  7.77002e-06
 Reference value :  7.93083e-06
 Reference value :  8.10049e-06
 Reference value :  8.26313e-06
 Reference value :  8.43053e-06
 Reference value :  8.59054e-06
 Reference value :  8.74272e-06
 Reference value :  8.91014e-06
 Reference value :  9.07020e-06
 Reference value :  9.23002e-06
 Reference value :  9.40020e-06
 Reference value :  9.57016e-06
 Reference value :  9.72008e-06
 Reference value :  9.88019e-06
 Reference value :  1.00304e-05
 Reference value :  1.02002e-05
 Reference value :  1.03504e-05
 Reference value :  1.05301e-05
 Reference value :  1.06805e-05
 Reference value :  1.08410e-05
 Reference value :  1.10104e-05
 Reference value :  1.11706e-05
 Reference value :  1.13402e-05
 Reference value :  1.15006e-05
 Reference value :  1.16701e-05
 Reference value :  1.18203e-05
 Reference value :  1.19809e-05
 Reference value :  1.21606e-05
 Reference value :  1.23601e-05
 Reference value :  1.25201e-05
 Reference value :  1.26707e-05
 Reference value :  1.28401e-05
 Reference value :  1.30001e-05
 Reference value :  1.31512e-05
 Reference value :  1.33208e-05
 Reference value :  1.34817e-05
 Reference value :  1.36509e-05
 Reference value :  1.38107e-05
 Reference value :  1.39802e-05
 Reference value :  1.41307e-05
 Reference value :  1.42910e-05
 Reference value :  1.44601e-05
 Reference value :  1.46201e-05
 Reference value :  1.47752e-05
 Reference value :  1.49501e-05
 Reference value :  1.51006e-05
 Reference value :  1.52701e-05
 Reference value :  1.54205e-05
 Reference value :  1.55812e-05
 Reference value :  1.57503e-05
 Reference value :  1.59106e-05
 Reference value :  1.60802e-05
 Reference value :  1.62407e-05
 Reference value :  1.64106e-05
 Reference value :  1.65901e-05
 Reference value :  1.67505e-05
 Reference value :  1.69302e-05
 Reference value :  1.71003e-05
 Reference value :  1.72801e-05
 Reference value :  1.74402e-05
 Reference value :  1.76202e-05
 Reference value :  1.77914e-05
 Reference value :  1.80102e-05
 Reference value :  1.81802e-05
 Reference value :  1.83401e-05
 Reference value :  1.85100e-05
 Reference value :  1.86707e-05
 Reference value :  1.88405e-05
 Reference value :  1.90201e-05
 Reference value :  1.91816e-05
 Reference value :  1.93606e-05
 Reference value :  1.95307e-05
 Reference value :  1.97100e-05
 Reference value :  1.98702e-05
 Reference value :  2.00502e-05
 Reference value :  2.02302e-05
 Reference value :  2.04001e-05
 Reference value :  2.05602e-05
 Reference value :  2.07301e-05
 Reference value :  2.08909e-05
 Reference value :  2.10712e-05
 Reference value :  2.12501e-05
 Reference value :  2.14201e-05
 Reference value :  2.15802e-05
 Reference value :  2.17602e-05
 Reference value :  2.19110e-05
 Reference value :  2.20906e-05
 Reference value :  2.22602e-05
 Reference value :  2.24401e-05
 Reference value :  2.25919e-05
 Reference value :  2.27708e-05
 Reference value :  2.29500e-05
 Reference value :  2.31080e-05
 Reference value :  2.32639e-05
 Reference value :  2.34419e-05
 Reference value :  2.36208e-05
 Reference value :  2.37906e-05
 Reference value :  2.39510e-05
 Reference value :  2.41302e-05
 Reference value :  2.43030e-05
 Reference value :  2.44911e-05
 Reference value :  2.46601e-05
 Reference value :  2.48211e-05
 Reference value :  2.50001e-05
 Reference value :  2.51701e-05
 Reference value :  2.53459e-05
 Reference value :  2.55024e-05
 Reference value :  2.56902e-05
 Reference value :  2.58602e-05
 Reference value :  2.60401e-05
 Reference value :  2.62013e-05
 Reference value :  2.63801e-05
 Reference value :  2.65517e-05
 Reference value :  2.67303e-05
 Reference value :  2.68906e-05
 Reference value :  2.70602e-05
 Reference value :  2.72210e-05
 Reference value :  2.74200e-05
 Reference value :  2.75819e-05
 Reference value :  2.77602e-05
 Reference value :  2.79315e-05
 Reference value :  2.81101e-05
 Reference value :  2.82934e-05
 Reference value :  2.84525e-05
 Reference value :  2.86301e-05
 Reference value :  2.88006e-05
 Reference value :  2.89800e-05
 Reference value :  2.91601e-05
 Reference value :  2.93202e-05
 Reference value :  2.94901e-05
 Reference value :  2.96511e-05
 Reference value :  2.98306e-05
 Reference value :  3.00106e-05
 Reference value :  3.01801e-05
 Reference value :  3.03408e-05
 Reference value :  3.05109e-05
 Reference value :  3.06900e-05
 Reference value :  3.08809e-05
 Reference value :  3.10809e-05
 Reference value :  3.12607e-05
 Reference value :  3.14501e-05
 Reference value :  3.16804e-05
 Reference value :  3.18911e-05
 Reference value :  3.21300e-05
 Reference value :  3.22912e-05
 Reference value :  3.24623e-05
 Reference value :  3.26502e-05
 Reference value :  3.28207e-05
 Reference value :  3.30001e-05
 Reference value :  3.31801e-05
 Reference value :  3.33402e-05
 Reference value :  3.35107e-05
 Reference value :  3.36901e-05
 Reference value :  3.38702e-05
 Reference value :  3.40501e-05
 Reference value :  3.42106e-05
 Reference value :  3.43807e-05
 Reference value :  3.45611e-05
 Reference value :  3.47506e-05
 Reference value :  3.49310e-05
 Reference value :  3.51105e-05
 Reference value :  3.52806e-05
 Reference value :  3.54702e-05
 Reference value :  3.56502e-05
 Reference value :  3.58206e-05
 Reference value :  3.60000e-05
 Reference value :  3.61607e-05
 Reference value :  3.63401e-05
 Reference value :  3.65127e-05
 Reference value :  3.67006e-05
 Reference value :  3.68708e-05
 Reference value :  3.70501e-05
 Reference value :  3.72403e-05
 Reference value :  3.74201e-05
 Reference value :  3.76202e-05
 Reference value :  3.78000e-05
 Reference value :  3.79800e-05
 Reference value :  3.81404e-05
 Reference value :  3.83401e-05
 Reference value :  3.85303e-05
 Reference value :  3.87301e-05
 Reference value :  3.89100e-05
 Reference value :  3.90611e-05
 Reference value :  3.92405e-05
 Reference value :  3.94173e-05
 Reference value :  3.96005e-05
 Reference value :  3.97665e-05
 Reference value :  3.99412e-05
 Reference value :  4.01402e-05
 Reference value :  4.03008e-05
 Reference value :  4.04703e-05
 Reference value :  4.06500e-05
 Reference value :  4.08014e-05
 Reference value :  4.09805e-05
 Reference value :  4.11408e-05
 Reference value :  4.13117e-05
 Reference value :  4.14904e-05
 Reference value :  4.16701e-05
 Reference value :  4.18321e-05
 Reference value :  4.20104e-05
 Reference value :  4.21812e-05
 Reference value :  4.23602e-05
 Reference value :  4.25207e-05
 Reference value :  4.26902e-05
 Reference value :  4.28515e-05
 Reference value :  4.30202e-05
 Reference value :  4.32004e-05
 Reference value :  4.33609e-05
 Reference value :  4.35303e-05
 Reference value :  4.36912e-05
 Reference value :  4.38801e-05
 Reference value :  4.40502e-05
 Reference value :  4.42302e-05
 Reference value :  4.44301e-05
 Reference value :  4.46101e-05
 Reference value :  4.47702e-05
 Reference value :  4.49502e-05
 Reference value :  4.51602e-05
 Reference value :  4.53301e-05
 Reference value :  4.54817e-05
 Reference value :  4.56608e-05
 Reference value :  4.58209e-05
 Reference value :  4.60001e-05
 Reference value :  4.61704e-05
 Reference value :  4.63501e-05
 Reference value :  4.65101e-05
 Reference value :  4.66803e-05
 Reference value :  4.68412e-05
 Reference value :  4.70103e-05
 Reference value :  4.71706e-05
 Reference value :  4.73401e-05
 Reference value :  4.75001e-05
 Reference value :  4.76505e-05
 Reference value :  4.78150e-05
 Reference value :  4.79701e-05
 Reference value :  4.81438e-05
 Reference value :  4.83102e-05
 Reference value :  4.84800e-05
 Reference value :  4.86303e-05
 Reference value :  4.87815e-05
 Reference value :  4.89406e-05
 Reference value :  4.90909e-05
 Reference value :  4.92601e-05
 Reference value :  4.94103e-05
 Reference value :  4.95607e-05
 Reference value :  4.97351e-05
 Reference value :  4.98905e-05
 Reference value :  5.00406e-05
 Reference value :  5.02001e-05
 Reference value :  5.03701e-05
 Reference value :  5.05309e-05
 Reference value :  5.07002e-05
 Reference value :  5.08602e-05
 Reference value :  5.10114e-05
 Reference value :  5.11807e-05
 Reference value :  5.13600e-05
 Reference value :  5.15704e-05
 Reference value :  5.17306e-05
 Reference value :  5.18950e-05
 Reference value :  5.20502e-05
 Reference value :  5.22106e-05
 Reference value :  5.23801e-05
 Reference value :  5.25329e-05
 Reference value :  5.27101e-05
 Reference value :  5.28709e-05
 Reference value :  5.30410e-05
 Reference value :  5.32201e-05
 Reference value :  5.33810e-05
 Reference value :  5.35506e-05
 Reference value :  5.37106e-05
 Reference value :  5.38801e-05
 Reference value :  5.40404e-05
 Reference value :  5.41902e-05
 Reference value :  5.43452e-05
 Reference value :  5.45209e-05
 Reference value :  5.47002e-05
 Reference value :  5.48802e-05
 Reference value :  5.50312e-05
 Reference value :  5.52102e-05
 Reference value :  5.53748e-05
 Reference value :  5.55377e-05
 Reference value :  5.57101e-05
 Reference value :  5.58702e-05
 Reference value :  5.60401e-05
 Reference value :  5.62203e-05
 Reference value :  5.63812e-05
 Reference value :  5.65602e-05
 Reference value :  5.67306e-05
 Reference value :  5.69106e-05
 Reference value :  5.70901e-05
 Reference value :  5.72700e-05
 Reference value :  5.74307e-05
 Reference value :  5.76030e-05
 Reference value :  5.77801e-05
 Reference value :  5.79413e-05
 Reference value :  5.81526e-05
 Reference value :  5.83301e-05
 Reference value :  5.85004e-05
 Reference value :  5.86612e-05
 Reference value :  5.88304e-05
 Reference value :  5.90100e-05
 Reference value :  5.91701e-05
 Reference value :  5.93502e-05
 Reference value :  5.95203e-05
 Reference value :  5.97001e-05
 Reference value :  5.98606e-05
 Reference value :  6.00118e-05
 Reference value :  6.01902e-05
 Reference value :  6.03601e-05
 Reference value :  6.05208e-05
 Reference value :  6.06901e-05
 Reference value :  6.08411e-05
 Reference value :  6.10201e-05
 Reference value :  6.12002e-05
 Reference value :  6.13800e-05
 Reference value :  6.15411e-05
 Reference value :  6.17201e-05
 Reference value :  6.18977e-05
 Reference value :  6.20516e-05
 Reference value :  6.22302e-05
 Reference value :  6.24001e-05
 Reference value :  6.25603e-05
 Reference value :  6.27311e-05
 Reference value :  6.29101e-05
 Reference value :  6.30611e-05
 Reference value :  6.32401e-05
 Reference value :  6.34200e-05
 Reference value :  6.35704e-05
 Reference value :  6.37636e-05
 Reference value :  6.39601e-05
 Reference value :  6.41400e-05
 Reference value :  6.43008e-05
 Reference value :  6.45008e-05
 Reference value :  6.46801e-05
 Reference value :  6.48406e-05
 Reference value :  6.50102e-05
 Reference value :  6.51702e-05
 Reference value :  6.53501e-05
 Reference value :  6.55202e-05
 Reference value :  6.57004e-05
 Reference value :  6.58605e-05
 Reference value :  6.60312e-05
 Reference value :  6.62101e-05
 Reference value :  6.63609e-05
 Reference value :  6.65210e-05
 Reference value :  6.66905e-05
 Reference value :  6.68509e-05
 Reference value :  6.70206e-05
 Reference value :  6.72012e-05
 Reference value :  6.73616e-05
 Reference value :  6.75412e-05
 Reference value :  6.77102e-05
 Reference value :  6.78706e-05
 Reference value :  6.80401e-05
 Reference value :  6.81912e-05
 Reference value :  6.83703e-05
 Reference value :  6.85502e-05
 Reference value :  6.87111e-05
 Reference value :  6.88902e-05
 Reference value :  6.90604e-05
 Reference value :  6.92402e-05
 Reference value :  6.94011e-05
 Reference value :  6.95802e-05
 Reference value :  6.97505e-05
 Reference value :  6.99409e-05
 Reference value :  7.01101e-05
 Reference value :  7.02605e-05
 Reference value :  7.04401e-05
 Reference value :  7.06005e-05
 Reference value :  7.07702e-05
 Reference value :  7.10027e-05
 Reference value :  7.12201e-05
 Reference value :  7.13801e-05
 Reference value :  7.15314e-05
 Reference value :  7.17002e-05
 Reference value :  7.18524e-05
 Reference value :  7.20112e-05
 Reference value :  7.21901e-05
 Reference value :  7.23602e-05
 Reference value :  7.25201e-05
 Reference value :  7.26711e-05
 Reference value :  7.28401e-05
 Reference value :  7.29980e-05
 Reference value :  7.31510e-05
 Reference value :  7.33207e-05
 Reference value :  7.35001e-05
 Reference value :  7.36903e-05
 Reference value :  7.38601e-05
 Reference value :  7.40109e-05
 Reference value :  7.41709e-05
 Reference value :  7.43401e-05
 Reference value :  7.45001e-05
 Reference value :  7.46810e-05
 Reference value :  7.48501e-05
 Reference value :  7.50001e-05
 Reference value :  7.51503e-05
 Reference value :  7.53110e-05
 Reference value :  7.54805e-05
 Reference value :  7.56601e-05
 Reference value :  7.58404e-05
 Reference value :  7.60136e-05
 Reference value :  7.61705e-05
 Reference value :  7.63306e-05
 Reference value :  7.65002e-05
 Reference value :  7.66503e-05
 Reference value :  7.68102e-05
 Reference value :  7.69612e-05
 Reference value :  7.71412e-05
 Reference value :  7.73104e-05
 Reference value :  7.74705e-05
 Reference value :  7.76401e-05
 Reference value :  7.78002e-05
 Reference value :  7.79508e-05
 Reference value :  7.81202e-05
 Reference value :  7.82718e-05
 Reference value :  7.84311e-05
 Reference value :  7.86112e-05
 Reference value :  7.87801e-05
 Reference value :  7.89305e-05
 Reference value :  7.90916e-05
 Reference value :  7.92604e-05
 Reference value :  7.94210e-05
 Reference value :  7.96001e-05
 Reference value :  7.97703e-05
 Reference value :  7.99302e-05
No. of Data Rows : 469921
t_flip              =  3.18019e-05
vos_v               =  -8.19812e-03
m_dut_vos = -8.198120000e-03
Note: Simulation executed from .control section 

Warning: m=xx on .subckt line will override multiplier m hierarchy!

Note: Starting dynamic gmin stepping
Note: Dynamic gmin stepping completed
