
Note: No compatibility mode selected!


Circuit: * comparator-offset-mc @ ff_-40c_3.63v -- generated by sim/harness, do not edit

Reset re-loads circuit * comparator-offset-mc @ ff_-40c_3.63v -- generated by sim/harness, do not edit

Circuit: * comparator-offset-mc @ ff_-40c_3.63v -- generated by sim/harness, do not edit

Doing analysis at TEMP = -40.000000 and TNOM = 27.000000

Using SPARSE 1.3 as Direct Linear Solver

No. of Data Rows : 6
voa = 1.4930679417e-03
ddc = -2.991146793e-07
dde = 2.9553402173e-07
Reset re-loads circuit * comparator-offset-mc @ ff_-40c_3.63v -- generated by sim/harness, do not edit

Circuit: * comparator-offset-mc @ ff_-40c_3.63v -- generated by sim/harness, do not edit

Doing analysis at TEMP = -40.000000 and TNOM = 27.000000

Using SPARSE 1.3 as Direct Linear Solver

No. of Data Rows : 6
voa = 1.4259002228e-03
ddc = -2.729865486e-07
dde = 2.7311620890e-07
Reset re-loads circuit * comparator-offset-mc @ ff_-40c_3.63v -- generated by sim/harness, do not edit

Circuit: * comparator-offset-mc @ ff_-40c_3.63v -- generated by sim/harness, do not edit

Doing analysis at TEMP = -40.000000 and TNOM = 27.000000

Using SPARSE 1.3 as Direct Linear Solver

No. of Data Rows : 6
voa = -1.002454758e-03
ddc = 1.9062915372e-07
dde = -1.895302976e-07
Reset re-loads circuit * comparator-offset-mc @ ff_-40c_3.63v -- generated by sim/harness, do not edit

Circuit: * comparator-offset-mc @ ff_-40c_3.63v -- generated by sim/harness, do not edit

Doing analysis at TEMP = -40.000000 and TNOM = 27.000000

Using SPARSE 1.3 as Direct Linear Solver

No. of Data Rows : 6
voa = 2.8194599880e-04
ddc = -5.645467751e-08
dde = 5.6406009928e-08
Reset re-loads circuit * comparator-offset-mc @ ff_-40c_3.63v -- generated by sim/harness, do not edit

Circuit: * comparator-offset-mc @ ff_-40c_3.63v -- generated by sim/harness, do not edit

Doing analysis at TEMP = -40.000000 and TNOM = 27.000000

Using SPARSE 1.3 as Direct Linear Solver

No. of Data Rows : 6
voa = -4.304795580e-04
ddc = 8.4400135469e-08
dde = -7.907648078e-08
Reset re-loads circuit * comparator-offset-mc @ ff_-40c_3.63v -- generated by sim/harness, do not edit

Circuit: * comparator-offset-mc @ ff_-40c_3.63v -- generated by sim/harness, do not edit

Doing analysis at TEMP = -40.000000 and TNOM = 27.000000

Using SPARSE 1.3 as Direct Linear Solver

No. of Data Rows : 6
voa = 1.8378371378e-03
ddc = -3.424638403e-07
dde = 3.4864772130e-07
Reset re-loads circuit * comparator-offset-mc @ ff_-40c_3.63v -- generated by sim/harness, do not edit

Circuit: * comparator-offset-mc @ ff_-40c_3.63v -- generated by sim/harness, do not edit

Doing analysis at TEMP = -40.000000 and TNOM = 27.000000

Using SPARSE 1.3 as Direct Linear Solver

No. of Data Rows : 6
voa = 1.8598010562e-03
ddc = -3.517070700e-07
dde = 3.5844072992e-07
Reset re-loads circuit * comparator-offset-mc @ ff_-40c_3.63v -- generated by sim/harness, do not edit

Circuit: * comparator-offset-mc @ ff_-40c_3.63v -- generated by sim/harness, do not edit

Doing analysis at TEMP = -40.000000 and TNOM = 27.000000

Using SPARSE 1.3 as Direct Linear Solver

No. of Data Rows : 6
voa = -1.522588766e-04
ddc = 3.3158597559e-08
dde = -3.332533885e-08
Reset re-loads circuit * comparator-offset-mc @ ff_-40c_3.63v -- generated by sim/harness, do not edit

Circuit: * comparator-offset-mc @ ff_-40c_3.63v -- generated by sim/harness, do not edit

Doing analysis at TEMP = -40.000000 and TNOM = 27.000000

Using SPARSE 1.3 as Direct Linear Solver

No. of Data Rows : 6
voa = 1.2541656526e-03
ddc = -2.341319431e-07
dde = 2.1346832822e-07
Reset re-loads circuit * comparator-offset-mc @ ff_-40c_3.63v -- generated by sim/harness, do not edit

Circuit: * comparator-offset-mc @ ff_-40c_3.63v -- generated by sim/harness, do not edit

Doing analysis at TEMP = -40.000000 and TNOM = 27.000000

Using SPARSE 1.3 as Direct Linear Solver

No. of Data Rows : 6
voa = -6.808036572e-04
ddc = 1.2027891539e-07
dde = -1.195618779e-07
Reset re-loads circuit * comparator-offset-mc @ ff_-40c_3.63v -- generated by sim/harness, do not edit

Circuit: * comparator-offset-mc @ ff_-40c_3.63v -- generated by sim/harness, do not edit

Doing analysis at TEMP = -40.000000 and TNOM = 27.000000

Using SPARSE 1.3 as Direct Linear Solver

No. of Data Rows : 6
voa = -3.551938004e-03
ddc = 6.9886328781e-07
dde = -6.974058803e-07
Reset re-loads circuit * comparator-offset-mc @ ff_-40c_3.63v -- generated by sim/harness, do not edit

Circuit: * comparator-offset-mc @ ff_-40c_3.63v -- generated by sim/harness, do not edit

Doing analysis at TEMP = -40.000000 and TNOM = 27.000000

Using SPARSE 1.3 as Direct Linear Solver

No. of Data Rows : 6
voa = -7.113940654e-04
ddc = 1.4340130214e-07
dde = -1.439233448e-07
Reset re-loads circuit * comparator-offset-mc @ ff_-40c_3.63v -- generated by sim/harness, do not edit

Circuit: * comparator-offset-mc @ ff_-40c_3.63v -- generated by sim/harness, do not edit

Doing analysis at TEMP = -40.000000 and TNOM = 27.000000

Using SPARSE 1.3 as Direct Linear Solver

No. of Data Rows : 6
voa = -5.837018411e-04
ddc = 1.1780700665e-07
dde = -1.178277987e-07
Reset re-loads circuit * comparator-offset-mc @ ff_-40c_3.63v -- generated by sim/harness, do not edit

Circuit: * comparator-offset-mc @ ff_-40c_3.63v -- generated by sim/harness, do not edit

Doing analysis at TEMP = -40.000000 and TNOM = 27.000000

Using SPARSE 1.3 as Direct Linear Solver

No. of Data Rows : 6
voa = -3.400573308e-04
ddc = 6.8426798128e-08
dde = -6.783978602e-08
Reset re-loads circuit * comparator-offset-mc @ ff_-40c_3.63v -- generated by sim/harness, do not edit

Circuit: * comparator-offset-mc @ ff_-40c_3.63v -- generated by sim/harness, do not edit

Doing analysis at TEMP = -40.000000 and TNOM = 27.000000

Using SPARSE 1.3 as Direct Linear Solver

No. of Data Rows : 6
voa = 3.4591450318e-03
ddc = -6.857358137e-07
dde = 6.3778884546e-07
Reset re-loads circuit * comparator-offset-mc @ ff_-40c_3.63v -- generated by sim/harness, do not edit

Circuit: * comparator-offset-mc @ ff_-40c_3.63v -- generated by sim/harness, do not edit

Doing analysis at TEMP = -40.000000 and TNOM = 27.000000

Using SPARSE 1.3 as Direct Linear Solver

No. of Data Rows : 6
voa = -5.918835559e-04
ddc = 1.2038403956e-07
dde = -1.138353484e-07
Reset re-loads circuit * comparator-offset-mc @ ff_-40c_3.63v -- generated by sim/harness, do not edit

Circuit: * comparator-offset-mc @ ff_-40c_3.63v -- generated by sim/harness, do not edit

Doing analysis at TEMP = -40.000000 and TNOM = 27.000000

Using SPARSE 1.3 as Direct Linear Solver

No. of Data Rows : 6
voa = -1.326715575e-03
ddc = 2.6756650318e-07
dde = -2.666451888e-07
Reset re-loads circuit * comparator-offset-mc @ ff_-40c_3.63v -- generated by sim/harness, do not edit

Circuit: * comparator-offset-mc @ ff_-40c_3.63v -- generated by sim/harness, do not edit

Doing analysis at TEMP = -40.000000 and TNOM = 27.000000

Using SPARSE 1.3 as Direct Linear Solver

No. of Data Rows : 6
voa = 5.3050772761e-04
ddc = -1.064320580e-07
dde = 1.0686840187e-07
Reset re-loads circuit * comparator-offset-mc @ ff_-40c_3.63v -- generated by sim/harness, do not edit

Circuit: * comparator-offset-mc @ ff_-40c_3.63v -- generated by sim/harness, do not edit

Doing analysis at TEMP = -40.000000 and TNOM = 27.000000

Using SPARSE 1.3 as Direct Linear Solver

No. of Data Rows : 6
voa = -1.818772827e-03
ddc = 3.6511416720e-07
dde = -3.587501428e-07
Reset re-loads circuit * comparator-offset-mc @ ff_-40c_3.63v -- generated by sim/harness, do not edit

Circuit: * comparator-offset-mc @ ff_-40c_3.63v -- generated by sim/harness, do not edit

Doing analysis at TEMP = -40.000000 and TNOM = 27.000000

Using SPARSE 1.3 as Direct Linear Solver

No. of Data Rows : 6
voa = -1.466308631e-03
ddc = 2.8383675476e-07
dde = -2.818798105e-07
Reset re-loads circuit * comparator-offset-mc @ ff_-40c_3.63v -- generated by sim/harness, do not edit

Circuit: * comparator-offset-mc @ ff_-40c_3.63v -- generated by sim/harness, do not edit

Doing analysis at TEMP = -40.000000 and TNOM = 27.000000

Using SPARSE 1.3 as Direct Linear Solver

No. of Data Rows : 6
voa = -2.179910535e-03
ddc = 4.1598675209e-07
dde = -4.094670975e-07
Reset re-loads circuit * comparator-offset-mc @ ff_-40c_3.63v -- generated by sim/harness, do not edit

Circuit: * comparator-offset-mc @ ff_-40c_3.63v -- generated by sim/harness, do not edit

Doing analysis at TEMP = -40.000000 and TNOM = 27.000000

Using SPARSE 1.3 as Direct Linear Solver

No. of Data Rows : 6
voa = -1.551040814e-03
ddc = 3.0339395973e-07
dde = -3.010706300e-07
Reset re-loads circuit * comparator-offset-mc @ ff_-40c_3.63v -- generated by sim/harness, do not edit

Circuit: * comparator-offset-mc @ ff_-40c_3.63v -- generated by sim/harness, do not edit

Doing analysis at TEMP = -40.000000 and TNOM = 27.000000

Using SPARSE 1.3 as Direct Linear Solver

No. of Data Rows : 6
voa = 1.4898362024e-03
ddc = -2.742446990e-07
dde = 2.6835480590e-07
Reset re-loads circuit * comparator-offset-mc @ ff_-40c_3.63v -- generated by sim/harness, do not edit

Circuit: * comparator-offset-mc @ ff_-40c_3.63v -- generated by sim/harness, do not edit

Doing analysis at TEMP = -40.000000 and TNOM = 27.000000

Using SPARSE 1.3 as Direct Linear Solver

No. of Data Rows : 6
voa = 1.0244183965e-03
ddc = -2.045135078e-07
dde = 2.0483588513e-07
Reset re-loads circuit * comparator-offset-mc @ ff_-40c_3.63v -- generated by sim/harness, do not edit

Circuit: * comparator-offset-mc @ ff_-40c_3.63v -- generated by sim/harness, do not edit

Doing analysis at TEMP = -40.000000 and TNOM = 27.000000

Using SPARSE 1.3 as Direct Linear Solver

No. of Data Rows : 6
voa = -1.445293628e-03
ddc = 2.8742206909e-07
dde = -2.788423855e-07
Reset re-loads circuit * comparator-offset-mc @ ff_-40c_3.63v -- generated by sim/harness, do not edit

Circuit: * comparator-offset-mc @ ff_-40c_3.63v -- generated by sim/harness, do not edit

Doing analysis at TEMP = -40.000000 and TNOM = 27.000000

Using SPARSE 1.3 as Direct Linear Solver

No. of Data Rows : 6
voa = 8.3328203978e-04
ddc = -1.539029802e-07
dde = 1.5183795676e-07
Reset re-loads circuit * comparator-offset-mc @ ff_-40c_3.63v -- generated by sim/harness, do not edit

Circuit: * comparator-offset-mc @ ff_-40c_3.63v -- generated by sim/harness, do not edit

Doing analysis at TEMP = -40.000000 and TNOM = 27.000000

Using SPARSE 1.3 as Direct Linear Solver

No. of Data Rows : 6
voa = 9.1201304483e-04
ddc = -1.594138425e-07
dde = 1.6058216468e-07
Reset re-loads circuit * comparator-offset-mc @ ff_-40c_3.63v -- generated by sim/harness, do not edit

Circuit: * comparator-offset-mc @ ff_-40c_3.63v -- generated by sim/harness, do not edit

Doing analysis at TEMP = -40.000000 and TNOM = 27.000000

Using SPARSE 1.3 as Direct Linear Solver

No. of Data Rows : 6
voa = 2.3696692596e-03
ddc = -4.436269806e-07
dde = 4.4857230262e-07
Reset re-loads circuit * comparator-offset-mc @ ff_-40c_3.63v -- generated by sim/harness, do not edit

Circuit: * comparator-offset-mc @ ff_-40c_3.63v -- generated by sim/harness, do not edit

Doing analysis at TEMP = -40.000000 and TNOM = 27.000000

Using SPARSE 1.3 as Direct Linear Solver

No. of Data Rows : 6
voa = 1.7663632335e-03
ddc = -3.318557788e-07
dde = 3.3322050942e-07
Reset re-loads circuit * comparator-offset-mc @ ff_-40c_3.63v -- generated by sim/harness, do not edit

Circuit: * comparator-offset-mc @ ff_-40c_3.63v -- generated by sim/harness, do not edit

Doing analysis at TEMP = -40.000000 and TNOM = 27.000000

Using SPARSE 1.3 as Direct Linear Solver

No. of Data Rows : 6
voa = 2.8345455739e-04
ddc = -6.163834376e-08
dde = 6.2241379942e-08
Reset re-loads circuit * comparator-offset-mc @ ff_-40c_3.63v -- generated by sim/harness, do not edit

Circuit: * comparator-offset-mc @ ff_-40c_3.63v -- generated by sim/harness, do not edit

Doing analysis at TEMP = -40.000000 and TNOM = 27.000000

Using SPARSE 1.3 as Direct Linear Solver

No. of Data Rows : 6
voa = 1.7949458969e-03
ddc = -3.441227600e-07
dde = 3.4947748812e-07
Reset re-loads circuit * comparator-offset-mc @ ff_-40c_3.63v -- generated by sim/harness, do not edit

Circuit: * comparator-offset-mc @ ff_-40c_3.63v -- generated by sim/harness, do not edit

Doing analysis at TEMP = -40.000000 and TNOM = 27.000000

Using SPARSE 1.3 as Direct Linear Solver

No. of Data Rows : 6
voa = -1.125108227e-03
ddc = 2.2426596657e-07
dde = -2.094851702e-07
Reset re-loads circuit * comparator-offset-mc @ ff_-40c_3.63v -- generated by sim/harness, do not edit

Circuit: * comparator-offset-mc @ ff_-40c_3.63v -- generated by sim/harness, do not edit

Doing analysis at TEMP = -40.000000 and TNOM = 27.000000

Using SPARSE 1.3 as Direct Linear Solver

No. of Data Rows : 6
voa = 9.1303291249e-04
ddc = -1.968141429e-07
dde = 1.8875347549e-07
Reset re-loads circuit * comparator-offset-mc @ ff_-40c_3.63v -- generated by sim/harness, do not edit

Circuit: * comparator-offset-mc @ ff_-40c_3.63v -- generated by sim/harness, do not edit

Doing analysis at TEMP = -40.000000 and TNOM = 27.000000

Using SPARSE 1.3 as Direct Linear Solver

No. of Data Rows : 6
voa = 1.5310025342e-03
ddc = -2.950222194e-07
dde = 2.9456896622e-07
Reset re-loads circuit * comparator-offset-mc @ ff_-40c_3.63v -- generated by sim/harness, do not edit

Circuit: * comparator-offset-mc @ ff_-40c_3.63v -- generated by sim/harness, do not edit

Doing analysis at TEMP = -40.000000 and TNOM = 27.000000

Using SPARSE 1.3 as Direct Linear Solver

No. of Data Rows : 6
voa = -1.895925996e-03
ddc = 3.6694628249e-07
dde = -3.612555536e-07
Reset re-loads circuit * comparator-offset-mc @ ff_-40c_3.63v -- generated by sim/harness, do not edit

Circuit: * comparator-offset-mc @ ff_-40c_3.63v -- generated by sim/harness, do not edit

Doing analysis at TEMP = -40.000000 and TNOM = 27.000000

Using SPARSE 1.3 as Direct Linear Solver
 Reference value :  0.00000e+00
No. of Data Rows : 6
voa = -9.385351575e-05
ddc = 1.8232706696e-08
dde = -1.820698142e-08
Reset re-loads circuit * comparator-offset-mc @ ff_-40c_3.63v -- generated by sim/harness, do not edit

Circuit: * comparator-offset-mc @ ff_-40c_3.63v -- generated by sim/harness, do not edit

Doing analysis at TEMP = -40.000000 and TNOM = 27.000000

Using SPARSE 1.3 as Direct Linear Solver

No. of Data Rows : 6
voa = 1.6932770037e-03
ddc = -3.310484207e-07
dde = 3.3760980481e-07
Reset re-loads circuit * comparator-offset-mc @ ff_-40c_3.63v -- generated by sim/harness, do not edit

Circuit: * comparator-offset-mc @ ff_-40c_3.63v -- generated by sim/harness, do not edit

Doing analysis at TEMP = -40.000000 and TNOM = 27.000000

Using SPARSE 1.3 as Direct Linear Solver

No. of Data Rows : 6
voa = 7.4715320509e-04
ddc = -1.496735776e-07
dde = 1.5035085452e-07
Reset re-loads circuit * comparator-offset-mc @ ff_-40c_3.63v -- generated by sim/harness, do not edit

Circuit: * comparator-offset-mc @ ff_-40c_3.63v -- generated by sim/harness, do not edit

Doing analysis at TEMP = -40.000000 and TNOM = 27.000000

Using SPARSE 1.3 as Direct Linear Solver

No. of Data Rows : 6
voa = 1.8679084511e-03
ddc = -3.356622930e-07
dde = 3.3891758289e-07
Reset re-loads circuit * comparator-offset-mc @ ff_-40c_3.63v -- generated by sim/harness, do not edit

Circuit: * comparator-offset-mc @ ff_-40c_3.63v -- generated by sim/harness, do not edit

Doing analysis at TEMP = -40.000000 and TNOM = 27.000000

Using SPARSE 1.3 as Direct Linear Solver

No. of Data Rows : 6
voa = 1.1107375070e-04
ddc = -1.677402151e-08
dde = 1.4577161667e-08
Reset re-loads circuit * comparator-offset-mc @ ff_-40c_3.63v -- generated by sim/harness, do not edit

Circuit: * comparator-offset-mc @ ff_-40c_3.63v -- generated by sim/harness, do not edit

Doing analysis at TEMP = -40.000000 and TNOM = 27.000000

Using SPARSE 1.3 as Direct Linear Solver

No. of Data Rows : 6
voa = 2.4831135980e-03
ddc = -4.815982954e-07
dde = 4.8683782250e-07
Reset re-loads circuit * comparator-offset-mc @ ff_-40c_3.63v -- generated by sim/harness, do not edit

Circuit: * comparator-offset-mc @ ff_-40c_3.63v -- generated by sim/harness, do not edit

Doing analysis at TEMP = -40.000000 and TNOM = 27.000000

Using SPARSE 1.3 as Direct Linear Solver

No. of Data Rows : 6
voa = 1.7393436674e-03
ddc = -3.411483691e-07
dde = 3.4482650102e-07
Reset re-loads circuit * comparator-offset-mc @ ff_-40c_3.63v -- generated by sim/harness, do not edit

Circuit: * comparator-offset-mc @ ff_-40c_3.63v -- generated by sim/harness, do not edit

Doing analysis at TEMP = -40.000000 and TNOM = 27.000000

Using SPARSE 1.3 as Direct Linear Solver

No. of Data Rows : 6
voa = 1.4998997434e-03
ddc = -2.873747462e-07
dde = 2.8685130265e-07
Reset re-loads circuit * comparator-offset-mc @ ff_-40c_3.63v -- generated by sim/harness, do not edit

Circuit: * comparator-offset-mc @ ff_-40c_3.63v -- generated by sim/harness, do not edit

Doing analysis at TEMP = -40.000000 and TNOM = 27.000000

Using SPARSE 1.3 as Direct Linear Solver

No. of Data Rows : 6
voa = -1.213364524e-03
ddc = 2.2130836148e-07
dde = -2.207700447e-07
Reset re-loads circuit * comparator-offset-mc @ ff_-40c_3.63v -- generated by sim/harness, do not edit

Circuit: * comparator-offset-mc @ ff_-40c_3.63v -- generated by sim/harness, do not edit

Doing analysis at TEMP = -40.000000 and TNOM = 27.000000

Using SPARSE 1.3 as Direct Linear Solver

No. of Data Rows : 6
voa = 3.1083390271e-03
ddc = -6.117072247e-07
dde = 4.8820144478e-07
Reset re-loads circuit * comparator-offset-mc @ ff_-40c_3.63v -- generated by sim/harness, do not edit

Circuit: * comparator-offset-mc @ ff_-40c_3.63v -- generated by sim/harness, do not edit

Doing analysis at TEMP = -40.000000 and TNOM = 27.000000

Using SPARSE 1.3 as Direct Linear Solver

No. of Data Rows : 6
voa = -1.829780250e-04
ddc = 4.9673377460e-08
dde = -5.092111459e-08
Reset re-loads circuit * comparator-offset-mc @ ff_-40c_3.63v -- generated by sim/harness, do not edit

Circuit: * comparator-offset-mc @ ff_-40c_3.63v -- generated by sim/harness, do not edit

Doing analysis at TEMP = -40.000000 and TNOM = 27.000000

Using SPARSE 1.3 as Direct Linear Solver

No. of Data Rows : 6
voa = -2.539575271e-03
ddc = 4.8644592836e-07
dde = -4.791207593e-07
Reset re-loads circuit * comparator-offset-mc @ ff_-40c_3.63v -- generated by sim/harness, do not edit

Circuit: * comparator-offset-mc @ ff_-40c_3.63v -- generated by sim/harness, do not edit

Doing analysis at TEMP = -40.000000 and TNOM = 27.000000

Using SPARSE 1.3 as Direct Linear Solver

No. of Data Rows : 6
voa = 1.2502666361e-03
ddc = -2.352159653e-07
dde = 2.3368697130e-07
Reset re-loads circuit * comparator-offset-mc @ ff_-40c_3.63v -- generated by sim/harness, do not edit

Circuit: * comparator-offset-mc @ ff_-40c_3.63v -- generated by sim/harness, do not edit

Doing analysis at TEMP = -40.000000 and TNOM = 27.000000

Using SPARSE 1.3 as Direct Linear Solver

No. of Data Rows : 6
voa = 2.1042378441e-03
ddc = -4.206827173e-07
dde = 4.1976946728e-07
Reset re-loads circuit * comparator-offset-mc @ ff_-40c_3.63v -- generated by sim/harness, do not edit

Circuit: * comparator-offset-mc @ ff_-40c_3.63v -- generated by sim/harness, do not edit

Doing analysis at TEMP = -40.000000 and TNOM = 27.000000

Using SPARSE 1.3 as Direct Linear Solver

No. of Data Rows : 6
voa = 1.8011074072e-03
ddc = -3.503467799e-07
dde = 3.5176628761e-07
Reset re-loads circuit * comparator-offset-mc @ ff_-40c_3.63v -- generated by sim/harness, do not edit

Circuit: * comparator-offset-mc @ ff_-40c_3.63v -- generated by sim/harness, do not edit

Doing analysis at TEMP = -40.000000 and TNOM = 27.000000

Using SPARSE 1.3 as Direct Linear Solver

No. of Data Rows : 6
voa = -2.854232409e-03
ddc = 5.5583954134e-07
dde = -5.497687254e-07
Reset re-loads circuit * comparator-offset-mc @ ff_-40c_3.63v -- generated by sim/harness, do not edit

Circuit: * comparator-offset-mc @ ff_-40c_3.63v -- generated by sim/harness, do not edit

Doing analysis at TEMP = -40.000000 and TNOM = 27.000000

Using SPARSE 1.3 as Direct Linear Solver

No. of Data Rows : 6
voa = -3.192863725e-05
ddc = 3.3140112169e-09
dde = -2.899485538e-09
Reset re-loads circuit * comparator-offset-mc @ ff_-40c_3.63v -- generated by sim/harness, do not edit

Circuit: * comparator-offset-mc @ ff_-40c_3.63v -- generated by sim/harness, do not edit

Doing analysis at TEMP = -40.000000 and TNOM = 27.000000

Using SPARSE 1.3 as Direct Linear Solver

No. of Data Rows : 6
voa = -1.211949054e-03
ddc = 2.5224774655e-07
dde = -2.402039052e-07
Reset re-loads circuit * comparator-offset-mc @ ff_-40c_3.63v -- generated by sim/harness, do not edit

Circuit: * comparator-offset-mc @ ff_-40c_3.63v -- generated by sim/harness, do not edit

Doing analysis at TEMP = -40.000000 and TNOM = 27.000000

Using SPARSE 1.3 as Direct Linear Solver

No. of Data Rows : 6
voa = 2.1999160252e-03
ddc = -4.087234055e-07
dde = 3.3418478779e-07
Reset re-loads circuit * comparator-offset-mc @ ff_-40c_3.63v -- generated by sim/harness, do not edit

Circuit: * comparator-offset-mc @ ff_-40c_3.63v -- generated by sim/harness, do not edit

Doing analysis at TEMP = -40.000000 and TNOM = 27.000000

Using SPARSE 1.3 as Direct Linear Solver

No. of Data Rows : 6
voa = 2.1396756924e-03
ddc = -3.987109632e-07
dde = 3.4665382271e-07
Reset re-loads circuit * comparator-offset-mc @ ff_-40c_3.63v -- generated by sim/harness, do not edit

Circuit: * comparator-offset-mc @ ff_-40c_3.63v -- generated by sim/harness, do not edit

Doing analysis at TEMP = -40.000000 and TNOM = 27.000000

Using SPARSE 1.3 as Direct Linear Solver

No. of Data Rows : 6
voa = 2.4454380063e-03
ddc = -4.549752237e-07
dde = 4.4313334214e-07
Reset re-loads circuit * comparator-offset-mc @ ff_-40c_3.63v -- generated by sim/harness, do not edit

Circuit: * comparator-offset-mc @ ff_-40c_3.63v -- generated by sim/harness, do not edit

Doing analysis at TEMP = -40.000000 and TNOM = 27.000000

Using SPARSE 1.3 as Direct Linear Solver

No. of Data Rows : 6
voa = -1.418337337e-03
ddc = 2.6642623103e-07
dde = -2.630687066e-07
Reset re-loads circuit * comparator-offset-mc @ ff_-40c_3.63v -- generated by sim/harness, do not edit

Circuit: * comparator-offset-mc @ ff_-40c_3.63v -- generated by sim/harness, do not edit

Doing analysis at TEMP = -40.000000 and TNOM = 27.000000

Using SPARSE 1.3 as Direct Linear Solver

No. of Data Rows : 6
voa = -5.164726994e-04
ddc = 8.8532372649e-08
dde = -8.752715049e-08
Reset re-loads circuit * comparator-offset-mc @ ff_-40c_3.63v -- generated by sim/harness, do not edit

Circuit: * comparator-offset-mc @ ff_-40c_3.63v -- generated by sim/harness, do not edit

Doing analysis at TEMP = -40.000000 and TNOM = 27.000000

Using SPARSE 1.3 as Direct Linear Solver

No. of Data Rows : 6
voa = 1.1999144476e-03
ddc = -2.326390217e-07
dde = 2.3357888539e-07
Reset re-loads circuit * comparator-offset-mc @ ff_-40c_3.63v -- generated by sim/harness, do not edit

Circuit: * comparator-offset-mc @ ff_-40c_3.63v -- generated by sim/harness, do not edit

Doing analysis at TEMP = -40.000000 and TNOM = 27.000000

Using SPARSE 1.3 as Direct Linear Solver

No. of Data Rows : 6
voa = -2.143402730e-03
ddc = 4.2045208500e-07
dde = -4.177467947e-07
Reset re-loads circuit * comparator-offset-mc @ ff_-40c_3.63v -- generated by sim/harness, do not edit

Circuit: * comparator-offset-mc @ ff_-40c_3.63v -- generated by sim/harness, do not edit

Doing analysis at TEMP = -40.000000 and TNOM = 27.000000

Using SPARSE 1.3 as Direct Linear Solver

No. of Data Rows : 6
voa = -1.335330464e-03
ddc = 2.6004165672e-07
dde = -2.515922666e-07
Reset re-loads circuit * comparator-offset-mc @ ff_-40c_3.63v -- generated by sim/harness, do not edit

Circuit: * comparator-offset-mc @ ff_-40c_3.63v -- generated by sim/harness, do not edit

Doing analysis at TEMP = -40.000000 and TNOM = 27.000000

Using SPARSE 1.3 as Direct Linear Solver

No. of Data Rows : 6
voa = 1.0235098602e-03
ddc = -1.837087164e-07
dde = 1.8063961289e-07
Reset re-loads circuit * comparator-offset-mc @ ff_-40c_3.63v -- generated by sim/harness, do not edit

Circuit: * comparator-offset-mc @ ff_-40c_3.63v -- generated by sim/harness, do not edit

Doing analysis at TEMP = -40.000000 and TNOM = 27.000000

Using SPARSE 1.3 as Direct Linear Solver

No. of Data Rows : 6
voa = 2.7298891565e-03
ddc = -5.320411002e-07
dde = 5.1884552931e-07
Reset re-loads circuit * comparator-offset-mc @ ff_-40c_3.63v -- generated by sim/harness, do not edit

Circuit: * comparator-offset-mc @ ff_-40c_3.63v -- generated by sim/harness, do not edit

Doing analysis at TEMP = -40.000000 and TNOM = 27.000000

Using SPARSE 1.3 as Direct Linear Solver

No. of Data Rows : 6
voa = -2.808374882e-03
ddc = 5.5643294849e-07
dde = -5.511038757e-07
Reset re-loads circuit * comparator-offset-mc @ ff_-40c_3.63v -- generated by sim/harness, do not edit

Circuit: * comparator-offset-mc @ ff_-40c_3.63v -- generated by sim/harness, do not edit

Doing analysis at TEMP = -40.000000 and TNOM = 27.000000

Using SPARSE 1.3 as Direct Linear Solver

No. of Data Rows : 6
voa = 4.2093356841e-04
ddc = -9.007568064e-08
dde = 9.0867278511e-08
Reset re-loads circuit * comparator-offset-mc @ ff_-40c_3.63v -- generated by sim/harness, do not edit

Circuit: * comparator-offset-mc @ ff_-40c_3.63v -- generated by sim/harness, do not edit

Doing analysis at TEMP = -40.000000 and TNOM = 27.000000

Using SPARSE 1.3 as Direct Linear Solver

No. of Data Rows : 6
voa = -1.183615644e-03
ddc = 2.2806484303e-07
dde = -2.148811243e-07
Reset re-loads circuit * comparator-offset-mc @ ff_-40c_3.63v -- generated by sim/harness, do not edit

Circuit: * comparator-offset-mc @ ff_-40c_3.63v -- generated by sim/harness, do not edit

Doing analysis at TEMP = -40.000000 and TNOM = 27.000000

Using SPARSE 1.3 as Direct Linear Solver

No. of Data Rows : 6
voa = -2.505698819e-03
ddc = 4.9654087728e-07
dde = -4.915259705e-07
Reset re-loads circuit * comparator-offset-mc @ ff_-40c_3.63v -- generated by sim/harness, do not edit

Circuit: * comparator-offset-mc @ ff_-40c_3.63v -- generated by sim/harness, do not edit

Doing analysis at TEMP = -40.000000 and TNOM = 27.000000

Using SPARSE 1.3 as Direct Linear Solver

No. of Data Rows : 6
voa = 1.6653392446e-03
ddc = -3.264605262e-07
dde = 3.0969243005e-07
Reset re-loads circuit * comparator-offset-mc @ ff_-40c_3.63v -- generated by sim/harness, do not edit

Circuit: * comparator-offset-mc @ ff_-40c_3.63v -- generated by sim/harness, do not edit

Doing analysis at TEMP = -40.000000 and TNOM = 27.000000

Using SPARSE 1.3 as Direct Linear Solver

No. of Data Rows : 6
voa = 1.1358475360e-03
ddc = -2.293893334e-07
dde = 2.3265857263e-07
Reset re-loads circuit * comparator-offset-mc @ ff_-40c_3.63v -- generated by sim/harness, do not edit

Circuit: * comparator-offset-mc @ ff_-40c_3.63v -- generated by sim/harness, do not edit

Doing analysis at TEMP = -40.000000 and TNOM = 27.000000

Using SPARSE 1.3 as Direct Linear Solver

No. of Data Rows : 6
voa = 1.4413108201e-03
ddc = -2.803251754e-07
dde = 2.8516876686e-07
Reset re-loads circuit * comparator-offset-mc @ ff_-40c_3.63v -- generated by sim/harness, do not edit

Circuit: * comparator-offset-mc @ ff_-40c_3.63v -- generated by sim/harness, do not edit

Doing analysis at TEMP = -40.000000 and TNOM = 27.000000

Using SPARSE 1.3 as Direct Linear Solver

No. of Data Rows : 6
voa = 4.1095502821e-03
ddc = -7.815471198e-07
dde = 7.8437707223e-07
Reset re-loads circuit * comparator-offset-mc @ ff_-40c_3.63v -- generated by sim/harness, do not edit

Circuit: * comparator-offset-mc @ ff_-40c_3.63v -- generated by sim/harness, do not edit

Doing analysis at TEMP = -40.000000 and TNOM = 27.000000

Using SPARSE 1.3 as Direct Linear Solver

No. of Data Rows : 6
voa = -1.998124964e-03
ddc = 3.8115212736e-07
dde = -3.768355004e-07
Reset re-loads circuit * comparator-offset-mc @ ff_-40c_3.63v -- generated by sim/harness, do not edit

Circuit: * comparator-offset-mc @ ff_-40c_3.63v -- generated by sim/harness, do not edit

Doing analysis at TEMP = -40.000000 and TNOM = 27.000000

Using SPARSE 1.3 as Direct Linear Solver

No. of Data Rows : 6
voa = 2.6234991513e-04
ddc = -5.119823108e-08
dde = 5.1524037805e-08
Reset re-loads circuit * comparator-offset-mc @ ff_-40c_3.63v -- generated by sim/harness, do not edit

Circuit: * comparator-offset-mc @ ff_-40c_3.63v -- generated by sim/harness, do not edit

Doing analysis at TEMP = -40.000000 and TNOM = 27.000000

Using SPARSE 1.3 as Direct Linear Solver

No. of Data Rows : 6
voa = -2.415313776e-03
ddc = 4.6615722320e-07
dde = -4.583133705e-07
Reset re-loads circuit * comparator-offset-mc @ ff_-40c_3.63v -- generated by sim/harness, do not edit

Circuit: * comparator-offset-mc @ ff_-40c_3.63v -- generated by sim/harness, do not edit

Doing analysis at TEMP = -40.000000 and TNOM = 27.000000

Using SPARSE 1.3 as Direct Linear Solver

No. of Data Rows : 6
voa = -2.421715321e-05
ddc = -2.451679399e-09
dde = 3.2693069283e-09
Reset re-loads circuit * comparator-offset-mc @ ff_-40c_3.63v -- generated by sim/harness, do not edit

Circuit: * comparator-offset-mc @ ff_-40c_3.63v -- generated by sim/harness, do not edit

Doing analysis at TEMP = -40.000000 and TNOM = 27.000000

Using SPARSE 1.3 as Direct Linear Solver
 Reference value :  0.00000e+00
No. of Data Rows : 6
voa = -1.699435224e-03
ddc = 3.2520877710e-07
dde = -3.217100000e-07
Reset re-loads circuit * comparator-offset-mc @ ff_-40c_3.63v -- generated by sim/harness, do not edit

Circuit: * comparator-offset-mc @ ff_-40c_3.63v -- generated by sim/harness, do not edit

Doing analysis at TEMP = -40.000000 and TNOM = 27.000000

Using SPARSE 1.3 as Direct Linear Solver

No. of Data Rows : 6
voa = -3.962221454e-04
ddc = 7.7301062427e-08
dde = -7.723854692e-08
Reset re-loads circuit * comparator-offset-mc @ ff_-40c_3.63v -- generated by sim/harness, do not edit

Circuit: * comparator-offset-mc @ ff_-40c_3.63v -- generated by sim/harness, do not edit

Doing analysis at TEMP = -40.000000 and TNOM = 27.000000

Using SPARSE 1.3 as Direct Linear Solver

No. of Data Rows : 6
voa = 1.9921911739e-03
ddc = -3.944409658e-07
dde = 3.9410620237e-07
Reset re-loads circuit * comparator-offset-mc @ ff_-40c_3.63v -- generated by sim/harness, do not edit

Circuit: * comparator-offset-mc @ ff_-40c_3.63v -- generated by sim/harness, do not edit

Doing analysis at TEMP = -40.000000 and TNOM = 27.000000

Using SPARSE 1.3 as Direct Linear Solver

No. of Data Rows : 6
voa = -4.905444939e-04
ddc = 1.0132100438e-07
dde = -1.020347411e-07
Reset re-loads circuit * comparator-offset-mc @ ff_-40c_3.63v -- generated by sim/harness, do not edit

Circuit: * comparator-offset-mc @ ff_-40c_3.63v -- generated by sim/harness, do not edit

Doing analysis at TEMP = -40.000000 and TNOM = 27.000000

Using SPARSE 1.3 as Direct Linear Solver

No. of Data Rows : 6
voa = -1.472166573e-03
ddc = 2.8556516542e-07
dde = -2.675772451e-07
Reset re-loads circuit * comparator-offset-mc @ ff_-40c_3.63v -- generated by sim/harness, do not edit

Circuit: * comparator-offset-mc @ ff_-40c_3.63v -- generated by sim/harness, do not edit

Doing analysis at TEMP = -40.000000 and TNOM = 27.000000

Using SPARSE 1.3 as Direct Linear Solver

No. of Data Rows : 6
voa = -4.179670068e-04
ddc = 7.1097193375e-08
dde = -6.979812949e-08
Reset re-loads circuit * comparator-offset-mc @ ff_-40c_3.63v -- generated by sim/harness, do not edit

Circuit: * comparator-offset-mc @ ff_-40c_3.63v -- generated by sim/harness, do not edit

Doing analysis at TEMP = -40.000000 and TNOM = 27.000000

Using SPARSE 1.3 as Direct Linear Solver

No. of Data Rows : 6
voa = -1.206114059e-03
ddc = 2.2856091839e-07
dde = -2.232904653e-07
Reset re-loads circuit * comparator-offset-mc @ ff_-40c_3.63v -- generated by sim/harness, do not edit

Circuit: * comparator-offset-mc @ ff_-40c_3.63v -- generated by sim/harness, do not edit

Doing analysis at TEMP = -40.000000 and TNOM = 27.000000

Using SPARSE 1.3 as Direct Linear Solver

No. of Data Rows : 6
voa = 2.5288369310e-03
ddc = -4.962390390e-07
dde = 5.0127793041e-07
Reset re-loads circuit * comparator-offset-mc @ ff_-40c_3.63v -- generated by sim/harness, do not edit

Circuit: * comparator-offset-mc @ ff_-40c_3.63v -- generated by sim/harness, do not edit

Doing analysis at TEMP = -40.000000 and TNOM = 27.000000

Using SPARSE 1.3 as Direct Linear Solver

No. of Data Rows : 6
voa = 2.0109813750e-03
ddc = -3.851204751e-07
dde = 3.8577046682e-07
Reset re-loads circuit * comparator-offset-mc @ ff_-40c_3.63v -- generated by sim/harness, do not edit

Circuit: * comparator-offset-mc @ ff_-40c_3.63v -- generated by sim/harness, do not edit

Doing analysis at TEMP = -40.000000 and TNOM = 27.000000

Using SPARSE 1.3 as Direct Linear Solver

No. of Data Rows : 6
voa = -3.180878116e-04
ddc = 5.7835615746e-08
dde = -4.816980133e-08
Reset re-loads circuit * comparator-offset-mc @ ff_-40c_3.63v -- generated by sim/harness, do not edit

Circuit: * comparator-offset-mc @ ff_-40c_3.63v -- generated by sim/harness, do not edit

Doing analysis at TEMP = -40.000000 and TNOM = 27.000000

Using SPARSE 1.3 as Direct Linear Solver

No. of Data Rows : 6
voa = -1.847613714e-03
ddc = 3.6843869389e-07
dde = -3.651625685e-07
Reset re-loads circuit * comparator-offset-mc @ ff_-40c_3.63v -- generated by sim/harness, do not edit

Circuit: * comparator-offset-mc @ ff_-40c_3.63v -- generated by sim/harness, do not edit

Doing analysis at TEMP = -40.000000 and TNOM = 27.000000

Using SPARSE 1.3 as Direct Linear Solver

No. of Data Rows : 6
voa = 9.4374607857e-04
ddc = -1.818696730e-07
dde = 1.6734022285e-07
Reset re-loads circuit * comparator-offset-mc @ ff_-40c_3.63v -- generated by sim/harness, do not edit

Circuit: * comparator-offset-mc @ ff_-40c_3.63v -- generated by sim/harness, do not edit

Doing analysis at TEMP = -40.000000 and TNOM = 27.000000

Using SPARSE 1.3 as Direct Linear Solver

No. of Data Rows : 6
voa = -1.183001639e-03
ddc = 2.3622716376e-07
dde = -2.348856466e-07
Reset re-loads circuit * comparator-offset-mc @ ff_-40c_3.63v -- generated by sim/harness, do not edit

Circuit: * comparator-offset-mc @ ff_-40c_3.63v -- generated by sim/harness, do not edit

Doing analysis at TEMP = -40.000000 and TNOM = 27.000000

Using SPARSE 1.3 as Direct Linear Solver

No. of Data Rows : 6
voa = 1.1060511752e-03
ddc = -2.241417844e-07
dde = 2.2503820171e-07
Reset re-loads circuit * comparator-offset-mc @ ff_-40c_3.63v -- generated by sim/harness, do not edit

Circuit: * comparator-offset-mc @ ff_-40c_3.63v -- generated by sim/harness, do not edit

Doing analysis at TEMP = -40.000000 and TNOM = 27.000000

Using SPARSE 1.3 as Direct Linear Solver

No. of Data Rows : 6
voa = -1.207286851e-03
ddc = 2.3794290495e-07
dde = -2.368285144e-07
Reset re-loads circuit * comparator-offset-mc @ ff_-40c_3.63v -- generated by sim/harness, do not edit

Circuit: * comparator-offset-mc @ ff_-40c_3.63v -- generated by sim/harness, do not edit

Doing analysis at TEMP = -40.000000 and TNOM = 27.000000

Using SPARSE 1.3 as Direct Linear Solver

No. of Data Rows : 6
voa = 1.0289716186e-04
ddc = -2.751834436e-08
dde = 2.7314591192e-08
Reset re-loads circuit * comparator-offset-mc @ ff_-40c_3.63v -- generated by sim/harness, do not edit

Circuit: * comparator-offset-mc @ ff_-40c_3.63v -- generated by sim/harness, do not edit

Doing analysis at TEMP = -40.000000 and TNOM = 27.000000

Using SPARSE 1.3 as Direct Linear Solver

No. of Data Rows : 6
voa = -1.166884388e-03
ddc = 2.3104577141e-07
dde = -2.167392863e-07
Reset re-loads circuit * comparator-offset-mc @ ff_-40c_3.63v -- generated by sim/harness, do not edit

Circuit: * comparator-offset-mc @ ff_-40c_3.63v -- generated by sim/harness, do not edit

Doing analysis at TEMP = -40.000000 and TNOM = 27.000000

Using SPARSE 1.3 as Direct Linear Solver

No. of Data Rows : 6
voa = -1.848142927e-03
ddc = 3.6255813068e-07
dde = -3.581286663e-07
Reset re-loads circuit * comparator-offset-mc @ ff_-40c_3.63v -- generated by sim/harness, do not edit

Circuit: * comparator-offset-mc @ ff_-40c_3.63v -- generated by sim/harness, do not edit

Doing analysis at TEMP = -40.000000 and TNOM = 27.000000

Using SPARSE 1.3 as Direct Linear Solver

No. of Data Rows : 6
voa = 3.9475788759e-04
ddc = -6.318911918e-08
dde = 5.5547876843e-08
Reset re-loads circuit * comparator-offset-mc @ ff_-40c_3.63v -- generated by sim/harness, do not edit

Circuit: * comparator-offset-mc @ ff_-40c_3.63v -- generated by sim/harness, do not edit

Doing analysis at TEMP = -40.000000 and TNOM = 27.000000

Using SPARSE 1.3 as Direct Linear Solver

No. of Data Rows : 6
voa = 3.5769376214e-03
ddc = -7.047712946e-07
dde = 6.5260376495e-07
Reset re-loads circuit * comparator-offset-mc @ ff_-40c_3.63v -- generated by sim/harness, do not edit

Circuit: * comparator-offset-mc @ ff_-40c_3.63v -- generated by sim/harness, do not edit

Doing analysis at TEMP = -40.000000 and TNOM = 27.000000

Using SPARSE 1.3 as Direct Linear Solver

No. of Data Rows : 6
voa = 2.0045381253e-04
ddc = -4.115707680e-08
dde = 4.0945234730e-08
Reset re-loads circuit * comparator-offset-mc @ ff_-40c_3.63v -- generated by sim/harness, do not edit

Circuit: * comparator-offset-mc @ ff_-40c_3.63v -- generated by sim/harness, do not edit

Doing analysis at TEMP = -40.000000 and TNOM = 27.000000

Using SPARSE 1.3 as Direct Linear Solver

No. of Data Rows : 6
voa = -1.144336023e-03
ddc = 2.2386874770e-07
dde = -2.220082805e-07
Reset re-loads circuit * comparator-offset-mc @ ff_-40c_3.63v -- generated by sim/harness, do not edit

Circuit: * comparator-offset-mc @ ff_-40c_3.63v -- generated by sim/harness, do not edit

Doing analysis at TEMP = -40.000000 and TNOM = 27.000000

Using SPARSE 1.3 as Direct Linear Solver

No. of Data Rows : 6
voa = -1.648977649e-03
ddc = 3.0822568144e-07
dde = -3.073796491e-07
Reset re-loads circuit * comparator-offset-mc @ ff_-40c_3.63v -- generated by sim/harness, do not edit

Circuit: * comparator-offset-mc @ ff_-40c_3.63v -- generated by sim/harness, do not edit

Doing analysis at TEMP = -40.000000 and TNOM = 27.000000

Using SPARSE 1.3 as Direct Linear Solver

No. of Data Rows : 6
voa = 4.4272275985e-04
ddc = -8.156284265e-08
dde = 7.2235718856e-08
Reset re-loads circuit * comparator-offset-mc @ ff_-40c_3.63v -- generated by sim/harness, do not edit

Circuit: * comparator-offset-mc @ ff_-40c_3.63v -- generated by sim/harness, do not edit

Doing analysis at TEMP = -40.000000 and TNOM = 27.000000

Using SPARSE 1.3 as Direct Linear Solver

No. of Data Rows : 6
voa = -4.317293069e-03
ddc = 8.4343115885e-07
dde = -8.281042631e-07
Reset re-loads circuit * comparator-offset-mc @ ff_-40c_3.63v -- generated by sim/harness, do not edit

Circuit: * comparator-offset-mc @ ff_-40c_3.63v -- generated by sim/harness, do not edit

Doing analysis at TEMP = -40.000000 and TNOM = 27.000000

Using SPARSE 1.3 as Direct Linear Solver

No. of Data Rows : 6
voa = -4.443326183e-03
ddc = 8.6476067689e-07
dde = -8.763411663e-07
Reset re-loads circuit * comparator-offset-mc @ ff_-40c_3.63v -- generated by sim/harness, do not edit

Circuit: * comparator-offset-mc @ ff_-40c_3.63v -- generated by sim/harness, do not edit

Doing analysis at TEMP = -40.000000 and TNOM = 27.000000

Using SPARSE 1.3 as Direct Linear Solver

No. of Data Rows : 6
voa = -1.276975785e-03
ddc = 2.4126314687e-07
dde = -2.390311766e-07
Reset re-loads circuit * comparator-offset-mc @ ff_-40c_3.63v -- generated by sim/harness, do not edit

Circuit: * comparator-offset-mc @ ff_-40c_3.63v -- generated by sim/harness, do not edit

Doing analysis at TEMP = -40.000000 and TNOM = 27.000000

Using SPARSE 1.3 as Direct Linear Solver

No. of Data Rows : 6
voa = 1.2990201629e-04
ddc = -2.218388028e-08
dde = 2.1659813479e-08
Reset re-loads circuit * comparator-offset-mc @ ff_-40c_3.63v -- generated by sim/harness, do not edit

Circuit: * comparator-offset-mc @ ff_-40c_3.63v -- generated by sim/harness, do not edit

Doing analysis at TEMP = -40.000000 and TNOM = 27.000000

Using SPARSE 1.3 as Direct Linear Solver

No. of Data Rows : 6
voa = -1.122305302e-03
ddc = 2.1051795396e-07
dde = -2.076425594e-07
Reset re-loads circuit * comparator-offset-mc @ ff_-40c_3.63v -- generated by sim/harness, do not edit

Circuit: * comparator-offset-mc @ ff_-40c_3.63v -- generated by sim/harness, do not edit

Doing analysis at TEMP = -40.000000 and TNOM = 27.000000

Using SPARSE 1.3 as Direct Linear Solver

No. of Data Rows : 6
voa = 1.5382908051e-03
ddc = -3.058792966e-07
dde = 3.0660396454e-07
Reset re-loads circuit * comparator-offset-mc @ ff_-40c_3.63v -- generated by sim/harness, do not edit

Circuit: * comparator-offset-mc @ ff_-40c_3.63v -- generated by sim/harness, do not edit

Doing analysis at TEMP = -40.000000 and TNOM = 27.000000

Using SPARSE 1.3 as Direct Linear Solver

No. of Data Rows : 6
voa = -4.963951820e-04
ddc = 1.1121975594e-07
dde = -1.120891153e-07
Reset re-loads circuit * comparator-offset-mc @ ff_-40c_3.63v -- generated by sim/harness, do not edit

Circuit: * comparator-offset-mc @ ff_-40c_3.63v -- generated by sim/harness, do not edit

Doing analysis at TEMP = -40.000000 and TNOM = 27.000000

Using SPARSE 1.3 as Direct Linear Solver

No. of Data Rows : 6
voa = -6.582126574e-05
ddc = 1.3943218059e-08
dde = -1.409577316e-08
Reset re-loads circuit * comparator-offset-mc @ ff_-40c_3.63v -- generated by sim/harness, do not edit

Circuit: * comparator-offset-mc @ ff_-40c_3.63v -- generated by sim/harness, do not edit

Doing analysis at TEMP = -40.000000 and TNOM = 27.000000

Using SPARSE 1.3 as Direct Linear Solver

No. of Data Rows : 6
voa = -3.048626039e-03
ddc = 5.8946164883e-07
dde = -5.730223681e-07
Reset re-loads circuit * comparator-offset-mc @ ff_-40c_3.63v -- generated by sim/harness, do not edit

Circuit: * comparator-offset-mc @ ff_-40c_3.63v -- generated by sim/harness, do not edit

Doing analysis at TEMP = -40.000000 and TNOM = 27.000000

Using SPARSE 1.3 as Direct Linear Solver

No. of Data Rows : 6
voa = -4.169114213e-04
ddc = 8.2203373653e-08
dde = -8.242381152e-08
Reset re-loads circuit * comparator-offset-mc @ ff_-40c_3.63v -- generated by sim/harness, do not edit

Circuit: * comparator-offset-mc @ ff_-40c_3.63v -- generated by sim/harness, do not edit

Doing analysis at TEMP = -40.000000 and TNOM = 27.000000

Using SPARSE 1.3 as Direct Linear Solver

No. of Data Rows : 6
voa = 2.6264150502e-03
ddc = -5.130986161e-07
dde = 5.2808614209e-07
Reset re-loads circuit * comparator-offset-mc @ ff_-40c_3.63v -- generated by sim/harness, do not edit

Circuit: * comparator-offset-mc @ ff_-40c_3.63v -- generated by sim/harness, do not edit

Doing analysis at TEMP = -40.000000 and TNOM = 27.000000

Using SPARSE 1.3 as Direct Linear Solver

No. of Data Rows : 6
voa = -1.632518642e-03
ddc = 3.2427431276e-07
dde = -3.062842404e-07
Reset re-loads circuit * comparator-offset-mc @ ff_-40c_3.63v -- generated by sim/harness, do not edit

Circuit: * comparator-offset-mc @ ff_-40c_3.63v -- generated by sim/harness, do not edit

Doing analysis at TEMP = -40.000000 and TNOM = 27.000000

Using SPARSE 1.3 as Direct Linear Solver
 Reference value :  0.00000e+00
No. of Data Rows : 6
voa = 4.1282208614e-04
ddc = -7.414219928e-08
dde = 7.3966373485e-08
Reset re-loads circuit * comparator-offset-mc @ ff_-40c_3.63v -- generated by sim/harness, do not edit

Circuit: * comparator-offset-mc @ ff_-40c_3.63v -- generated by sim/harness, do not edit

Doing analysis at TEMP = -40.000000 and TNOM = 27.000000

Using SPARSE 1.3 as Direct Linear Solver

No. of Data Rows : 6
voa = -1.664486985e-03
ddc = 3.2967828003e-07
dde = -3.255452498e-07
Reset re-loads circuit * comparator-offset-mc @ ff_-40c_3.63v -- generated by sim/harness, do not edit

Circuit: * comparator-offset-mc @ ff_-40c_3.63v -- generated by sim/harness, do not edit

Doing analysis at TEMP = -40.000000 and TNOM = 27.000000

Using SPARSE 1.3 as Direct Linear Solver

No. of Data Rows : 6
voa = 1.1371870376e-03
ddc = -2.124690784e-07
dde = 2.1489130798e-07
Reset re-loads circuit * comparator-offset-mc @ ff_-40c_3.63v -- generated by sim/harness, do not edit

Circuit: * comparator-offset-mc @ ff_-40c_3.63v -- generated by sim/harness, do not edit

Doing analysis at TEMP = -40.000000 and TNOM = 27.000000

Using SPARSE 1.3 as Direct Linear Solver

No. of Data Rows : 6
voa = -1.941784166e-03
ddc = 3.7342169096e-07
dde = -3.978366975e-07
Reset re-loads circuit * comparator-offset-mc @ ff_-40c_3.63v -- generated by sim/harness, do not edit

Circuit: * comparator-offset-mc @ ff_-40c_3.63v -- generated by sim/harness, do not edit

Doing analysis at TEMP = -40.000000 and TNOM = 27.000000

Using SPARSE 1.3 as Direct Linear Solver

No. of Data Rows : 6
voa = -9.633247334e-05
ddc = 2.1297358910e-08
dde = -1.974820657e-08
Reset re-loads circuit * comparator-offset-mc @ ff_-40c_3.63v -- generated by sim/harness, do not edit

Circuit: * comparator-offset-mc @ ff_-40c_3.63v -- generated by sim/harness, do not edit

Doing analysis at TEMP = -40.000000 and TNOM = 27.000000

Using SPARSE 1.3 as Direct Linear Solver

No. of Data Rows : 6
voa = 2.7024055514e-03
ddc = -5.023400400e-07
dde = 5.1494307937e-07
Reset re-loads circuit * comparator-offset-mc @ ff_-40c_3.63v -- generated by sim/harness, do not edit

Circuit: * comparator-offset-mc @ ff_-40c_3.63v -- generated by sim/harness, do not edit

Doing analysis at TEMP = -40.000000 and TNOM = 27.000000

Using SPARSE 1.3 as Direct Linear Solver

No. of Data Rows : 6
voa = -1.515880342e-03
ddc = 2.9212202088e-07
dde = -2.892476792e-07
Reset re-loads circuit * comparator-offset-mc @ ff_-40c_3.63v -- generated by sim/harness, do not edit

Circuit: * comparator-offset-mc @ ff_-40c_3.63v -- generated by sim/harness, do not edit

Doing analysis at TEMP = -40.000000 and TNOM = 27.000000

Using SPARSE 1.3 as Direct Linear Solver

No. of Data Rows : 6
voa = 1.9045146884e-03
ddc = -3.590276791e-07
dde = 3.6819449842e-07
Reset re-loads circuit * comparator-offset-mc @ ff_-40c_3.63v -- generated by sim/harness, do not edit

Circuit: * comparator-offset-mc @ ff_-40c_3.63v -- generated by sim/harness, do not edit

Doing analysis at TEMP = -40.000000 and TNOM = 27.000000

Using SPARSE 1.3 as Direct Linear Solver

No. of Data Rows : 6
voa = -5.389206116e-04
ddc = 1.0660939339e-07
dde = -1.062688760e-07
Reset re-loads circuit * comparator-offset-mc @ ff_-40c_3.63v -- generated by sim/harness, do not edit

Circuit: * comparator-offset-mc @ ff_-40c_3.63v -- generated by sim/harness, do not edit

Doing analysis at TEMP = -40.000000 and TNOM = 27.000000

Using SPARSE 1.3 as Direct Linear Solver

No. of Data Rows : 6
voa = -1.239474769e-04
ddc = 2.9141027873e-08
dde = -2.948194645e-08
Reset re-loads circuit * comparator-offset-mc @ ff_-40c_3.63v -- generated by sim/harness, do not edit

Circuit: * comparator-offset-mc @ ff_-40c_3.63v -- generated by sim/harness, do not edit

Doing analysis at TEMP = -40.000000 and TNOM = 27.000000

Using SPARSE 1.3 as Direct Linear Solver

No. of Data Rows : 6
voa = 8.2125924210e-04
ddc = -1.601680023e-07
dde = 1.6189355997e-07
Reset re-loads circuit * comparator-offset-mc @ ff_-40c_3.63v -- generated by sim/harness, do not edit

Circuit: * comparator-offset-mc @ ff_-40c_3.63v -- generated by sim/harness, do not edit

Doing analysis at TEMP = -40.000000 and TNOM = 27.000000

Using SPARSE 1.3 as Direct Linear Solver

No. of Data Rows : 6
voa = 1.7542212631e-03
ddc = -3.234966466e-07
dde = 3.2774017628e-07
Reset re-loads circuit * comparator-offset-mc @ ff_-40c_3.63v -- generated by sim/harness, do not edit

Circuit: * comparator-offset-mc @ ff_-40c_3.63v -- generated by sim/harness, do not edit

Doing analysis at TEMP = -40.000000 and TNOM = 27.000000

Using SPARSE 1.3 as Direct Linear Solver

No. of Data Rows : 6
voa = -9.365116630e-04
ddc = 1.9577975638e-07
dde = -1.967608041e-07
Reset re-loads circuit * comparator-offset-mc @ ff_-40c_3.63v -- generated by sim/harness, do not edit

Circuit: * comparator-offset-mc @ ff_-40c_3.63v -- generated by sim/harness, do not edit

Doing analysis at TEMP = -40.000000 and TNOM = 27.000000

Using SPARSE 1.3 as Direct Linear Solver

No. of Data Rows : 6
voa = 4.0660098906e-05
ddc = -6.273480281e-09
dde = 6.1522581279e-09
Reset re-loads circuit * comparator-offset-mc @ ff_-40c_3.63v -- generated by sim/harness, do not edit

Circuit: * comparator-offset-mc @ ff_-40c_3.63v -- generated by sim/harness, do not edit

Doing analysis at TEMP = -40.000000 and TNOM = 27.000000

Using SPARSE 1.3 as Direct Linear Solver

No. of Data Rows : 6
voa = -2.359397276e-04
ddc = 4.4520562175e-08
dde = -4.462759490e-08
Reset re-loads circuit * comparator-offset-mc @ ff_-40c_3.63v -- generated by sim/harness, do not edit

Circuit: * comparator-offset-mc @ ff_-40c_3.63v -- generated by sim/harness, do not edit

Doing analysis at TEMP = -40.000000 and TNOM = 27.000000

Using SPARSE 1.3 as Direct Linear Solver

No. of Data Rows : 6
voa = -2.356193776e-03
ddc = 4.5765213846e-07
dde = -4.531733751e-07
Reset re-loads circuit * comparator-offset-mc @ ff_-40c_3.63v -- generated by sim/harness, do not edit

Circuit: * comparator-offset-mc @ ff_-40c_3.63v -- generated by sim/harness, do not edit

Doing analysis at TEMP = -40.000000 and TNOM = 27.000000

Using SPARSE 1.3 as Direct Linear Solver

No. of Data Rows : 6
voa = 3.9273136089e-04
ddc = -8.568153223e-08
dde = 8.6381817821e-08
Reset re-loads circuit * comparator-offset-mc @ ff_-40c_3.63v -- generated by sim/harness, do not edit

Circuit: * comparator-offset-mc @ ff_-40c_3.63v -- generated by sim/harness, do not edit

Doing analysis at TEMP = -40.000000 and TNOM = 27.000000

Using SPARSE 1.3 as Direct Linear Solver

No. of Data Rows : 6
voa = 4.8263255923e-04
ddc = -9.835739507e-08
dde = 1.0015820422e-07
Reset re-loads circuit * comparator-offset-mc @ ff_-40c_3.63v -- generated by sim/harness, do not edit

Circuit: * comparator-offset-mc @ ff_-40c_3.63v -- generated by sim/harness, do not edit

Doing analysis at TEMP = -40.000000 and TNOM = 27.000000

Using SPARSE 1.3 as Direct Linear Solver

No. of Data Rows : 6
voa = -1.901881140e-03
ddc = 3.7387298062e-07
dde = -3.691455960e-07
Reset re-loads circuit * comparator-offset-mc @ ff_-40c_3.63v -- generated by sim/harness, do not edit

Circuit: * comparator-offset-mc @ ff_-40c_3.63v -- generated by sim/harness, do not edit

Doing analysis at TEMP = -40.000000 and TNOM = 27.000000

Using SPARSE 1.3 as Direct Linear Solver

No. of Data Rows : 6
voa = -2.682583758e-04
ddc = 5.6954019292e-08
dde = -5.793326873e-08
Reset re-loads circuit * comparator-offset-mc @ ff_-40c_3.63v -- generated by sim/harness, do not edit

Circuit: * comparator-offset-mc @ ff_-40c_3.63v -- generated by sim/harness, do not edit

Doing analysis at TEMP = -40.000000 and TNOM = 27.000000

Using SPARSE 1.3 as Direct Linear Solver

No. of Data Rows : 6
voa = 1.6877683504e-03
ddc = -3.210810784e-07
dde = 3.2481926505e-07
Reset re-loads circuit * comparator-offset-mc @ ff_-40c_3.63v -- generated by sim/harness, do not edit

Circuit: * comparator-offset-mc @ ff_-40c_3.63v -- generated by sim/harness, do not edit

Doing analysis at TEMP = -40.000000 and TNOM = 27.000000

Using SPARSE 1.3 as Direct Linear Solver

No. of Data Rows : 6
voa = 2.1366143912e-05
ddc = 9.0809477240e-09
dde = -1.034465339e-08
Reset re-loads circuit * comparator-offset-mc @ ff_-40c_3.63v -- generated by sim/harness, do not edit

Circuit: * comparator-offset-mc @ ff_-40c_3.63v -- generated by sim/harness, do not edit

Doing analysis at TEMP = -40.000000 and TNOM = 27.000000

Using SPARSE 1.3 as Direct Linear Solver

No. of Data Rows : 6
voa = 1.6781255886e-03
ddc = -3.075462319e-07
dde = 3.1370704933e-07
Reset re-loads circuit * comparator-offset-mc @ ff_-40c_3.63v -- generated by sim/harness, do not edit

Circuit: * comparator-offset-mc @ ff_-40c_3.63v -- generated by sim/harness, do not edit

Doing analysis at TEMP = -40.000000 and TNOM = 27.000000

Using SPARSE 1.3 as Direct Linear Solver

No. of Data Rows : 6
voa = -1.260690666e-04
ddc = 3.7747607984e-08
dde = -3.873686059e-08
Reset re-loads circuit * comparator-offset-mc @ ff_-40c_3.63v -- generated by sim/harness, do not edit

Circuit: * comparator-offset-mc @ ff_-40c_3.63v -- generated by sim/harness, do not edit

Doing analysis at TEMP = -40.000000 and TNOM = 27.000000

Using SPARSE 1.3 as Direct Linear Solver

No. of Data Rows : 6
voa = 3.2619807438e-03
ddc = -6.281474250e-07
dde = 4.5372885509e-07
Reset re-loads circuit * comparator-offset-mc @ ff_-40c_3.63v -- generated by sim/harness, do not edit

Circuit: * comparator-offset-mc @ ff_-40c_3.63v -- generated by sim/harness, do not edit

Doing analysis at TEMP = -40.000000 and TNOM = 27.000000

Using SPARSE 1.3 as Direct Linear Solver

No. of Data Rows : 6
voa = 2.1391748769e-03
ddc = -4.029058944e-07
dde = 4.0936891787e-07
Reset re-loads circuit * comparator-offset-mc @ ff_-40c_3.63v -- generated by sim/harness, do not edit

Circuit: * comparator-offset-mc @ ff_-40c_3.63v -- generated by sim/harness, do not edit

Doing analysis at TEMP = -40.000000 and TNOM = 27.000000

Using SPARSE 1.3 as Direct Linear Solver

No. of Data Rows : 6
voa = 4.8762667854e-04
ddc = -9.184299933e-08
dde = 8.4044750715e-08
Reset re-loads circuit * comparator-offset-mc @ ff_-40c_3.63v -- generated by sim/harness, do not edit

Circuit: * comparator-offset-mc @ ff_-40c_3.63v -- generated by sim/harness, do not edit

Doing analysis at TEMP = -40.000000 and TNOM = 27.000000

Using SPARSE 1.3 as Direct Linear Solver

No. of Data Rows : 6
voa = 4.8558732111e-04
ddc = -1.033687770e-07
dde = 1.0445747036e-07
Reset re-loads circuit * comparator-offset-mc @ ff_-40c_3.63v -- generated by sim/harness, do not edit

Circuit: * comparator-offset-mc @ ff_-40c_3.63v -- generated by sim/harness, do not edit

Doing analysis at TEMP = -40.000000 and TNOM = 27.000000

Using SPARSE 1.3 as Direct Linear Solver

No. of Data Rows : 6
voa = -9.593179675e-04
ddc = 1.9552114106e-07
dde = -1.852366877e-07
Reset re-loads circuit * comparator-offset-mc @ ff_-40c_3.63v -- generated by sim/harness, do not edit

Circuit: * comparator-offset-mc @ ff_-40c_3.63v -- generated by sim/harness, do not edit

Doing analysis at TEMP = -40.000000 and TNOM = 27.000000

Using SPARSE 1.3 as Direct Linear Solver

No. of Data Rows : 6
voa = 1.2275405778e-04
ddc = -3.580806851e-08
dde = 3.6958552467e-08
Reset re-loads circuit * comparator-offset-mc @ ff_-40c_3.63v -- generated by sim/harness, do not edit

Circuit: * comparator-offset-mc @ ff_-40c_3.63v -- generated by sim/harness, do not edit

Doing analysis at TEMP = -40.000000 and TNOM = 27.000000

Using SPARSE 1.3 as Direct Linear Solver

No. of Data Rows : 6
voa = -1.047543405e-03
ddc = 2.0683703375e-07
dde = -1.994770246e-07
Reset re-loads circuit * comparator-offset-mc @ ff_-40c_3.63v -- generated by sim/harness, do not edit

Circuit: * comparator-offset-mc @ ff_-40c_3.63v -- generated by sim/harness, do not edit

Doing analysis at TEMP = -40.000000 and TNOM = 27.000000

Using SPARSE 1.3 as Direct Linear Solver

No. of Data Rows : 6
voa = -1.212631402e-03
ddc = 2.2775421716e-07
dde = -1.972903248e-07
Reset re-loads circuit * comparator-offset-mc @ ff_-40c_3.63v -- generated by sim/harness, do not edit

Circuit: * comparator-offset-mc @ ff_-40c_3.63v -- generated by sim/harness, do not edit

Doing analysis at TEMP = -40.000000 and TNOM = 27.000000

Using SPARSE 1.3 as Direct Linear Solver

No. of Data Rows : 6
voa = -1.455089794e-03
ddc = 2.6776895845e-07
dde = -2.542613861e-07
Reset re-loads circuit * comparator-offset-mc @ ff_-40c_3.63v -- generated by sim/harness, do not edit

Circuit: * comparator-offset-mc @ ff_-40c_3.63v -- generated by sim/harness, do not edit

Doing analysis at TEMP = -40.000000 and TNOM = 27.000000

Using SPARSE 1.3 as Direct Linear Solver
 Reference value :  0.00000e+00
No. of Data Rows : 6
voa = 1.4223495735e-03
ddc = -2.708461944e-07
dde = 2.7395924150e-07
Reset re-loads circuit * comparator-offset-mc @ ff_-40c_3.63v -- generated by sim/harness, do not edit

Circuit: * comparator-offset-mc @ ff_-40c_3.63v -- generated by sim/harness, do not edit

Doing analysis at TEMP = -40.000000 and TNOM = 27.000000

Using SPARSE 1.3 as Direct Linear Solver

No. of Data Rows : 6
voa = 1.2641307312e-03
ddc = -2.357130898e-07
dde = 2.0749661890e-07
Reset re-loads circuit * comparator-offset-mc @ ff_-40c_3.63v -- generated by sim/harness, do not edit

Circuit: * comparator-offset-mc @ ff_-40c_3.63v -- generated by sim/harness, do not edit

Doing analysis at TEMP = -40.000000 and TNOM = 27.000000

Using SPARSE 1.3 as Direct Linear Solver

No. of Data Rows : 6
voa = 4.6019198899e-05
ddc = -1.170628312e-08
dde = 1.1677166107e-08
Reset re-loads circuit * comparator-offset-mc @ ff_-40c_3.63v -- generated by sim/harness, do not edit

Circuit: * comparator-offset-mc @ ff_-40c_3.63v -- generated by sim/harness, do not edit

Doing analysis at TEMP = -40.000000 and TNOM = 27.000000

Using SPARSE 1.3 as Direct Linear Solver

No. of Data Rows : 6
voa = -1.925887464e-03
ddc = 3.7651860259e-07
dde = -3.741316200e-07
Reset re-loads circuit * comparator-offset-mc @ ff_-40c_3.63v -- generated by sim/harness, do not edit

Circuit: * comparator-offset-mc @ ff_-40c_3.63v -- generated by sim/harness, do not edit

Doing analysis at TEMP = -40.000000 and TNOM = 27.000000

Using SPARSE 1.3 as Direct Linear Solver

No. of Data Rows : 6
voa = 9.5832015882e-04
ddc = -1.940180235e-07
dde = 1.9599306008e-07
Reset re-loads circuit * comparator-offset-mc @ ff_-40c_3.63v -- generated by sim/harness, do not edit

Circuit: * comparator-offset-mc @ ff_-40c_3.63v -- generated by sim/harness, do not edit

Doing analysis at TEMP = -40.000000 and TNOM = 27.000000

Using SPARSE 1.3 as Direct Linear Solver

No. of Data Rows : 6
voa = 1.8211666338e-03
ddc = -3.776281821e-07
dde = 3.3291429059e-07
Reset re-loads circuit * comparator-offset-mc @ ff_-40c_3.63v -- generated by sim/harness, do not edit

Circuit: * comparator-offset-mc @ ff_-40c_3.63v -- generated by sim/harness, do not edit

Doing analysis at TEMP = -40.000000 and TNOM = 27.000000

Using SPARSE 1.3 as Direct Linear Solver

No. of Data Rows : 6
voa = 3.0073987190e-03
ddc = -5.829090803e-07
dde = 5.4299672161e-07
Reset re-loads circuit * comparator-offset-mc @ ff_-40c_3.63v -- generated by sim/harness, do not edit

Circuit: * comparator-offset-mc @ ff_-40c_3.63v -- generated by sim/harness, do not edit

Doing analysis at TEMP = -40.000000 and TNOM = 27.000000

Using SPARSE 1.3 as Direct Linear Solver

No. of Data Rows : 6
voa = -3.316421468e-03
ddc = 6.4673120487e-07
dde = -6.357827069e-07
Reset re-loads circuit * comparator-offset-mc @ ff_-40c_3.63v -- generated by sim/harness, do not edit

Circuit: * comparator-offset-mc @ ff_-40c_3.63v -- generated by sim/harness, do not edit

Doing analysis at TEMP = -40.000000 and TNOM = 27.000000

Using SPARSE 1.3 as Direct Linear Solver

No. of Data Rows : 6
voa = -1.421463356e-03
ddc = 2.7081931350e-07
dde = -2.703706245e-07
Reset re-loads circuit * comparator-offset-mc @ ff_-40c_3.63v -- generated by sim/harness, do not edit

Circuit: * comparator-offset-mc @ ff_-40c_3.63v -- generated by sim/harness, do not edit

Doing analysis at TEMP = -40.000000 and TNOM = 27.000000

Using SPARSE 1.3 as Direct Linear Solver

No. of Data Rows : 6
voa = 7.4262502538e-04
ddc = -1.451400754e-07
dde = 1.4577245603e-07
Reset re-loads circuit * comparator-offset-mc @ ff_-40c_3.63v -- generated by sim/harness, do not edit

Circuit: * comparator-offset-mc @ ff_-40c_3.63v -- generated by sim/harness, do not edit

Doing analysis at TEMP = -40.000000 and TNOM = 27.000000

Using SPARSE 1.3 as Direct Linear Solver

No. of Data Rows : 6
voa = -1.416595512e-03
ddc = 2.8013515950e-07
dde = -2.642573501e-07
Reset re-loads circuit * comparator-offset-mc @ ff_-40c_3.63v -- generated by sim/harness, do not edit

Circuit: * comparator-offset-mc @ ff_-40c_3.63v -- generated by sim/harness, do not edit

Doing analysis at TEMP = -40.000000 and TNOM = 27.000000

Using SPARSE 1.3 as Direct Linear Solver

No. of Data Rows : 6
voa = 1.0276661537e-03
ddc = -1.957757276e-07
dde = 1.9470398363e-07
Reset re-loads circuit * comparator-offset-mc @ ff_-40c_3.63v -- generated by sim/harness, do not edit

Circuit: * comparator-offset-mc @ ff_-40c_3.63v -- generated by sim/harness, do not edit

Doing analysis at TEMP = -40.000000 and TNOM = 27.000000

Using SPARSE 1.3 as Direct Linear Solver

No. of Data Rows : 6
voa = -1.113200712e-03
ddc = 2.2421201312e-07
dde = -2.182763979e-07
Reset re-loads circuit * comparator-offset-mc @ ff_-40c_3.63v -- generated by sim/harness, do not edit

Circuit: * comparator-offset-mc @ ff_-40c_3.63v -- generated by sim/harness, do not edit

Doing analysis at TEMP = -40.000000 and TNOM = 27.000000

Using SPARSE 1.3 as Direct Linear Solver

No. of Data Rows : 6
voa = 1.3731778337e-04
ddc = -2.684127640e-08
dde = 2.6863440877e-08
Reset re-loads circuit * comparator-offset-mc @ ff_-40c_3.63v -- generated by sim/harness, do not edit

Circuit: * comparator-offset-mc @ ff_-40c_3.63v -- generated by sim/harness, do not edit

Doing analysis at TEMP = -40.000000 and TNOM = 27.000000

Using SPARSE 1.3 as Direct Linear Solver

No. of Data Rows : 6
voa = -2.080977628e-03
ddc = 4.0545331021e-07
dde = -4.243470791e-07
Reset re-loads circuit * comparator-offset-mc @ ff_-40c_3.63v -- generated by sim/harness, do not edit

Circuit: * comparator-offset-mc @ ff_-40c_3.63v -- generated by sim/harness, do not edit

Doing analysis at TEMP = -40.000000 and TNOM = 27.000000

Using SPARSE 1.3 as Direct Linear Solver

No. of Data Rows : 6
voa = -4.049270118e-04
ddc = 7.9714528396e-08
dde = -7.987732232e-08
Reset re-loads circuit * comparator-offset-mc @ ff_-40c_3.63v -- generated by sim/harness, do not edit

Circuit: * comparator-offset-mc @ ff_-40c_3.63v -- generated by sim/harness, do not edit

Doing analysis at TEMP = -40.000000 and TNOM = 27.000000

Using SPARSE 1.3 as Direct Linear Solver

No. of Data Rows : 6
voa = -2.861230406e-03
ddc = 5.4912354061e-07
dde = -5.401912810e-07
Reset re-loads circuit * comparator-offset-mc @ ff_-40c_3.63v -- generated by sim/harness, do not edit

Circuit: * comparator-offset-mc @ ff_-40c_3.63v -- generated by sim/harness, do not edit

Doing analysis at TEMP = -40.000000 and TNOM = 27.000000

Using SPARSE 1.3 as Direct Linear Solver

No. of Data Rows : 6
voa = 6.5529883688e-05
ddc = -1.381195525e-08
dde = 1.3860138264e-08
Reset re-loads circuit * comparator-offset-mc @ ff_-40c_3.63v -- generated by sim/harness, do not edit

Circuit: * comparator-offset-mc @ ff_-40c_3.63v -- generated by sim/harness, do not edit

Doing analysis at TEMP = -40.000000 and TNOM = 27.000000

Using SPARSE 1.3 as Direct Linear Solver

No. of Data Rows : 6
voa = -3.137198255e-04
ddc = 4.7653225792e-08
dde = -4.627291006e-08
Reset re-loads circuit * comparator-offset-mc @ ff_-40c_3.63v -- generated by sim/harness, do not edit

Circuit: * comparator-offset-mc @ ff_-40c_3.63v -- generated by sim/harness, do not edit

Doing analysis at TEMP = -40.000000 and TNOM = 27.000000

Using SPARSE 1.3 as Direct Linear Solver

No. of Data Rows : 6
voa = -4.578124231e-04
ddc = 8.3656176470e-08
dde = -7.371625399e-08
Reset re-loads circuit * comparator-offset-mc @ ff_-40c_3.63v -- generated by sim/harness, do not edit

Circuit: * comparator-offset-mc @ ff_-40c_3.63v -- generated by sim/harness, do not edit

Doing analysis at TEMP = -40.000000 and TNOM = 27.000000

Using SPARSE 1.3 as Direct Linear Solver

No. of Data Rows : 6
voa = 1.1724651051e-03
ddc = -2.265147044e-07
dde = 2.3011259910e-07
Reset re-loads circuit * comparator-offset-mc @ ff_-40c_3.63v -- generated by sim/harness, do not edit

Circuit: * comparator-offset-mc @ ff_-40c_3.63v -- generated by sim/harness, do not edit

Doing analysis at TEMP = -40.000000 and TNOM = 27.000000

Using SPARSE 1.3 as Direct Linear Solver

No. of Data Rows : 6
voa = 2.9119188218e-03
ddc = -5.816634795e-07
dde = 5.7928909109e-07
Reset re-loads circuit * comparator-offset-mc @ ff_-40c_3.63v -- generated by sim/harness, do not edit

Circuit: * comparator-offset-mc @ ff_-40c_3.63v -- generated by sim/harness, do not edit

Doing analysis at TEMP = -40.000000 and TNOM = 27.000000

Using SPARSE 1.3 as Direct Linear Solver

No. of Data Rows : 6
voa = 1.1111527354e-03
ddc = -2.106598843e-07
dde = 2.1157417562e-07
Reset re-loads circuit * comparator-offset-mc @ ff_-40c_3.63v -- generated by sim/harness, do not edit

Circuit: * comparator-offset-mc @ ff_-40c_3.63v -- generated by sim/harness, do not edit

Doing analysis at TEMP = -40.000000 and TNOM = 27.000000

Using SPARSE 1.3 as Direct Linear Solver

No. of Data Rows : 6
voa = 8.8994533450e-05
ddc = -1.832569274e-08
dde = 1.8444208441e-08
Reset re-loads circuit * comparator-offset-mc @ ff_-40c_3.63v -- generated by sim/harness, do not edit

Circuit: * comparator-offset-mc @ ff_-40c_3.63v -- generated by sim/harness, do not edit

Doing analysis at TEMP = -40.000000 and TNOM = 27.000000

Using SPARSE 1.3 as Direct Linear Solver

No. of Data Rows : 6
voa = -3.065056338e-04
ddc = 6.1527506106e-08
dde = -6.102237788e-08
Reset re-loads circuit * comparator-offset-mc @ ff_-40c_3.63v -- generated by sim/harness, do not edit

Circuit: * comparator-offset-mc @ ff_-40c_3.63v -- generated by sim/harness, do not edit

Doing analysis at TEMP = -40.000000 and TNOM = 27.000000

Using SPARSE 1.3 as Direct Linear Solver

No. of Data Rows : 6
voa = -3.026639322e-03
ddc = 5.9666113926e-07
dde = -5.874427089e-07
Reset re-loads circuit * comparator-offset-mc @ ff_-40c_3.63v -- generated by sim/harness, do not edit

Circuit: * comparator-offset-mc @ ff_-40c_3.63v -- generated by sim/harness, do not edit

Doing analysis at TEMP = -40.000000 and TNOM = 27.000000

Using SPARSE 1.3 as Direct Linear Solver

No. of Data Rows : 6
voa = 1.4265639290e-05
ddc = 3.0717547453e-10
dde = -5.268159575e-10
Reset re-loads circuit * comparator-offset-mc @ ff_-40c_3.63v -- generated by sim/harness, do not edit

Circuit: * comparator-offset-mc @ ff_-40c_3.63v -- generated by sim/harness, do not edit

Doing analysis at TEMP = -40.000000 and TNOM = 27.000000

Using SPARSE 1.3 as Direct Linear Solver

No. of Data Rows : 6
voa = -4.871229835e-04
ddc = 1.0479764626e-07
dde = -1.048693732e-07
Reset re-loads circuit * comparator-offset-mc @ ff_-40c_3.63v -- generated by sim/harness, do not edit

Circuit: * comparator-offset-mc @ ff_-40c_3.63v -- generated by sim/harness, do not edit

Doing analysis at TEMP = -40.000000 and TNOM = 27.000000

Using SPARSE 1.3 as Direct Linear Solver

No. of Data Rows : 6
voa = -1.658954189e-03
ddc = 3.2246441321e-07
dde = -3.198497810e-07
Reset re-loads circuit * comparator-offset-mc @ ff_-40c_3.63v -- generated by sim/harness, do not edit

Circuit: * comparator-offset-mc @ ff_-40c_3.63v -- generated by sim/harness, do not edit

Doing analysis at TEMP = -40.000000 and TNOM = 27.000000

Using SPARSE 1.3 as Direct Linear Solver

No. of Data Rows : 6
voa = 2.1635661756e-03
ddc = -4.297982048e-07
dde = 4.3475229147e-07
Reset re-loads circuit * comparator-offset-mc @ ff_-40c_3.63v -- generated by sim/harness, do not edit

Circuit: * comparator-offset-mc @ ff_-40c_3.63v -- generated by sim/harness, do not edit

Doing analysis at TEMP = -40.000000 and TNOM = 27.000000

Using SPARSE 1.3 as Direct Linear Solver
 Reference value :  0.00000e+00
No. of Data Rows : 6
voa = -1.138368334e-04
ddc = 1.7904750239e-08
dde = -1.595592124e-08
Reset re-loads circuit * comparator-offset-mc @ ff_-40c_3.63v -- generated by sim/harness, do not edit

Circuit: * comparator-offset-mc @ ff_-40c_3.63v -- generated by sim/harness, do not edit

Doing analysis at TEMP = -40.000000 and TNOM = 27.000000

Using SPARSE 1.3 as Direct Linear Solver

No. of Data Rows : 6
voa = 5.1498942372e-04
ddc = -8.247384127e-08
dde = 8.0964740609e-08
Reset re-loads circuit * comparator-offset-mc @ ff_-40c_3.63v -- generated by sim/harness, do not edit

Circuit: * comparator-offset-mc @ ff_-40c_3.63v -- generated by sim/harness, do not edit

Doing analysis at TEMP = -40.000000 and TNOM = 27.000000

Using SPARSE 1.3 as Direct Linear Solver

No. of Data Rows : 6
voa = -9.694759282e-04
ddc = 1.9401634324e-07
dde = -1.933468569e-07
Reset re-loads circuit * comparator-offset-mc @ ff_-40c_3.63v -- generated by sim/harness, do not edit

Circuit: * comparator-offset-mc @ ff_-40c_3.63v -- generated by sim/harness, do not edit

Doing analysis at TEMP = -40.000000 and TNOM = 27.000000

Using SPARSE 1.3 as Direct Linear Solver

No. of Data Rows : 6
voa = -4.111347854e-04
ddc = 6.4038325638e-08
dde = -5.879519747e-08
Reset re-loads circuit * comparator-offset-mc @ ff_-40c_3.63v -- generated by sim/harness, do not edit

Circuit: * comparator-offset-mc @ ff_-40c_3.63v -- generated by sim/harness, do not edit

Doing analysis at TEMP = -40.000000 and TNOM = 27.000000

Using SPARSE 1.3 as Direct Linear Solver

No. of Data Rows : 6
voa = 1.4537730859e-03
ddc = -2.854186584e-07
dde = 2.8634518662e-07
Reset re-loads circuit * comparator-offset-mc @ ff_-40c_3.63v -- generated by sim/harness, do not edit

Circuit: * comparator-offset-mc @ ff_-40c_3.63v -- generated by sim/harness, do not edit

Doing analysis at TEMP = -40.000000 and TNOM = 27.000000

Using SPARSE 1.3 as Direct Linear Solver

No. of Data Rows : 6
voa = -2.258415584e-04
ddc = 4.3034580069e-08
dde = -4.275346371e-08
Reset re-loads circuit * comparator-offset-mc @ ff_-40c_3.63v -- generated by sim/harness, do not edit

Circuit: * comparator-offset-mc @ ff_-40c_3.63v -- generated by sim/harness, do not edit

Doing analysis at TEMP = -40.000000 and TNOM = 27.000000

Using SPARSE 1.3 as Direct Linear Solver

No. of Data Rows : 6
voa = 1.4836064919e-05
ddc = -1.439267231e-08
dde = 1.5555429814e-08
Reset re-loads circuit * comparator-offset-mc @ ff_-40c_3.63v -- generated by sim/harness, do not edit

Circuit: * comparator-offset-mc @ ff_-40c_3.63v -- generated by sim/harness, do not edit

Doing analysis at TEMP = -40.000000 and TNOM = 27.000000

Using SPARSE 1.3 as Direct Linear Solver

No. of Data Rows : 6
voa = 5.5277416216e-04
ddc = -1.118713452e-07
dde = 1.0127355775e-07
Reset re-loads circuit * comparator-offset-mc @ ff_-40c_3.63v -- generated by sim/harness, do not edit

Circuit: * comparator-offset-mc @ ff_-40c_3.63v -- generated by sim/harness, do not edit

Doing analysis at TEMP = -40.000000 and TNOM = 27.000000

Using SPARSE 1.3 as Direct Linear Solver

No. of Data Rows : 6
voa = -2.144690483e-03
ddc = 4.2266251144e-07
dde = -4.192423921e-07
Reset re-loads circuit * comparator-offset-mc @ ff_-40c_3.63v -- generated by sim/harness, do not edit

Circuit: * comparator-offset-mc @ ff_-40c_3.63v -- generated by sim/harness, do not edit

Doing analysis at TEMP = -40.000000 and TNOM = 27.000000

Using SPARSE 1.3 as Direct Linear Solver

No. of Data Rows : 6
voa = -1.569561150e-03
ddc = 3.0067271897e-07
dde = -2.997234559e-07
Reset re-loads circuit * comparator-offset-mc @ ff_-40c_3.63v -- generated by sim/harness, do not edit

Circuit: * comparator-offset-mc @ ff_-40c_3.63v -- generated by sim/harness, do not edit

Doing analysis at TEMP = -40.000000 and TNOM = 27.000000

Using SPARSE 1.3 as Direct Linear Solver

No. of Data Rows : 6
voa = -5.579732391e-04
ddc = 1.1862322961e-07
dde = -1.193834730e-07
Reset re-loads circuit * comparator-offset-mc @ ff_-40c_3.63v -- generated by sim/harness, do not edit

Circuit: * comparator-offset-mc @ ff_-40c_3.63v -- generated by sim/harness, do not edit

Doing analysis at TEMP = -40.000000 and TNOM = 27.000000

Using SPARSE 1.3 as Direct Linear Solver

No. of Data Rows : 6
voa = -3.977211544e-03
ddc = 7.7606040496e-07
dde = -7.604532013e-07
Reset re-loads circuit * comparator-offset-mc @ ff_-40c_3.63v -- generated by sim/harness, do not edit

Circuit: * comparator-offset-mc @ ff_-40c_3.63v -- generated by sim/harness, do not edit

Doing analysis at TEMP = -40.000000 and TNOM = 27.000000

Using SPARSE 1.3 as Direct Linear Solver

No. of Data Rows : 6
voa = -1.112092022e-03
ddc = 2.1166575373e-07
dde = -2.023978503e-07
Reset re-loads circuit * comparator-offset-mc @ ff_-40c_3.63v -- generated by sim/harness, do not edit

Circuit: * comparator-offset-mc @ ff_-40c_3.63v -- generated by sim/harness, do not edit

Doing analysis at TEMP = -40.000000 and TNOM = 27.000000

Using SPARSE 1.3 as Direct Linear Solver

No. of Data Rows : 6
voa = 1.5203483833e-04
ddc = -3.993778367e-08
dde = 4.0962184914e-08
Reset re-loads circuit * comparator-offset-mc @ ff_-40c_3.63v -- generated by sim/harness, do not edit

Circuit: * comparator-offset-mc @ ff_-40c_3.63v -- generated by sim/harness, do not edit

Doing analysis at TEMP = -40.000000 and TNOM = 27.000000

Using SPARSE 1.3 as Direct Linear Solver

No. of Data Rows : 6
voa = 8.1523838141e-04
ddc = -1.644756873e-07
dde = 1.6508868740e-07
Reset re-loads circuit * comparator-offset-mc @ ff_-40c_3.63v -- generated by sim/harness, do not edit

Circuit: * comparator-offset-mc @ ff_-40c_3.63v -- generated by sim/harness, do not edit

Doing analysis at TEMP = -40.000000 and TNOM = 27.000000

Using SPARSE 1.3 as Direct Linear Solver

No. of Data Rows : 6
voa = -2.674355005e-04
ddc = 6.2287371036e-08
dde = -6.299519848e-08
Reset re-loads circuit * comparator-offset-mc @ ff_-40c_3.63v -- generated by sim/harness, do not edit

Circuit: * comparator-offset-mc @ ff_-40c_3.63v -- generated by sim/harness, do not edit

Doing analysis at TEMP = -40.000000 and TNOM = 27.000000

Using SPARSE 1.3 as Direct Linear Solver

No. of Data Rows : 6
voa = -1.480796679e-03
ddc = 2.8752399056e-07
dde = -2.841398602e-07
Reset re-loads circuit * comparator-offset-mc @ ff_-40c_3.63v -- generated by sim/harness, do not edit

Circuit: * comparator-offset-mc @ ff_-40c_3.63v -- generated by sim/harness, do not edit

Doing analysis at TEMP = -40.000000 and TNOM = 27.000000

Using SPARSE 1.3 as Direct Linear Solver

No. of Data Rows : 6
voa = 7.0948109067e-04
ddc = -1.472234836e-07
dde = 1.4810057265e-07
Reset re-loads circuit * comparator-offset-mc @ ff_-40c_3.63v -- generated by sim/harness, do not edit

Circuit: * comparator-offset-mc @ ff_-40c_3.63v -- generated by sim/harness, do not edit

Doing analysis at TEMP = -40.000000 and TNOM = 27.000000

Using SPARSE 1.3 as Direct Linear Solver

No. of Data Rows : 6
voa = -2.190009893e-03
ddc = 3.9645130795e-07
dde = -3.913713345e-07
Reset re-loads circuit * comparator-offset-mc @ ff_-40c_3.63v -- generated by sim/harness, do not edit

Circuit: * comparator-offset-mc @ ff_-40c_3.63v -- generated by sim/harness, do not edit

Doing analysis at TEMP = -40.000000 and TNOM = 27.000000

Using SPARSE 1.3 as Direct Linear Solver

No. of Data Rows : 6
voa = -2.738214331e-03
ddc = 5.1594385361e-07
dde = -5.080051761e-07
Reset re-loads circuit * comparator-offset-mc @ ff_-40c_3.63v -- generated by sim/harness, do not edit

Circuit: * comparator-offset-mc @ ff_-40c_3.63v -- generated by sim/harness, do not edit

Doing analysis at TEMP = -40.000000 and TNOM = 27.000000

Using SPARSE 1.3 as Direct Linear Solver

No. of Data Rows : 6
voa = 2.7178876740e-03
ddc = -5.222127038e-07
dde = 5.2195680240e-07
Reset re-loads circuit * comparator-offset-mc @ ff_-40c_3.63v -- generated by sim/harness, do not edit

Circuit: * comparator-offset-mc @ ff_-40c_3.63v -- generated by sim/harness, do not edit

Doing analysis at TEMP = -40.000000 and TNOM = 27.000000

Using SPARSE 1.3 as Direct Linear Solver

No. of Data Rows : 6
voa = 3.7924165139e-05
ddc = -6.526119113e-09
dde = 6.3943232210e-09
Reset re-loads circuit * comparator-offset-mc @ ff_-40c_3.63v -- generated by sim/harness, do not edit

Circuit: * comparator-offset-mc @ ff_-40c_3.63v -- generated by sim/harness, do not edit

Doing analysis at TEMP = -40.000000 and TNOM = 27.000000

Using SPARSE 1.3 as Direct Linear Solver

No. of Data Rows : 6
voa = -1.082430614e-03
ddc = 2.1906814278e-07
dde = -2.192607265e-07
Reset re-loads circuit * comparator-offset-mc @ ff_-40c_3.63v -- generated by sim/harness, do not edit

Circuit: * comparator-offset-mc @ ff_-40c_3.63v -- generated by sim/harness, do not edit

Doing analysis at TEMP = -40.000000 and TNOM = 27.000000

Using SPARSE 1.3 as Direct Linear Solver

No. of Data Rows : 6
voa = -6.906458592e-04
ddc = 1.2395623303e-07
dde = -1.235738658e-07
Reset re-loads circuit * comparator-offset-mc @ ff_-40c_3.63v -- generated by sim/harness, do not edit

Circuit: * comparator-offset-mc @ ff_-40c_3.63v -- generated by sim/harness, do not edit

Doing analysis at TEMP = -40.000000 and TNOM = 27.000000

Using SPARSE 1.3 as Direct Linear Solver

No. of Data Rows : 6
voa = -1.839498316e-03
ddc = 3.6458788515e-07
dde = -3.595548629e-07
Reset re-loads circuit * comparator-offset-mc @ ff_-40c_3.63v -- generated by sim/harness, do not edit

Circuit: * comparator-offset-mc @ ff_-40c_3.63v -- generated by sim/harness, do not edit

Doing analysis at TEMP = -40.000000 and TNOM = 27.000000

Using SPARSE 1.3 as Direct Linear Solver

No. of Data Rows : 6
voa = -7.690283470e-04
ddc = 1.4609675136e-07
dde = -1.301108907e-07
m_n_samples = 2.0000000000e+02
m_sig_vos_mv = 1.6327190320e+00
m_vos_3sig_mv = 4.8981570961e+00
m_mean_vos_uv = -5.609641792e+01
m_mean_vos_sem = -4.858907960e-01
m_sig_dvos_dn_uv = 3.1645039606e-01
m_sig_dvos_up_uv = 3.0946818758e-01
m_mean_dvos_dn_uv = 1.1908852466e-02
m_mean_dvos_up_uv = -1.296808700e-02
m_av_mean = 9.5043053407e+00
m_av_sigma_pct = 3.0731361912e+00
m_sig_rpair_uv = 0.0000000000e+00
m_vbias_anchor_mv = 7.0587327998e+02
Note: Simulation executed from .control section 

Note: Starting dynamic gmin stepping
Note: Dynamic gmin stepping completed
Note: Starting dynamic gmin stepping
Note: Dynamic gmin stepping completed
Note: Starting dynamic gmin stepping
Note: Dynamic gmin stepping completed
Note: Starting dynamic gmin stepping
Note: Dynamic gmin stepping completed
Note: Starting dynamic gmin stepping
Note: Dynamic gmin stepping completed
Note: Starting dynamic gmin stepping
Note: Dynamic gmin stepping completed
Note: Starting dynamic gmin stepping
Note: Dynamic gmin stepping completed
Note: Starting dynamic gmin stepping
Note: Dynamic gmin stepping completed
Note: Starting dynamic gmin stepping
Note: Dynamic gmin stepping completed
Note: Starting dynamic gmin stepping
Note: Dynamic gmin stepping completed
