
Note: No compatibility mode selected!


Circuit: * comparator-offset-mc @ fs_-40c_3.63v -- generated by sim/harness, do not edit

Reset re-loads circuit * comparator-offset-mc @ fs_-40c_3.63v -- generated by sim/harness, do not edit

Circuit: * comparator-offset-mc @ fs_-40c_3.63v -- generated by sim/harness, do not edit

Doing analysis at TEMP = -40.000000 and TNOM = 27.000000

Using SPARSE 1.3 as Direct Linear Solver

No. of Data Rows : 6
voa = 1.4920678311e-03
ddc = -2.894707153e-07
dde = 3.0403505796e-07
Reset re-loads circuit * comparator-offset-mc @ fs_-40c_3.63v -- generated by sim/harness, do not edit

Circuit: * comparator-offset-mc @ fs_-40c_3.63v -- generated by sim/harness, do not edit

Doing analysis at TEMP = -40.000000 and TNOM = 27.000000

Using SPARSE 1.3 as Direct Linear Solver

No. of Data Rows : 6
voa = 1.4260489834e-03
ddc = -2.616770702e-07
dde = 2.7246395899e-07
Reset re-loads circuit * comparator-offset-mc @ fs_-40c_3.63v -- generated by sim/harness, do not edit

Circuit: * comparator-offset-mc @ fs_-40c_3.63v -- generated by sim/harness, do not edit

Doing analysis at TEMP = -40.000000 and TNOM = 27.000000

Using SPARSE 1.3 as Direct Linear Solver

No. of Data Rows : 6
voa = -1.002684490e-03
ddc = 1.8536125600e-07
dde = -1.882412014e-07
Reset re-loads circuit * comparator-offset-mc @ fs_-40c_3.63v -- generated by sim/harness, do not edit

Circuit: * comparator-offset-mc @ fs_-40c_3.63v -- generated by sim/harness, do not edit

Doing analysis at TEMP = -40.000000 and TNOM = 27.000000

Using SPARSE 1.3 as Direct Linear Solver

No. of Data Rows : 6
voa = 2.8182797852e-04
ddc = -5.441010527e-08
dde = 5.6521056423e-08
Reset re-loads circuit * comparator-offset-mc @ fs_-40c_3.63v -- generated by sim/harness, do not edit

Circuit: * comparator-offset-mc @ fs_-40c_3.63v -- generated by sim/harness, do not edit

Doing analysis at TEMP = -40.000000 and TNOM = 27.000000

Using SPARSE 1.3 as Direct Linear Solver

No. of Data Rows : 6
voa = -4.304428779e-04
ddc = 8.0444538996e-08
dde = -8.211319957e-08
Reset re-loads circuit * comparator-offset-mc @ fs_-40c_3.63v -- generated by sim/harness, do not edit

Circuit: * comparator-offset-mc @ fs_-40c_3.63v -- generated by sim/harness, do not edit

Doing analysis at TEMP = -40.000000 and TNOM = 27.000000

Using SPARSE 1.3 as Direct Linear Solver

No. of Data Rows : 6
voa = 1.8381609936e-03
ddc = -3.326821800e-07
dde = 3.4927302122e-07
Reset re-loads circuit * comparator-offset-mc @ fs_-40c_3.63v -- generated by sim/harness, do not edit

Circuit: * comparator-offset-mc @ fs_-40c_3.63v -- generated by sim/harness, do not edit

Doing analysis at TEMP = -40.000000 and TNOM = 27.000000

Using SPARSE 1.3 as Direct Linear Solver

No. of Data Rows : 6
voa = 1.8599578340e-03
ddc = -3.399396192e-07
dde = 3.5758975308e-07
Reset re-loads circuit * comparator-offset-mc @ fs_-40c_3.63v -- generated by sim/harness, do not edit

Circuit: * comparator-offset-mc @ fs_-40c_3.63v -- generated by sim/harness, do not edit

Doing analysis at TEMP = -40.000000 and TNOM = 27.000000

Using SPARSE 1.3 as Direct Linear Solver

No. of Data Rows : 6
voa = -1.519694526e-04
ddc = 3.2329777167e-08
dde = -3.348565605e-08
Reset re-loads circuit * comparator-offset-mc @ fs_-40c_3.63v -- generated by sim/harness, do not edit

Circuit: * comparator-offset-mc @ fs_-40c_3.63v -- generated by sim/harness, do not edit

Doing analysis at TEMP = -40.000000 and TNOM = 27.000000

Using SPARSE 1.3 as Direct Linear Solver

No. of Data Rows : 6
voa = 1.2550402058e-03
ddc = -2.176934941e-07
dde = 2.2703099473e-07
Reset re-loads circuit * comparator-offset-mc @ fs_-40c_3.63v -- generated by sim/harness, do not edit

Circuit: * comparator-offset-mc @ fs_-40c_3.63v -- generated by sim/harness, do not edit

Doing analysis at TEMP = -40.000000 and TNOM = 27.000000

Using SPARSE 1.3 as Direct Linear Solver

No. of Data Rows : 6
voa = -6.815814225e-04
ddc = 1.1646724193e-07
dde = -1.187050423e-07
Reset re-loads circuit * comparator-offset-mc @ fs_-40c_3.63v -- generated by sim/harness, do not edit

Circuit: * comparator-offset-mc @ fs_-40c_3.63v -- generated by sim/harness, do not edit

Doing analysis at TEMP = -40.000000 and TNOM = 27.000000

Using SPARSE 1.3 as Direct Linear Solver

No. of Data Rows : 6
voa = -3.551477656e-03
ddc = 6.8767891911e-07
dde = -6.774512148e-07
Reset re-loads circuit * comparator-offset-mc @ fs_-40c_3.63v -- generated by sim/harness, do not edit

Circuit: * comparator-offset-mc @ fs_-40c_3.63v -- generated by sim/harness, do not edit

Doing analysis at TEMP = -40.000000 and TNOM = 27.000000

Using SPARSE 1.3 as Direct Linear Solver

No. of Data Rows : 6
voa = -7.108910703e-04
ddc = 1.3984936322e-07
dde = -1.431996702e-07
Reset re-loads circuit * comparator-offset-mc @ fs_-40c_3.63v -- generated by sim/harness, do not edit

Circuit: * comparator-offset-mc @ fs_-40c_3.63v -- generated by sim/harness, do not edit

Doing analysis at TEMP = -40.000000 and TNOM = 27.000000

Using SPARSE 1.3 as Direct Linear Solver

No. of Data Rows : 6
voa = -5.833557908e-04
ddc = 1.1471322101e-07
dde = -1.171441581e-07
Reset re-loads circuit * comparator-offset-mc @ fs_-40c_3.63v -- generated by sim/harness, do not edit

Circuit: * comparator-offset-mc @ fs_-40c_3.63v -- generated by sim/harness, do not edit

Doing analysis at TEMP = -40.000000 and TNOM = 27.000000

Using SPARSE 1.3 as Direct Linear Solver

No. of Data Rows : 6
voa = -3.399509483e-04
ddc = 6.6142438989e-08
dde = -6.779107029e-08
Reset re-loads circuit * comparator-offset-mc @ fs_-40c_3.63v -- generated by sim/harness, do not edit

Circuit: * comparator-offset-mc @ fs_-40c_3.63v -- generated by sim/harness, do not edit

Doing analysis at TEMP = -40.000000 and TNOM = 27.000000

Using SPARSE 1.3 as Direct Linear Solver

No. of Data Rows : 6
voa = 3.4572695242e-03
ddc = -6.558509942e-07
dde = 7.0899940081e-07
Reset re-loads circuit * comparator-offset-mc @ fs_-40c_3.63v -- generated by sim/harness, do not edit

Circuit: * comparator-offset-mc @ fs_-40c_3.63v -- generated by sim/harness, do not edit

Doing analysis at TEMP = -40.000000 and TNOM = 27.000000

Using SPARSE 1.3 as Direct Linear Solver

No. of Data Rows : 6
voa = -5.915059012e-04
ddc = 1.1532024293e-07
dde = -1.177345111e-07
Reset re-loads circuit * comparator-offset-mc @ fs_-40c_3.63v -- generated by sim/harness, do not edit

Circuit: * comparator-offset-mc @ fs_-40c_3.63v -- generated by sim/harness, do not edit

Doing analysis at TEMP = -40.000000 and TNOM = 27.000000

Using SPARSE 1.3 as Direct Linear Solver

No. of Data Rows : 6
voa = -1.325959191e-03
ddc = 2.6112223374e-07
dde = -2.646241270e-07
Reset re-loads circuit * comparator-offset-mc @ fs_-40c_3.63v -- generated by sim/harness, do not edit

Circuit: * comparator-offset-mc @ fs_-40c_3.63v -- generated by sim/harness, do not edit

Doing analysis at TEMP = -40.000000 and TNOM = 27.000000

Using SPARSE 1.3 as Direct Linear Solver

No. of Data Rows : 6
voa = 5.3022354161e-04
ddc = -1.027490594e-07
dde = 1.0696676252e-07
Reset re-loads circuit * comparator-offset-mc @ fs_-40c_3.63v -- generated by sim/harness, do not edit

Circuit: * comparator-offset-mc @ fs_-40c_3.63v -- generated by sim/harness, do not edit

Doing analysis at TEMP = -40.000000 and TNOM = 27.000000

Using SPARSE 1.3 as Direct Linear Solver

No. of Data Rows : 6
voa = -1.817961761e-03
ddc = 3.5676641355e-07
dde = -3.592254063e-07
Reset re-loads circuit * comparator-offset-mc @ fs_-40c_3.63v -- generated by sim/harness, do not edit

Circuit: * comparator-offset-mc @ fs_-40c_3.63v -- generated by sim/harness, do not edit

Doing analysis at TEMP = -40.000000 and TNOM = 27.000000

Using SPARSE 1.3 as Direct Linear Solver

No. of Data Rows : 6
voa = -1.466311057e-03
ddc = 2.7642836141e-07
dde = -2.798422240e-07
Reset re-loads circuit * comparator-offset-mc @ fs_-40c_3.63v -- generated by sim/harness, do not edit

Circuit: * comparator-offset-mc @ fs_-40c_3.63v -- generated by sim/harness, do not edit

Doing analysis at TEMP = -40.000000 and TNOM = 27.000000

Using SPARSE 1.3 as Direct Linear Solver

No. of Data Rows : 6
voa = -2.180510272e-03
ddc = 4.0642491355e-07
dde = -4.062146406e-07
Reset re-loads circuit * comparator-offset-mc @ fs_-40c_3.63v -- generated by sim/harness, do not edit

Circuit: * comparator-offset-mc @ fs_-40c_3.63v -- generated by sim/harness, do not edit

Doing analysis at TEMP = -40.000000 and TNOM = 27.000000

Using SPARSE 1.3 as Direct Linear Solver

No. of Data Rows : 6
voa = -1.550871912e-03
ddc = 2.9603780716e-07
dde = -2.985841395e-07
Reset re-loads circuit * comparator-offset-mc @ fs_-40c_3.63v -- generated by sim/harness, do not edit

Circuit: * comparator-offset-mc @ fs_-40c_3.63v -- generated by sim/harness, do not edit

Doing analysis at TEMP = -40.000000 and TNOM = 27.000000

Using SPARSE 1.3 as Direct Linear Solver

No. of Data Rows : 6
voa = 1.4907911917e-03
ddc = -2.641163074e-07
dde = 2.7428262588e-07
Reset re-loads circuit * comparator-offset-mc @ fs_-40c_3.63v -- generated by sim/harness, do not edit

Circuit: * comparator-offset-mc @ fs_-40c_3.63v -- generated by sim/harness, do not edit

Doing analysis at TEMP = -40.000000 and TNOM = 27.000000

Using SPARSE 1.3 as Direct Linear Solver

No. of Data Rows : 6
voa = 1.0240244394e-03
ddc = -1.967934675e-07
dde = 2.0551138767e-07
Reset re-loads circuit * comparator-offset-mc @ fs_-40c_3.63v -- generated by sim/harness, do not edit

Circuit: * comparator-offset-mc @ fs_-40c_3.63v -- generated by sim/harness, do not edit

Doing analysis at TEMP = -40.000000 and TNOM = 27.000000

Using SPARSE 1.3 as Direct Linear Solver

No. of Data Rows : 6
voa = -1.444868014e-03
ddc = 2.7732867901e-07
dde = -2.800097203e-07
Reset re-loads circuit * comparator-offset-mc @ fs_-40c_3.63v -- generated by sim/harness, do not edit

Circuit: * comparator-offset-mc @ fs_-40c_3.63v -- generated by sim/harness, do not edit

Doing analysis at TEMP = -40.000000 and TNOM = 27.000000

Using SPARSE 1.3 as Direct Linear Solver

No. of Data Rows : 6
voa = 8.3390196950e-04
ddc = -1.476365117e-07
dde = 1.5264796332e-07
Reset re-loads circuit * comparator-offset-mc @ fs_-40c_3.63v -- generated by sim/harness, do not edit

Circuit: * comparator-offset-mc @ fs_-40c_3.63v -- generated by sim/harness, do not edit

Doing analysis at TEMP = -40.000000 and TNOM = 27.000000

Using SPARSE 1.3 as Direct Linear Solver

No. of Data Rows : 6
voa = 9.1307218073e-04
ddc = -1.540606341e-07
dde = 1.5947373006e-07
Reset re-loads circuit * comparator-offset-mc @ fs_-40c_3.63v -- generated by sim/harness, do not edit

Circuit: * comparator-offset-mc @ fs_-40c_3.63v -- generated by sim/harness, do not edit

Doing analysis at TEMP = -40.000000 and TNOM = 27.000000

Using SPARSE 1.3 as Direct Linear Solver

No. of Data Rows : 6
voa = 2.3704549969e-03
ddc = -4.257973229e-07
dde = 4.5016500883e-07
Reset re-loads circuit * comparator-offset-mc @ fs_-40c_3.63v -- generated by sim/harness, do not edit

Circuit: * comparator-offset-mc @ fs_-40c_3.63v -- generated by sim/harness, do not edit

Doing analysis at TEMP = -40.000000 and TNOM = 27.000000

Using SPARSE 1.3 as Direct Linear Solver

No. of Data Rows : 6
voa = 1.7664030773e-03
ddc = -3.238816107e-07
dde = 3.3859946801e-07
Reset re-loads circuit * comparator-offset-mc @ fs_-40c_3.63v -- generated by sim/harness, do not edit

Circuit: * comparator-offset-mc @ fs_-40c_3.63v -- generated by sim/harness, do not edit

Doing analysis at TEMP = -40.000000 and TNOM = 27.000000

Using SPARSE 1.3 as Direct Linear Solver

No. of Data Rows : 6
voa = 2.8296771913e-04
ddc = -5.977666719e-08
dde = 6.2193785246e-08
Reset re-loads circuit * comparator-offset-mc @ fs_-40c_3.63v -- generated by sim/harness, do not edit

Circuit: * comparator-offset-mc @ fs_-40c_3.63v -- generated by sim/harness, do not edit

Doing analysis at TEMP = -40.000000 and TNOM = 27.000000

Using SPARSE 1.3 as Direct Linear Solver

No. of Data Rows : 6
voa = 1.7948466712e-03
ddc = -3.314162216e-07
dde = 3.4996701399e-07
Reset re-loads circuit * comparator-offset-mc @ fs_-40c_3.63v -- generated by sim/harness, do not edit

Circuit: * comparator-offset-mc @ fs_-40c_3.63v -- generated by sim/harness, do not edit

Doing analysis at TEMP = -40.000000 and TNOM = 27.000000

Using SPARSE 1.3 as Direct Linear Solver

No. of Data Rows : 6
voa = -1.124694476e-03
ddc = 2.1563425941e-07
dde = -2.178857153e-07
Reset re-loads circuit * comparator-offset-mc @ fs_-40c_3.63v -- generated by sim/harness, do not edit

Circuit: * comparator-offset-mc @ fs_-40c_3.63v -- generated by sim/harness, do not edit

Doing analysis at TEMP = -40.000000 and TNOM = 27.000000

Using SPARSE 1.3 as Direct Linear Solver

No. of Data Rows : 6
voa = 9.1169635938e-04
ddc = -1.870855475e-07
dde = 1.9482809152e-07
Reset re-loads circuit * comparator-offset-mc @ fs_-40c_3.63v -- generated by sim/harness, do not edit

Circuit: * comparator-offset-mc @ fs_-40c_3.63v -- generated by sim/harness, do not edit

Doing analysis at TEMP = -40.000000 and TNOM = 27.000000

Using SPARSE 1.3 as Direct Linear Solver

No. of Data Rows : 6
voa = 1.5311837545e-03
ddc = -2.830867233e-07
dde = 2.9607077021e-07
Reset re-loads circuit * comparator-offset-mc @ fs_-40c_3.63v -- generated by sim/harness, do not edit

Circuit: * comparator-offset-mc @ fs_-40c_3.63v -- generated by sim/harness, do not edit

Doing analysis at TEMP = -40.000000 and TNOM = 27.000000

Using SPARSE 1.3 as Direct Linear Solver

No. of Data Rows : 6
voa = -1.896271208e-03
ddc = 3.5760893768e-07
dde = -3.585737041e-07
Reset re-loads circuit * comparator-offset-mc @ fs_-40c_3.63v -- generated by sim/harness, do not edit

Circuit: * comparator-offset-mc @ fs_-40c_3.63v -- generated by sim/harness, do not edit

Doing analysis at TEMP = -40.000000 and TNOM = 27.000000

Using SPARSE 1.3 as Direct Linear Solver

No. of Data Rows : 6
voa = -9.384818349e-05
ddc = 1.7660660532e-08
dde = -1.815427008e-08
Reset re-loads circuit * comparator-offset-mc @ fs_-40c_3.63v -- generated by sim/harness, do not edit

Circuit: * comparator-offset-mc @ fs_-40c_3.63v -- generated by sim/harness, do not edit

Doing analysis at TEMP = -40.000000 and TNOM = 27.000000

Using SPARSE 1.3 as Direct Linear Solver

No. of Data Rows : 6
voa = 1.6926004840e-03
ddc = -3.220079422e-07
dde = 3.3635509788e-07
Reset re-loads circuit * comparator-offset-mc @ fs_-40c_3.63v -- generated by sim/harness, do not edit

Circuit: * comparator-offset-mc @ fs_-40c_3.63v -- generated by sim/harness, do not edit

Doing analysis at TEMP = -40.000000 and TNOM = 27.000000

Using SPARSE 1.3 as Direct Linear Solver

No. of Data Rows : 6
voa = 7.4678392978e-04
ddc = -1.445318142e-07
dde = 1.5044012318e-07
Reset re-loads circuit * comparator-offset-mc @ fs_-40c_3.63v -- generated by sim/harness, do not edit

Circuit: * comparator-offset-mc @ fs_-40c_3.63v -- generated by sim/harness, do not edit

Doing analysis at TEMP = -40.000000 and TNOM = 27.000000

Using SPARSE 1.3 as Direct Linear Solver

No. of Data Rows : 6
voa = 1.8690300188e-03
ddc = -3.267547426e-07
dde = 3.4261215092e-07
Reset re-loads circuit * comparator-offset-mc @ fs_-40c_3.63v -- generated by sim/harness, do not edit

Circuit: * comparator-offset-mc @ fs_-40c_3.63v -- generated by sim/harness, do not edit

Doing analysis at TEMP = -40.000000 and TNOM = 27.000000

Using SPARSE 1.3 as Direct Linear Solver

No. of Data Rows : 6
voa = 1.1140135878e-04
ddc = -1.616067684e-08
dde = 1.6321812754e-08
Reset re-loads circuit * comparator-offset-mc @ fs_-40c_3.63v -- generated by sim/harness, do not edit

Circuit: * comparator-offset-mc @ fs_-40c_3.63v -- generated by sim/harness, do not edit

Doing analysis at TEMP = -40.000000 and TNOM = 27.000000

Using SPARSE 1.3 as Direct Linear Solver

No. of Data Rows : 6
voa = 2.4828318069e-03
ddc = -4.610364080e-07
dde = 4.9063803514e-07
Reset re-loads circuit * comparator-offset-mc @ fs_-40c_3.63v -- generated by sim/harness, do not edit

Circuit: * comparator-offset-mc @ fs_-40c_3.63v -- generated by sim/harness, do not edit

Doing analysis at TEMP = -40.000000 and TNOM = 27.000000

Using SPARSE 1.3 as Direct Linear Solver

No. of Data Rows : 6
voa = 1.7388644324e-03
ddc = -3.295061923e-07
dde = 3.4487241395e-07
Reset re-loads circuit * comparator-offset-mc @ fs_-40c_3.63v -- generated by sim/harness, do not edit

Circuit: * comparator-offset-mc @ fs_-40c_3.63v -- generated by sim/harness, do not edit

Doing analysis at TEMP = -40.000000 and TNOM = 27.000000

Using SPARSE 1.3 as Direct Linear Solver
 Reference value :  0.00000e+00
No. of Data Rows : 6
voa = 1.5001828063e-03
ddc = -2.758680889e-07
dde = 2.8817718084e-07
Reset re-loads circuit * comparator-offset-mc @ fs_-40c_3.63v -- generated by sim/harness, do not edit

Circuit: * comparator-offset-mc @ fs_-40c_3.63v -- generated by sim/harness, do not edit

Doing analysis at TEMP = -40.000000 and TNOM = 27.000000

Using SPARSE 1.3 as Direct Linear Solver

No. of Data Rows : 6
voa = -1.214152947e-03
ddc = 2.1606719899e-07
dde = -2.185085938e-07
Reset re-loads circuit * comparator-offset-mc @ fs_-40c_3.63v -- generated by sim/harness, do not edit

Circuit: * comparator-offset-mc @ fs_-40c_3.63v -- generated by sim/harness, do not edit

Doing analysis at TEMP = -40.000000 and TNOM = 27.000000

Using SPARSE 1.3 as Direct Linear Solver

No. of Data Rows : 6
voa = 3.1086146030e-03
ddc = -5.590419299e-07
dde = 5.8950781729e-07
Reset re-loads circuit * comparator-offset-mc @ fs_-40c_3.63v -- generated by sim/harness, do not edit

Circuit: * comparator-offset-mc @ fs_-40c_3.63v -- generated by sim/harness, do not edit

Doing analysis at TEMP = -40.000000 and TNOM = 27.000000

Using SPARSE 1.3 as Direct Linear Solver

No. of Data Rows : 6
voa = -1.819303736e-04
ddc = 4.8705935026e-08
dde = -5.084200628e-08
Reset re-loads circuit * comparator-offset-mc @ fs_-40c_3.63v -- generated by sim/harness, do not edit

Circuit: * comparator-offset-mc @ fs_-40c_3.63v -- generated by sim/harness, do not edit

Doing analysis at TEMP = -40.000000 and TNOM = 27.000000

Using SPARSE 1.3 as Direct Linear Solver

No. of Data Rows : 6
voa = -2.540090629e-03
ddc = 4.7528275944e-07
dde = -4.730044606e-07
Reset re-loads circuit * comparator-offset-mc @ fs_-40c_3.63v -- generated by sim/harness, do not edit

Circuit: * comparator-offset-mc @ fs_-40c_3.63v -- generated by sim/harness, do not edit

Doing analysis at TEMP = -40.000000 and TNOM = 27.000000

Using SPARSE 1.3 as Direct Linear Solver

No. of Data Rows : 6
voa = 1.2506622963e-03
ddc = -2.255954181e-07
dde = 2.3426750834e-07
Reset re-loads circuit * comparator-offset-mc @ fs_-40c_3.63v -- generated by sim/harness, do not edit

Circuit: * comparator-offset-mc @ fs_-40c_3.63v -- generated by sim/harness, do not edit

Doing analysis at TEMP = -40.000000 and TNOM = 27.000000

Using SPARSE 1.3 as Direct Linear Solver

No. of Data Rows : 6
voa = 2.1036920706e-03
ddc = -4.021273717e-07
dde = 4.2354732051e-07
Reset re-loads circuit * comparator-offset-mc @ fs_-40c_3.63v -- generated by sim/harness, do not edit

Circuit: * comparator-offset-mc @ fs_-40c_3.63v -- generated by sim/harness, do not edit

Doing analysis at TEMP = -40.000000 and TNOM = 27.000000

Using SPARSE 1.3 as Direct Linear Solver

No. of Data Rows : 6
voa = 1.8009895251e-03
ddc = -3.366760970e-07
dde = 3.5313710076e-07
Reset re-loads circuit * comparator-offset-mc @ fs_-40c_3.63v -- generated by sim/harness, do not edit

Circuit: * comparator-offset-mc @ fs_-40c_3.63v -- generated by sim/harness, do not edit

Doing analysis at TEMP = -40.000000 and TNOM = 27.000000

Using SPARSE 1.3 as Direct Linear Solver

No. of Data Rows : 6
voa = -2.853912086e-03
ddc = 5.4555636563e-07
dde = -5.428105526e-07
Reset re-loads circuit * comparator-offset-mc @ fs_-40c_3.63v -- generated by sim/harness, do not edit

Circuit: * comparator-offset-mc @ fs_-40c_3.63v -- generated by sim/harness, do not edit

Doing analysis at TEMP = -40.000000 and TNOM = 27.000000

Using SPARSE 1.3 as Direct Linear Solver

No. of Data Rows : 6
voa = -3.212967868e-05
ddc = 3.1322988250e-09
dde = -2.967263376e-09
Reset re-loads circuit * comparator-offset-mc @ fs_-40c_3.63v -- generated by sim/harness, do not edit

Circuit: * comparator-offset-mc @ fs_-40c_3.63v -- generated by sim/harness, do not edit

Doing analysis at TEMP = -40.000000 and TNOM = 27.000000

Using SPARSE 1.3 as Direct Linear Solver

No. of Data Rows : 6
voa = -1.210651759e-03
ddc = 2.4340302741e-07
dde = -2.470174444e-07
Reset re-loads circuit * comparator-offset-mc @ fs_-40c_3.63v -- generated by sim/harness, do not edit

Circuit: * comparator-offset-mc @ fs_-40c_3.63v -- generated by sim/harness, do not edit

Doing analysis at TEMP = -40.000000 and TNOM = 27.000000

Using SPARSE 1.3 as Direct Linear Solver

No. of Data Rows : 6
voa = 2.2007159553e-03
ddc = -3.933371054e-07
dde = 4.1536236179e-07
Reset re-loads circuit * comparator-offset-mc @ fs_-40c_3.63v -- generated by sim/harness, do not edit

Circuit: * comparator-offset-mc @ fs_-40c_3.63v -- generated by sim/harness, do not edit

Doing analysis at TEMP = -40.000000 and TNOM = 27.000000

Using SPARSE 1.3 as Direct Linear Solver

No. of Data Rows : 6
voa = 2.1403319700e-03
ddc = -3.837595250e-07
dde = 4.0576864340e-07
Reset re-loads circuit * comparator-offset-mc @ fs_-40c_3.63v -- generated by sim/harness, do not edit

Circuit: * comparator-offset-mc @ fs_-40c_3.63v -- generated by sim/harness, do not edit

Doing analysis at TEMP = -40.000000 and TNOM = 27.000000

Using SPARSE 1.3 as Direct Linear Solver

No. of Data Rows : 6
voa = 2.4464712306e-03
ddc = -4.375842751e-07
dde = 4.6039166375e-07
Reset re-loads circuit * comparator-offset-mc @ fs_-40c_3.63v -- generated by sim/harness, do not edit

Circuit: * comparator-offset-mc @ fs_-40c_3.63v -- generated by sim/harness, do not edit

Doing analysis at TEMP = -40.000000 and TNOM = 27.000000

Using SPARSE 1.3 as Direct Linear Solver

No. of Data Rows : 6
voa = -1.419008313e-03
ddc = 2.5926665661e-07
dde = -2.611024770e-07
Reset re-loads circuit * comparator-offset-mc @ fs_-40c_3.63v -- generated by sim/harness, do not edit

Circuit: * comparator-offset-mc @ fs_-40c_3.63v -- generated by sim/harness, do not edit

Doing analysis at TEMP = -40.000000 and TNOM = 27.000000

Using SPARSE 1.3 as Direct Linear Solver

No. of Data Rows : 6
voa = -5.171846396e-04
ddc = 8.6294491061e-08
dde = -8.766613164e-08
Reset re-loads circuit * comparator-offset-mc @ fs_-40c_3.63v -- generated by sim/harness, do not edit

Circuit: * comparator-offset-mc @ fs_-40c_3.63v -- generated by sim/harness, do not edit

Doing analysis at TEMP = -40.000000 and TNOM = 27.000000

Using SPARSE 1.3 as Direct Linear Solver

No. of Data Rows : 6
voa = 1.1998443234e-03
ddc = -2.241664796e-07
dde = 2.3391284948e-07
Reset re-loads circuit * comparator-offset-mc @ fs_-40c_3.63v -- generated by sim/harness, do not edit

Circuit: * comparator-offset-mc @ fs_-40c_3.63v -- generated by sim/harness, do not edit

Doing analysis at TEMP = -40.000000 and TNOM = 27.000000

Using SPARSE 1.3 as Direct Linear Solver

No. of Data Rows : 6
voa = -2.142808873e-03
ddc = 4.1272391364e-07
dde = -4.133999792e-07
Reset re-loads circuit * comparator-offset-mc @ fs_-40c_3.63v -- generated by sim/harness, do not edit

Circuit: * comparator-offset-mc @ fs_-40c_3.63v -- generated by sim/harness, do not edit

Doing analysis at TEMP = -40.000000 and TNOM = 27.000000

Using SPARSE 1.3 as Direct Linear Solver

No. of Data Rows : 6
voa = -1.335367875e-03
ddc = 2.5041425499e-07
dde = -2.526351207e-07
Reset re-loads circuit * comparator-offset-mc @ fs_-40c_3.63v -- generated by sim/harness, do not edit

Circuit: * comparator-offset-mc @ fs_-40c_3.63v -- generated by sim/harness, do not edit

Doing analysis at TEMP = -40.000000 and TNOM = 27.000000

Using SPARSE 1.3 as Direct Linear Solver

No. of Data Rows : 6
voa = 1.0244789351e-03
ddc = -1.760541876e-07
dde = 1.8166699534e-07
Reset re-loads circuit * comparator-offset-mc @ fs_-40c_3.63v -- generated by sim/harness, do not edit

Circuit: * comparator-offset-mc @ fs_-40c_3.63v -- generated by sim/harness, do not edit

Doing analysis at TEMP = -40.000000 and TNOM = 27.000000

Using SPARSE 1.3 as Direct Linear Solver

No. of Data Rows : 6
voa = 2.7295102369e-03
ddc = -5.087174961e-07
dde = 5.4191502485e-07
Reset re-loads circuit * comparator-offset-mc @ fs_-40c_3.63v -- generated by sim/harness, do not edit

Circuit: * comparator-offset-mc @ fs_-40c_3.63v -- generated by sim/harness, do not edit

Doing analysis at TEMP = -40.000000 and TNOM = 27.000000

Using SPARSE 1.3 as Direct Linear Solver

No. of Data Rows : 6
voa = -2.807358713e-03
ddc = 5.4679352599e-07
dde = -5.440947879e-07
Reset re-loads circuit * comparator-offset-mc @ fs_-40c_3.63v -- generated by sim/harness, do not edit

Circuit: * comparator-offset-mc @ fs_-40c_3.63v -- generated by sim/harness, do not edit

Doing analysis at TEMP = -40.000000 and TNOM = 27.000000

Using SPARSE 1.3 as Direct Linear Solver

No. of Data Rows : 6
voa = 4.2032665514e-04
ddc = -8.736009424e-08
dde = 9.0750302317e-08
Reset re-loads circuit * comparator-offset-mc @ fs_-40c_3.63v -- generated by sim/harness, do not edit

Circuit: * comparator-offset-mc @ fs_-40c_3.63v -- generated by sim/harness, do not edit

Doing analysis at TEMP = -40.000000 and TNOM = 27.000000

Using SPARSE 1.3 as Direct Linear Solver

No. of Data Rows : 6
voa = -1.183792627e-03
ddc = 2.1883559313e-07
dde = -2.209088122e-07
Reset re-loads circuit * comparator-offset-mc @ fs_-40c_3.63v -- generated by sim/harness, do not edit

Circuit: * comparator-offset-mc @ fs_-40c_3.63v -- generated by sim/harness, do not edit

Doing analysis at TEMP = -40.000000 and TNOM = 27.000000

Using SPARSE 1.3 as Direct Linear Solver

No. of Data Rows : 6
voa = -2.504939524e-03
ddc = 4.8635439883e-07
dde = -4.863287233e-07
Reset re-loads circuit * comparator-offset-mc @ fs_-40c_3.63v -- generated by sim/harness, do not edit

Circuit: * comparator-offset-mc @ fs_-40c_3.63v -- generated by sim/harness, do not edit

Doing analysis at TEMP = -40.000000 and TNOM = 27.000000

Using SPARSE 1.3 as Direct Linear Solver

No. of Data Rows : 6
voa = 1.6649449213e-03
ddc = -3.147939015e-07
dde = 3.2953734551e-07
Reset re-loads circuit * comparator-offset-mc @ fs_-40c_3.63v -- generated by sim/harness, do not edit

Circuit: * comparator-offset-mc @ fs_-40c_3.63v -- generated by sim/harness, do not edit

Doing analysis at TEMP = -40.000000 and TNOM = 27.000000

Using SPARSE 1.3 as Direct Linear Solver

No. of Data Rows : 6
voa = 1.1350192649e-03
ddc = -2.226192231e-07
dde = 2.3198856653e-07
Reset re-loads circuit * comparator-offset-mc @ fs_-40c_3.63v -- generated by sim/harness, do not edit

Circuit: * comparator-offset-mc @ fs_-40c_3.63v -- generated by sim/harness, do not edit

Doing analysis at TEMP = -40.000000 and TNOM = 27.000000

Using SPARSE 1.3 as Direct Linear Solver

No. of Data Rows : 6
voa = 1.4408546415e-03
ddc = -2.723233169e-07
dde = 2.8460575556e-07
Reset re-loads circuit * comparator-offset-mc @ fs_-40c_3.63v -- generated by sim/harness, do not edit

Circuit: * comparator-offset-mc @ fs_-40c_3.63v -- generated by sim/harness, do not edit

Doing analysis at TEMP = -40.000000 and TNOM = 27.000000

Using SPARSE 1.3 as Direct Linear Solver

No. of Data Rows : 6
voa = 4.1092943281e-03
ddc = -7.490628958e-07
dde = 8.1276734905e-07
Reset re-loads circuit * comparator-offset-mc @ fs_-40c_3.63v -- generated by sim/harness, do not edit

Circuit: * comparator-offset-mc @ fs_-40c_3.63v -- generated by sim/harness, do not edit

Doing analysis at TEMP = -40.000000 and TNOM = 27.000000

Using SPARSE 1.3 as Direct Linear Solver

No. of Data Rows : 6
voa = -1.998594733e-03
ddc = 3.7224275051e-07
dde = -3.731171215e-07
Reset re-loads circuit * comparator-offset-mc @ fs_-40c_3.63v -- generated by sim/harness, do not edit

Circuit: * comparator-offset-mc @ fs_-40c_3.63v -- generated by sim/harness, do not edit

Doing analysis at TEMP = -40.000000 and TNOM = 27.000000

Using SPARSE 1.3 as Direct Linear Solver

No. of Data Rows : 6
voa = 2.6226464447e-04
ddc = -4.993139550e-08
dde = 5.1441447587e-08
Reset re-loads circuit * comparator-offset-mc @ fs_-40c_3.63v -- generated by sim/harness, do not edit

Circuit: * comparator-offset-mc @ fs_-40c_3.63v -- generated by sim/harness, do not edit

Doing analysis at TEMP = -40.000000 and TNOM = 27.000000

Using SPARSE 1.3 as Direct Linear Solver

No. of Data Rows : 6
voa = -2.415831079e-03
ddc = 4.5547538536e-07
dde = -4.539434235e-07
Reset re-loads circuit * comparator-offset-mc @ fs_-40c_3.63v -- generated by sim/harness, do not edit

Circuit: * comparator-offset-mc @ fs_-40c_3.63v -- generated by sim/harness, do not edit

Doing analysis at TEMP = -40.000000 and TNOM = 27.000000

Using SPARSE 1.3 as Direct Linear Solver

No. of Data Rows : 6
voa = -2.471948266e-05
ddc = -2.558929976e-09
dde = 3.1833412370e-09
Reset re-loads circuit * comparator-offset-mc @ fs_-40c_3.63v -- generated by sim/harness, do not edit

Circuit: * comparator-offset-mc @ fs_-40c_3.63v -- generated by sim/harness, do not edit

Doing analysis at TEMP = -40.000000 and TNOM = 27.000000

Using SPARSE 1.3 as Direct Linear Solver

No. of Data Rows : 6
voa = -1.699789978e-03
ddc = 3.1695929317e-07
dde = -3.190800074e-07
Reset re-loads circuit * comparator-offset-mc @ fs_-40c_3.63v -- generated by sim/harness, do not edit

Circuit: * comparator-offset-mc @ fs_-40c_3.63v -- generated by sim/harness, do not edit

Doing analysis at TEMP = -40.000000 and TNOM = 27.000000

Using SPARSE 1.3 as Direct Linear Solver

No. of Data Rows : 6
voa = -3.961648953e-04
ddc = 7.5078495553e-08
dde = -7.685635853e-08
Reset re-loads circuit * comparator-offset-mc @ fs_-40c_3.63v -- generated by sim/harness, do not edit

Circuit: * comparator-offset-mc @ fs_-40c_3.63v -- generated by sim/harness, do not edit

Doing analysis at TEMP = -40.000000 and TNOM = 27.000000

Using SPARSE 1.3 as Direct Linear Solver

No. of Data Rows : 6
voa = 1.9918091869e-03
ddc = -3.760983568e-07
dde = 3.9845882633e-07
Reset re-loads circuit * comparator-offset-mc @ fs_-40c_3.63v -- generated by sim/harness, do not edit

Circuit: * comparator-offset-mc @ fs_-40c_3.63v -- generated by sim/harness, do not edit

Doing analysis at TEMP = -40.000000 and TNOM = 27.000000

Using SPARSE 1.3 as Direct Linear Solver

No. of Data Rows : 6
voa = -4.899922625e-04
ddc = 9.9156627479e-08
dde = -1.016220215e-07
Reset re-loads circuit * comparator-offset-mc @ fs_-40c_3.63v -- generated by sim/harness, do not edit

Circuit: * comparator-offset-mc @ fs_-40c_3.63v -- generated by sim/harness, do not edit

Doing analysis at TEMP = -40.000000 and TNOM = 27.000000

Using SPARSE 1.3 as Direct Linear Solver

No. of Data Rows : 6
voa = -1.472181888e-03
ddc = 2.7402156744e-07
dde = -2.767098288e-07
Reset re-loads circuit * comparator-offset-mc @ fs_-40c_3.63v -- generated by sim/harness, do not edit

Circuit: * comparator-offset-mc @ fs_-40c_3.63v -- generated by sim/harness, do not edit

Doing analysis at TEMP = -40.000000 and TNOM = 27.000000

Using SPARSE 1.3 as Direct Linear Solver

No. of Data Rows : 6
voa = -4.186643222e-04
ddc = 6.8227881169e-08
dde = -6.928977297e-08
Reset re-loads circuit * comparator-offset-mc @ fs_-40c_3.63v -- generated by sim/harness, do not edit

Circuit: * comparator-offset-mc @ fs_-40c_3.63v -- generated by sim/harness, do not edit

Doing analysis at TEMP = -40.000000 and TNOM = 27.000000

Using SPARSE 1.3 as Direct Linear Solver

No. of Data Rows : 6
voa = -1.206371364e-03
ddc = 2.2285509677e-07
dde = -2.257407312e-07
Reset re-loads circuit * comparator-offset-mc @ fs_-40c_3.63v -- generated by sim/harness, do not edit

Circuit: * comparator-offset-mc @ fs_-40c_3.63v -- generated by sim/harness, do not edit

Doing analysis at TEMP = -40.000000 and TNOM = 27.000000

Using SPARSE 1.3 as Direct Linear Solver

No. of Data Rows : 6
voa = 2.5280129355e-03
ddc = -4.773057712e-07
dde = 5.0621623563e-07
Reset re-loads circuit * comparator-offset-mc @ fs_-40c_3.63v -- generated by sim/harness, do not edit

Circuit: * comparator-offset-mc @ fs_-40c_3.63v -- generated by sim/harness, do not edit

Doing analysis at TEMP = -40.000000 and TNOM = 27.000000

Using SPARSE 1.3 as Direct Linear Solver

No. of Data Rows : 6
voa = 2.0113207557e-03
ddc = -3.697290342e-07
dde = 3.8749997011e-07
Reset re-loads circuit * comparator-offset-mc @ fs_-40c_3.63v -- generated by sim/harness, do not edit

Circuit: * comparator-offset-mc @ fs_-40c_3.63v -- generated by sim/harness, do not edit

Doing analysis at TEMP = -40.000000 and TNOM = 27.000000

Using SPARSE 1.3 as Direct Linear Solver

No. of Data Rows : 6
voa = -3.184071844e-04
ddc = 5.3989241381e-08
dde = -5.493430162e-08
Reset re-loads circuit * comparator-offset-mc @ fs_-40c_3.63v -- generated by sim/harness, do not edit

Circuit: * comparator-offset-mc @ fs_-40c_3.63v -- generated by sim/harness, do not edit

Doing analysis at TEMP = -40.000000 and TNOM = 27.000000

Using SPARSE 1.3 as Direct Linear Solver

No. of Data Rows : 6
voa = -1.846914072e-03
ddc = 3.5943278738e-07
dde = -3.613236631e-07
Reset re-loads circuit * comparator-offset-mc @ fs_-40c_3.63v -- generated by sim/harness, do not edit

Circuit: * comparator-offset-mc @ fs_-40c_3.63v -- generated by sim/harness, do not edit

Doing analysis at TEMP = -40.000000 and TNOM = 27.000000

Using SPARSE 1.3 as Direct Linear Solver
 Reference value :  0.00000e+00
No. of Data Rows : 6
voa = 9.4369910301e-04
ddc = -1.736200745e-07
dde = 1.8037958823e-07
Reset re-loads circuit * comparator-offset-mc @ fs_-40c_3.63v -- generated by sim/harness, do not edit

Circuit: * comparator-offset-mc @ fs_-40c_3.63v -- generated by sim/harness, do not edit

Doing analysis at TEMP = -40.000000 and TNOM = 27.000000

Using SPARSE 1.3 as Direct Linear Solver

No. of Data Rows : 6
voa = -1.182568749e-03
ddc = 2.3014617957e-07
dde = -2.332901385e-07
Reset re-loads circuit * comparator-offset-mc @ fs_-40c_3.63v -- generated by sim/harness, do not edit

Circuit: * comparator-offset-mc @ fs_-40c_3.63v -- generated by sim/harness, do not edit

Doing analysis at TEMP = -40.000000 and TNOM = 27.000000

Using SPARSE 1.3 as Direct Linear Solver

No. of Data Rows : 6
voa = 1.1053699523e-03
ddc = -2.152303419e-07
dde = 2.2624965303e-07
Reset re-loads circuit * comparator-offset-mc @ fs_-40c_3.63v -- generated by sim/harness, do not edit

Circuit: * comparator-offset-mc @ fs_-40c_3.63v -- generated by sim/harness, do not edit

Doing analysis at TEMP = -40.000000 and TNOM = 27.000000

Using SPARSE 1.3 as Direct Linear Solver

No. of Data Rows : 6
voa = -1.206996978e-03
ddc = 2.3184666429e-07
dde = -2.351439358e-07
Reset re-loads circuit * comparator-offset-mc @ fs_-40c_3.63v -- generated by sim/harness, do not edit

Circuit: * comparator-offset-mc @ fs_-40c_3.63v -- generated by sim/harness, do not edit

Doing analysis at TEMP = -40.000000 and TNOM = 27.000000

Using SPARSE 1.3 as Direct Linear Solver

No. of Data Rows : 6
voa = 1.0239997098e-04
ddc = -2.620689160e-08
dde = 2.7351693013e-08
Reset re-loads circuit * comparator-offset-mc @ fs_-40c_3.63v -- generated by sim/harness, do not edit

Circuit: * comparator-offset-mc @ fs_-40c_3.63v -- generated by sim/harness, do not edit

Doing analysis at TEMP = -40.000000 and TNOM = 27.000000

Using SPARSE 1.3 as Direct Linear Solver

No. of Data Rows : 6
voa = -1.166541672e-03
ddc = 2.2161657775e-07
dde = -2.246229112e-07
Reset re-loads circuit * comparator-offset-mc @ fs_-40c_3.63v -- generated by sim/harness, do not edit

Circuit: * comparator-offset-mc @ fs_-40c_3.63v -- generated by sim/harness, do not edit

Doing analysis at TEMP = -40.000000 and TNOM = 27.000000

Using SPARSE 1.3 as Direct Linear Solver

No. of Data Rows : 6
voa = -1.848055876e-03
ddc = 3.5352764321e-07
dde = -3.553462665e-07
Reset re-loads circuit * comparator-offset-mc @ fs_-40c_3.63v -- generated by sim/harness, do not edit

Circuit: * comparator-offset-mc @ fs_-40c_3.63v -- generated by sim/harness, do not edit

Doing analysis at TEMP = -40.000000 and TNOM = 27.000000

Using SPARSE 1.3 as Direct Linear Solver

No. of Data Rows : 6
voa = 3.9581538079e-04
ddc = -5.847606850e-08
dde = 5.9516425261e-08
Reset re-loads circuit * comparator-offset-mc @ fs_-40c_3.63v -- generated by sim/harness, do not edit

Circuit: * comparator-offset-mc @ fs_-40c_3.63v -- generated by sim/harness, do not edit

Doing analysis at TEMP = -40.000000 and TNOM = 27.000000

Using SPARSE 1.3 as Direct Linear Solver

No. of Data Rows : 6
voa = 3.5770924487e-03
ddc = -6.492425843e-07
dde = 6.9097924923e-07
Reset re-loads circuit * comparator-offset-mc @ fs_-40c_3.63v -- generated by sim/harness, do not edit

Circuit: * comparator-offset-mc @ fs_-40c_3.63v -- generated by sim/harness, do not edit

Doing analysis at TEMP = -40.000000 and TNOM = 27.000000

Using SPARSE 1.3 as Direct Linear Solver

No. of Data Rows : 6
voa = 2.0026705861e-04
ddc = -3.986731154e-08
dde = 4.1073539044e-08
Reset re-loads circuit * comparator-offset-mc @ fs_-40c_3.63v -- generated by sim/harness, do not edit

Circuit: * comparator-offset-mc @ fs_-40c_3.63v -- generated by sim/harness, do not edit

Doing analysis at TEMP = -40.000000 and TNOM = 27.000000

Using SPARSE 1.3 as Direct Linear Solver

No. of Data Rows : 6
voa = -1.144259110e-03
ddc = 2.1764570534e-07
dde = -2.207740482e-07
Reset re-loads circuit * comparator-offset-mc @ fs_-40c_3.63v -- generated by sim/harness, do not edit

Circuit: * comparator-offset-mc @ fs_-40c_3.63v -- generated by sim/harness, do not edit

Doing analysis at TEMP = -40.000000 and TNOM = 27.000000

Using SPARSE 1.3 as Direct Linear Solver

No. of Data Rows : 6
voa = -1.649540169e-03
ddc = 3.0132626593e-07
dde = -3.038720752e-07
Reset re-loads circuit * comparator-offset-mc @ fs_-40c_3.63v -- generated by sim/harness, do not edit

Circuit: * comparator-offset-mc @ fs_-40c_3.63v -- generated by sim/harness, do not edit

Doing analysis at TEMP = -40.000000 and TNOM = 27.000000

Using SPARSE 1.3 as Direct Linear Solver

No. of Data Rows : 6
voa = 4.4302354830e-04
ddc = -7.836617580e-08
dde = 8.0416516652e-08
Reset re-loads circuit * comparator-offset-mc @ fs_-40c_3.63v -- generated by sim/harness, do not edit

Circuit: * comparator-offset-mc @ fs_-40c_3.63v -- generated by sim/harness, do not edit

Doing analysis at TEMP = -40.000000 and TNOM = 27.000000

Using SPARSE 1.3 as Direct Linear Solver

No. of Data Rows : 6
voa = -4.316766864e-03
ddc = 8.3304198020e-07
dde = -8.146504599e-07
Reset re-loads circuit * comparator-offset-mc @ fs_-40c_3.63v -- generated by sim/harness, do not edit

Circuit: * comparator-offset-mc @ fs_-40c_3.63v -- generated by sim/harness, do not edit

Doing analysis at TEMP = -40.000000 and TNOM = 27.000000

Using SPARSE 1.3 as Direct Linear Solver

No. of Data Rows : 6
voa = -4.443575052e-03
ddc = 8.5318605576e-07
dde = -8.319466863e-07
Reset re-loads circuit * comparator-offset-mc @ fs_-40c_3.63v -- generated by sim/harness, do not edit

Circuit: * comparator-offset-mc @ fs_-40c_3.63v -- generated by sim/harness, do not edit

Doing analysis at TEMP = -40.000000 and TNOM = 27.000000

Using SPARSE 1.3 as Direct Linear Solver

No. of Data Rows : 6
voa = -1.277429859e-03
ddc = 2.3475318953e-07
dde = -2.372596337e-07
Reset re-loads circuit * comparator-offset-mc @ fs_-40c_3.63v -- generated by sim/harness, do not edit

Circuit: * comparator-offset-mc @ fs_-40c_3.63v -- generated by sim/harness, do not edit

Doing analysis at TEMP = -40.000000 and TNOM = 27.000000

Using SPARSE 1.3 as Direct Linear Solver

No. of Data Rows : 6
voa = 1.3012455940e-04
ddc = -2.125795201e-08
dde = 2.1764187593e-08
Reset re-loads circuit * comparator-offset-mc @ fs_-40c_3.63v -- generated by sim/harness, do not edit

Circuit: * comparator-offset-mc @ fs_-40c_3.63v -- generated by sim/harness, do not edit

Doing analysis at TEMP = -40.000000 and TNOM = 27.000000

Using SPARSE 1.3 as Direct Linear Solver

No. of Data Rows : 6
voa = -1.122892361e-03
ddc = 2.0430677907e-07
dde = -2.066099591e-07
Reset re-loads circuit * comparator-offset-mc @ fs_-40c_3.63v -- generated by sim/harness, do not edit

Circuit: * comparator-offset-mc @ fs_-40c_3.63v -- generated by sim/harness, do not edit

Doing analysis at TEMP = -40.000000 and TNOM = 27.000000

Using SPARSE 1.3 as Direct Linear Solver

No. of Data Rows : 6
voa = 1.5377930984e-03
ddc = -2.936769380e-07
dde = 3.0818149060e-07
Reset re-loads circuit * comparator-offset-mc @ fs_-40c_3.63v -- generated by sim/harness, do not edit

Circuit: * comparator-offset-mc @ fs_-40c_3.63v -- generated by sim/harness, do not edit

Doing analysis at TEMP = -40.000000 and TNOM = 27.000000

Using SPARSE 1.3 as Direct Linear Solver

No. of Data Rows : 6
voa = -4.953395988e-04
ddc = 1.0830743398e-07
dde = -1.116777756e-07
Reset re-loads circuit * comparator-offset-mc @ fs_-40c_3.63v -- generated by sim/harness, do not edit

Circuit: * comparator-offset-mc @ fs_-40c_3.63v -- generated by sim/harness, do not edit

Doing analysis at TEMP = -40.000000 and TNOM = 27.000000

Using SPARSE 1.3 as Direct Linear Solver

No. of Data Rows : 6
voa = -6.571747018e-05
ddc = 1.3651740453e-08
dde = -1.408125191e-08
Reset re-loads circuit * comparator-offset-mc @ fs_-40c_3.63v -- generated by sim/harness, do not edit

Circuit: * comparator-offset-mc @ fs_-40c_3.63v -- generated by sim/harness, do not edit

Doing analysis at TEMP = -40.000000 and TNOM = 27.000000

Using SPARSE 1.3 as Direct Linear Solver

No. of Data Rows : 6
voa = -3.048778118e-03
ddc = 5.7496491225e-07
dde = -5.699364117e-07
Reset re-loads circuit * comparator-offset-mc @ fs_-40c_3.63v -- generated by sim/harness, do not edit

Circuit: * comparator-offset-mc @ fs_-40c_3.63v -- generated by sim/harness, do not edit

Doing analysis at TEMP = -40.000000 and TNOM = 27.000000

Using SPARSE 1.3 as Direct Linear Solver

No. of Data Rows : 6
voa = -4.167227244e-04
ddc = 8.0345146232e-08
dde = -8.218655727e-08
Reset re-loads circuit * comparator-offset-mc @ fs_-40c_3.63v -- generated by sim/harness, do not edit

Circuit: * comparator-offset-mc @ fs_-40c_3.63v -- generated by sim/harness, do not edit

Doing analysis at TEMP = -40.000000 and TNOM = 27.000000

Using SPARSE 1.3 as Direct Linear Solver

No. of Data Rows : 6
voa = 2.6250797694e-03
ddc = -4.985868806e-07
dde = 5.2885820191e-07
Reset re-loads circuit * comparator-offset-mc @ fs_-40c_3.63v -- generated by sim/harness, do not edit

Circuit: * comparator-offset-mc @ fs_-40c_3.63v -- generated by sim/harness, do not edit

Doing analysis at TEMP = -40.000000 and TNOM = 27.000000

Using SPARSE 1.3 as Direct Linear Solver

No. of Data Rows : 6
voa = -1.631927302e-03
ddc = 3.1256031634e-07
dde = -3.151903650e-07
Reset re-loads circuit * comparator-offset-mc @ fs_-40c_3.63v -- generated by sim/harness, do not edit

Circuit: * comparator-offset-mc @ fs_-40c_3.63v -- generated by sim/harness, do not edit

Doing analysis at TEMP = -40.000000 and TNOM = 27.000000

Using SPARSE 1.3 as Direct Linear Solver

No. of Data Rows : 6
voa = 4.1320527763e-04
ddc = -7.169123304e-08
dde = 7.3612107350e-08
Reset re-loads circuit * comparator-offset-mc @ fs_-40c_3.63v -- generated by sim/harness, do not edit

Circuit: * comparator-offset-mc @ fs_-40c_3.63v -- generated by sim/harness, do not edit

Doing analysis at TEMP = -40.000000 and TNOM = 27.000000

Using SPARSE 1.3 as Direct Linear Solver

No. of Data Rows : 6
voa = -1.664287036e-03
ddc = 3.2108072524e-07
dde = -3.233466040e-07
Reset re-loads circuit * comparator-offset-mc @ fs_-40c_3.63v -- generated by sim/harness, do not edit

Circuit: * comparator-offset-mc @ fs_-40c_3.63v -- generated by sim/harness, do not edit

Doing analysis at TEMP = -40.000000 and TNOM = 27.000000

Using SPARSE 1.3 as Direct Linear Solver

No. of Data Rows : 6
voa = 1.1374620455e-03
ddc = -2.052609509e-07
dde = 2.1522503019e-07
Reset re-loads circuit * comparator-offset-mc @ fs_-40c_3.63v -- generated by sim/harness, do not edit

Circuit: * comparator-offset-mc @ fs_-40c_3.63v -- generated by sim/harness, do not edit

Doing analysis at TEMP = -40.000000 and TNOM = 27.000000

Using SPARSE 1.3 as Direct Linear Solver

No. of Data Rows : 6
voa = -1.942060793e-03
ddc = 3.6480546093e-07
dde = -3.656520318e-07
Reset re-loads circuit * comparator-offset-mc @ fs_-40c_3.63v -- generated by sim/harness, do not edit

Circuit: * comparator-offset-mc @ fs_-40c_3.63v -- generated by sim/harness, do not edit

Doing analysis at TEMP = -40.000000 and TNOM = 27.000000

Using SPARSE 1.3 as Direct Linear Solver

No. of Data Rows : 6
voa = -9.613800139e-05
ddc = 2.0426811739e-08
dde = -2.100433016e-08
Reset re-loads circuit * comparator-offset-mc @ fs_-40c_3.63v -- generated by sim/harness, do not edit

Circuit: * comparator-offset-mc @ fs_-40c_3.63v -- generated by sim/harness, do not edit

Doing analysis at TEMP = -40.000000 and TNOM = 27.000000

Using SPARSE 1.3 as Direct Linear Solver

No. of Data Rows : 6
voa = 2.7031241473e-03
ddc = -4.845935928e-07
dde = 5.1446137861e-07
Reset re-loads circuit * comparator-offset-mc @ fs_-40c_3.63v -- generated by sim/harness, do not edit

Circuit: * comparator-offset-mc @ fs_-40c_3.63v -- generated by sim/harness, do not edit

Doing analysis at TEMP = -40.000000 and TNOM = 27.000000

Using SPARSE 1.3 as Direct Linear Solver

No. of Data Rows : 6
voa = -1.516003548e-03
ddc = 2.8407800406e-07
dde = -2.860921593e-07
Reset re-loads circuit * comparator-offset-mc @ fs_-40c_3.63v -- generated by sim/harness, do not edit

Circuit: * comparator-offset-mc @ fs_-40c_3.63v -- generated by sim/harness, do not edit

Doing analysis at TEMP = -40.000000 and TNOM = 27.000000

Using SPARSE 1.3 as Direct Linear Solver

No. of Data Rows : 6
voa = 1.9045772067e-03
ddc = -3.479645477e-07
dde = 3.6685312220e-07
Reset re-loads circuit * comparator-offset-mc @ fs_-40c_3.63v -- generated by sim/harness, do not edit

Circuit: * comparator-offset-mc @ fs_-40c_3.63v -- generated by sim/harness, do not edit

Doing analysis at TEMP = -40.000000 and TNOM = 27.000000

Using SPARSE 1.3 as Direct Linear Solver

No. of Data Rows : 6
voa = -5.387847264e-04
ddc = 1.0369601575e-07
dde = -1.056460877e-07
Reset re-loads circuit * comparator-offset-mc @ fs_-40c_3.63v -- generated by sim/harness, do not edit

Circuit: * comparator-offset-mc @ fs_-40c_3.63v -- generated by sim/harness, do not edit

Doing analysis at TEMP = -40.000000 and TNOM = 27.000000

Using SPARSE 1.3 as Direct Linear Solver

No. of Data Rows : 6
voa = -1.235936062e-04
ddc = 2.8364582573e-08
dde = -2.938391469e-08
Reset re-loads circuit * comparator-offset-mc @ fs_-40c_3.63v -- generated by sim/harness, do not edit

Circuit: * comparator-offset-mc @ fs_-40c_3.63v -- generated by sim/harness, do not edit

Doing analysis at TEMP = -40.000000 and TNOM = 27.000000

Using SPARSE 1.3 as Direct Linear Solver

No. of Data Rows : 6
voa = 8.2089261470e-04
ddc = -1.563094654e-07
dde = 1.6255568860e-07
Reset re-loads circuit * comparator-offset-mc @ fs_-40c_3.63v -- generated by sim/harness, do not edit

Circuit: * comparator-offset-mc @ fs_-40c_3.63v -- generated by sim/harness, do not edit

Doing analysis at TEMP = -40.000000 and TNOM = 27.000000

Using SPARSE 1.3 as Direct Linear Solver

No. of Data Rows : 6
voa = 1.7546975950e-03
ddc = -3.147982465e-07
dde = 3.3027539878e-07
Reset re-loads circuit * comparator-offset-mc @ fs_-40c_3.63v -- generated by sim/harness, do not edit

Circuit: * comparator-offset-mc @ fs_-40c_3.63v -- generated by sim/harness, do not edit

Doing analysis at TEMP = -40.000000 and TNOM = 27.000000

Using SPARSE 1.3 as Direct Linear Solver

No. of Data Rows : 6
voa = -9.353031281e-04
ddc = 1.9195907118e-07
dde = -1.957533124e-07
Reset re-loads circuit * comparator-offset-mc @ fs_-40c_3.63v -- generated by sim/harness, do not edit

Circuit: * comparator-offset-mc @ fs_-40c_3.63v -- generated by sim/harness, do not edit

Doing analysis at TEMP = -40.000000 and TNOM = 27.000000

Using SPARSE 1.3 as Direct Linear Solver
 Reference value :  0.00000e+00
No. of Data Rows : 6
voa = 4.0772462967e-05
ddc = -6.044008257e-09
dde = 6.1292049314e-09
Reset re-loads circuit * comparator-offset-mc @ fs_-40c_3.63v -- generated by sim/harness, do not edit

Circuit: * comparator-offset-mc @ fs_-40c_3.63v -- generated by sim/harness, do not edit

Doing analysis at TEMP = -40.000000 and TNOM = 27.000000

Using SPARSE 1.3 as Direct Linear Solver

No. of Data Rows : 6
voa = -2.359728165e-04
ddc = 4.3402488644e-08
dde = -4.446326234e-08
Reset re-loads circuit * comparator-offset-mc @ fs_-40c_3.63v -- generated by sim/harness, do not edit

Circuit: * comparator-offset-mc @ fs_-40c_3.63v -- generated by sim/harness, do not edit

Doing analysis at TEMP = -40.000000 and TNOM = 27.000000

Using SPARSE 1.3 as Direct Linear Solver

No. of Data Rows : 6
voa = -2.356103220e-03
ddc = 4.4848506719e-07
dde = -4.477494310e-07
Reset re-loads circuit * comparator-offset-mc @ fs_-40c_3.63v -- generated by sim/harness, do not edit

Circuit: * comparator-offset-mc @ fs_-40c_3.63v -- generated by sim/harness, do not edit

Doing analysis at TEMP = -40.000000 and TNOM = 27.000000

Using SPARSE 1.3 as Direct Linear Solver

No. of Data Rows : 6
voa = 3.9207023267e-04
ddc = -8.290356567e-08
dde = 8.6412051088e-08
Reset re-loads circuit * comparator-offset-mc @ fs_-40c_3.63v -- generated by sim/harness, do not edit

Circuit: * comparator-offset-mc @ fs_-40c_3.63v -- generated by sim/harness, do not edit

Doing analysis at TEMP = -40.000000 and TNOM = 27.000000

Using SPARSE 1.3 as Direct Linear Solver

No. of Data Rows : 6
voa = 4.8213054440e-04
ddc = -9.588511151e-08
dde = 9.9769268028e-08
Reset re-loads circuit * comparator-offset-mc @ fs_-40c_3.63v -- generated by sim/harness, do not edit

Circuit: * comparator-offset-mc @ fs_-40c_3.63v -- generated by sim/harness, do not edit

Doing analysis at TEMP = -40.000000 and TNOM = 27.000000

Using SPARSE 1.3 as Direct Linear Solver

No. of Data Rows : 6
voa = -1.901777569e-03
ddc = 3.6491132169e-07
dde = -3.659727519e-07
Reset re-loads circuit * comparator-offset-mc @ fs_-40c_3.63v -- generated by sim/harness, do not edit

Circuit: * comparator-offset-mc @ fs_-40c_3.63v -- generated by sim/harness, do not edit

Doing analysis at TEMP = -40.000000 and TNOM = 27.000000

Using SPARSE 1.3 as Direct Linear Solver

No. of Data Rows : 6
voa = -2.678766328e-04
ddc = 5.5553314052e-08
dde = -5.714852215e-08
Reset re-loads circuit * comparator-offset-mc @ fs_-40c_3.63v -- generated by sim/harness, do not edit

Circuit: * comparator-offset-mc @ fs_-40c_3.63v -- generated by sim/harness, do not edit

Doing analysis at TEMP = -40.000000 and TNOM = 27.000000

Using SPARSE 1.3 as Direct Linear Solver

No. of Data Rows : 6
voa = 1.6879200620e-03
ddc = -3.094831310e-07
dde = 3.2500240836e-07
Reset re-loads circuit * comparator-offset-mc @ fs_-40c_3.63v -- generated by sim/harness, do not edit

Circuit: * comparator-offset-mc @ fs_-40c_3.63v -- generated by sim/harness, do not edit

Doing analysis at TEMP = -40.000000 and TNOM = 27.000000

Using SPARSE 1.3 as Direct Linear Solver

No. of Data Rows : 6
voa = 2.2335228651e-05
ddc = 9.2948668613e-09
dde = -1.029395027e-08
Reset re-loads circuit * comparator-offset-mc @ fs_-40c_3.63v -- generated by sim/harness, do not edit

Circuit: * comparator-offset-mc @ fs_-40c_3.63v -- generated by sim/harness, do not edit

Doing analysis at TEMP = -40.000000 and TNOM = 27.000000

Using SPARSE 1.3 as Direct Linear Solver

No. of Data Rows : 6
voa = 1.6788660178e-03
ddc = -2.983900806e-07
dde = 3.1218664273e-07
Reset re-loads circuit * comparator-offset-mc @ fs_-40c_3.63v -- generated by sim/harness, do not edit

Circuit: * comparator-offset-mc @ fs_-40c_3.63v -- generated by sim/harness, do not edit

Doing analysis at TEMP = -40.000000 and TNOM = 27.000000

Using SPARSE 1.3 as Direct Linear Solver

No. of Data Rows : 6
voa = -1.250687896e-04
ddc = 3.7167176969e-08
dde = -3.882467074e-08
Reset re-loads circuit * comparator-offset-mc @ fs_-40c_3.63v -- generated by sim/harness, do not edit

Circuit: * comparator-offset-mc @ fs_-40c_3.63v -- generated by sim/harness, do not edit

Doing analysis at TEMP = -40.000000 and TNOM = 27.000000

Using SPARSE 1.3 as Direct Linear Solver

No. of Data Rows : 6
voa = 3.2620498562e-03
ddc = -6.008850461e-07
dde = 6.4037644624e-07
Reset re-loads circuit * comparator-offset-mc @ fs_-40c_3.63v -- generated by sim/harness, do not edit

Circuit: * comparator-offset-mc @ fs_-40c_3.63v -- generated by sim/harness, do not edit

Doing analysis at TEMP = -40.000000 and TNOM = 27.000000

Using SPARSE 1.3 as Direct Linear Solver

No. of Data Rows : 6
voa = 2.1395835472e-03
ddc = -3.895710611e-07
dde = 4.0835144145e-07
Reset re-loads circuit * comparator-offset-mc @ fs_-40c_3.63v -- generated by sim/harness, do not edit

Circuit: * comparator-offset-mc @ fs_-40c_3.63v -- generated by sim/harness, do not edit

Doing analysis at TEMP = -40.000000 and TNOM = 27.000000

Using SPARSE 1.3 as Direct Linear Solver

No. of Data Rows : 6
voa = 4.8788794963e-04
ddc = -8.637187457e-08
dde = 8.8982228294e-08
Reset re-loads circuit * comparator-offset-mc @ fs_-40c_3.63v -- generated by sim/harness, do not edit

Circuit: * comparator-offset-mc @ fs_-40c_3.63v -- generated by sim/harness, do not edit

Doing analysis at TEMP = -40.000000 and TNOM = 27.000000

Using SPARSE 1.3 as Direct Linear Solver

No. of Data Rows : 6
voa = 4.8489232455e-04
ddc = -1.002673723e-07
dde = 1.0434202092e-07
Reset re-loads circuit * comparator-offset-mc @ fs_-40c_3.63v -- generated by sim/harness, do not edit

Circuit: * comparator-offset-mc @ fs_-40c_3.63v -- generated by sim/harness, do not edit

Doing analysis at TEMP = -40.000000 and TNOM = 27.000000

Using SPARSE 1.3 as Direct Linear Solver

No. of Data Rows : 6
voa = -9.586522901e-04
ddc = 1.8793854303e-07
dde = -1.910290330e-07
Reset re-loads circuit * comparator-offset-mc @ fs_-40c_3.63v -- generated by sim/harness, do not edit

Circuit: * comparator-offset-mc @ fs_-40c_3.63v -- generated by sim/harness, do not edit

Doing analysis at TEMP = -40.000000 and TNOM = 27.000000

Using SPARSE 1.3 as Direct Linear Solver

No. of Data Rows : 6
voa = 1.2183227170e-04
ddc = -3.528994313e-08
dde = 3.7019231101e-08
Reset re-loads circuit * comparator-offset-mc @ fs_-40c_3.63v -- generated by sim/harness, do not edit

Circuit: * comparator-offset-mc @ fs_-40c_3.63v -- generated by sim/harness, do not edit

Doing analysis at TEMP = -40.000000 and TNOM = 27.000000

Using SPARSE 1.3 as Direct Linear Solver

No. of Data Rows : 6
voa = -1.047352145e-03
ddc = 1.9872490815e-07
dde = -2.014413722e-07
Reset re-loads circuit * comparator-offset-mc @ fs_-40c_3.63v -- generated by sim/harness, do not edit

Circuit: * comparator-offset-mc @ fs_-40c_3.63v -- generated by sim/harness, do not edit

Doing analysis at TEMP = -40.000000 and TNOM = 27.000000

Using SPARSE 1.3 as Direct Linear Solver

No. of Data Rows : 6
voa = -1.213119781e-03
ddc = 2.2175976637e-07
dde = -2.240860179e-07
Reset re-loads circuit * comparator-offset-mc @ fs_-40c_3.63v -- generated by sim/harness, do not edit

Circuit: * comparator-offset-mc @ fs_-40c_3.63v -- generated by sim/harness, do not edit

Doing analysis at TEMP = -40.000000 and TNOM = 27.000000

Using SPARSE 1.3 as Direct Linear Solver

No. of Data Rows : 6
voa = -1.456017111e-03
ddc = 2.5822410842e-07
dde = -2.608629193e-07
Reset re-loads circuit * comparator-offset-mc @ fs_-40c_3.63v -- generated by sim/harness, do not edit

Circuit: * comparator-offset-mc @ fs_-40c_3.63v -- generated by sim/harness, do not edit

Doing analysis at TEMP = -40.000000 and TNOM = 27.000000

Using SPARSE 1.3 as Direct Linear Solver

No. of Data Rows : 6
voa = 1.4222710643e-03
ddc = -2.637831383e-07
dde = 2.7439061625e-07
Reset re-loads circuit * comparator-offset-mc @ fs_-40c_3.63v -- generated by sim/harness, do not edit

Circuit: * comparator-offset-mc @ fs_-40c_3.63v -- generated by sim/harness, do not edit

Doing analysis at TEMP = -40.000000 and TNOM = 27.000000

Using SPARSE 1.3 as Direct Linear Solver

No. of Data Rows : 6
voa = 1.2645446944e-03
ddc = -2.280348006e-07
dde = 2.3761716031e-07
Reset re-loads circuit * comparator-offset-mc @ fs_-40c_3.63v -- generated by sim/harness, do not edit

Circuit: * comparator-offset-mc @ fs_-40c_3.63v -- generated by sim/harness, do not edit

Doing analysis at TEMP = -40.000000 and TNOM = 27.000000

Using SPARSE 1.3 as Direct Linear Solver

No. of Data Rows : 6
voa = 4.5811117666e-05
ddc = -1.141972634e-08
dde = 1.1869133195e-08
Reset re-loads circuit * comparator-offset-mc @ fs_-40c_3.63v -- generated by sim/harness, do not edit

Circuit: * comparator-offset-mc @ fs_-40c_3.63v -- generated by sim/harness, do not edit

Doing analysis at TEMP = -40.000000 and TNOM = 27.000000

Using SPARSE 1.3 as Direct Linear Solver

No. of Data Rows : 6
voa = -1.925572830e-03
ddc = 3.6841084624e-07
dde = -3.701858879e-07
Reset re-loads circuit * comparator-offset-mc @ fs_-40c_3.63v -- generated by sim/harness, do not edit

Circuit: * comparator-offset-mc @ fs_-40c_3.63v -- generated by sim/harness, do not edit

Doing analysis at TEMP = -40.000000 and TNOM = 27.000000

Using SPARSE 1.3 as Direct Linear Solver

No. of Data Rows : 6
voa = 9.5761909482e-04
ddc = -1.874020964e-07
dde = 1.9618327925e-07
Reset re-loads circuit * comparator-offset-mc @ fs_-40c_3.63v -- generated by sim/harness, do not edit

Circuit: * comparator-offset-mc @ fs_-40c_3.63v -- generated by sim/harness, do not edit

Doing analysis at TEMP = -40.000000 and TNOM = 27.000000

Using SPARSE 1.3 as Direct Linear Solver

No. of Data Rows : 6
voa = 1.8196214999e-03
ddc = -3.520679042e-07
dde = 3.7011709089e-07
Reset re-loads circuit * comparator-offset-mc @ fs_-40c_3.63v -- generated by sim/harness, do not edit

Circuit: * comparator-offset-mc @ fs_-40c_3.63v -- generated by sim/harness, do not edit

Doing analysis at TEMP = -40.000000 and TNOM = 27.000000

Using SPARSE 1.3 as Direct Linear Solver

No. of Data Rows : 6
voa = 3.0081416382e-03
ddc = -5.376543712e-07
dde = 5.7052364935e-07
Reset re-loads circuit * comparator-offset-mc @ fs_-40c_3.63v -- generated by sim/harness, do not edit

Circuit: * comparator-offset-mc @ fs_-40c_3.63v -- generated by sim/harness, do not edit

Doing analysis at TEMP = -40.000000 and TNOM = 27.000000

Using SPARSE 1.3 as Direct Linear Solver

No. of Data Rows : 6
voa = -3.316484946e-03
ddc = 6.3535681835e-07
dde = -6.272595512e-07
Reset re-loads circuit * comparator-offset-mc @ fs_-40c_3.63v -- generated by sim/harness, do not edit

Circuit: * comparator-offset-mc @ fs_-40c_3.63v -- generated by sim/harness, do not edit

Doing analysis at TEMP = -40.000000 and TNOM = 27.000000

Using SPARSE 1.3 as Direct Linear Solver

No. of Data Rows : 6
voa = -1.421559005e-03
ddc = 2.6492539527e-07
dde = -2.678075538e-07
Reset re-loads circuit * comparator-offset-mc @ fs_-40c_3.63v -- generated by sim/harness, do not edit

Circuit: * comparator-offset-mc @ fs_-40c_3.63v -- generated by sim/harness, do not edit

Doing analysis at TEMP = -40.000000 and TNOM = 27.000000

Using SPARSE 1.3 as Direct Linear Solver

No. of Data Rows : 6
voa = 7.4249279622e-04
ddc = -1.404833069e-07
dde = 1.4545194270e-07
Reset re-loads circuit * comparator-offset-mc @ fs_-40c_3.63v -- generated by sim/harness, do not edit

Circuit: * comparator-offset-mc @ fs_-40c_3.63v -- generated by sim/harness, do not edit

Doing analysis at TEMP = -40.000000 and TNOM = 27.000000

Using SPARSE 1.3 as Direct Linear Solver

No. of Data Rows : 6
voa = -1.416210911e-03
ddc = 2.6949422116e-07
dde = -2.722257528e-07
Reset re-loads circuit * comparator-offset-mc @ fs_-40c_3.63v -- generated by sim/harness, do not edit

Circuit: * comparator-offset-mc @ fs_-40c_3.63v -- generated by sim/harness, do not edit

Doing analysis at TEMP = -40.000000 and TNOM = 27.000000

Using SPARSE 1.3 as Direct Linear Solver

No. of Data Rows : 6
voa = 1.0279675240e-03
ddc = -1.884160348e-07
dde = 1.9515904189e-07
Reset re-loads circuit * comparator-offset-mc @ fs_-40c_3.63v -- generated by sim/harness, do not edit

Circuit: * comparator-offset-mc @ fs_-40c_3.63v -- generated by sim/harness, do not edit

Doing analysis at TEMP = -40.000000 and TNOM = 27.000000

Using SPARSE 1.3 as Direct Linear Solver

No. of Data Rows : 6
voa = -1.112517634e-03
ddc = 2.1905602106e-07
dde = -2.223829352e-07
Reset re-loads circuit * comparator-offset-mc @ fs_-40c_3.63v -- generated by sim/harness, do not edit

Circuit: * comparator-offset-mc @ fs_-40c_3.63v -- generated by sim/harness, do not edit

Doing analysis at TEMP = -40.000000 and TNOM = 27.000000

Using SPARSE 1.3 as Direct Linear Solver

No. of Data Rows : 6
voa = 1.3729588079e-04
ddc = -2.604397804e-08
dde = 2.6765459304e-08
Reset re-loads circuit * comparator-offset-mc @ fs_-40c_3.63v -- generated by sim/harness, do not edit

Circuit: * comparator-offset-mc @ fs_-40c_3.63v -- generated by sim/harness, do not edit

Doing analysis at TEMP = -40.000000 and TNOM = 27.000000

Using SPARSE 1.3 as Direct Linear Solver
 Reference value :  0.00000e+00
No. of Data Rows : 6
voa = -2.080905966e-03
ddc = 3.9654683129e-07
dde = -3.970814586e-07
Reset re-loads circuit * comparator-offset-mc @ fs_-40c_3.63v -- generated by sim/harness, do not edit

Circuit: * comparator-offset-mc @ fs_-40c_3.63v -- generated by sim/harness, do not edit

Doing analysis at TEMP = -40.000000 and TNOM = 27.000000

Using SPARSE 1.3 as Direct Linear Solver

No. of Data Rows : 6
voa = -4.048015769e-04
ddc = 7.7416048538e-08
dde = -7.952240937e-08
Reset re-loads circuit * comparator-offset-mc @ fs_-40c_3.63v -- generated by sim/harness, do not edit

Circuit: * comparator-offset-mc @ fs_-40c_3.63v -- generated by sim/harness, do not edit

Doing analysis at TEMP = -40.000000 and TNOM = 27.000000

Using SPARSE 1.3 as Direct Linear Solver

No. of Data Rows : 6
voa = -2.861880740e-03
ddc = 5.3821994319e-07
dde = -5.335132046e-07
Reset re-loads circuit * comparator-offset-mc @ fs_-40c_3.63v -- generated by sim/harness, do not edit

Circuit: * comparator-offset-mc @ fs_-40c_3.63v -- generated by sim/harness, do not edit

Doing analysis at TEMP = -40.000000 and TNOM = 27.000000

Using SPARSE 1.3 as Direct Linear Solver

No. of Data Rows : 6
voa = 6.5441696064e-05
ddc = -1.339213804e-08
dde = 1.3821348465e-08
Reset re-loads circuit * comparator-offset-mc @ fs_-40c_3.63v -- generated by sim/harness, do not edit

Circuit: * comparator-offset-mc @ fs_-40c_3.63v -- generated by sim/harness, do not edit

Doing analysis at TEMP = -40.000000 and TNOM = 27.000000

Using SPARSE 1.3 as Direct Linear Solver

No. of Data Rows : 6
voa = -3.146675412e-04
ddc = 4.5372214601e-08
dde = -4.577975570e-08
Reset re-loads circuit * comparator-offset-mc @ fs_-40c_3.63v -- generated by sim/harness, do not edit

Circuit: * comparator-offset-mc @ fs_-40c_3.63v -- generated by sim/harness, do not edit

Doing analysis at TEMP = -40.000000 and TNOM = 27.000000

Using SPARSE 1.3 as Direct Linear Solver

No. of Data Rows : 6
voa = -4.582275238e-04
ddc = 7.8715137525e-08
dde = -8.020760541e-08
Reset re-loads circuit * comparator-offset-mc @ fs_-40c_3.63v -- generated by sim/harness, do not edit

Circuit: * comparator-offset-mc @ fs_-40c_3.63v -- generated by sim/harness, do not edit

Doing analysis at TEMP = -40.000000 and TNOM = 27.000000

Using SPARSE 1.3 as Direct Linear Solver

No. of Data Rows : 6
voa = 1.1722421098e-03
ddc = -2.195627013e-07
dde = 2.2924819499e-07
Reset re-loads circuit * comparator-offset-mc @ fs_-40c_3.63v -- generated by sim/harness, do not edit

Circuit: * comparator-offset-mc @ fs_-40c_3.63v -- generated by sim/harness, do not edit

Doing analysis at TEMP = -40.000000 and TNOM = 27.000000

Using SPARSE 1.3 as Direct Linear Solver

No. of Data Rows : 6
voa = 2.9114124734e-03
ddc = -5.525878519e-07
dde = 5.8770870595e-07
Reset re-loads circuit * comparator-offset-mc @ fs_-40c_3.63v -- generated by sim/harness, do not edit

Circuit: * comparator-offset-mc @ fs_-40c_3.63v -- generated by sim/harness, do not edit

Doing analysis at TEMP = -40.000000 and TNOM = 27.000000

Using SPARSE 1.3 as Direct Linear Solver

No. of Data Rows : 6
voa = 1.1113631519e-03
ddc = -2.036249650e-07
dde = 2.1146104042e-07
Reset re-loads circuit * comparator-offset-mc @ fs_-40c_3.63v -- generated by sim/harness, do not edit

Circuit: * comparator-offset-mc @ fs_-40c_3.63v -- generated by sim/harness, do not edit

Doing analysis at TEMP = -40.000000 and TNOM = 27.000000

Using SPARSE 1.3 as Direct Linear Solver

No. of Data Rows : 6
voa = 8.8911081248e-05
ddc = -1.780632295e-08
dde = 1.8380681355e-08
Reset re-loads circuit * comparator-offset-mc @ fs_-40c_3.63v -- generated by sim/harness, do not edit

Circuit: * comparator-offset-mc @ fs_-40c_3.63v -- generated by sim/harness, do not edit

Doing analysis at TEMP = -40.000000 and TNOM = 27.000000

Using SPARSE 1.3 as Direct Linear Solver

No. of Data Rows : 6
voa = -3.063234717e-04
ddc = 5.9641938204e-08
dde = -6.110323913e-08
Reset re-loads circuit * comparator-offset-mc @ fs_-40c_3.63v -- generated by sim/harness, do not edit

Circuit: * comparator-offset-mc @ fs_-40c_3.63v -- generated by sim/harness, do not edit

Doing analysis at TEMP = -40.000000 and TNOM = 27.000000

Using SPARSE 1.3 as Direct Linear Solver

No. of Data Rows : 6
voa = -3.026291699e-03
ddc = 5.8537930719e-07
dde = -5.802821333e-07
Reset re-loads circuit * comparator-offset-mc @ fs_-40c_3.63v -- generated by sim/harness, do not edit

Circuit: * comparator-offset-mc @ fs_-40c_3.63v -- generated by sim/harness, do not edit

Doing analysis at TEMP = -40.000000 and TNOM = 27.000000

Using SPARSE 1.3 as Direct Linear Solver

No. of Data Rows : 6
voa = 1.4487260115e-05
ddc = 4.0055588476e-10
dde = -5.900571419e-10
Reset re-loads circuit * comparator-offset-mc @ fs_-40c_3.63v -- generated by sim/harness, do not edit

Circuit: * comparator-offset-mc @ fs_-40c_3.63v -- generated by sim/harness, do not edit

Doing analysis at TEMP = -40.000000 and TNOM = 27.000000

Using SPARSE 1.3 as Direct Linear Solver

No. of Data Rows : 6
voa = -4.864744064e-04
ddc = 1.0165640218e-07
dde = -1.045687504e-07
Reset re-loads circuit * comparator-offset-mc @ fs_-40c_3.63v -- generated by sim/harness, do not edit

Circuit: * comparator-offset-mc @ fs_-40c_3.63v -- generated by sim/harness, do not edit

Doing analysis at TEMP = -40.000000 and TNOM = 27.000000

Using SPARSE 1.3 as Direct Linear Solver

No. of Data Rows : 6
voa = -1.658895306e-03
ddc = 3.1448260532e-07
dde = -3.172351833e-07
Reset re-loads circuit * comparator-offset-mc @ fs_-40c_3.63v -- generated by sim/harness, do not edit

Circuit: * comparator-offset-mc @ fs_-40c_3.63v -- generated by sim/harness, do not edit

Doing analysis at TEMP = -40.000000 and TNOM = 27.000000

Using SPARSE 1.3 as Direct Linear Solver

No. of Data Rows : 6
voa = 2.1626106433e-03
ddc = -4.134970624e-07
dde = 4.3680690375e-07
Reset re-loads circuit * comparator-offset-mc @ fs_-40c_3.63v -- generated by sim/harness, do not edit

Circuit: * comparator-offset-mc @ fs_-40c_3.63v -- generated by sim/harness, do not edit

Doing analysis at TEMP = -40.000000 and TNOM = 27.000000

Using SPARSE 1.3 as Direct Linear Solver

No. of Data Rows : 6
voa = -1.141604757e-04
ddc = 1.6609796643e-08
dde = -1.683331924e-08
Reset re-loads circuit * comparator-offset-mc @ fs_-40c_3.63v -- generated by sim/harness, do not edit

Circuit: * comparator-offset-mc @ fs_-40c_3.63v -- generated by sim/harness, do not edit

Doing analysis at TEMP = -40.000000 and TNOM = 27.000000

Using SPARSE 1.3 as Direct Linear Solver

No. of Data Rows : 6
voa = 5.1616375712e-04
ddc = -7.949203565e-08
dde = 8.1275302308e-08
Reset re-loads circuit * comparator-offset-mc @ fs_-40c_3.63v -- generated by sim/harness, do not edit

Circuit: * comparator-offset-mc @ fs_-40c_3.63v -- generated by sim/harness, do not edit

Doing analysis at TEMP = -40.000000 and TNOM = 27.000000

Using SPARSE 1.3 as Direct Linear Solver

No. of Data Rows : 6
voa = -9.690493262e-04
ddc = 1.8866869858e-07
dde = -1.923670777e-07
Reset re-loads circuit * comparator-offset-mc @ fs_-40c_3.63v -- generated by sim/harness, do not edit

Circuit: * comparator-offset-mc @ fs_-40c_3.63v -- generated by sim/harness, do not edit

Doing analysis at TEMP = -40.000000 and TNOM = 27.000000

Using SPARSE 1.3 as Direct Linear Solver

No. of Data Rows : 6
voa = -4.122216950e-04
ddc = 6.1798613310e-08
dde = -6.211285148e-08
Reset re-loads circuit * comparator-offset-mc @ fs_-40c_3.63v -- generated by sim/harness, do not edit

Circuit: * comparator-offset-mc @ fs_-40c_3.63v -- generated by sim/harness, do not edit

Doing analysis at TEMP = -40.000000 and TNOM = 27.000000

Using SPARSE 1.3 as Direct Linear Solver

No. of Data Rows : 6
voa = 1.4535071725e-03
ddc = -2.743798722e-07
dde = 2.8743146337e-07
Reset re-loads circuit * comparator-offset-mc @ fs_-40c_3.63v -- generated by sim/harness, do not edit

Circuit: * comparator-offset-mc @ fs_-40c_3.63v -- generated by sim/harness, do not edit

Doing analysis at TEMP = -40.000000 and TNOM = 27.000000

Using SPARSE 1.3 as Direct Linear Solver

No. of Data Rows : 6
voa = -2.258994334e-04
ddc = 4.1660039425e-08
dde = -4.263258853e-08
Reset re-loads circuit * comparator-offset-mc @ fs_-40c_3.63v -- generated by sim/harness, do not edit

Circuit: * comparator-offset-mc @ fs_-40c_3.63v -- generated by sim/harness, do not edit

Doing analysis at TEMP = -40.000000 and TNOM = 27.000000

Using SPARSE 1.3 as Direct Linear Solver

No. of Data Rows : 6
voa = 1.4034622777e-05
ddc = -1.423083945e-08
dde = 1.5475150442e-08
Reset re-loads circuit * comparator-offset-mc @ fs_-40c_3.63v -- generated by sim/harness, do not edit

Circuit: * comparator-offset-mc @ fs_-40c_3.63v -- generated by sim/harness, do not edit

Doing analysis at TEMP = -40.000000 and TNOM = 27.000000

Using SPARSE 1.3 as Direct Linear Solver

No. of Data Rows : 6
voa = 5.5247794343e-04
ddc = -1.057192219e-07
dde = 1.0923221213e-07
Reset re-loads circuit * comparator-offset-mc @ fs_-40c_3.63v -- generated by sim/harness, do not edit

Circuit: * comparator-offset-mc @ fs_-40c_3.63v -- generated by sim/harness, do not edit

Doing analysis at TEMP = -40.000000 and TNOM = 27.000000

Using SPARSE 1.3 as Direct Linear Solver

No. of Data Rows : 6
voa = -2.144193524e-03
ddc = 4.1403413371e-07
dde = -4.145589203e-07
Reset re-loads circuit * comparator-offset-mc @ fs_-40c_3.63v -- generated by sim/harness, do not edit

Circuit: * comparator-offset-mc @ fs_-40c_3.63v -- generated by sim/harness, do not edit

Doing analysis at TEMP = -40.000000 and TNOM = 27.000000

Using SPARSE 1.3 as Direct Linear Solver

No. of Data Rows : 6
voa = -1.569640961e-03
ddc = 2.9393443279e-07
dde = -2.965401240e-07
Reset re-loads circuit * comparator-offset-mc @ fs_-40c_3.63v -- generated by sim/harness, do not edit

Circuit: * comparator-offset-mc @ fs_-40c_3.63v -- generated by sim/harness, do not edit

Doing analysis at TEMP = -40.000000 and TNOM = 27.000000

Using SPARSE 1.3 as Direct Linear Solver

No. of Data Rows : 6
voa = -5.571650411e-04
ddc = 1.1561044096e-07
dde = -1.188566715e-07
Reset re-loads circuit * comparator-offset-mc @ fs_-40c_3.63v -- generated by sim/harness, do not edit

Circuit: * comparator-offset-mc @ fs_-40c_3.63v -- generated by sim/harness, do not edit

Doing analysis at TEMP = -40.000000 and TNOM = 27.000000

Using SPARSE 1.3 as Direct Linear Solver

No. of Data Rows : 6
voa = -3.976659738e-03
ddc = 7.6406225362e-07
dde = -7.502098436e-07
Reset re-loads circuit * comparator-offset-mc @ fs_-40c_3.63v -- generated by sim/harness, do not edit

Circuit: * comparator-offset-mc @ fs_-40c_3.63v -- generated by sim/harness, do not edit

Doing analysis at TEMP = -40.000000 and TNOM = 27.000000

Using SPARSE 1.3 as Direct Linear Solver

No. of Data Rows : 6
voa = -1.112474364e-03
ddc = 2.0263738344e-07
dde = -2.051527009e-07
Reset re-loads circuit * comparator-offset-mc @ fs_-40c_3.63v -- generated by sim/harness, do not edit

Circuit: * comparator-offset-mc @ fs_-40c_3.63v -- generated by sim/harness, do not edit

Doing analysis at TEMP = -40.000000 and TNOM = 27.000000

Using SPARSE 1.3 as Direct Linear Solver

No. of Data Rows : 6
voa = 1.5127431960e-04
ddc = -3.911810325e-08
dde = 4.0885128175e-08
Reset re-loads circuit * comparator-offset-mc @ fs_-40c_3.63v -- generated by sim/harness, do not edit

Circuit: * comparator-offset-mc @ fs_-40c_3.63v -- generated by sim/harness, do not edit

Doing analysis at TEMP = -40.000000 and TNOM = 27.000000

Using SPARSE 1.3 as Direct Linear Solver

No. of Data Rows : 6
voa = 8.1478383479e-04
ddc = -1.588098139e-07
dde = 1.6520632403e-07
Reset re-loads circuit * comparator-offset-mc @ fs_-40c_3.63v -- generated by sim/harness, do not edit

Circuit: * comparator-offset-mc @ fs_-40c_3.63v -- generated by sim/harness, do not edit

Doing analysis at TEMP = -40.000000 and TNOM = 27.000000

Using SPARSE 1.3 as Direct Linear Solver
 Reference value :  0.00000e+00
No. of Data Rows : 6
voa = -2.667212043e-04
ddc = 6.0655650682e-08
dde = -6.279587171e-08
Reset re-loads circuit * comparator-offset-mc @ fs_-40c_3.63v -- generated by sim/harness, do not edit

Circuit: * comparator-offset-mc @ fs_-40c_3.63v -- generated by sim/harness, do not edit

Doing analysis at TEMP = -40.000000 and TNOM = 27.000000

Using SPARSE 1.3 as Direct Linear Solver

No. of Data Rows : 6
voa = -1.480913234e-03
ddc = 2.7991868670e-07
dde = -2.822062536e-07
Reset re-loads circuit * comparator-offset-mc @ fs_-40c_3.63v -- generated by sim/harness, do not edit

Circuit: * comparator-offset-mc @ fs_-40c_3.63v -- generated by sim/harness, do not edit

Doing analysis at TEMP = -40.000000 and TNOM = 27.000000

Using SPARSE 1.3 as Direct Linear Solver

No. of Data Rows : 6
voa = 7.0879744249e-04
ddc = -1.423099551e-07
dde = 1.4816524662e-07
Reset re-loads circuit * comparator-offset-mc @ fs_-40c_3.63v -- generated by sim/harness, do not edit

Circuit: * comparator-offset-mc @ fs_-40c_3.63v -- generated by sim/harness, do not edit

Doing analysis at TEMP = -40.000000 and TNOM = 27.000000

Using SPARSE 1.3 as Direct Linear Solver

No. of Data Rows : 6
voa = -2.191945985e-03
ddc = 3.8699443272e-07
dde = -3.865912628e-07
Reset re-loads circuit * comparator-offset-mc @ fs_-40c_3.63v -- generated by sim/harness, do not edit

Circuit: * comparator-offset-mc @ fs_-40c_3.63v -- generated by sim/harness, do not edit

Doing analysis at TEMP = -40.000000 and TNOM = 27.000000

Using SPARSE 1.3 as Direct Linear Solver

No. of Data Rows : 6
voa = -2.739264782e-03
ddc = 5.0411617611e-07
dde = -5.009032778e-07
Reset re-loads circuit * comparator-offset-mc @ fs_-40c_3.63v -- generated by sim/harness, do not edit

Circuit: * comparator-offset-mc @ fs_-40c_3.63v -- generated by sim/harness, do not edit

Doing analysis at TEMP = -40.000000 and TNOM = 27.000000

Using SPARSE 1.3 as Direct Linear Solver

No. of Data Rows : 6
voa = 2.7183831040e-03
ddc = -4.977168275e-07
dde = 5.2790265215e-07
Reset re-loads circuit * comparator-offset-mc @ fs_-40c_3.63v -- generated by sim/harness, do not edit

Circuit: * comparator-offset-mc @ fs_-40c_3.63v -- generated by sim/harness, do not edit

Doing analysis at TEMP = -40.000000 and TNOM = 27.000000

Using SPARSE 1.3 as Direct Linear Solver

No. of Data Rows : 6
voa = 3.7984348622e-05
ddc = -6.285559958e-09
dde = 6.3923521662e-09
Reset re-loads circuit * comparator-offset-mc @ fs_-40c_3.63v -- generated by sim/harness, do not edit

Circuit: * comparator-offset-mc @ fs_-40c_3.63v -- generated by sim/harness, do not edit

Doing analysis at TEMP = -40.000000 and TNOM = 27.000000

Using SPARSE 1.3 as Direct Linear Solver

No. of Data Rows : 6
voa = -1.081757513e-03
ddc = 2.1379742435e-07
dde = -2.171381983e-07
Reset re-loads circuit * comparator-offset-mc @ fs_-40c_3.63v -- generated by sim/harness, do not edit

Circuit: * comparator-offset-mc @ fs_-40c_3.63v -- generated by sim/harness, do not edit

Doing analysis at TEMP = -40.000000 and TNOM = 27.000000

Using SPARSE 1.3 as Direct Linear Solver

No. of Data Rows : 6
voa = -6.912698593e-04
ddc = 1.2043884751e-07
dde = -1.223967802e-07
Reset re-loads circuit * comparator-offset-mc @ fs_-40c_3.63v -- generated by sim/harness, do not edit

Circuit: * comparator-offset-mc @ fs_-40c_3.63v -- generated by sim/harness, do not edit

Doing analysis at TEMP = -40.000000 and TNOM = 27.000000

Using SPARSE 1.3 as Direct Linear Solver

No. of Data Rows : 6
voa = -1.839299796e-03
ddc = 3.5497048899e-07
dde = -3.572522480e-07
Reset re-loads circuit * comparator-offset-mc @ fs_-40c_3.63v -- generated by sim/harness, do not edit

Circuit: * comparator-offset-mc @ fs_-40c_3.63v -- generated by sim/harness, do not edit

Doing analysis at TEMP = -40.000000 and TNOM = 27.000000

Using SPARSE 1.3 as Direct Linear Solver

No. of Data Rows : 6
voa = -7.692850697e-04
ddc = 1.3841902644e-07
dde = -1.407160106e-07
m_n_samples = 2.0000000000e+02
m_sig_vos_mv = 1.6326816312e+00
m_vos_3sig_mv = 4.8980448937e+00
m_mean_vos_uv = -5.609338263e+01
m_mean_vos_sem = -4.858756352e-01
m_sig_dvos_dn_uv = 3.0614349706e-01
m_sig_dvos_up_uv = 3.1402339648e-01
m_mean_dvos_dn_uv = 1.3655882243e-02
m_mean_dvos_up_uv = -7.907370979e-03
m_av_mean = 1.1658745670e+01
m_av_sigma_pct = 3.0289941983e+00
m_sig_rpair_uv = 0.0000000000e+00
m_vbias_anchor_mv = 7.3650224831e+02
Note: Simulation executed from .control section 

