
Note: No compatibility mode selected!


Circuit: * comparator-offset-mc @ sf_-40c_3.30v -- generated by sim/harness, do not edit

Reset re-loads circuit * comparator-offset-mc @ sf_-40c_3.30v -- generated by sim/harness, do not edit

Circuit: * comparator-offset-mc @ sf_-40c_3.30v -- generated by sim/harness, do not edit

Doing analysis at TEMP = -40.000000 and TNOM = 27.000000

Using SPARSE 1.3 as Direct Linear Solver

No. of Data Rows : 6
voa = 1.4922472732e-03
ddc = -2.649496195e-07
dde = 2.6698194321e-07
Reset re-loads circuit * comparator-offset-mc @ sf_-40c_3.30v -- generated by sim/harness, do not edit

Circuit: * comparator-offset-mc @ sf_-40c_3.30v -- generated by sim/harness, do not edit

Doing analysis at TEMP = -40.000000 and TNOM = 27.000000

Using SPARSE 1.3 as Direct Linear Solver

No. of Data Rows : 6
voa = 1.4286647161e-03
ddc = -2.690281449e-07
dde = 2.6048606584e-07
Reset re-loads circuit * comparator-offset-mc @ sf_-40c_3.30v -- generated by sim/harness, do not edit

Circuit: * comparator-offset-mc @ sf_-40c_3.30v -- generated by sim/harness, do not edit

Doing analysis at TEMP = -40.000000 and TNOM = 27.000000

Using SPARSE 1.3 as Direct Linear Solver

No. of Data Rows : 6
voa = -1.004802498e-03
ddc = 1.9212356249e-07
dde = -1.847583954e-07
Reset re-loads circuit * comparator-offset-mc @ sf_-40c_3.30v -- generated by sim/harness, do not edit

Circuit: * comparator-offset-mc @ sf_-40c_3.30v -- generated by sim/harness, do not edit

Doing analysis at TEMP = -40.000000 and TNOM = 27.000000

Using SPARSE 1.3 as Direct Linear Solver

No. of Data Rows : 6
voa = 2.8202016528e-04
ddc = -5.140794277e-08
dde = 5.1141667147e-08
Reset re-loads circuit * comparator-offset-mc @ sf_-40c_3.30v -- generated by sim/harness, do not edit

Circuit: * comparator-offset-mc @ sf_-40c_3.30v -- generated by sim/harness, do not edit

Doing analysis at TEMP = -40.000000 and TNOM = 27.000000

Using SPARSE 1.3 as Direct Linear Solver

No. of Data Rows : 6
voa = -4.310458463e-04
ddc = 7.9372787269e-08
dde = -7.765812930e-08
Reset re-loads circuit * comparator-offset-mc @ sf_-40c_3.30v -- generated by sim/harness, do not edit

Circuit: * comparator-offset-mc @ sf_-40c_3.30v -- generated by sim/harness, do not edit

Doing analysis at TEMP = -40.000000 and TNOM = 27.000000

Using SPARSE 1.3 as Direct Linear Solver

No. of Data Rows : 6
voa = 1.8418192244e-03
ddc = -3.468918697e-07
dde = 3.3487948516e-07
Reset re-loads circuit * comparator-offset-mc @ sf_-40c_3.30v -- generated by sim/harness, do not edit

Circuit: * comparator-offset-mc @ sf_-40c_3.30v -- generated by sim/harness, do not edit

Doing analysis at TEMP = -40.000000 and TNOM = 27.000000

Using SPARSE 1.3 as Direct Linear Solver

No. of Data Rows : 6
voa = 1.8632966006e-03
ddc = -3.505958440e-07
dde = 3.3962731304e-07
Reset re-loads circuit * comparator-offset-mc @ sf_-40c_3.30v -- generated by sim/harness, do not edit

Circuit: * comparator-offset-mc @ sf_-40c_3.30v -- generated by sim/harness, do not edit

Doing analysis at TEMP = -40.000000 and TNOM = 27.000000

Using SPARSE 1.3 as Direct Linear Solver

No. of Data Rows : 6
voa = -1.515697934e-04
ddc = 2.4054521397e-08
dde = -2.611148944e-08
Reset re-loads circuit * comparator-offset-mc @ sf_-40c_3.30v -- generated by sim/harness, do not edit

Circuit: * comparator-offset-mc @ sf_-40c_3.30v -- generated by sim/harness, do not edit

Doing analysis at TEMP = -40.000000 and TNOM = 27.000000

Using SPARSE 1.3 as Direct Linear Solver

No. of Data Rows : 6
voa = 1.2589790745e-03
ddc = -2.435374055e-07
dde = 2.3002521862e-07
Reset re-loads circuit * comparator-offset-mc @ sf_-40c_3.30v -- generated by sim/harness, do not edit

Circuit: * comparator-offset-mc @ sf_-40c_3.30v -- generated by sim/harness, do not edit

Doing analysis at TEMP = -40.000000 and TNOM = 27.000000

Using SPARSE 1.3 as Direct Linear Solver

No. of Data Rows : 6
voa = -6.843963596e-04
ddc = 1.3968612179e-07
dde = -1.286430528e-07
Reset re-loads circuit * comparator-offset-mc @ sf_-40c_3.30v -- generated by sim/harness, do not edit

Circuit: * comparator-offset-mc @ sf_-40c_3.30v -- generated by sim/harness, do not edit

Doing analysis at TEMP = -40.000000 and TNOM = 27.000000

Using SPARSE 1.3 as Direct Linear Solver

No. of Data Rows : 6
voa = -3.556228431e-03
ddc = 6.6143459966e-07
dde = -6.479221934e-07
Reset re-loads circuit * comparator-offset-mc @ sf_-40c_3.30v -- generated by sim/harness, do not edit

Circuit: * comparator-offset-mc @ sf_-40c_3.30v -- generated by sim/harness, do not edit

Doing analysis at TEMP = -40.000000 and TNOM = 27.000000

Using SPARSE 1.3 as Direct Linear Solver

No. of Data Rows : 6
voa = -7.109089838e-04
ddc = 1.2546441487e-07
dde = -1.267717048e-07
Reset re-loads circuit * comparator-offset-mc @ sf_-40c_3.30v -- generated by sim/harness, do not edit

Circuit: * comparator-offset-mc @ sf_-40c_3.30v -- generated by sim/harness, do not edit

Doing analysis at TEMP = -40.000000 and TNOM = 27.000000

Using SPARSE 1.3 as Direct Linear Solver

No. of Data Rows : 6
voa = -5.835220325e-04
ddc = 1.0432398015e-07
dde = -1.048789709e-07
Reset re-loads circuit * comparator-offset-mc @ sf_-40c_3.30v -- generated by sim/harness, do not edit

Circuit: * comparator-offset-mc @ sf_-40c_3.30v -- generated by sim/harness, do not edit

Doing analysis at TEMP = -40.000000 and TNOM = 27.000000

Using SPARSE 1.3 as Direct Linear Solver

No. of Data Rows : 6
voa = -3.402654035e-04
ddc = 6.3143479534e-08
dde = -6.243096454e-08
Reset re-loads circuit * comparator-offset-mc @ sf_-40c_3.30v -- generated by sim/harness, do not edit

Circuit: * comparator-offset-mc @ sf_-40c_3.30v -- generated by sim/harness, do not edit

Doing analysis at TEMP = -40.000000 and TNOM = 27.000000

Using SPARSE 1.3 as Direct Linear Solver

No. of Data Rows : 6
voa = 3.4587851411e-03
ddc = -6.228320473e-07
dde = 6.2231384227e-07
Reset re-loads circuit * comparator-offset-mc @ sf_-40c_3.30v -- generated by sim/harness, do not edit

Circuit: * comparator-offset-mc @ sf_-40c_3.30v -- generated by sim/harness, do not edit

Doing analysis at TEMP = -40.000000 and TNOM = 27.000000

Using SPARSE 1.3 as Direct Linear Solver

No. of Data Rows : 6
voa = -5.916104877e-04
ddc = 1.0497549885e-07
dde = -1.054515523e-07
Reset re-loads circuit * comparator-offset-mc @ sf_-40c_3.30v -- generated by sim/harness, do not edit

Circuit: * comparator-offset-mc @ sf_-40c_3.30v -- generated by sim/harness, do not edit

Doing analysis at TEMP = -40.000000 and TNOM = 27.000000

Using SPARSE 1.3 as Direct Linear Solver

No. of Data Rows : 6
voa = -1.326404976e-03
ddc = 2.3724136741e-07
dde = -2.382632986e-07
Reset re-loads circuit * comparator-offset-mc @ sf_-40c_3.30v -- generated by sim/harness, do not edit

Circuit: * comparator-offset-mc @ sf_-40c_3.30v -- generated by sim/harness, do not edit

Doing analysis at TEMP = -40.000000 and TNOM = 27.000000

Using SPARSE 1.3 as Direct Linear Solver

No. of Data Rows : 6
voa = 5.3044470470e-04
ddc = -9.531759987e-08
dde = 9.5480050762e-08
Reset re-loads circuit * comparator-offset-mc @ sf_-40c_3.30v -- generated by sim/harness, do not edit

Circuit: * comparator-offset-mc @ sf_-40c_3.30v -- generated by sim/harness, do not edit

Doing analysis at TEMP = -40.000000 and TNOM = 27.000000

Using SPARSE 1.3 as Direct Linear Solver

No. of Data Rows : 6
voa = -1.819084561e-03
ddc = 3.2952000907e-07
dde = -3.286512606e-07
Reset re-loads circuit * comparator-offset-mc @ sf_-40c_3.30v -- generated by sim/harness, do not edit

Circuit: * comparator-offset-mc @ sf_-40c_3.30v -- generated by sim/harness, do not edit

Doing analysis at TEMP = -40.000000 and TNOM = 27.000000

Using SPARSE 1.3 as Direct Linear Solver

No. of Data Rows : 6
voa = -1.468669208e-03
ddc = 2.7576275584e-07
dde = -2.682930247e-07
Reset re-loads circuit * comparator-offset-mc @ sf_-40c_3.30v -- generated by sim/harness, do not edit

Circuit: * comparator-offset-mc @ sf_-40c_3.30v -- generated by sim/harness, do not edit

Doing analysis at TEMP = -40.000000 and TNOM = 27.000000

Using SPARSE 1.3 as Direct Linear Solver

No. of Data Rows : 6
voa = -2.185361684e-03
ddc = 4.2122635843e-07
dde = -4.039005940e-07
Reset re-loads circuit * comparator-offset-mc @ sf_-40c_3.30v -- generated by sim/harness, do not edit

Circuit: * comparator-offset-mc @ sf_-40c_3.30v -- generated by sim/harness, do not edit

Doing analysis at TEMP = -40.000000 and TNOM = 27.000000

Using SPARSE 1.3 as Direct Linear Solver

No. of Data Rows : 6
voa = -1.552988981e-03
ddc = 2.8942019408e-07
dde = -2.832822563e-07
Reset re-loads circuit * comparator-offset-mc @ sf_-40c_3.30v -- generated by sim/harness, do not edit

Circuit: * comparator-offset-mc @ sf_-40c_3.30v -- generated by sim/harness, do not edit

Doing analysis at TEMP = -40.000000 and TNOM = 27.000000

Using SPARSE 1.3 as Direct Linear Solver

No. of Data Rows : 6
voa = 1.4953247656e-03
ddc = -2.974853262e-07
dde = 2.7959035781e-07
Reset re-loads circuit * comparator-offset-mc @ sf_-40c_3.30v -- generated by sim/harness, do not edit

Circuit: * comparator-offset-mc @ sf_-40c_3.30v -- generated by sim/harness, do not edit

Doing analysis at TEMP = -40.000000 and TNOM = 27.000000

Using SPARSE 1.3 as Direct Linear Solver

No. of Data Rows : 6
voa = 1.0248050625e-03
ddc = -1.876924298e-07
dde = 1.8624606784e-07
Reset re-loads circuit * comparator-offset-mc @ sf_-40c_3.30v -- generated by sim/harness, do not edit

Circuit: * comparator-offset-mc @ sf_-40c_3.30v -- generated by sim/harness, do not edit

Doing analysis at TEMP = -40.000000 and TNOM = 27.000000

Using SPARSE 1.3 as Direct Linear Solver

No. of Data Rows : 6
voa = -1.446232451e-03
ddc = 2.6359662167e-07
dde = -2.605121216e-07
Reset re-loads circuit * comparator-offset-mc @ sf_-40c_3.30v -- generated by sim/harness, do not edit

Circuit: * comparator-offset-mc @ sf_-40c_3.30v -- generated by sim/harness, do not edit

Doing analysis at TEMP = -40.000000 and TNOM = 27.000000

Using SPARSE 1.3 as Direct Linear Solver

No. of Data Rows : 6
voa = 8.3664020662e-04
ddc = -1.710218759e-07
dde = 1.5899565947e-07
Reset re-loads circuit * comparator-offset-mc @ sf_-40c_3.30v -- generated by sim/harness, do not edit

Circuit: * comparator-offset-mc @ sf_-40c_3.30v -- generated by sim/harness, do not edit

Doing analysis at TEMP = -40.000000 and TNOM = 27.000000

Using SPARSE 1.3 as Direct Linear Solver

No. of Data Rows : 6
voa = 9.1688022860e-04
ddc = -1.860080467e-07
dde = 1.7147815921e-07
Reset re-loads circuit * comparator-offset-mc @ sf_-40c_3.30v -- generated by sim/harness, do not edit

Circuit: * comparator-offset-mc @ sf_-40c_3.30v -- generated by sim/harness, do not edit

Doing analysis at TEMP = -40.000000 and TNOM = 27.000000

Using SPARSE 1.3 as Direct Linear Solver

No. of Data Rows : 6
voa = 2.3760491313e-03
ddc = -4.598584264e-07
dde = 4.3900052121e-07
Reset re-loads circuit * comparator-offset-mc @ sf_-40c_3.30v -- generated by sim/harness, do not edit

Circuit: * comparator-offset-mc @ sf_-40c_3.30v -- generated by sim/harness, do not edit

Doing analysis at TEMP = -40.000000 and TNOM = 27.000000

Using SPARSE 1.3 as Direct Linear Solver

No. of Data Rows : 6
voa = 1.7693094839e-03
ddc = -3.290088976e-07
dde = 3.2007960098e-07
Reset re-loads circuit * comparator-offset-mc @ sf_-40c_3.30v -- generated by sim/harness, do not edit

Circuit: * comparator-offset-mc @ sf_-40c_3.30v -- generated by sim/harness, do not edit

Doing analysis at TEMP = -40.000000 and TNOM = 27.000000

Using SPARSE 1.3 as Direct Linear Solver

No. of Data Rows : 6
voa = 2.8233991591e-04
ddc = -4.527237477e-08
dde = 4.8896336589e-08
Reset re-loads circuit * comparator-offset-mc @ sf_-40c_3.30v -- generated by sim/harness, do not edit

Circuit: * comparator-offset-mc @ sf_-40c_3.30v -- generated by sim/harness, do not edit

Doing analysis at TEMP = -40.000000 and TNOM = 27.000000

Using SPARSE 1.3 as Direct Linear Solver

No. of Data Rows : 6
voa = 1.7975196678e-03
ddc = -3.355064020e-07
dde = 3.2709288840e-07
Reset re-loads circuit * comparator-offset-mc @ sf_-40c_3.30v -- generated by sim/harness, do not edit

Circuit: * comparator-offset-mc @ sf_-40c_3.30v -- generated by sim/harness, do not edit

Doing analysis at TEMP = -40.000000 and TNOM = 27.000000

Using SPARSE 1.3 as Direct Linear Solver

No. of Data Rows : 6
voa = -1.125563726e-03
ddc = 2.0323953752e-07
dde = -2.014457820e-07
Reset re-loads circuit * comparator-offset-mc @ sf_-40c_3.30v -- generated by sim/harness, do not edit

Circuit: * comparator-offset-mc @ sf_-40c_3.30v -- generated by sim/harness, do not edit

Doing analysis at TEMP = -40.000000 and TNOM = 27.000000

Using SPARSE 1.3 as Direct Linear Solver

No. of Data Rows : 6
voa = 9.1019445551e-04
ddc = -1.516613966e-07
dde = 1.5931730968e-07
Reset re-loads circuit * comparator-offset-mc @ sf_-40c_3.30v -- generated by sim/harness, do not edit

Circuit: * comparator-offset-mc @ sf_-40c_3.30v -- generated by sim/harness, do not edit

Doing analysis at TEMP = -40.000000 and TNOM = 27.000000

Using SPARSE 1.3 as Direct Linear Solver

No. of Data Rows : 6
voa = 1.5340769530e-03
ddc = -2.948900714e-07
dde = 2.8408864408e-07
Reset re-loads circuit * comparator-offset-mc @ sf_-40c_3.30v -- generated by sim/harness, do not edit

Circuit: * comparator-offset-mc @ sf_-40c_3.30v -- generated by sim/harness, do not edit

Doing analysis at TEMP = -40.000000 and TNOM = 27.000000

Using SPARSE 1.3 as Direct Linear Solver

No. of Data Rows : 6
voa = -1.900115560e-03
ddc = 3.6725643112e-07
dde = -3.531535774e-07
Reset re-loads circuit * comparator-offset-mc @ sf_-40c_3.30v -- generated by sim/harness, do not edit

Circuit: * comparator-offset-mc @ sf_-40c_3.30v -- generated by sim/harness, do not edit

Doing analysis at TEMP = -40.000000 and TNOM = 27.000000

Using SPARSE 1.3 as Direct Linear Solver

No. of Data Rows : 6
voa = -9.398708144e-05
ddc = 1.7614309298e-08
dde = -1.718111423e-08
Reset re-loads circuit * comparator-offset-mc @ sf_-40c_3.30v -- generated by sim/harness, do not edit

Circuit: * comparator-offset-mc @ sf_-40c_3.30v -- generated by sim/harness, do not edit

Doing analysis at TEMP = -40.000000 and TNOM = 27.000000

Using SPARSE 1.3 as Direct Linear Solver

No. of Data Rows : 6
voa = 1.6938136673e-03
ddc = -3.067396186e-07
dde = 3.0465442629e-07
Reset re-loads circuit * comparator-offset-mc @ sf_-40c_3.30v -- generated by sim/harness, do not edit

Circuit: * comparator-offset-mc @ sf_-40c_3.30v -- generated by sim/harness, do not edit

Doing analysis at TEMP = -40.000000 and TNOM = 27.000000

Using SPARSE 1.3 as Direct Linear Solver

No. of Data Rows : 6
voa = 7.4716637488e-04
ddc = -1.350752130e-07
dde = 1.3493656029e-07
Reset re-loads circuit * comparator-offset-mc @ sf_-40c_3.30v -- generated by sim/harness, do not edit

Circuit: * comparator-offset-mc @ sf_-40c_3.30v -- generated by sim/harness, do not edit

Doing analysis at TEMP = -40.000000 and TNOM = 27.000000

Using SPARSE 1.3 as Direct Linear Solver

No. of Data Rows : 6
voa = 1.8744930991e-03
ddc = -3.620866972e-07
dde = 3.4308840647e-07
Reset re-loads circuit * comparator-offset-mc @ sf_-40c_3.30v -- generated by sim/harness, do not edit

Circuit: * comparator-offset-mc @ sf_-40c_3.30v -- generated by sim/harness, do not edit

Doing analysis at TEMP = -40.000000 and TNOM = 27.000000

Using SPARSE 1.3 as Direct Linear Solver

No. of Data Rows : 6
voa = 1.1230648780e-04
ddc = -2.575439649e-08
dde = 2.2035464903e-08
Reset re-loads circuit * comparator-offset-mc @ sf_-40c_3.30v -- generated by sim/harness, do not edit

Circuit: * comparator-offset-mc @ sf_-40c_3.30v -- generated by sim/harness, do not edit

Doing analysis at TEMP = -40.000000 and TNOM = 27.000000

Using SPARSE 1.3 as Direct Linear Solver

No. of Data Rows : 6
voa = 2.4862527268e-03
ddc = -4.654712797e-07
dde = 4.5444189171e-07
Reset re-loads circuit * comparator-offset-mc @ sf_-40c_3.30v -- generated by sim/harness, do not edit

Circuit: * comparator-offset-mc @ sf_-40c_3.30v -- generated by sim/harness, do not edit

Doing analysis at TEMP = -40.000000 and TNOM = 27.000000

Using SPARSE 1.3 as Direct Linear Solver

No. of Data Rows : 6
voa = 1.7406094797e-03
ddc = -3.204657895e-07
dde = 3.1606747787e-07
Reset re-loads circuit * comparator-offset-mc @ sf_-40c_3.30v -- generated by sim/harness, do not edit

Circuit: * comparator-offset-mc @ sf_-40c_3.30v -- generated by sim/harness, do not edit

Doing analysis at TEMP = -40.000000 and TNOM = 27.000000

Using SPARSE 1.3 as Direct Linear Solver

No. of Data Rows : 6
voa = 1.5032502143e-03
ddc = -2.904921585e-07
dde = 2.7886107209e-07
Reset re-loads circuit * comparator-offset-mc @ sf_-40c_3.30v -- generated by sim/harness, do not edit

Circuit: * comparator-offset-mc @ sf_-40c_3.30v -- generated by sim/harness, do not edit

Doing analysis at TEMP = -40.000000 and TNOM = 27.000000

Using SPARSE 1.3 as Direct Linear Solver
 Reference value :  0.00000e+00
No. of Data Rows : 6
voa = -1.217830719e-03
ddc = 2.3715658524e-07
dde = -2.240861311e-07
Reset re-loads circuit * comparator-offset-mc @ sf_-40c_3.30v -- generated by sim/harness, do not edit

Circuit: * comparator-offset-mc @ sf_-40c_3.30v -- generated by sim/harness, do not edit

Doing analysis at TEMP = -40.000000 and TNOM = 27.000000

Using SPARSE 1.3 as Direct Linear Solver

No. of Data Rows : 6
voa = 3.1142328329e-03
ddc = -5.745924924e-07
dde = 5.5774355534e-07
Reset re-loads circuit * comparator-offset-mc @ sf_-40c_3.30v -- generated by sim/harness, do not edit

Circuit: * comparator-offset-mc @ sf_-40c_3.30v -- generated by sim/harness, do not edit

Doing analysis at TEMP = -40.000000 and TNOM = 27.000000

Using SPARSE 1.3 as Direct Linear Solver

No. of Data Rows : 6
voa = -1.798942026e-04
ddc = 1.7594879432e-08
dde = -2.718604812e-08
Reset re-loads circuit * comparator-offset-mc @ sf_-40c_3.30v -- generated by sim/harness, do not edit

Circuit: * comparator-offset-mc @ sf_-40c_3.30v -- generated by sim/harness, do not edit

Doing analysis at TEMP = -40.000000 and TNOM = 27.000000

Using SPARSE 1.3 as Direct Linear Solver

No. of Data Rows : 6
voa = -2.545323650e-03
ddc = 4.8421321653e-07
dde = -4.666505511e-07
Reset re-loads circuit * comparator-offset-mc @ sf_-40c_3.30v -- generated by sim/harness, do not edit

Circuit: * comparator-offset-mc @ sf_-40c_3.30v -- generated by sim/harness, do not edit

Doing analysis at TEMP = -40.000000 and TNOM = 27.000000

Using SPARSE 1.3 as Direct Linear Solver

No. of Data Rows : 6
voa = 1.2535376345e-03
ddc = -2.389583684e-07
dde = 2.2917721410e-07
Reset re-loads circuit * comparator-offset-mc @ sf_-40c_3.30v -- generated by sim/harness, do not edit

Circuit: * comparator-offset-mc @ sf_-40c_3.30v -- generated by sim/harness, do not edit

Doing analysis at TEMP = -40.000000 and TNOM = 27.000000

Using SPARSE 1.3 as Direct Linear Solver

No. of Data Rows : 6
voa = 2.1059294067e-03
ddc = -3.956590946e-07
dde = 3.8845579960e-07
Reset re-loads circuit * comparator-offset-mc @ sf_-40c_3.30v -- generated by sim/harness, do not edit

Circuit: * comparator-offset-mc @ sf_-40c_3.30v -- generated by sim/harness, do not edit

Doing analysis at TEMP = -40.000000 and TNOM = 27.000000

Using SPARSE 1.3 as Direct Linear Solver

No. of Data Rows : 6
voa = 1.8036527200e-03
ddc = -3.400042929e-07
dde = 3.3111788426e-07
Reset re-loads circuit * comparator-offset-mc @ sf_-40c_3.30v -- generated by sim/harness, do not edit

Circuit: * comparator-offset-mc @ sf_-40c_3.30v -- generated by sim/harness, do not edit

Doing analysis at TEMP = -40.000000 and TNOM = 27.000000

Using SPARSE 1.3 as Direct Linear Solver

No. of Data Rows : 6
voa = -2.857790117e-03
ddc = 5.2901599624e-07
dde = -5.178599590e-07
Reset re-loads circuit * comparator-offset-mc @ sf_-40c_3.30v -- generated by sim/harness, do not edit

Circuit: * comparator-offset-mc @ sf_-40c_3.30v -- generated by sim/harness, do not edit

Doing analysis at TEMP = -40.000000 and TNOM = 27.000000

Using SPARSE 1.3 as Direct Linear Solver

No. of Data Rows : 6
voa = -3.263116763e-05
ddc = 1.0096304729e-08
dde = -7.493239807e-09
Reset re-loads circuit * comparator-offset-mc @ sf_-40c_3.30v -- generated by sim/harness, do not edit

Circuit: * comparator-offset-mc @ sf_-40c_3.30v -- generated by sim/harness, do not edit

Doing analysis at TEMP = -40.000000 and TNOM = 27.000000

Using SPARSE 1.3 as Direct Linear Solver

No. of Data Rows : 6
voa = -1.209701502e-03
ddc = 2.0783143755e-07
dde = -2.131640677e-07
Reset re-loads circuit * comparator-offset-mc @ sf_-40c_3.30v -- generated by sim/harness, do not edit

Circuit: * comparator-offset-mc @ sf_-40c_3.30v -- generated by sim/harness, do not edit

Doing analysis at TEMP = -40.000000 and TNOM = 27.000000

Using SPARSE 1.3 as Direct Linear Solver

No. of Data Rows : 6
voa = 2.2060475609e-03
ddc = -4.254809236e-07
dde = 4.0610215012e-07
Reset re-loads circuit * comparator-offset-mc @ sf_-40c_3.30v -- generated by sim/harness, do not edit

Circuit: * comparator-offset-mc @ sf_-40c_3.30v -- generated by sim/harness, do not edit

Doing analysis at TEMP = -40.000000 and TNOM = 27.000000

Using SPARSE 1.3 as Direct Linear Solver

No. of Data Rows : 6
voa = 2.1452424121e-03
ddc = -4.115710184e-07
dde = 3.9398851041e-07
Reset re-loads circuit * comparator-offset-mc @ sf_-40c_3.30v -- generated by sim/harness, do not edit

Circuit: * comparator-offset-mc @ sf_-40c_3.30v -- generated by sim/harness, do not edit

Doing analysis at TEMP = -40.000000 and TNOM = 27.000000

Using SPARSE 1.3 as Direct Linear Solver

No. of Data Rows : 6
voa = 2.4527410903e-03
ddc = -4.780860573e-07
dde = 4.5443277967e-07
Reset re-loads circuit * comparator-offset-mc @ sf_-40c_3.30v -- generated by sim/harness, do not edit

Circuit: * comparator-offset-mc @ sf_-40c_3.30v -- generated by sim/harness, do not edit

Doing analysis at TEMP = -40.000000 and TNOM = 27.000000

Using SPARSE 1.3 as Direct Linear Solver

No. of Data Rows : 6
voa = -1.422786502e-03
ddc = 2.7917665573e-07
dde = -2.648178119e-07
Reset re-loads circuit * comparator-offset-mc @ sf_-40c_3.30v -- generated by sim/harness, do not edit

Circuit: * comparator-offset-mc @ sf_-40c_3.30v -- generated by sim/harness, do not edit

Doing analysis at TEMP = -40.000000 and TNOM = 27.000000

Using SPARSE 1.3 as Direct Linear Solver

No. of Data Rows : 6
voa = -5.195811277e-04
ddc = 1.0564913354e-07
dde = -9.685481420e-08
Reset re-loads circuit * comparator-offset-mc @ sf_-40c_3.30v -- generated by sim/harness, do not edit

Circuit: * comparator-offset-mc @ sf_-40c_3.30v -- generated by sim/harness, do not edit

Doing analysis at TEMP = -40.000000 and TNOM = 27.000000

Using SPARSE 1.3 as Direct Linear Solver

No. of Data Rows : 6
voa = 1.2016252332e-03
ddc = -2.256195292e-07
dde = 2.1989438645e-07
Reset re-loads circuit * comparator-offset-mc @ sf_-40c_3.30v -- generated by sim/harness, do not edit

Circuit: * comparator-offset-mc @ sf_-40c_3.30v -- generated by sim/harness, do not edit

Doing analysis at TEMP = -40.000000 and TNOM = 27.000000

Using SPARSE 1.3 as Direct Linear Solver

No. of Data Rows : 6
voa = -2.144917452e-03
ddc = 3.9156771319e-07
dde = -3.866322990e-07
Reset re-loads circuit * comparator-offset-mc @ sf_-40c_3.30v -- generated by sim/harness, do not edit

Circuit: * comparator-offset-mc @ sf_-40c_3.30v -- generated by sim/harness, do not edit

Doing analysis at TEMP = -40.000000 and TNOM = 27.000000

Using SPARSE 1.3 as Direct Linear Solver

No. of Data Rows : 6
voa = -1.337585591e-03
ddc = 2.4988968876e-07
dde = -2.430729179e-07
Reset re-loads circuit * comparator-offset-mc @ sf_-40c_3.30v -- generated by sim/harness, do not edit

Circuit: * comparator-offset-mc @ sf_-40c_3.30v -- generated by sim/harness, do not edit

Doing analysis at TEMP = -40.000000 and TNOM = 27.000000

Using SPARSE 1.3 as Direct Linear Solver

No. of Data Rows : 6
voa = 1.0282601485e-03
ddc = -2.044460430e-07
dde = 1.9059811499e-07
Reset re-loads circuit * comparator-offset-mc @ sf_-40c_3.30v -- generated by sim/harness, do not edit

Circuit: * comparator-offset-mc @ sf_-40c_3.30v -- generated by sim/harness, do not edit

Doing analysis at TEMP = -40.000000 and TNOM = 27.000000

Using SPARSE 1.3 as Direct Linear Solver

No. of Data Rows : 6
voa = 2.7331356603e-03
ddc = -5.122984897e-07
dde = 5.0047575349e-07
Reset re-loads circuit * comparator-offset-mc @ sf_-40c_3.30v -- generated by sim/harness, do not edit

Circuit: * comparator-offset-mc @ sf_-40c_3.30v -- generated by sim/harness, do not edit

Doing analysis at TEMP = -40.000000 and TNOM = 27.000000

Using SPARSE 1.3 as Direct Linear Solver

No. of Data Rows : 6
voa = -2.809616795e-03
ddc = 5.1011965048e-07
dde = -5.058010431e-07
Reset re-loads circuit * comparator-offset-mc @ sf_-40c_3.30v -- generated by sim/harness, do not edit

Circuit: * comparator-offset-mc @ sf_-40c_3.30v -- generated by sim/harness, do not edit

Doing analysis at TEMP = -40.000000 and TNOM = 27.000000

Using SPARSE 1.3 as Direct Linear Solver

No. of Data Rows : 6
voa = 4.1965337260e-04
ddc = -6.951630358e-08
dde = 7.3594545454e-08
Reset re-loads circuit * comparator-offset-mc @ sf_-40c_3.30v -- generated by sim/harness, do not edit

Circuit: * comparator-offset-mc @ sf_-40c_3.30v -- generated by sim/harness, do not edit

Doing analysis at TEMP = -40.000000 and TNOM = 27.000000

Using SPARSE 1.3 as Direct Linear Solver

No. of Data Rows : 6
voa = -1.186068713e-03
ddc = 2.2207653131e-07
dde = -2.149665310e-07
Reset re-loads circuit * comparator-offset-mc @ sf_-40c_3.30v -- generated by sim/harness, do not edit

Circuit: * comparator-offset-mc @ sf_-40c_3.30v -- generated by sim/harness, do not edit

Doing analysis at TEMP = -40.000000 and TNOM = 27.000000

Using SPARSE 1.3 as Direct Linear Solver

No. of Data Rows : 6
voa = -2.507286352e-03
ddc = 4.5857158115e-07
dde = -4.535199248e-07
Reset re-loads circuit * comparator-offset-mc @ sf_-40c_3.30v -- generated by sim/harness, do not edit

Circuit: * comparator-offset-mc @ sf_-40c_3.30v -- generated by sim/harness, do not edit

Doing analysis at TEMP = -40.000000 and TNOM = 27.000000

Using SPARSE 1.3 as Direct Linear Solver

No. of Data Rows : 6
voa = 1.6667607195e-03
ddc = -3.081507090e-07
dde = 3.0325922532e-07
Reset re-loads circuit * comparator-offset-mc @ sf_-40c_3.30v -- generated by sim/harness, do not edit

Circuit: * comparator-offset-mc @ sf_-40c_3.30v -- generated by sim/harness, do not edit

Doing analysis at TEMP = -40.000000 and TNOM = 27.000000

Using SPARSE 1.3 as Direct Linear Solver

No. of Data Rows : 6
voa = 1.1350037462e-03
ddc = -2.010077865e-07
dde = 2.0321054501e-07
Reset re-loads circuit * comparator-offset-mc @ sf_-40c_3.30v -- generated by sim/harness, do not edit

Circuit: * comparator-offset-mc @ sf_-40c_3.30v -- generated by sim/harness, do not edit

Doing analysis at TEMP = -40.000000 and TNOM = 27.000000

Using SPARSE 1.3 as Direct Linear Solver

No. of Data Rows : 6
voa = 1.4421511320e-03
ddc = -2.629335280e-07
dde = 2.5998241782e-07
Reset re-loads circuit * comparator-offset-mc @ sf_-40c_3.30v -- generated by sim/harness, do not edit

Circuit: * comparator-offset-mc @ sf_-40c_3.30v -- generated by sim/harness, do not edit

Doing analysis at TEMP = -40.000000 and TNOM = 27.000000

Using SPARSE 1.3 as Direct Linear Solver

No. of Data Rows : 6
voa = 4.1155092336e-03
ddc = -7.700339451e-07
dde = 7.4949472653e-07
Reset re-loads circuit * comparator-offset-mc @ sf_-40c_3.30v -- generated by sim/harness, do not edit

Circuit: * comparator-offset-mc @ sf_-40c_3.30v -- generated by sim/harness, do not edit

Doing analysis at TEMP = -40.000000 and TNOM = 27.000000

Using SPARSE 1.3 as Direct Linear Solver

No. of Data Rows : 6
voa = -2.002853582e-03
ddc = 3.8348364918e-07
dde = -3.686380763e-07
Reset re-loads circuit * comparator-offset-mc @ sf_-40c_3.30v -- generated by sim/harness, do not edit

Circuit: * comparator-offset-mc @ sf_-40c_3.30v -- generated by sim/harness, do not edit

Doing analysis at TEMP = -40.000000 and TNOM = 27.000000

Using SPARSE 1.3 as Direct Linear Solver

No. of Data Rows : 6
voa = 2.6249325116e-04
ddc = -4.775049726e-08
dde = 4.7262339941e-08
Reset re-loads circuit * comparator-offset-mc @ sf_-40c_3.30v -- generated by sim/harness, do not edit

Circuit: * comparator-offset-mc @ sf_-40c_3.30v -- generated by sim/harness, do not edit

Doing analysis at TEMP = -40.000000 and TNOM = 27.000000

Using SPARSE 1.3 as Direct Linear Solver

No. of Data Rows : 6
voa = -2.420906703e-03
ddc = 4.6813837740e-07
dde = -4.496274016e-07
Reset re-loads circuit * comparator-offset-mc @ sf_-40c_3.30v -- generated by sim/harness, do not edit

Circuit: * comparator-offset-mc @ sf_-40c_3.30v -- generated by sim/harness, do not edit

Doing analysis at TEMP = -40.000000 and TNOM = 27.000000

Using SPARSE 1.3 as Direct Linear Solver

No. of Data Rows : 6
voa = -2.587970195e-05
ddc = 1.3933862528e-08
dde = -8.106386937e-09
Reset re-loads circuit * comparator-offset-mc @ sf_-40c_3.30v -- generated by sim/harness, do not edit

Circuit: * comparator-offset-mc @ sf_-40c_3.30v -- generated by sim/harness, do not edit

Doing analysis at TEMP = -40.000000 and TNOM = 27.000000

Using SPARSE 1.3 as Direct Linear Solver

No. of Data Rows : 6
voa = -1.703314106e-03
ddc = 3.2627702988e-07
dde = -3.139146531e-07
Reset re-loads circuit * comparator-offset-mc @ sf_-40c_3.30v -- generated by sim/harness, do not edit

Circuit: * comparator-offset-mc @ sf_-40c_3.30v -- generated by sim/harness, do not edit

Doing analysis at TEMP = -40.000000 and TNOM = 27.000000

Using SPARSE 1.3 as Direct Linear Solver

No. of Data Rows : 6
voa = -3.966723100e-04
ddc = 7.3592407646e-08
dde = -7.215749634e-08
Reset re-loads circuit * comparator-offset-mc @ sf_-40c_3.30v -- generated by sim/harness, do not edit

Circuit: * comparator-offset-mc @ sf_-40c_3.30v -- generated by sim/harness, do not edit

Doing analysis at TEMP = -40.000000 and TNOM = 27.000000

Using SPARSE 1.3 as Direct Linear Solver

No. of Data Rows : 6
voa = 1.9942200768e-03
ddc = -3.753927398e-07
dde = 3.6726684603e-07
Reset re-loads circuit * comparator-offset-mc @ sf_-40c_3.30v -- generated by sim/harness, do not edit

Circuit: * comparator-offset-mc @ sf_-40c_3.30v -- generated by sim/harness, do not edit

Doing analysis at TEMP = -40.000000 and TNOM = 27.000000

Using SPARSE 1.3 as Direct Linear Solver

No. of Data Rows : 6
voa = -4.895474904e-04
ddc = 8.3653670929e-08
dde = -8.637502397e-08
Reset re-loads circuit * comparator-offset-mc @ sf_-40c_3.30v -- generated by sim/harness, do not edit

Circuit: * comparator-offset-mc @ sf_-40c_3.30v -- generated by sim/harness, do not edit

Doing analysis at TEMP = -40.000000 and TNOM = 27.000000

Using SPARSE 1.3 as Direct Linear Solver

No. of Data Rows : 6
voa = -1.474552397e-03
ddc = 2.7243154697e-07
dde = -2.654155324e-07
Reset re-loads circuit * comparator-offset-mc @ sf_-40c_3.30v -- generated by sim/harness, do not edit

Circuit: * comparator-offset-mc @ sf_-40c_3.30v -- generated by sim/harness, do not edit

Doing analysis at TEMP = -40.000000 and TNOM = 27.000000

Using SPARSE 1.3 as Direct Linear Solver

No. of Data Rows : 6
voa = -4.208758494e-04
ddc = 8.7935350323e-08
dde = -7.943396462e-08
Reset re-loads circuit * comparator-offset-mc @ sf_-40c_3.30v -- generated by sim/harness, do not edit

Circuit: * comparator-offset-mc @ sf_-40c_3.30v -- generated by sim/harness, do not edit

Doing analysis at TEMP = -40.000000 and TNOM = 27.000000

Using SPARSE 1.3 as Direct Linear Solver

No. of Data Rows : 6
voa = -1.208868728e-03
ddc = 2.2965478856e-07
dde = -2.212135668e-07
Reset re-loads circuit * comparator-offset-mc @ sf_-40c_3.30v -- generated by sim/harness, do not edit

Circuit: * comparator-offset-mc @ sf_-40c_3.30v -- generated by sim/harness, do not edit

Doing analysis at TEMP = -40.000000 and TNOM = 27.000000

Using SPARSE 1.3 as Direct Linear Solver

No. of Data Rows : 6
voa = 2.5302940574e-03
ddc = -4.642898824e-07
dde = 4.5873911455e-07
Reset re-loads circuit * comparator-offset-mc @ sf_-40c_3.30v -- generated by sim/harness, do not edit

Circuit: * comparator-offset-mc @ sf_-40c_3.30v -- generated by sim/harness, do not edit

Doing analysis at TEMP = -40.000000 and TNOM = 27.000000

Using SPARSE 1.3 as Direct Linear Solver

No. of Data Rows : 6
voa = 2.0153530259e-03
ddc = -3.883393258e-07
dde = 3.7329904642e-07
Reset re-loads circuit * comparator-offset-mc @ sf_-40c_3.30v -- generated by sim/harness, do not edit

Circuit: * comparator-offset-mc @ sf_-40c_3.30v -- generated by sim/harness, do not edit

Doing analysis at TEMP = -40.000000 and TNOM = 27.000000

Using SPARSE 1.3 as Direct Linear Solver

No. of Data Rows : 6
voa = -3.196118341e-04
ddc = 6.1334835218e-08
dde = -5.755264621e-08
Reset re-loads circuit * comparator-offset-mc @ sf_-40c_3.30v -- generated by sim/harness, do not edit

Circuit: * comparator-offset-mc @ sf_-40c_3.30v -- generated by sim/harness, do not edit

Doing analysis at TEMP = -40.000000 and TNOM = 27.000000

Using SPARSE 1.3 as Direct Linear Solver

No. of Data Rows : 6
voa = -1.848321955e-03
ddc = 3.3600681004e-07
dde = -3.336196656e-07
Reset re-loads circuit * comparator-offset-mc @ sf_-40c_3.30v -- generated by sim/harness, do not edit

Circuit: * comparator-offset-mc @ sf_-40c_3.30v -- generated by sim/harness, do not edit

Doing analysis at TEMP = -40.000000 and TNOM = 27.000000

Using SPARSE 1.3 as Direct Linear Solver

No. of Data Rows : 6
voa = 9.4509689879e-04
ddc = -1.738542515e-07
dde = 1.6979492745e-07
Reset re-loads circuit * comparator-offset-mc @ sf_-40c_3.30v -- generated by sim/harness, do not edit

Circuit: * comparator-offset-mc @ sf_-40c_3.30v -- generated by sim/harness, do not edit

Doing analysis at TEMP = -40.000000 and TNOM = 27.000000

Using SPARSE 1.3 as Direct Linear Solver

No. of Data Rows : 6
voa = -1.183508436e-03
ddc = 2.1622499332e-07
dde = -2.146638952e-07
Reset re-loads circuit * comparator-offset-mc @ sf_-40c_3.30v -- generated by sim/harness, do not edit

Circuit: * comparator-offset-mc @ sf_-40c_3.30v -- generated by sim/harness, do not edit

Doing analysis at TEMP = -40.000000 and TNOM = 27.000000

Using SPARSE 1.3 as Direct Linear Solver
 Reference value :  0.00000e+00
No. of Data Rows : 6
voa = 1.1056438663e-03
ddc = -1.980202426e-07
dde = 1.9920562013e-07
Reset re-loads circuit * comparator-offset-mc @ sf_-40c_3.30v -- generated by sim/harness, do not edit

Circuit: * comparator-offset-mc @ sf_-40c_3.30v -- generated by sim/harness, do not edit

Doing analysis at TEMP = -40.000000 and TNOM = 27.000000

Using SPARSE 1.3 as Direct Linear Solver

No. of Data Rows : 6
voa = -1.208289598e-03
ddc = 2.2256217970e-07
dde = -2.193810168e-07
Reset re-loads circuit * comparator-offset-mc @ sf_-40c_3.30v -- generated by sim/harness, do not edit

Circuit: * comparator-offset-mc @ sf_-40c_3.30v -- generated by sim/harness, do not edit

Doing analysis at TEMP = -40.000000 and TNOM = 27.000000

Using SPARSE 1.3 as Direct Linear Solver

No. of Data Rows : 6
voa = 1.0145982063e-04
ddc = -1.167968504e-08
dde = 1.6046072850e-08
Reset re-loads circuit * comparator-offset-mc @ sf_-40c_3.30v -- generated by sim/harness, do not edit

Circuit: * comparator-offset-mc @ sf_-40c_3.30v -- generated by sim/harness, do not edit

Doing analysis at TEMP = -40.000000 and TNOM = 27.000000

Using SPARSE 1.3 as Direct Linear Solver

No. of Data Rows : 6
voa = -1.167632430e-03
ddc = 2.1141031362e-07
dde = -2.088409228e-07
Reset re-loads circuit * comparator-offset-mc @ sf_-40c_3.30v -- generated by sim/harness, do not edit

Circuit: * comparator-offset-mc @ sf_-40c_3.30v -- generated by sim/harness, do not edit

Doing analysis at TEMP = -40.000000 and TNOM = 27.000000

Using SPARSE 1.3 as Direct Linear Solver

No. of Data Rows : 6
voa = -1.850850019e-03
ddc = 3.4895006409e-07
dde = -3.401614837e-07
Reset re-loads circuit * comparator-offset-mc @ sf_-40c_3.30v -- generated by sim/harness, do not edit

Circuit: * comparator-offset-mc @ sf_-40c_3.30v -- generated by sim/harness, do not edit

Doing analysis at TEMP = -40.000000 and TNOM = 27.000000

Using SPARSE 1.3 as Direct Linear Solver

No. of Data Rows : 6
voa = 3.9878553577e-04
ddc = -8.687390942e-08
dde = 7.5861591149e-08
Reset re-loads circuit * comparator-offset-mc @ sf_-40c_3.30v -- generated by sim/harness, do not edit

Circuit: * comparator-offset-mc @ sf_-40c_3.30v -- generated by sim/harness, do not edit

Doing analysis at TEMP = -40.000000 and TNOM = 27.000000

Using SPARSE 1.3 as Direct Linear Solver

No. of Data Rows : 6
voa = 3.5832920767e-03
ddc = -6.688794349e-07
dde = 6.4922306333e-07
Reset re-loads circuit * comparator-offset-mc @ sf_-40c_3.30v -- generated by sim/harness, do not edit

Circuit: * comparator-offset-mc @ sf_-40c_3.30v -- generated by sim/harness, do not edit

Doing analysis at TEMP = -40.000000 and TNOM = 27.000000

Using SPARSE 1.3 as Direct Linear Solver

No. of Data Rows : 6
voa = 2.0017178472e-04
ddc = -3.475300094e-08
dde = 3.5501733832e-08
Reset re-loads circuit * comparator-offset-mc @ sf_-40c_3.30v -- generated by sim/harness, do not edit

Circuit: * comparator-offset-mc @ sf_-40c_3.30v -- generated by sim/harness, do not edit

Doing analysis at TEMP = -40.000000 and TNOM = 27.000000

Using SPARSE 1.3 as Direct Linear Solver

No. of Data Rows : 6
voa = -1.145930767e-03
ddc = 2.1515439168e-07
dde = -2.099855941e-07
Reset re-loads circuit * comparator-offset-mc @ sf_-40c_3.30v -- generated by sim/harness, do not edit

Circuit: * comparator-offset-mc @ sf_-40c_3.30v -- generated by sim/harness, do not edit

Doing analysis at TEMP = -40.000000 and TNOM = 27.000000

Using SPARSE 1.3 as Direct Linear Solver

No. of Data Rows : 6
voa = -1.653412933e-03
ddc = 3.1527540508e-07
dde = -3.020745516e-07
Reset re-loads circuit * comparator-offset-mc @ sf_-40c_3.30v -- generated by sim/harness, do not edit

Circuit: * comparator-offset-mc @ sf_-40c_3.30v -- generated by sim/harness, do not edit

Doing analysis at TEMP = -40.000000 and TNOM = 27.000000

Using SPARSE 1.3 as Direct Linear Solver

No. of Data Rows : 6
voa = 4.4440011045e-04
ddc = -8.759137322e-08
dde = 8.2459450216e-08
Reset re-loads circuit * comparator-offset-mc @ sf_-40c_3.30v -- generated by sim/harness, do not edit

Circuit: * comparator-offset-mc @ sf_-40c_3.30v -- generated by sim/harness, do not edit

Doing analysis at TEMP = -40.000000 and TNOM = 27.000000

Using SPARSE 1.3 as Direct Linear Solver

No. of Data Rows : 6
voa = -4.322632823e-03
ddc = 7.9951797483e-07
dde = -7.824383148e-07
Reset re-loads circuit * comparator-offset-mc @ sf_-40c_3.30v -- generated by sim/harness, do not edit

Circuit: * comparator-offset-mc @ sf_-40c_3.30v -- generated by sim/harness, do not edit

Doing analysis at TEMP = -40.000000 and TNOM = 27.000000

Using SPARSE 1.3 as Direct Linear Solver

No. of Data Rows : 6
voa = -4.451419153e-03
ddc = 8.4075949874e-07
dde = -8.153138162e-07
Reset re-loads circuit * comparator-offset-mc @ sf_-40c_3.30v -- generated by sim/harness, do not edit

Circuit: * comparator-offset-mc @ sf_-40c_3.30v -- generated by sim/harness, do not edit

Doing analysis at TEMP = -40.000000 and TNOM = 27.000000

Using SPARSE 1.3 as Direct Linear Solver

No. of Data Rows : 6
voa = -1.280490856e-03
ddc = 2.4799862994e-07
dde = -2.368361533e-07
Reset re-loads circuit * comparator-offset-mc @ sf_-40c_3.30v -- generated by sim/harness, do not edit

Circuit: * comparator-offset-mc @ sf_-40c_3.30v -- generated by sim/harness, do not edit

Doing analysis at TEMP = -40.000000 and TNOM = 27.000000

Using SPARSE 1.3 as Direct Linear Solver

No. of Data Rows : 6
voa = 1.3083132443e-04
ddc = -2.890436344e-08
dde = 2.5640130591e-08
Reset re-loads circuit * comparator-offset-mc @ sf_-40c_3.30v -- generated by sim/harness, do not edit

Circuit: * comparator-offset-mc @ sf_-40c_3.30v -- generated by sim/harness, do not edit

Doing analysis at TEMP = -40.000000 and TNOM = 27.000000

Using SPARSE 1.3 as Direct Linear Solver

No. of Data Rows : 6
voa = -1.126011141e-03
ddc = 2.2302299332e-07
dde = -2.107187489e-07
Reset re-loads circuit * comparator-offset-mc @ sf_-40c_3.30v -- generated by sim/harness, do not edit

Circuit: * comparator-offset-mc @ sf_-40c_3.30v -- generated by sim/harness, do not edit

Doing analysis at TEMP = -40.000000 and TNOM = 27.000000

Using SPARSE 1.3 as Direct Linear Solver

No. of Data Rows : 6
voa = 1.5391833235e-03
ddc = -2.839482978e-07
dde = 2.8062330165e-07
Reset re-loads circuit * comparator-offset-mc @ sf_-40c_3.30v -- generated by sim/harness, do not edit

Circuit: * comparator-offset-mc @ sf_-40c_3.30v -- generated by sim/harness, do not edit

Doing analysis at TEMP = -40.000000 and TNOM = 27.000000

Using SPARSE 1.3 as Direct Linear Solver

No. of Data Rows : 6
voa = -4.937871577e-04
ddc = 7.5781998933e-08
dde = -8.436557989e-08
Reset re-loads circuit * comparator-offset-mc @ sf_-40c_3.30v -- generated by sim/harness, do not edit

Circuit: * comparator-offset-mc @ sf_-40c_3.30v -- generated by sim/harness, do not edit

Doing analysis at TEMP = -40.000000 and TNOM = 27.000000

Using SPARSE 1.3 as Direct Linear Solver

No. of Data Rows : 6
voa = -6.559183733e-05
ddc = 1.0786932113e-08
dde = -1.142360196e-08
Reset re-loads circuit * comparator-offset-mc @ sf_-40c_3.30v -- generated by sim/harness, do not edit

Circuit: * comparator-offset-mc @ sf_-40c_3.30v -- generated by sim/harness, do not edit

Doing analysis at TEMP = -40.000000 and TNOM = 27.000000

Using SPARSE 1.3 as Direct Linear Solver

No. of Data Rows : 6
voa = -3.054015533e-03
ddc = 5.6996605864e-07
dde = -5.537052863e-07
Reset re-loads circuit * comparator-offset-mc @ sf_-40c_3.30v -- generated by sim/harness, do not edit

Circuit: * comparator-offset-mc @ sf_-40c_3.30v -- generated by sim/harness, do not edit

Doing analysis at TEMP = -40.000000 and TNOM = 27.000000

Using SPARSE 1.3 as Direct Linear Solver

No. of Data Rows : 6
voa = -4.169670439e-04
ddc = 7.5054898294e-08
dde = -7.478240455e-08
Reset re-loads circuit * comparator-offset-mc @ sf_-40c_3.30v -- generated by sim/harness, do not edit

Circuit: * comparator-offset-mc @ sf_-40c_3.30v -- generated by sim/harness, do not edit

Doing analysis at TEMP = -40.000000 and TNOM = 27.000000

Using SPARSE 1.3 as Direct Linear Solver

No. of Data Rows : 6
voa = 2.6263551667e-03
ddc = -4.718359740e-07
dde = 4.7068746536e-07
Reset re-loads circuit * comparator-offset-mc @ sf_-40c_3.30v -- generated by sim/harness, do not edit

Circuit: * comparator-offset-mc @ sf_-40c_3.30v -- generated by sim/harness, do not edit

Doing analysis at TEMP = -40.000000 and TNOM = 27.000000

Using SPARSE 1.3 as Direct Linear Solver

No. of Data Rows : 6
voa = -1.633208956e-03
ddc = 2.9451268483e-07
dde = -2.918140562e-07
Reset re-loads circuit * comparator-offset-mc @ sf_-40c_3.30v -- generated by sim/harness, do not edit

Circuit: * comparator-offset-mc @ sf_-40c_3.30v -- generated by sim/harness, do not edit

Doing analysis at TEMP = -40.000000 and TNOM = 27.000000

Using SPARSE 1.3 as Direct Linear Solver

No. of Data Rows : 6
voa = 4.1471867828e-04
ddc = -8.368162017e-08
dde = 7.7741671909e-08
Reset re-loads circuit * comparator-offset-mc @ sf_-40c_3.30v -- generated by sim/harness, do not edit

Circuit: * comparator-offset-mc @ sf_-40c_3.30v -- generated by sim/harness, do not edit

Doing analysis at TEMP = -40.000000 and TNOM = 27.000000

Using SPARSE 1.3 as Direct Linear Solver

No. of Data Rows : 6
voa = -1.666540123e-03
ddc = 3.1354484895e-07
dde = -3.067882100e-07
Reset re-loads circuit * comparator-offset-mc @ sf_-40c_3.30v -- generated by sim/harness, do not edit

Circuit: * comparator-offset-mc @ sf_-40c_3.30v -- generated by sim/harness, do not edit

Doing analysis at TEMP = -40.000000 and TNOM = 27.000000

Using SPARSE 1.3 as Direct Linear Solver

No. of Data Rows : 6
voa = 1.1398904162e-03
ddc = -2.164774978e-07
dde = 2.0815734468e-07
Reset re-loads circuit * comparator-offset-mc @ sf_-40c_3.30v -- generated by sim/harness, do not edit

Circuit: * comparator-offset-mc @ sf_-40c_3.30v -- generated by sim/harness, do not edit

Doing analysis at TEMP = -40.000000 and TNOM = 27.000000

Using SPARSE 1.3 as Direct Linear Solver

No. of Data Rows : 6
voa = -1.945802019e-03
ddc = 3.7028572359e-07
dde = -3.576438483e-07
Reset re-loads circuit * comparator-offset-mc @ sf_-40c_3.30v -- generated by sim/harness, do not edit

Circuit: * comparator-offset-mc @ sf_-40c_3.30v -- generated by sim/harness, do not edit

Doing analysis at TEMP = -40.000000 and TNOM = 27.000000

Using SPARSE 1.3 as Direct Linear Solver

No. of Data Rows : 6
voa = -9.586021767e-05
ddc = 1.5482176592e-08
dde = -1.661368415e-08
Reset re-loads circuit * comparator-offset-mc @ sf_-40c_3.30v -- generated by sim/harness, do not edit

Circuit: * comparator-offset-mc @ sf_-40c_3.30v -- generated by sim/harness, do not edit

Doing analysis at TEMP = -40.000000 and TNOM = 27.000000

Using SPARSE 1.3 as Direct Linear Solver

No. of Data Rows : 6
voa = 2.7090919672e-03
ddc = -5.167443667e-07
dde = 4.9589112022e-07
Reset re-loads circuit * comparator-offset-mc @ sf_-40c_3.30v -- generated by sim/harness, do not edit

Circuit: * comparator-offset-mc @ sf_-40c_3.30v -- generated by sim/harness, do not edit

Doing analysis at TEMP = -40.000000 and TNOM = 27.000000

Using SPARSE 1.3 as Direct Linear Solver

No. of Data Rows : 6
voa = -1.518701197e-03
ddc = 2.8574628044e-07
dde = -2.771161547e-07
Reset re-loads circuit * comparator-offset-mc @ sf_-40c_3.30v -- generated by sim/harness, do not edit

Circuit: * comparator-offset-mc @ sf_-40c_3.30v -- generated by sim/harness, do not edit

Doing analysis at TEMP = -40.000000 and TNOM = 27.000000

Using SPARSE 1.3 as Direct Linear Solver

No. of Data Rows : 6
voa = 1.9077683051e-03
ddc = -3.560593453e-07
dde = 3.4598460861e-07
Reset re-loads circuit * comparator-offset-mc @ sf_-40c_3.30v -- generated by sim/harness, do not edit

Circuit: * comparator-offset-mc @ sf_-40c_3.30v -- generated by sim/harness, do not edit

Doing analysis at TEMP = -40.000000 and TNOM = 27.000000

Using SPARSE 1.3 as Direct Linear Solver

No. of Data Rows : 6
voa = -5.393489837e-04
ddc = 9.9621440295e-08
dde = -9.824004167e-08
Reset re-loads circuit * comparator-offset-mc @ sf_-40c_3.30v -- generated by sim/harness, do not edit

Circuit: * comparator-offset-mc @ sf_-40c_3.30v -- generated by sim/harness, do not edit

Doing analysis at TEMP = -40.000000 and TNOM = 27.000000

Using SPARSE 1.3 as Direct Linear Solver

No. of Data Rows : 6
voa = -1.230053932e-04
ddc = 1.7703308831e-08
dde = -2.068484080e-08
Reset re-loads circuit * comparator-offset-mc @ sf_-40c_3.30v -- generated by sim/harness, do not edit

Circuit: * comparator-offset-mc @ sf_-40c_3.30v -- generated by sim/harness, do not edit

Doing analysis at TEMP = -40.000000 and TNOM = 27.000000

Using SPARSE 1.3 as Direct Linear Solver

No. of Data Rows : 6
voa = 8.2138504259e-04
ddc = -1.476332242e-07
dde = 1.4696653371e-07
Reset re-loads circuit * comparator-offset-mc @ sf_-40c_3.30v -- generated by sim/harness, do not edit

Circuit: * comparator-offset-mc @ sf_-40c_3.30v -- generated by sim/harness, do not edit

Doing analysis at TEMP = -40.000000 and TNOM = 27.000000

Using SPARSE 1.3 as Direct Linear Solver

No. of Data Rows : 6
voa = 1.7585517260e-03
ddc = -3.324743341e-07
dde = 3.1970614293e-07
Reset re-loads circuit * comparator-offset-mc @ sf_-40c_3.30v -- generated by sim/harness, do not edit

Circuit: * comparator-offset-mc @ sf_-40c_3.30v -- generated by sim/harness, do not edit

Doing analysis at TEMP = -40.000000 and TNOM = 27.000000

Using SPARSE 1.3 as Direct Linear Solver

No. of Data Rows : 6
voa = -9.341123824e-04
ddc = 1.5765109195e-07
dde = -1.641931700e-07
Reset re-loads circuit * comparator-offset-mc @ sf_-40c_3.30v -- generated by sim/harness, do not edit

Circuit: * comparator-offset-mc @ sf_-40c_3.30v -- generated by sim/harness, do not edit

Doing analysis at TEMP = -40.000000 and TNOM = 27.000000

Using SPARSE 1.3 as Direct Linear Solver

No. of Data Rows : 6
voa = 4.1086887201e-05
ddc = -9.345051988e-09
dde = 8.0520637633e-09
Reset re-loads circuit * comparator-offset-mc @ sf_-40c_3.30v -- generated by sim/harness, do not edit

Circuit: * comparator-offset-mc @ sf_-40c_3.30v -- generated by sim/harness, do not edit

Doing analysis at TEMP = -40.000000 and TNOM = 27.000000

Using SPARSE 1.3 as Direct Linear Solver

No. of Data Rows : 6
voa = -2.364210285e-04
ddc = 4.4409203823e-08
dde = -4.296749418e-08
Reset re-loads circuit * comparator-offset-mc @ sf_-40c_3.30v -- generated by sim/harness, do not edit

Circuit: * comparator-offset-mc @ sf_-40c_3.30v -- generated by sim/harness, do not edit

Doing analysis at TEMP = -40.000000 and TNOM = 27.000000

Using SPARSE 1.3 as Direct Linear Solver

No. of Data Rows : 6
voa = -2.359689957e-03
ddc = 4.4072819697e-07
dde = -4.298966345e-07
Reset re-loads circuit * comparator-offset-mc @ sf_-40c_3.30v -- generated by sim/harness, do not edit

Circuit: * comparator-offset-mc @ sf_-40c_3.30v -- generated by sim/harness, do not edit

Doing analysis at TEMP = -40.000000 and TNOM = 27.000000

Using SPARSE 1.3 as Direct Linear Solver
 Reference value :  0.00000e+00
No. of Data Rows : 6
voa = 3.9123080166e-04
ddc = -6.285975134e-08
dde = 6.7905113773e-08
Reset re-loads circuit * comparator-offset-mc @ sf_-40c_3.30v -- generated by sim/harness, do not edit

Circuit: * comparator-offset-mc @ sf_-40c_3.30v -- generated by sim/harness, do not edit

Doing analysis at TEMP = -40.000000 and TNOM = 27.000000

Using SPARSE 1.3 as Direct Linear Solver

No. of Data Rows : 6
voa = 4.8178482087e-04
ddc = -8.263967833e-08
dde = 8.4929448766e-08
Reset re-loads circuit * comparator-offset-mc @ sf_-40c_3.30v -- generated by sim/harness, do not edit

Circuit: * comparator-offset-mc @ sf_-40c_3.30v -- generated by sim/harness, do not edit

Doing analysis at TEMP = -40.000000 and TNOM = 27.000000

Using SPARSE 1.3 as Direct Linear Solver

No. of Data Rows : 6
voa = -1.904625778e-03
ddc = 3.5924964916e-07
dde = -3.503735633e-07
Reset re-loads circuit * comparator-offset-mc @ sf_-40c_3.30v -- generated by sim/harness, do not edit

Circuit: * comparator-offset-mc @ sf_-40c_3.30v -- generated by sim/harness, do not edit

Doing analysis at TEMP = -40.000000 and TNOM = 27.000000

Using SPARSE 1.3 as Direct Linear Solver

No. of Data Rows : 6
voa = -2.674572855e-04
ddc = 4.4413451079e-08
dde = -4.683506760e-08
Reset re-loads circuit * comparator-offset-mc @ sf_-40c_3.30v -- generated by sim/harness, do not edit

Circuit: * comparator-offset-mc @ sf_-40c_3.30v -- generated by sim/harness, do not edit

Doing analysis at TEMP = -40.000000 and TNOM = 27.000000

Using SPARSE 1.3 as Direct Linear Solver

No. of Data Rows : 6
voa = 1.6909775210e-03
ddc = -3.197007217e-07
dde = 3.0937314208e-07
Reset re-loads circuit * comparator-offset-mc @ sf_-40c_3.30v -- generated by sim/harness, do not edit

Circuit: * comparator-offset-mc @ sf_-40c_3.30v -- generated by sim/harness, do not edit

Doing analysis at TEMP = -40.000000 and TNOM = 27.000000

Using SPARSE 1.3 as Direct Linear Solver

No. of Data Rows : 6
voa = 2.4521328201e-05
ddc = -1.885875533e-08
dde = 9.3587124139e-09
Reset re-loads circuit * comparator-offset-mc @ sf_-40c_3.30v -- generated by sim/harness, do not edit

Circuit: * comparator-offset-mc @ sf_-40c_3.30v -- generated by sim/harness, do not edit

Doing analysis at TEMP = -40.000000 and TNOM = 27.000000

Using SPARSE 1.3 as Direct Linear Solver

No. of Data Rows : 6
voa = 1.6831920739e-03
ddc = -3.233708362e-07
dde = 3.0829698806e-07
Reset re-loads circuit * comparator-offset-mc @ sf_-40c_3.30v -- generated by sim/harness, do not edit

Circuit: * comparator-offset-mc @ sf_-40c_3.30v -- generated by sim/harness, do not edit

Doing analysis at TEMP = -40.000000 and TNOM = 27.000000

Using SPARSE 1.3 as Direct Linear Solver

No. of Data Rows : 6
voa = -1.230503980e-04
ddc = 9.0298982978e-09
dde = -1.773187091e-08
Reset re-loads circuit * comparator-offset-mc @ sf_-40c_3.30v -- generated by sim/harness, do not edit

Circuit: * comparator-offset-mc @ sf_-40c_3.30v -- generated by sim/harness, do not edit

Doing analysis at TEMP = -40.000000 and TNOM = 27.000000

Using SPARSE 1.3 as Direct Linear Solver

No. of Data Rows : 6
voa = 3.2675725633e-03
ddc = -6.216271373e-07
dde = 6.0181357862e-07
Reset re-loads circuit * comparator-offset-mc @ sf_-40c_3.30v -- generated by sim/harness, do not edit

Circuit: * comparator-offset-mc @ sf_-40c_3.30v -- generated by sim/harness, do not edit

Doing analysis at TEMP = -40.000000 and TNOM = 27.000000

Using SPARSE 1.3 as Direct Linear Solver

No. of Data Rows : 6
voa = 2.1439461714e-03
ddc = -4.080546163e-07
dde = 3.9303108876e-07
Reset re-loads circuit * comparator-offset-mc @ sf_-40c_3.30v -- generated by sim/harness, do not edit

Circuit: * comparator-offset-mc @ sf_-40c_3.30v -- generated by sim/harness, do not edit

Doing analysis at TEMP = -40.000000 and TNOM = 27.000000

Using SPARSE 1.3 as Direct Linear Solver

No. of Data Rows : 6
voa = 4.8924286235e-04
ddc = -9.378694429e-08
dde = 8.9214520284e-08
Reset re-loads circuit * comparator-offset-mc @ sf_-40c_3.30v -- generated by sim/harness, do not edit

Circuit: * comparator-offset-mc @ sf_-40c_3.30v -- generated by sim/harness, do not edit

Doing analysis at TEMP = -40.000000 and TNOM = 27.000000

Using SPARSE 1.3 as Direct Linear Solver

No. of Data Rows : 6
voa = 4.8412648287e-04
ddc = -8.014893347e-08
dde = 8.4738743044e-08
Reset re-loads circuit * comparator-offset-mc @ sf_-40c_3.30v -- generated by sim/harness, do not edit

Circuit: * comparator-offset-mc @ sf_-40c_3.30v -- generated by sim/harness, do not edit

Doing analysis at TEMP = -40.000000 and TNOM = 27.000000

Using SPARSE 1.3 as Direct Linear Solver

No. of Data Rows : 6
voa = -9.587022786e-04
ddc = 1.6944414782e-07
dde = -1.706184827e-07
Reset re-loads circuit * comparator-offset-mc @ sf_-40c_3.30v -- generated by sim/harness, do not edit

Circuit: * comparator-offset-mc @ sf_-40c_3.30v -- generated by sim/harness, do not edit

Doing analysis at TEMP = -40.000000 and TNOM = 27.000000

Using SPARSE 1.3 as Direct Linear Solver

No. of Data Rows : 6
voa = 1.1998235543e-04
ddc = -9.305328416e-09
dde = 1.7369263721e-08
Reset re-loads circuit * comparator-offset-mc @ sf_-40c_3.30v -- generated by sim/harness, do not edit

Circuit: * comparator-offset-mc @ sf_-40c_3.30v -- generated by sim/harness, do not edit

Doing analysis at TEMP = -40.000000 and TNOM = 27.000000

Using SPARSE 1.3 as Direct Linear Solver

No. of Data Rows : 6
voa = -1.048598936e-03
ddc = 1.9254072883e-07
dde = -1.892428325e-07
Reset re-loads circuit * comparator-offset-mc @ sf_-40c_3.30v -- generated by sim/harness, do not edit

Circuit: * comparator-offset-mc @ sf_-40c_3.30v -- generated by sim/harness, do not edit

Doing analysis at TEMP = -40.000000 and TNOM = 27.000000

Using SPARSE 1.3 as Direct Linear Solver

No. of Data Rows : 6
voa = -1.216149326e-03
ddc = 2.3571644083e-07
dde = -2.247133493e-07
Reset re-loads circuit * comparator-offset-mc @ sf_-40c_3.30v -- generated by sim/harness, do not edit

Circuit: * comparator-offset-mc @ sf_-40c_3.30v -- generated by sim/harness, do not edit

Doing analysis at TEMP = -40.000000 and TNOM = 27.000000

Using SPARSE 1.3 as Direct Linear Solver

No. of Data Rows : 6
voa = -1.460382859e-03
ddc = 2.8146592980e-07
dde = -2.665809437e-07
Reset re-loads circuit * comparator-offset-mc @ sf_-40c_3.30v -- generated by sim/harness, do not edit

Circuit: * comparator-offset-mc @ sf_-40c_3.30v -- generated by sim/harness, do not edit

Doing analysis at TEMP = -40.000000 and TNOM = 27.000000

Using SPARSE 1.3 as Direct Linear Solver

No. of Data Rows : 6
voa = 1.4243692824e-03
ddc = -2.642773366e-07
dde = 2.5801829663e-07
Reset re-loads circuit * comparator-offset-mc @ sf_-40c_3.30v -- generated by sim/harness, do not edit

Circuit: * comparator-offset-mc @ sf_-40c_3.30v -- generated by sim/harness, do not edit

Doing analysis at TEMP = -40.000000 and TNOM = 27.000000

Using SPARSE 1.3 as Direct Linear Solver

No. of Data Rows : 6
voa = 1.2674907533e-03
ddc = -2.430210046e-07
dde = 2.3267476905e-07
Reset re-loads circuit * comparator-offset-mc @ sf_-40c_3.30v -- generated by sim/harness, do not edit

Circuit: * comparator-offset-mc @ sf_-40c_3.30v -- generated by sim/harness, do not edit

Doing analysis at TEMP = -40.000000 and TNOM = 27.000000

Using SPARSE 1.3 as Direct Linear Solver

No. of Data Rows : 6
voa = 4.5423181321e-05
ddc = -5.717873424e-09
dde = 7.3708803529e-09
Reset re-loads circuit * comparator-offset-mc @ sf_-40c_3.30v -- generated by sim/harness, do not edit

Circuit: * comparator-offset-mc @ sf_-40c_3.30v -- generated by sim/harness, do not edit

Doing analysis at TEMP = -40.000000 and TNOM = 27.000000

Using SPARSE 1.3 as Direct Linear Solver

No. of Data Rows : 6
voa = -1.927960985e-03
ddc = 3.5620570130e-07
dde = -3.497189848e-07
Reset re-loads circuit * comparator-offset-mc @ sf_-40c_3.30v -- generated by sim/harness, do not edit

Circuit: * comparator-offset-mc @ sf_-40c_3.30v -- generated by sim/harness, do not edit

Doing analysis at TEMP = -40.000000 and TNOM = 27.000000

Using SPARSE 1.3 as Direct Linear Solver

No. of Data Rows : 6
voa = 9.5760189495e-04
ddc = -1.691088792e-07
dde = 1.7118862516e-07
Reset re-loads circuit * comparator-offset-mc @ sf_-40c_3.30v -- generated by sim/harness, do not edit

Circuit: * comparator-offset-mc @ sf_-40c_3.30v -- generated by sim/harness, do not edit

Doing analysis at TEMP = -40.000000 and TNOM = 27.000000

Using SPARSE 1.3 as Direct Linear Solver

No. of Data Rows : 6
voa = 1.8191136628e-03
ddc = -3.174995655e-07
dde = 3.2148818716e-07
Reset re-loads circuit * comparator-offset-mc @ sf_-40c_3.30v -- generated by sim/harness, do not edit

Circuit: * comparator-offset-mc @ sf_-40c_3.30v -- generated by sim/harness, do not edit

Doing analysis at TEMP = -40.000000 and TNOM = 27.000000

Using SPARSE 1.3 as Direct Linear Solver

No. of Data Rows : 6
voa = 3.0146771986e-03
ddc = -5.696870811e-07
dde = 5.4802415278e-07
Reset re-loads circuit * comparator-offset-mc @ sf_-40c_3.30v -- generated by sim/harness, do not edit

Circuit: * comparator-offset-mc @ sf_-40c_3.30v -- generated by sim/harness, do not edit

Doing analysis at TEMP = -40.000000 and TNOM = 27.000000

Using SPARSE 1.3 as Direct Linear Solver

No. of Data Rows : 6
voa = -3.322016147e-03
ddc = 6.2700313519e-07
dde = -6.092875048e-07
Reset re-loads circuit * comparator-offset-mc @ sf_-40c_3.30v -- generated by sim/harness, do not edit

Circuit: * comparator-offset-mc @ sf_-40c_3.30v -- generated by sim/harness, do not edit

Doing analysis at TEMP = -40.000000 and TNOM = 27.000000

Using SPARSE 1.3 as Direct Linear Solver

No. of Data Rows : 6
voa = -1.424033339e-03
ddc = 2.6612136536e-07
dde = -2.583981492e-07
Reset re-loads circuit * comparator-offset-mc @ sf_-40c_3.30v -- generated by sim/harness, do not edit

Circuit: * comparator-offset-mc @ sf_-40c_3.30v -- generated by sim/harness, do not edit

Doing analysis at TEMP = -40.000000 and TNOM = 27.000000

Using SPARSE 1.3 as Direct Linear Solver

No. of Data Rows : 6
voa = 7.4339318675e-04
ddc = -1.379142418e-07
dde = 1.3538349903e-07
Reset re-loads circuit * comparator-offset-mc @ sf_-40c_3.30v -- generated by sim/harness, do not edit

Circuit: * comparator-offset-mc @ sf_-40c_3.30v -- generated by sim/harness, do not edit

Doing analysis at TEMP = -40.000000 and TNOM = 27.000000

Using SPARSE 1.3 as Direct Linear Solver

No. of Data Rows : 6
voa = -1.417608579e-03
ddc = 2.5740946584e-07
dde = -2.540150508e-07
Reset re-loads circuit * comparator-offset-mc @ sf_-40c_3.30v -- generated by sim/harness, do not edit

Circuit: * comparator-offset-mc @ sf_-40c_3.30v -- generated by sim/harness, do not edit

Doing analysis at TEMP = -40.000000 and TNOM = 27.000000

Using SPARSE 1.3 as Direct Linear Solver

No. of Data Rows : 6
voa = 1.0303063034e-03
ddc = -2.010294220e-07
dde = 1.9192519720e-07
Reset re-loads circuit * comparator-offset-mc @ sf_-40c_3.30v -- generated by sim/harness, do not edit

Circuit: * comparator-offset-mc @ sf_-40c_3.30v -- generated by sim/harness, do not edit

Doing analysis at TEMP = -40.000000 and TNOM = 27.000000

Using SPARSE 1.3 as Direct Linear Solver

No. of Data Rows : 6
voa = -1.112780121e-03
ddc = 1.9824400280e-07
dde = -1.994092127e-07
Reset re-loads circuit * comparator-offset-mc @ sf_-40c_3.30v -- generated by sim/harness, do not edit

Circuit: * comparator-offset-mc @ sf_-40c_3.30v -- generated by sim/harness, do not edit

Doing analysis at TEMP = -40.000000 and TNOM = 27.000000

Using SPARSE 1.3 as Direct Linear Solver

No. of Data Rows : 6
voa = 1.3746765138e-04
ddc = -2.553545532e-08
dde = 2.5047026065e-08
Reset re-loads circuit * comparator-offset-mc @ sf_-40c_3.30v -- generated by sim/harness, do not edit

Circuit: * comparator-offset-mc @ sf_-40c_3.30v -- generated by sim/harness, do not edit

Doing analysis at TEMP = -40.000000 and TNOM = 27.000000

Using SPARSE 1.3 as Direct Linear Solver

No. of Data Rows : 6
voa = -2.084097862e-03
ddc = 3.9078470320e-07
dde = -3.810125259e-07
Reset re-loads circuit * comparator-offset-mc @ sf_-40c_3.30v -- generated by sim/harness, do not edit

Circuit: * comparator-offset-mc @ sf_-40c_3.30v -- generated by sim/harness, do not edit

Doing analysis at TEMP = -40.000000 and TNOM = 27.000000

Using SPARSE 1.3 as Direct Linear Solver

No. of Data Rows : 6
voa = -4.051707333e-04
ddc = 7.4038104624e-08
dde = -7.323407843e-08
Reset re-loads circuit * comparator-offset-mc @ sf_-40c_3.30v -- generated by sim/harness, do not edit

Circuit: * comparator-offset-mc @ sf_-40c_3.30v -- generated by sim/harness, do not edit

Doing analysis at TEMP = -40.000000 and TNOM = 27.000000

Using SPARSE 1.3 as Direct Linear Solver

No. of Data Rows : 6
voa = -2.867965799e-03
ddc = 5.5072005259e-07
dde = -5.294336010e-07
Reset re-loads circuit * comparator-offset-mc @ sf_-40c_3.30v -- generated by sim/harness, do not edit

Circuit: * comparator-offset-mc @ sf_-40c_3.30v -- generated by sim/harness, do not edit

Doing analysis at TEMP = -40.000000 and TNOM = 27.000000

Using SPARSE 1.3 as Direct Linear Solver
 Reference value :  0.00000e+00
No. of Data Rows : 6
voa = 6.5350317491e-05
ddc = -1.096611340e-08
dde = 1.1461149128e-08
Reset re-loads circuit * comparator-offset-mc @ sf_-40c_3.30v -- generated by sim/harness, do not edit

Circuit: * comparator-offset-mc @ sf_-40c_3.30v -- generated by sim/harness, do not edit

Doing analysis at TEMP = -40.000000 and TNOM = 27.000000

Using SPARSE 1.3 as Direct Linear Solver

No. of Data Rows : 6
voa = -3.172685713e-04
ddc = 7.2028669349e-08
dde = -6.175946709e-08
Reset re-loads circuit * comparator-offset-mc @ sf_-40c_3.30v -- generated by sim/harness, do not edit

Circuit: * comparator-offset-mc @ sf_-40c_3.30v -- generated by sim/harness, do not edit

Doing analysis at TEMP = -40.000000 and TNOM = 27.000000

Using SPARSE 1.3 as Direct Linear Solver

No. of Data Rows : 6
voa = -4.598687036e-04
ddc = 8.9031219255e-08
dde = -8.360129309e-08
Reset re-loads circuit * comparator-offset-mc @ sf_-40c_3.30v -- generated by sim/harness, do not edit

Circuit: * comparator-offset-mc @ sf_-40c_3.30v -- generated by sim/harness, do not edit

Doing analysis at TEMP = -40.000000 and TNOM = 27.000000

Using SPARSE 1.3 as Direct Linear Solver

No. of Data Rows : 6
voa = 1.1736239892e-03
ddc = -2.160191821e-07
dde = 2.1225557908e-07
Reset re-loads circuit * comparator-offset-mc @ sf_-40c_3.30v -- generated by sim/harness, do not edit

Circuit: * comparator-offset-mc @ sf_-40c_3.30v -- generated by sim/harness, do not edit

Doing analysis at TEMP = -40.000000 and TNOM = 27.000000

Using SPARSE 1.3 as Direct Linear Solver

No. of Data Rows : 6
voa = 2.9151193918e-03
ddc = -5.587636934e-07
dde = 5.4356725359e-07
Reset re-loads circuit * comparator-offset-mc @ sf_-40c_3.30v -- generated by sim/harness, do not edit

Circuit: * comparator-offset-mc @ sf_-40c_3.30v -- generated by sim/harness, do not edit

Doing analysis at TEMP = -40.000000 and TNOM = 27.000000

Using SPARSE 1.3 as Direct Linear Solver

No. of Data Rows : 6
voa = 1.1136175148e-03
ddc = -2.124021732e-07
dde = 2.0455943990e-07
Reset re-loads circuit * comparator-offset-mc @ sf_-40c_3.30v -- generated by sim/harness, do not edit

Circuit: * comparator-offset-mc @ sf_-40c_3.30v -- generated by sim/harness, do not edit

Doing analysis at TEMP = -40.000000 and TNOM = 27.000000

Using SPARSE 1.3 as Direct Linear Solver

No. of Data Rows : 6
voa = 8.8868172459e-05
ddc = -1.539962968e-08
dde = 1.5789746572e-08
Reset re-loads circuit * comparator-offset-mc @ sf_-40c_3.30v -- generated by sim/harness, do not edit

Circuit: * comparator-offset-mc @ sf_-40c_3.30v -- generated by sim/harness, do not edit

Doing analysis at TEMP = -40.000000 and TNOM = 27.000000

Using SPARSE 1.3 as Direct Linear Solver

No. of Data Rows : 6
voa = -3.064067828e-04
ddc = 5.4592516965e-08
dde = -5.478009738e-08
Reset re-loads circuit * comparator-offset-mc @ sf_-40c_3.30v -- generated by sim/harness, do not edit

Circuit: * comparator-offset-mc @ sf_-40c_3.30v -- generated by sim/harness, do not edit

Doing analysis at TEMP = -40.000000 and TNOM = 27.000000

Using SPARSE 1.3 as Direct Linear Solver

No. of Data Rows : 6
voa = -3.030431968e-03
ddc = 5.6646281118e-07
dde = -5.544309878e-07
Reset re-loads circuit * comparator-offset-mc @ sf_-40c_3.30v -- generated by sim/harness, do not edit

Circuit: * comparator-offset-mc @ sf_-40c_3.30v -- generated by sim/harness, do not edit

Doing analysis at TEMP = -40.000000 and TNOM = 27.000000

Using SPARSE 1.3 as Direct Linear Solver

No. of Data Rows : 6
voa = 1.5002136616e-05
ddc = -5.997006071e-09
dde = 3.8019968979e-09
Reset re-loads circuit * comparator-offset-mc @ sf_-40c_3.30v -- generated by sim/harness, do not edit

Circuit: * comparator-offset-mc @ sf_-40c_3.30v -- generated by sim/harness, do not edit

Doing analysis at TEMP = -40.000000 and TNOM = 27.000000

Using SPARSE 1.3 as Direct Linear Solver

No. of Data Rows : 6
voa = -4.858150149e-04
ddc = 8.0944417679e-08
dde = -8.559203328e-08
Reset re-loads circuit * comparator-offset-mc @ sf_-40c_3.30v -- generated by sim/harness, do not edit

Circuit: * comparator-offset-mc @ sf_-40c_3.30v -- generated by sim/harness, do not edit

Doing analysis at TEMP = -40.000000 and TNOM = 27.000000

Using SPARSE 1.3 as Direct Linear Solver

No. of Data Rows : 6
voa = -1.661428917e-03
ddc = 3.1122320014e-07
dde = -3.034000650e-07
Reset re-loads circuit * comparator-offset-mc @ sf_-40c_3.30v -- generated by sim/harness, do not edit

Circuit: * comparator-offset-mc @ sf_-40c_3.30v -- generated by sim/harness, do not edit

Doing analysis at TEMP = -40.000000 and TNOM = 27.000000

Using SPARSE 1.3 as Direct Linear Solver

No. of Data Rows : 6
voa = 2.1639994953e-03
ddc = -3.936471125e-07
dde = 3.9156717418e-07
Reset re-loads circuit * comparator-offset-mc @ sf_-40c_3.30v -- generated by sim/harness, do not edit

Circuit: * comparator-offset-mc @ sf_-40c_3.30v -- generated by sim/harness, do not edit

Doing analysis at TEMP = -40.000000 and TNOM = 27.000000

Using SPARSE 1.3 as Direct Linear Solver

No. of Data Rows : 6
voa = -1.150586464e-04
ddc = 2.5336305852e-08
dde = -2.197679934e-08
Reset re-loads circuit * comparator-offset-mc @ sf_-40c_3.30v -- generated by sim/harness, do not edit

Circuit: * comparator-offset-mc @ sf_-40c_3.30v -- generated by sim/harness, do not edit

Doing analysis at TEMP = -40.000000 and TNOM = 27.000000

Using SPARSE 1.3 as Direct Linear Solver

No. of Data Rows : 6
voa = 5.1959388687e-04
ddc = -1.140653809e-07
dde = 1.0022500356e-07
Reset re-loads circuit * comparator-offset-mc @ sf_-40c_3.30v -- generated by sim/harness, do not edit

Circuit: * comparator-offset-mc @ sf_-40c_3.30v -- generated by sim/harness, do not edit

Doing analysis at TEMP = -40.000000 and TNOM = 27.000000

Using SPARSE 1.3 as Direct Linear Solver

No. of Data Rows : 6
voa = -9.696572771e-04
ddc = 1.7570270179e-07
dde = -1.751414087e-07
Reset re-loads circuit * comparator-offset-mc @ sf_-40c_3.30v -- generated by sim/harness, do not edit

Circuit: * comparator-offset-mc @ sf_-40c_3.30v -- generated by sim/harness, do not edit

Doing analysis at TEMP = -40.000000 and TNOM = 27.000000

Using SPARSE 1.3 as Direct Linear Solver

No. of Data Rows : 6
voa = -4.152964781e-04
ddc = 9.4177657997e-08
dde = -8.132523438e-08
Reset re-loads circuit * comparator-offset-mc @ sf_-40c_3.30v -- generated by sim/harness, do not edit

Circuit: * comparator-offset-mc @ sf_-40c_3.30v -- generated by sim/harness, do not edit

Doing analysis at TEMP = -40.000000 and TNOM = 27.000000

Using SPARSE 1.3 as Direct Linear Solver

No. of Data Rows : 6
voa = 1.4552720137e-03
ddc = -2.714531145e-07
dde = 2.6614012447e-07
Reset re-loads circuit * comparator-offset-mc @ sf_-40c_3.30v -- generated by sim/harness, do not edit

Circuit: * comparator-offset-mc @ sf_-40c_3.30v -- generated by sim/harness, do not edit

Doing analysis at TEMP = -40.000000 and TNOM = 27.000000

Using SPARSE 1.3 as Direct Linear Solver

No. of Data Rows : 6
voa = -2.263918064e-04
ddc = 4.3706841401e-08
dde = -4.190258215e-08
Reset re-loads circuit * comparator-offset-mc @ sf_-40c_3.30v -- generated by sim/harness, do not edit

Circuit: * comparator-offset-mc @ sf_-40c_3.30v -- generated by sim/harness, do not edit

Doing analysis at TEMP = -40.000000 and TNOM = 27.000000

Using SPARSE 1.3 as Direct Linear Solver

No. of Data Rows : 6
voa = 1.2272036736e-05
ddc = 1.1294774910e-08
dde = -2.617285228e-09
Reset re-loads circuit * comparator-offset-mc @ sf_-40c_3.30v -- generated by sim/harness, do not edit

Circuit: * comparator-offset-mc @ sf_-40c_3.30v -- generated by sim/harness, do not edit

Doing analysis at TEMP = -40.000000 and TNOM = 27.000000

Using SPARSE 1.3 as Direct Linear Solver

No. of Data Rows : 6
voa = 5.5270004667e-04
ddc = -9.853242455e-08
dde = 9.8401128234e-08
Reset re-loads circuit * comparator-offset-mc @ sf_-40c_3.30v -- generated by sim/harness, do not edit

Circuit: * comparator-offset-mc @ sf_-40c_3.30v -- generated by sim/harness, do not edit

Doing analysis at TEMP = -40.000000 and TNOM = 27.000000

Using SPARSE 1.3 as Direct Linear Solver

No. of Data Rows : 6
voa = -2.146536516e-03
ddc = 3.9520674117e-07
dde = -3.893979025e-07
Reset re-loads circuit * comparator-offset-mc @ sf_-40c_3.30v -- generated by sim/harness, do not edit

Circuit: * comparator-offset-mc @ sf_-40c_3.30v -- generated by sim/harness, do not edit

Doing analysis at TEMP = -40.000000 and TNOM = 27.000000

Using SPARSE 1.3 as Direct Linear Solver

No. of Data Rows : 6
voa = -1.572323805e-03
ddc = 2.9441264850e-07
dde = -2.859948638e-07
Reset re-loads circuit * comparator-offset-mc @ sf_-40c_3.30v -- generated by sim/harness, do not edit

Circuit: * comparator-offset-mc @ sf_-40c_3.30v -- generated by sim/harness, do not edit

Doing analysis at TEMP = -40.000000 and TNOM = 27.000000

Using SPARSE 1.3 as Direct Linear Solver

No. of Data Rows : 6
voa = -5.562607177e-04
ddc = 9.1624962402e-08
dde = -9.698239593e-08
Reset re-loads circuit * comparator-offset-mc @ sf_-40c_3.30v -- generated by sim/harness, do not edit

Circuit: * comparator-offset-mc @ sf_-40c_3.30v -- generated by sim/harness, do not edit

Doing analysis at TEMP = -40.000000 and TNOM = 27.000000

Using SPARSE 1.3 as Direct Linear Solver

No. of Data Rows : 6
voa = -3.981874667e-03
ddc = 7.3305584848e-07
dde = -7.181177146e-07
Reset re-loads circuit * comparator-offset-mc @ sf_-40c_3.30v -- generated by sim/harness, do not edit

Circuit: * comparator-offset-mc @ sf_-40c_3.30v -- generated by sim/harness, do not edit

Doing analysis at TEMP = -40.000000 and TNOM = 27.000000

Using SPARSE 1.3 as Direct Linear Solver

No. of Data Rows : 6
voa = -1.115095963e-03
ddc = 2.1245434526e-07
dde = -2.036127362e-07
Reset re-loads circuit * comparator-offset-mc @ sf_-40c_3.30v -- generated by sim/harness, do not edit

Circuit: * comparator-offset-mc @ sf_-40c_3.30v -- generated by sim/harness, do not edit

Doing analysis at TEMP = -40.000000 and TNOM = 27.000000

Using SPARSE 1.3 as Direct Linear Solver

No. of Data Rows : 6
voa = 1.4982802139e-04
ddc = -1.700449093e-08
dde = 2.3664534130e-08
Reset re-loads circuit * comparator-offset-mc @ sf_-40c_3.30v -- generated by sim/harness, do not edit

Circuit: * comparator-offset-mc @ sf_-40c_3.30v -- generated by sim/harness, do not edit

Doing analysis at TEMP = -40.000000 and TNOM = 27.000000

Using SPARSE 1.3 as Direct Linear Solver

No. of Data Rows : 6
voa = 8.1508792730e-04
ddc = -1.467827986e-07
dde = 1.4715933353e-07
Reset re-loads circuit * comparator-offset-mc @ sf_-40c_3.30v -- generated by sim/harness, do not edit

Circuit: * comparator-offset-mc @ sf_-40c_3.30v -- generated by sim/harness, do not edit

Doing analysis at TEMP = -40.000000 and TNOM = 27.000000

Using SPARSE 1.3 as Direct Linear Solver

No. of Data Rows : 6
voa = -2.655612752e-04
ddc = 3.8709752091e-08
dde = -4.481840779e-08
Reset re-loads circuit * comparator-offset-mc @ sf_-40c_3.30v -- generated by sim/harness, do not edit

Circuit: * comparator-offset-mc @ sf_-40c_3.30v -- generated by sim/harness, do not edit

Doing analysis at TEMP = -40.000000 and TNOM = 27.000000

Using SPARSE 1.3 as Direct Linear Solver

No. of Data Rows : 6
voa = -1.483564066e-03
ddc = 2.8281458749e-07
dde = -2.737284913e-07
Reset re-loads circuit * comparator-offset-mc @ sf_-40c_3.30v -- generated by sim/harness, do not edit

Circuit: * comparator-offset-mc @ sf_-40c_3.30v -- generated by sim/harness, do not edit

Doing analysis at TEMP = -40.000000 and TNOM = 27.000000

Using SPARSE 1.3 as Direct Linear Solver

No. of Data Rows : 6
voa = 7.0841986531e-04
ddc = -1.227560379e-07
dde = 1.2616840941e-07
Reset re-loads circuit * comparator-offset-mc @ sf_-40c_3.30v -- generated by sim/harness, do not edit

Circuit: * comparator-offset-mc @ sf_-40c_3.30v -- generated by sim/harness, do not edit

Doing analysis at TEMP = -40.000000 and TNOM = 27.000000

Using SPARSE 1.3 as Direct Linear Solver
 Reference value :  0.00000e+00
No. of Data Rows : 6
voa = -2.199760602e-03
ddc = 4.4000992117e-07
dde = -4.103313186e-07
Reset re-loads circuit * comparator-offset-mc @ sf_-40c_3.30v -- generated by sim/harness, do not edit

Circuit: * comparator-offset-mc @ sf_-40c_3.30v -- generated by sim/harness, do not edit

Doing analysis at TEMP = -40.000000 and TNOM = 27.000000

Using SPARSE 1.3 as Direct Linear Solver

No. of Data Rows : 6
voa = -2.745993388e-03
ddc = 5.2695573324e-07
dde = -5.036892094e-07
Reset re-loads circuit * comparator-offset-mc @ sf_-40c_3.30v -- generated by sim/harness, do not edit

Circuit: * comparator-offset-mc @ sf_-40c_3.30v -- generated by sim/harness, do not edit

Doing analysis at TEMP = -40.000000 and TNOM = 27.000000

Using SPARSE 1.3 as Direct Linear Solver

No. of Data Rows : 6
voa = 2.7239608265e-03
ddc = -5.304851474e-07
dde = 5.0787040586e-07
Reset re-loads circuit * comparator-offset-mc @ sf_-40c_3.30v -- generated by sim/harness, do not edit

Circuit: * comparator-offset-mc @ sf_-40c_3.30v -- generated by sim/harness, do not edit

Doing analysis at TEMP = -40.000000 and TNOM = 27.000000

Using SPARSE 1.3 as Direct Linear Solver

No. of Data Rows : 6
voa = 3.8179732284e-05
ddc = -8.269819845e-09
dde = 7.4035328007e-09
Reset re-loads circuit * comparator-offset-mc @ sf_-40c_3.30v -- generated by sim/harness, do not edit

Circuit: * comparator-offset-mc @ sf_-40c_3.30v -- generated by sim/harness, do not edit

Doing analysis at TEMP = -40.000000 and TNOM = 27.000000

Using SPARSE 1.3 as Direct Linear Solver

No. of Data Rows : 6
voa = -1.081996932e-03
ddc = 1.9313283503e-07
dde = -1.943892841e-07
Reset re-loads circuit * comparator-offset-mc @ sf_-40c_3.30v -- generated by sim/harness, do not edit

Circuit: * comparator-offset-mc @ sf_-40c_3.30v -- generated by sim/harness, do not edit

Doing analysis at TEMP = -40.000000 and TNOM = 27.000000

Using SPARSE 1.3 as Direct Linear Solver

No. of Data Rows : 6
voa = -6.937574022e-04
ddc = 1.3842015188e-07
dde = -1.290810858e-07
Reset re-loads circuit * comparator-offset-mc @ sf_-40c_3.30v -- generated by sim/harness, do not edit

Circuit: * comparator-offset-mc @ sf_-40c_3.30v -- generated by sim/harness, do not edit

Doing analysis at TEMP = -40.000000 and TNOM = 27.000000

Using SPARSE 1.3 as Direct Linear Solver

No. of Data Rows : 6
voa = -1.841844218e-03
ddc = 3.4737312581e-07
dde = -3.395817354e-07
Reset re-loads circuit * comparator-offset-mc @ sf_-40c_3.30v -- generated by sim/harness, do not edit

Circuit: * comparator-offset-mc @ sf_-40c_3.30v -- generated by sim/harness, do not edit

Doing analysis at TEMP = -40.000000 and TNOM = 27.000000

Using SPARSE 1.3 as Direct Linear Solver

No. of Data Rows : 6
voa = -7.710660622e-04
ddc = 1.4421403484e-07
dde = -1.386881720e-07
m_n_samples = 2.0000000000e+02
m_sig_vos_mv = 1.6352417371e+00
m_vos_3sig_mv = 4.9057252113e+00
m_mean_vos_uv = -5.617053135e+01
m_mean_vos_sem = -4.857821656e-01
m_sig_dvos_dn_uv = 3.0651538530e-01
m_sig_dvos_up_uv = 2.9825527583e-01
m_mean_dvos_dn_uv = 1.0188282804e-02
m_mean_dvos_up_uv = -1.010517127e-02
m_av_mean = 1.1256223527e+01
m_av_sigma_pct = 2.9385442512e+00
m_sig_rpair_uv = 0.0000000000e+00
m_vbias_anchor_mv = 8.9885087812e+02
Note: Simulation executed from .control section 

