
Note: No compatibility mode selected!


Circuit: * comparator-offset-mc @ sf_125c_3.63v -- generated by sim/harness, do not edit

Reset re-loads circuit * comparator-offset-mc @ sf_125c_3.63v -- generated by sim/harness, do not edit

Circuit: * comparator-offset-mc @ sf_125c_3.63v -- generated by sim/harness, do not edit

Doing analysis at TEMP = 125.000000 and TNOM = 27.000000

Using SPARSE 1.3 as Direct Linear Solver

No. of Data Rows : 6
voa = 1.4410714452e-03
ddc = -2.782656769e-07
dde = 2.7052581816e-07
Reset re-loads circuit * comparator-offset-mc @ sf_125c_3.63v -- generated by sim/harness, do not edit

Circuit: * comparator-offset-mc @ sf_125c_3.63v -- generated by sim/harness, do not edit

Doing analysis at TEMP = 125.000000 and TNOM = 27.000000

Using SPARSE 1.3 as Direct Linear Solver

No. of Data Rows : 6
voa = 1.4402084617e-03
ddc = -1.033229327e-07
dde = 1.0013823257e-07
Reset re-loads circuit * comparator-offset-mc @ sf_125c_3.63v -- generated by sim/harness, do not edit

Circuit: * comparator-offset-mc @ sf_125c_3.63v -- generated by sim/harness, do not edit

Doing analysis at TEMP = 125.000000 and TNOM = 27.000000

Using SPARSE 1.3 as Direct Linear Solver

No. of Data Rows : 6
voa = -1.019736331e-03
ddc = 5.6074621400e-08
dde = -5.453801327e-08
Reset re-loads circuit * comparator-offset-mc @ sf_125c_3.63v -- generated by sim/harness, do not edit

Circuit: * comparator-offset-mc @ sf_125c_3.63v -- generated by sim/harness, do not edit

Doing analysis at TEMP = 125.000000 and TNOM = 27.000000

Using SPARSE 1.3 as Direct Linear Solver

No. of Data Rows : 6
voa = 2.7622314330e-04
ddc = -4.198068643e-08
dde = 4.0894194572e-08
Reset re-loads circuit * comparator-offset-mc @ sf_125c_3.63v -- generated by sim/harness, do not edit

Circuit: * comparator-offset-mc @ sf_125c_3.63v -- generated by sim/harness, do not edit

Doing analysis at TEMP = 125.000000 and TNOM = 27.000000

Using SPARSE 1.3 as Direct Linear Solver

No. of Data Rows : 6
voa = -4.300121095e-04
ddc = 4.3389969105e-08
dde = -4.217071575e-08
Reset re-loads circuit * comparator-offset-mc @ sf_125c_3.63v -- generated by sim/harness, do not edit

Circuit: * comparator-offset-mc @ sf_125c_3.63v -- generated by sim/harness, do not edit

Doing analysis at TEMP = 125.000000 and TNOM = 27.000000

Using SPARSE 1.3 as Direct Linear Solver

No. of Data Rows : 6
voa = 1.8642721819e-03
ddc = -1.103802921e-07
dde = 1.0663190766e-07
Reset re-loads circuit * comparator-offset-mc @ sf_125c_3.63v -- generated by sim/harness, do not edit

Circuit: * comparator-offset-mc @ sf_125c_3.63v -- generated by sim/harness, do not edit

Doing analysis at TEMP = 125.000000 and TNOM = 27.000000

Using SPARSE 1.3 as Direct Linear Solver

No. of Data Rows : 6
voa = 1.8767781605e-03
ddc = -1.386246211e-07
dde = 1.3417339302e-07
Reset re-loads circuit * comparator-offset-mc @ sf_125c_3.63v -- generated by sim/harness, do not edit

Circuit: * comparator-offset-mc @ sf_125c_3.63v -- generated by sim/harness, do not edit

Doing analysis at TEMP = 125.000000 and TNOM = 27.000000

Using SPARSE 1.3 as Direct Linear Solver

No. of Data Rows : 6
voa = -1.360173093e-04
ddc = 5.6440527434e-08
dde = -5.495698458e-08
Reset re-loads circuit * comparator-offset-mc @ sf_125c_3.63v -- generated by sim/harness, do not edit

Circuit: * comparator-offset-mc @ sf_125c_3.63v -- generated by sim/harness, do not edit

Doing analysis at TEMP = 125.000000 and TNOM = 27.000000

Using SPARSE 1.3 as Direct Linear Solver

No. of Data Rows : 6
voa = 1.3102521868e-03
ddc = 2.6780840994e-08
dde = -2.642321111e-08
Reset re-loads circuit * comparator-offset-mc @ sf_125c_3.63v -- generated by sim/harness, do not edit

Circuit: * comparator-offset-mc @ sf_125c_3.63v -- generated by sim/harness, do not edit

Doing analysis at TEMP = 125.000000 and TNOM = 27.000000

Using SPARSE 1.3 as Direct Linear Solver

No. of Data Rows : 6
voa = -7.287213791e-04
ddc = -5.458298956e-08
dde = 5.3309806996e-08
Reset re-loads circuit * comparator-offset-mc @ sf_125c_3.63v -- generated by sim/harness, do not edit

Circuit: * comparator-offset-mc @ sf_125c_3.63v -- generated by sim/harness, do not edit

Doing analysis at TEMP = 125.000000 and TNOM = 27.000000

Using SPARSE 1.3 as Direct Linear Solver

No. of Data Rows : 6
voa = -3.542415999e-03
ddc = 3.7668112169e-07
dde = -3.676710619e-07
Reset re-loads circuit * comparator-offset-mc @ sf_125c_3.63v -- generated by sim/harness, do not edit

Circuit: * comparator-offset-mc @ sf_125c_3.63v -- generated by sim/harness, do not edit

Doing analysis at TEMP = 125.000000 and TNOM = 27.000000

Using SPARSE 1.3 as Direct Linear Solver

No. of Data Rows : 6
voa = -6.849133455e-04
ddc = 1.3786029607e-07
dde = -1.341913448e-07
Reset re-loads circuit * comparator-offset-mc @ sf_125c_3.63v -- generated by sim/harness, do not edit

Circuit: * comparator-offset-mc @ sf_125c_3.63v -- generated by sim/harness, do not edit

Doing analysis at TEMP = 125.000000 and TNOM = 27.000000

Using SPARSE 1.3 as Direct Linear Solver

No. of Data Rows : 6
voa = -5.658516602e-04
ddc = 1.0215471762e-07
dde = -9.952858360e-08
Reset re-loads circuit * comparator-offset-mc @ sf_125c_3.63v -- generated by sim/harness, do not edit

Circuit: * comparator-offset-mc @ sf_125c_3.63v -- generated by sim/harness, do not edit

Doing analysis at TEMP = 125.000000 and TNOM = 27.000000

Using SPARSE 1.3 as Direct Linear Solver

No. of Data Rows : 6
voa = -3.352407757e-04
ddc = 4.5356619354e-08
dde = -4.424309072e-08
Reset re-loads circuit * comparator-offset-mc @ sf_125c_3.63v -- generated by sim/harness, do not edit

Circuit: * comparator-offset-mc @ sf_125c_3.63v -- generated by sim/harness, do not edit

Doing analysis at TEMP = 125.000000 and TNOM = 27.000000

Using SPARSE 1.3 as Direct Linear Solver

No. of Data Rows : 6
voa = 3.3683784276e-03
ddc = -5.652501719e-07
dde = 5.4859550974e-07
Reset re-loads circuit * comparator-offset-mc @ sf_125c_3.63v -- generated by sim/harness, do not edit

Circuit: * comparator-offset-mc @ sf_125c_3.63v -- generated by sim/harness, do not edit

Doing analysis at TEMP = 125.000000 and TNOM = 27.000000

Using SPARSE 1.3 as Direct Linear Solver

No. of Data Rows : 6
voa = -5.722048884e-04
ddc = 1.0964137194e-07
dde = -1.065944290e-07
Reset re-loads circuit * comparator-offset-mc @ sf_125c_3.63v -- generated by sim/harness, do not edit

Circuit: * comparator-offset-mc @ sf_125c_3.63v -- generated by sim/harness, do not edit

Doing analysis at TEMP = 125.000000 and TNOM = 27.000000

Using SPARSE 1.3 as Direct Linear Solver

No. of Data Rows : 6
voa = -1.288096219e-03
ddc = 2.2775887280e-07
dde = -2.219959300e-07
Reset re-loads circuit * comparator-offset-mc @ sf_125c_3.63v -- generated by sim/harness, do not edit

Circuit: * comparator-offset-mc @ sf_125c_3.63v -- generated by sim/harness, do not edit

Doing analysis at TEMP = 125.000000 and TNOM = 27.000000

Using SPARSE 1.3 as Direct Linear Solver

No. of Data Rows : 6
voa = 5.1613436656e-04
ddc = -8.810813902e-08
dde = 8.5788069113e-08
Reset re-loads circuit * comparator-offset-mc @ sf_125c_3.63v -- generated by sim/harness, do not edit

Circuit: * comparator-offset-mc @ sf_125c_3.63v -- generated by sim/harness, do not edit

Doing analysis at TEMP = 125.000000 and TNOM = 27.000000

Using SPARSE 1.3 as Direct Linear Solver

No. of Data Rows : 6
voa = -1.779158253e-03
ddc = 2.7886098438e-07
dde = -2.719169796e-07
Reset re-loads circuit * comparator-offset-mc @ sf_125c_3.63v -- generated by sim/harness, do not edit

Circuit: * comparator-offset-mc @ sf_125c_3.63v -- generated by sim/harness, do not edit

Doing analysis at TEMP = 125.000000 and TNOM = 27.000000

Using SPARSE 1.3 as Direct Linear Solver

No. of Data Rows : 6
voa = -1.472423423e-03
ddc = 1.2998047875e-07
dde = -1.265868399e-07
Reset re-loads circuit * comparator-offset-mc @ sf_125c_3.63v -- generated by sim/harness, do not edit

Circuit: * comparator-offset-mc @ sf_125c_3.63v -- generated by sim/harness, do not edit

Doing analysis at TEMP = 125.000000 and TNOM = 27.000000

Using SPARSE 1.3 as Direct Linear Solver

No. of Data Rows : 6
voa = -2.224026831e-03
ddc = 1.0809038220e-07
dde = -1.052650753e-07
Reset re-loads circuit * comparator-offset-mc @ sf_125c_3.63v -- generated by sim/harness, do not edit

Circuit: * comparator-offset-mc @ sf_125c_3.63v -- generated by sim/harness, do not edit

Doing analysis at TEMP = 125.000000 and TNOM = 27.000000

Using SPARSE 1.3 as Direct Linear Solver

No. of Data Rows : 6
voa = -1.547459666e-03
ddc = 1.6297174705e-07
dde = -1.587989193e-07
Reset re-loads circuit * comparator-offset-mc @ sf_125c_3.63v -- generated by sim/harness, do not edit

Circuit: * comparator-offset-mc @ sf_125c_3.63v -- generated by sim/harness, do not edit

Doing analysis at TEMP = 125.000000 and TNOM = 27.000000

Using SPARSE 1.3 as Direct Linear Solver

No. of Data Rows : 6
voa = 1.5515137101e-03
ddc = 4.6405634394e-09
dde = -5.205182288e-09
Reset re-loads circuit * comparator-offset-mc @ sf_125c_3.63v -- generated by sim/harness, do not edit

Circuit: * comparator-offset-mc @ sf_125c_3.63v -- generated by sim/harness, do not edit

Doing analysis at TEMP = 125.000000 and TNOM = 27.000000

Using SPARSE 1.3 as Direct Linear Solver

No. of Data Rows : 6
voa = 1.0057445256e-03
ddc = -1.470565764e-07
dde = 1.4317310587e-07
Reset re-loads circuit * comparator-offset-mc @ sf_125c_3.63v -- generated by sim/harness, do not edit

Circuit: * comparator-offset-mc @ sf_125c_3.63v -- generated by sim/harness, do not edit

Doing analysis at TEMP = 125.000000 and TNOM = 27.000000

Using SPARSE 1.3 as Direct Linear Solver

No. of Data Rows : 6
voa = -1.426341315e-03
ddc = 1.9129709509e-07
dde = -1.862448735e-07
Reset re-loads circuit * comparator-offset-mc @ sf_125c_3.63v -- generated by sim/harness, do not edit

Circuit: * comparator-offset-mc @ sf_125c_3.63v -- generated by sim/harness, do not edit

Doing analysis at TEMP = 125.000000 and TNOM = 27.000000

Using SPARSE 1.3 as Direct Linear Solver

No. of Data Rows : 6
voa = 8.7277603133e-04
ddc = 1.0770509339e-08
dde = -1.102468504e-08
Reset re-loads circuit * comparator-offset-mc @ sf_125c_3.63v -- generated by sim/harness, do not edit

Circuit: * comparator-offset-mc @ sf_125c_3.63v -- generated by sim/harness, do not edit

Doing analysis at TEMP = 125.000000 and TNOM = 27.000000

Using SPARSE 1.3 as Direct Linear Solver

No. of Data Rows : 6
voa = 9.7716807466e-04
ddc = 7.7356089284e-08
dde = -7.558009979e-08
Reset re-loads circuit * comparator-offset-mc @ sf_125c_3.63v -- generated by sim/harness, do not edit

Circuit: * comparator-offset-mc @ sf_125c_3.63v -- generated by sim/harness, do not edit

Doing analysis at TEMP = 125.000000 and TNOM = 27.000000

Using SPARSE 1.3 as Direct Linear Solver

No. of Data Rows : 6
voa = 2.4260808334e-03
ddc = -9.137755953e-08
dde = 8.7785183627e-08
Reset re-loads circuit * comparator-offset-mc @ sf_125c_3.63v -- generated by sim/harness, do not edit

Circuit: * comparator-offset-mc @ sf_125c_3.63v -- generated by sim/harness, do not edit

Doing analysis at TEMP = 125.000000 and TNOM = 27.000000

Using SPARSE 1.3 as Direct Linear Solver

No. of Data Rows : 6
voa = 1.7758601771e-03
ddc = -1.472296203e-07
dde = 1.4251252810e-07
Reset re-loads circuit * comparator-offset-mc @ sf_125c_3.63v -- generated by sim/harness, do not edit

Circuit: * comparator-offset-mc @ sf_125c_3.63v -- generated by sim/harness, do not edit

Doing analysis at TEMP = 125.000000 and TNOM = 27.000000

Using SPARSE 1.3 as Direct Linear Solver

No. of Data Rows : 6
voa = 2.5628513366e-04
ddc = -9.506884701e-08
dde = 9.2700693702e-08
Reset re-loads circuit * comparator-offset-mc @ sf_125c_3.63v -- generated by sim/harness, do not edit

Circuit: * comparator-offset-mc @ sf_125c_3.63v -- generated by sim/harness, do not edit

Doing analysis at TEMP = 125.000000 and TNOM = 27.000000

Using SPARSE 1.3 as Direct Linear Solver

No. of Data Rows : 6
voa = 1.7968450581e-03
ddc = -1.710981784e-07
dde = 1.6588523067e-07
Reset re-loads circuit * comparator-offset-mc @ sf_125c_3.63v -- generated by sim/harness, do not edit

Circuit: * comparator-offset-mc @ sf_125c_3.63v -- generated by sim/harness, do not edit

Doing analysis at TEMP = 125.000000 and TNOM = 27.000000

Using SPARSE 1.3 as Direct Linear Solver

No. of Data Rows : 6
voa = -1.105376427e-03
ddc = 1.6230172208e-07
dde = -1.578300859e-07
Reset re-loads circuit * comparator-offset-mc @ sf_125c_3.63v -- generated by sim/harness, do not edit

Circuit: * comparator-offset-mc @ sf_125c_3.63v -- generated by sim/harness, do not edit

Doing analysis at TEMP = 125.000000 and TNOM = 27.000000

Using SPARSE 1.3 as Direct Linear Solver

No. of Data Rows : 6
voa = 8.3903650532e-04
ddc = -2.806980521e-07
dde = 2.7289158641e-07
Reset re-loads circuit * comparator-offset-mc @ sf_125c_3.63v -- generated by sim/harness, do not edit

Circuit: * comparator-offset-mc @ sf_125c_3.63v -- generated by sim/harness, do not edit

Doing analysis at TEMP = 125.000000 and TNOM = 27.000000

Using SPARSE 1.3 as Direct Linear Solver

No. of Data Rows : 6
voa = 1.5479969381e-03
ddc = -1.108363120e-07
dde = 1.0748516445e-07
Reset re-loads circuit * comparator-offset-mc @ sf_125c_3.63v -- generated by sim/harness, do not edit

Circuit: * comparator-offset-mc @ sf_125c_3.63v -- generated by sim/harness, do not edit

Doing analysis at TEMP = 125.000000 and TNOM = 27.000000

Using SPARSE 1.3 as Direct Linear Solver

No. of Data Rows : 6
voa = -1.924052410e-03
ddc = 1.2239295337e-07
dde = -1.191118817e-07
Reset re-loads circuit * comparator-offset-mc @ sf_125c_3.63v -- generated by sim/harness, do not edit

Circuit: * comparator-offset-mc @ sf_125c_3.63v -- generated by sim/harness, do not edit

Doing analysis at TEMP = 125.000000 and TNOM = 27.000000

Using SPARSE 1.3 as Direct Linear Solver

No. of Data Rows : 6
voa = -9.390936597e-05
ddc = 9.1633411835e-09
dde = -8.914071990e-09
Reset re-loads circuit * comparator-offset-mc @ sf_125c_3.63v -- generated by sim/harness, do not edit

Circuit: * comparator-offset-mc @ sf_125c_3.63v -- generated by sim/harness, do not edit

Doing analysis at TEMP = 125.000000 and TNOM = 27.000000

Using SPARSE 1.3 as Direct Linear Solver

No. of Data Rows : 6
voa = 1.6609133732e-03
ddc = -2.482008466e-07
dde = 2.4102645769e-07
Reset re-loads circuit * comparator-offset-mc @ sf_125c_3.63v -- generated by sim/harness, do not edit

Circuit: * comparator-offset-mc @ sf_125c_3.63v -- generated by sim/harness, do not edit

Doing analysis at TEMP = 125.000000 and TNOM = 27.000000

Using SPARSE 1.3 as Direct Linear Solver

No. of Data Rows : 6
voa = 7.2867927727e-04
ddc = -1.195315448e-07
dde = 1.1636311664e-07
Reset re-loads circuit * comparator-offset-mc @ sf_125c_3.63v -- generated by sim/harness, do not edit

Circuit: * comparator-offset-mc @ sf_125c_3.63v -- generated by sim/harness, do not edit

Doing analysis at TEMP = 125.000000 and TNOM = 27.000000

Using SPARSE 1.3 as Direct Linear Solver

No. of Data Rows : 6
voa = 1.9407993987e-03
ddc = 9.6051617051e-09
dde = -1.017344552e-08
Reset re-loads circuit * comparator-offset-mc @ sf_125c_3.63v -- generated by sim/harness, do not edit

Circuit: * comparator-offset-mc @ sf_125c_3.63v -- generated by sim/harness, do not edit

Doing analysis at TEMP = 125.000000 and TNOM = 27.000000

Using SPARSE 1.3 as Direct Linear Solver

No. of Data Rows : 6
voa = 1.3053910567e-04
ddc = 3.8243153712e-08
dde = -3.728706226e-08
Reset re-loads circuit * comparator-offset-mc @ sf_125c_3.63v -- generated by sim/harness, do not edit

Circuit: * comparator-offset-mc @ sf_125c_3.63v -- generated by sim/harness, do not edit

Doing analysis at TEMP = 125.000000 and TNOM = 27.000000

Using SPARSE 1.3 as Direct Linear Solver

No. of Data Rows : 6
voa = 2.4782273666e-03
ddc = -2.562499363e-07
dde = 2.4853142029e-07
Reset re-loads circuit * comparator-offset-mc @ sf_125c_3.63v -- generated by sim/harness, do not edit

Circuit: * comparator-offset-mc @ sf_125c_3.63v -- generated by sim/harness, do not edit

Doing analysis at TEMP = 125.000000 and TNOM = 27.000000

Using SPARSE 1.3 as Direct Linear Solver

No. of Data Rows : 6
voa = 1.7187653335e-03
ddc = -2.225335390e-07
dde = 2.1623816118e-07
Reset re-loads circuit * comparator-offset-mc @ sf_125c_3.63v -- generated by sim/harness, do not edit

Circuit: * comparator-offset-mc @ sf_125c_3.63v -- generated by sim/harness, do not edit

Doing analysis at TEMP = 125.000000 and TNOM = 27.000000

Using SPARSE 1.3 as Direct Linear Solver
 Reference value :  0.00000e+00
No. of Data Rows : 6
voa = 1.5227095206e-03
ddc = -9.363574211e-08
dde = 9.0678966826e-08
Reset re-loads circuit * comparator-offset-mc @ sf_125c_3.63v -- generated by sim/harness, do not edit

Circuit: * comparator-offset-mc @ sf_125c_3.63v -- generated by sim/harness, do not edit

Doing analysis at TEMP = 125.000000 and TNOM = 27.000000

Using SPARSE 1.3 as Direct Linear Solver

No. of Data Rows : 6
voa = -1.263926247e-03
ddc = -1.117050035e-08
dde = 1.0898050574e-08
Reset re-loads circuit * comparator-offset-mc @ sf_125c_3.63v -- generated by sim/harness, do not edit

Circuit: * comparator-offset-mc @ sf_125c_3.63v -- generated by sim/harness, do not edit

Doing analysis at TEMP = 125.000000 and TNOM = 27.000000

Using SPARSE 1.3 as Direct Linear Solver

No. of Data Rows : 6
voa = 3.1394797232e-03
ddc = -2.108635636e-07
dde = 2.0274785452e-07
Reset re-loads circuit * comparator-offset-mc @ sf_125c_3.63v -- generated by sim/harness, do not edit

Circuit: * comparator-offset-mc @ sf_125c_3.63v -- generated by sim/harness, do not edit

Doing analysis at TEMP = 125.000000 and TNOM = 27.000000

Using SPARSE 1.3 as Direct Linear Solver

No. of Data Rows : 6
voa = -1.227873759e-04
ddc = 1.6920561314e-07
dde = -1.649462876e-07
Reset re-loads circuit * comparator-offset-mc @ sf_125c_3.63v -- generated by sim/harness, do not edit

Circuit: * comparator-offset-mc @ sf_125c_3.63v -- generated by sim/harness, do not edit

Doing analysis at TEMP = 125.000000 and TNOM = 27.000000

Using SPARSE 1.3 as Direct Linear Solver

No. of Data Rows : 6
voa = -2.580389428e-03
ddc = 1.4872741322e-07
dde = -1.451262801e-07
Reset re-loads circuit * comparator-offset-mc @ sf_125c_3.63v -- generated by sim/harness, do not edit

Circuit: * comparator-offset-mc @ sf_125c_3.63v -- generated by sim/harness, do not edit

Doing analysis at TEMP = 125.000000 and TNOM = 27.000000

Using SPARSE 1.3 as Direct Linear Solver

No. of Data Rows : 6
voa = 1.2781384870e-03
ddc = -5.084272000e-08
dde = 4.9115828884e-08
Reset re-loads circuit * comparator-offset-mc @ sf_125c_3.63v -- generated by sim/harness, do not edit

Circuit: * comparator-offset-mc @ sf_125c_3.63v -- generated by sim/harness, do not edit

Doing analysis at TEMP = 125.000000 and TNOM = 27.000000

Using SPARSE 1.3 as Direct Linear Solver

No. of Data Rows : 6
voa = 2.0818920709e-03
ddc = -2.622668762e-07
dde = 2.5528903105e-07
Reset re-loads circuit * comparator-offset-mc @ sf_125c_3.63v -- generated by sim/harness, do not edit

Circuit: * comparator-offset-mc @ sf_125c_3.63v -- generated by sim/harness, do not edit

Doing analysis at TEMP = 125.000000 and TNOM = 27.000000

Using SPARSE 1.3 as Direct Linear Solver

No. of Data Rows : 6
voa = 1.8019477509e-03
ddc = -1.760954670e-07
dde = 1.7100517766e-07
Reset re-loads circuit * comparator-offset-mc @ sf_125c_3.63v -- generated by sim/harness, do not edit

Circuit: * comparator-offset-mc @ sf_125c_3.63v -- generated by sim/harness, do not edit

Doing analysis at TEMP = 125.000000 and TNOM = 27.000000

Using SPARSE 1.3 as Direct Linear Solver

No. of Data Rows : 6
voa = -2.848590589e-03
ddc = 2.9651299717e-07
dde = -2.891593852e-07
Reset re-loads circuit * comparator-offset-mc @ sf_125c_3.63v -- generated by sim/harness, do not edit

Circuit: * comparator-offset-mc @ sf_125c_3.63v -- generated by sim/harness, do not edit

Doing analysis at TEMP = 125.000000 and TNOM = 27.000000

Using SPARSE 1.3 as Direct Linear Solver

No. of Data Rows : 6
voa = -4.375161474e-05
ddc = -2.442500473e-08
dde = 2.3953428291e-08
Reset re-loads circuit * comparator-offset-mc @ sf_125c_3.63v -- generated by sim/harness, do not edit

Circuit: * comparator-offset-mc @ sf_125c_3.63v -- generated by sim/harness, do not edit

Doing analysis at TEMP = 125.000000 and TNOM = 27.000000

Using SPARSE 1.3 as Direct Linear Solver

No. of Data Rows : 6
voa = -1.141359255e-03
ddc = 3.0564711425e-07
dde = -2.971534981e-07
Reset re-loads circuit * comparator-offset-mc @ sf_125c_3.63v -- generated by sim/harness, do not edit

Circuit: * comparator-offset-mc @ sf_125c_3.63v -- generated by sim/harness, do not edit

Doing analysis at TEMP = 125.000000 and TNOM = 27.000000

Using SPARSE 1.3 as Direct Linear Solver

No. of Data Rows : 6
voa = 2.2560930608e-03
ddc = -7.258248813e-08
dde = 6.9633822388e-08
Reset re-loads circuit * comparator-offset-mc @ sf_125c_3.63v -- generated by sim/harness, do not edit

Circuit: * comparator-offset-mc @ sf_125c_3.63v -- generated by sim/harness, do not edit

Doing analysis at TEMP = 125.000000 and TNOM = 27.000000

Using SPARSE 1.3 as Direct Linear Solver

No. of Data Rows : 6
voa = 2.1872616754e-03
ddc = -8.797136534e-08
dde = 8.4616310982e-08
Reset re-loads circuit * comparator-offset-mc @ sf_125c_3.63v -- generated by sim/harness, do not edit

Circuit: * comparator-offset-mc @ sf_125c_3.63v -- generated by sim/harness, do not edit

Doing analysis at TEMP = 125.000000 and TNOM = 27.000000

Using SPARSE 1.3 as Direct Linear Solver

No. of Data Rows : 6
voa = 2.5164583512e-03
ddc = -6.306825942e-08
dde = 6.0200968021e-08
Reset re-loads circuit * comparator-offset-mc @ sf_125c_3.63v -- generated by sim/harness, do not edit

Circuit: * comparator-offset-mc @ sf_125c_3.63v -- generated by sim/harness, do not edit

Doing analysis at TEMP = 125.000000 and TNOM = 27.000000

Using SPARSE 1.3 as Direct Linear Solver

No. of Data Rows : 6
voa = -1.463042377e-03
ddc = 3.1293617213e-08
dde = -3.029222926e-08
Reset re-loads circuit * comparator-offset-mc @ sf_125c_3.63v -- generated by sim/harness, do not edit

Circuit: * comparator-offset-mc @ sf_125c_3.63v -- generated by sim/harness, do not edit

Doing analysis at TEMP = 125.000000 and TNOM = 27.000000

Using SPARSE 1.3 as Direct Linear Solver

No. of Data Rows : 6
voa = -5.597716488e-04
ddc = -6.189075419e-08
dde = 6.0249721636e-08
Reset re-loads circuit * comparator-offset-mc @ sf_125c_3.63v -- generated by sim/harness, do not edit

Circuit: * comparator-offset-mc @ sf_125c_3.63v -- generated by sim/harness, do not edit

Doing analysis at TEMP = 125.000000 and TNOM = 27.000000

Using SPARSE 1.3 as Direct Linear Solver

No. of Data Rows : 6
voa = 1.2007690297e-03
ddc = -1.164916061e-07
dde = 1.1315489934e-07
Reset re-loads circuit * comparator-offset-mc @ sf_125c_3.63v -- generated by sim/harness, do not edit

Circuit: * comparator-offset-mc @ sf_125c_3.63v -- generated by sim/harness, do not edit

Doing analysis at TEMP = 125.000000 and TNOM = 27.000000

Using SPARSE 1.3 as Direct Linear Solver

No. of Data Rows : 6
voa = -2.117735085e-03
ddc = 2.7762993816e-07
dde = -2.704756108e-07
Reset re-loads circuit * comparator-offset-mc @ sf_125c_3.63v -- generated by sim/harness, do not edit

Circuit: * comparator-offset-mc @ sf_125c_3.63v -- generated by sim/harness, do not edit

Doing analysis at TEMP = 125.000000 and TNOM = 27.000000

Using SPARSE 1.3 as Direct Linear Solver

No. of Data Rows : 6
voa = -1.342797655e-03
ddc = 1.1274089363e-07
dde = -1.097779139e-07
Reset re-loads circuit * comparator-offset-mc @ sf_125c_3.63v -- generated by sim/harness, do not edit

Circuit: * comparator-offset-mc @ sf_125c_3.63v -- generated by sim/harness, do not edit

Doing analysis at TEMP = 125.000000 and TNOM = 27.000000

Using SPARSE 1.3 as Direct Linear Solver

No. of Data Rows : 6
voa = 1.0837548418e-03
ddc = 5.4664875525e-08
dde = -5.347554505e-08
Reset re-loads circuit * comparator-offset-mc @ sf_125c_3.63v -- generated by sim/harness, do not edit

Circuit: * comparator-offset-mc @ sf_125c_3.63v -- generated by sim/harness, do not edit

Doing analysis at TEMP = 125.000000 and TNOM = 27.000000

Using SPARSE 1.3 as Direct Linear Solver

No. of Data Rows : 6
voa = 2.7208463405e-03
ddc = -2.909890128e-07
dde = 2.8230665565e-07
Reset re-loads circuit * comparator-offset-mc @ sf_125c_3.63v -- generated by sim/harness, do not edit

Circuit: * comparator-offset-mc @ sf_125c_3.63v -- generated by sim/harness, do not edit

Doing analysis at TEMP = 125.000000 and TNOM = 27.000000

Using SPARSE 1.3 as Direct Linear Solver

No. of Data Rows : 6
voa = -2.761907840e-03
ddc = 3.9673174420e-07
dde = -3.867446052e-07
Reset re-loads circuit * comparator-offset-mc @ sf_125c_3.63v -- generated by sim/harness, do not edit

Circuit: * comparator-offset-mc @ sf_125c_3.63v -- generated by sim/harness, do not edit

Doing analysis at TEMP = 125.000000 and TNOM = 27.000000

Using SPARSE 1.3 as Direct Linear Solver

No. of Data Rows : 6
voa = 3.8729285782e-04
ddc = -1.246028122e-07
dde = 1.2145798766e-07
Reset re-loads circuit * comparator-offset-mc @ sf_125c_3.63v -- generated by sim/harness, do not edit

Circuit: * comparator-offset-mc @ sf_125c_3.63v -- generated by sim/harness, do not edit

Doing analysis at TEMP = 125.000000 and TNOM = 27.000000

Using SPARSE 1.3 as Direct Linear Solver

No. of Data Rows : 6
voa = -1.198480065e-03
ddc = 7.7619022181e-08
dde = -7.556980784e-08
Reset re-loads circuit * comparator-offset-mc @ sf_125c_3.63v -- generated by sim/harness, do not edit

Circuit: * comparator-offset-mc @ sf_125c_3.63v -- generated by sim/harness, do not edit

Doing analysis at TEMP = 125.000000 and TNOM = 27.000000

Using SPARSE 1.3 as Direct Linear Solver

No. of Data Rows : 6
voa = -2.472634335e-03
ddc = 3.3180544559e-07
dde = -3.235269530e-07
Reset re-loads circuit * comparator-offset-mc @ sf_125c_3.63v -- generated by sim/harness, do not edit

Circuit: * comparator-offset-mc @ sf_125c_3.63v -- generated by sim/harness, do not edit

Doing analysis at TEMP = 125.000000 and TNOM = 27.000000

Using SPARSE 1.3 as Direct Linear Solver

No. of Data Rows : 6
voa = 1.6494577554e-03
ddc = -2.035815825e-07
dde = 1.9784738167e-07
Reset re-loads circuit * comparator-offset-mc @ sf_125c_3.63v -- generated by sim/harness, do not edit

Circuit: * comparator-offset-mc @ sf_125c_3.63v -- generated by sim/harness, do not edit

Doing analysis at TEMP = 125.000000 and TNOM = 27.000000

Using SPARSE 1.3 as Direct Linear Solver

No. of Data Rows : 6
voa = 1.0921418182e-03
ddc = -2.218963064e-07
dde = 2.1583934681e-07
Reset re-loads circuit * comparator-offset-mc @ sf_125c_3.63v -- generated by sim/harness, do not edit

Circuit: * comparator-offset-mc @ sf_125c_3.63v -- generated by sim/harness, do not edit

Doing analysis at TEMP = 125.000000 and TNOM = 27.000000

Using SPARSE 1.3 as Direct Linear Solver

No. of Data Rows : 6
voa = 1.4205412568e-03
ddc = -1.943368286e-07
dde = 1.8869709902e-07
Reset re-loads circuit * comparator-offset-mc @ sf_125c_3.63v -- generated by sim/harness, do not edit

Circuit: * comparator-offset-mc @ sf_125c_3.63v -- generated by sim/harness, do not edit

Doing analysis at TEMP = 125.000000 and TNOM = 27.000000

Using SPARSE 1.3 as Direct Linear Solver

No. of Data Rows : 6
voa = 4.1177533528e-03
ddc = -3.767957237e-07
dde = 3.6371522061e-07
Reset re-loads circuit * comparator-offset-mc @ sf_125c_3.63v -- generated by sim/harness, do not edit

Circuit: * comparator-offset-mc @ sf_125c_3.63v -- generated by sim/harness, do not edit

Doing analysis at TEMP = 125.000000 and TNOM = 27.000000

Using SPARSE 1.3 as Direct Linear Solver

No. of Data Rows : 6
voa = -2.033743781e-03
ddc = 1.0926018941e-07
dde = -1.064532325e-07
Reset re-loads circuit * comparator-offset-mc @ sf_125c_3.63v -- generated by sim/harness, do not edit

Circuit: * comparator-offset-mc @ sf_125c_3.63v -- generated by sim/harness, do not edit

Doing analysis at TEMP = 125.000000 and TNOM = 27.000000

Using SPARSE 1.3 as Direct Linear Solver

No. of Data Rows : 6
voa = 2.5837817994e-04
ddc = -3.597363901e-08
dde = 3.4969377194e-08
Reset re-loads circuit * comparator-offset-mc @ sf_125c_3.63v -- generated by sim/harness, do not edit

Circuit: * comparator-offset-mc @ sf_125c_3.63v -- generated by sim/harness, do not edit

Doing analysis at TEMP = 125.000000 and TNOM = 27.000000

Using SPARSE 1.3 as Direct Linear Solver

No. of Data Rows : 6
voa = -2.455940450e-03
ddc = 1.4327191014e-07
dde = -1.395326947e-07
Reset re-loads circuit * comparator-offset-mc @ sf_125c_3.63v -- generated by sim/harness, do not edit

Circuit: * comparator-offset-mc @ sf_125c_3.63v -- generated by sim/harness, do not edit

Doing analysis at TEMP = 125.000000 and TNOM = 27.000000

Using SPARSE 1.3 as Direct Linear Solver

No. of Data Rows : 6
voa = -5.352273406e-05
ddc = -6.775612265e-08
dde = 6.6288108453e-08
Reset re-loads circuit * comparator-offset-mc @ sf_125c_3.63v -- generated by sim/harness, do not edit

Circuit: * comparator-offset-mc @ sf_125c_3.63v -- generated by sim/harness, do not edit

Doing analysis at TEMP = 125.000000 and TNOM = 27.000000

Using SPARSE 1.3 as Direct Linear Solver

No. of Data Rows : 6
voa = -1.727039691e-03
ddc = 1.0038262130e-07
dde = -9.773197257e-08
Reset re-loads circuit * comparator-offset-mc @ sf_125c_3.63v -- generated by sim/harness, do not edit

Circuit: * comparator-offset-mc @ sf_125c_3.63v -- generated by sim/harness, do not edit

Doing analysis at TEMP = 125.000000 and TNOM = 27.000000

Using SPARSE 1.3 as Direct Linear Solver

No. of Data Rows : 6
voa = -3.944568893e-04
ddc = 4.3630304247e-08
dde = -4.246100610e-08
Reset re-loads circuit * comparator-offset-mc @ sf_125c_3.63v -- generated by sim/harness, do not edit

Circuit: * comparator-offset-mc @ sf_125c_3.63v -- generated by sim/harness, do not edit

Doing analysis at TEMP = 125.000000 and TNOM = 27.000000

Using SPARSE 1.3 as Direct Linear Solver

No. of Data Rows : 6
voa = 1.9789495841e-03
ddc = -2.295943790e-07
dde = 2.2327096994e-07
Reset re-loads circuit * comparator-offset-mc @ sf_125c_3.63v -- generated by sim/harness, do not edit

Circuit: * comparator-offset-mc @ sf_125c_3.63v -- generated by sim/harness, do not edit

Doing analysis at TEMP = 125.000000 and TNOM = 27.000000

Using SPARSE 1.3 as Direct Linear Solver

No. of Data Rows : 6
voa = -4.602968756e-04
ddc = 1.2613529042e-07
dde = -1.227302334e-07
Reset re-loads circuit * comparator-offset-mc @ sf_125c_3.63v -- generated by sim/harness, do not edit

Circuit: * comparator-offset-mc @ sf_125c_3.63v -- generated by sim/harness, do not edit

Doing analysis at TEMP = 125.000000 and TNOM = 27.000000

Using SPARSE 1.3 as Direct Linear Solver

No. of Data Rows : 6
voa = -1.478925501e-03
ddc = 1.2620838696e-07
dde = -1.228274962e-07
Reset re-loads circuit * comparator-offset-mc @ sf_125c_3.63v -- generated by sim/harness, do not edit

Circuit: * comparator-offset-mc @ sf_125c_3.63v -- generated by sim/harness, do not edit

Doing analysis at TEMP = 125.000000 and TNOM = 27.000000

Using SPARSE 1.3 as Direct Linear Solver

No. of Data Rows : 6
voa = -4.600903646e-04
ddc = -6.734493586e-08
dde = 6.5611058148e-08
Reset re-loads circuit * comparator-offset-mc @ sf_125c_3.63v -- generated by sim/harness, do not edit

Circuit: * comparator-offset-mc @ sf_125c_3.63v -- generated by sim/harness, do not edit

Doing analysis at TEMP = 125.000000 and TNOM = 27.000000

Using SPARSE 1.3 as Direct Linear Solver

No. of Data Rows : 6
voa = -1.225860473e-03
ddc = 6.8966297289e-08
dde = -6.709531988e-08
Reset re-loads circuit * comparator-offset-mc @ sf_125c_3.63v -- generated by sim/harness, do not edit

Circuit: * comparator-offset-mc @ sf_125c_3.63v -- generated by sim/harness, do not edit

Doing analysis at TEMP = 125.000000 and TNOM = 27.000000

Using SPARSE 1.3 as Direct Linear Solver

No. of Data Rows : 6
voa = 2.4924717105e-03
ddc = -3.390486242e-07
dde = 3.2919070316e-07
Reset re-loads circuit * comparator-offset-mc @ sf_125c_3.63v -- generated by sim/harness, do not edit

Circuit: * comparator-offset-mc @ sf_125c_3.63v -- generated by sim/harness, do not edit

Doing analysis at TEMP = 125.000000 and TNOM = 27.000000

Using SPARSE 1.3 as Direct Linear Solver

No. of Data Rows : 6
voa = 2.0393772334e-03
ddc = -1.302245710e-07
dde = 1.2609423974e-07
Reset re-loads circuit * comparator-offset-mc @ sf_125c_3.63v -- generated by sim/harness, do not edit

Circuit: * comparator-offset-mc @ sf_125c_3.63v -- generated by sim/harness, do not edit

Doing analysis at TEMP = 125.000000 and TNOM = 27.000000

Using SPARSE 1.3 as Direct Linear Solver

No. of Data Rows : 6
voa = -3.378558589e-04
ddc = -2.364659927e-08
dde = 2.2936008408e-08
Reset re-loads circuit * comparator-offset-mc @ sf_125c_3.63v -- generated by sim/harness, do not edit

Circuit: * comparator-offset-mc @ sf_125c_3.63v -- generated by sim/harness, do not edit

Doing analysis at TEMP = 125.000000 and TNOM = 27.000000

Using SPARSE 1.3 as Direct Linear Solver

No. of Data Rows : 6
voa = -1.814351085e-03
ddc = 2.6722924421e-07
dde = -2.603918673e-07
Reset re-loads circuit * comparator-offset-mc @ sf_125c_3.63v -- generated by sim/harness, do not edit

Circuit: * comparator-offset-mc @ sf_125c_3.63v -- generated by sim/harness, do not edit

Doing analysis at TEMP = 125.000000 and TNOM = 27.000000

Using SPARSE 1.3 as Direct Linear Solver
 Reference value :  0.00000e+00
No. of Data Rows : 6
voa = 9.4485949160e-04
ddc = -8.862436676e-08
dde = 8.5870392425e-08
Reset re-loads circuit * comparator-offset-mc @ sf_125c_3.63v -- generated by sim/harness, do not edit

Circuit: * comparator-offset-mc @ sf_125c_3.63v -- generated by sim/harness, do not edit

Doing analysis at TEMP = 125.000000 and TNOM = 27.000000

Using SPARSE 1.3 as Direct Linear Solver

No. of Data Rows : 6
voa = -1.162533698e-03
ddc = 1.6795309235e-07
dde = -1.637127813e-07
Reset re-loads circuit * comparator-offset-mc @ sf_125c_3.63v -- generated by sim/harness, do not edit

Circuit: * comparator-offset-mc @ sf_125c_3.63v -- generated by sim/harness, do not edit

Doing analysis at TEMP = 125.000000 and TNOM = 27.000000

Using SPARSE 1.3 as Direct Linear Solver

No. of Data Rows : 6
voa = 1.0710871440e-03
ddc = -1.949963447e-07
dde = 1.8993366003e-07
Reset re-loads circuit * comparator-offset-mc @ sf_125c_3.63v -- generated by sim/harness, do not edit

Circuit: * comparator-offset-mc @ sf_125c_3.63v -- generated by sim/harness, do not edit

Doing analysis at TEMP = 125.000000 and TNOM = 27.000000

Using SPARSE 1.3 as Direct Linear Solver

No. of Data Rows : 6
voa = -1.195227128e-03
ddc = 1.4983890581e-07
dde = -1.459738100e-07
Reset re-loads circuit * comparator-offset-mc @ sf_125c_3.63v -- generated by sim/harness, do not edit

Circuit: * comparator-offset-mc @ sf_125c_3.63v -- generated by sim/harness, do not edit

Doing analysis at TEMP = 125.000000 and TNOM = 27.000000

Using SPARSE 1.3 as Direct Linear Solver

No. of Data Rows : 6
voa = 7.4383016016e-05
ddc = -8.176386223e-08
dde = 7.9670777981e-08
Reset re-loads circuit * comparator-offset-mc @ sf_125c_3.63v -- generated by sim/harness, do not edit

Circuit: * comparator-offset-mc @ sf_125c_3.63v -- generated by sim/harness, do not edit

Doing analysis at TEMP = 125.000000 and TNOM = 27.000000

Using SPARSE 1.3 as Direct Linear Solver

No. of Data Rows : 6
voa = -1.151629267e-03
ddc = 1.5460408136e-07
dde = -1.503275718e-07
Reset re-loads circuit * comparator-offset-mc @ sf_125c_3.63v -- generated by sim/harness, do not edit

Circuit: * comparator-offset-mc @ sf_125c_3.63v -- generated by sim/harness, do not edit

Doing analysis at TEMP = 125.000000 and TNOM = 27.000000

Using SPARSE 1.3 as Direct Linear Solver

No. of Data Rows : 6
voa = -1.850849977e-03
ddc = 1.7781661599e-07
dde = -1.733270951e-07
Reset re-loads circuit * comparator-offset-mc @ sf_125c_3.63v -- generated by sim/harness, do not edit

Circuit: * comparator-offset-mc @ sf_125c_3.63v -- generated by sim/harness, do not edit

Doing analysis at TEMP = 125.000000 and TNOM = 27.000000

Using SPARSE 1.3 as Direct Linear Solver

No. of Data Rows : 6
voa = 4.5777232866e-04
ddc = 1.2694948471e-07
dde = -1.234846748e-07
Reset re-loads circuit * comparator-offset-mc @ sf_125c_3.63v -- generated by sim/harness, do not edit

Circuit: * comparator-offset-mc @ sf_125c_3.63v -- generated by sim/harness, do not edit

Doing analysis at TEMP = 125.000000 and TNOM = 27.000000

Using SPARSE 1.3 as Direct Linear Solver

No. of Data Rows : 6
voa = 3.6048424942e-03
ddc = -2.715823026e-07
dde = 2.6176401396e-07
Reset re-loads circuit * comparator-offset-mc @ sf_125c_3.63v -- generated by sim/harness, do not edit

Circuit: * comparator-offset-mc @ sf_125c_3.63v -- generated by sim/harness, do not edit

Doing analysis at TEMP = 125.000000 and TNOM = 27.000000

Using SPARSE 1.3 as Direct Linear Solver

No. of Data Rows : 6
voa = 1.9035218425e-04
ddc = -4.560537821e-08
dde = 4.4356594310e-08
Reset re-loads circuit * comparator-offset-mc @ sf_125c_3.63v -- generated by sim/harness, do not edit

Circuit: * comparator-offset-mc @ sf_125c_3.63v -- generated by sim/harness, do not edit

Doing analysis at TEMP = 125.000000 and TNOM = 27.000000

Using SPARSE 1.3 as Direct Linear Solver

No. of Data Rows : 6
voa = -1.144486920e-03
ddc = 1.1352371869e-07
dde = -1.105813060e-07
Reset re-loads circuit * comparator-offset-mc @ sf_125c_3.63v -- generated by sim/harness, do not edit

Circuit: * comparator-offset-mc @ sf_125c_3.63v -- generated by sim/harness, do not edit

Doing analysis at TEMP = 125.000000 and TNOM = 27.000000

Using SPARSE 1.3 as Direct Linear Solver

No. of Data Rows : 6
voa = -1.688382162e-03
ddc = 6.0307005778e-08
dde = -5.873721046e-08
Reset re-loads circuit * comparator-offset-mc @ sf_125c_3.63v -- generated by sim/harness, do not edit

Circuit: * comparator-offset-mc @ sf_125c_3.63v -- generated by sim/harness, do not edit

Doing analysis at TEMP = 125.000000 and TNOM = 27.000000

Using SPARSE 1.3 as Direct Linear Solver

No. of Data Rows : 6
voa = 4.6189752931e-04
ddc = 4.5813840502e-09
dde = -4.578929068e-09
Reset re-loads circuit * comparator-offset-mc @ sf_125c_3.63v -- generated by sim/harness, do not edit

Circuit: * comparator-offset-mc @ sf_125c_3.63v -- generated by sim/harness, do not edit

Doing analysis at TEMP = 125.000000 and TNOM = 27.000000

Using SPARSE 1.3 as Direct Linear Solver

No. of Data Rows : 6
voa = -4.309944961e-03
ddc = 4.4549007672e-07
dde = -4.351306501e-07
Reset re-loads circuit * comparator-offset-mc @ sf_125c_3.63v -- generated by sim/harness, do not edit

Circuit: * comparator-offset-mc @ sf_125c_3.63v -- generated by sim/harness, do not edit

Doing analysis at TEMP = 125.000000 and TNOM = 27.000000

Using SPARSE 1.3 as Direct Linear Solver

No. of Data Rows : 6
voa = -4.482110530e-03
ddc = 3.4332091232e-07
dde = -3.356243560e-07
Reset re-loads circuit * comparator-offset-mc @ sf_125c_3.63v -- generated by sim/harness, do not edit

Circuit: * comparator-offset-mc @ sf_125c_3.63v -- generated by sim/harness, do not edit

Doing analysis at TEMP = 125.000000 and TNOM = 27.000000

Using SPARSE 1.3 as Direct Linear Solver

No. of Data Rows : 6
voa = -1.308493863e-03
ddc = 4.8588445606e-08
dde = -4.718973383e-08
Reset re-loads circuit * comparator-offset-mc @ sf_125c_3.63v -- generated by sim/harness, do not edit

Circuit: * comparator-offset-mc @ sf_125c_3.63v -- generated by sim/harness, do not edit

Doing analysis at TEMP = 125.000000 and TNOM = 27.000000

Using SPARSE 1.3 as Direct Linear Solver

No. of Data Rows : 6
voa = 1.4337904335e-04
ddc = 1.9487273155e-08
dde = -1.912348677e-08
Reset re-loads circuit * comparator-offset-mc @ sf_125c_3.63v -- generated by sim/harness, do not edit

Circuit: * comparator-offset-mc @ sf_125c_3.63v -- generated by sim/harness, do not edit

Doing analysis at TEMP = 125.000000 and TNOM = 27.000000

Using SPARSE 1.3 as Direct Linear Solver

No. of Data Rows : 6
voa = -1.160957311e-03
ddc = 1.8003424225e-08
dde = -1.726671086e-08
Reset re-loads circuit * comparator-offset-mc @ sf_125c_3.63v -- generated by sim/harness, do not edit

Circuit: * comparator-offset-mc @ sf_125c_3.63v -- generated by sim/harness, do not edit

Doing analysis at TEMP = 125.000000 and TNOM = 27.000000

Using SPARSE 1.3 as Direct Linear Solver

No. of Data Rows : 6
voa = 1.5159626723e-03
ddc = -2.065738175e-07
dde = 2.0101504568e-07
Reset re-loads circuit * comparator-offset-mc @ sf_125c_3.63v -- generated by sim/harness, do not edit

Circuit: * comparator-offset-mc @ sf_125c_3.63v -- generated by sim/harness, do not edit

Doing analysis at TEMP = 125.000000 and TNOM = 27.000000

Using SPARSE 1.3 as Direct Linear Solver

No. of Data Rows : 6
voa = -4.369798591e-04
ddc = 1.9528234676e-07
dde = -1.905209976e-07
Reset re-loads circuit * comparator-offset-mc @ sf_125c_3.63v -- generated by sim/harness, do not edit

Circuit: * comparator-offset-mc @ sf_125c_3.63v -- generated by sim/harness, do not edit

Doing analysis at TEMP = 125.000000 and TNOM = 27.000000

Using SPARSE 1.3 as Direct Linear Solver

No. of Data Rows : 6
voa = -6.003939844e-05
ddc = 2.1380879056e-08
dde = -2.079989600e-08
Reset re-loads circuit * comparator-offset-mc @ sf_125c_3.63v -- generated by sim/harness, do not edit

Circuit: * comparator-offset-mc @ sf_125c_3.63v -- generated by sim/harness, do not edit

Doing analysis at TEMP = 125.000000 and TNOM = 27.000000

Using SPARSE 1.3 as Direct Linear Solver

No. of Data Rows : 6
voa = -3.071468524e-03
ddc = 2.4117891663e-07
dde = -2.354033712e-07
Reset re-loads circuit * comparator-offset-mc @ sf_125c_3.63v -- generated by sim/harness, do not edit

Circuit: * comparator-offset-mc @ sf_125c_3.63v -- generated by sim/harness, do not edit

Doing analysis at TEMP = 125.000000 and TNOM = 27.000000

Using SPARSE 1.3 as Direct Linear Solver

No. of Data Rows : 6
voa = -4.075166857e-04
ddc = 6.5185441595e-08
dde = -6.340813639e-08
Reset re-loads circuit * comparator-offset-mc @ sf_125c_3.63v -- generated by sim/harness, do not edit

Circuit: * comparator-offset-mc @ sf_125c_3.63v -- generated by sim/harness, do not edit

Doing analysis at TEMP = 125.000000 and TNOM = 27.000000

Using SPARSE 1.3 as Direct Linear Solver

No. of Data Rows : 6
voa = 2.5605276360e-03
ddc = -4.255136698e-07
dde = 4.1269138300e-07
Reset re-loads circuit * comparator-offset-mc @ sf_125c_3.63v -- generated by sim/harness, do not edit

Circuit: * comparator-offset-mc @ sf_125c_3.63v -- generated by sim/harness, do not edit

Doing analysis at TEMP = 125.000000 and TNOM = 27.000000

Using SPARSE 1.3 as Direct Linear Solver

No. of Data Rows : 6
voa = -1.604765297e-03
ddc = 2.3361617481e-07
dde = -2.272501155e-07
Reset re-loads circuit * comparator-offset-mc @ sf_125c_3.63v -- generated by sim/harness, do not edit

Circuit: * comparator-offset-mc @ sf_125c_3.63v -- generated by sim/harness, do not edit

Doing analysis at TEMP = 125.000000 and TNOM = 27.000000

Using SPARSE 1.3 as Direct Linear Solver

No. of Data Rows : 6
voa = 4.3671441590e-04
ddc = 1.9022415482e-08
dde = -1.867759691e-08
Reset re-loads circuit * comparator-offset-mc @ sf_125c_3.63v -- generated by sim/harness, do not edit

Circuit: * comparator-offset-mc @ sf_125c_3.63v -- generated by sim/harness, do not edit

Doing analysis at TEMP = 125.000000 and TNOM = 27.000000

Using SPARSE 1.3 as Direct Linear Solver

No. of Data Rows : 6
voa = -1.659727478e-03
ddc = 1.7793641328e-07
dde = -1.735099436e-07
Reset re-loads circuit * comparator-offset-mc @ sf_125c_3.63v -- generated by sim/harness, do not edit

Circuit: * comparator-offset-mc @ sf_125c_3.63v -- generated by sim/harness, do not edit

Doing analysis at TEMP = 125.000000 and TNOM = 27.000000

Using SPARSE 1.3 as Direct Linear Solver

No. of Data Rows : 6
voa = 1.1578203803e-03
ddc = -5.805139693e-08
dde = 5.6098456880e-08
Reset re-loads circuit * comparator-offset-mc @ sf_125c_3.63v -- generated by sim/harness, do not edit

Circuit: * comparator-offset-mc @ sf_125c_3.63v -- generated by sim/harness, do not edit

Doing analysis at TEMP = 125.000000 and TNOM = 27.000000

Using SPARSE 1.3 as Direct Linear Solver

No. of Data Rows : 6
voa = -1.965875123e-03
ddc = 1.3320609253e-07
dde = -1.297937578e-07
Reset re-loads circuit * comparator-offset-mc @ sf_125c_3.63v -- generated by sim/harness, do not edit

Circuit: * comparator-offset-mc @ sf_125c_3.63v -- generated by sim/harness, do not edit

Doing analysis at TEMP = 125.000000 and TNOM = 27.000000

Using SPARSE 1.3 as Direct Linear Solver

No. of Data Rows : 6
voa = -8.540314085e-05
ddc = 3.8644685617e-08
dde = -3.752404736e-08
Reset re-loads circuit * comparator-offset-mc @ sf_125c_3.63v -- generated by sim/harness, do not edit

Circuit: * comparator-offset-mc @ sf_125c_3.63v -- generated by sim/harness, do not edit

Doing analysis at TEMP = 125.000000 and TNOM = 27.000000

Using SPARSE 1.3 as Direct Linear Solver

No. of Data Rows : 6
voa = 2.7565784620e-03
ddc = -1.239157315e-07
dde = 1.1916792955e-07
Reset re-loads circuit * comparator-offset-mc @ sf_125c_3.63v -- generated by sim/harness, do not edit

Circuit: * comparator-offset-mc @ sf_125c_3.63v -- generated by sim/harness, do not edit

Doing analysis at TEMP = 125.000000 and TNOM = 27.000000

Using SPARSE 1.3 as Direct Linear Solver

No. of Data Rows : 6
voa = -1.529070540e-03
ddc = 1.1669659229e-07
dde = -1.136480466e-07
Reset re-loads circuit * comparator-offset-mc @ sf_125c_3.63v -- generated by sim/harness, do not edit

Circuit: * comparator-offset-mc @ sf_125c_3.63v -- generated by sim/harness, do not edit

Doing analysis at TEMP = 125.000000 and TNOM = 27.000000

Using SPARSE 1.3 as Direct Linear Solver

No. of Data Rows : 6
voa = 1.9161819156e-03
ddc = -1.553110752e-07
dde = 1.5029214020e-07
Reset re-loads circuit * comparator-offset-mc @ sf_125c_3.63v -- generated by sim/harness, do not edit

Circuit: * comparator-offset-mc @ sf_125c_3.63v -- generated by sim/harness, do not edit

Doing analysis at TEMP = 125.000000 and TNOM = 27.000000

Using SPARSE 1.3 as Direct Linear Solver

No. of Data Rows : 6
voa = -5.330592953e-04
ddc = 6.7992658743e-08
dde = -6.623053312e-08
Reset re-loads circuit * comparator-offset-mc @ sf_125c_3.63v -- generated by sim/harness, do not edit

Circuit: * comparator-offset-mc @ sf_125c_3.63v -- generated by sim/harness, do not edit

Doing analysis at TEMP = 125.000000 and TNOM = 27.000000

Using SPARSE 1.3 as Direct Linear Solver

No. of Data Rows : 6
voa = -1.038407864e-04
ddc = 6.1980866842e-08
dde = -6.043854463e-08
Reset re-loads circuit * comparator-offset-mc @ sf_125c_3.63v -- generated by sim/harness, do not edit

Circuit: * comparator-offset-mc @ sf_125c_3.63v -- generated by sim/harness, do not edit

Doing analysis at TEMP = 125.000000 and TNOM = 27.000000

Using SPARSE 1.3 as Direct Linear Solver

No. of Data Rows : 6
voa = 8.0311832644e-04
ddc = -1.274562769e-07
dde = 1.2376576036e-07
Reset re-loads circuit * comparator-offset-mc @ sf_125c_3.63v -- generated by sim/harness, do not edit

Circuit: * comparator-offset-mc @ sf_125c_3.63v -- generated by sim/harness, do not edit

Doing analysis at TEMP = 125.000000 and TNOM = 27.000000

Using SPARSE 1.3 as Direct Linear Solver

No. of Data Rows : 6
voa = 1.7890750557e-03
ddc = -7.940853175e-08
dde = 7.6520074937e-08
Reset re-loads circuit * comparator-offset-mc @ sf_125c_3.63v -- generated by sim/harness, do not edit

Circuit: * comparator-offset-mc @ sf_125c_3.63v -- generated by sim/harness, do not edit

Doing analysis at TEMP = 125.000000 and TNOM = 27.000000

Using SPARSE 1.3 as Direct Linear Solver

No. of Data Rows : 6
voa = -8.698452853e-04
ddc = 2.6409849614e-07
dde = -2.570009851e-07
Reset re-loads circuit * comparator-offset-mc @ sf_125c_3.63v -- generated by sim/harness, do not edit

Circuit: * comparator-offset-mc @ sf_125c_3.63v -- generated by sim/harness, do not edit

Doing analysis at TEMP = 125.000000 and TNOM = 27.000000

Using SPARSE 1.3 as Direct Linear Solver
 Reference value :  0.00000e+00
No. of Data Rows : 6
voa = 4.7347607925e-05
ddc = 1.2966441885e-08
dde = -1.264545520e-08
Reset re-loads circuit * comparator-offset-mc @ sf_125c_3.63v -- generated by sim/harness, do not edit

Circuit: * comparator-offset-mc @ sf_125c_3.63v -- generated by sim/harness, do not edit

Doing analysis at TEMP = 125.000000 and TNOM = 27.000000

Using SPARSE 1.3 as Direct Linear Solver

No. of Data Rows : 6
voa = -2.387576971e-04
ddc = 1.5887747208e-08
dde = -1.543249062e-08
Reset re-loads circuit * comparator-offset-mc @ sf_125c_3.63v -- generated by sim/harness, do not edit

Circuit: * comparator-offset-mc @ sf_125c_3.63v -- generated by sim/harness, do not edit

Doing analysis at TEMP = 125.000000 and TNOM = 27.000000

Using SPARSE 1.3 as Direct Linear Solver

No. of Data Rows : 6
voa = -2.360936534e-03
ddc = 2.2163732764e-07
dde = -2.160939080e-07
Reset re-loads circuit * comparator-offset-mc @ sf_125c_3.63v -- generated by sim/harness, do not edit

Circuit: * comparator-offset-mc @ sf_125c_3.63v -- generated by sim/harness, do not edit

Doing analysis at TEMP = 125.000000 and TNOM = 27.000000

Using SPARSE 1.3 as Direct Linear Solver

No. of Data Rows : 6
voa = 3.5586789427e-04
ddc = -1.286600302e-07
dde = 1.2553595534e-07
Reset re-loads circuit * comparator-offset-mc @ sf_125c_3.63v -- generated by sim/harness, do not edit

Circuit: * comparator-offset-mc @ sf_125c_3.63v -- generated by sim/harness, do not edit

Doing analysis at TEMP = 125.000000 and TNOM = 27.000000

Using SPARSE 1.3 as Direct Linear Solver

No. of Data Rows : 6
voa = 4.5533135296e-04
ddc = -1.180430097e-07
dde = 1.1476683056e-07
Reset re-loads circuit * comparator-offset-mc @ sf_125c_3.63v -- generated by sim/harness, do not edit

Circuit: * comparator-offset-mc @ sf_125c_3.63v -- generated by sim/harness, do not edit

Doing analysis at TEMP = 125.000000 and TNOM = 27.000000

Using SPARSE 1.3 as Direct Linear Solver

No. of Data Rows : 6
voa = -1.903725707e-03
ddc = 1.8555345053e-07
dde = -1.809071586e-07
Reset re-loads circuit * comparator-offset-mc @ sf_125c_3.63v -- generated by sim/harness, do not edit

Circuit: * comparator-offset-mc @ sf_125c_3.63v -- generated by sim/harness, do not edit

Doing analysis at TEMP = 125.000000 and TNOM = 27.000000

Using SPARSE 1.3 as Direct Linear Solver

No. of Data Rows : 6
voa = -2.470994752e-04
ddc = 7.9693542209e-08
dde = -7.762911797e-08
Reset re-loads circuit * comparator-offset-mc @ sf_125c_3.63v -- generated by sim/harness, do not edit

Circuit: * comparator-offset-mc @ sf_125c_3.63v -- generated by sim/harness, do not edit

Doing analysis at TEMP = 125.000000 and TNOM = 27.000000

Using SPARSE 1.3 as Direct Linear Solver

No. of Data Rows : 6
voa = 1.7037407485e-03
ddc = -1.256000059e-07
dde = 1.2165042418e-07
Reset re-loads circuit * comparator-offset-mc @ sf_125c_3.63v -- generated by sim/harness, do not edit

Circuit: * comparator-offset-mc @ sf_125c_3.63v -- generated by sim/harness, do not edit

Doing analysis at TEMP = 125.000000 and TNOM = 27.000000

Using SPARSE 1.3 as Direct Linear Solver

No. of Data Rows : 6
voa = 7.7790605919e-05
ddc = 1.4145542214e-07
dde = -1.378243393e-07
Reset re-loads circuit * comparator-offset-mc @ sf_125c_3.63v -- generated by sim/harness, do not edit

Circuit: * comparator-offset-mc @ sf_125c_3.63v -- generated by sim/harness, do not edit

Doing analysis at TEMP = 125.000000 and TNOM = 27.000000

Using SPARSE 1.3 as Direct Linear Solver

No. of Data Rows : 6
voa = 1.7280293150e-03
ddc = -3.486819144e-08
dde = 3.3254005927e-08
Reset re-loads circuit * comparator-offset-mc @ sf_125c_3.63v -- generated by sim/harness, do not edit

Circuit: * comparator-offset-mc @ sf_125c_3.63v -- generated by sim/harness, do not edit

Doing analysis at TEMP = 125.000000 and TNOM = 27.000000

Using SPARSE 1.3 as Direct Linear Solver

No. of Data Rows : 6
voa = -6.839267699e-05
ddc = 1.6096777498e-07
dde = -1.566779248e-07
Reset re-loads circuit * comparator-offset-mc @ sf_125c_3.63v -- generated by sim/harness, do not edit

Circuit: * comparator-offset-mc @ sf_125c_3.63v -- generated by sim/harness, do not edit

Doing analysis at TEMP = 125.000000 and TNOM = 27.000000

Using SPARSE 1.3 as Direct Linear Solver

No. of Data Rows : 6
voa = 3.2822064936e-03
ddc = -2.709087135e-07
dde = 2.6223464190e-07
Reset re-loads circuit * comparator-offset-mc @ sf_125c_3.63v -- generated by sim/harness, do not edit

Circuit: * comparator-offset-mc @ sf_125c_3.63v -- generated by sim/harness, do not edit

Doing analysis at TEMP = 125.000000 and TNOM = 27.000000

Using SPARSE 1.3 as Direct Linear Solver

No. of Data Rows : 6
voa = 2.1720107486e-03
ddc = -1.269245936e-07
dde = 1.2271358290e-07
Reset re-loads circuit * comparator-offset-mc @ sf_125c_3.63v -- generated by sim/harness, do not edit

Circuit: * comparator-offset-mc @ sf_125c_3.63v -- generated by sim/harness, do not edit

Doing analysis at TEMP = 125.000000 and TNOM = 27.000000

Using SPARSE 1.3 as Direct Linear Solver

No. of Data Rows : 6
voa = 5.0474324283e-04
ddc = -2.567360662e-09
dde = 2.4140979382e-09
Reset re-loads circuit * comparator-offset-mc @ sf_125c_3.63v -- generated by sim/harness, do not edit

Circuit: * comparator-offset-mc @ sf_125c_3.63v -- generated by sim/harness, do not edit

Doing analysis at TEMP = 125.000000 and TNOM = 27.000000

Using SPARSE 1.3 as Direct Linear Solver

No. of Data Rows : 6
voa = 4.4710524856e-04
ddc = -1.436509206e-07
dde = 1.3997476738e-07
Reset re-loads circuit * comparator-offset-mc @ sf_125c_3.63v -- generated by sim/harness, do not edit

Circuit: * comparator-offset-mc @ sf_125c_3.63v -- generated by sim/harness, do not edit

Doing analysis at TEMP = 125.000000 and TNOM = 27.000000

Using SPARSE 1.3 as Direct Linear Solver

No. of Data Rows : 6
voa = -9.243346435e-04
ddc = 1.8610470843e-07
dde = -1.809480850e-07
Reset re-loads circuit * comparator-offset-mc @ sf_125c_3.63v -- generated by sim/harness, do not edit

Circuit: * comparator-offset-mc @ sf_125c_3.63v -- generated by sim/harness, do not edit

Doing analysis at TEMP = 125.000000 and TNOM = 27.000000

Using SPARSE 1.3 as Direct Linear Solver

No. of Data Rows : 6
voa = 6.9656220194e-05
ddc = -1.485953791e-07
dde = 1.4465694441e-07
Reset re-loads circuit * comparator-offset-mc @ sf_125c_3.63v -- generated by sim/harness, do not edit

Circuit: * comparator-offset-mc @ sf_125c_3.63v -- generated by sim/harness, do not edit

Doing analysis at TEMP = 125.000000 and TNOM = 27.000000

Using SPARSE 1.3 as Direct Linear Solver

No. of Data Rows : 6
voa = -1.040540751e-03
ddc = 1.2122763077e-07
dde = -1.179713128e-07
Reset re-loads circuit * comparator-offset-mc @ sf_125c_3.63v -- generated by sim/harness, do not edit

Circuit: * comparator-offset-mc @ sf_125c_3.63v -- generated by sim/harness, do not edit

Doing analysis at TEMP = 125.000000 and TNOM = 27.000000

Using SPARSE 1.3 as Direct Linear Solver

No. of Data Rows : 6
voa = -1.245837343e-03
ddc = 3.7240765398e-08
dde = -3.615362814e-08
Reset re-loads circuit * comparator-offset-mc @ sf_125c_3.63v -- generated by sim/harness, do not edit

Circuit: * comparator-offset-mc @ sf_125c_3.63v -- generated by sim/harness, do not edit

Doing analysis at TEMP = 125.000000 and TNOM = 27.000000

Using SPARSE 1.3 as Direct Linear Solver

No. of Data Rows : 6
voa = -1.514912479e-03
ddc = -1.564965192e-08
dde = 1.5091520372e-08
Reset re-loads circuit * comparator-offset-mc @ sf_125c_3.63v -- generated by sim/harness, do not edit

Circuit: * comparator-offset-mc @ sf_125c_3.63v -- generated by sim/harness, do not edit

Doing analysis at TEMP = 125.000000 and TNOM = 27.000000

Using SPARSE 1.3 as Direct Linear Solver

No. of Data Rows : 6
voa = 1.4234558024e-03
ddc = -1.363275473e-07
dde = 1.3220534786e-07
Reset re-loads circuit * comparator-offset-mc @ sf_125c_3.63v -- generated by sim/harness, do not edit

Circuit: * comparator-offset-mc @ sf_125c_3.63v -- generated by sim/harness, do not edit

Doing analysis at TEMP = 125.000000 and TNOM = 27.000000

Using SPARSE 1.3 as Direct Linear Solver

No. of Data Rows : 6
voa = 1.2932659829e-03
ddc = -5.008257886e-08
dde = 4.8332119216e-08
Reset re-loads circuit * comparator-offset-mc @ sf_125c_3.63v -- generated by sim/harness, do not edit

Circuit: * comparator-offset-mc @ sf_125c_3.63v -- generated by sim/harness, do not edit

Doing analysis at TEMP = 125.000000 and TNOM = 27.000000

Using SPARSE 1.3 as Direct Linear Solver

No. of Data Rows : 6
voa = 3.4102575390e-05
ddc = -3.538527246e-08
dde = 3.4420270192e-08
Reset re-loads circuit * comparator-offset-mc @ sf_125c_3.63v -- generated by sim/harness, do not edit

Circuit: * comparator-offset-mc @ sf_125c_3.63v -- generated by sim/harness, do not edit

Doing analysis at TEMP = 125.000000 and TNOM = 27.000000

Using SPARSE 1.3 as Direct Linear Solver

No. of Data Rows : 6
voa = -1.915527612e-03
ddc = 2.1691806874e-07
dde = -2.113733916e-07
Reset re-loads circuit * comparator-offset-mc @ sf_125c_3.63v -- generated by sim/harness, do not edit

Circuit: * comparator-offset-mc @ sf_125c_3.63v -- generated by sim/harness, do not edit

Doing analysis at TEMP = 125.000000 and TNOM = 27.000000

Using SPARSE 1.3 as Direct Linear Solver

No. of Data Rows : 6
voa = 9.2145652906e-04
ddc = -1.867903445e-07
dde = 1.8179110961e-07
Reset re-loads circuit * comparator-offset-mc @ sf_125c_3.63v -- generated by sim/harness, do not edit

Circuit: * comparator-offset-mc @ sf_125c_3.63v -- generated by sim/harness, do not edit

Doing analysis at TEMP = 125.000000 and TNOM = 27.000000

Using SPARSE 1.3 as Direct Linear Solver

No. of Data Rows : 6
voa = 1.7393414399e-03
ddc = -3.950574515e-07
dde = 3.8290367000e-07
Reset re-loads circuit * comparator-offset-mc @ sf_125c_3.63v -- generated by sim/harness, do not edit

Circuit: * comparator-offset-mc @ sf_125c_3.63v -- generated by sim/harness, do not edit

Doing analysis at TEMP = 125.000000 and TNOM = 27.000000

Using SPARSE 1.3 as Direct Linear Solver

No. of Data Rows : 6
voa = 3.0654047298e-03
ddc = -1.384024848e-07
dde = 1.3289428242e-07
Reset re-loads circuit * comparator-offset-mc @ sf_125c_3.63v -- generated by sim/harness, do not edit

Circuit: * comparator-offset-mc @ sf_125c_3.63v -- generated by sim/harness, do not edit

Doing analysis at TEMP = 125.000000 and TNOM = 27.000000

Using SPARSE 1.3 as Direct Linear Solver

No. of Data Rows : 6
voa = -3.335933055e-03
ddc = 2.8146419807e-07
dde = -2.747064805e-07
Reset re-loads circuit * comparator-offset-mc @ sf_125c_3.63v -- generated by sim/harness, do not edit

Circuit: * comparator-offset-mc @ sf_125c_3.63v -- generated by sim/harness, do not edit

Doing analysis at TEMP = 125.000000 and TNOM = 27.000000

Using SPARSE 1.3 as Direct Linear Solver

No. of Data Rows : 6
voa = -1.432621355e-03
ddc = 1.1113341885e-07
dde = -1.081915806e-07
Reset re-loads circuit * comparator-offset-mc @ sf_125c_3.63v -- generated by sim/harness, do not edit

Circuit: * comparator-offset-mc @ sf_125c_3.63v -- generated by sim/harness, do not edit

Doing analysis at TEMP = 125.000000 and TNOM = 27.000000

Using SPARSE 1.3 as Direct Linear Solver

No. of Data Rows : 6
voa = 7.3784202908e-04
ddc = -8.531657787e-08
dde = 8.2964193737e-08
Reset re-loads circuit * comparator-offset-mc @ sf_125c_3.63v -- generated by sim/harness, do not edit

Circuit: * comparator-offset-mc @ sf_125c_3.63v -- generated by sim/harness, do not edit

Doing analysis at TEMP = 125.000000 and TNOM = 27.000000

Using SPARSE 1.3 as Direct Linear Solver

No. of Data Rows : 6
voa = -1.399892556e-03
ddc = 1.8297630303e-07
dde = -1.779933207e-07
Reset re-loads circuit * comparator-offset-mc @ sf_125c_3.63v -- generated by sim/harness, do not edit

Circuit: * comparator-offset-mc @ sf_125c_3.63v -- generated by sim/harness, do not edit

Doing analysis at TEMP = 125.000000 and TNOM = 27.000000

Using SPARSE 1.3 as Direct Linear Solver

No. of Data Rows : 6
voa = 1.0493319659e-03
ddc = -5.008122250e-08
dde = 4.8455790981e-08
Reset re-loads circuit * comparator-offset-mc @ sf_125c_3.63v -- generated by sim/harness, do not edit

Circuit: * comparator-offset-mc @ sf_125c_3.63v -- generated by sim/harness, do not edit

Doing analysis at TEMP = 125.000000 and TNOM = 27.000000

Using SPARSE 1.3 as Direct Linear Solver

No. of Data Rows : 6
voa = -1.077856188e-03
ddc = 1.9922768439e-07
dde = -1.940640601e-07
Reset re-loads circuit * comparator-offset-mc @ sf_125c_3.63v -- generated by sim/harness, do not edit

Circuit: * comparator-offset-mc @ sf_125c_3.63v -- generated by sim/harness, do not edit

Doing analysis at TEMP = 125.000000 and TNOM = 27.000000

Using SPARSE 1.3 as Direct Linear Solver

No. of Data Rows : 6
voa = 1.3656411464e-04
ddc = -1.547550696e-08
dde = 1.5057775389e-08
Reset re-loads circuit * comparator-offset-mc @ sf_125c_3.63v -- generated by sim/harness, do not edit

Circuit: * comparator-offset-mc @ sf_125c_3.63v -- generated by sim/harness, do not edit

Doing analysis at TEMP = 125.000000 and TNOM = 27.000000

Using SPARSE 1.3 as Direct Linear Solver

No. of Data Rows : 6
voa = -2.085472743e-03
ddc = 1.9570036968e-07
dde = -1.907723503e-07
Reset re-loads circuit * comparator-offset-mc @ sf_125c_3.63v -- generated by sim/harness, do not edit

Circuit: * comparator-offset-mc @ sf_125c_3.63v -- generated by sim/harness, do not edit

Doing analysis at TEMP = 125.000000 and TNOM = 27.000000

Using SPARSE 1.3 as Direct Linear Solver

No. of Data Rows : 6
voa = -3.992102339e-04
ddc = 5.4444697397e-08
dde = -5.298897392e-08
Reset re-loads circuit * comparator-offset-mc @ sf_125c_3.63v -- generated by sim/harness, do not edit

Circuit: * comparator-offset-mc @ sf_125c_3.63v -- generated by sim/harness, do not edit

Doing analysis at TEMP = 125.000000 and TNOM = 27.000000

Using SPARSE 1.3 as Direct Linear Solver

No. of Data Rows : 6
voa = -2.911825868e-03
ddc = 1.5971769777e-07
dde = -1.558125510e-07
Reset re-loads circuit * comparator-offset-mc @ sf_125c_3.63v -- generated by sim/harness, do not edit

Circuit: * comparator-offset-mc @ sf_125c_3.63v -- generated by sim/harness, do not edit

Doing analysis at TEMP = 125.000000 and TNOM = 27.000000

Using SPARSE 1.3 as Direct Linear Solver

No. of Data Rows : 6
voa = 6.0653089706e-05
ddc = -1.897163589e-08
dde = 1.8454922873e-08
Reset re-loads circuit * comparator-offset-mc @ sf_125c_3.63v -- generated by sim/harness, do not edit

Circuit: * comparator-offset-mc @ sf_125c_3.63v -- generated by sim/harness, do not edit

Doing analysis at TEMP = 125.000000 and TNOM = 27.000000

Using SPARSE 1.3 as Direct Linear Solver

No. of Data Rows : 6
voa = -3.699863938e-04
ddc = -1.138892307e-07
dde = 1.1090083784e-07
Reset re-loads circuit * comparator-offset-mc @ sf_125c_3.63v -- generated by sim/harness, do not edit

Circuit: * comparator-offset-mc @ sf_125c_3.63v -- generated by sim/harness, do not edit

Doing analysis at TEMP = 125.000000 and TNOM = 27.000000

Using SPARSE 1.3 as Direct Linear Solver

No. of Data Rows : 6
voa = -4.837127609e-04
ddc = -2.528544857e-08
dde = 2.4545645885e-08
Reset re-loads circuit * comparator-offset-mc @ sf_125c_3.63v -- generated by sim/harness, do not edit

Circuit: * comparator-offset-mc @ sf_125c_3.63v -- generated by sim/harness, do not edit

Doing analysis at TEMP = 125.000000 and TNOM = 27.000000

Using SPARSE 1.3 as Direct Linear Solver

No. of Data Rows : 6
voa = 1.1642021271e-03
ddc = -1.360821905e-07
dde = 1.3212381336e-07
Reset re-loads circuit * comparator-offset-mc @ sf_125c_3.63v -- generated by sim/harness, do not edit

Circuit: * comparator-offset-mc @ sf_125c_3.63v -- generated by sim/harness, do not edit

Doing analysis at TEMP = 125.000000 and TNOM = 27.000000

Using SPARSE 1.3 as Direct Linear Solver
 Reference value :  0.00000e+00
No. of Data Rows : 6
voa = 2.8967347095e-03
ddc = -3.258493586e-07
dde = 3.1691671480e-07
Reset re-loads circuit * comparator-offset-mc @ sf_125c_3.63v -- generated by sim/harness, do not edit

Circuit: * comparator-offset-mc @ sf_125c_3.63v -- generated by sim/harness, do not edit

Doing analysis at TEMP = 125.000000 and TNOM = 27.000000

Using SPARSE 1.3 as Direct Linear Solver

No. of Data Rows : 6
voa = 1.1278456285e-03
ddc = -6.790427514e-08
dde = 6.5786551872e-08
Reset re-loads circuit * comparator-offset-mc @ sf_125c_3.63v -- generated by sim/harness, do not edit

Circuit: * comparator-offset-mc @ sf_125c_3.63v -- generated by sim/harness, do not edit

Doing analysis at TEMP = 125.000000 and TNOM = 27.000000

Using SPARSE 1.3 as Direct Linear Solver

No. of Data Rows : 6
voa = 8.4491224691e-05
ddc = -2.001899735e-08
dde = 1.9500290475e-08
Reset re-loads circuit * comparator-offset-mc @ sf_125c_3.63v -- generated by sim/harness, do not edit

Circuit: * comparator-offset-mc @ sf_125c_3.63v -- generated by sim/harness, do not edit

Doing analysis at TEMP = 125.000000 and TNOM = 27.000000

Using SPARSE 1.3 as Direct Linear Solver

No. of Data Rows : 6
voa = -2.970609521e-04
ddc = 5.4482850622e-08
dde = -5.299220654e-08
Reset re-loads circuit * comparator-offset-mc @ sf_125c_3.63v -- generated by sim/harness, do not edit

Circuit: * comparator-offset-mc @ sf_125c_3.63v -- generated by sim/harness, do not edit

Doing analysis at TEMP = 125.000000 and TNOM = 27.000000

Using SPARSE 1.3 as Direct Linear Solver

No. of Data Rows : 6
voa = -3.020616144e-03
ddc = 3.1622705579e-07
dde = -3.085646008e-07
Reset re-loads circuit * comparator-offset-mc @ sf_125c_3.63v -- generated by sim/harness, do not edit

Circuit: * comparator-offset-mc @ sf_125c_3.63v -- generated by sim/harness, do not edit

Doing analysis at TEMP = 125.000000 and TNOM = 27.000000

Using SPARSE 1.3 as Direct Linear Solver

No. of Data Rows : 6
voa = 2.7200836651e-05
ddc = 3.1416551607e-08
dde = -3.060789820e-08
Reset re-loads circuit * comparator-offset-mc @ sf_125c_3.63v -- generated by sim/harness, do not edit

Circuit: * comparator-offset-mc @ sf_125c_3.63v -- generated by sim/harness, do not edit

Doing analysis at TEMP = 125.000000 and TNOM = 27.000000

Using SPARSE 1.3 as Direct Linear Solver

No. of Data Rows : 6
voa = -4.513307750e-04
ddc = 1.3417263897e-07
dde = -1.310344192e-07
Reset re-loads circuit * comparator-offset-mc @ sf_125c_3.63v -- generated by sim/harness, do not edit

Circuit: * comparator-offset-mc @ sf_125c_3.63v -- generated by sim/harness, do not edit

Doing analysis at TEMP = 125.000000 and TNOM = 27.000000

Using SPARSE 1.3 as Direct Linear Solver

No. of Data Rows : 6
voa = -1.662379241e-03
ddc = 1.5605158390e-07
dde = -1.520290688e-07
Reset re-loads circuit * comparator-offset-mc @ sf_125c_3.63v -- generated by sim/harness, do not edit

Circuit: * comparator-offset-mc @ sf_125c_3.63v -- generated by sim/harness, do not edit

Doing analysis at TEMP = 125.000000 and TNOM = 27.000000

Using SPARSE 1.3 as Direct Linear Solver

No. of Data Rows : 6
voa = 2.1175608695e-03
ddc = -3.269928831e-07
dde = 3.1785032352e-07
Reset re-loads circuit * comparator-offset-mc @ sf_125c_3.63v -- generated by sim/harness, do not edit

Circuit: * comparator-offset-mc @ sf_125c_3.63v -- generated by sim/harness, do not edit

Doing analysis at TEMP = 125.000000 and TNOM = 27.000000

Using SPARSE 1.3 as Direct Linear Solver

No. of Data Rows : 6
voa = -1.330916926e-04
ddc = -3.925134762e-08
dde = 3.8173294698e-08
Reset re-loads circuit * comparator-offset-mc @ sf_125c_3.63v -- generated by sim/harness, do not edit

Circuit: * comparator-offset-mc @ sf_125c_3.63v -- generated by sim/harness, do not edit

Doing analysis at TEMP = 125.000000 and TNOM = 27.000000

Using SPARSE 1.3 as Direct Linear Solver

No. of Data Rows : 6
voa = 5.8523885114e-04
ddc = 1.2796662165e-07
dde = -1.248018870e-07
Reset re-loads circuit * comparator-offset-mc @ sf_125c_3.63v -- generated by sim/harness, do not edit

Circuit: * comparator-offset-mc @ sf_125c_3.63v -- generated by sim/harness, do not edit

Doing analysis at TEMP = 125.000000 and TNOM = 27.000000

Using SPARSE 1.3 as Direct Linear Solver

No. of Data Rows : 6
voa = -9.485407329e-04
ddc = 1.4814082150e-07
dde = -1.443624306e-07
Reset re-loads circuit * comparator-offset-mc @ sf_125c_3.63v -- generated by sim/harness, do not edit

Circuit: * comparator-offset-mc @ sf_125c_3.63v -- generated by sim/harness, do not edit

Doing analysis at TEMP = 125.000000 and TNOM = 27.000000

Using SPARSE 1.3 as Direct Linear Solver

No. of Data Rows : 6
voa = -4.758920800e-04
ddc = -1.210578566e-07
dde = 1.1810461665e-07
Reset re-loads circuit * comparator-offset-mc @ sf_125c_3.63v -- generated by sim/harness, do not edit

Circuit: * comparator-offset-mc @ sf_125c_3.63v -- generated by sim/harness, do not edit

Doing analysis at TEMP = 125.000000 and TNOM = 27.000000

Using SPARSE 1.3 as Direct Linear Solver

No. of Data Rows : 6
voa = 1.4443795618e-03
ddc = -1.669266271e-07
dde = 1.6228302283e-07
Reset re-loads circuit * comparator-offset-mc @ sf_125c_3.63v -- generated by sim/harness, do not edit

Circuit: * comparator-offset-mc @ sf_125c_3.63v -- generated by sim/harness, do not edit

Doing analysis at TEMP = 125.000000 and TNOM = 27.000000

Using SPARSE 1.3 as Direct Linear Solver

No. of Data Rows : 6
voa = -2.300964765e-04
ddc = 1.2036669959e-08
dde = -1.167861131e-08
Reset re-loads circuit * comparator-offset-mc @ sf_125c_3.63v -- generated by sim/harness, do not edit

Circuit: * comparator-offset-mc @ sf_125c_3.63v -- generated by sim/harness, do not edit

Doing analysis at TEMP = 125.000000 and TNOM = 27.000000

Using SPARSE 1.3 as Direct Linear Solver

No. of Data Rows : 6
voa = -3.171809971e-05
ddc = -1.143472501e-07
dde = 1.1172945664e-07
Reset re-loads circuit * comparator-offset-mc @ sf_125c_3.63v -- generated by sim/harness, do not edit

Circuit: * comparator-offset-mc @ sf_125c_3.63v -- generated by sim/harness, do not edit

Doing analysis at TEMP = 125.000000 and TNOM = 27.000000

Using SPARSE 1.3 as Direct Linear Solver

No. of Data Rows : 6
voa = 5.3772792983e-04
ddc = -9.380203811e-08
dde = 9.1034217060e-08
Reset re-loads circuit * comparator-offset-mc @ sf_125c_3.63v -- generated by sim/harness, do not edit

Circuit: * comparator-offset-mc @ sf_125c_3.63v -- generated by sim/harness, do not edit

Doing analysis at TEMP = 125.000000 and TNOM = 27.000000

Using SPARSE 1.3 as Direct Linear Solver

No. of Data Rows : 6
voa = -2.124681972e-03
ddc = 2.6307987417e-07
dde = -2.564468810e-07
Reset re-loads circuit * comparator-offset-mc @ sf_125c_3.63v -- generated by sim/harness, do not edit

Circuit: * comparator-offset-mc @ sf_125c_3.63v -- generated by sim/harness, do not edit

Doing analysis at TEMP = 125.000000 and TNOM = 27.000000

Using SPARSE 1.3 as Direct Linear Solver

No. of Data Rows : 6
voa = -1.580464689e-03
ddc = 1.2702765207e-07
dde = -1.237105524e-07
Reset re-loads circuit * comparator-offset-mc @ sf_125c_3.63v -- generated by sim/harness, do not edit

Circuit: * comparator-offset-mc @ sf_125c_3.63v -- generated by sim/harness, do not edit

Doing analysis at TEMP = 125.000000 and TNOM = 27.000000

Using SPARSE 1.3 as Direct Linear Solver

No. of Data Rows : 6
voa = -5.132234686e-04
ddc = 1.6731778899e-07
dde = -1.630560043e-07
Reset re-loads circuit * comparator-offset-mc @ sf_125c_3.63v -- generated by sim/harness, do not edit

Circuit: * comparator-offset-mc @ sf_125c_3.63v -- generated by sim/harness, do not edit

Doing analysis at TEMP = 125.000000 and TNOM = 27.000000

Using SPARSE 1.3 as Direct Linear Solver

No. of Data Rows : 6
voa = -3.965684529e-03
ddc = 4.2211692417e-07
dde = -4.120811485e-07
Reset re-loads circuit * comparator-offset-mc @ sf_125c_3.63v -- generated by sim/harness, do not edit

Circuit: * comparator-offset-mc @ sf_125c_3.63v -- generated by sim/harness, do not edit

Doing analysis at TEMP = 125.000000 and TNOM = 27.000000

Using SPARSE 1.3 as Direct Linear Solver

No. of Data Rows : 6
voa = -1.138738492e-03
ddc = 4.0477159052e-08
dde = -3.939346150e-08
Reset re-loads circuit * comparator-offset-mc @ sf_125c_3.63v -- generated by sim/harness, do not edit

Circuit: * comparator-offset-mc @ sf_125c_3.63v -- generated by sim/harness, do not edit

Doing analysis at TEMP = 125.000000 and TNOM = 27.000000

Using SPARSE 1.3 as Direct Linear Solver

No. of Data Rows : 6
voa = 1.0839332082e-04
ddc = -1.248373437e-07
dde = 1.2162272368e-07
Reset re-loads circuit * comparator-offset-mc @ sf_125c_3.63v -- generated by sim/harness, do not edit

Circuit: * comparator-offset-mc @ sf_125c_3.63v -- generated by sim/harness, do not edit

Doing analysis at TEMP = 125.000000 and TNOM = 27.000000

Using SPARSE 1.3 as Direct Linear Solver

No. of Data Rows : 6
voa = 7.9207067981e-04
ddc = -1.375770424e-07
dde = 1.3398393749e-07
Reset re-loads circuit * comparator-offset-mc @ sf_125c_3.63v -- generated by sim/harness, do not edit

Circuit: * comparator-offset-mc @ sf_125c_3.63v -- generated by sim/harness, do not edit

Doing analysis at TEMP = 125.000000 and TNOM = 27.000000

Using SPARSE 1.3 as Direct Linear Solver

No. of Data Rows : 6
voa = -2.269134123e-04
ddc = 1.2592513025e-07
dde = -1.228534549e-07
Reset re-loads circuit * comparator-offset-mc @ sf_125c_3.63v -- generated by sim/harness, do not edit

Circuit: * comparator-offset-mc @ sf_125c_3.63v -- generated by sim/harness, do not edit

Doing analysis at TEMP = 125.000000 and TNOM = 27.000000

Using SPARSE 1.3 as Direct Linear Solver

No. of Data Rows : 6
voa = -1.493604778e-03
ddc = 1.1660203625e-07
dde = -1.135583373e-07
Reset re-loads circuit * comparator-offset-mc @ sf_125c_3.63v -- generated by sim/harness, do not edit

Circuit: * comparator-offset-mc @ sf_125c_3.63v -- generated by sim/harness, do not edit

Doing analysis at TEMP = 125.000000 and TNOM = 27.000000

Using SPARSE 1.3 as Direct Linear Solver

No. of Data Rows : 6
voa = 6.7256875433e-04
ddc = -1.607383233e-07
dde = 1.5665647685e-07
Reset re-loads circuit * comparator-offset-mc @ sf_125c_3.63v -- generated by sim/harness, do not edit

Circuit: * comparator-offset-mc @ sf_125c_3.63v -- generated by sim/harness, do not edit

Doing analysis at TEMP = 125.000000 and TNOM = 27.000000

Using SPARSE 1.3 as Direct Linear Solver

No. of Data Rows : 6
voa = -2.311796508e-03
ddc = -9.219907597e-08
dde = 8.9796533674e-08
Reset re-loads circuit * comparator-offset-mc @ sf_125c_3.63v -- generated by sim/harness, do not edit

Circuit: * comparator-offset-mc @ sf_125c_3.63v -- generated by sim/harness, do not edit

Doing analysis at TEMP = 125.000000 and TNOM = 27.000000

Using SPARSE 1.3 as Direct Linear Solver

No. of Data Rows : 6
voa = -2.811325107e-03
ddc = 8.3396876158e-08
dde = -8.158663700e-08
Reset re-loads circuit * comparator-offset-mc @ sf_125c_3.63v -- generated by sim/harness, do not edit

Circuit: * comparator-offset-mc @ sf_125c_3.63v -- generated by sim/harness, do not edit

Doing analysis at TEMP = 125.000000 and TNOM = 27.000000

Using SPARSE 1.3 as Direct Linear Solver

No. of Data Rows : 6
voa = 2.7597175042e-03
ddc = -1.690758825e-07
dde = 1.6338769876e-07
Reset re-loads circuit * comparator-offset-mc @ sf_125c_3.63v -- generated by sim/harness, do not edit

Circuit: * comparator-offset-mc @ sf_125c_3.63v -- generated by sim/harness, do not edit

Doing analysis at TEMP = 125.000000 and TNOM = 27.000000

Using SPARSE 1.3 as Direct Linear Solver

No. of Data Rows : 6
voa = 4.1574987520e-05
ddc = 5.0570167627e-09
dde = -4.957308292e-09
Reset re-loads circuit * comparator-offset-mc @ sf_125c_3.63v -- generated by sim/harness, do not edit

Circuit: * comparator-offset-mc @ sf_125c_3.63v -- generated by sim/harness, do not edit

Doing analysis at TEMP = 125.000000 and TNOM = 27.000000

Using SPARSE 1.3 as Direct Linear Solver

No. of Data Rows : 6
voa = -1.047482665e-03
ddc = 1.9464178922e-07
dde = -1.896474054e-07
Reset re-loads circuit * comparator-offset-mc @ sf_125c_3.63v -- generated by sim/harness, do not edit

Circuit: * comparator-offset-mc @ sf_125c_3.63v -- generated by sim/harness, do not edit

Doing analysis at TEMP = 125.000000 and TNOM = 27.000000

Using SPARSE 1.3 as Direct Linear Solver

No. of Data Rows : 6
voa = -7.295707833e-04
ddc = -3.100348648e-08
dde = 3.0261661853e-08
Reset re-loads circuit * comparator-offset-mc @ sf_125c_3.63v -- generated by sim/harness, do not edit

Circuit: * comparator-offset-mc @ sf_125c_3.63v -- generated by sim/harness, do not edit

Doing analysis at TEMP = 125.000000 and TNOM = 27.000000

Using SPARSE 1.3 as Direct Linear Solver

No. of Data Rows : 6
voa = -1.835877028e-03
ddc = 1.9278128585e-07
dde = -1.880004372e-07
Reset re-loads circuit * comparator-offset-mc @ sf_125c_3.63v -- generated by sim/harness, do not edit

Circuit: * comparator-offset-mc @ sf_125c_3.63v -- generated by sim/harness, do not edit

Doing analysis at TEMP = 125.000000 and TNOM = 27.000000

Using SPARSE 1.3 as Direct Linear Solver

No. of Data Rows : 6
voa = -7.869162350e-04
ddc = 2.6395727829e-08
dde = -2.566563511e-08
m_n_samples = 2.0000000000e+02
m_sig_vos_mv = 1.6383019524e+00
m_vos_3sig_mv = 4.9149058571e+00
m_mean_vos_uv = -5.607616725e+01
m_mean_vos_sem = -4.840601950e-01
m_sig_dvos_dn_uv = 1.7111871029e-01
m_sig_dvos_up_uv = 1.6642900753e-01
m_mean_dvos_dn_uv = 6.4565093239e-03
m_mean_dvos_up_uv = -6.581046052e-03
m_av_mean = 7.1245314177e+00
m_av_sigma_pct = 2.1308587395e+00
m_sig_rpair_uv = 0.0000000000e+00
m_vbias_anchor_mv = 7.6961509743e+02
Note: Simulation executed from .control section 

