
Note: No compatibility mode selected!


Circuit: * comparator-offset-mc @ sf_27c_3.63v -- generated by sim/harness, do not edit

Reset re-loads circuit * comparator-offset-mc @ sf_27c_3.63v -- generated by sim/harness, do not edit

Circuit: * comparator-offset-mc @ sf_27c_3.63v -- generated by sim/harness, do not edit

Doing analysis at TEMP = 27.000000 and TNOM = 27.000000

Using SPARSE 1.3 as Direct Linear Solver

No. of Data Rows : 6
voa = 1.4716797203e-03
ddc = -2.792748718e-07
dde = 2.7566485792e-07
Reset re-loads circuit * comparator-offset-mc @ sf_27c_3.63v -- generated by sim/harness, do not edit

Circuit: * comparator-offset-mc @ sf_27c_3.63v -- generated by sim/harness, do not edit

Doing analysis at TEMP = 27.000000 and TNOM = 27.000000

Using SPARSE 1.3 as Direct Linear Solver

No. of Data Rows : 6
voa = 1.4328566058e-03
ddc = -2.126695342e-07
dde = 2.0636750746e-07
Reset re-loads circuit * comparator-offset-mc @ sf_27c_3.63v -- generated by sim/harness, do not edit

Circuit: * comparator-offset-mc @ sf_27c_3.63v -- generated by sim/harness, do not edit

Doing analysis at TEMP = 27.000000 and TNOM = 27.000000

Using SPARSE 1.3 as Direct Linear Solver

No. of Data Rows : 6
voa = -1.010445040e-03
ddc = 1.4578594459e-07
dde = -1.411727365e-07
Reset re-loads circuit * comparator-offset-mc @ sf_27c_3.63v -- generated by sim/harness, do not edit

Circuit: * comparator-offset-mc @ sf_27c_3.63v -- generated by sim/harness, do not edit

Doing analysis at TEMP = 27.000000 and TNOM = 27.000000

Using SPARSE 1.3 as Direct Linear Solver

No. of Data Rows : 6
voa = 2.7966250260e-04
ddc = -4.933866671e-08
dde = 4.8601722863e-08
Reset re-loads circuit * comparator-offset-mc @ sf_27c_3.63v -- generated by sim/harness, do not edit

Circuit: * comparator-offset-mc @ sf_27c_3.63v -- generated by sim/harness, do not edit

Doing analysis at TEMP = 27.000000 and TNOM = 27.000000

Using SPARSE 1.3 as Direct Linear Solver

No. of Data Rows : 6
voa = -4.305326897e-04
ddc = 6.8090955964e-08
dde = -6.645034659e-08
Reset re-loads circuit * comparator-offset-mc @ sf_27c_3.63v -- generated by sim/harness, do not edit

Circuit: * comparator-offset-mc @ sf_27c_3.63v -- generated by sim/harness, do not edit

Doing analysis at TEMP = 27.000000 and TNOM = 27.000000

Using SPARSE 1.3 as Direct Linear Solver

No. of Data Rows : 6
voa = 1.8502025797e-03
ddc = -2.643902501e-07
dde = 2.5579763063e-07
Reset re-loads circuit * comparator-offset-mc @ sf_27c_3.63v -- generated by sim/harness, do not edit

Circuit: * comparator-offset-mc @ sf_27c_3.63v -- generated by sim/harness, do not edit

Doing analysis at TEMP = 27.000000 and TNOM = 27.000000

Using SPARSE 1.3 as Direct Linear Solver

No. of Data Rows : 6
voa = 1.8681370101e-03
ddc = -2.784610025e-07
dde = 2.7010895968e-07
Reset re-loads circuit * comparator-offset-mc @ sf_27c_3.63v -- generated by sim/harness, do not edit

Circuit: * comparator-offset-mc @ sf_27c_3.63v -- generated by sim/harness, do not edit

Doing analysis at TEMP = 27.000000 and TNOM = 27.000000

Using SPARSE 1.3 as Direct Linear Solver

No. of Data Rows : 6
voa = -1.453988115e-04
ddc = 3.7837281061e-08
dde = -3.799317432e-08
Reset re-loads circuit * comparator-offset-mc @ sf_27c_3.63v -- generated by sim/harness, do not edit

Circuit: * comparator-offset-mc @ sf_27c_3.63v -- generated by sim/harness, do not edit

Doing analysis at TEMP = 27.000000 and TNOM = 27.000000

Using SPARSE 1.3 as Direct Linear Solver

No. of Data Rows : 6
voa = 1.2788776080e-03
ddc = -1.428024724e-07
dde = 1.3588474674e-07
Reset re-loads circuit * comparator-offset-mc @ sf_27c_3.63v -- generated by sim/harness, do not edit

Circuit: * comparator-offset-mc @ sf_27c_3.63v -- generated by sim/harness, do not edit

Doing analysis at TEMP = 27.000000 and TNOM = 27.000000

Using SPARSE 1.3 as Direct Linear Solver

No. of Data Rows : 6
voa = -7.017129069e-04
ddc = 6.7894987490e-08
dde = -6.305172952e-08
Reset re-loads circuit * comparator-offset-mc @ sf_27c_3.63v -- generated by sim/harness, do not edit

Circuit: * comparator-offset-mc @ sf_27c_3.63v -- generated by sim/harness, do not edit

Doing analysis at TEMP = 27.000000 and TNOM = 27.000000

Using SPARSE 1.3 as Direct Linear Solver

No. of Data Rows : 6
voa = -3.549779320e-03
ddc = 5.7662420997e-07
dde = -5.644076662e-07
Reset re-loads circuit * comparator-offset-mc @ sf_27c_3.63v -- generated by sim/harness, do not edit

Circuit: * comparator-offset-mc @ sf_27c_3.63v -- generated by sim/harness, do not edit

Doing analysis at TEMP = 27.000000 and TNOM = 27.000000

Using SPARSE 1.3 as Direct Linear Solver

No. of Data Rows : 6
voa = -7.004815256e-04
ddc = 1.3531113315e-07
dde = -1.337748592e-07
Reset re-loads circuit * comparator-offset-mc @ sf_27c_3.63v -- generated by sim/harness, do not edit

Circuit: * comparator-offset-mc @ sf_27c_3.63v -- generated by sim/harness, do not edit

Doing analysis at TEMP = 27.000000 and TNOM = 27.000000

Using SPARSE 1.3 as Direct Linear Solver

No. of Data Rows : 6
voa = -5.764040819e-04
ddc = 1.0717151242e-07
dde = -1.059009218e-07
Reset re-loads circuit * comparator-offset-mc @ sf_27c_3.63v -- generated by sim/harness, do not edit

Circuit: * comparator-offset-mc @ sf_27c_3.63v -- generated by sim/harness, do not edit

Doing analysis at TEMP = 27.000000 and TNOM = 27.000000

Using SPARSE 1.3 as Direct Linear Solver

No. of Data Rows : 6
voa = -3.381960231e-04
ddc = 5.8067612152e-08
dde = -5.714203446e-08
Reset re-loads circuit * comparator-offset-mc @ sf_27c_3.63v -- generated by sim/harness, do not edit

Circuit: * comparator-offset-mc @ sf_27c_3.63v -- generated by sim/harness, do not edit

Doing analysis at TEMP = 27.000000 and TNOM = 27.000000

Using SPARSE 1.3 as Direct Linear Solver

No. of Data Rows : 6
voa = 3.4221265667e-03
ddc = -6.190425497e-07
dde = 6.0877124012e-07
Reset re-loads circuit * comparator-offset-mc @ sf_27c_3.63v -- generated by sim/harness, do not edit

Circuit: * comparator-offset-mc @ sf_27c_3.63v -- generated by sim/harness, do not edit

Doing analysis at TEMP = 27.000000 and TNOM = 27.000000

Using SPARSE 1.3 as Direct Linear Solver

No. of Data Rows : 6
voa = -5.838144094e-04
ddc = 1.1126001965e-07
dde = -1.096534654e-07
Reset re-loads circuit * comparator-offset-mc @ sf_27c_3.63v -- generated by sim/harness, do not edit

Circuit: * comparator-offset-mc @ sf_27c_3.63v -- generated by sim/harness, do not edit

Doing analysis at TEMP = 27.000000 and TNOM = 27.000000

Using SPARSE 1.3 as Direct Linear Solver

No. of Data Rows : 6
voa = -1.310955935e-03
ddc = 2.4235156825e-07
dde = -2.394487548e-07
Reset re-loads circuit * comparator-offset-mc @ sf_27c_3.63v -- generated by sim/harness, do not edit

Circuit: * comparator-offset-mc @ sf_27c_3.63v -- generated by sim/harness, do not edit

Doing analysis at TEMP = 27.000000 and TNOM = 27.000000

Using SPARSE 1.3 as Direct Linear Solver

No. of Data Rows : 6
voa = 5.2466690896e-04
ddc = -9.564103303e-08
dde = 9.4378017689e-08
Reset re-loads circuit * comparator-offset-mc @ sf_27c_3.63v -- generated by sim/harness, do not edit

Circuit: * comparator-offset-mc @ sf_27c_3.63v -- generated by sim/harness, do not edit

Doing analysis at TEMP = 27.000000 and TNOM = 27.000000

Using SPARSE 1.3 as Direct Linear Solver

No. of Data Rows : 6
voa = -1.802863750e-03
ddc = 3.2188485969e-07
dde = -3.173552870e-07
Reset re-loads circuit * comparator-offset-mc @ sf_27c_3.63v -- generated by sim/harness, do not edit

Circuit: * comparator-offset-mc @ sf_27c_3.63v -- generated by sim/harness, do not edit

Doing analysis at TEMP = 27.000000 and TNOM = 27.000000

Using SPARSE 1.3 as Direct Linear Solver

No. of Data Rows : 6
voa = -1.469782389e-03
ddc = 2.2884288880e-07
dde = -2.230793151e-07
Reset re-loads circuit * comparator-offset-mc @ sf_27c_3.63v -- generated by sim/harness, do not edit

Circuit: * comparator-offset-mc @ sf_27c_3.63v -- generated by sim/harness, do not edit

Doing analysis at TEMP = 27.000000 and TNOM = 27.000000

Using SPARSE 1.3 as Direct Linear Solver

No. of Data Rows : 6
voa = -2.200060893e-03
ddc = 3.1490712002e-07
dde = -3.045108792e-07
Reset re-loads circuit * comparator-offset-mc @ sf_27c_3.63v -- generated by sim/harness, do not edit

Circuit: * comparator-offset-mc @ sf_27c_3.63v -- generated by sim/harness, do not edit

Doing analysis at TEMP = 27.000000 and TNOM = 27.000000

Using SPARSE 1.3 as Direct Linear Solver

No. of Data Rows : 6
voa = -1.550414925e-03
ddc = 2.5066472509e-07
dde = -2.451145890e-07
Reset re-loads circuit * comparator-offset-mc @ sf_27c_3.63v -- generated by sim/harness, do not edit

Circuit: * comparator-offset-mc @ sf_27c_3.63v -- generated by sim/harness, do not edit

Doing analysis at TEMP = 27.000000 and TNOM = 27.000000

Using SPARSE 1.3 as Direct Linear Solver

No. of Data Rows : 6
voa = 1.5171251741e-03
ddc = -1.895156952e-07
dde = 1.8027345824e-07
Reset re-loads circuit * comparator-offset-mc @ sf_27c_3.63v -- generated by sim/harness, do not edit

Circuit: * comparator-offset-mc @ sf_27c_3.63v -- generated by sim/harness, do not edit

Doing analysis at TEMP = 27.000000 and TNOM = 27.000000

Using SPARSE 1.3 as Direct Linear Solver

No. of Data Rows : 6
voa = 1.0170242365e-03
ddc = -1.775063356e-07
dde = 1.7464404592e-07
Reset re-loads circuit * comparator-offset-mc @ sf_27c_3.63v -- generated by sim/harness, do not edit

Circuit: * comparator-offset-mc @ sf_27c_3.63v -- generated by sim/harness, do not edit

Doing analysis at TEMP = 27.000000 and TNOM = 27.000000

Using SPARSE 1.3 as Direct Linear Solver

No. of Data Rows : 6
voa = -1.438024932e-03
ddc = 2.4556849486e-07
dde = -2.409436541e-07
Reset re-loads circuit * comparator-offset-mc @ sf_27c_3.63v -- generated by sim/harness, do not edit

Circuit: * comparator-offset-mc @ sf_27c_3.63v -- generated by sim/harness, do not edit

Doing analysis at TEMP = 27.000000 and TNOM = 27.000000

Using SPARSE 1.3 as Direct Linear Solver

No. of Data Rows : 6
voa = 8.5070363971e-04
ddc = -1.067875933e-07
dde = 1.0086901898e-07
Reset re-loads circuit * comparator-offset-mc @ sf_27c_3.63v -- generated by sim/harness, do not edit

Circuit: * comparator-offset-mc @ sf_27c_3.63v -- generated by sim/harness, do not edit

Doing analysis at TEMP = 27.000000 and TNOM = 27.000000

Using SPARSE 1.3 as Direct Linear Solver

No. of Data Rows : 6
voa = 9.4043066019e-04
ddc = -8.787343454e-08
dde = 8.1506259744e-08
Reset re-loads circuit * comparator-offset-mc @ sf_27c_3.63v -- generated by sim/harness, do not edit

Circuit: * comparator-offset-mc @ sf_27c_3.63v -- generated by sim/harness, do not edit

Doing analysis at TEMP = 27.000000 and TNOM = 27.000000

Using SPARSE 1.3 as Direct Linear Solver

No. of Data Rows : 6
voa = 2.3951678363e-03
ddc = -3.297801158e-07
dde = 3.1719172624e-07
Reset re-loads circuit * comparator-offset-mc @ sf_27c_3.63v -- generated by sim/harness, do not edit

Circuit: * comparator-offset-mc @ sf_27c_3.63v -- generated by sim/harness, do not edit

Doing analysis at TEMP = 27.000000 and TNOM = 27.000000

Using SPARSE 1.3 as Direct Linear Solver

No. of Data Rows : 6
voa = 1.7714417527e-03
ddc = -2.679024446e-07
dde = 2.6025495438e-07
Reset re-loads circuit * comparator-offset-mc @ sf_27c_3.63v -- generated by sim/harness, do not edit

Circuit: * comparator-offset-mc @ sf_27c_3.63v -- generated by sim/harness, do not edit

Doing analysis at TEMP = 27.000000 and TNOM = 27.000000

Using SPARSE 1.3 as Direct Linear Solver

No. of Data Rows : 6
voa = 2.7198699224e-04
ddc = -6.610513672e-08
dde = 6.6535742344e-08
Reset re-loads circuit * comparator-offset-mc @ sf_27c_3.63v -- generated by sim/harness, do not edit

Circuit: * comparator-offset-mc @ sf_27c_3.63v -- generated by sim/harness, do not edit

Doing analysis at TEMP = 27.000000 and TNOM = 27.000000

Using SPARSE 1.3 as Direct Linear Solver

No. of Data Rows : 6
voa = 1.7967935569e-03
ddc = -2.817482594e-07
dde = 2.7435574000e-07
Reset re-loads circuit * comparator-offset-mc @ sf_27c_3.63v -- generated by sim/harness, do not edit

Circuit: * comparator-offset-mc @ sf_27c_3.63v -- generated by sim/harness, do not edit

Doing analysis at TEMP = 27.000000 and TNOM = 27.000000

Using SPARSE 1.3 as Direct Linear Solver

No. of Data Rows : 6
voa = -1.117324875e-03
ddc = 1.9548818310e-07
dde = -1.918308639e-07
Reset re-loads circuit * comparator-offset-mc @ sf_27c_3.63v -- generated by sim/harness, do not edit

Circuit: * comparator-offset-mc @ sf_27c_3.63v -- generated by sim/harness, do not edit

Doing analysis at TEMP = 27.000000 and TNOM = 27.000000

Using SPARSE 1.3 as Direct Linear Solver

No. of Data Rows : 6
voa = 8.8190523659e-04
ddc = -2.092261853e-07
dde = 2.0840441775e-07
Reset re-loads circuit * comparator-offset-mc @ sf_27c_3.63v -- generated by sim/harness, do not edit

Circuit: * comparator-offset-mc @ sf_27c_3.63v -- generated by sim/harness, do not edit

Doing analysis at TEMP = 27.000000 and TNOM = 27.000000

Using SPARSE 1.3 as Direct Linear Solver

No. of Data Rows : 6
voa = 1.5391822791e-03
ddc = -2.325346742e-07
dde = 2.2548041138e-07
Reset re-loads circuit * comparator-offset-mc @ sf_27c_3.63v -- generated by sim/harness, do not edit

Circuit: * comparator-offset-mc @ sf_27c_3.63v -- generated by sim/harness, do not edit

Doing analysis at TEMP = 27.000000 and TNOM = 27.000000

Using SPARSE 1.3 as Direct Linear Solver

No. of Data Rows : 6
voa = -1.909083516e-03
ddc = 2.8583309566e-07
dde = -2.769725423e-07
Reset re-loads circuit * comparator-offset-mc @ sf_27c_3.63v -- generated by sim/harness, do not edit

Circuit: * comparator-offset-mc @ sf_27c_3.63v -- generated by sim/harness, do not edit

Doing analysis at TEMP = 27.000000 and TNOM = 27.000000

Using SPARSE 1.3 as Direct Linear Solver

No. of Data Rows : 6
voa = -9.393326313e-05
ddc = 1.4917653171e-08
dde = -1.455647986e-08
Reset re-loads circuit * comparator-offset-mc @ sf_27c_3.63v -- generated by sim/harness, do not edit

Circuit: * comparator-offset-mc @ sf_27c_3.63v -- generated by sim/harness, do not edit

Doing analysis at TEMP = 27.000000 and TNOM = 27.000000

Using SPARSE 1.3 as Direct Linear Solver

No. of Data Rows : 6
voa = 1.6804011951e-03
ddc = -2.943665070e-07
dde = 2.8887133350e-07
Reset re-loads circuit * comparator-offset-mc @ sf_27c_3.63v -- generated by sim/harness, do not edit

Circuit: * comparator-offset-mc @ sf_27c_3.63v -- generated by sim/harness, do not edit

Doing analysis at TEMP = 27.000000 and TNOM = 27.000000

Using SPARSE 1.3 as Direct Linear Solver

No. of Data Rows : 6
voa = 7.3968410382e-04
ddc = -1.333297279e-07
dde = 1.3143560944e-07
Reset re-loads circuit * comparator-offset-mc @ sf_27c_3.63v -- generated by sim/harness, do not edit

Circuit: * comparator-offset-mc @ sf_27c_3.63v -- generated by sim/harness, do not edit

Doing analysis at TEMP = 27.000000 and TNOM = 27.000000

Using SPARSE 1.3 as Direct Linear Solver

No. of Data Rows : 6
voa = 1.9001618337e-03
ddc = -2.248880503e-07
dde = 2.1451016449e-07
Reset re-loads circuit * comparator-offset-mc @ sf_27c_3.63v -- generated by sim/harness, do not edit

Circuit: * comparator-offset-mc @ sf_27c_3.63v -- generated by sim/harness, do not edit

Doing analysis at TEMP = 27.000000 and TNOM = 27.000000

Using SPARSE 1.3 as Direct Linear Solver

No. of Data Rows : 6
voa = 1.1947217331e-04
ddc = -1.386832528e-09
dde = 6.6218177615e-11
Reset re-loads circuit * comparator-offset-mc @ sf_27c_3.63v -- generated by sim/harness, do not edit

Circuit: * comparator-offset-mc @ sf_27c_3.63v -- generated by sim/harness, do not edit

Doing analysis at TEMP = 27.000000 and TNOM = 27.000000

Using SPARSE 1.3 as Direct Linear Solver

No. of Data Rows : 6
voa = 2.4824260460e-03
ddc = -3.977493369e-07
dde = 3.8782828252e-07
Reset re-loads circuit * comparator-offset-mc @ sf_27c_3.63v -- generated by sim/harness, do not edit

Circuit: * comparator-offset-mc @ sf_27c_3.63v -- generated by sim/harness, do not edit

Doing analysis at TEMP = 27.000000 and TNOM = 27.000000

Using SPARSE 1.3 as Direct Linear Solver

No. of Data Rows : 6
voa = 1.7315418180e-03
ddc = -2.923892784e-07
dde = 2.8647891466e-07
Reset re-loads circuit * comparator-offset-mc @ sf_27c_3.63v -- generated by sim/harness, do not edit

Circuit: * comparator-offset-mc @ sf_27c_3.63v -- generated by sim/harness, do not edit

Doing analysis at TEMP = 27.000000 and TNOM = 27.000000

Using SPARSE 1.3 as Direct Linear Solver

No. of Data Rows : 6
voa = 1.5105522042e-03
ddc = -2.232218613e-07
dde = 2.1591504815e-07
Reset re-loads circuit * comparator-offset-mc @ sf_27c_3.63v -- generated by sim/harness, do not edit

Circuit: * comparator-offset-mc @ sf_27c_3.63v -- generated by sim/harness, do not edit

Doing analysis at TEMP = 27.000000 and TNOM = 27.000000

Using SPARSE 1.3 as Direct Linear Solver
 Reference value :  0.00000e+00
No. of Data Rows : 6
voa = -1.235710012e-03
ddc = 1.4710956932e-07
dde = -1.405410378e-07
Reset re-loads circuit * comparator-offset-mc @ sf_27c_3.63v -- generated by sim/harness, do not edit

Circuit: * comparator-offset-mc @ sf_27c_3.63v -- generated by sim/harness, do not edit

Doing analysis at TEMP = 27.000000 and TNOM = 27.000000

Using SPARSE 1.3 as Direct Linear Solver

No. of Data Rows : 6
voa = 3.1233142759e-03
ddc = -4.445478802e-07
dde = 4.2998567969e-07
Reset re-loads circuit * comparator-offset-mc @ sf_27c_3.63v -- generated by sim/harness, do not edit

Circuit: * comparator-offset-mc @ sf_27c_3.63v -- generated by sim/harness, do not edit

Doing analysis at TEMP = 27.000000 and TNOM = 27.000000

Using SPARSE 1.3 as Direct Linear Solver

No. of Data Rows : 6
voa = -1.573183570e-04
ddc = 7.7951925713e-08
dde = -8.026142408e-08
Reset re-loads circuit * comparator-offset-mc @ sf_27c_3.63v -- generated by sim/harness, do not edit

Circuit: * comparator-offset-mc @ sf_27c_3.63v -- generated by sim/harness, do not edit

Doing analysis at TEMP = 27.000000 and TNOM = 27.000000

Using SPARSE 1.3 as Direct Linear Solver

No. of Data Rows : 6
voa = -2.558488990e-03
ddc = 3.7120197214e-07
dde = -3.601384826e-07
Reset re-loads circuit * comparator-offset-mc @ sf_27c_3.63v -- generated by sim/harness, do not edit

Circuit: * comparator-offset-mc @ sf_27c_3.63v -- generated by sim/harness, do not edit

Doing analysis at TEMP = 27.000000 and TNOM = 27.000000

Using SPARSE 1.3 as Direct Linear Solver

No. of Data Rows : 6
voa = 1.2629258600e-03
ddc = -1.725190576e-07
dde = 1.6641419351e-07
Reset re-loads circuit * comparator-offset-mc @ sf_27c_3.63v -- generated by sim/harness, do not edit

Circuit: * comparator-offset-mc @ sf_27c_3.63v -- generated by sim/harness, do not edit

Doing analysis at TEMP = 27.000000 and TNOM = 27.000000

Using SPARSE 1.3 as Direct Linear Solver

No. of Data Rows : 6
voa = 2.0958811955e-03
ddc = -3.536232524e-07
dde = 3.4691732148e-07
Reset re-loads circuit * comparator-offset-mc @ sf_27c_3.63v -- generated by sim/harness, do not edit

Circuit: * comparator-offset-mc @ sf_27c_3.63v -- generated by sim/harness, do not edit

Doing analysis at TEMP = 27.000000 and TNOM = 27.000000

Using SPARSE 1.3 as Direct Linear Solver

No. of Data Rows : 6
voa = 1.8025155655e-03
ddc = -2.865272321e-07
dde = 2.7932664662e-07
Reset re-loads circuit * comparator-offset-mc @ sf_27c_3.63v -- generated by sim/harness, do not edit

Circuit: * comparator-offset-mc @ sf_27c_3.63v -- generated by sim/harness, do not edit

Doing analysis at TEMP = 27.000000 and TNOM = 27.000000

Using SPARSE 1.3 as Direct Linear Solver

No. of Data Rows : 6
voa = -2.853401285e-03
ddc = 4.5894090744e-07
dde = -4.488722598e-07
Reset re-loads circuit * comparator-offset-mc @ sf_27c_3.63v -- generated by sim/harness, do not edit

Circuit: * comparator-offset-mc @ sf_27c_3.63v -- generated by sim/harness, do not edit

Doing analysis at TEMP = 27.000000 and TNOM = 27.000000

Using SPARSE 1.3 as Direct Linear Solver

No. of Data Rows : 6
voa = -3.701664656e-05
ddc = -2.522546016e-09
dde = 3.5260309529e-09
Reset re-loads circuit * comparator-offset-mc @ sf_27c_3.63v -- generated by sim/harness, do not edit

Circuit: * comparator-offset-mc @ sf_27c_3.63v -- generated by sim/harness, do not edit

Doing analysis at TEMP = 27.000000 and TNOM = 27.000000

Using SPARSE 1.3 as Direct Linear Solver

No. of Data Rows : 6
voa = -1.182459778e-03
ddc = 2.5719508946e-07
dde = -2.547972478e-07
Reset re-loads circuit * comparator-offset-mc @ sf_27c_3.63v -- generated by sim/harness, do not edit

Circuit: * comparator-offset-mc @ sf_27c_3.63v -- generated by sim/harness, do not edit

Doing analysis at TEMP = 27.000000 and TNOM = 27.000000

Using SPARSE 1.3 as Direct Linear Solver

No. of Data Rows : 6
voa = 2.2252146040e-03
ddc = -2.999068910e-07
dde = 2.8830634523e-07
Reset re-loads circuit * comparator-offset-mc @ sf_27c_3.63v -- generated by sim/harness, do not edit

Circuit: * comparator-offset-mc @ sf_27c_3.63v -- generated by sim/harness, do not edit

Doing analysis at TEMP = 27.000000 and TNOM = 27.000000

Using SPARSE 1.3 as Direct Linear Solver

No. of Data Rows : 6
voa = 2.1612613948e-03
ddc = -2.970250673e-07
dde = 2.8603326095e-07
Reset re-loads circuit * comparator-offset-mc @ sf_27c_3.63v -- generated by sim/harness, do not edit

Circuit: * comparator-offset-mc @ sf_27c_3.63v -- generated by sim/harness, do not edit

Doing analysis at TEMP = 27.000000 and TNOM = 27.000000

Using SPARSE 1.3 as Direct Linear Solver

No. of Data Rows : 6
voa = 2.4772384826e-03
ddc = -3.305541727e-07
dde = 3.1700044557e-07
Reset re-loads circuit * comparator-offset-mc @ sf_27c_3.63v -- generated by sim/harness, do not edit

Circuit: * comparator-offset-mc @ sf_27c_3.63v -- generated by sim/harness, do not edit

Doing analysis at TEMP = 27.000000 and TNOM = 27.000000

Using SPARSE 1.3 as Direct Linear Solver

No. of Data Rows : 6
voa = -1.438318123e-03
ddc = 1.9289187122e-07
dde = -1.851371657e-07
Reset re-loads circuit * comparator-offset-mc @ sf_27c_3.63v -- generated by sim/harness, do not edit

Circuit: * comparator-offset-mc @ sf_27c_3.63v -- generated by sim/harness, do not edit

Doing analysis at TEMP = 27.000000 and TNOM = 27.000000

Using SPARSE 1.3 as Direct Linear Solver

No. of Data Rows : 6
voa = -5.353041803e-04
ddc = 4.2264656953e-08
dde = -3.869952756e-08
Reset re-loads circuit * comparator-offset-mc @ sf_27c_3.63v -- generated by sim/harness, do not edit

Circuit: * comparator-offset-mc @ sf_27c_3.63v -- generated by sim/harness, do not edit

Doing analysis at TEMP = 27.000000 and TNOM = 27.000000

Using SPARSE 1.3 as Direct Linear Solver

No. of Data Rows : 6
voa = 1.2009858570e-03
ddc = -1.903052077e-07
dde = 1.8553245373e-07
Reset re-loads circuit * comparator-offset-mc @ sf_27c_3.63v -- generated by sim/harness, do not edit

Circuit: * comparator-offset-mc @ sf_27c_3.63v -- generated by sim/harness, do not edit

Doing analysis at TEMP = 27.000000 and TNOM = 27.000000

Using SPARSE 1.3 as Direct Linear Solver

No. of Data Rows : 6
voa = -2.133643431e-03
ddc = 3.6266502193e-07
dde = -3.558417664e-07
Reset re-loads circuit * comparator-offset-mc @ sf_27c_3.63v -- generated by sim/harness, do not edit

Circuit: * comparator-offset-mc @ sf_27c_3.63v -- generated by sim/harness, do not edit

Doing analysis at TEMP = 27.000000 and TNOM = 27.000000

Using SPARSE 1.3 as Direct Linear Solver

No. of Data Rows : 6
voa = -1.339307363e-03
ddc = 2.0529833878e-07
dde = -2.000223917e-07
Reset re-loads circuit * comparator-offset-mc @ sf_27c_3.63v -- generated by sim/harness, do not edit

Circuit: * comparator-offset-mc @ sf_27c_3.63v -- generated by sim/harness, do not edit

Doing analysis at TEMP = 27.000000 and TNOM = 27.000000

Using SPARSE 1.3 as Direct Linear Solver

No. of Data Rows : 6
voa = 1.0498927605e-03
ddc = -1.083470411e-07
dde = 1.0190727383e-07
Reset re-loads circuit * comparator-offset-mc @ sf_27c_3.63v -- generated by sim/harness, do not edit

Circuit: * comparator-offset-mc @ sf_27c_3.63v -- generated by sim/harness, do not edit

Doing analysis at TEMP = 27.000000 and TNOM = 27.000000

Using SPARSE 1.3 as Direct Linear Solver

No. of Data Rows : 6
voa = 2.7275485350e-03
ddc = -4.408831678e-07
dde = 4.3018478251e-07
Reset re-loads circuit * comparator-offset-mc @ sf_27c_3.63v -- generated by sim/harness, do not edit

Circuit: * comparator-offset-mc @ sf_27c_3.63v -- generated by sim/harness, do not edit

Doing analysis at TEMP = 27.000000 and TNOM = 27.000000

Using SPARSE 1.3 as Direct Linear Solver

No. of Data Rows : 6
voa = -2.790049167e-03
ddc = 4.8696410978e-07
dde = -4.787972296e-07
Reset re-loads circuit * comparator-offset-mc @ sf_27c_3.63v -- generated by sim/harness, do not edit

Circuit: * comparator-offset-mc @ sf_27c_3.63v -- generated by sim/harness, do not edit

Doing analysis at TEMP = 27.000000 and TNOM = 27.000000

Using SPARSE 1.3 as Direct Linear Solver

No. of Data Rows : 6
voa = 4.0677709218e-04
ddc = -9.309159376e-08
dde = 9.3310122293e-08
Reset re-loads circuit * comparator-offset-mc @ sf_27c_3.63v -- generated by sim/harness, do not edit

Circuit: * comparator-offset-mc @ sf_27c_3.63v -- generated by sim/harness, do not edit

Doing analysis at TEMP = 27.000000 and TNOM = 27.000000

Using SPARSE 1.3 as Direct Linear Solver

No. of Data Rows : 6
voa = -1.190668247e-03
ddc = 1.7312076067e-07
dde = -1.681886951e-07
Reset re-loads circuit * comparator-offset-mc @ sf_27c_3.63v -- generated by sim/harness, do not edit

Circuit: * comparator-offset-mc @ sf_27c_3.63v -- generated by sim/harness, do not edit

Doing analysis at TEMP = 27.000000 and TNOM = 27.000000

Using SPARSE 1.3 as Direct Linear Solver

No. of Data Rows : 6
voa = -2.492959558e-03
ddc = 4.2698780255e-07
dde = -4.195110906e-07
Reset re-loads circuit * comparator-offset-mc @ sf_27c_3.63v -- generated by sim/harness, do not edit

Circuit: * comparator-offset-mc @ sf_27c_3.63v -- generated by sim/harness, do not edit

Doing analysis at TEMP = 27.000000 and TNOM = 27.000000

Using SPARSE 1.3 as Direct Linear Solver

No. of Data Rows : 6
voa = 1.6595061029e-03
ddc = -2.770885629e-07
dde = 2.7130299231e-07
Reset re-loads circuit * comparator-offset-mc @ sf_27c_3.63v -- generated by sim/harness, do not edit

Circuit: * comparator-offset-mc @ sf_27c_3.63v -- generated by sim/harness, do not edit

Doing analysis at TEMP = 27.000000 and TNOM = 27.000000

Using SPARSE 1.3 as Direct Linear Solver

No. of Data Rows : 6
voa = 1.1178068244e-03
ddc = -2.160097841e-07
dde = 2.1353638429e-07
Reset re-loads circuit * comparator-offset-mc @ sf_27c_3.63v -- generated by sim/harness, do not edit

Circuit: * comparator-offset-mc @ sf_27c_3.63v -- generated by sim/harness, do not edit

Doing analysis at TEMP = 27.000000 and TNOM = 27.000000

Using SPARSE 1.3 as Direct Linear Solver

No. of Data Rows : 6
voa = 1.4332621941e-03
ddc = -2.449541744e-07
dde = 2.4000884592e-07
Reset re-loads circuit * comparator-offset-mc @ sf_27c_3.63v -- generated by sim/harness, do not edit

Circuit: * comparator-offset-mc @ sf_27c_3.63v -- generated by sim/harness, do not edit

Doing analysis at TEMP = 27.000000 and TNOM = 27.000000

Using SPARSE 1.3 as Direct Linear Solver

No. of Data Rows : 6
voa = 4.1151699220e-03
ddc = -6.373865042e-07
dde = 6.1883323104e-07
Reset re-loads circuit * comparator-offset-mc @ sf_27c_3.63v -- generated by sim/harness, do not edit

Circuit: * comparator-offset-mc @ sf_27c_3.63v -- generated by sim/harness, do not edit

Doing analysis at TEMP = 27.000000 and TNOM = 27.000000

Using SPARSE 1.3 as Direct Linear Solver

No. of Data Rows : 6
voa = -2.014529024e-03
ddc = 2.9052861565e-07
dde = -2.813919884e-07
Reset re-loads circuit * comparator-offset-mc @ sf_27c_3.63v -- generated by sim/harness, do not edit

Circuit: * comparator-offset-mc @ sf_27c_3.63v -- generated by sim/harness, do not edit

Doing analysis at TEMP = 27.000000 and TNOM = 27.000000

Using SPARSE 1.3 as Direct Linear Solver

No. of Data Rows : 6
voa = 2.6080562263e-04
ddc = -4.486508127e-08
dde = 4.4004397283e-08
Reset re-loads circuit * comparator-offset-mc @ sf_27c_3.63v -- generated by sim/harness, do not edit

Circuit: * comparator-offset-mc @ sf_27c_3.63v -- generated by sim/harness, do not edit

Doing analysis at TEMP = 27.000000 and TNOM = 27.000000

Using SPARSE 1.3 as Direct Linear Solver

No. of Data Rows : 6
voa = -2.434105307e-03
ddc = 3.5964665013e-07
dde = -3.482690748e-07
Reset re-loads circuit * comparator-offset-mc @ sf_27c_3.63v -- generated by sim/harness, do not edit

Circuit: * comparator-offset-mc @ sf_27c_3.63v -- generated by sim/harness, do not edit

Doing analysis at TEMP = 27.000000 and TNOM = 27.000000

Using SPARSE 1.3 as Direct Linear Solver

No. of Data Rows : 6
voa = -3.678960729e-05
ddc = -1.671607275e-08
dde = 1.8749190780e-08
Reset re-loads circuit * comparator-offset-mc @ sf_27c_3.63v -- generated by sim/harness, do not edit

Circuit: * comparator-offset-mc @ sf_27c_3.63v -- generated by sim/harness, do not edit

Doing analysis at TEMP = 27.000000 and TNOM = 27.000000

Using SPARSE 1.3 as Direct Linear Solver

No. of Data Rows : 6
voa = -1.712245768e-03
ddc = 2.5008846009e-07
dde = -2.423301504e-07
Reset re-loads circuit * comparator-offset-mc @ sf_27c_3.63v -- generated by sim/harness, do not edit

Circuit: * comparator-offset-mc @ sf_27c_3.63v -- generated by sim/harness, do not edit

Doing analysis at TEMP = 27.000000 and TNOM = 27.000000

Using SPARSE 1.3 as Direct Linear Solver

No. of Data Rows : 6
voa = -3.957008790e-04
ddc = 6.4486732107e-08
dde = -6.307007561e-08
Reset re-loads circuit * comparator-offset-mc @ sf_27c_3.63v -- generated by sim/harness, do not edit

Circuit: * comparator-offset-mc @ sf_27c_3.63v -- generated by sim/harness, do not edit

Doing analysis at TEMP = 27.000000 and TNOM = 27.000000

Using SPARSE 1.3 as Direct Linear Solver

No. of Data Rows : 6
voa = 1.9876723823e-03
ddc = -3.287703737e-07
dde = 3.2176200645e-07
Reset re-loads circuit * comparator-offset-mc @ sf_27c_3.63v -- generated by sim/harness, do not edit

Circuit: * comparator-offset-mc @ sf_27c_3.63v -- generated by sim/harness, do not edit

Doing analysis at TEMP = 27.000000 and TNOM = 27.000000

Using SPARSE 1.3 as Direct Linear Solver

No. of Data Rows : 6
voa = -4.778911705e-04
ddc = 1.0400567710e-07
dde = -1.033440673e-07
Reset re-loads circuit * comparator-offset-mc @ sf_27c_3.63v -- generated by sim/harness, do not edit

Circuit: * comparator-offset-mc @ sf_27c_3.63v -- generated by sim/harness, do not edit

Doing analysis at TEMP = 27.000000 and TNOM = 27.000000

Using SPARSE 1.3 as Direct Linear Solver

No. of Data Rows : 6
voa = -1.475908731e-03
ddc = 2.2485772601e-07
dde = -2.191410150e-07
Reset re-loads circuit * comparator-offset-mc @ sf_27c_3.63v -- generated by sim/harness, do not edit

Circuit: * comparator-offset-mc @ sf_27c_3.63v -- generated by sim/harness, do not edit

Doing analysis at TEMP = 27.000000 and TNOM = 27.000000

Using SPARSE 1.3 as Direct Linear Solver

No. of Data Rows : 6
voa = -4.362388300e-04
ddc = 2.9182137081e-08
dde = -2.586228970e-08
Reset re-loads circuit * comparator-offset-mc @ sf_27c_3.63v -- generated by sim/harness, do not edit

Circuit: * comparator-offset-mc @ sf_27c_3.63v -- generated by sim/harness, do not edit

Doing analysis at TEMP = 27.000000 and TNOM = 27.000000

Using SPARSE 1.3 as Direct Linear Solver

No. of Data Rows : 6
voa = -1.215272211e-03
ddc = 1.7486768296e-07
dde = -1.694434773e-07
Reset re-loads circuit * comparator-offset-mc @ sf_27c_3.63v -- generated by sim/harness, do not edit

Circuit: * comparator-offset-mc @ sf_27c_3.63v -- generated by sim/harness, do not edit

Doing analysis at TEMP = 27.000000 and TNOM = 27.000000

Using SPARSE 1.3 as Direct Linear Solver

No. of Data Rows : 6
voa = 2.5146935190e-03
ddc = -4.294881528e-07
dde = 4.2092225203e-07
Reset re-loads circuit * comparator-offset-mc @ sf_27c_3.63v -- generated by sim/harness, do not edit

Circuit: * comparator-offset-mc @ sf_27c_3.63v -- generated by sim/harness, do not edit

Doing analysis at TEMP = 27.000000 and TNOM = 27.000000

Using SPARSE 1.3 as Direct Linear Solver

No. of Data Rows : 6
voa = 2.0243145949e-03
ddc = -3.000430941e-07
dde = 2.9039803798e-07
Reset re-loads circuit * comparator-offset-mc @ sf_27c_3.63v -- generated by sim/harness, do not edit

Circuit: * comparator-offset-mc @ sf_27c_3.63v -- generated by sim/harness, do not edit

Doing analysis at TEMP = 27.000000 and TNOM = 27.000000

Using SPARSE 1.3 as Direct Linear Solver

No. of Data Rows : 6
voa = -3.267237073e-04
ddc = 2.8461497631e-08
dde = -2.685795311e-08
Reset re-loads circuit * comparator-offset-mc @ sf_27c_3.63v -- generated by sim/harness, do not edit

Circuit: * comparator-offset-mc @ sf_27c_3.63v -- generated by sim/harness, do not edit

Doing analysis at TEMP = 27.000000 and TNOM = 27.000000

Using SPARSE 1.3 as Direct Linear Solver
 Reference value :  0.00000e+00
No. of Data Rows : 6
voa = -1.834448187e-03
ddc = 3.2209021554e-07
dde = -3.168172864e-07
Reset re-loads circuit * comparator-offset-mc @ sf_27c_3.63v -- generated by sim/harness, do not edit

Circuit: * comparator-offset-mc @ sf_27c_3.63v -- generated by sim/harness, do not edit

Doing analysis at TEMP = 27.000000 and TNOM = 27.000000

Using SPARSE 1.3 as Direct Linear Solver

No. of Data Rows : 6
voa = 9.4476937174e-04
ddc = -1.459843635e-07
dde = 1.4210010796e-07
Reset re-loads circuit * comparator-offset-mc @ sf_27c_3.63v -- generated by sim/harness, do not edit

Circuit: * comparator-offset-mc @ sf_27c_3.63v -- generated by sim/harness, do not edit

Doing analysis at TEMP = 27.000000 and TNOM = 27.000000

Using SPARSE 1.3 as Direct Linear Solver

No. of Data Rows : 6
voa = -1.174933104e-03
ddc = 2.0500933573e-07
dde = -2.017530049e-07
Reset re-loads circuit * comparator-offset-mc @ sf_27c_3.63v -- generated by sim/harness, do not edit

Circuit: * comparator-offset-mc @ sf_27c_3.63v -- generated by sim/harness, do not edit

Doing analysis at TEMP = 27.000000 and TNOM = 27.000000

Using SPARSE 1.3 as Direct Linear Solver

No. of Data Rows : 6
voa = 1.0917267089e-03
ddc = -2.025819057e-07
dde = 2.0035698004e-07
Reset re-loads circuit * comparator-offset-mc @ sf_27c_3.63v -- generated by sim/harness, do not edit

Circuit: * comparator-offset-mc @ sf_27c_3.63v -- generated by sim/harness, do not edit

Doing analysis at TEMP = 27.000000 and TNOM = 27.000000

Using SPARSE 1.3 as Direct Linear Solver

No. of Data Rows : 6
voa = -1.202833617e-03
ddc = 2.0223957106e-07
dde = -1.983610546e-07
Reset re-loads circuit * comparator-offset-mc @ sf_27c_3.63v -- generated by sim/harness, do not edit

Circuit: * comparator-offset-mc @ sf_27c_3.63v -- generated by sim/harness, do not edit

Doing analysis at TEMP = 27.000000 and TNOM = 27.000000

Using SPARSE 1.3 as Direct Linear Solver

No. of Data Rows : 6
voa = 9.0751289372e-05
ddc = -3.965867821e-08
dde = 4.0626568694e-08
Reset re-loads circuit * comparator-offset-mc @ sf_27c_3.63v -- generated by sim/harness, do not edit

Circuit: * comparator-offset-mc @ sf_27c_3.63v -- generated by sim/harness, do not edit

Doing analysis at TEMP = 27.000000 and TNOM = 27.000000

Using SPARSE 1.3 as Direct Linear Solver

No. of Data Rows : 6
voa = -1.161035918e-03
ddc = 1.9763945636e-07
dde = -1.936782588e-07
Reset re-loads circuit * comparator-offset-mc @ sf_27c_3.63v -- generated by sim/harness, do not edit

Circuit: * comparator-offset-mc @ sf_27c_3.63v -- generated by sim/harness, do not edit

Doing analysis at TEMP = 27.000000 and TNOM = 27.000000

Using SPARSE 1.3 as Direct Linear Solver

No. of Data Rows : 6
voa = -1.850377707e-03
ddc = 2.9499376026e-07
dde = -2.880186659e-07
Reset re-loads circuit * comparator-offset-mc @ sf_27c_3.63v -- generated by sim/harness, do not edit

Circuit: * comparator-offset-mc @ sf_27c_3.63v -- generated by sim/harness, do not edit

Doing analysis at TEMP = 27.000000 and TNOM = 27.000000

Using SPARSE 1.3 as Direct Linear Solver

No. of Data Rows : 6
voa = 4.2194630869e-04
ddc = -3.439933267e-09
dde = -1.924264982e-10
Reset re-loads circuit * comparator-offset-mc @ sf_27c_3.63v -- generated by sim/harness, do not edit

Circuit: * comparator-offset-mc @ sf_27c_3.63v -- generated by sim/harness, do not edit

Doing analysis at TEMP = 27.000000 and TNOM = 27.000000

Using SPARSE 1.3 as Direct Linear Solver

No. of Data Rows : 6
voa = 3.5907628902e-03
ddc = -5.309750857e-07
dde = 5.1430987113e-07
Reset re-loads circuit * comparator-offset-mc @ sf_27c_3.63v -- generated by sim/harness, do not edit

Circuit: * comparator-offset-mc @ sf_27c_3.63v -- generated by sim/harness, do not edit

Doing analysis at TEMP = 27.000000 and TNOM = 27.000000

Using SPARSE 1.3 as Direct Linear Solver

No. of Data Rows : 6
voa = 1.9624937075e-04
ddc = -4.042774591e-08
dde = 4.0053807932e-08
Reset re-loads circuit * comparator-offset-mc @ sf_27c_3.63v -- generated by sim/harness, do not edit

Circuit: * comparator-offset-mc @ sf_27c_3.63v -- generated by sim/harness, do not edit

Doing analysis at TEMP = 27.000000 and TNOM = 27.000000

Using SPARSE 1.3 as Direct Linear Solver

No. of Data Rows : 6
voa = -1.145075365e-03
ddc = 1.8318367842e-07
dde = -1.789044326e-07
Reset re-loads circuit * comparator-offset-mc @ sf_27c_3.63v -- generated by sim/harness, do not edit

Circuit: * comparator-offset-mc @ sf_27c_3.63v -- generated by sim/harness, do not edit

Doing analysis at TEMP = 27.000000 and TNOM = 27.000000

Using SPARSE 1.3 as Direct Linear Solver

No. of Data Rows : 6
voa = -1.666790618e-03
ddc = 2.2597694193e-07
dde = -2.182471945e-07
Reset re-loads circuit * comparator-offset-mc @ sf_27c_3.63v -- generated by sim/harness, do not edit

Circuit: * comparator-offset-mc @ sf_27c_3.63v -- generated by sim/harness, do not edit

Doing analysis at TEMP = 27.000000 and TNOM = 27.000000

Using SPARSE 1.3 as Direct Linear Solver

No. of Data Rows : 6
voa = 4.5119450251e-04
ddc = -5.437178478e-08
dde = 5.1761210935e-08
Reset re-loads circuit * comparator-offset-mc @ sf_27c_3.63v -- generated by sim/harness, do not edit

Circuit: * comparator-offset-mc @ sf_27c_3.63v -- generated by sim/harness, do not edit

Doing analysis at TEMP = 27.000000 and TNOM = 27.000000

Using SPARSE 1.3 as Direct Linear Solver

No. of Data Rows : 6
voa = -4.316344412e-03
ddc = 6.9475090990e-07
dde = -6.799535098e-07
Reset re-loads circuit * comparator-offset-mc @ sf_27c_3.63v -- generated by sim/harness, do not edit

Circuit: * comparator-offset-mc @ sf_27c_3.63v -- generated by sim/harness, do not edit

Doing analysis at TEMP = 27.000000 and TNOM = 27.000000

Using SPARSE 1.3 as Direct Linear Solver

No. of Data Rows : 6
voa = -4.462198186e-03
ddc = 6.8044742118e-07
dde = -6.629598470e-07
Reset re-loads circuit * comparator-offset-mc @ sf_27c_3.63v -- generated by sim/harness, do not edit

Circuit: * comparator-offset-mc @ sf_27c_3.63v -- generated by sim/harness, do not edit

Doing analysis at TEMP = 27.000000 and TNOM = 27.000000

Using SPARSE 1.3 as Direct Linear Solver

No. of Data Rows : 6
voa = -1.291223192e-03
ddc = 1.7911821166e-07
dde = -1.726789069e-07
Reset re-loads circuit * comparator-offset-mc @ sf_27c_3.63v -- generated by sim/harness, do not edit

Circuit: * comparator-offset-mc @ sf_27c_3.63v -- generated by sim/harness, do not edit

Doing analysis at TEMP = 27.000000 and TNOM = 27.000000

Using SPARSE 1.3 as Direct Linear Solver

No. of Data Rows : 6
voa = 1.3575337074e-04
ddc = -1.129332764e-08
dde = 9.9066521359e-09
Reset re-loads circuit * comparator-offset-mc @ sf_27c_3.63v -- generated by sim/harness, do not edit

Circuit: * comparator-offset-mc @ sf_27c_3.63v -- generated by sim/harness, do not edit

Doing analysis at TEMP = 27.000000 and TNOM = 27.000000

Using SPARSE 1.3 as Direct Linear Solver

No. of Data Rows : 6
voa = -1.139527422e-03
ddc = 1.5155162226e-07
dde = -1.450246110e-07
Reset re-loads circuit * comparator-offset-mc @ sf_27c_3.63v -- generated by sim/harness, do not edit

Circuit: * comparator-offset-mc @ sf_27c_3.63v -- generated by sim/harness, do not edit

Doing analysis at TEMP = 27.000000 and TNOM = 27.000000

Using SPARSE 1.3 as Direct Linear Solver

No. of Data Rows : 6
voa = 1.5296240299e-03
ddc = -2.621650131e-07
dde = 2.5747977022e-07
Reset re-loads circuit * comparator-offset-mc @ sf_27c_3.63v -- generated by sim/harness, do not edit

Circuit: * comparator-offset-mc @ sf_27c_3.63v -- generated by sim/harness, do not edit

Doing analysis at TEMP = 27.000000 and TNOM = 27.000000

Using SPARSE 1.3 as Direct Linear Solver

No. of Data Rows : 6
voa = -4.712431433e-04
ddc = 1.2462422507e-07
dde = -1.261366497e-07
Reset re-loads circuit * comparator-offset-mc @ sf_27c_3.63v -- generated by sim/harness, do not edit

Circuit: * comparator-offset-mc @ sf_27c_3.63v -- generated by sim/harness, do not edit

Doing analysis at TEMP = 27.000000 and TNOM = 27.000000

Using SPARSE 1.3 as Direct Linear Solver

No. of Data Rows : 6
voa = -6.338597098e-05
ddc = 1.5472690913e-08
dde = -1.544653415e-08
Reset re-loads circuit * comparator-offset-mc @ sf_27c_3.63v -- generated by sim/harness, do not edit

Circuit: * comparator-offset-mc @ sf_27c_3.63v -- generated by sim/harness, do not edit

Doing analysis at TEMP = 27.000000 and TNOM = 27.000000

Using SPARSE 1.3 as Direct Linear Solver

No. of Data Rows : 6
voa = -3.060075977e-03
ddc = 4.6309732878e-07
dde = -4.513205146e-07
Reset re-loads circuit * comparator-offset-mc @ sf_27c_3.63v -- generated by sim/harness, do not edit

Circuit: * comparator-offset-mc @ sf_27c_3.63v -- generated by sim/harness, do not edit

Doing analysis at TEMP = 27.000000 and TNOM = 27.000000

Using SPARSE 1.3 as Direct Linear Solver

No. of Data Rows : 6
voa = -4.131375367e-04
ddc = 7.4089390561e-08
dde = -7.287065043e-08
Reset re-loads circuit * comparator-offset-mc @ sf_27c_3.63v -- generated by sim/harness, do not edit

Circuit: * comparator-offset-mc @ sf_27c_3.63v -- generated by sim/harness, do not edit

Doing analysis at TEMP = 27.000000 and TNOM = 27.000000

Using SPARSE 1.3 as Direct Linear Solver

No. of Data Rows : 6
voa = 2.5996850521e-03
ddc = -4.695872566e-07
dde = 4.6103018899e-07
Reset re-loads circuit * comparator-offset-mc @ sf_27c_3.63v -- generated by sim/harness, do not edit

Circuit: * comparator-offset-mc @ sf_27c_3.63v -- generated by sim/harness, do not edit

Doing analysis at TEMP = 27.000000 and TNOM = 27.000000

Using SPARSE 1.3 as Direct Linear Solver

No. of Data Rows : 6
voa = -1.621587026e-03
ddc = 2.8307233591e-07
dde = -2.778002967e-07
Reset re-loads circuit * comparator-offset-mc @ sf_27c_3.63v -- generated by sim/harness, do not edit

Circuit: * comparator-offset-mc @ sf_27c_3.63v -- generated by sim/harness, do not edit

Doing analysis at TEMP = 27.000000 and TNOM = 27.000000

Using SPARSE 1.3 as Direct Linear Solver

No. of Data Rows : 6
voa = 4.2329622141e-04
ddc = -4.625699849e-08
dde = 4.3459009353e-08
Reset re-loads circuit * comparator-offset-mc @ sf_27c_3.63v -- generated by sim/harness, do not edit

Circuit: * comparator-offset-mc @ sf_27c_3.63v -- generated by sim/harness, do not edit

Doing analysis at TEMP = 27.000000 and TNOM = 27.000000

Using SPARSE 1.3 as Direct Linear Solver

No. of Data Rows : 6
voa = -1.663424755e-03
ddc = 2.7170096471e-07
dde = -2.658805050e-07
Reset re-loads circuit * comparator-offset-mc @ sf_27c_3.63v -- generated by sim/harness, do not edit

Circuit: * comparator-offset-mc @ sf_27c_3.63v -- generated by sim/harness, do not edit

Doing analysis at TEMP = 27.000000 and TNOM = 27.000000

Using SPARSE 1.3 as Direct Linear Solver

No. of Data Rows : 6
voa = 1.1466779387e-03
ddc = -1.610159026e-07
dde = 1.5554726691e-07
Reset re-loads circuit * comparator-offset-mc @ sf_27c_3.63v -- generated by sim/harness, do not edit

Circuit: * comparator-offset-mc @ sf_27c_3.63v -- generated by sim/harness, do not edit

Doing analysis at TEMP = 27.000000 and TNOM = 27.000000

Using SPARSE 1.3 as Direct Linear Solver

No. of Data Rows : 6
voa = -1.953226176e-03
ddc = 2.9150687317e-07
dde = -2.831223398e-07
Reset re-loads circuit * comparator-offset-mc @ sf_27c_3.63v -- generated by sim/harness, do not edit

Circuit: * comparator-offset-mc @ sf_27c_3.63v -- generated by sim/harness, do not edit

Doing analysis at TEMP = 27.000000 and TNOM = 27.000000

Using SPARSE 1.3 as Direct Linear Solver

No. of Data Rows : 6
voa = -9.171492672e-05
ddc = 2.5703665371e-08
dde = -2.560856826e-08
Reset re-loads circuit * comparator-offset-mc @ sf_27c_3.63v -- generated by sim/harness, do not edit

Circuit: * comparator-offset-mc @ sf_27c_3.63v -- generated by sim/harness, do not edit

Doing analysis at TEMP = 27.000000 and TNOM = 27.000000

Using SPARSE 1.3 as Direct Linear Solver

No. of Data Rows : 6
voa = 2.7270957577e-03
ddc = -3.774243930e-07
dde = 3.6379094774e-07
Reset re-loads circuit * comparator-offset-mc @ sf_27c_3.63v -- generated by sim/harness, do not edit

Circuit: * comparator-offset-mc @ sf_27c_3.63v -- generated by sim/harness, do not edit

Doing analysis at TEMP = 27.000000 and TNOM = 27.000000

Using SPARSE 1.3 as Direct Linear Solver

No. of Data Rows : 6
voa = -1.522411899e-03
ddc = 2.3008177011e-07
dde = -2.238527721e-07
Reset re-loads circuit * comparator-offset-mc @ sf_27c_3.63v -- generated by sim/harness, do not edit

Circuit: * comparator-offset-mc @ sf_27c_3.63v -- generated by sim/harness, do not edit

Doing analysis at TEMP = 27.000000 and TNOM = 27.000000

Using SPARSE 1.3 as Direct Linear Solver

No. of Data Rows : 6
voa = 1.9105966309e-03
ddc = -2.882768876e-07
dde = 2.7992506648e-07
Reset re-loads circuit * comparator-offset-mc @ sf_27c_3.63v -- generated by sim/harness, do not edit

Circuit: * comparator-offset-mc @ sf_27c_3.63v -- generated by sim/harness, do not edit

Doing analysis at TEMP = 27.000000 and TNOM = 27.000000

Using SPARSE 1.3 as Direct Linear Solver

No. of Data Rows : 6
voa = -5.367322013e-04
ddc = 9.0697323422e-08
dde = -8.898949256e-08
Reset re-loads circuit * comparator-offset-mc @ sf_27c_3.63v -- generated by sim/harness, do not edit

Circuit: * comparator-offset-mc @ sf_27c_3.63v -- generated by sim/harness, do not edit

Doing analysis at TEMP = 27.000000 and TNOM = 27.000000

Using SPARSE 1.3 as Direct Linear Solver

No. of Data Rows : 6
voa = -1.154114687e-04
ddc = 3.5464494208e-08
dde = -3.606159792e-08
Reset re-loads circuit * comparator-offset-mc @ sf_27c_3.63v -- generated by sim/harness, do not edit

Circuit: * comparator-offset-mc @ sf_27c_3.63v -- generated by sim/harness, do not edit

Doing analysis at TEMP = 27.000000 and TNOM = 27.000000

Using SPARSE 1.3 as Direct Linear Solver

No. of Data Rows : 6
voa = 8.1397887968e-04
ddc = -1.452350066e-07
dde = 1.4260046676e-07
Reset re-loads circuit * comparator-offset-mc @ sf_27c_3.63v -- generated by sim/harness, do not edit

Circuit: * comparator-offset-mc @ sf_27c_3.63v -- generated by sim/harness, do not edit

Doing analysis at TEMP = 27.000000 and TNOM = 27.000000

Using SPARSE 1.3 as Direct Linear Solver
 Reference value :  0.00000e+00
No. of Data Rows : 6
voa = 1.7701398081e-03
ddc = -2.425116617e-07
dde = 2.3400063065e-07
Reset re-loads circuit * comparator-offset-mc @ sf_27c_3.63v -- generated by sim/harness, do not edit

Circuit: * comparator-offset-mc @ sf_27c_3.63v -- generated by sim/harness, do not edit

Doing analysis at TEMP = 27.000000 and TNOM = 27.000000

Using SPARSE 1.3 as Direct Linear Solver

No. of Data Rows : 6
voa = -9.085351248e-04
ddc = 2.0680349042e-07
dde = -2.058816616e-07
Reset re-loads circuit * comparator-offset-mc @ sf_27c_3.63v -- generated by sim/harness, do not edit

Circuit: * comparator-offset-mc @ sf_27c_3.63v -- generated by sim/harness, do not edit

Doing analysis at TEMP = 27.000000 and TNOM = 27.000000

Using SPARSE 1.3 as Direct Linear Solver

No. of Data Rows : 6
voa = 4.3546796917e-05
ddc = -8.242354690e-10
dde = 3.5826837406e-10
Reset re-loads circuit * comparator-offset-mc @ sf_27c_3.63v -- generated by sim/harness, do not edit

Circuit: * comparator-offset-mc @ sf_27c_3.63v -- generated by sim/harness, do not edit

Doing analysis at TEMP = 27.000000 and TNOM = 27.000000

Using SPARSE 1.3 as Direct Linear Solver

No. of Data Rows : 6
voa = -2.372847355e-04
ddc = 3.4721164590e-08
dde = -3.370018318e-08
Reset re-loads circuit * comparator-offset-mc @ sf_27c_3.63v -- generated by sim/harness, do not edit

Circuit: * comparator-offset-mc @ sf_27c_3.63v -- generated by sim/harness, do not edit

Doing analysis at TEMP = 27.000000 and TNOM = 27.000000

Using SPARSE 1.3 as Direct Linear Solver

No. of Data Rows : 6
voa = -2.359567624e-03
ddc = 3.7189555984e-07
dde = -3.630909605e-07
Reset re-loads circuit * comparator-offset-mc @ sf_27c_3.63v -- generated by sim/harness, do not edit

Circuit: * comparator-offset-mc @ sf_27c_3.63v -- generated by sim/harness, do not edit

Doing analysis at TEMP = 27.000000 and TNOM = 27.000000

Using SPARSE 1.3 as Direct Linear Solver

No. of Data Rows : 6
voa = 3.7717342729e-04
ddc = -9.004556236e-08
dde = 9.0766741046e-08
Reset re-loads circuit * comparator-offset-mc @ sf_27c_3.63v -- generated by sim/harness, do not edit

Circuit: * comparator-offset-mc @ sf_27c_3.63v -- generated by sim/harness, do not edit

Doing analysis at TEMP = 27.000000 and TNOM = 27.000000

Using SPARSE 1.3 as Direct Linear Solver

No. of Data Rows : 6
voa = 4.7123543859e-04
ddc = -1.001273832e-07
dde = 9.9296934509e-08
Reset re-loads circuit * comparator-offset-mc @ sf_27c_3.63v -- generated by sim/harness, do not edit

Circuit: * comparator-offset-mc @ sf_27c_3.63v -- generated by sim/harness, do not edit

Doing analysis at TEMP = 27.000000 and TNOM = 27.000000

Using SPARSE 1.3 as Direct Linear Solver

No. of Data Rows : 6
voa = -1.903780771e-03
ddc = 3.0466076845e-07
dde = -2.975680185e-07
Reset re-loads circuit * comparator-offset-mc @ sf_27c_3.63v -- generated by sim/harness, do not edit

Circuit: * comparator-offset-mc @ sf_27c_3.63v -- generated by sim/harness, do not edit

Doing analysis at TEMP = 27.000000 and TNOM = 27.000000

Using SPARSE 1.3 as Direct Linear Solver

No. of Data Rows : 6
voa = -2.593592112e-04
ddc = 5.9939341127e-08
dde = -5.993612284e-08
Reset re-loads circuit * comparator-offset-mc @ sf_27c_3.63v -- generated by sim/harness, do not edit

Circuit: * comparator-offset-mc @ sf_27c_3.63v -- generated by sim/harness, do not edit

Doing analysis at TEMP = 27.000000 and TNOM = 27.000000

Using SPARSE 1.3 as Direct Linear Solver

No. of Data Rows : 6
voa = 1.6955834494e-03
ddc = -2.539153275e-07
dde = 2.4631412894e-07
Reset re-loads circuit * comparator-offset-mc @ sf_27c_3.63v -- generated by sim/harness, do not edit

Circuit: * comparator-offset-mc @ sf_27c_3.63v -- generated by sim/harness, do not edit

Doing analysis at TEMP = 27.000000 and TNOM = 27.000000

Using SPARSE 1.3 as Direct Linear Solver

No. of Data Rows : 6
voa = 4.5528136905e-05
ddc = 4.4182614846e-08
dde = -4.683539211e-08
Reset re-loads circuit * comparator-offset-mc @ sf_27c_3.63v -- generated by sim/harness, do not edit

Circuit: * comparator-offset-mc @ sf_27c_3.63v -- generated by sim/harness, do not edit

Doing analysis at TEMP = 27.000000 and TNOM = 27.000000

Using SPARSE 1.3 as Direct Linear Solver

No. of Data Rows : 6
voa = 1.7004493260e-03
ddc = -2.193466564e-07
dde = 2.1050478492e-07
Reset re-loads circuit * comparator-offset-mc @ sf_27c_3.63v -- generated by sim/harness, do not edit

Circuit: * comparator-offset-mc @ sf_27c_3.63v -- generated by sim/harness, do not edit

Doing analysis at TEMP = 27.000000 and TNOM = 27.000000

Using SPARSE 1.3 as Direct Linear Solver

No. of Data Rows : 6
voa = -1.014645127e-04
ddc = 7.0310771025e-08
dde = -7.217808402e-08
Reset re-loads circuit * comparator-offset-mc @ sf_27c_3.63v -- generated by sim/harness, do not edit

Circuit: * comparator-offset-mc @ sf_27c_3.63v -- generated by sim/harness, do not edit

Doing analysis at TEMP = 27.000000 and TNOM = 27.000000

Using SPARSE 1.3 as Direct Linear Solver

No. of Data Rows : 6
voa = 3.2724372077e-03
ddc = -5.027775550e-07
dde = 4.8815502851e-07
Reset re-loads circuit * comparator-offset-mc @ sf_27c_3.63v -- generated by sim/harness, do not edit

Circuit: * comparator-offset-mc @ sf_27c_3.63v -- generated by sim/harness, do not edit

Doing analysis at TEMP = 27.000000 and TNOM = 27.000000

Using SPARSE 1.3 as Direct Linear Solver

No. of Data Rows : 6
voa = 2.1544597650e-03
ddc = -3.106162275e-07
dde = 3.0044390965e-07
Reset re-loads circuit * comparator-offset-mc @ sf_27c_3.63v -- generated by sim/harness, do not edit

Circuit: * comparator-offset-mc @ sf_27c_3.63v -- generated by sim/harness, do not edit

Doing analysis at TEMP = 27.000000 and TNOM = 27.000000

Using SPARSE 1.3 as Direct Linear Solver

No. of Data Rows : 6
voa = 4.9523388735e-04
ddc = -6.049588257e-08
dde = 5.8002178163e-08
Reset re-loads circuit * comparator-offset-mc @ sf_27c_3.63v -- generated by sim/harness, do not edit

Circuit: * comparator-offset-mc @ sf_27c_3.63v -- generated by sim/harness, do not edit

Doing analysis at TEMP = 27.000000 and TNOM = 27.000000

Using SPARSE 1.3 as Direct Linear Solver

No. of Data Rows : 6
voa = 4.6939727060e-04
ddc = -1.076355934e-07
dde = 1.0778173189e-07
Reset re-loads circuit * comparator-offset-mc @ sf_27c_3.63v -- generated by sim/harness, do not edit

Circuit: * comparator-offset-mc @ sf_27c_3.63v -- generated by sim/harness, do not edit

Doing analysis at TEMP = 27.000000 and TNOM = 27.000000

Using SPARSE 1.3 as Direct Linear Solver

No. of Data Rows : 6
voa = -9.449158050e-04
ddc = 1.8352195423e-07
dde = -1.809987040e-07
Reset re-loads circuit * comparator-offset-mc @ sf_27c_3.63v -- generated by sim/harness, do not edit

Circuit: * comparator-offset-mc @ sf_27c_3.63v -- generated by sim/harness, do not edit

Doing analysis at TEMP = 27.000000 and TNOM = 27.000000

Using SPARSE 1.3 as Direct Linear Solver

No. of Data Rows : 6
voa = 1.0010447082e-04
ddc = -6.549782657e-08
dde = 6.7241752691e-08
Reset re-loads circuit * comparator-offset-mc @ sf_27c_3.63v -- generated by sim/harness, do not edit

Circuit: * comparator-offset-mc @ sf_27c_3.63v -- generated by sim/harness, do not edit

Doing analysis at TEMP = 27.000000 and TNOM = 27.000000

Using SPARSE 1.3 as Direct Linear Solver

No. of Data Rows : 6
voa = -1.045161052e-03
ddc = 1.7184284630e-07
dde = -1.681741836e-07
Reset re-loads circuit * comparator-offset-mc @ sf_27c_3.63v -- generated by sim/harness, do not edit

Circuit: * comparator-offset-mc @ sf_27c_3.63v -- generated by sim/harness, do not edit

Doing analysis at TEMP = 27.000000 and TNOM = 27.000000

Using SPARSE 1.3 as Direct Linear Solver

No. of Data Rows : 6
voa = -1.227561853e-03
ddc = 1.6657257004e-07
dde = -1.603700913e-07
Reset re-loads circuit * comparator-offset-mc @ sf_27c_3.63v -- generated by sim/harness, do not edit

Circuit: * comparator-offset-mc @ sf_27c_3.63v -- generated by sim/harness, do not edit

Doing analysis at TEMP = 27.000000 and TNOM = 27.000000

Using SPARSE 1.3 as Direct Linear Solver

No. of Data Rows : 6
voa = -1.481517375e-03
ddc = 1.7265676950e-07
dde = -1.652576801e-07
Reset re-loads circuit * comparator-offset-mc @ sf_27c_3.63v -- generated by sim/harness, do not edit

Circuit: * comparator-offset-mc @ sf_27c_3.63v -- generated by sim/harness, do not edit

Doing analysis at TEMP = 27.000000 and TNOM = 27.000000

Using SPARSE 1.3 as Direct Linear Solver

No. of Data Rows : 6
voa = 1.4236501479e-03
ddc = -2.227835116e-07
dde = 2.1698824079e-07
Reset re-loads circuit * comparator-offset-mc @ sf_27c_3.63v -- generated by sim/harness, do not edit

Circuit: * comparator-offset-mc @ sf_27c_3.63v -- generated by sim/harness, do not edit

Doing analysis at TEMP = 27.000000 and TNOM = 27.000000

Using SPARSE 1.3 as Direct Linear Solver

No. of Data Rows : 6
voa = 1.2773409894e-03
ddc = -1.750649701e-07
dde = 1.6871716847e-07
Reset re-loads circuit * comparator-offset-mc @ sf_27c_3.63v -- generated by sim/harness, do not edit

Circuit: * comparator-offset-mc @ sf_27c_3.63v -- generated by sim/harness, do not edit

Doing analysis at TEMP = 27.000000 and TNOM = 27.000000

Using SPARSE 1.3 as Direct Linear Solver

No. of Data Rows : 6
voa = 4.0947759434e-05
ddc = -1.787618218e-08
dde = 1.8143108251e-08
Reset re-loads circuit * comparator-offset-mc @ sf_27c_3.63v -- generated by sim/harness, do not edit

Circuit: * comparator-offset-mc @ sf_27c_3.63v -- generated by sim/harness, do not edit

Doing analysis at TEMP = 27.000000 and TNOM = 27.000000

Using SPARSE 1.3 as Direct Linear Solver

No. of Data Rows : 6
voa = -1.922564198e-03
ddc = 3.1530634997e-07
dde = -3.087010447e-07
Reset re-loads circuit * comparator-offset-mc @ sf_27c_3.63v -- generated by sim/harness, do not edit

Circuit: * comparator-offset-mc @ sf_27c_3.63v -- generated by sim/harness, do not edit

Doing analysis at TEMP = 27.000000 and TNOM = 27.000000

Using SPARSE 1.3 as Direct Linear Solver

No. of Data Rows : 6
voa = 9.4310206197e-04
ddc = -1.816893372e-07
dde = 1.7979695252e-07
Reset re-loads circuit * comparator-offset-mc @ sf_27c_3.63v -- generated by sim/harness, do not edit

Circuit: * comparator-offset-mc @ sf_27c_3.63v -- generated by sim/harness, do not edit

Doing analysis at TEMP = 27.000000 and TNOM = 27.000000

Using SPARSE 1.3 as Direct Linear Solver

No. of Data Rows : 6
voa = 1.7872014388e-03
ddc = -3.619975865e-07
dde = 3.5637051765e-07
Reset re-loads circuit * comparator-offset-mc @ sf_27c_3.63v -- generated by sim/harness, do not edit

Circuit: * comparator-offset-mc @ sf_27c_3.63v -- generated by sim/harness, do not edit

Doing analysis at TEMP = 27.000000 and TNOM = 27.000000

Using SPARSE 1.3 as Direct Linear Solver

No. of Data Rows : 6
voa = 3.0338532222e-03
ddc = -4.151092107e-07
dde = 4.0020007921e-07
Reset re-loads circuit * comparator-offset-mc @ sf_27c_3.63v -- generated by sim/harness, do not edit

Circuit: * comparator-offset-mc @ sf_27c_3.63v -- generated by sim/harness, do not edit

Doing analysis at TEMP = 27.000000 and TNOM = 27.000000

Using SPARSE 1.3 as Direct Linear Solver

No. of Data Rows : 6
voa = -3.326594376e-03
ddc = 5.1663592886e-07
dde = -5.036696122e-07
Reset re-loads circuit * comparator-offset-mc @ sf_27c_3.63v -- generated by sim/harness, do not edit

Circuit: * comparator-offset-mc @ sf_27c_3.63v -- generated by sim/harness, do not edit

Doing analysis at TEMP = 27.000000 and TNOM = 27.000000

Using SPARSE 1.3 as Direct Linear Solver

No. of Data Rows : 6
voa = -1.427065316e-03
ddc = 2.1497150317e-07
dde = -2.092243261e-07
Reset re-loads circuit * comparator-offset-mc @ sf_27c_3.63v -- generated by sim/harness, do not edit

Circuit: * comparator-offset-mc @ sf_27c_3.63v -- generated by sim/harness, do not edit

Doing analysis at TEMP = 27.000000 and TNOM = 27.000000

Using SPARSE 1.3 as Direct Linear Solver

No. of Data Rows : 6
voa = 7.4101741248e-04
ddc = -1.219352414e-07
dde = 1.1929613539e-07
Reset re-loads circuit * comparator-offset-mc @ sf_27c_3.63v -- generated by sim/harness, do not edit

Circuit: * comparator-offset-mc @ sf_27c_3.63v -- generated by sim/harness, do not edit

Doing analysis at TEMP = 27.000000 and TNOM = 27.000000

Using SPARSE 1.3 as Direct Linear Solver

No. of Data Rows : 6
voa = -1.410271135e-03
ddc = 2.3854181512e-07
dde = -2.337435096e-07
Reset re-loads circuit * comparator-offset-mc @ sf_27c_3.63v -- generated by sim/harness, do not edit

Circuit: * comparator-offset-mc @ sf_27c_3.63v -- generated by sim/harness, do not edit

Doing analysis at TEMP = 27.000000 and TNOM = 27.000000

Using SPARSE 1.3 as Direct Linear Solver

No. of Data Rows : 6
voa = 1.0375597483e-03
ddc = -1.490561307e-07
dde = 1.4375086900e-07
Reset re-loads circuit * comparator-offset-mc @ sf_27c_3.63v -- generated by sim/harness, do not edit

Circuit: * comparator-offset-mc @ sf_27c_3.63v -- generated by sim/harness, do not edit

Doing analysis at TEMP = 27.000000 and TNOM = 27.000000

Using SPARSE 1.3 as Direct Linear Solver
 Reference value :  0.00000e+00
No. of Data Rows : 6
voa = -1.098724236e-03
ddc = 2.0624957183e-07
dde = -2.037573214e-07
Reset re-loads circuit * comparator-offset-mc @ sf_27c_3.63v -- generated by sim/harness, do not edit

Circuit: * comparator-offset-mc @ sf_27c_3.63v -- generated by sim/harness, do not edit

Doing analysis at TEMP = 27.000000 and TNOM = 27.000000

Using SPARSE 1.3 as Direct Linear Solver

No. of Data Rows : 6
voa = 1.3707706130e-04
ddc = -2.246891556e-08
dde = 2.1983194568e-08
Reset re-loads circuit * comparator-offset-mc @ sf_27c_3.63v -- generated by sim/harness, do not edit

Circuit: * comparator-offset-mc @ sf_27c_3.63v -- generated by sim/harness, do not edit

Doing analysis at TEMP = 27.000000 and TNOM = 27.000000

Using SPARSE 1.3 as Direct Linear Solver

No. of Data Rows : 6
voa = -2.084103707e-03
ddc = 3.2928244280e-07
dde = -3.214319422e-07
Reset re-loads circuit * comparator-offset-mc @ sf_27c_3.63v -- generated by sim/harness, do not edit

Circuit: * comparator-offset-mc @ sf_27c_3.63v -- generated by sim/harness, do not edit

Doing analysis at TEMP = 27.000000 and TNOM = 27.000000

Using SPARSE 1.3 as Direct Linear Solver

No. of Data Rows : 6
voa = -4.027199261e-04
ddc = 6.9023051342e-08
dde = -6.775583157e-08
Reset re-loads circuit * comparator-offset-mc @ sf_27c_3.63v -- generated by sim/harness, do not edit

Circuit: * comparator-offset-mc @ sf_27c_3.63v -- generated by sim/harness, do not edit

Doing analysis at TEMP = 27.000000 and TNOM = 27.000000

Using SPARSE 1.3 as Direct Linear Solver

No. of Data Rows : 6
voa = -2.884507841e-03
ddc = 4.1937844819e-07
dde = -4.063402239e-07
Reset re-loads circuit * comparator-offset-mc @ sf_27c_3.63v -- generated by sim/harness, do not edit

Circuit: * comparator-offset-mc @ sf_27c_3.63v -- generated by sim/harness, do not edit

Doing analysis at TEMP = 27.000000 and TNOM = 27.000000

Using SPARSE 1.3 as Direct Linear Solver

No. of Data Rows : 6
voa = 6.3481610787e-05
ddc = -1.459995006e-08
dde = 1.4540544683e-08
Reset re-loads circuit * comparator-offset-mc @ sf_27c_3.63v -- generated by sim/harness, do not edit

Circuit: * comparator-offset-mc @ sf_27c_3.63v -- generated by sim/harness, do not edit

Doing analysis at TEMP = 27.000000 and TNOM = 27.000000

Using SPARSE 1.3 as Direct Linear Solver

No. of Data Rows : 6
voa = -3.379834502e-04
ddc = 3.5102835254e-10
dde = 3.1229000540e-09
Reset re-loads circuit * comparator-offset-mc @ sf_27c_3.63v -- generated by sim/harness, do not edit

Circuit: * comparator-offset-mc @ sf_27c_3.63v -- generated by sim/harness, do not edit

Doing analysis at TEMP = 27.000000 and TNOM = 27.000000

Using SPARSE 1.3 as Direct Linear Solver

No. of Data Rows : 6
voa = -4.691538271e-04
ddc = 4.5728037070e-08
dde = -4.330507798e-08
Reset re-loads circuit * comparator-offset-mc @ sf_27c_3.63v -- generated by sim/harness, do not edit

Circuit: * comparator-offset-mc @ sf_27c_3.63v -- generated by sim/harness, do not edit

Doing analysis at TEMP = 27.000000 and TNOM = 27.000000

Using SPARSE 1.3 as Direct Linear Solver

No. of Data Rows : 6
voa = 1.1696142523e-03
ddc = -1.919739034e-07
dde = 1.8764184534e-07
Reset re-loads circuit * comparator-offset-mc @ sf_27c_3.63v -- generated by sim/harness, do not edit

Circuit: * comparator-offset-mc @ sf_27c_3.63v -- generated by sim/harness, do not edit

Doing analysis at TEMP = 27.000000 and TNOM = 27.000000

Using SPARSE 1.3 as Direct Linear Solver

No. of Data Rows : 6
voa = 2.9070561799e-03
ddc = -4.801050760e-07
dde = 4.6964937796e-07
Reset re-loads circuit * comparator-offset-mc @ sf_27c_3.63v -- generated by sim/harness, do not edit

Circuit: * comparator-offset-mc @ sf_27c_3.63v -- generated by sim/harness, do not edit

Doing analysis at TEMP = 27.000000 and TNOM = 27.000000

Using SPARSE 1.3 as Direct Linear Solver

No. of Data Rows : 6
voa = 1.1189540319e-03
ddc = -1.628867787e-07
dde = 1.5766635536e-07
Reset re-loads circuit * comparator-offset-mc @ sf_27c_3.63v -- generated by sim/harness, do not edit

Circuit: * comparator-offset-mc @ sf_27c_3.63v -- generated by sim/harness, do not edit

Doing analysis at TEMP = 27.000000 and TNOM = 27.000000

Using SPARSE 1.3 as Direct Linear Solver

No. of Data Rows : 6
voa = 8.7119061933e-05
ddc = -1.774576145e-08
dde = 1.7635299059e-08
Reset re-loads circuit * comparator-offset-mc @ sf_27c_3.63v -- generated by sim/harness, do not edit

Circuit: * comparator-offset-mc @ sf_27c_3.63v -- generated by sim/harness, do not edit

Doing analysis at TEMP = 27.000000 and TNOM = 27.000000

Using SPARSE 1.3 as Direct Linear Solver

No. of Data Rows : 6
voa = -3.026457529e-04
ddc = 5.6707660677e-08
dde = -5.590128865e-08
Reset re-loads circuit * comparator-offset-mc @ sf_27c_3.63v -- generated by sim/harness, do not edit

Circuit: * comparator-offset-mc @ sf_27c_3.63v -- generated by sim/harness, do not edit

Doing analysis at TEMP = 27.000000 and TNOM = 27.000000

Using SPARSE 1.3 as Direct Linear Solver

No. of Data Rows : 6
voa = -3.025738580e-03
ddc = 4.9068416776e-07
dde = -4.800792726e-07
Reset re-loads circuit * comparator-offset-mc @ sf_27c_3.63v -- generated by sim/harness, do not edit

Circuit: * comparator-offset-mc @ sf_27c_3.63v -- generated by sim/harness, do not edit

Doing analysis at TEMP = 27.000000 and TNOM = 27.000000

Using SPARSE 1.3 as Direct Linear Solver

No. of Data Rows : 6
voa = 1.9810918736e-05
ddc = 8.6312843832e-09
dde = -9.265283765e-09
Reset re-loads circuit * comparator-offset-mc @ sf_27c_3.63v -- generated by sim/harness, do not edit

Circuit: * comparator-offset-mc @ sf_27c_3.63v -- generated by sim/harness, do not edit

Doing analysis at TEMP = 27.000000 and TNOM = 27.000000

Using SPARSE 1.3 as Direct Linear Solver

No. of Data Rows : 6
voa = -4.720765998e-04
ddc = 1.0338544424e-07
dde = -1.039275792e-07
Reset re-loads circuit * comparator-offset-mc @ sf_27c_3.63v -- generated by sim/harness, do not edit

Circuit: * comparator-offset-mc @ sf_27c_3.63v -- generated by sim/harness, do not edit

Doing analysis at TEMP = 27.000000 and TNOM = 27.000000

Using SPARSE 1.3 as Direct Linear Solver

No. of Data Rows : 6
voa = -1.661385217e-03
ddc = 2.6209244549e-07
dde = -2.557694965e-07
Reset re-loads circuit * comparator-offset-mc @ sf_27c_3.63v -- generated by sim/harness, do not edit

Circuit: * comparator-offset-mc @ sf_27c_3.63v -- generated by sim/harness, do not edit

Doing analysis at TEMP = 27.000000 and TNOM = 27.000000

Using SPARSE 1.3 as Direct Linear Solver

No. of Data Rows : 6
voa = 2.1451039553e-03
ddc = -3.795591887e-07
dde = 3.7322407867e-07
Reset re-loads circuit * comparator-offset-mc @ sf_27c_3.63v -- generated by sim/harness, do not edit

Circuit: * comparator-offset-mc @ sf_27c_3.63v -- generated by sim/harness, do not edit

Doing analysis at TEMP = 27.000000 and TNOM = 27.000000

Using SPARSE 1.3 as Direct Linear Solver

No. of Data Rows : 6
voa = -1.221406965e-04
ddc = 2.0822609340e-10
dde = 8.8258962852e-10
Reset re-loads circuit * comparator-offset-mc @ sf_27c_3.63v -- generated by sim/harness, do not edit

Circuit: * comparator-offset-mc @ sf_27c_3.63v -- generated by sim/harness, do not edit

Doing analysis at TEMP = 27.000000 and TNOM = 27.000000

Using SPARSE 1.3 as Direct Linear Solver

No. of Data Rows : 6
voa = 5.4536200338e-04
ddc = -2.209940476e-08
dde = 1.6938789780e-08
Reset re-loads circuit * comparator-offset-mc @ sf_27c_3.63v -- generated by sim/harness, do not edit

Circuit: * comparator-offset-mc @ sf_27c_3.63v -- generated by sim/harness, do not edit

Doing analysis at TEMP = 27.000000 and TNOM = 27.000000

Using SPARSE 1.3 as Direct Linear Solver

No. of Data Rows : 6
voa = -9.610837274e-04
ddc = 1.7116342069e-07
dde = -1.686747637e-07
Reset re-loads circuit * comparator-offset-mc @ sf_27c_3.63v -- generated by sim/harness, do not edit

Circuit: * comparator-offset-mc @ sf_27c_3.63v -- generated by sim/harness, do not edit

Doing analysis at TEMP = 27.000000 and TNOM = 27.000000

Using SPARSE 1.3 as Direct Linear Solver

No. of Data Rows : 6
voa = -4.391056350e-04
ddc = 1.3170127082e-08
dde = -8.423887037e-09
Reset re-loads circuit * comparator-offset-mc @ sf_27c_3.63v -- generated by sim/harness, do not edit

Circuit: * comparator-offset-mc @ sf_27c_3.63v -- generated by sim/harness, do not edit

Doing analysis at TEMP = 27.000000 and TNOM = 27.000000

Using SPARSE 1.3 as Direct Linear Solver

No. of Data Rows : 6
voa = 1.4506028430e-03
ddc = -2.389974148e-07
dde = 2.3381043312e-07
Reset re-loads circuit * comparator-offset-mc @ sf_27c_3.63v -- generated by sim/harness, do not edit

Circuit: * comparator-offset-mc @ sf_27c_3.63v -- generated by sim/harness, do not edit

Doing analysis at TEMP = 27.000000 and TNOM = 27.000000

Using SPARSE 1.3 as Direct Linear Solver

No. of Data Rows : 6
voa = -2.277985507e-04
ddc = 3.2898693566e-08
dde = -3.179388424e-08
Reset re-loads circuit * comparator-offset-mc @ sf_27c_3.63v -- generated by sim/harness, do not edit

Circuit: * comparator-offset-mc @ sf_27c_3.63v -- generated by sim/harness, do not edit

Doing analysis at TEMP = 27.000000 and TNOM = 27.000000

Using SPARSE 1.3 as Direct Linear Solver

No. of Data Rows : 6
voa = -5.098032886e-06
ddc = -3.646364855e-08
dde = 3.9258851839e-08
Reset re-loads circuit * comparator-offset-mc @ sf_27c_3.63v -- generated by sim/harness, do not edit

Circuit: * comparator-offset-mc @ sf_27c_3.63v -- generated by sim/harness, do not edit

Doing analysis at TEMP = 27.000000 and TNOM = 27.000000

Using SPARSE 1.3 as Direct Linear Solver

No. of Data Rows : 6
voa = 5.4666225512e-04
ddc = -1.006688231e-07
dde = 9.8874317793e-08
Reset re-loads circuit * comparator-offset-mc @ sf_27c_3.63v -- generated by sim/harness, do not edit

Circuit: * comparator-offset-mc @ sf_27c_3.63v -- generated by sim/harness, do not edit

Doing analysis at TEMP = 27.000000 and TNOM = 27.000000

Using SPARSE 1.3 as Direct Linear Solver

No. of Data Rows : 6
voa = -2.137358057e-03
ddc = 3.5870825639e-07
dde = -3.518199317e-07
Reset re-loads circuit * comparator-offset-mc @ sf_27c_3.63v -- generated by sim/harness, do not edit

Circuit: * comparator-offset-mc @ sf_27c_3.63v -- generated by sim/harness, do not edit

Doing analysis at TEMP = 27.000000 and TNOM = 27.000000

Using SPARSE 1.3 as Direct Linear Solver

No. of Data Rows : 6
voa = -1.575140099e-03
ddc = 2.3962809626e-07
dde = -2.333383712e-07
Reset re-loads circuit * comparator-offset-mc @ sf_27c_3.63v -- generated by sim/harness, do not edit

Circuit: * comparator-offset-mc @ sf_27c_3.63v -- generated by sim/harness, do not edit

Doing analysis at TEMP = 27.000000 and TNOM = 27.000000

Using SPARSE 1.3 as Direct Linear Solver

No. of Data Rows : 6
voa = -5.391424514e-04
ddc = 1.2486863198e-07
dde = -1.250285253e-07
Reset re-loads circuit * comparator-offset-mc @ sf_27c_3.63v -- generated by sim/harness, do not edit

Circuit: * comparator-offset-mc @ sf_27c_3.63v -- generated by sim/harness, do not edit

Doing analysis at TEMP = 27.000000 and TNOM = 27.000000

Using SPARSE 1.3 as Direct Linear Solver
 Reference value :  0.00000e+00
No. of Data Rows : 6
voa = -3.974341981e-03
ddc = 6.4235509123e-07
dde = -6.288070790e-07
Reset re-loads circuit * comparator-offset-mc @ sf_27c_3.63v -- generated by sim/harness, do not edit

Circuit: * comparator-offset-mc @ sf_27c_3.63v -- generated by sim/harness, do not edit

Doing analysis at TEMP = 27.000000 and TNOM = 27.000000

Using SPARSE 1.3 as Direct Linear Solver

No. of Data Rows : 6
voa = -1.124143417e-03
ddc = 1.5210425047e-07
dde = -1.468983481e-07
Reset re-loads circuit * comparator-offset-mc @ sf_27c_3.63v -- generated by sim/harness, do not edit

Circuit: * comparator-offset-mc @ sf_27c_3.63v -- generated by sim/harness, do not edit

Doing analysis at TEMP = 27.000000 and TNOM = 27.000000

Using SPARSE 1.3 as Direct Linear Solver

No. of Data Rows : 6
voa = 1.3344367611e-04
ddc = -6.001838029e-08
dde = 6.1485431055e-08
Reset re-loads circuit * comparator-offset-mc @ sf_27c_3.63v -- generated by sim/harness, do not edit

Circuit: * comparator-offset-mc @ sf_27c_3.63v -- generated by sim/harness, do not edit

Doing analysis at TEMP = 27.000000 and TNOM = 27.000000

Using SPARSE 1.3 as Direct Linear Solver

No. of Data Rows : 6
voa = 8.0579908660e-04
ddc = -1.476734545e-07
dde = 1.4582801670e-07
Reset re-loads circuit * comparator-offset-mc @ sf_27c_3.63v -- generated by sim/harness, do not edit

Circuit: * comparator-offset-mc @ sf_27c_3.63v -- generated by sim/harness, do not edit

Doing analysis at TEMP = 27.000000 and TNOM = 27.000000

Using SPARSE 1.3 as Direct Linear Solver

No. of Data Rows : 6
voa = -2.502412107e-04
ddc = 7.3535734878e-08
dde = -7.481361585e-08
Reset re-loads circuit * comparator-offset-mc @ sf_27c_3.63v -- generated by sim/harness, do not edit

Circuit: * comparator-offset-mc @ sf_27c_3.63v -- generated by sim/harness, do not edit

Doing analysis at TEMP = 27.000000 and TNOM = 27.000000

Using SPARSE 1.3 as Direct Linear Solver

No. of Data Rows : 6
voa = -1.487153782e-03
ddc = 2.2835454794e-07
dde = -2.220978597e-07
Reset re-loads circuit * comparator-offset-mc @ sf_27c_3.63v -- generated by sim/harness, do not edit

Circuit: * comparator-offset-mc @ sf_27c_3.63v -- generated by sim/harness, do not edit

Doing analysis at TEMP = 27.000000 and TNOM = 27.000000

Using SPARSE 1.3 as Direct Linear Solver

No. of Data Rows : 6
voa = 6.9409222087e-04
ddc = -1.411531463e-07
dde = 1.4052440888e-07
Reset re-loads circuit * comparator-offset-mc @ sf_27c_3.63v -- generated by sim/harness, do not edit

Circuit: * comparator-offset-mc @ sf_27c_3.63v -- generated by sim/harness, do not edit

Doing analysis at TEMP = 27.000000 and TNOM = 27.000000

Using SPARSE 1.3 as Direct Linear Solver

No. of Data Rows : 6
voa = -2.243395574e-03
ddc = 2.4659557263e-07
dde = -2.329528478e-07
Reset re-loads circuit * comparator-offset-mc @ sf_27c_3.63v -- generated by sim/harness, do not edit

Circuit: * comparator-offset-mc @ sf_27c_3.63v -- generated by sim/harness, do not edit

Doing analysis at TEMP = 27.000000 and TNOM = 27.000000

Using SPARSE 1.3 as Direct Linear Solver

No. of Data Rows : 6
voa = -2.771041967e-03
ddc = 3.7213596722e-07
dde = -3.591678873e-07
Reset re-loads circuit * comparator-offset-mc @ sf_27c_3.63v -- generated by sim/harness, do not edit

Circuit: * comparator-offset-mc @ sf_27c_3.63v -- generated by sim/harness, do not edit

Doing analysis at TEMP = 27.000000 and TNOM = 27.000000

Using SPARSE 1.3 as Direct Linear Solver

No. of Data Rows : 6
voa = 2.7373507650e-03
ddc = -4.056700207e-07
dde = 3.9194642717e-07
Reset re-loads circuit * comparator-offset-mc @ sf_27c_3.63v -- generated by sim/harness, do not edit

Circuit: * comparator-offset-mc @ sf_27c_3.63v -- generated by sim/harness, do not edit

Doing analysis at TEMP = 27.000000 and TNOM = 27.000000

Using SPARSE 1.3 as Direct Linear Solver

No. of Data Rows : 6
voa = 3.9510835860e-05
ddc = -3.419084910e-09
dde = 3.0492865492e-09
Reset re-loads circuit * comparator-offset-mc @ sf_27c_3.63v -- generated by sim/harness, do not edit

Circuit: * comparator-offset-mc @ sf_27c_3.63v -- generated by sim/harness, do not edit

Doing analysis at TEMP = 27.000000 and TNOM = 27.000000

Using SPARSE 1.3 as Direct Linear Solver

No. of Data Rows : 6
voa = -1.068107522e-03
ddc = 2.0075711057e-07
dde = -1.984494464e-07
Reset re-loads circuit * comparator-offset-mc @ sf_27c_3.63v -- generated by sim/harness, do not edit

Circuit: * comparator-offset-mc @ sf_27c_3.63v -- generated by sim/harness, do not edit

Doing analysis at TEMP = 27.000000 and TNOM = 27.000000

Using SPARSE 1.3 as Direct Linear Solver

No. of Data Rows : 6
voa = -7.077125442e-04
ddc = 7.6462120271e-08
dde = -7.214821721e-08
Reset re-loads circuit * comparator-offset-mc @ sf_27c_3.63v -- generated by sim/harness, do not edit

Circuit: * comparator-offset-mc @ sf_27c_3.63v -- generated by sim/harness, do not edit

Doing analysis at TEMP = 27.000000 and TNOM = 27.000000

Using SPARSE 1.3 as Direct Linear Solver

No. of Data Rows : 6
voa = -1.839017364e-03
ddc = 2.9945483143e-07
dde = -2.929189161e-07
Reset re-loads circuit * comparator-offset-mc @ sf_27c_3.63v -- generated by sim/harness, do not edit

Circuit: * comparator-offset-mc @ sf_27c_3.63v -- generated by sim/harness, do not edit

Doing analysis at TEMP = 27.000000 and TNOM = 27.000000

Using SPARSE 1.3 as Direct Linear Solver

No. of Data Rows : 6
voa = -7.771246741e-04
ddc = 1.0190311872e-07
dde = -9.851422272e-08
m_n_samples = 2.0000000000e+02
m_sig_vos_mv = 1.6359373472e+00
m_vos_3sig_mv = 4.9078120415e+00
m_mean_vos_uv = -5.612060053e+01
m_mean_vos_sem = -4.851439729e-01
m_sig_dvos_dn_uv = 2.5632874275e-01
m_sig_dvos_up_uv = 2.4998945524e-01
m_mean_dvos_dn_uv = 1.0007511939e-02
m_mean_dvos_up_uv = -1.002485189e-02
m_av_mean = 9.1476587763e+00
m_av_sigma_pct = 2.5057211484e+00
m_sig_rpair_uv = 0.0000000000e+00
m_vbias_anchor_mv = 8.4513784498e+02
Note: Simulation executed from .control section 

