
Note: No compatibility mode selected!


Circuit: * comparator-offset-mc @ ss_125c_3.30v -- generated by sim/harness, do not edit

Reset re-loads circuit * comparator-offset-mc @ ss_125c_3.30v -- generated by sim/harness, do not edit

Circuit: * comparator-offset-mc @ ss_125c_3.30v -- generated by sim/harness, do not edit

Doing analysis at TEMP = 125.000000 and TNOM = 27.000000

Using SPARSE 1.3 as Direct Linear Solver

No. of Data Rows : 6
voa = 1.4396259523e-03
ddc = -2.748467565e-07
dde = 2.6919113109e-07
Reset re-loads circuit * comparator-offset-mc @ ss_125c_3.30v -- generated by sim/harness, do not edit

Circuit: * comparator-offset-mc @ ss_125c_3.30v -- generated by sim/harness, do not edit

Doing analysis at TEMP = 125.000000 and TNOM = 27.000000

Using SPARSE 1.3 as Direct Linear Solver

No. of Data Rows : 6
voa = 1.4402892146e-03
ddc = -1.088969242e-07
dde = 1.0575685753e-07
Reset re-loads circuit * comparator-offset-mc @ ss_125c_3.30v -- generated by sim/harness, do not edit

Circuit: * comparator-offset-mc @ ss_125c_3.30v -- generated by sim/harness, do not edit

Doing analysis at TEMP = 125.000000 and TNOM = 27.000000

Using SPARSE 1.3 as Direct Linear Solver

No. of Data Rows : 6
voa = -1.019954023e-03
ddc = 5.8858790321e-08
dde = -5.683207519e-08
Reset re-loads circuit * comparator-offset-mc @ ss_125c_3.30v -- generated by sim/harness, do not edit

Circuit: * comparator-offset-mc @ ss_125c_3.30v -- generated by sim/harness, do not edit

Doing analysis at TEMP = 125.000000 and TNOM = 27.000000

Using SPARSE 1.3 as Direct Linear Solver

No. of Data Rows : 6
voa = 2.7604207163e-04
ddc = -4.138357504e-08
dde = 4.0494157064e-08
Reset re-loads circuit * comparator-offset-mc @ ss_125c_3.30v -- generated by sim/harness, do not edit

Circuit: * comparator-offset-mc @ ss_125c_3.30v -- generated by sim/harness, do not edit

Doing analysis at TEMP = 125.000000 and TNOM = 27.000000

Using SPARSE 1.3 as Direct Linear Solver

No. of Data Rows : 6
voa = -4.299268369e-04
ddc = 4.4072761522e-08
dde = -4.295284782e-08
Reset re-loads circuit * comparator-offset-mc @ ss_125c_3.30v -- generated by sim/harness, do not edit

Circuit: * comparator-offset-mc @ ss_125c_3.30v -- generated by sim/harness, do not edit

Doing analysis at TEMP = 125.000000 and TNOM = 27.000000

Using SPARSE 1.3 as Direct Linear Solver

No. of Data Rows : 6
voa = 1.8645606036e-03
ddc = -1.205737970e-07
dde = 1.1601911777e-07
Reset re-loads circuit * comparator-offset-mc @ ss_125c_3.30v -- generated by sim/harness, do not edit

Circuit: * comparator-offset-mc @ ss_125c_3.30v -- generated by sim/harness, do not edit

Doing analysis at TEMP = 125.000000 and TNOM = 27.000000

Using SPARSE 1.3 as Direct Linear Solver

No. of Data Rows : 6
voa = 1.8768455926e-03
ddc = -1.465121720e-07
dde = 1.4194659234e-07
Reset re-loads circuit * comparator-offset-mc @ ss_125c_3.30v -- generated by sim/harness, do not edit

Circuit: * comparator-offset-mc @ ss_125c_3.30v -- generated by sim/harness, do not edit

Doing analysis at TEMP = 125.000000 and TNOM = 27.000000

Using SPARSE 1.3 as Direct Linear Solver

No. of Data Rows : 6
voa = -1.356202887e-04
ddc = 5.4429159825e-08
dde = -5.347212137e-08
Reset re-loads circuit * comparator-offset-mc @ ss_125c_3.30v -- generated by sim/harness, do not edit

Circuit: * comparator-offset-mc @ ss_125c_3.30v -- generated by sim/harness, do not edit

Doing analysis at TEMP = 125.000000 and TNOM = 27.000000

Using SPARSE 1.3 as Direct Linear Solver

No. of Data Rows : 6
voa = 1.3113130939e-03
ddc = 1.5224106999e-08
dde = -1.591231138e-08
Reset re-loads circuit * comparator-offset-mc @ ss_125c_3.30v -- generated by sim/harness, do not edit

Circuit: * comparator-offset-mc @ ss_125c_3.30v -- generated by sim/harness, do not edit

Doing analysis at TEMP = 125.000000 and TNOM = 27.000000

Using SPARSE 1.3 as Direct Linear Solver

No. of Data Rows : 6
voa = -7.296948666e-04
ddc = -4.737823957e-08
dde = 4.7633792241e-08
Reset re-loads circuit * comparator-offset-mc @ ss_125c_3.30v -- generated by sim/harness, do not edit

Circuit: * comparator-offset-mc @ ss_125c_3.30v -- generated by sim/harness, do not edit

Doing analysis at TEMP = 125.000000 and TNOM = 27.000000

Using SPARSE 1.3 as Direct Linear Solver

No. of Data Rows : 6
voa = -3.541559669e-03
ddc = 3.6980162142e-07
dde = -3.604758916e-07
Reset re-loads circuit * comparator-offset-mc @ ss_125c_3.30v -- generated by sim/harness, do not edit

Circuit: * comparator-offset-mc @ ss_125c_3.30v -- generated by sim/harness, do not edit

Doing analysis at TEMP = 125.000000 and TNOM = 27.000000

Using SPARSE 1.3 as Direct Linear Solver

No. of Data Rows : 6
voa = -6.841843184e-04
ddc = 1.3492262704e-07
dde = -1.321501158e-07
Reset re-loads circuit * comparator-offset-mc @ ss_125c_3.30v -- generated by sim/harness, do not edit

Circuit: * comparator-offset-mc @ ss_125c_3.30v -- generated by sim/harness, do not edit

Doing analysis at TEMP = 125.000000 and TNOM = 27.000000

Using SPARSE 1.3 as Direct Linear Solver

No. of Data Rows : 6
voa = -5.653395774e-04
ddc = 9.9910404771e-08
dde = -9.793325709e-08
Reset re-loads circuit * comparator-offset-mc @ ss_125c_3.30v -- generated by sim/harness, do not edit

Circuit: * comparator-offset-mc @ ss_125c_3.30v -- generated by sim/harness, do not edit

Doing analysis at TEMP = 125.000000 and TNOM = 27.000000

Using SPARSE 1.3 as Direct Linear Solver

No. of Data Rows : 6
voa = -3.350688787e-04
ddc = 4.4569643342e-08
dde = -4.366484711e-08
Reset re-loads circuit * comparator-offset-mc @ ss_125c_3.30v -- generated by sim/harness, do not edit

Circuit: * comparator-offset-mc @ ss_125c_3.30v -- generated by sim/harness, do not edit

Doing analysis at TEMP = 125.000000 and TNOM = 27.000000

Using SPARSE 1.3 as Direct Linear Solver

No. of Data Rows : 6
voa = 3.3657172509e-03
ddc = -5.686111827e-07
dde = 5.4907817551e-07
Reset re-loads circuit * comparator-offset-mc @ ss_125c_3.30v -- generated by sim/harness, do not edit

Circuit: * comparator-offset-mc @ ss_125c_3.30v -- generated by sim/harness, do not edit

Doing analysis at TEMP = 125.000000 and TNOM = 27.000000

Using SPARSE 1.3 as Direct Linear Solver

No. of Data Rows : 6
voa = -5.716545411e-04
ddc = 1.0806276475e-07
dde = -1.056750497e-07
Reset re-loads circuit * comparator-offset-mc @ ss_125c_3.30v -- generated by sim/harness, do not edit

Circuit: * comparator-offset-mc @ ss_125c_3.30v -- generated by sim/harness, do not edit

Doing analysis at TEMP = 125.000000 and TNOM = 27.000000

Using SPARSE 1.3 as Direct Linear Solver

No. of Data Rows : 6
voa = -1.286976664e-03
ddc = 2.2227443458e-07
dde = -2.178463728e-07
Reset re-loads circuit * comparator-offset-mc @ ss_125c_3.30v -- generated by sim/harness, do not edit

Circuit: * comparator-offset-mc @ ss_125c_3.30v -- generated by sim/harness, do not edit

Doing analysis at TEMP = 125.000000 and TNOM = 27.000000

Using SPARSE 1.3 as Direct Linear Solver

No. of Data Rows : 6
voa = 5.1571211223e-04
ddc = -8.674187022e-08
dde = 8.4888174174e-08
Reset re-loads circuit * comparator-offset-mc @ ss_125c_3.30v -- generated by sim/harness, do not edit

Circuit: * comparator-offset-mc @ ss_125c_3.30v -- generated by sim/harness, do not edit

Doing analysis at TEMP = 125.000000 and TNOM = 27.000000

Using SPARSE 1.3 as Direct Linear Solver

No. of Data Rows : 6
voa = -1.777926577e-03
ddc = 2.7245466381e-07
dde = -2.668006190e-07
Reset re-loads circuit * comparator-offset-mc @ ss_125c_3.30v -- generated by sim/harness, do not edit

Circuit: * comparator-offset-mc @ ss_125c_3.30v -- generated by sim/harness, do not edit

Doing analysis at TEMP = 125.000000 and TNOM = 27.000000

Using SPARSE 1.3 as Direct Linear Solver

No. of Data Rows : 6
voa = -1.472302406e-03
ddc = 1.3099605101e-07
dde = -1.272125553e-07
Reset re-loads circuit * comparator-offset-mc @ ss_125c_3.30v -- generated by sim/harness, do not edit

Circuit: * comparator-offset-mc @ ss_125c_3.30v -- generated by sim/harness, do not edit

Doing analysis at TEMP = 125.000000 and TNOM = 27.000000

Using SPARSE 1.3 as Direct Linear Solver

No. of Data Rows : 6
voa = -2.224646911e-03
ddc = 1.1315841341e-07
dde = -1.087521692e-07
Reset re-loads circuit * comparator-offset-mc @ ss_125c_3.30v -- generated by sim/harness, do not edit

Circuit: * comparator-offset-mc @ ss_125c_3.30v -- generated by sim/harness, do not edit

Doing analysis at TEMP = 125.000000 and TNOM = 27.000000

Using SPARSE 1.3 as Direct Linear Solver
 Reference value :  0.00000e+00
No. of Data Rows : 6
voa = -1.547101594e-03
ddc = 1.6225808018e-07
dde = -1.582281719e-07
Reset re-loads circuit * comparator-offset-mc @ ss_125c_3.30v -- generated by sim/harness, do not edit

Circuit: * comparator-offset-mc @ ss_125c_3.30v -- generated by sim/harness, do not edit

Doing analysis at TEMP = 125.000000 and TNOM = 27.000000

Using SPARSE 1.3 as Direct Linear Solver

No. of Data Rows : 6
voa = 1.5526658850e-03
ddc = -6.769359043e-09
dde = 4.5033455196e-09
Reset re-loads circuit * comparator-offset-mc @ ss_125c_3.30v -- generated by sim/harness, do not edit

Circuit: * comparator-offset-mc @ ss_125c_3.30v -- generated by sim/harness, do not edit

Doing analysis at TEMP = 125.000000 and TNOM = 27.000000

Using SPARSE 1.3 as Direct Linear Solver

No. of Data Rows : 6
voa = 1.0051356489e-03
ddc = -1.454939869e-07
dde = 1.4246283319e-07
Reset re-loads circuit * comparator-offset-mc @ ss_125c_3.30v -- generated by sim/harness, do not edit

Circuit: * comparator-offset-mc @ ss_125c_3.30v -- generated by sim/harness, do not edit

Doing analysis at TEMP = 125.000000 and TNOM = 27.000000

Using SPARSE 1.3 as Direct Linear Solver

No. of Data Rows : 6
voa = -1.425654591e-03
ddc = 1.8935802979e-07
dde = -1.849546627e-07
Reset re-loads circuit * comparator-offset-mc @ ss_125c_3.30v -- generated by sim/harness, do not edit

Circuit: * comparator-offset-mc @ ss_125c_3.30v -- generated by sim/harness, do not edit

Doing analysis at TEMP = 125.000000 and TNOM = 27.000000

Using SPARSE 1.3 as Direct Linear Solver

No. of Data Rows : 6
voa = 8.7353566114e-04
ddc = 4.0301610084e-09
dde = -5.673601948e-09
Reset re-loads circuit * comparator-offset-mc @ ss_125c_3.30v -- generated by sim/harness, do not edit

Circuit: * comparator-offset-mc @ ss_125c_3.30v -- generated by sim/harness, do not edit

Doing analysis at TEMP = 125.000000 and TNOM = 27.000000

Using SPARSE 1.3 as Direct Linear Solver

No. of Data Rows : 6
voa = 9.7849587979e-04
ddc = 6.6632978856e-08
dde = -6.658907989e-08
Reset re-loads circuit * comparator-offset-mc @ ss_125c_3.30v -- generated by sim/harness, do not edit

Circuit: * comparator-offset-mc @ ss_125c_3.30v -- generated by sim/harness, do not edit

Doing analysis at TEMP = 125.000000 and TNOM = 27.000000

Using SPARSE 1.3 as Direct Linear Solver

No. of Data Rows : 6
voa = 2.4269605546e-03
ddc = -1.062715786e-07
dde = 1.0023678370e-07
Reset re-loads circuit * comparator-offset-mc @ ss_125c_3.30v -- generated by sim/harness, do not edit

Circuit: * comparator-offset-mc @ ss_125c_3.30v -- generated by sim/harness, do not edit

Doing analysis at TEMP = 125.000000 and TNOM = 27.000000

Using SPARSE 1.3 as Direct Linear Solver

No. of Data Rows : 6
voa = 1.7757752092e-03
ddc = -1.547513045e-07
dde = 1.5039963250e-07
Reset re-loads circuit * comparator-offset-mc @ ss_125c_3.30v -- generated by sim/harness, do not edit

Circuit: * comparator-offset-mc @ ss_125c_3.30v -- generated by sim/harness, do not edit

Doing analysis at TEMP = 125.000000 and TNOM = 27.000000

Using SPARSE 1.3 as Direct Linear Solver

No. of Data Rows : 6
voa = 2.5561278771e-04
ddc = -9.140624631e-08
dde = 9.0014497419e-08
Reset re-loads circuit * comparator-offset-mc @ ss_125c_3.30v -- generated by sim/harness, do not edit

Circuit: * comparator-offset-mc @ ss_125c_3.30v -- generated by sim/harness, do not edit

Doing analysis at TEMP = 125.000000 and TNOM = 27.000000

Using SPARSE 1.3 as Direct Linear Solver

No. of Data Rows : 6
voa = 1.7965786972e-03
ddc = -1.764822701e-07
dde = 1.7126075790e-07
Reset re-loads circuit * comparator-offset-mc @ ss_125c_3.30v -- generated by sim/harness, do not edit

Circuit: * comparator-offset-mc @ ss_125c_3.30v -- generated by sim/harness, do not edit

Doing analysis at TEMP = 125.000000 and TNOM = 27.000000

Using SPARSE 1.3 as Direct Linear Solver

No. of Data Rows : 6
voa = -1.104732049e-03
ddc = 1.6116592695e-07
dde = -1.573899667e-07
Reset re-loads circuit * comparator-offset-mc @ ss_125c_3.30v -- generated by sim/harness, do not edit

Circuit: * comparator-offset-mc @ ss_125c_3.30v -- generated by sim/harness, do not edit

Doing analysis at TEMP = 125.000000 and TNOM = 27.000000

Using SPARSE 1.3 as Direct Linear Solver

No. of Data Rows : 6
voa = 8.3719339571e-04
ddc = -2.734286326e-07
dde = 2.6808728973e-07
Reset re-loads circuit * comparator-offset-mc @ ss_125c_3.30v -- generated by sim/harness, do not edit

Circuit: * comparator-offset-mc @ ss_125c_3.30v -- generated by sim/harness, do not edit

Doing analysis at TEMP = 125.000000 and TNOM = 27.000000

Using SPARSE 1.3 as Direct Linear Solver

No. of Data Rows : 6
voa = 1.5481176880e-03
ddc = -1.154843006e-07
dde = 1.1183733901e-07
Reset re-loads circuit * comparator-offset-mc @ ss_125c_3.30v -- generated by sim/harness, do not edit

Circuit: * comparator-offset-mc @ ss_125c_3.30v -- generated by sim/harness, do not edit

Doing analysis at TEMP = 125.000000 and TNOM = 27.000000

Using SPARSE 1.3 as Direct Linear Solver

No. of Data Rows : 6
voa = -1.924356815e-03
ddc = 1.2546859871e-07
dde = -1.210806974e-07
Reset re-loads circuit * comparator-offset-mc @ ss_125c_3.30v -- generated by sim/harness, do not edit

Circuit: * comparator-offset-mc @ ss_125c_3.30v -- generated by sim/harness, do not edit

Doing analysis at TEMP = 125.000000 and TNOM = 27.000000

Using SPARSE 1.3 as Direct Linear Solver

No. of Data Rows : 6
voa = -9.389408224e-05
ddc = 9.2505323884e-09
dde = -9.011788022e-09
Reset re-loads circuit * comparator-offset-mc @ ss_125c_3.30v -- generated by sim/harness, do not edit

Circuit: * comparator-offset-mc @ ss_125c_3.30v -- generated by sim/harness, do not edit

Doing analysis at TEMP = 125.000000 and TNOM = 27.000000

Using SPARSE 1.3 as Direct Linear Solver

No. of Data Rows : 6
voa = 1.6598829836e-03
ddc = -2.486045282e-07
dde = 2.4301084857e-07
Reset re-loads circuit * comparator-offset-mc @ ss_125c_3.30v -- generated by sim/harness, do not edit

Circuit: * comparator-offset-mc @ ss_125c_3.30v -- generated by sim/harness, do not edit

Doing analysis at TEMP = 125.000000 and TNOM = 27.000000

Using SPARSE 1.3 as Direct Linear Solver

No. of Data Rows : 6
voa = 7.2812475550e-04
ddc = -1.178573478e-07
dde = 1.1544764074e-07
Reset re-loads circuit * comparator-offset-mc @ ss_125c_3.30v -- generated by sim/harness, do not edit

Circuit: * comparator-offset-mc @ ss_125c_3.30v -- generated by sim/harness, do not edit

Doing analysis at TEMP = 125.000000 and TNOM = 27.000000

Using SPARSE 1.3 as Direct Linear Solver

No. of Data Rows : 6
voa = 1.9421402309e-03
ddc = -7.555724948e-09
dde = 4.3009867200e-09
Reset re-loads circuit * comparator-offset-mc @ ss_125c_3.30v -- generated by sim/harness, do not edit

Circuit: * comparator-offset-mc @ ss_125c_3.30v -- generated by sim/harness, do not edit

Doing analysis at TEMP = 125.000000 and TNOM = 27.000000

Using SPARSE 1.3 as Direct Linear Solver

No. of Data Rows : 6
voa = 1.3096440680e-04
ddc = 3.5426336354e-08
dde = -3.506171920e-08
Reset re-loads circuit * comparator-offset-mc @ ss_125c_3.30v -- generated by sim/harness, do not edit

Circuit: * comparator-offset-mc @ ss_125c_3.30v -- generated by sim/harness, do not edit

Doing analysis at TEMP = 125.000000 and TNOM = 27.000000

Using SPARSE 1.3 as Direct Linear Solver

No. of Data Rows : 6
voa = 2.4776861651e-03
ddc = -2.627263527e-07
dde = 2.5430095648e-07
Reset re-loads circuit * comparator-offset-mc @ ss_125c_3.30v -- generated by sim/harness, do not edit

Circuit: * comparator-offset-mc @ ss_125c_3.30v -- generated by sim/harness, do not edit

Doing analysis at TEMP = 125.000000 and TNOM = 27.000000

Using SPARSE 1.3 as Direct Linear Solver

No. of Data Rows : 6
voa = 1.7179920993e-03
ddc = -2.233368118e-07
dde = 2.1824076478e-07
Reset re-loads circuit * comparator-offset-mc @ ss_125c_3.30v -- generated by sim/harness, do not edit

Circuit: * comparator-offset-mc @ ss_125c_3.30v -- generated by sim/harness, do not edit

Doing analysis at TEMP = 125.000000 and TNOM = 27.000000

Using SPARSE 1.3 as Direct Linear Solver

No. of Data Rows : 6
voa = 1.5229688871e-03
ddc = -9.909810786e-08
dde = 9.5638241293e-08
Reset re-loads circuit * comparator-offset-mc @ ss_125c_3.30v -- generated by sim/harness, do not edit

Circuit: * comparator-offset-mc @ ss_125c_3.30v -- generated by sim/harness, do not edit

Doing analysis at TEMP = 125.000000 and TNOM = 27.000000

Using SPARSE 1.3 as Direct Linear Solver

No. of Data Rows : 6
voa = -1.264865049e-03
ddc = -3.621403860e-09
dde = 4.7479380403e-09
Reset re-loads circuit * comparator-offset-mc @ ss_125c_3.30v -- generated by sim/harness, do not edit

Circuit: * comparator-offset-mc @ ss_125c_3.30v -- generated by sim/harness, do not edit

Doing analysis at TEMP = 125.000000 and TNOM = 27.000000

Using SPARSE 1.3 as Direct Linear Solver

No. of Data Rows : 6
voa = 3.1396792835e-03
ddc = -2.350474649e-07
dde = 2.3190906311e-07
Reset re-loads circuit * comparator-offset-mc @ ss_125c_3.30v -- generated by sim/harness, do not edit

Circuit: * comparator-offset-mc @ ss_125c_3.30v -- generated by sim/harness, do not edit

Doing analysis at TEMP = 125.000000 and TNOM = 27.000000

Using SPARSE 1.3 as Direct Linear Solver
 Reference value :  0.00000e+00
No. of Data Rows : 6
voa = -1.213794648e-04
ddc = 1.6094673087e-07
dde = -1.586793635e-07
Reset re-loads circuit * comparator-offset-mc @ ss_125c_3.30v -- generated by sim/harness, do not edit

Circuit: * comparator-offset-mc @ ss_125c_3.30v -- generated by sim/harness, do not edit

Doing analysis at TEMP = 125.000000 and TNOM = 27.000000

Using SPARSE 1.3 as Direct Linear Solver

No. of Data Rows : 6
voa = -2.580868601e-03
ddc = 1.5237672514e-07
dde = -1.476296862e-07
Reset re-loads circuit * comparator-offset-mc @ ss_125c_3.30v -- generated by sim/harness, do not edit

Circuit: * comparator-offset-mc @ ss_125c_3.30v -- generated by sim/harness, do not edit

Doing analysis at TEMP = 125.000000 and TNOM = 27.000000

Using SPARSE 1.3 as Direct Linear Solver

No. of Data Rows : 6
voa = 1.2785589517e-03
ddc = -5.783085739e-08
dde = 5.5688966139e-08
Reset re-loads circuit * comparator-offset-mc @ ss_125c_3.30v -- generated by sim/harness, do not edit

Circuit: * comparator-offset-mc @ ss_125c_3.30v -- generated by sim/harness, do not edit

Doing analysis at TEMP = 125.000000 and TNOM = 27.000000

Using SPARSE 1.3 as Direct Linear Solver

No. of Data Rows : 6
voa = 2.0810059931e-03
ddc = -2.610967297e-07
dde = 2.5538579906e-07
Reset re-loads circuit * comparator-offset-mc @ ss_125c_3.30v -- generated by sim/harness, do not edit

Circuit: * comparator-offset-mc @ ss_125c_3.30v -- generated by sim/harness, do not edit

Doing analysis at TEMP = 125.000000 and TNOM = 27.000000

Using SPARSE 1.3 as Direct Linear Solver

No. of Data Rows : 6
voa = 1.8016521431e-03
ddc = -1.793782000e-07
dde = 1.7473504991e-07
Reset re-loads circuit * comparator-offset-mc @ ss_125c_3.30v -- generated by sim/harness, do not edit

Circuit: * comparator-offset-mc @ ss_125c_3.30v -- generated by sim/harness, do not edit

Doing analysis at TEMP = 125.000000 and TNOM = 27.000000

Using SPARSE 1.3 as Direct Linear Solver

No. of Data Rows : 6
voa = -2.847951847e-03
ddc = 2.9348335487e-07
dde = -2.855792746e-07
Reset re-loads circuit * comparator-offset-mc @ ss_125c_3.30v -- generated by sim/harness, do not edit

Circuit: * comparator-offset-mc @ ss_125c_3.30v -- generated by sim/harness, do not edit

Doing analysis at TEMP = 125.000000 and TNOM = 27.000000

Using SPARSE 1.3 as Direct Linear Solver

No. of Data Rows : 6
voa = -4.401811913e-05
ddc = -2.251559510e-08
dde = 2.2510156721e-08
Reset re-loads circuit * comparator-offset-mc @ ss_125c_3.30v -- generated by sim/harness, do not edit

Circuit: * comparator-offset-mc @ ss_125c_3.30v -- generated by sim/harness, do not edit

Doing analysis at TEMP = 125.000000 and TNOM = 27.000000

Using SPARSE 1.3 as Direct Linear Solver

No. of Data Rows : 6
voa = -1.139544154e-03
ddc = 2.9818014027e-07
dde = -2.917478188e-07
Reset re-loads circuit * comparator-offset-mc @ ss_125c_3.30v -- generated by sim/harness, do not edit

Circuit: * comparator-offset-mc @ ss_125c_3.30v -- generated by sim/harness, do not edit

Doing analysis at TEMP = 125.000000 and TNOM = 27.000000

Using SPARSE 1.3 as Direct Linear Solver

No. of Data Rows : 6
voa = 2.2569963995e-03
ddc = -8.722256205e-08
dde = 8.2307836937e-08
Reset re-loads circuit * comparator-offset-mc @ ss_125c_3.30v -- generated by sim/harness, do not edit

Circuit: * comparator-offset-mc @ ss_125c_3.30v -- generated by sim/harness, do not edit

Doing analysis at TEMP = 125.000000 and TNOM = 27.000000

Using SPARSE 1.3 as Direct Linear Solver

No. of Data Rows : 6
voa = 2.1879793744e-03
ddc = -1.018272309e-07
dde = 9.5860777413e-08
Reset re-loads circuit * comparator-offset-mc @ ss_125c_3.30v -- generated by sim/harness, do not edit

Circuit: * comparator-offset-mc @ ss_125c_3.30v -- generated by sim/harness, do not edit

Doing analysis at TEMP = 125.000000 and TNOM = 27.000000

Using SPARSE 1.3 as Direct Linear Solver

No. of Data Rows : 6
voa = 2.5176594549e-03
ddc = -7.939857886e-08
dde = 7.5056569776e-08
Reset re-loads circuit * comparator-offset-mc @ ss_125c_3.30v -- generated by sim/harness, do not edit

Circuit: * comparator-offset-mc @ ss_125c_3.30v -- generated by sim/harness, do not edit

Doing analysis at TEMP = 125.000000 and TNOM = 27.000000

Using SPARSE 1.3 as Direct Linear Solver

No. of Data Rows : 6
voa = -1.463813671e-03
ddc = 3.7591258832e-08
dde = -3.510296780e-08
Reset re-loads circuit * comparator-offset-mc @ ss_125c_3.30v -- generated by sim/harness, do not edit

Circuit: * comparator-offset-mc @ ss_125c_3.30v -- generated by sim/harness, do not edit

Doing analysis at TEMP = 125.000000 and TNOM = 27.000000

Using SPARSE 1.3 as Direct Linear Solver

No. of Data Rows : 6
voa = -5.606681270e-04
ddc = -5.549823832e-08
dde = 5.5019153991e-08
Reset re-loads circuit * comparator-offset-mc @ ss_125c_3.30v -- generated by sim/harness, do not edit

Circuit: * comparator-offset-mc @ ss_125c_3.30v -- generated by sim/harness, do not edit

Doing analysis at TEMP = 125.000000 and TNOM = 27.000000

Using SPARSE 1.3 as Direct Linear Solver

No. of Data Rows : 6
voa = 1.2005783786e-03
ddc = -1.185630781e-07
dde = 1.1545936013e-07
Reset re-loads circuit * comparator-offset-mc @ ss_125c_3.30v -- generated by sim/harness, do not edit

Circuit: * comparator-offset-mc @ ss_125c_3.30v -- generated by sim/harness, do not edit

Doing analysis at TEMP = 125.000000 and TNOM = 27.000000

Using SPARSE 1.3 as Direct Linear Solver

No. of Data Rows : 6
voa = -2.116769697e-03
ddc = 2.7373838781e-07
dde = -2.673001032e-07
Reset re-loads circuit * comparator-offset-mc @ ss_125c_3.30v -- generated by sim/harness, do not edit

Circuit: * comparator-offset-mc @ ss_125c_3.30v -- generated by sim/harness, do not edit

Doing analysis at TEMP = 125.000000 and TNOM = 27.000000

Using SPARSE 1.3 as Direct Linear Solver

No. of Data Rows : 6
voa = -1.342732852e-03
ddc = 1.1428982189e-07
dde = -1.111996630e-07
Reset re-loads circuit * comparator-offset-mc @ ss_125c_3.30v -- generated by sim/harness, do not edit

Circuit: * comparator-offset-mc @ ss_125c_3.30v -- generated by sim/harness, do not edit

Doing analysis at TEMP = 125.000000 and TNOM = 27.000000

Using SPARSE 1.3 as Direct Linear Solver

No. of Data Rows : 6
voa = 1.0849523039e-03
ddc = 4.4199992353e-08
dde = -4.447782155e-08
Reset re-loads circuit * comparator-offset-mc @ ss_125c_3.30v -- generated by sim/harness, do not edit

Circuit: * comparator-offset-mc @ ss_125c_3.30v -- generated by sim/harness, do not edit

Doing analysis at TEMP = 125.000000 and TNOM = 27.000000

Using SPARSE 1.3 as Direct Linear Solver

No. of Data Rows : 6
voa = 2.7201663413e-03
ddc = -2.970399459e-07
dde = 2.8821634837e-07
Reset re-loads circuit * comparator-offset-mc @ ss_125c_3.30v -- generated by sim/harness, do not edit

Circuit: * comparator-offset-mc @ ss_125c_3.30v -- generated by sim/harness, do not edit

Doing analysis at TEMP = 125.000000 and TNOM = 27.000000

Using SPARSE 1.3 as Direct Linear Solver

No. of Data Rows : 6
voa = -2.760347184e-03
ddc = 3.8812511900e-07
dde = -3.791782711e-07
Reset re-loads circuit * comparator-offset-mc @ ss_125c_3.30v -- generated by sim/harness, do not edit

Circuit: * comparator-offset-mc @ ss_125c_3.30v -- generated by sim/harness, do not edit

Doing analysis at TEMP = 125.000000 and TNOM = 27.000000

Using SPARSE 1.3 as Direct Linear Solver

No. of Data Rows : 6
voa = 3.8644817811e-04
ddc = -1.202048305e-07
dde = 1.1826912773e-07
Reset re-loads circuit * comparator-offset-mc @ ss_125c_3.30v -- generated by sim/harness, do not edit

Circuit: * comparator-offset-mc @ ss_125c_3.30v -- generated by sim/harness, do not edit

Doing analysis at TEMP = 125.000000 and TNOM = 27.000000

Using SPARSE 1.3 as Direct Linear Solver

No. of Data Rows : 6
voa = -1.198611985e-03
ddc = 8.0577967739e-08
dde = -7.825187986e-08
Reset re-loads circuit * comparator-offset-mc @ ss_125c_3.30v -- generated by sim/harness, do not edit

Circuit: * comparator-offset-mc @ ss_125c_3.30v -- generated by sim/harness, do not edit

Doing analysis at TEMP = 125.000000 and TNOM = 27.000000

Using SPARSE 1.3 as Direct Linear Solver

No. of Data Rows : 6
voa = -2.471431248e-03
ddc = 3.2554989767e-07
dde = -3.177999908e-07
Reset re-loads circuit * comparator-offset-mc @ ss_125c_3.30v -- generated by sim/harness, do not edit

Circuit: * comparator-offset-mc @ ss_125c_3.30v -- generated by sim/harness, do not edit

Doing analysis at TEMP = 125.000000 and TNOM = 27.000000

Using SPARSE 1.3 as Direct Linear Solver

No. of Data Rows : 6
voa = 1.6488034733e-03
ddc = -2.045097996e-07
dde = 1.9975978720e-07
Reset re-loads circuit * comparator-offset-mc @ ss_125c_3.30v -- generated by sim/harness, do not edit

Circuit: * comparator-offset-mc @ ss_125c_3.30v -- generated by sim/harness, do not edit

Doing analysis at TEMP = 125.000000 and TNOM = 27.000000

Using SPARSE 1.3 as Direct Linear Solver
 Reference value :  0.00000e+00
No. of Data Rows : 6
voa = 1.0909458579e-03
ddc = -2.182647548e-07
dde = 2.1388288843e-07
Reset re-loads circuit * comparator-offset-mc @ ss_125c_3.30v -- generated by sim/harness, do not edit

Circuit: * comparator-offset-mc @ ss_125c_3.30v -- generated by sim/harness, do not edit

Doing analysis at TEMP = 125.000000 and TNOM = 27.000000

Using SPARSE 1.3 as Direct Linear Solver

No. of Data Rows : 6
voa = 1.4198196818e-03
ddc = -1.955481177e-07
dde = 1.9102719871e-07
Reset re-loads circuit * comparator-offset-mc @ ss_125c_3.30v -- generated by sim/harness, do not edit

Circuit: * comparator-offset-mc @ ss_125c_3.30v -- generated by sim/harness, do not edit

Doing analysis at TEMP = 125.000000 and TNOM = 27.000000

Using SPARSE 1.3 as Direct Linear Solver

No. of Data Rows : 6
voa = 4.1172504206e-03
ddc = -4.001948283e-07
dde = 3.8238667254e-07
Reset re-loads circuit * comparator-offset-mc @ ss_125c_3.30v -- generated by sim/harness, do not edit

Circuit: * comparator-offset-mc @ ss_125c_3.30v -- generated by sim/harness, do not edit

Doing analysis at TEMP = 125.000000 and TNOM = 27.000000

Using SPARSE 1.3 as Direct Linear Solver

No. of Data Rows : 6
voa = -2.034201493e-03
ddc = 1.1349201681e-07
dde = -1.094961628e-07
Reset re-loads circuit * comparator-offset-mc @ ss_125c_3.30v -- generated by sim/harness, do not edit

Circuit: * comparator-offset-mc @ ss_125c_3.30v -- generated by sim/harness, do not edit

Doing analysis at TEMP = 125.000000 and TNOM = 27.000000

Using SPARSE 1.3 as Direct Linear Solver

No. of Data Rows : 6
voa = 2.5824201530e-04
ddc = -3.593004775e-08
dde = 3.5103803418e-08
Reset re-loads circuit * comparator-offset-mc @ ss_125c_3.30v -- generated by sim/harness, do not edit

Circuit: * comparator-offset-mc @ ss_125c_3.30v -- generated by sim/harness, do not edit

Doing analysis at TEMP = 125.000000 and TNOM = 27.000000

Using SPARSE 1.3 as Direct Linear Solver

No. of Data Rows : 6
voa = -2.456437454e-03
ddc = 1.4720977681e-07
dde = -1.418120938e-07
Reset re-loads circuit * comparator-offset-mc @ ss_125c_3.30v -- generated by sim/harness, do not edit

Circuit: * comparator-offset-mc @ ss_125c_3.30v -- generated by sim/harness, do not edit

Doing analysis at TEMP = 125.000000 and TNOM = 27.000000

Using SPARSE 1.3 as Direct Linear Solver

No. of Data Rows : 6
voa = -5.419162044e-05
ddc = -6.323270950e-08
dde = 6.2853561030e-08
Reset re-loads circuit * comparator-offset-mc @ ss_125c_3.30v -- generated by sim/harness, do not edit

Circuit: * comparator-offset-mc @ ss_125c_3.30v -- generated by sim/harness, do not edit

Doing analysis at TEMP = 125.000000 and TNOM = 27.000000

Using SPARSE 1.3 as Direct Linear Solver

No. of Data Rows : 6
voa = -1.727368096e-03
ddc = 1.0391790706e-07
dde = -1.003484083e-07
Reset re-loads circuit * comparator-offset-mc @ ss_125c_3.30v -- generated by sim/harness, do not edit

Circuit: * comparator-offset-mc @ ss_125c_3.30v -- generated by sim/harness, do not edit

Doing analysis at TEMP = 125.000000 and TNOM = 27.000000

Using SPARSE 1.3 as Direct Linear Solver

No. of Data Rows : 6
voa = -3.943463996e-04
ddc = 4.3663609672e-08
dde = -4.259947304e-08
Reset re-loads circuit * comparator-offset-mc @ ss_125c_3.30v -- generated by sim/harness, do not edit

Circuit: * comparator-offset-mc @ ss_125c_3.30v -- generated by sim/harness, do not edit

Doing analysis at TEMP = 125.000000 and TNOM = 27.000000

Using SPARSE 1.3 as Direct Linear Solver

No. of Data Rows : 6
voa = 1.9782944895e-03
ddc = -2.305137646e-07
dde = 2.2456161699e-07
Reset re-loads circuit * comparator-offset-mc @ ss_125c_3.30v -- generated by sim/harness, do not edit

Circuit: * comparator-offset-mc @ ss_125c_3.30v -- generated by sim/harness, do not edit

Doing analysis at TEMP = 125.000000 and TNOM = 27.000000

Using SPARSE 1.3 as Direct Linear Solver

No. of Data Rows : 6
voa = -4.595214961e-04
ddc = 1.2273985377e-07
dde = -1.203082449e-07
Reset re-loads circuit * comparator-offset-mc @ ss_125c_3.30v -- generated by sim/harness, do not edit

Circuit: * comparator-offset-mc @ ss_125c_3.30v -- generated by sim/harness, do not edit

Doing analysis at TEMP = 125.000000 and TNOM = 27.000000

Using SPARSE 1.3 as Direct Linear Solver

No. of Data Rows : 6
voa = -1.478822301e-03
ddc = 1.2845462141e-07
dde = -1.250452750e-07
Reset re-loads circuit * comparator-offset-mc @ ss_125c_3.30v -- generated by sim/harness, do not edit

Circuit: * comparator-offset-mc @ ss_125c_3.30v -- generated by sim/harness, do not edit

Doing analysis at TEMP = 125.000000 and TNOM = 27.000000

Using SPARSE 1.3 as Direct Linear Solver

No. of Data Rows : 6
voa = -4.609774990e-04
ddc = -6.120068946e-08
dde = 6.0663350176e-08
Reset re-loads circuit * comparator-offset-mc @ ss_125c_3.30v -- generated by sim/harness, do not edit

Circuit: * comparator-offset-mc @ ss_125c_3.30v -- generated by sim/harness, do not edit

Doing analysis at TEMP = 125.000000 and TNOM = 27.000000

Using SPARSE 1.3 as Direct Linear Solver

No. of Data Rows : 6
voa = -1.226097849e-03
ddc = 7.2178528670e-08
dde = -6.976963646e-08
Reset re-loads circuit * comparator-offset-mc @ ss_125c_3.30v -- generated by sim/harness, do not edit

Circuit: * comparator-offset-mc @ ss_125c_3.30v -- generated by sim/harness, do not edit

Doing analysis at TEMP = 125.000000 and TNOM = 27.000000

Using SPARSE 1.3 as Direct Linear Solver

No. of Data Rows : 6
voa = 2.4912048704e-03
ddc = -3.412958796e-07
dde = 3.3304590319e-07
Reset re-loads circuit * comparator-offset-mc @ ss_125c_3.30v -- generated by sim/harness, do not edit

Circuit: * comparator-offset-mc @ ss_125c_3.30v -- generated by sim/harness, do not edit

Doing analysis at TEMP = 125.000000 and TNOM = 27.000000

Using SPARSE 1.3 as Direct Linear Solver

No. of Data Rows : 6
voa = 2.0396774068e-03
ddc = -1.379273081e-07
dde = 1.3330169584e-07
Reset re-loads circuit * comparator-offset-mc @ ss_125c_3.30v -- generated by sim/harness, do not edit

Circuit: * comparator-offset-mc @ ss_125c_3.30v -- generated by sim/harness, do not edit

Doing analysis at TEMP = 125.000000 and TNOM = 27.000000

Using SPARSE 1.3 as Direct Linear Solver

No. of Data Rows : 6
voa = -3.382493601e-04
ddc = -2.029618644e-08
dde = 1.9926872519e-08
Reset re-loads circuit * comparator-offset-mc @ ss_125c_3.30v -- generated by sim/harness, do not edit

Circuit: * comparator-offset-mc @ ss_125c_3.30v -- generated by sim/harness, do not edit

Doing analysis at TEMP = 125.000000 and TNOM = 27.000000

Using SPARSE 1.3 as Direct Linear Solver

No. of Data Rows : 6
voa = -1.813263983e-03
ddc = 2.6233661873e-07
dde = -2.565399321e-07
Reset re-loads circuit * comparator-offset-mc @ ss_125c_3.30v -- generated by sim/harness, do not edit

Circuit: * comparator-offset-mc @ ss_125c_3.30v -- generated by sim/harness, do not edit

Doing analysis at TEMP = 125.000000 and TNOM = 27.000000

Using SPARSE 1.3 as Direct Linear Solver

No. of Data Rows : 6
voa = 9.4472432976e-04
ddc = -9.212216154e-08
dde = 8.9707825568e-08
Reset re-loads circuit * comparator-offset-mc @ ss_125c_3.30v -- generated by sim/harness, do not edit

Circuit: * comparator-offset-mc @ ss_125c_3.30v -- generated by sim/harness, do not edit

Doing analysis at TEMP = 125.000000 and TNOM = 27.000000

Using SPARSE 1.3 as Direct Linear Solver

No. of Data Rows : 6
voa = -1.161853892e-03
ddc = 1.6494613821e-07
dde = -1.614498432e-07
Reset re-loads circuit * comparator-offset-mc @ ss_125c_3.30v -- generated by sim/harness, do not edit

Circuit: * comparator-offset-mc @ ss_125c_3.30v -- generated by sim/harness, do not edit

Doing analysis at TEMP = 125.000000 and TNOM = 27.000000

Using SPARSE 1.3 as Direct Linear Solver

No. of Data Rows : 6
voa = 1.0700911768e-03
ddc = -1.913769709e-07
dde = 1.8754861628e-07
Reset re-loads circuit * comparator-offset-mc @ ss_125c_3.30v -- generated by sim/harness, do not edit

Circuit: * comparator-offset-mc @ ss_125c_3.30v -- generated by sim/harness, do not edit

Doing analysis at TEMP = 125.000000 and TNOM = 27.000000

Using SPARSE 1.3 as Direct Linear Solver

No. of Data Rows : 6
voa = -1.194736871e-03
ddc = 1.4829805304e-07
dde = -1.448849764e-07
Reset re-loads circuit * comparator-offset-mc @ ss_125c_3.30v -- generated by sim/harness, do not edit

Circuit: * comparator-offset-mc @ ss_125c_3.30v -- generated by sim/harness, do not edit

Doing analysis at TEMP = 125.000000 and TNOM = 27.000000

Using SPARSE 1.3 as Direct Linear Solver
 Reference value :  0.00000e+00
No. of Data Rows : 6
voa = 7.3713124385e-05
ddc = -7.793556366e-08
dde = 7.6769669010e-08
Reset re-loads circuit * comparator-offset-mc @ ss_125c_3.30v -- generated by sim/harness, do not edit

Circuit: * comparator-offset-mc @ ss_125c_3.30v -- generated by sim/harness, do not edit

Doing analysis at TEMP = 125.000000 and TNOM = 27.000000

Using SPARSE 1.3 as Direct Linear Solver

No. of Data Rows : 6
voa = -1.151079170e-03
ddc = 1.5412932813e-07
dde = -1.504168546e-07
Reset re-loads circuit * comparator-offset-mc @ ss_125c_3.30v -- generated by sim/harness, do not edit

Circuit: * comparator-offset-mc @ ss_125c_3.30v -- generated by sim/harness, do not edit

Doing analysis at TEMP = 125.000000 and TNOM = 27.000000

Using SPARSE 1.3 as Direct Linear Solver

No. of Data Rows : 6
voa = -1.850580179e-03
ddc = 1.7721455997e-07
dde = -1.725730197e-07
Reset re-loads circuit * comparator-offset-mc @ ss_125c_3.30v -- generated by sim/harness, do not edit

Circuit: * comparator-offset-mc @ ss_125c_3.30v -- generated by sim/harness, do not edit

Doing analysis at TEMP = 125.000000 and TNOM = 27.000000

Using SPARSE 1.3 as Direct Linear Solver

No. of Data Rows : 6
voa = 4.5913786559e-04
ddc = 1.1799791993e-07
dde = -1.161708931e-07
Reset re-loads circuit * comparator-offset-mc @ ss_125c_3.30v -- generated by sim/harness, do not edit

Circuit: * comparator-offset-mc @ ss_125c_3.30v -- generated by sim/harness, do not edit

Doing analysis at TEMP = 125.000000 and TNOM = 27.000000

Using SPARSE 1.3 as Direct Linear Solver

No. of Data Rows : 6
voa = 3.6048816900e-03
ddc = -2.935779064e-07
dde = 2.8659086638e-07
Reset re-loads circuit * comparator-offset-mc @ ss_125c_3.30v -- generated by sim/harness, do not edit

Circuit: * comparator-offset-mc @ ss_125c_3.30v -- generated by sim/harness, do not edit

Doing analysis at TEMP = 125.000000 and TNOM = 27.000000

Using SPARSE 1.3 as Direct Linear Solver

No. of Data Rows : 6
voa = 1.9008686118e-04
ddc = -4.462201298e-08
dde = 4.3721540784e-08
Reset re-loads circuit * comparator-offset-mc @ ss_125c_3.30v -- generated by sim/harness, do not edit

Circuit: * comparator-offset-mc @ ss_125c_3.30v -- generated by sim/harness, do not edit

Doing analysis at TEMP = 125.000000 and TNOM = 27.000000

Using SPARSE 1.3 as Direct Linear Solver

No. of Data Rows : 6
voa = -1.144286052e-03
ddc = 1.1350814771e-07
dde = -1.106031488e-07
Reset re-loads circuit * comparator-offset-mc @ ss_125c_3.30v -- generated by sim/harness, do not edit

Circuit: * comparator-offset-mc @ ss_125c_3.30v -- generated by sim/harness, do not edit

Doing analysis at TEMP = 125.000000 and TNOM = 27.000000

Using SPARSE 1.3 as Direct Linear Solver

No. of Data Rows : 6
voa = -1.688988106e-03
ddc = 6.6204349460e-08
dde = -6.324611992e-08
Reset re-loads circuit * comparator-offset-mc @ ss_125c_3.30v -- generated by sim/harness, do not edit

Circuit: * comparator-offset-mc @ ss_125c_3.30v -- generated by sim/harness, do not edit

Doing analysis at TEMP = 125.000000 and TNOM = 27.000000

Using SPARSE 1.3 as Direct Linear Solver

No. of Data Rows : 6
voa = 4.6225857277e-04
ddc = 1.2665965551e-09
dde = -1.779419526e-09
Reset re-loads circuit * comparator-offset-mc @ ss_125c_3.30v -- generated by sim/harness, do not edit

Circuit: * comparator-offset-mc @ ss_125c_3.30v -- generated by sim/harness, do not edit

Doing analysis at TEMP = 125.000000 and TNOM = 27.000000

Using SPARSE 1.3 as Direct Linear Solver

No. of Data Rows : 6
voa = -4.309000282e-03
ddc = 4.3498597634e-07
dde = -4.238617271e-07
Reset re-loads circuit * comparator-offset-mc @ ss_125c_3.30v -- generated by sim/harness, do not edit

Circuit: * comparator-offset-mc @ ss_125c_3.30v -- generated by sim/harness, do not edit

Doing analysis at TEMP = 125.000000 and TNOM = 27.000000

Using SPARSE 1.3 as Direct Linear Solver

No. of Data Rows : 6
voa = -4.482192087e-03
ddc = 3.3854905671e-07
dde = -3.287234958e-07
Reset re-loads circuit * comparator-offset-mc @ ss_125c_3.30v -- generated by sim/harness, do not edit

Circuit: * comparator-offset-mc @ ss_125c_3.30v -- generated by sim/harness, do not edit

Doing analysis at TEMP = 125.000000 and TNOM = 27.000000

Using SPARSE 1.3 as Direct Linear Solver

No. of Data Rows : 6
voa = -1.308988087e-03
ddc = 5.3191305501e-08
dde = -5.078396646e-08
Reset re-loads circuit * comparator-offset-mc @ ss_125c_3.30v -- generated by sim/harness, do not edit

Circuit: * comparator-offset-mc @ ss_125c_3.30v -- generated by sim/harness, do not edit

Doing analysis at TEMP = 125.000000 and TNOM = 27.000000

Using SPARSE 1.3 as Direct Linear Solver

No. of Data Rows : 6
voa = 1.4366519238e-04
ddc = 1.7348006845e-08
dde = -1.748667759e-08
Reset re-loads circuit * comparator-offset-mc @ ss_125c_3.30v -- generated by sim/harness, do not edit

Circuit: * comparator-offset-mc @ ss_125c_3.30v -- generated by sim/harness, do not edit

Doing analysis at TEMP = 125.000000 and TNOM = 27.000000

Using SPARSE 1.3 as Direct Linear Solver

No. of Data Rows : 6
voa = -1.161643495e-03
ddc = 2.3698674816e-08
dde = -2.163029891e-08
Reset re-loads circuit * comparator-offset-mc @ ss_125c_3.30v -- generated by sim/harness, do not edit

Circuit: * comparator-offset-mc @ ss_125c_3.30v -- generated by sim/harness, do not edit

Doing analysis at TEMP = 125.000000 and TNOM = 27.000000

Using SPARSE 1.3 as Direct Linear Solver

No. of Data Rows : 6
voa = 1.5151793994e-03
ddc = -2.053670537e-07
dde = 2.0090898827e-07
Reset re-loads circuit * comparator-offset-mc @ ss_125c_3.30v -- generated by sim/harness, do not edit

Circuit: * comparator-offset-mc @ ss_125c_3.30v -- generated by sim/harness, do not edit

Doing analysis at TEMP = 125.000000 and TNOM = 27.000000

Using SPARSE 1.3 as Direct Linear Solver

No. of Data Rows : 6
voa = -4.355305061e-04
ddc = 1.8680415679e-07
dde = -1.841377348e-07
Reset re-loads circuit * comparator-offset-mc @ ss_125c_3.30v -- generated by sim/harness, do not edit

Circuit: * comparator-offset-mc @ ss_125c_3.30v -- generated by sim/harness, do not edit

Doing analysis at TEMP = 125.000000 and TNOM = 27.000000

Using SPARSE 1.3 as Direct Linear Solver

No. of Data Rows : 6
voa = -5.989613169e-05
ddc = 2.0728173976e-08
dde = -2.033237775e-08
Reset re-loads circuit * comparator-offset-mc @ ss_125c_3.30v -- generated by sim/harness, do not edit

Circuit: * comparator-offset-mc @ ss_125c_3.30v -- generated by sim/harness, do not edit

Doing analysis at TEMP = 125.000000 and TNOM = 27.000000

Using SPARSE 1.3 as Direct Linear Solver

No. of Data Rows : 6
voa = -3.071445113e-03
ddc = 2.4122299264e-07
dde = -2.345912772e-07
Reset re-loads circuit * comparator-offset-mc @ ss_125c_3.30v -- generated by sim/harness, do not edit

Circuit: * comparator-offset-mc @ ss_125c_3.30v -- generated by sim/harness, do not edit

Doing analysis at TEMP = 125.000000 and TNOM = 27.000000

Using SPARSE 1.3 as Direct Linear Solver

No. of Data Rows : 6
voa = -4.072295726e-04
ddc = 6.4482711933e-08
dde = -6.305151534e-08
Reset re-loads circuit * comparator-offset-mc @ ss_125c_3.30v -- generated by sim/harness, do not edit

Circuit: * comparator-offset-mc @ ss_125c_3.30v -- generated by sim/harness, do not edit

Doing analysis at TEMP = 125.000000 and TNOM = 27.000000

Using SPARSE 1.3 as Direct Linear Solver

No. of Data Rows : 6
voa = 2.5585830861e-03
ddc = -4.279913612e-07
dde = 4.1773959038e-07
Reset re-loads circuit * comparator-offset-mc @ ss_125c_3.30v -- generated by sim/harness, do not edit

Circuit: * comparator-offset-mc @ ss_125c_3.30v -- generated by sim/harness, do not edit

Doing analysis at TEMP = 125.000000 and TNOM = 27.000000

Using SPARSE 1.3 as Direct Linear Solver

No. of Data Rows : 6
voa = -1.603849374e-03
ddc = 2.3141503862e-07
dde = -2.259064967e-07
Reset re-loads circuit * comparator-offset-mc @ ss_125c_3.30v -- generated by sim/harness, do not edit

Circuit: * comparator-offset-mc @ ss_125c_3.30v -- generated by sim/harness, do not edit

Doing analysis at TEMP = 125.000000 and TNOM = 27.000000

Using SPARSE 1.3 as Direct Linear Solver

No. of Data Rows : 6
voa = 4.3718831604e-04
ddc = 1.5108482081e-08
dde = -1.546802372e-08
Reset re-loads circuit * comparator-offset-mc @ ss_125c_3.30v -- generated by sim/harness, do not edit

Circuit: * comparator-offset-mc @ ss_125c_3.30v -- generated by sim/harness, do not edit

Doing analysis at TEMP = 125.000000 and TNOM = 27.000000

Using SPARSE 1.3 as Direct Linear Solver
 Reference value :  0.00000e+00
No. of Data Rows : 6
voa = -1.659318971e-03
ddc = 1.7624990338e-07
dde = -1.719780999e-07
Reset re-loads circuit * comparator-offset-mc @ ss_125c_3.30v -- generated by sim/harness, do not edit

Circuit: * comparator-offset-mc @ ss_125c_3.30v -- generated by sim/harness, do not edit

Doing analysis at TEMP = 125.000000 and TNOM = 27.000000

Using SPARSE 1.3 as Direct Linear Solver

No. of Data Rows : 6
voa = 1.1580941609e-03
ddc = -6.423359036e-08
dde = 6.1051326024e-08
Reset re-loads circuit * comparator-offset-mc @ ss_125c_3.30v -- generated by sim/harness, do not edit

Circuit: * comparator-offset-mc @ ss_125c_3.30v -- generated by sim/harness, do not edit

Doing analysis at TEMP = 125.000000 and TNOM = 27.000000

Using SPARSE 1.3 as Direct Linear Solver

No. of Data Rows : 6
voa = -1.966079881e-03
ddc = 1.3583621410e-07
dde = -1.316054842e-07
Reset re-loads circuit * comparator-offset-mc @ ss_125c_3.30v -- generated by sim/harness, do not edit

Circuit: * comparator-offset-mc @ ss_125c_3.30v -- generated by sim/harness, do not edit

Doing analysis at TEMP = 125.000000 and TNOM = 27.000000

Using SPARSE 1.3 as Direct Linear Solver

No. of Data Rows : 6
voa = -8.513854961e-05
ddc = 3.7581665497e-08
dde = -3.677273801e-08
Reset re-loads circuit * comparator-offset-mc @ ss_125c_3.30v -- generated by sim/harness, do not edit

Circuit: * comparator-offset-mc @ ss_125c_3.30v -- generated by sim/harness, do not edit

Doing analysis at TEMP = 125.000000 and TNOM = 27.000000

Using SPARSE 1.3 as Direct Linear Solver

No. of Data Rows : 6
voa = 2.7573535283e-03
ddc = -1.426768000e-07
dde = 1.3444940702e-07
Reset re-loads circuit * comparator-offset-mc @ ss_125c_3.30v -- generated by sim/harness, do not edit

Circuit: * comparator-offset-mc @ ss_125c_3.30v -- generated by sim/harness, do not edit

Doing analysis at TEMP = 125.000000 and TNOM = 27.000000

Using SPARSE 1.3 as Direct Linear Solver

No. of Data Rows : 6
voa = -1.529103225e-03
ddc = 1.1867935215e-07
dde = -1.152733839e-07
Reset re-loads circuit * comparator-offset-mc @ ss_125c_3.30v -- generated by sim/harness, do not edit

Circuit: * comparator-offset-mc @ ss_125c_3.30v -- generated by sim/harness, do not edit

Doing analysis at TEMP = 125.000000 and TNOM = 27.000000

Using SPARSE 1.3 as Direct Linear Solver

No. of Data Rows : 6
voa = 1.9161225153e-03
ddc = -1.638428848e-07
dde = 1.5841516452e-07
Reset re-loads circuit * comparator-offset-mc @ ss_125c_3.30v -- generated by sim/harness, do not edit

Circuit: * comparator-offset-mc @ ss_125c_3.30v -- generated by sim/harness, do not edit

Doing analysis at TEMP = 125.000000 and TNOM = 27.000000

Using SPARSE 1.3 as Direct Linear Solver

No. of Data Rows : 6
voa = -5.328296185e-04
ddc = 6.7375602501e-08
dde = -6.585992329e-08
Reset re-loads circuit * comparator-offset-mc @ ss_125c_3.30v -- generated by sim/harness, do not edit

Circuit: * comparator-offset-mc @ ss_125c_3.30v -- generated by sim/harness, do not edit

Doing analysis at TEMP = 125.000000 and TNOM = 27.000000

Using SPARSE 1.3 as Direct Linear Solver

No. of Data Rows : 6
voa = -1.033584702e-04
ddc = 5.9198753218e-08
dde = -5.834107364e-08
Reset re-loads circuit * comparator-offset-mc @ ss_125c_3.30v -- generated by sim/harness, do not edit

Circuit: * comparator-offset-mc @ ss_125c_3.30v -- generated by sim/harness, do not edit

Doing analysis at TEMP = 125.000000 and TNOM = 27.000000

Using SPARSE 1.3 as Direct Linear Solver

No. of Data Rows : 6
voa = 8.0256395695e-04
ddc = -1.273649310e-07
dde = 1.2445043249e-07
Reset re-loads circuit * comparator-offset-mc @ ss_125c_3.30v -- generated by sim/harness, do not edit

Circuit: * comparator-offset-mc @ ss_125c_3.30v -- generated by sim/harness, do not edit

Doing analysis at TEMP = 125.000000 and TNOM = 27.000000

Using SPARSE 1.3 as Direct Linear Solver

No. of Data Rows : 6
voa = 1.7895694693e-03
ddc = -9.054330539e-08
dde = 8.6909560489e-08
Reset re-loads circuit * comparator-offset-mc @ ss_125c_3.30v -- generated by sim/harness, do not edit

Circuit: * comparator-offset-mc @ ss_125c_3.30v -- generated by sim/harness, do not edit

Doing analysis at TEMP = 125.000000 and TNOM = 27.000000

Using SPARSE 1.3 as Direct Linear Solver

No. of Data Rows : 6
voa = -8.681610342e-04
ddc = 2.5613775928e-07
dde = -2.510983095e-07
Reset re-loads circuit * comparator-offset-mc @ ss_125c_3.30v -- generated by sim/harness, do not edit

Circuit: * comparator-offset-mc @ ss_125c_3.30v -- generated by sim/harness, do not edit

Doing analysis at TEMP = 125.000000 and TNOM = 27.000000

Using SPARSE 1.3 as Direct Linear Solver

No. of Data Rows : 6
voa = 4.7493190460e-05
ddc = 1.1992528974e-08
dde = -1.187700621e-08
Reset re-loads circuit * comparator-offset-mc @ ss_125c_3.30v -- generated by sim/harness, do not edit

Circuit: * comparator-offset-mc @ ss_125c_3.30v -- generated by sim/harness, do not edit

Doing analysis at TEMP = 125.000000 and TNOM = 27.000000

Using SPARSE 1.3 as Direct Linear Solver

No. of Data Rows : 6
voa = -2.387807482e-04
ddc = 1.6621728317e-08
dde = -1.612702275e-08
Reset re-loads circuit * comparator-offset-mc @ ss_125c_3.30v -- generated by sim/harness, do not edit

Circuit: * comparator-offset-mc @ ss_125c_3.30v -- generated by sim/harness, do not edit

Doing analysis at TEMP = 125.000000 and TNOM = 27.000000

Using SPARSE 1.3 as Direct Linear Solver

No. of Data Rows : 6
voa = -2.360624625e-03
ddc = 2.2090480615e-07
dde = -2.151016695e-07
Reset re-loads circuit * comparator-offset-mc @ ss_125c_3.30v -- generated by sim/harness, do not edit

Circuit: * comparator-offset-mc @ ss_125c_3.30v -- generated by sim/harness, do not edit

Doing analysis at TEMP = 125.000000 and TNOM = 27.000000

Using SPARSE 1.3 as Direct Linear Solver

No. of Data Rows : 6
voa = 3.5495295229e-04
ddc = -1.234948857e-07
dde = 1.2173741951e-07
Reset re-loads circuit * comparator-offset-mc @ ss_125c_3.30v -- generated by sim/harness, do not edit

Circuit: * comparator-offset-mc @ ss_125c_3.30v -- generated by sim/harness, do not edit

Doing analysis at TEMP = 125.000000 and TNOM = 27.000000

Using SPARSE 1.3 as Direct Linear Solver

No. of Data Rows : 6
voa = 4.5462610856e-04
ddc = -1.155939625e-07
dde = 1.1316103462e-07
Reset re-loads circuit * comparator-offset-mc @ ss_125c_3.30v -- generated by sim/harness, do not edit

Circuit: * comparator-offset-mc @ ss_125c_3.30v -- generated by sim/harness, do not edit

Doing analysis at TEMP = 125.000000 and TNOM = 27.000000

Using SPARSE 1.3 as Direct Linear Solver

No. of Data Rows : 6
voa = -1.903426911e-03
ddc = 1.8464709446e-07
dde = -1.798931460e-07
Reset re-loads circuit * comparator-offset-mc @ ss_125c_3.30v -- generated by sim/harness, do not edit

Circuit: * comparator-offset-mc @ ss_125c_3.30v -- generated by sim/harness, do not edit

Doing analysis at TEMP = 125.000000 and TNOM = 27.000000

Using SPARSE 1.3 as Direct Linear Solver

No. of Data Rows : 6
voa = -2.465685649e-04
ddc = 7.7006320211e-08
dde = -7.565841442e-08
Reset re-loads circuit * comparator-offset-mc @ ss_125c_3.30v -- generated by sim/harness, do not edit

Circuit: * comparator-offset-mc @ ss_125c_3.30v -- generated by sim/harness, do not edit

Doing analysis at TEMP = 125.000000 and TNOM = 27.000000

Using SPARSE 1.3 as Direct Linear Solver

No. of Data Rows : 6
voa = 1.7038130939e-03
ddc = -1.320991411e-07
dde = 1.2767147179e-07
Reset re-loads circuit * comparator-offset-mc @ ss_125c_3.30v -- generated by sim/harness, do not edit

Circuit: * comparator-offset-mc @ ss_125c_3.30v -- generated by sim/harness, do not edit

Doing analysis at TEMP = 125.000000 and TNOM = 27.000000

Using SPARSE 1.3 as Direct Linear Solver
 Reference value :  0.00000e+00
No. of Data Rows : 6
voa = 7.9074380693e-05
ddc = 1.3373684562e-07
dde = -1.318756616e-07
Reset re-loads circuit * comparator-offset-mc @ ss_125c_3.30v -- generated by sim/harness, do not edit

Circuit: * comparator-offset-mc @ ss_125c_3.30v -- generated by sim/harness, do not edit

Doing analysis at TEMP = 125.000000 and TNOM = 27.000000

Using SPARSE 1.3 as Direct Linear Solver

No. of Data Rows : 6
voa = 1.7288788375e-03
ddc = -4.686150396e-08
dde = 4.4140943560e-08
Reset re-loads circuit * comparator-offset-mc @ ss_125c_3.30v -- generated by sim/harness, do not edit

Circuit: * comparator-offset-mc @ ss_125c_3.30v -- generated by sim/harness, do not edit

Doing analysis at TEMP = 125.000000 and TNOM = 27.000000

Using SPARSE 1.3 as Direct Linear Solver

No. of Data Rows : 6
voa = -6.705639024e-05
ddc = 1.5352260695e-07
dde = -1.509889770e-07
Reset re-loads circuit * comparator-offset-mc @ ss_125c_3.30v -- generated by sim/harness, do not edit

Circuit: * comparator-offset-mc @ ss_125c_3.30v -- generated by sim/harness, do not edit

Doing analysis at TEMP = 125.000000 and TNOM = 27.000000

Using SPARSE 1.3 as Direct Linear Solver

No. of Data Rows : 6
voa = 3.2821063609e-03
ddc = -2.823574551e-07
dde = 2.7498451318e-07
Reset re-loads circuit * comparator-offset-mc @ ss_125c_3.30v -- generated by sim/harness, do not edit

Circuit: * comparator-offset-mc @ ss_125c_3.30v -- generated by sim/harness, do not edit

Doing analysis at TEMP = 125.000000 and TNOM = 27.000000

Using SPARSE 1.3 as Direct Linear Solver

No. of Data Rows : 6
voa = 2.1723929753e-03
ddc = -1.373918137e-07
dde = 1.3293054508e-07
Reset re-loads circuit * comparator-offset-mc @ ss_125c_3.30v -- generated by sim/harness, do not edit

Circuit: * comparator-offset-mc @ ss_125c_3.30v -- generated by sim/harness, do not edit

Doing analysis at TEMP = 125.000000 and TNOM = 27.000000

Using SPARSE 1.3 as Direct Linear Solver

No. of Data Rows : 6
voa = 5.0504882669e-04
ddc = -6.027057251e-09
dde = 5.5592167961e-09
Reset re-loads circuit * comparator-offset-mc @ ss_125c_3.30v -- generated by sim/harness, do not edit

Circuit: * comparator-offset-mc @ ss_125c_3.30v -- generated by sim/harness, do not edit

Doing analysis at TEMP = 125.000000 and TNOM = 27.000000

Using SPARSE 1.3 as Direct Linear Solver

No. of Data Rows : 6
voa = 4.4613931230e-04
ddc = -1.387915248e-07
dde = 1.3648877509e-07
Reset re-loads circuit * comparator-offset-mc @ ss_125c_3.30v -- generated by sim/harness, do not edit

Circuit: * comparator-offset-mc @ ss_125c_3.30v -- generated by sim/harness, do not edit

Doing analysis at TEMP = 125.000000 and TNOM = 27.000000

Using SPARSE 1.3 as Direct Linear Solver

No. of Data Rows : 6
voa = -9.233721169e-04
ddc = 1.8292639602e-07
dde = -1.788700951e-07
Reset re-loads circuit * comparator-offset-mc @ ss_125c_3.30v -- generated by sim/harness, do not edit

Circuit: * comparator-offset-mc @ ss_125c_3.30v -- generated by sim/harness, do not edit

Doing analysis at TEMP = 125.000000 and TNOM = 27.000000

Using SPARSE 1.3 as Direct Linear Solver

No. of Data Rows : 6
voa = 6.8424311982e-05
ddc = -1.417269686e-07
dde = 1.3942983805e-07
Reset re-loads circuit * comparator-offset-mc @ ss_125c_3.30v -- generated by sim/harness, do not edit

Circuit: * comparator-offset-mc @ ss_125c_3.30v -- generated by sim/harness, do not edit

Doing analysis at TEMP = 125.000000 and TNOM = 27.000000

Using SPARSE 1.3 as Direct Linear Solver

No. of Data Rows : 6
voa = -1.040197370e-03
ddc = 1.2114401109e-07
dde = -1.182002065e-07
Reset re-loads circuit * comparator-offset-mc @ ss_125c_3.30v -- generated by sim/harness, do not edit

Circuit: * comparator-offset-mc @ ss_125c_3.30v -- generated by sim/harness, do not edit

Doing analysis at TEMP = 125.000000 and TNOM = 27.000000

Using SPARSE 1.3 as Direct Linear Solver

No. of Data Rows : 6
voa = -1.246381458e-03
ddc = 4.2155610793e-08
dde = -4.005004709e-08
Reset re-loads circuit * comparator-offset-mc @ ss_125c_3.30v -- generated by sim/harness, do not edit

Circuit: * comparator-offset-mc @ ss_125c_3.30v -- generated by sim/harness, do not edit

Doing analysis at TEMP = 125.000000 and TNOM = 27.000000

Using SPARSE 1.3 as Direct Linear Solver

No. of Data Rows : 6
voa = -1.516017039e-03
ddc = -6.766604517e-09
dde = 7.8017052339e-09
Reset re-loads circuit * comparator-offset-mc @ ss_125c_3.30v -- generated by sim/harness, do not edit

Circuit: * comparator-offset-mc @ ss_125c_3.30v -- generated by sim/harness, do not edit

Doing analysis at TEMP = 125.000000 and TNOM = 27.000000

Using SPARSE 1.3 as Direct Linear Solver

No. of Data Rows : 6
voa = 1.4232362020e-03
ddc = -1.404314079e-07
dde = 1.3677766585e-07
Reset re-loads circuit * comparator-offset-mc @ ss_125c_3.30v -- generated by sim/harness, do not edit

Circuit: * comparator-offset-mc @ ss_125c_3.30v -- generated by sim/harness, do not edit

Doing analysis at TEMP = 125.000000 and TNOM = 27.000000

Using SPARSE 1.3 as Direct Linear Solver

No. of Data Rows : 6
voa = 1.2937123075e-03
ddc = -5.701195486e-08
dde = 5.4713589802e-08
Reset re-loads circuit * comparator-offset-mc @ ss_125c_3.30v -- generated by sim/harness, do not edit

Circuit: * comparator-offset-mc @ ss_125c_3.30v -- generated by sim/harness, do not edit

Doing analysis at TEMP = 125.000000 and TNOM = 27.000000

Using SPARSE 1.3 as Direct Linear Solver

No. of Data Rows : 6
voa = 3.3823077341e-05
ddc = -3.392346529e-08
dde = 3.3313795048e-08
Reset re-loads circuit * comparator-offset-mc @ ss_125c_3.30v -- generated by sim/harness, do not edit

Circuit: * comparator-offset-mc @ ss_125c_3.30v -- generated by sim/harness, do not edit

Doing analysis at TEMP = 125.000000 and TNOM = 27.000000

Using SPARSE 1.3 as Direct Linear Solver

No. of Data Rows : 6
voa = -1.914948552e-03
ddc = 2.1507258397e-07
dde = -2.098394292e-07
Reset re-loads circuit * comparator-offset-mc @ ss_125c_3.30v -- generated by sim/harness, do not edit

Circuit: * comparator-offset-mc @ ss_125c_3.30v -- generated by sim/harness, do not edit

Doing analysis at TEMP = 125.000000 and TNOM = 27.000000

Using SPARSE 1.3 as Direct Linear Solver

No. of Data Rows : 6
voa = 9.2044633588e-04
ddc = -1.833230476e-07
dde = 1.7968197263e-07
Reset re-loads circuit * comparator-offset-mc @ ss_125c_3.30v -- generated by sim/harness, do not edit

Circuit: * comparator-offset-mc @ ss_125c_3.30v -- generated by sim/harness, do not edit

Doing analysis at TEMP = 125.000000 and TNOM = 27.000000

Using SPARSE 1.3 as Direct Linear Solver

No. of Data Rows : 6
voa = 1.7371813914e-03
ddc = -3.945958190e-07
dde = 3.8493606719e-07
Reset re-loads circuit * comparator-offset-mc @ ss_125c_3.30v -- generated by sim/harness, do not edit

Circuit: * comparator-offset-mc @ ss_125c_3.30v -- generated by sim/harness, do not edit

Doing analysis at TEMP = 125.000000 and TNOM = 27.000000

Using SPARSE 1.3 as Direct Linear Solver

No. of Data Rows : 6
voa = 3.0662212225e-03
ddc = -1.615354817e-07
dde = 1.5388860450e-07
Reset re-loads circuit * comparator-offset-mc @ ss_125c_3.30v -- generated by sim/harness, do not edit

Circuit: * comparator-offset-mc @ ss_125c_3.30v -- generated by sim/harness, do not edit

Doing analysis at TEMP = 125.000000 and TNOM = 27.000000

Using SPARSE 1.3 as Direct Linear Solver

No. of Data Rows : 6
voa = -3.335781588e-03
ddc = 2.7960815536e-07
dde = -2.717161677e-07
Reset re-loads circuit * comparator-offset-mc @ ss_125c_3.30v -- generated by sim/harness, do not edit

Circuit: * comparator-offset-mc @ ss_125c_3.30v -- generated by sim/harness, do not edit

Doing analysis at TEMP = 125.000000 and TNOM = 27.000000

Using SPARSE 1.3 as Direct Linear Solver

No. of Data Rows : 6
voa = -1.432625180e-03
ddc = 1.1332677786e-07
dde = -1.101404420e-07
Reset re-loads circuit * comparator-offset-mc @ ss_125c_3.30v -- generated by sim/harness, do not edit

Circuit: * comparator-offset-mc @ ss_125c_3.30v -- generated by sim/harness, do not edit

Doing analysis at TEMP = 125.000000 and TNOM = 27.000000

Using SPARSE 1.3 as Direct Linear Solver
 Reference value :  0.00000e+00
No. of Data Rows : 6
voa = 7.3760248871e-04
ddc = -8.570278488e-08
dde = 8.3663244201e-08
Reset re-loads circuit * comparator-offset-mc @ ss_125c_3.30v -- generated by sim/harness, do not edit

Circuit: * comparator-offset-mc @ ss_125c_3.30v -- generated by sim/harness, do not edit

Doing analysis at TEMP = 125.000000 and TNOM = 27.000000

Using SPARSE 1.3 as Direct Linear Solver

No. of Data Rows : 6
voa = -1.399265333e-03
ddc = 1.8215531616e-07
dde = -1.777643459e-07
Reset re-loads circuit * comparator-offset-mc @ ss_125c_3.30v -- generated by sim/harness, do not edit

Circuit: * comparator-offset-mc @ ss_125c_3.30v -- generated by sim/harness, do not edit

Doing analysis at TEMP = 125.000000 and TNOM = 27.000000

Using SPARSE 1.3 as Direct Linear Solver

No. of Data Rows : 6
voa = 1.0496482105e-03
ddc = -5.437609270e-08
dde = 5.2168792502e-08
Reset re-loads circuit * comparator-offset-mc @ ss_125c_3.30v -- generated by sim/harness, do not edit

Circuit: * comparator-offset-mc @ ss_125c_3.30v -- generated by sim/harness, do not edit

Doing analysis at TEMP = 125.000000 and TNOM = 27.000000

Using SPARSE 1.3 as Direct Linear Solver

No. of Data Rows : 6
voa = -1.076851383e-03
ddc = 1.9472500758e-07
dde = -1.907581588e-07
Reset re-loads circuit * comparator-offset-mc @ ss_125c_3.30v -- generated by sim/harness, do not edit

Circuit: * comparator-offset-mc @ ss_125c_3.30v -- generated by sim/harness, do not edit

Doing analysis at TEMP = 125.000000 and TNOM = 27.000000

Using SPARSE 1.3 as Direct Linear Solver

No. of Data Rows : 6
voa = 1.3652276783e-04
ddc = -1.551300575e-08
dde = 1.5143276172e-08
Reset re-loads circuit * comparator-offset-mc @ ss_125c_3.30v -- generated by sim/harness, do not edit

Circuit: * comparator-offset-mc @ ss_125c_3.30v -- generated by sim/harness, do not edit

Doing analysis at TEMP = 125.000000 and TNOM = 27.000000

Using SPARSE 1.3 as Direct Linear Solver

No. of Data Rows : 6
voa = -2.085204015e-03
ddc = 1.9527658132e-07
dde = -1.901413015e-07
Reset re-loads circuit * comparator-offset-mc @ ss_125c_3.30v -- generated by sim/harness, do not edit

Circuit: * comparator-offset-mc @ ss_125c_3.30v -- generated by sim/harness, do not edit

Doing analysis at TEMP = 125.000000 and TNOM = 27.000000

Using SPARSE 1.3 as Direct Linear Solver

No. of Data Rows : 6
voa = -3.990083884e-04
ddc = 5.4026794143e-08
dde = -5.280323030e-08
Reset re-loads circuit * comparator-offset-mc @ ss_125c_3.30v -- generated by sim/harness, do not edit

Circuit: * comparator-offset-mc @ ss_125c_3.30v -- generated by sim/harness, do not edit

Doing analysis at TEMP = 125.000000 and TNOM = 27.000000

Using SPARSE 1.3 as Direct Linear Solver

No. of Data Rows : 6
voa = -2.912470087e-03
ddc = 1.6378034162e-07
dde = -1.580930130e-07
Reset re-loads circuit * comparator-offset-mc @ ss_125c_3.30v -- generated by sim/harness, do not edit

Circuit: * comparator-offset-mc @ ss_125c_3.30v -- generated by sim/harness, do not edit

Doing analysis at TEMP = 125.000000 and TNOM = 27.000000

Using SPARSE 1.3 as Direct Linear Solver

No. of Data Rows : 6
voa = 6.0530437875e-05
ddc = -1.843905030e-08
dde = 1.8081565714e-08
Reset re-loads circuit * comparator-offset-mc @ ss_125c_3.30v -- generated by sim/harness, do not edit

Circuit: * comparator-offset-mc @ ss_125c_3.30v -- generated by sim/harness, do not edit

Doing analysis at TEMP = 125.000000 and TNOM = 27.000000

Using SPARSE 1.3 as Direct Linear Solver

No. of Data Rows : 6
voa = -3.712146461e-04
ddc = -1.059886392e-07
dde = 1.0462023649e-07
Reset re-loads circuit * comparator-offset-mc @ ss_125c_3.30v -- generated by sim/harness, do not edit

Circuit: * comparator-offset-mc @ ss_125c_3.30v -- generated by sim/harness, do not edit

Doing analysis at TEMP = 125.000000 and TNOM = 27.000000

Using SPARSE 1.3 as Direct Linear Solver

No. of Data Rows : 6
voa = -4.842215522e-04
ddc = -2.105551734e-08
dde = 2.0845447708e-08
Reset re-loads circuit * comparator-offset-mc @ ss_125c_3.30v -- generated by sim/harness, do not edit

Circuit: * comparator-offset-mc @ ss_125c_3.30v -- generated by sim/harness, do not edit

Doing analysis at TEMP = 125.000000 and TNOM = 27.000000

Using SPARSE 1.3 as Direct Linear Solver

No. of Data Rows : 6
voa = 1.1638107613e-03
ddc = -1.378179023e-07
dde = 1.3445248508e-07
Reset re-loads circuit * comparator-offset-mc @ ss_125c_3.30v -- generated by sim/harness, do not edit

Circuit: * comparator-offset-mc @ ss_125c_3.30v -- generated by sim/harness, do not edit

Doing analysis at TEMP = 125.000000 and TNOM = 27.000000

Using SPARSE 1.3 as Direct Linear Solver

No. of Data Rows : 6
voa = 2.8958693709e-03
ddc = -3.262090537e-07
dde = 3.1937652251e-07
Reset re-loads circuit * comparator-offset-mc @ ss_125c_3.30v -- generated by sim/harness, do not edit

Circuit: * comparator-offset-mc @ ss_125c_3.30v -- generated by sim/harness, do not edit

Doing analysis at TEMP = 125.000000 and TNOM = 27.000000

Using SPARSE 1.3 as Direct Linear Solver

No. of Data Rows : 6
voa = 1.1280336049e-03
ddc = -7.226850955e-08
dde = 6.9870875270e-08
Reset re-loads circuit * comparator-offset-mc @ ss_125c_3.30v -- generated by sim/harness, do not edit

Circuit: * comparator-offset-mc @ ss_125c_3.30v -- generated by sim/harness, do not edit

Doing analysis at TEMP = 125.000000 and TNOM = 27.000000

Using SPARSE 1.3 as Direct Linear Solver

No. of Data Rows : 6
voa = 8.4372493428e-05
ddc = -1.947509950e-08
dde = 1.9118957500e-08
Reset re-loads circuit * comparator-offset-mc @ ss_125c_3.30v -- generated by sim/harness, do not edit

Circuit: * comparator-offset-mc @ ss_125c_3.30v -- generated by sim/harness, do not edit

Doing analysis at TEMP = 125.000000 and TNOM = 27.000000

Using SPARSE 1.3 as Direct Linear Solver

No. of Data Rows : 6
voa = -2.967921932e-04
ddc = 5.3678827538e-08
dde = -5.252223142e-08
Reset re-loads circuit * comparator-offset-mc @ ss_125c_3.30v -- generated by sim/harness, do not edit

Circuit: * comparator-offset-mc @ ss_125c_3.30v -- generated by sim/harness, do not edit

Doing analysis at TEMP = 125.000000 and TNOM = 27.000000

Using SPARSE 1.3 as Direct Linear Solver

No. of Data Rows : 6
voa = -3.019931919e-03
ddc = 3.1165025788e-07
dde = -3.036999993e-07
Reset re-loads circuit * comparator-offset-mc @ ss_125c_3.30v -- generated by sim/harness, do not edit

Circuit: * comparator-offset-mc @ ss_125c_3.30v -- generated by sim/harness, do not edit

Doing analysis at TEMP = 125.000000 and TNOM = 27.000000

Using SPARSE 1.3 as Direct Linear Solver

No. of Data Rows : 6
voa = 2.7493736107e-05
ddc = 2.9636673971e-08
dde = -2.922809052e-08
Reset re-loads circuit * comparator-offset-mc @ ss_125c_3.30v -- generated by sim/harness, do not edit

Circuit: * comparator-offset-mc @ ss_125c_3.30v -- generated by sim/harness, do not edit

Doing analysis at TEMP = 125.000000 and TNOM = 27.000000

Using SPARSE 1.3 as Direct Linear Solver

No. of Data Rows : 6
voa = -4.504215268e-04
ddc = 1.2869850731e-07
dde = -1.269171148e-07
Reset re-loads circuit * comparator-offset-mc @ ss_125c_3.30v -- generated by sim/harness, do not edit

Circuit: * comparator-offset-mc @ ss_125c_3.30v -- generated by sim/harness, do not edit

Doing analysis at TEMP = 125.000000 and TNOM = 27.000000

Using SPARSE 1.3 as Direct Linear Solver
 Reference value :  0.00000e+00
No. of Data Rows : 6
voa = -1.662161706e-03
ddc = 1.5633499066e-07
dde = -1.520618505e-07
Reset re-loads circuit * comparator-offset-mc @ ss_125c_3.30v -- generated by sim/harness, do not edit

Circuit: * comparator-offset-mc @ ss_125c_3.30v -- generated by sim/harness, do not edit

Doing analysis at TEMP = 125.000000 and TNOM = 27.000000

Using SPARSE 1.3 as Direct Linear Solver

No. of Data Rows : 6
voa = 2.1161323945e-03
ddc = -3.255167696e-07
dde = 3.1856392099e-07
Reset re-loads circuit * comparator-offset-mc @ ss_125c_3.30v -- generated by sim/harness, do not edit

Circuit: * comparator-offset-mc @ ss_125c_3.30v -- generated by sim/harness, do not edit

Doing analysis at TEMP = 125.000000 and TNOM = 27.000000

Using SPARSE 1.3 as Direct Linear Solver

No. of Data Rows : 6
voa = -1.335102561e-04
ddc = -3.657673514e-08
dde = 3.6009697976e-08
Reset re-loads circuit * comparator-offset-mc @ ss_125c_3.30v -- generated by sim/harness, do not edit

Circuit: * comparator-offset-mc @ ss_125c_3.30v -- generated by sim/harness, do not edit

Doing analysis at TEMP = 125.000000 and TNOM = 27.000000

Using SPARSE 1.3 as Direct Linear Solver

No. of Data Rows : 6
voa = 5.8675284874e-04
ddc = 1.1751837429e-07
dde = -1.164404289e-07
Reset re-loads circuit * comparator-offset-mc @ ss_125c_3.30v -- generated by sim/harness, do not edit

Circuit: * comparator-offset-mc @ ss_125c_3.30v -- generated by sim/harness, do not edit

Doing analysis at TEMP = 125.000000 and TNOM = 27.000000

Using SPARSE 1.3 as Direct Linear Solver

No. of Data Rows : 6
voa = -9.478893263e-04
ddc = 1.4536329518e-07
dde = -1.423130643e-07
Reset re-loads circuit * comparator-offset-mc @ ss_125c_3.30v -- generated by sim/harness, do not edit

Circuit: * comparator-offset-mc @ ss_125c_3.30v -- generated by sim/harness, do not edit

Doing analysis at TEMP = 125.000000 and TNOM = 27.000000

Using SPARSE 1.3 as Direct Linear Solver

No. of Data Rows : 6
voa = -4.773011587e-04
ddc = -1.116597163e-07
dde = 1.1073927672e-07
Reset re-loads circuit * comparator-offset-mc @ ss_125c_3.30v -- generated by sim/harness, do not edit

Circuit: * comparator-offset-mc @ ss_125c_3.30v -- generated by sim/harness, do not edit

Doing analysis at TEMP = 125.000000 and TNOM = 27.000000

Using SPARSE 1.3 as Direct Linear Solver

No. of Data Rows : 6
voa = 1.4439095473e-03
ddc = -1.678366379e-07
dde = 1.6384744485e-07
Reset re-loads circuit * comparator-offset-mc @ ss_125c_3.30v -- generated by sim/harness, do not edit

Circuit: * comparator-offset-mc @ ss_125c_3.30v -- generated by sim/harness, do not edit

Doing analysis at TEMP = 125.000000 and TNOM = 27.000000

Using SPARSE 1.3 as Direct Linear Solver

No. of Data Rows : 6
voa = -2.301539665e-04
ddc = 1.2790514318e-08
dde = -1.230745357e-08
Reset re-loads circuit * comparator-offset-mc @ ss_125c_3.30v -- generated by sim/harness, do not edit

Circuit: * comparator-offset-mc @ ss_125c_3.30v -- generated by sim/harness, do not edit

Doing analysis at TEMP = 125.000000 and TNOM = 27.000000

Using SPARSE 1.3 as Direct Linear Solver

No. of Data Rows : 6
voa = -3.278871322e-05
ddc = -1.073847893e-07
dde = 1.0642987050e-07
Reset re-loads circuit * comparator-offset-mc @ ss_125c_3.30v -- generated by sim/harness, do not edit

Circuit: * comparator-offset-mc @ ss_125c_3.30v -- generated by sim/harness, do not edit

Doing analysis at TEMP = 125.000000 and TNOM = 27.000000

Using SPARSE 1.3 as Direct Linear Solver

No. of Data Rows : 6
voa = 5.3729210583e-04
ddc = -9.373633788e-08
dde = 9.1571472005e-08
Reset re-loads circuit * comparator-offset-mc @ ss_125c_3.30v -- generated by sim/harness, do not edit

Circuit: * comparator-offset-mc @ ss_125c_3.30v -- generated by sim/harness, do not edit

Doing analysis at TEMP = 125.000000 and TNOM = 27.000000

Using SPARSE 1.3 as Direct Linear Solver

No. of Data Rows : 6
voa = -2.123842718e-03
ddc = 2.5930692709e-07
dde = -2.532433574e-07
Reset re-loads circuit * comparator-offset-mc @ ss_125c_3.30v -- generated by sim/harness, do not edit

Circuit: * comparator-offset-mc @ ss_125c_3.30v -- generated by sim/harness, do not edit

Doing analysis at TEMP = 125.000000 and TNOM = 27.000000

Using SPARSE 1.3 as Direct Linear Solver

No. of Data Rows : 6
voa = -1.580435838e-03
ddc = 1.2884470324e-07
dde = -1.252570389e-07
Reset re-loads circuit * comparator-offset-mc @ ss_125c_3.30v -- generated by sim/harness, do not edit

Circuit: * comparator-offset-mc @ ss_125c_3.30v -- generated by sim/harness, do not edit

Doing analysis at TEMP = 125.000000 and TNOM = 27.000000

Using SPARSE 1.3 as Direct Linear Solver

No. of Data Rows : 6
voa = -5.121014661e-04
ddc = 1.6140565746e-07
dde = -1.586275583e-07
Reset re-loads circuit * comparator-offset-mc @ ss_125c_3.30v -- generated by sim/harness, do not edit

Circuit: * comparator-offset-mc @ ss_125c_3.30v -- generated by sim/harness, do not edit

Doing analysis at TEMP = 125.000000 and TNOM = 27.000000

Using SPARSE 1.3 as Direct Linear Solver

No. of Data Rows : 6
voa = -3.964708875e-03
ddc = 4.1327893129e-07
dde = -4.027287353e-07
Reset re-loads circuit * comparator-offset-mc @ ss_125c_3.30v -- generated by sim/harness, do not edit

Circuit: * comparator-offset-mc @ ss_125c_3.30v -- generated by sim/harness, do not edit

Doing analysis at TEMP = 125.000000 and TNOM = 27.000000

Using SPARSE 1.3 as Direct Linear Solver

No. of Data Rows : 6
voa = -1.139150424e-03
ddc = 4.4849308268e-08
dde = -4.311194107e-08
Reset re-loads circuit * comparator-offset-mc @ ss_125c_3.30v -- generated by sim/harness, do not edit

Circuit: * comparator-offset-mc @ ss_125c_3.30v -- generated by sim/harness, do not edit

Doing analysis at TEMP = 125.000000 and TNOM = 27.000000

Using SPARSE 1.3 as Direct Linear Solver

No. of Data Rows : 6
voa = 1.0736919923e-04
ddc = -1.190187606e-07
dde = 1.1720994400e-07
Reset re-loads circuit * comparator-offset-mc @ ss_125c_3.30v -- generated by sim/harness, do not edit

Circuit: * comparator-offset-mc @ ss_125c_3.30v -- generated by sim/harness, do not edit

Doing analysis at TEMP = 125.000000 and TNOM = 27.000000

Using SPARSE 1.3 as Direct Linear Solver

No. of Data Rows : 6
voa = 7.9139626666e-04
ddc = -1.351852802e-07
dde = 1.3254343112e-07
Reset re-loads circuit * comparator-offset-mc @ ss_125c_3.30v -- generated by sim/harness, do not edit

Circuit: * comparator-offset-mc @ ss_125c_3.30v -- generated by sim/harness, do not edit

Doing analysis at TEMP = 125.000000 and TNOM = 27.000000

Using SPARSE 1.3 as Direct Linear Solver

No. of Data Rows : 6
voa = -2.259375592e-04
ddc = 1.2016465889e-07
dde = -1.185054910e-07
Reset re-loads circuit * comparator-offset-mc @ ss_125c_3.30v -- generated by sim/harness, do not edit

Circuit: * comparator-offset-mc @ ss_125c_3.30v -- generated by sim/harness, do not edit

Doing analysis at TEMP = 125.000000 and TNOM = 27.000000

Using SPARSE 1.3 as Direct Linear Solver
 Reference value :  0.00000e+00
No. of Data Rows : 6
voa = -1.493633416e-03
ddc = 1.1803435715e-07
dde = -1.145526832e-07
Reset re-loads circuit * comparator-offset-mc @ ss_125c_3.30v -- generated by sim/harness, do not edit

Circuit: * comparator-offset-mc @ ss_125c_3.30v -- generated by sim/harness, do not edit

Doing analysis at TEMP = 125.000000 and TNOM = 27.000000

Using SPARSE 1.3 as Direct Linear Solver

No. of Data Rows : 6
voa = 6.7159783045e-04
ddc = -1.561438677e-07
dde = 1.5347003296e-07
Reset re-loads circuit * comparator-offset-mc @ ss_125c_3.30v -- generated by sim/harness, do not edit

Circuit: * comparator-offset-mc @ ss_125c_3.30v -- generated by sim/harness, do not edit

Doing analysis at TEMP = 125.000000 and TNOM = 27.000000

Using SPARSE 1.3 as Direct Linear Solver

No. of Data Rows : 6
voa = -2.314186475e-03
ddc = -7.614979632e-08
dde = 7.7752184978e-08
Reset re-loads circuit * comparator-offset-mc @ ss_125c_3.30v -- generated by sim/harness, do not edit

Circuit: * comparator-offset-mc @ ss_125c_3.30v -- generated by sim/harness, do not edit

Doing analysis at TEMP = 125.000000 and TNOM = 27.000000

Using SPARSE 1.3 as Direct Linear Solver

No. of Data Rows : 6
voa = -2.812503982e-03
ddc = 9.1267997079e-08
dde = -8.691303138e-08
Reset re-loads circuit * comparator-offset-mc @ ss_125c_3.30v -- generated by sim/harness, do not edit

Circuit: * comparator-offset-mc @ ss_125c_3.30v -- generated by sim/harness, do not edit

Doing analysis at TEMP = 125.000000 and TNOM = 27.000000

Using SPARSE 1.3 as Direct Linear Solver

No. of Data Rows : 6
voa = 2.7602015479e-03
ddc = -1.807426499e-07
dde = 1.7321620982e-07
Reset re-loads circuit * comparator-offset-mc @ ss_125c_3.30v -- generated by sim/harness, do not edit

Circuit: * comparator-offset-mc @ ss_125c_3.30v -- generated by sim/harness, do not edit

Doing analysis at TEMP = 125.000000 and TNOM = 27.000000

Using SPARSE 1.3 as Direct Linear Solver

No. of Data Rows : 6
voa = 4.1652017765e-05
ddc = 4.4883826186e-09
dde = -4.514958676e-09
Reset re-loads circuit * comparator-offset-mc @ ss_125c_3.30v -- generated by sim/harness, do not edit

Circuit: * comparator-offset-mc @ ss_125c_3.30v -- generated by sim/harness, do not edit

Doing analysis at TEMP = 125.000000 and TNOM = 27.000000

Using SPARSE 1.3 as Direct Linear Solver

No. of Data Rows : 6
voa = -1.046491565e-03
ddc = 1.9001149839e-07
dde = -1.862095376e-07
Reset re-loads circuit * comparator-offset-mc @ ss_125c_3.30v -- generated by sim/harness, do not edit

Circuit: * comparator-offset-mc @ ss_125c_3.30v -- generated by sim/harness, do not edit

Doing analysis at TEMP = 125.000000 and TNOM = 27.000000

Using SPARSE 1.3 as Direct Linear Solver

No. of Data Rows : 6
voa = -7.303377933e-04
ddc = -2.513598525e-08
dde = 2.5500347881e-08
Reset re-loads circuit * comparator-offset-mc @ ss_125c_3.30v -- generated by sim/harness, do not edit

Circuit: * comparator-offset-mc @ ss_125c_3.30v -- generated by sim/harness, do not edit

Doing analysis at TEMP = 125.000000 and TNOM = 27.000000

Using SPARSE 1.3 as Direct Linear Solver

No. of Data Rows : 6
voa = -1.835461385e-03
ddc = 1.9102141065e-07
dde = -1.860751249e-07
Reset re-loads circuit * comparator-offset-mc @ ss_125c_3.30v -- generated by sim/harness, do not edit

Circuit: * comparator-offset-mc @ ss_125c_3.30v -- generated by sim/harness, do not edit

Doing analysis at TEMP = 125.000000 and TNOM = 27.000000

Using SPARSE 1.3 as Direct Linear Solver

No. of Data Rows : 6
voa = -7.871898526e-04
ddc = 3.0268294178e-08
dde = -2.926897518e-08
m_n_samples = 2.0000000000e+02
m_sig_vos_mv = 1.6381516053e+00
m_vos_3sig_mv = 4.9144548158e+00
m_mean_vos_uv = -5.606243682e+01
m_mean_vos_sem = -4.839860868e-01
m_sig_dvos_dn_uv = 1.7114748256e-01
m_sig_dvos_up_uv = 1.6676462849e-01
m_mean_dvos_dn_uv = 4.4544546114e-03
m_mean_dvos_up_uv = -4.484275364e-03
m_av_mean = 8.4399557157e+00
m_av_sigma_pct = 2.1018525307e+00
m_sig_rpair_uv = 0.0000000000e+00
m_vbias_anchor_mv = 8.0122576485e+02
Note: Simulation executed from .control section 

Note: Starting dynamic gmin stepping
Note: Dynamic gmin stepping completed
Note: Starting dynamic gmin stepping
Note: Dynamic gmin stepping completed
Note: Starting dynamic gmin stepping
Note: Dynamic gmin stepping completed
Note: Starting dynamic gmin stepping
Note: Dynamic gmin stepping completed
Note: Starting dynamic gmin stepping
Note: Dynamic gmin stepping completed
Note: Starting dynamic gmin stepping
Note: Dynamic gmin stepping completed
Note: Starting dynamic gmin stepping
Note: Dynamic gmin stepping completed
Note: Starting dynamic gmin stepping
Note: Dynamic gmin stepping completed
Note: Starting dynamic gmin stepping
Note: Dynamic gmin stepping completed
Note: Starting dynamic gmin stepping
Note: Dynamic gmin stepping completed
Note: Starting dynamic gmin stepping
Note: Dynamic gmin stepping completed
Note: Starting dynamic gmin stepping
Note: Dynamic gmin stepping completed
Note: Starting dynamic gmin stepping
Note: Dynamic gmin stepping completed
Note: Starting dynamic gmin stepping
Note: Dynamic gmin stepping completed
Note: Starting dynamic gmin stepping
Note: Dynamic gmin stepping completed
Note: Starting dynamic gmin stepping
Note: Dynamic gmin stepping completed
Note: Starting dynamic gmin stepping
Note: Dynamic gmin stepping completed
Note: Starting dynamic gmin stepping
Note: Dynamic gmin stepping completed
Note: Starting dynamic gmin stepping
Note: Dynamic gmin stepping completed
Note: Starting dynamic gmin stepping
Note: Dynamic gmin stepping completed
Note: Starting dynamic gmin stepping
Note: Dynamic gmin stepping completed
Note: Starting dynamic gmin stepping
Note: Dynamic gmin stepping completed
Note: Starting dynamic gmin stepping
Note: Dynamic gmin stepping completed
Note: Starting dynamic gmin stepping
Note: Dynamic gmin stepping completed
Note: Starting dynamic gmin stepping
Note: Dynamic gmin stepping completed
Note: Starting dynamic gmin stepping
Note: Dynamic gmin stepping completed
Note: Starting dynamic gmin stepping
Note: Dynamic gmin stepping completed
Note: Starting dynamic gmin stepping
Note: Dynamic gmin stepping completed
Note: Starting dynamic gmin stepping
Note: Dynamic gmin stepping completed
Note: Starting dynamic gmin stepping
Note: Dynamic gmin stepping completed
Note: Starting dynamic gmin stepping
Note: Dynamic gmin stepping completed
Note: Starting dynamic gmin stepping
Note: Dynamic gmin stepping completed
Note: Starting dynamic gmin stepping
Note: Dynamic gmin stepping completed
Note: Starting dynamic gmin stepping
Note: Dynamic gmin stepping completed
Note: Starting dynamic gmin stepping
Note: Dynamic gmin stepping completed
Note: Starting dynamic gmin stepping
Note: Dynamic gmin stepping completed
Note: Starting dynamic gmin stepping
Note: Dynamic gmin stepping completed
Note: Starting dynamic gmin stepping
Note: Dynamic gmin stepping completed
Note: Starting dynamic gmin stepping
Note: Dynamic gmin stepping completed
Note: Starting dynamic gmin stepping
Note: Dynamic gmin stepping completed
Note: Starting dynamic gmin stepping
Note: Dynamic gmin stepping completed
Note: Starting dynamic gmin stepping
Note: Dynamic gmin stepping completed
Note: Starting dynamic gmin stepping
Note: Dynamic gmin stepping completed
Note: Starting dynamic gmin stepping
Note: Dynamic gmin stepping completed
Note: Starting dynamic gmin stepping
Note: Dynamic gmin stepping completed
Note: Starting dynamic gmin stepping
Note: Dynamic gmin stepping completed
Note: Starting dynamic gmin stepping
Note: Dynamic gmin stepping completed
Note: Starting dynamic gmin stepping
Note: Dynamic gmin stepping completed
Note: Starting dynamic gmin stepping
Note: Dynamic gmin stepping completed
Note: Starting dynamic gmin stepping
Note: Dynamic gmin stepping completed
Note: Starting dynamic gmin stepping
Note: Dynamic gmin stepping completed
Note: Starting dynamic gmin stepping
Note: Dynamic gmin stepping completed
Note: Starting dynamic gmin stepping
Note: Dynamic gmin stepping completed
Note: Starting dynamic gmin stepping
Note: Dynamic gmin stepping completed
Note: Starting dynamic gmin stepping
Note: Dynamic gmin stepping completed
Note: Starting dynamic gmin stepping
Note: Dynamic gmin stepping completed
Note: Starting dynamic gmin stepping
Note: Dynamic gmin stepping completed
Note: Starting dynamic gmin stepping
Note: Dynamic gmin stepping completed
Note: Starting dynamic gmin stepping
Note: Dynamic gmin stepping completed
Note: Starting dynamic gmin stepping
Note: Dynamic gmin stepping completed
Note: Starting dynamic gmin stepping
Note: Dynamic gmin stepping completed
Note: Starting dynamic gmin stepping
Note: Dynamic gmin stepping completed
Note: Starting dynamic gmin stepping
Note: Dynamic gmin stepping completed
Note: Starting dynamic gmin stepping
Note: Dynamic gmin stepping completed
Note: Starting dynamic gmin stepping
Note: Dynamic gmin stepping completed
Note: Starting dynamic gmin stepping
Note: Dynamic gmin stepping completed
Note: Starting dynamic gmin stepping
Note: Dynamic gmin stepping completed
Note: Starting dynamic gmin stepping
Note: Dynamic gmin stepping completed
Note: Starting dynamic gmin stepping
Note: Dynamic gmin stepping completed
Note: Starting dynamic gmin stepping
Note: Dynamic gmin stepping completed
Note: Starting dynamic gmin stepping
Note: Dynamic gmin stepping completed
Note: Starting dynamic gmin stepping
Note: Dynamic gmin stepping completed
Note: Starting dynamic gmin stepping
Note: Dynamic gmin stepping completed
Note: Starting dynamic gmin stepping
Note: Dynamic gmin stepping completed
Note: Starting dynamic gmin stepping
Note: Dynamic gmin stepping completed
Note: Starting dynamic gmin stepping
Note: Dynamic gmin stepping completed
Note: Starting dynamic gmin stepping
Note: Dynamic gmin stepping completed
Note: Starting dynamic gmin stepping
Note: Dynamic gmin stepping completed
Note: Starting dynamic gmin stepping
Note: Dynamic gmin stepping completed
Note: Starting dynamic gmin stepping
Note: Dynamic gmin stepping completed
Note: Starting dynamic gmin stepping
Note: Dynamic gmin stepping completed
Note: Starting dynamic gmin stepping
Note: Dynamic gmin stepping completed
Note: Starting dynamic gmin stepping
Note: Dynamic gmin stepping completed
Note: Starting dynamic gmin stepping
Note: Dynamic gmin stepping completed
Note: Starting dynamic gmin stepping
Note: Dynamic gmin stepping completed
Note: Starting dynamic gmin stepping
Note: Dynamic gmin stepping completed
Note: Starting dynamic gmin stepping
Note: Dynamic gmin stepping completed
Note: Starting dynamic gmin stepping
Note: Dynamic gmin stepping completed
Note: Starting dynamic gmin stepping
Note: Dynamic gmin stepping completed
Note: Starting dynamic gmin stepping
Note: Dynamic gmin stepping completed
Note: Starting dynamic gmin stepping
Note: Dynamic gmin stepping completed
Note: Starting dynamic gmin stepping
Note: Dynamic gmin stepping completed
Note: Starting dynamic gmin stepping
Note: Dynamic gmin stepping completed
Note: Starting dynamic gmin stepping
Note: Dynamic gmin stepping completed
Note: Starting dynamic gmin stepping
Note: Dynamic gmin stepping completed
Note: Starting dynamic gmin stepping
Note: Dynamic gmin stepping completed
Note: Starting dynamic gmin stepping
Note: Dynamic gmin stepping completed
Note: Starting dynamic gmin stepping
Note: Dynamic gmin stepping completed
Note: Starting dynamic gmin stepping
Note: Dynamic gmin stepping completed
Note: Starting dynamic gmin stepping
Note: Dynamic gmin stepping completed
Note: Starting dynamic gmin stepping
Note: Dynamic gmin stepping completed
Note: Starting dynamic gmin stepping
Note: Dynamic gmin stepping completed
Note: Starting dynamic gmin stepping
Note: Dynamic gmin stepping completed
Note: Starting dynamic gmin stepping
Note: Dynamic gmin stepping completed
Note: Starting dynamic gmin stepping
Note: Dynamic gmin stepping completed
Note: Starting dynamic gmin stepping
Note: Dynamic gmin stepping completed
Note: Starting dynamic gmin stepping
Note: Dynamic gmin stepping completed
Note: Starting dynamic gmin stepping
Note: Dynamic gmin stepping completed
Note: Starting dynamic gmin stepping
Note: Dynamic gmin stepping completed
Note: Starting dynamic gmin stepping
Note: Dynamic gmin stepping completed
Note: Starting dynamic gmin stepping
Note: Dynamic gmin stepping completed
Note: Starting dynamic gmin stepping
Note: Dynamic gmin stepping completed
Note: Starting dynamic gmin stepping
Note: Dynamic gmin stepping completed
Note: Starting dynamic gmin stepping
Note: Dynamic gmin stepping completed
Note: Starting dynamic gmin stepping
Note: Dynamic gmin stepping completed
Note: Starting dynamic gmin stepping
Note: Dynamic gmin stepping completed
Note: Starting dynamic gmin stepping
Note: Dynamic gmin stepping completed
Note: Starting dynamic gmin stepping
Note: Dynamic gmin stepping completed
Note: Starting dynamic gmin stepping
Note: Dynamic gmin stepping completed
Note: Starting dynamic gmin stepping
Note: Dynamic gmin stepping completed
Note: Starting dynamic gmin stepping
Note: Dynamic gmin stepping completed
Note: Starting dynamic gmin stepping
Note: Dynamic gmin stepping completed
Note: Starting dynamic gmin stepping
Note: Dynamic gmin stepping completed
Note: Starting dynamic gmin stepping
Note: Dynamic gmin stepping completed
Note: Starting dynamic gmin stepping
Note: Dynamic gmin stepping completed
Note: Starting dynamic gmin stepping
Note: Dynamic gmin stepping completed
Note: Starting dynamic gmin stepping
Note: Dynamic gmin stepping completed
Note: Starting dynamic gmin stepping
Note: Dynamic gmin stepping completed
Note: Starting dynamic gmin stepping
Note: Dynamic gmin stepping completed
Note: Starting dynamic gmin stepping
Note: Dynamic gmin stepping completed
Note: Starting dynamic gmin stepping
Note: Dynamic gmin stepping completed
Note: Starting dynamic gmin stepping
Note: Dynamic gmin stepping completed
Note: Starting dynamic gmin stepping
Note: Dynamic gmin stepping completed
Note: Starting dynamic gmin stepping
Note: Dynamic gmin stepping completed
Note: Starting dynamic gmin stepping
Note: Dynamic gmin stepping completed
Note: Starting dynamic gmin stepping
Note: Dynamic gmin stepping completed
Note: Starting dynamic gmin stepping
Note: Dynamic gmin stepping completed
Note: Starting dynamic gmin stepping
Note: Dynamic gmin stepping completed
Note: Starting dynamic gmin stepping
Note: Dynamic gmin stepping completed
Note: Starting dynamic gmin stepping
Note: Dynamic gmin stepping completed
Note: Starting dynamic gmin stepping
Note: Dynamic gmin stepping completed
Note: Starting dynamic gmin stepping
Note: Dynamic gmin stepping completed
Note: Starting dynamic gmin stepping
Note: Dynamic gmin stepping completed
Note: Starting dynamic gmin stepping
Note: Dynamic gmin stepping completed
Note: Starting dynamic gmin stepping
Note: Dynamic gmin stepping completed
Note: Starting dynamic gmin stepping
Note: Dynamic gmin stepping completed
Note: Starting dynamic gmin stepping
Note: Dynamic gmin stepping completed
Note: Starting dynamic gmin stepping
Note: Dynamic gmin stepping completed
Note: Starting dynamic gmin stepping
Note: Dynamic gmin stepping completed
Note: Starting dynamic gmin stepping
Note: Dynamic gmin stepping completed
Note: Starting dynamic gmin stepping
Note: Dynamic gmin stepping completed
Note: Starting dynamic gmin stepping
Note: Dynamic gmin stepping completed
Note: Starting dynamic gmin stepping
Note: Dynamic gmin stepping completed
Note: Starting dynamic gmin stepping
Note: Dynamic gmin stepping completed
Note: Starting dynamic gmin stepping
Note: Dynamic gmin stepping completed
Note: Starting dynamic gmin stepping
Note: Dynamic gmin stepping completed
Note: Starting dynamic gmin stepping
Note: Dynamic gmin stepping completed
Note: Starting dynamic gmin stepping
Note: Dynamic gmin stepping completed
Note: Starting dynamic gmin stepping
Note: Dynamic gmin stepping completed
Note: Starting dynamic gmin stepping
Note: Dynamic gmin stepping completed
Note: Starting dynamic gmin stepping
Note: Dynamic gmin stepping completed
Note: Starting dynamic gmin stepping
Note: Dynamic gmin stepping completed
Note: Starting dynamic gmin stepping
Note: Dynamic gmin stepping completed
Note: Starting dynamic gmin stepping
Note: Dynamic gmin stepping completed
Note: Starting dynamic gmin stepping
Note: Dynamic gmin stepping completed
Note: Starting dynamic gmin stepping
Note: Dynamic gmin stepping completed
Note: Starting dynamic gmin stepping
Note: Dynamic gmin stepping completed
Note: Starting dynamic gmin stepping
Note: Dynamic gmin stepping completed
Note: Starting dynamic gmin stepping
Note: Dynamic gmin stepping completed
Note: Starting dynamic gmin stepping
Note: Dynamic gmin stepping completed
Note: Starting dynamic gmin stepping
Note: Dynamic gmin stepping completed
Note: Starting dynamic gmin stepping
Note: Dynamic gmin stepping completed
Note: Starting dynamic gmin stepping
Note: Dynamic gmin stepping completed
Note: Starting dynamic gmin stepping
Note: Dynamic gmin stepping completed
Note: Starting dynamic gmin stepping
Note: Dynamic gmin stepping completed
Note: Starting dynamic gmin stepping
Note: Dynamic gmin stepping completed
Note: Starting dynamic gmin stepping
Note: Dynamic gmin stepping completed
Note: Starting dynamic gmin stepping
Note: Dynamic gmin stepping completed
Note: Starting dynamic gmin stepping
Note: Dynamic gmin stepping completed
Note: Starting dynamic gmin stepping
Note: Dynamic gmin stepping completed
Note: Starting dynamic gmin stepping
Note: Dynamic gmin stepping completed
Note: Starting dynamic gmin stepping
Note: Dynamic gmin stepping completed
Note: Starting dynamic gmin stepping
Note: Dynamic gmin stepping completed
Note: Starting dynamic gmin stepping
Note: Dynamic gmin stepping completed
Note: Starting dynamic gmin stepping
Note: Dynamic gmin stepping completed
Note: Starting dynamic gmin stepping
Note: Dynamic gmin stepping completed
Note: Starting dynamic gmin stepping
Note: Dynamic gmin stepping completed
Note: Starting dynamic gmin stepping
Note: Dynamic gmin stepping completed
Note: Starting dynamic gmin stepping
Note: Dynamic gmin stepping completed
Note: Starting dynamic gmin stepping
Note: Dynamic gmin stepping completed
Note: Starting dynamic gmin stepping
Note: Dynamic gmin stepping completed
Note: Starting dynamic gmin stepping
Note: Dynamic gmin stepping completed
Note: Starting dynamic gmin stepping
Note: Dynamic gmin stepping completed
Note: Starting dynamic gmin stepping
Note: Dynamic gmin stepping completed
Note: Starting dynamic gmin stepping
Note: Dynamic gmin stepping completed
