
Note: No compatibility mode selected!


Circuit: * comparator-offset-mc @ ss_27c_3.30v -- generated by sim/harness, do not edit

Reset re-loads circuit * comparator-offset-mc @ ss_27c_3.30v -- generated by sim/harness, do not edit

Circuit: * comparator-offset-mc @ ss_27c_3.30v -- generated by sim/harness, do not edit

Doing analysis at TEMP = 27.000000 and TNOM = 27.000000

Using SPARSE 1.3 as Direct Linear Solver

No. of Data Rows : 6
voa = 1.4705346837e-03
ddc = -2.690836599e-07
dde = 2.6929310957e-07
Reset re-loads circuit * comparator-offset-mc @ ss_27c_3.30v -- generated by sim/harness, do not edit

Circuit: * comparator-offset-mc @ ss_27c_3.30v -- generated by sim/harness, do not edit

Doing analysis at TEMP = 27.000000 and TNOM = 27.000000

Using SPARSE 1.3 as Direct Linear Solver

No. of Data Rows : 6
voa = 1.4328886627e-03
ddc = -2.144915212e-07
dde = 2.0804116194e-07
Reset re-loads circuit * comparator-offset-mc @ ss_27c_3.30v -- generated by sim/harness, do not edit

Circuit: * comparator-offset-mc @ ss_27c_3.30v -- generated by sim/harness, do not edit

Doing analysis at TEMP = 27.000000 and TNOM = 27.000000

Using SPARSE 1.3 as Direct Linear Solver

No. of Data Rows : 6
voa = -1.010589292e-03
ddc = 1.4749675128e-07
dde = -1.318073587e-07
Reset re-loads circuit * comparator-offset-mc @ ss_27c_3.30v -- generated by sim/harness, do not edit

Circuit: * comparator-offset-mc @ ss_27c_3.30v -- generated by sim/harness, do not edit

Doing analysis at TEMP = 27.000000 and TNOM = 27.000000

Using SPARSE 1.3 as Direct Linear Solver

No. of Data Rows : 6
voa = 2.7951699644e-04
ddc = -4.783031505e-08
dde = 4.5530053117e-08
Reset re-loads circuit * comparator-offset-mc @ ss_27c_3.30v -- generated by sim/harness, do not edit

Circuit: * comparator-offset-mc @ ss_27c_3.30v -- generated by sim/harness, do not edit

Doing analysis at TEMP = 27.000000 and TNOM = 27.000000

Using SPARSE 1.3 as Direct Linear Solver

No. of Data Rows : 6
voa = -4.304581444e-04
ddc = 6.7653411325e-08
dde = -6.143965616e-08
Reset re-loads circuit * comparator-offset-mc @ ss_27c_3.30v -- generated by sim/harness, do not edit

Circuit: * comparator-offset-mc @ ss_27c_3.30v -- generated by sim/harness, do not edit

Doing analysis at TEMP = 27.000000 and TNOM = 27.000000

Using SPARSE 1.3 as Direct Linear Solver

No. of Data Rows : 6
voa = 1.8503862093e-03
ddc = -2.687212385e-07
dde = 2.5975004448e-07
Reset re-loads circuit * comparator-offset-mc @ ss_27c_3.30v -- generated by sim/harness, do not edit

Circuit: * comparator-offset-mc @ ss_27c_3.30v -- generated by sim/harness, do not edit

Doing analysis at TEMP = 27.000000 and TNOM = 27.000000

Using SPARSE 1.3 as Direct Linear Solver

No. of Data Rows : 6
voa = 1.8681480035e-03
ddc = -2.808387801e-07
dde = 2.7250617284e-07
Reset re-loads circuit * comparator-offset-mc @ ss_27c_3.30v -- generated by sim/harness, do not edit

Circuit: * comparator-offset-mc @ ss_27c_3.30v -- generated by sim/harness, do not edit

Doing analysis at TEMP = 27.000000 and TNOM = 27.000000

Using SPARSE 1.3 as Direct Linear Solver

No. of Data Rows : 6
voa = -1.450898342e-04
ddc = 3.4744274400e-08
dde = -3.484597437e-08
Reset re-loads circuit * comparator-offset-mc @ ss_27c_3.30v -- generated by sim/harness, do not edit

Circuit: * comparator-offset-mc @ ss_27c_3.30v -- generated by sim/harness, do not edit

Doing analysis at TEMP = 27.000000 and TNOM = 27.000000

Using SPARSE 1.3 as Direct Linear Solver

No. of Data Rows : 6
voa = 1.2796731702e-03
ddc = -1.518745678e-07
dde = 1.1832487501e-07
Reset re-loads circuit * comparator-offset-mc @ ss_27c_3.30v -- generated by sim/harness, do not edit

Circuit: * comparator-offset-mc @ ss_27c_3.30v -- generated by sim/harness, do not edit

Doing analysis at TEMP = 27.000000 and TNOM = 27.000000

Using SPARSE 1.3 as Direct Linear Solver

No. of Data Rows : 6
voa = -7.024466293e-04
ddc = 7.5752949570e-08
dde = -6.199484951e-08
Reset re-loads circuit * comparator-offset-mc @ ss_27c_3.30v -- generated by sim/harness, do not edit

Circuit: * comparator-offset-mc @ ss_27c_3.30v -- generated by sim/harness, do not edit

Doing analysis at TEMP = 27.000000 and TNOM = 27.000000

Using SPARSE 1.3 as Direct Linear Solver

No. of Data Rows : 6
voa = -3.549019503e-03
ddc = 5.6614832360e-07
dde = -5.598594501e-07
Reset re-loads circuit * comparator-offset-mc @ ss_27c_3.30v -- generated by sim/harness, do not edit

Circuit: * comparator-offset-mc @ ss_27c_3.30v -- generated by sim/harness, do not edit

Doing analysis at TEMP = 27.000000 and TNOM = 27.000000

Using SPARSE 1.3 as Direct Linear Solver

No. of Data Rows : 6
voa = -6.999042483e-04
ddc = 1.2970852388e-07
dde = -1.249748956e-07
Reset re-loads circuit * comparator-offset-mc @ ss_27c_3.30v -- generated by sim/harness, do not edit

Circuit: * comparator-offset-mc @ ss_27c_3.30v -- generated by sim/harness, do not edit

Doing analysis at TEMP = 27.000000 and TNOM = 27.000000

Using SPARSE 1.3 as Direct Linear Solver

No. of Data Rows : 6
voa = -5.759973867e-04
ddc = 1.0298275806e-07
dde = -9.722361237e-08
Reset re-loads circuit * comparator-offset-mc @ ss_27c_3.30v -- generated by sim/harness, do not edit

Circuit: * comparator-offset-mc @ ss_27c_3.30v -- generated by sim/harness, do not edit

Doing analysis at TEMP = 27.000000 and TNOM = 27.000000

Using SPARSE 1.3 as Direct Linear Solver

No. of Data Rows : 6
voa = -3.380562133e-04
ddc = 5.6455021556e-08
dde = -5.448845380e-08
Reset re-loads circuit * comparator-offset-mc @ ss_27c_3.30v -- generated by sim/harness, do not edit

Circuit: * comparator-offset-mc @ ss_27c_3.30v -- generated by sim/harness, do not edit

Doing analysis at TEMP = 27.000000 and TNOM = 27.000000

Using SPARSE 1.3 as Direct Linear Solver

No. of Data Rows : 6
voa = 3.4199874162e-03
ddc = -6.015986779e-07
dde = 5.0312426299e-07
Reset re-loads circuit * comparator-offset-mc @ ss_27c_3.30v -- generated by sim/harness, do not edit

Circuit: * comparator-offset-mc @ ss_27c_3.30v -- generated by sim/harness, do not edit

Doing analysis at TEMP = 27.000000 and TNOM = 27.000000

Using SPARSE 1.3 as Direct Linear Solver

No. of Data Rows : 6
voa = -5.833773840e-04
ddc = 1.0748117915e-07
dde = -1.071099457e-07
Reset re-loads circuit * comparator-offset-mc @ ss_27c_3.30v -- generated by sim/harness, do not edit

Circuit: * comparator-offset-mc @ ss_27c_3.30v -- generated by sim/harness, do not edit

Doing analysis at TEMP = 27.000000 and TNOM = 27.000000

Using SPARSE 1.3 as Direct Linear Solver

No. of Data Rows : 6
voa = -1.310063871e-03
ddc = 2.3285091707e-07
dde = -2.235713720e-07
Reset re-loads circuit * comparator-offset-mc @ ss_27c_3.30v -- generated by sim/harness, do not edit

Circuit: * comparator-offset-mc @ ss_27c_3.30v -- generated by sim/harness, do not edit

Doing analysis at TEMP = 27.000000 and TNOM = 27.000000

Using SPARSE 1.3 as Direct Linear Solver

No. of Data Rows : 6
voa = 5.2433037494e-04
ddc = -9.227409915e-08
dde = 8.7535891694e-08
Reset re-loads circuit * comparator-offset-mc @ ss_27c_3.30v -- generated by sim/harness, do not edit

Circuit: * comparator-offset-mc @ ss_27c_3.30v -- generated by sim/harness, do not edit

Doing analysis at TEMP = 27.000000 and TNOM = 27.000000

Using SPARSE 1.3 as Direct Linear Solver

No. of Data Rows : 6
voa = -1.801872643e-03
ddc = 3.1092579834e-07
dde = -3.007046819e-07
Reset re-loads circuit * comparator-offset-mc @ ss_27c_3.30v -- generated by sim/harness, do not edit

Circuit: * comparator-offset-mc @ ss_27c_3.30v -- generated by sim/harness, do not edit

Doing analysis at TEMP = 27.000000 and TNOM = 27.000000

Using SPARSE 1.3 as Direct Linear Solver

No. of Data Rows : 6
voa = -1.469653989e-03
ddc = 2.2756864706e-07
dde = -2.102046407e-07
Reset re-loads circuit * comparator-offset-mc @ ss_27c_3.30v -- generated by sim/harness, do not edit

Circuit: * comparator-offset-mc @ ss_27c_3.30v -- generated by sim/harness, do not edit

Doing analysis at TEMP = 27.000000 and TNOM = 27.000000

Using SPARSE 1.3 as Direct Linear Solver

No. of Data Rows : 6
voa = -2.200481623e-03
ddc = 3.1913105142e-07
dde = -2.954925285e-07
Reset re-loads circuit * comparator-offset-mc @ ss_27c_3.30v -- generated by sim/harness, do not edit

Circuit: * comparator-offset-mc @ ss_27c_3.30v -- generated by sim/harness, do not edit

Doing analysis at TEMP = 27.000000 and TNOM = 27.000000

Using SPARSE 1.3 as Direct Linear Solver

No. of Data Rows : 6
voa = -1.550102640e-03
ddc = 2.4732228302e-07
dde = -2.317491755e-07
Reset re-loads circuit * comparator-offset-mc @ ss_27c_3.30v -- generated by sim/harness, do not edit

Circuit: * comparator-offset-mc @ ss_27c_3.30v -- generated by sim/harness, do not edit

Doing analysis at TEMP = 27.000000 and TNOM = 27.000000

Using SPARSE 1.3 as Direct Linear Solver

No. of Data Rows : 6
voa = 1.5179752233e-03
ddc = -1.999716582e-07
dde = 1.5885125351e-07
Reset re-loads circuit * comparator-offset-mc @ ss_27c_3.30v -- generated by sim/harness, do not edit

Circuit: * comparator-offset-mc @ ss_27c_3.30v -- generated by sim/harness, do not edit

Doing analysis at TEMP = 27.000000 and TNOM = 27.000000

Using SPARSE 1.3 as Direct Linear Solver

No. of Data Rows : 6
voa = 1.0165332476e-03
ddc = -1.726125305e-07
dde = 1.5645443426e-07
Reset re-loads circuit * comparator-offset-mc @ ss_27c_3.30v -- generated by sim/harness, do not edit

Circuit: * comparator-offset-mc @ ss_27c_3.30v -- generated by sim/harness, do not edit

Doing analysis at TEMP = 27.000000 and TNOM = 27.000000

Using SPARSE 1.3 as Direct Linear Solver

No. of Data Rows : 6
voa = -1.437463042e-03
ddc = 2.4017363034e-07
dde = -2.368910319e-07
Reset re-loads circuit * comparator-offset-mc @ ss_27c_3.30v -- generated by sim/harness, do not edit

Circuit: * comparator-offset-mc @ ss_27c_3.30v -- generated by sim/harness, do not edit

Doing analysis at TEMP = 27.000000 and TNOM = 27.000000

Using SPARSE 1.3 as Direct Linear Solver

No. of Data Rows : 6
voa = 8.5126444667e-04
ddc = -1.139483478e-07
dde = 9.9061607069e-08
Reset re-loads circuit * comparator-offset-mc @ ss_27c_3.30v -- generated by sim/harness, do not edit

Circuit: * comparator-offset-mc @ ss_27c_3.30v -- generated by sim/harness, do not edit

Doing analysis at TEMP = 27.000000 and TNOM = 27.000000

Using SPARSE 1.3 as Direct Linear Solver

No. of Data Rows : 6
voa = 9.4143399427e-04
ddc = -9.872219844e-08
dde = 8.8998416493e-08
Reset re-loads circuit * comparator-offset-mc @ ss_27c_3.30v -- generated by sim/harness, do not edit

Circuit: * comparator-offset-mc @ ss_27c_3.30v -- generated by sim/harness, do not edit

Doing analysis at TEMP = 27.000000 and TNOM = 27.000000

Using SPARSE 1.3 as Direct Linear Solver

No. of Data Rows : 6
voa = 2.3957872509e-03
ddc = -3.390969367e-07
dde = 2.6548387575e-07
Reset re-loads circuit * comparator-offset-mc @ ss_27c_3.30v -- generated by sim/harness, do not edit

Circuit: * comparator-offset-mc @ ss_27c_3.30v -- generated by sim/harness, do not edit

Doing analysis at TEMP = 27.000000 and TNOM = 27.000000

Using SPARSE 1.3 as Direct Linear Solver

No. of Data Rows : 6
voa = 1.7713398231e-03
ddc = -2.694471020e-07
dde = 2.6235757859e-07
Reset re-loads circuit * comparator-offset-mc @ ss_27c_3.30v -- generated by sim/harness, do not edit

Circuit: * comparator-offset-mc @ ss_27c_3.30v -- generated by sim/harness, do not edit

Doing analysis at TEMP = 27.000000 and TNOM = 27.000000

Using SPARSE 1.3 as Direct Linear Solver

No. of Data Rows : 6
voa = 2.7146437916e-04
ddc = -6.050139747e-08
dde = 6.0848339572e-08
Reset re-loads circuit * comparator-offset-mc @ ss_27c_3.30v -- generated by sim/harness, do not edit

Circuit: * comparator-offset-mc @ ss_27c_3.30v -- generated by sim/harness, do not edit

Doing analysis at TEMP = 27.000000 and TNOM = 27.000000

Using SPARSE 1.3 as Direct Linear Solver

No. of Data Rows : 6
voa = 1.7965481449e-03
ddc = -2.812582452e-07
dde = 2.7467819719e-07
Reset re-loads circuit * comparator-offset-mc @ ss_27c_3.30v -- generated by sim/harness, do not edit

Circuit: * comparator-offset-mc @ ss_27c_3.30v -- generated by sim/harness, do not edit

Doing analysis at TEMP = 27.000000 and TNOM = 27.000000

Using SPARSE 1.3 as Direct Linear Solver

No. of Data Rows : 6
voa = -1.116803864e-03
ddc = 1.9113127512e-07
dde = -1.887832514e-07
Reset re-loads circuit * comparator-offset-mc @ ss_27c_3.30v -- generated by sim/harness, do not edit

Circuit: * comparator-offset-mc @ ss_27c_3.30v -- generated by sim/harness, do not edit

Doing analysis at TEMP = 27.000000 and TNOM = 27.000000

Using SPARSE 1.3 as Direct Linear Solver

No. of Data Rows : 6
voa = 8.8046539324e-04
ddc = -1.962403712e-07
dde = 1.9997150921e-07
Reset re-loads circuit * comparator-offset-mc @ ss_27c_3.30v -- generated by sim/harness, do not edit

Circuit: * comparator-offset-mc @ ss_27c_3.30v -- generated by sim/harness, do not edit

Doing analysis at TEMP = 27.000000 and TNOM = 27.000000

Using SPARSE 1.3 as Direct Linear Solver

No. of Data Rows : 6
voa = 1.5392382680e-03
ddc = -2.342988892e-07
dde = 2.0178731037e-07
Reset re-loads circuit * comparator-offset-mc @ ss_27c_3.30v -- generated by sim/harness, do not edit

Circuit: * comparator-offset-mc @ ss_27c_3.30v -- generated by sim/harness, do not edit

Doing analysis at TEMP = 27.000000 and TNOM = 27.000000

Using SPARSE 1.3 as Direct Linear Solver

No. of Data Rows : 6
voa = -1.909267146e-03
ddc = 2.8794426733e-07
dde = -2.691253857e-07
Reset re-loads circuit * comparator-offset-mc @ ss_27c_3.30v -- generated by sim/harness, do not edit

Circuit: * comparator-offset-mc @ ss_27c_3.30v -- generated by sim/harness, do not edit

Doing analysis at TEMP = 27.000000 and TNOM = 27.000000

Using SPARSE 1.3 as Direct Linear Solver

No. of Data Rows : 6
voa = -9.391939513e-05
ddc = 1.4809154799e-08
dde = -1.375186924e-08
Reset re-loads circuit * comparator-offset-mc @ ss_27c_3.30v -- generated by sim/harness, do not edit

Circuit: * comparator-offset-mc @ ss_27c_3.30v -- generated by sim/harness, do not edit

Doing analysis at TEMP = 27.000000 and TNOM = 27.000000

Using SPARSE 1.3 as Direct Linear Solver

No. of Data Rows : 6
voa = 1.6795711189e-03
ddc = -2.880556814e-07
dde = 2.8532629913e-07
Reset re-loads circuit * comparator-offset-mc @ ss_27c_3.30v -- generated by sim/harness, do not edit

Circuit: * comparator-offset-mc @ ss_27c_3.30v -- generated by sim/harness, do not edit

Doing analysis at TEMP = 27.000000 and TNOM = 27.000000

Using SPARSE 1.3 as Direct Linear Solver

No. of Data Rows : 6
voa = 7.3924143776e-04
ddc = -1.289893723e-07
dde = 1.1734479419e-07
Reset re-loads circuit * comparator-offset-mc @ ss_27c_3.30v -- generated by sim/harness, do not edit

Circuit: * comparator-offset-mc @ ss_27c_3.30v -- generated by sim/harness, do not edit

Doing analysis at TEMP = 27.000000 and TNOM = 27.000000

Using SPARSE 1.3 as Direct Linear Solver

No. of Data Rows : 6
voa = 1.9011583604e-03
ddc = -2.371628561e-07
dde = 2.2403399010e-07
Reset re-loads circuit * comparator-offset-mc @ ss_27c_3.30v -- generated by sim/harness, do not edit

Circuit: * comparator-offset-mc @ ss_27c_3.30v -- generated by sim/harness, do not edit

Doing analysis at TEMP = 27.000000 and TNOM = 27.000000

Using SPARSE 1.3 as Direct Linear Solver
 Reference value :  0.00000e+00
No. of Data Rows : 6
voa = 1.1979700911e-04
ddc = -4.782900137e-09
dde = 9.1230063799e-10
Reset re-loads circuit * comparator-offset-mc @ ss_27c_3.30v -- generated by sim/harness, do not edit

Circuit: * comparator-offset-mc @ ss_27c_3.30v -- generated by sim/harness, do not edit

Doing analysis at TEMP = 27.000000 and TNOM = 27.000000

Using SPARSE 1.3 as Direct Linear Solver

No. of Data Rows : 6
voa = 2.4819494984e-03
ddc = -3.953994827e-07
dde = 3.2887722127e-07
Reset re-loads circuit * comparator-offset-mc @ ss_27c_3.30v -- generated by sim/harness, do not edit

Circuit: * comparator-offset-mc @ ss_27c_3.30v -- generated by sim/harness, do not edit

Doing analysis at TEMP = 27.000000 and TNOM = 27.000000

Using SPARSE 1.3 as Direct Linear Solver

No. of Data Rows : 6
voa = 1.7309082540e-03
ddc = -2.873372831e-07
dde = 2.4755353175e-07
Reset re-loads circuit * comparator-offset-mc @ ss_27c_3.30v -- generated by sim/harness, do not edit

Circuit: * comparator-offset-mc @ ss_27c_3.30v -- generated by sim/harness, do not edit

Doing analysis at TEMP = 27.000000 and TNOM = 27.000000

Using SPARSE 1.3 as Direct Linear Solver

No. of Data Rows : 6
voa = 1.5107149792e-03
ddc = -2.261945634e-07
dde = 1.9328525800e-07
Reset re-loads circuit * comparator-offset-mc @ ss_27c_3.30v -- generated by sim/harness, do not edit

Circuit: * comparator-offset-mc @ ss_27c_3.30v -- generated by sim/harness, do not edit

Doing analysis at TEMP = 27.000000 and TNOM = 27.000000

Using SPARSE 1.3 as Direct Linear Solver

No. of Data Rows : 6
voa = -1.236406970e-03
ddc = 1.5422886617e-07
dde = -1.451206822e-07
Reset re-loads circuit * comparator-offset-mc @ ss_27c_3.30v -- generated by sim/harness, do not edit

Circuit: * comparator-offset-mc @ ss_27c_3.30v -- generated by sim/harness, do not edit

Doing analysis at TEMP = 27.000000 and TNOM = 27.000000

Using SPARSE 1.3 as Direct Linear Solver

No. of Data Rows : 6
voa = 3.1234148998e-03
ddc = -4.544565948e-07
dde = 4.4142182014e-07
Reset re-loads circuit * comparator-offset-mc @ ss_27c_3.30v -- generated by sim/harness, do not edit

Circuit: * comparator-offset-mc @ ss_27c_3.30v -- generated by sim/harness, do not edit

Doing analysis at TEMP = 27.000000 and TNOM = 27.000000

Using SPARSE 1.3 as Direct Linear Solver

No. of Data Rows : 6
voa = -1.562317604e-04
ddc = 6.6539634266e-08
dde = -7.223983967e-08
Reset re-loads circuit * comparator-offset-mc @ ss_27c_3.30v -- generated by sim/harness, do not edit

Circuit: * comparator-offset-mc @ ss_27c_3.30v -- generated by sim/harness, do not edit

Doing analysis at TEMP = 27.000000 and TNOM = 27.000000

Using SPARSE 1.3 as Direct Linear Solver

No. of Data Rows : 6
voa = -2.558793949e-03
ddc = 3.7342906473e-07
dde = -3.600893713e-07
Reset re-loads circuit * comparator-offset-mc @ ss_27c_3.30v -- generated by sim/harness, do not edit

Circuit: * comparator-offset-mc @ ss_27c_3.30v -- generated by sim/harness, do not edit

Doing analysis at TEMP = 27.000000 and TNOM = 27.000000

Using SPARSE 1.3 as Direct Linear Solver

No. of Data Rows : 6
voa = 1.2632240340e-03
ddc = -1.767704736e-07
dde = 1.6970278772e-07
Reset re-loads circuit * comparator-offset-mc @ ss_27c_3.30v -- generated by sim/harness, do not edit

Circuit: * comparator-offset-mc @ ss_27c_3.30v -- generated by sim/harness, do not edit

Doing analysis at TEMP = 27.000000 and TNOM = 27.000000

Using SPARSE 1.3 as Direct Linear Solver

No. of Data Rows : 6
voa = 2.0951505706e-03
ddc = -3.463159505e-07
dde = 3.1131564415e-07
Reset re-loads circuit * comparator-offset-mc @ ss_27c_3.30v -- generated by sim/harness, do not edit

Circuit: * comparator-offset-mc @ ss_27c_3.30v -- generated by sim/harness, do not edit

Doing analysis at TEMP = 27.000000 and TNOM = 27.000000

Using SPARSE 1.3 as Direct Linear Solver

No. of Data Rows : 6
voa = 1.8022463037e-03
ddc = -2.850824186e-07
dde = 2.4519710075e-07
Reset re-loads circuit * comparator-offset-mc @ ss_27c_3.30v -- generated by sim/harness, do not edit

Circuit: * comparator-offset-mc @ ss_27c_3.30v -- generated by sim/harness, do not edit

Doing analysis at TEMP = 27.000000 and TNOM = 27.000000

Using SPARSE 1.3 as Direct Linear Solver

No. of Data Rows : 6
voa = -2.852833205e-03
ddc = 4.5194749628e-07
dde = -4.422366064e-07
Reset re-loads circuit * comparator-offset-mc @ ss_27c_3.30v -- generated by sim/harness, do not edit

Circuit: * comparator-offset-mc @ ss_27c_3.30v -- generated by sim/harness, do not edit

Doing analysis at TEMP = 27.000000 and TNOM = 27.000000

Using SPARSE 1.3 as Direct Linear Solver

No. of Data Rows : 6
voa = -3.721944848e-05
ddc = 4.9128233017e-12
dde = 2.1623286644e-09
Reset re-loads circuit * comparator-offset-mc @ ss_27c_3.30v -- generated by sim/harness, do not edit

Circuit: * comparator-offset-mc @ ss_27c_3.30v -- generated by sim/harness, do not edit

Doing analysis at TEMP = 27.000000 and TNOM = 27.000000

Using SPARSE 1.3 as Direct Linear Solver

No. of Data Rows : 6
voa = -1.181030629e-03
ddc = 2.4442666088e-07
dde = -2.460365654e-07
Reset re-loads circuit * comparator-offset-mc @ ss_27c_3.30v -- generated by sim/harness, do not edit

Circuit: * comparator-offset-mc @ ss_27c_3.30v -- generated by sim/harness, do not edit

Doing analysis at TEMP = 27.000000 and TNOM = 27.000000

Using SPARSE 1.3 as Direct Linear Solver

No. of Data Rows : 6
voa = 2.2258594462e-03
ddc = -3.092306687e-07
dde = 2.9543511744e-07
Reset re-loads circuit * comparator-offset-mc @ ss_27c_3.30v -- generated by sim/harness, do not edit

Circuit: * comparator-offset-mc @ ss_27c_3.30v -- generated by sim/harness, do not edit

Doing analysis at TEMP = 27.000000 and TNOM = 27.000000

Using SPARSE 1.3 as Direct Linear Solver

No. of Data Rows : 6
voa = 2.1617645278e-03
ddc = -3.048673355e-07
dde = 2.9220587001e-07
Reset re-loads circuit * comparator-offset-mc @ ss_27c_3.30v -- generated by sim/harness, do not edit

Circuit: * comparator-offset-mc @ ss_27c_3.30v -- generated by sim/harness, do not edit

Doing analysis at TEMP = 27.000000 and TNOM = 27.000000

Using SPARSE 1.3 as Direct Linear Solver

No. of Data Rows : 6
voa = 2.4781039030e-03
ddc = -3.424819178e-07
dde = 2.6558808400e-07
Reset re-loads circuit * comparator-offset-mc @ ss_27c_3.30v -- generated by sim/harness, do not edit

Circuit: * comparator-offset-mc @ ss_27c_3.30v -- generated by sim/harness, do not edit

Doing analysis at TEMP = 27.000000 and TNOM = 27.000000

Using SPARSE 1.3 as Direct Linear Solver

No. of Data Rows : 6
voa = -1.438875802e-03
ddc = 1.9910001382e-07
dde = -1.776549111e-07
Reset re-loads circuit * comparator-offset-mc @ ss_27c_3.30v -- generated by sim/harness, do not edit

Circuit: * comparator-offset-mc @ ss_27c_3.30v -- generated by sim/harness, do not edit

Doing analysis at TEMP = 27.000000 and TNOM = 27.000000

Using SPARSE 1.3 as Direct Linear Solver

No. of Data Rows : 6
voa = -5.359852972e-04
ddc = 4.9062623130e-08
dde = -3.691472057e-08
Reset re-loads circuit * comparator-offset-mc @ ss_27c_3.30v -- generated by sim/harness, do not edit

Circuit: * comparator-offset-mc @ ss_27c_3.30v -- generated by sim/harness, do not edit

Doing analysis at TEMP = 27.000000 and TNOM = 27.000000

Using SPARSE 1.3 as Direct Linear Solver

No. of Data Rows : 6
voa = 1.2008118941e-03
ddc = -1.893436087e-07
dde = 1.6390602218e-07
Reset re-loads circuit * comparator-offset-mc @ ss_27c_3.30v -- generated by sim/harness, do not edit

Circuit: * comparator-offset-mc @ ss_27c_3.30v -- generated by sim/harness, do not edit

Doing analysis at TEMP = 27.000000 and TNOM = 27.000000

Using SPARSE 1.3 as Direct Linear Solver

No. of Data Rows : 6
voa = -2.132847775e-03
ddc = 3.5442521861e-07
dde = -3.492702957e-07
Reset re-loads circuit * comparator-offset-mc @ ss_27c_3.30v -- generated by sim/harness, do not edit

Circuit: * comparator-offset-mc @ ss_27c_3.30v -- generated by sim/harness, do not edit

Doing analysis at TEMP = 27.000000 and TNOM = 27.000000

Using SPARSE 1.3 as Direct Linear Solver

No. of Data Rows : 6
voa = -1.339227619e-03
ddc = 2.0465452484e-07
dde = -1.992247478e-07
Reset re-loads circuit * comparator-offset-mc @ ss_27c_3.30v -- generated by sim/harness, do not edit

Circuit: * comparator-offset-mc @ ss_27c_3.30v -- generated by sim/harness, do not edit

Doing analysis at TEMP = 27.000000 and TNOM = 27.000000

Using SPARSE 1.3 as Direct Linear Solver

No. of Data Rows : 6
voa = 1.0507947105e-03
ddc = -1.181692982e-07
dde = 1.0882792082e-07
Reset re-loads circuit * comparator-offset-mc @ ss_27c_3.30v -- generated by sim/harness, do not edit

Circuit: * comparator-offset-mc @ ss_27c_3.30v -- generated by sim/harness, do not edit

Doing analysis at TEMP = 27.000000 and TNOM = 27.000000

Using SPARSE 1.3 as Direct Linear Solver

No. of Data Rows : 6
voa = 2.7269579988e-03
ddc = -4.374164648e-07
dde = 3.6596709810e-07
Reset re-loads circuit * comparator-offset-mc @ ss_27c_3.30v -- generated by sim/harness, do not edit

Circuit: * comparator-offset-mc @ ss_27c_3.30v -- generated by sim/harness, do not edit

Doing analysis at TEMP = 27.000000 and TNOM = 27.000000

Using SPARSE 1.3 as Direct Linear Solver

No. of Data Rows : 6
voa = -2.788772761e-03
ddc = 4.7289388701e-07
dde = -4.674350099e-07
Reset re-loads circuit * comparator-offset-mc @ ss_27c_3.30v -- generated by sim/harness, do not edit

Circuit: * comparator-offset-mc @ ss_27c_3.30v -- generated by sim/harness, do not edit

Doing analysis at TEMP = 27.000000 and TNOM = 27.000000

Using SPARSE 1.3 as Direct Linear Solver

No. of Data Rows : 6
voa = 4.0611929482e-04
ddc = -8.615315366e-08
dde = 8.3516795826e-08
Reset re-loads circuit * comparator-offset-mc @ ss_27c_3.30v -- generated by sim/harness, do not edit

Circuit: * comparator-offset-mc @ ss_27c_3.30v -- generated by sim/harness, do not edit

Doing analysis at TEMP = 27.000000 and TNOM = 27.000000

Using SPARSE 1.3 as Direct Linear Solver

No. of Data Rows : 6
voa = -1.190745233e-03
ddc = 1.7411862963e-07
dde = -1.687003600e-07
Reset re-loads circuit * comparator-offset-mc @ ss_27c_3.30v -- generated by sim/harness, do not edit

Circuit: * comparator-offset-mc @ ss_27c_3.30v -- generated by sim/harness, do not edit

Doing analysis at TEMP = 27.000000 and TNOM = 27.000000

Using SPARSE 1.3 as Direct Linear Solver

No. of Data Rows : 6
voa = -2.491968367e-03
ddc = 4.1577867152e-07
dde = -4.104359150e-07
Reset re-loads circuit * comparator-offset-mc @ ss_27c_3.30v -- generated by sim/harness, do not edit

Circuit: * comparator-offset-mc @ ss_27c_3.30v -- generated by sim/harness, do not edit

Doing analysis at TEMP = 27.000000 and TNOM = 27.000000

Using SPARSE 1.3 as Direct Linear Solver

No. of Data Rows : 6
voa = 1.6589650468e-03
ddc = -2.727256416e-07
dde = 2.3620536563e-07
Reset re-loads circuit * comparator-offset-mc @ ss_27c_3.30v -- generated by sim/harness, do not edit

Circuit: * comparator-offset-mc @ ss_27c_3.30v -- generated by sim/harness, do not edit

Doing analysis at TEMP = 27.000000 and TNOM = 27.000000

Using SPARSE 1.3 as Direct Linear Solver

No. of Data Rows : 6
voa = 1.1168627117e-03
ddc = -2.073441712e-07
dde = 2.0791905822e-07
Reset re-loads circuit * comparator-offset-mc @ ss_27c_3.30v -- generated by sim/harness, do not edit

Circuit: * comparator-offset-mc @ ss_27c_3.30v -- generated by sim/harness, do not edit

Doing analysis at TEMP = 27.000000 and TNOM = 27.000000

Using SPARSE 1.3 as Direct Linear Solver

No. of Data Rows : 6
voa = 1.4326760535e-03
ddc = -2.407748114e-07
dde = 2.3772974521e-07
Reset re-loads circuit * comparator-offset-mc @ ss_27c_3.30v -- generated by sim/harness, do not edit

Circuit: * comparator-offset-mc @ ss_27c_3.30v -- generated by sim/harness, do not edit

Doing analysis at TEMP = 27.000000 and TNOM = 27.000000

Using SPARSE 1.3 as Direct Linear Solver

No. of Data Rows : 6
voa = 4.1146714358e-03
ddc = -6.400375171e-07
dde = 4.9351822192e-07
Reset re-loads circuit * comparator-offset-mc @ ss_27c_3.30v -- generated by sim/harness, do not edit

Circuit: * comparator-offset-mc @ ss_27c_3.30v -- generated by sim/harness, do not edit

Doing analysis at TEMP = 27.000000 and TNOM = 27.000000

Using SPARSE 1.3 as Direct Linear Solver

No. of Data Rows : 6
voa = -2.014831492e-03
ddc = 2.9348601074e-07
dde = -2.704806343e-07
Reset re-loads circuit * comparator-offset-mc @ ss_27c_3.30v -- generated by sim/harness, do not edit

Circuit: * comparator-offset-mc @ ss_27c_3.30v -- generated by sim/harness, do not edit

Doing analysis at TEMP = 27.000000 and TNOM = 27.000000

Using SPARSE 1.3 as Direct Linear Solver

No. of Data Rows : 6
voa = 2.6069526108e-04
ddc = -4.396960562e-08
dde = 4.0506435800e-08
Reset re-loads circuit * comparator-offset-mc @ ss_27c_3.30v -- generated by sim/harness, do not edit

Circuit: * comparator-offset-mc @ ss_27c_3.30v -- generated by sim/harness, do not edit

Doing analysis at TEMP = 27.000000 and TNOM = 27.000000

Using SPARSE 1.3 as Direct Linear Solver

No. of Data Rows : 6
voa = -2.434422015e-03
ddc = 3.6280217024e-07
dde = -3.416418307e-07
Reset re-loads circuit * comparator-offset-mc @ ss_27c_3.30v -- generated by sim/harness, do not edit

Circuit: * comparator-offset-mc @ ss_27c_3.30v -- generated by sim/harness, do not edit

Doing analysis at TEMP = 27.000000 and TNOM = 27.000000

Using SPARSE 1.3 as Direct Linear Solver

No. of Data Rows : 6
voa = -3.730110197e-05
ddc = -1.068307893e-08
dde = 1.5295510260e-08
Reset re-loads circuit * comparator-offset-mc @ ss_27c_3.30v -- generated by sim/harness, do not edit

Circuit: * comparator-offset-mc @ ss_27c_3.30v -- generated by sim/harness, do not edit

Doing analysis at TEMP = 27.000000 and TNOM = 27.000000

Using SPARSE 1.3 as Direct Linear Solver

No. of Data Rows : 6
voa = -1.712456326e-03
ddc = 2.5233207351e-07
dde = -2.316655789e-07
Reset re-loads circuit * comparator-offset-mc @ ss_27c_3.30v -- generated by sim/harness, do not edit

Circuit: * comparator-offset-mc @ ss_27c_3.30v -- generated by sim/harness, do not edit

Doing analysis at TEMP = 27.000000 and TNOM = 27.000000

Using SPARSE 1.3 as Direct Linear Solver

No. of Data Rows : 6
voa = -3.956068492e-04
ddc = 6.3631155012e-08
dde = -5.959280093e-08
Reset re-loads circuit * comparator-offset-mc @ ss_27c_3.30v -- generated by sim/harness, do not edit

Circuit: * comparator-offset-mc @ ss_27c_3.30v -- generated by sim/harness, do not edit

Doing analysis at TEMP = 27.000000 and TNOM = 27.000000

Using SPARSE 1.3 as Direct Linear Solver

No. of Data Rows : 6
voa = 1.9871206564e-03
ddc = -3.237908027e-07
dde = 2.8687385145e-07
Reset re-loads circuit * comparator-offset-mc @ ss_27c_3.30v -- generated by sim/harness, do not edit

Circuit: * comparator-offset-mc @ ss_27c_3.30v -- generated by sim/harness, do not edit

Doing analysis at TEMP = 27.000000 and TNOM = 27.000000

Using SPARSE 1.3 as Direct Linear Solver

No. of Data Rows : 6
voa = -4.772830614e-04
ddc = 9.8246413857e-08
dde = -9.567204814e-08
Reset re-loads circuit * comparator-offset-mc @ ss_27c_3.30v -- generated by sim/harness, do not edit

Circuit: * comparator-offset-mc @ ss_27c_3.30v -- generated by sim/harness, do not edit

Doing analysis at TEMP = 27.000000 and TNOM = 27.000000

Using SPARSE 1.3 as Direct Linear Solver

No. of Data Rows : 6
voa = -1.475797625e-03
ddc = 2.2414673533e-07
dde = -2.184621523e-07
Reset re-loads circuit * comparator-offset-mc @ ss_27c_3.30v -- generated by sim/harness, do not edit

Circuit: * comparator-offset-mc @ ss_27c_3.30v -- generated by sim/harness, do not edit

Doing analysis at TEMP = 27.000000 and TNOM = 27.000000

Using SPARSE 1.3 as Direct Linear Solver
 Reference value :  2.00000e-03
No. of Data Rows : 6
voa = -4.369136531e-04
ddc = 3.6074580987e-08
dde = -2.555563460e-08
Reset re-loads circuit * comparator-offset-mc @ ss_27c_3.30v -- generated by sim/harness, do not edit

Circuit: * comparator-offset-mc @ ss_27c_3.30v -- generated by sim/harness, do not edit

Doing analysis at TEMP = 27.000000 and TNOM = 27.000000

Using SPARSE 1.3 as Direct Linear Solver

No. of Data Rows : 6
voa = -1.215427113e-03
ddc = 1.7667094699e-07
dde = -1.703357464e-07
Reset re-loads circuit * comparator-offset-mc @ ss_27c_3.30v -- generated by sim/harness, do not edit

Circuit: * comparator-offset-mc @ ss_27c_3.30v -- generated by sim/harness, do not edit

Doing analysis at TEMP = 27.000000 and TNOM = 27.000000

Using SPARSE 1.3 as Direct Linear Solver

No. of Data Rows : 6
voa = 2.5136597199e-03
ddc = -4.216337676e-07
dde = 3.5388867386e-07
Reset re-loads circuit * comparator-offset-mc @ ss_27c_3.30v -- generated by sim/harness, do not edit

Circuit: * comparator-offset-mc @ ss_27c_3.30v -- generated by sim/harness, do not edit

Doing analysis at TEMP = 27.000000 and TNOM = 27.000000

Using SPARSE 1.3 as Direct Linear Solver

No. of Data Rows : 6
voa = 2.0244968751e-03
ddc = -3.037829991e-07
dde = 2.5553528487e-07
Reset re-loads circuit * comparator-offset-mc @ ss_27c_3.30v -- generated by sim/harness, do not edit

Circuit: * comparator-offset-mc @ ss_27c_3.30v -- generated by sim/harness, do not edit

Doing analysis at TEMP = 27.000000 and TNOM = 27.000000

Using SPARSE 1.3 as Direct Linear Solver

No. of Data Rows : 6
voa = -3.270238878e-04
ddc = 3.1291743452e-08
dde = -2.896932780e-08
Reset re-loads circuit * comparator-offset-mc @ ss_27c_3.30v -- generated by sim/harness, do not edit

Circuit: * comparator-offset-mc @ ss_27c_3.30v -- generated by sim/harness, do not edit

Doing analysis at TEMP = 27.000000 and TNOM = 27.000000

Using SPARSE 1.3 as Direct Linear Solver

No. of Data Rows : 6
voa = -1.833567870e-03
ddc = 3.1286734093e-07
dde = -3.097614281e-07
Reset re-loads circuit * comparator-offset-mc @ ss_27c_3.30v -- generated by sim/harness, do not edit

Circuit: * comparator-offset-mc @ ss_27c_3.30v -- generated by sim/harness, do not edit

Doing analysis at TEMP = 27.000000 and TNOM = 27.000000

Using SPARSE 1.3 as Direct Linear Solver

No. of Data Rows : 6
voa = 9.4464694161e-04
ddc = -1.461624420e-07
dde = 1.2553823140e-07
Reset re-loads circuit * comparator-offset-mc @ ss_27c_3.30v -- generated by sim/harness, do not edit

Circuit: * comparator-offset-mc @ ss_27c_3.30v -- generated by sim/harness, do not edit

Doing analysis at TEMP = 27.000000 and TNOM = 27.000000

Using SPARSE 1.3 as Direct Linear Solver

No. of Data Rows : 6
voa = -1.174383195e-03
ddc = 1.9908160634e-07
dde = -1.890405770e-07
Reset re-loads circuit * comparator-offset-mc @ ss_27c_3.30v -- generated by sim/harness, do not edit

Circuit: * comparator-offset-mc @ ss_27c_3.30v -- generated by sim/harness, do not edit

Doing analysis at TEMP = 27.000000 and TNOM = 27.000000

Using SPARSE 1.3 as Direct Linear Solver

No. of Data Rows : 6
voa = 1.0909366540e-03
ddc = -1.944033617e-07
dde = 1.8499598985e-07
Reset re-loads circuit * comparator-offset-mc @ ss_27c_3.30v -- generated by sim/harness, do not edit

Circuit: * comparator-offset-mc @ ss_27c_3.30v -- generated by sim/harness, do not edit

Doing analysis at TEMP = 27.000000 and TNOM = 27.000000

Using SPARSE 1.3 as Direct Linear Solver

No. of Data Rows : 6
voa = -1.202428494e-03
ddc = 1.9805189403e-07
dde = -1.854150188e-07
Reset re-loads circuit * comparator-offset-mc @ ss_27c_3.30v -- generated by sim/harness, do not edit

Circuit: * comparator-offset-mc @ ss_27c_3.30v -- generated by sim/harness, do not edit

Doing analysis at TEMP = 27.000000 and TNOM = 27.000000

Using SPARSE 1.3 as Direct Linear Solver

No. of Data Rows : 6
voa = 9.0233981127e-05
ddc = -3.433384888e-08
dde = 3.6620232547e-08
Reset re-loads circuit * comparator-offset-mc @ ss_27c_3.30v -- generated by sim/harness, do not edit

Circuit: * comparator-offset-mc @ ss_27c_3.30v -- generated by sim/harness, do not edit

Doing analysis at TEMP = 27.000000 and TNOM = 27.000000

Using SPARSE 1.3 as Direct Linear Solver

No. of Data Rows : 6
voa = -1.160585828e-03
ddc = 1.9392367309e-07
dde = -1.809006470e-07
Reset re-loads circuit * comparator-offset-mc @ ss_27c_3.30v -- generated by sim/harness, do not edit

Circuit: * comparator-offset-mc @ ss_27c_3.30v -- generated by sim/harness, do not edit

Doing analysis at TEMP = 27.000000 and TNOM = 27.000000

Using SPARSE 1.3 as Direct Linear Solver

No. of Data Rows : 6
voa = -1.850123657e-03
ddc = 2.9199922389e-07
dde = -2.765951753e-07
Reset re-loads circuit * comparator-offset-mc @ ss_27c_3.30v -- generated by sim/harness, do not edit

Circuit: * comparator-offset-mc @ ss_27c_3.30v -- generated by sim/harness, do not edit

Doing analysis at TEMP = 27.000000 and TNOM = 27.000000

Using SPARSE 1.3 as Direct Linear Solver

No. of Data Rows : 6
voa = 4.2299337039e-04
ddc = -1.355797416e-08
dde = -3.640429270e-10
Reset re-loads circuit * comparator-offset-mc @ ss_27c_3.30v -- generated by sim/harness, do not edit

Circuit: * comparator-offset-mc @ ss_27c_3.30v -- generated by sim/harness, do not edit

Doing analysis at TEMP = 27.000000 and TNOM = 27.000000

Using SPARSE 1.3 as Direct Linear Solver

No. of Data Rows : 6
voa = 3.5907130681e-03
ddc = -5.382462625e-07
dde = 5.2289870279e-07
Reset re-loads circuit * comparator-offset-mc @ ss_27c_3.30v -- generated by sim/harness, do not edit

Circuit: * comparator-offset-mc @ ss_27c_3.30v -- generated by sim/harness, do not edit

Doing analysis at TEMP = 27.000000 and TNOM = 27.000000

Using SPARSE 1.3 as Direct Linear Solver

No. of Data Rows : 6
voa = 1.9604074736e-04
ddc = -3.851856840e-08
dde = 3.6731399796e-08
Reset re-loads circuit * comparator-offset-mc @ ss_27c_3.30v -- generated by sim/harness, do not edit

Circuit: * comparator-offset-mc @ ss_27c_3.30v -- generated by sim/harness, do not edit

Doing analysis at TEMP = 27.000000 and TNOM = 27.000000

Using SPARSE 1.3 as Direct Linear Solver

No. of Data Rows : 6
voa = -1.144893457e-03
ddc = 1.8130596306e-07
dde = -1.686393953e-07
Reset re-loads circuit * comparator-offset-mc @ ss_27c_3.30v -- generated by sim/harness, do not edit

Circuit: * comparator-offset-mc @ ss_27c_3.30v -- generated by sim/harness, do not edit

Doing analysis at TEMP = 27.000000 and TNOM = 27.000000

Using SPARSE 1.3 as Direct Linear Solver

No. of Data Rows : 6
voa = -1.667219391e-03
ddc = 2.3032072396e-07
dde = -2.206804557e-07
Reset re-loads circuit * comparator-offset-mc @ ss_27c_3.30v -- generated by sim/harness, do not edit

Circuit: * comparator-offset-mc @ ss_27c_3.30v -- generated by sim/harness, do not edit

Doing analysis at TEMP = 27.000000 and TNOM = 27.000000

Using SPARSE 1.3 as Direct Linear Solver

No. of Data Rows : 6
voa = 4.5146265584e-04
ddc = -5.742671611e-08
dde = 4.8927577891e-08
Reset re-loads circuit * comparator-offset-mc @ ss_27c_3.30v -- generated by sim/harness, do not edit

Circuit: * comparator-offset-mc @ ss_27c_3.30v -- generated by sim/harness, do not edit

Doing analysis at TEMP = 27.000000 and TNOM = 27.000000

Using SPARSE 1.3 as Direct Linear Solver

No. of Data Rows : 6
voa = -4.315482352e-03
ddc = 6.8142842477e-07
dde = -6.661796980e-07
Reset re-loads circuit * comparator-offset-mc @ ss_27c_3.30v -- generated by sim/harness, do not edit

Circuit: * comparator-offset-mc @ ss_27c_3.30v -- generated by sim/harness, do not edit

Doing analysis at TEMP = 27.000000 and TNOM = 27.000000

Using SPARSE 1.3 as Direct Linear Solver

No. of Data Rows : 6
voa = -4.462121170e-03
ddc = 6.7495029744e-07
dde = -6.542288266e-07
Reset re-loads circuit * comparator-offset-mc @ ss_27c_3.30v -- generated by sim/harness, do not edit

Circuit: * comparator-offset-mc @ ss_27c_3.30v -- generated by sim/harness, do not edit

Doing analysis at TEMP = 27.000000 and TNOM = 27.000000

Using SPARSE 1.3 as Direct Linear Solver

No. of Data Rows : 6
voa = -1.291572359e-03
ddc = 1.8304042757e-07
dde = -1.635560583e-07
Reset re-loads circuit * comparator-offset-mc @ ss_27c_3.30v -- generated by sim/harness, do not edit

Circuit: * comparator-offset-mc @ ss_27c_3.30v -- generated by sim/harness, do not edit

Doing analysis at TEMP = 27.000000 and TNOM = 27.000000

Using SPARSE 1.3 as Direct Linear Solver

No. of Data Rows : 6
voa = 1.3596930069e-04
ddc = -1.389480600e-08
dde = 1.0593392145e-08
Reset re-loads circuit * comparator-offset-mc @ ss_27c_3.30v -- generated by sim/harness, do not edit

Circuit: * comparator-offset-mc @ ss_27c_3.30v -- generated by sim/harness, do not edit

Doing analysis at TEMP = 27.000000 and TNOM = 27.000000

Using SPARSE 1.3 as Direct Linear Solver

No. of Data Rows : 6
voa = -1.140026116e-03
ddc = 1.5737686291e-07
dde = -1.392124808e-07
Reset re-loads circuit * comparator-offset-mc @ ss_27c_3.30v -- generated by sim/harness, do not edit

Circuit: * comparator-offset-mc @ ss_27c_3.30v -- generated by sim/harness, do not edit

Doing analysis at TEMP = 27.000000 and TNOM = 27.000000

Using SPARSE 1.3 as Direct Linear Solver

No. of Data Rows : 6
voa = 1.5289865102e-03
ddc = -2.560314628e-07
dde = 2.2871999796e-07
Reset re-loads circuit * comparator-offset-mc @ ss_27c_3.30v -- generated by sim/harness, do not edit

Circuit: * comparator-offset-mc @ ss_27c_3.30v -- generated by sim/harness, do not edit

Doing analysis at TEMP = 27.000000 and TNOM = 27.000000

Using SPARSE 1.3 as Direct Linear Solver

No. of Data Rows : 6
voa = -4.701193917e-04
ddc = 1.1231036531e-07
dde = -1.157741000e-07
Reset re-loads circuit * comparator-offset-mc @ ss_27c_3.30v -- generated by sim/harness, do not edit

Circuit: * comparator-offset-mc @ ss_27c_3.30v -- generated by sim/harness, do not edit

Doing analysis at TEMP = 27.000000 and TNOM = 27.000000

Using SPARSE 1.3 as Direct Linear Solver

No. of Data Rows : 6
voa = -6.327412256e-05
ddc = 1.4418152897e-08
dde = -1.415932795e-08
Reset re-loads circuit * comparator-offset-mc @ ss_27c_3.30v -- generated by sim/harness, do not edit

Circuit: * comparator-offset-mc @ ss_27c_3.30v -- generated by sim/harness, do not edit

Doing analysis at TEMP = 27.000000 and TNOM = 27.000000

Using SPARSE 1.3 as Direct Linear Solver

No. of Data Rows : 6
voa = -3.059978272e-03
ddc = 4.6043012558e-07
dde = -4.474063946e-07
Reset re-loads circuit * comparator-offset-mc @ ss_27c_3.30v -- generated by sim/harness, do not edit

Circuit: * comparator-offset-mc @ ss_27c_3.30v -- generated by sim/harness, do not edit

Doing analysis at TEMP = 27.000000 and TNOM = 27.000000

Using SPARSE 1.3 as Direct Linear Solver

No. of Data Rows : 6
voa = -4.129073686e-04
ddc = 7.2029097060e-08
dde = -6.776535703e-08
Reset re-loads circuit * comparator-offset-mc @ ss_27c_3.30v -- generated by sim/harness, do not edit

Circuit: * comparator-offset-mc @ ss_27c_3.30v -- generated by sim/harness, do not edit

Doing analysis at TEMP = 27.000000 and TNOM = 27.000000

Using SPARSE 1.3 as Direct Linear Solver

No. of Data Rows : 6
voa = 2.5981279408e-03
ddc = -4.588683334e-07
dde = 4.5571133356e-07
Reset re-loads circuit * comparator-offset-mc @ ss_27c_3.30v -- generated by sim/harness, do not edit

Circuit: * comparator-offset-mc @ ss_27c_3.30v -- generated by sim/harness, do not edit

Doing analysis at TEMP = 27.000000 and TNOM = 27.000000

Using SPARSE 1.3 as Direct Linear Solver

No. of Data Rows : 6
voa = -1.620842932e-03
ddc = 2.7650175055e-07
dde = -2.730264716e-07
Reset re-loads circuit * comparator-offset-mc @ ss_27c_3.30v -- generated by sim/harness, do not edit

Circuit: * comparator-offset-mc @ ss_27c_3.30v -- generated by sim/harness, do not edit

Doing analysis at TEMP = 27.000000 and TNOM = 27.000000

Using SPARSE 1.3 as Direct Linear Solver

No. of Data Rows : 6
voa = 4.2365130044e-04
ddc = -5.027210735e-08
dde = 4.1762257787e-08
Reset re-loads circuit * comparator-offset-mc @ ss_27c_3.30v -- generated by sim/harness, do not edit

Circuit: * comparator-offset-mc @ ss_27c_3.30v -- generated by sim/harness, do not edit

Doing analysis at TEMP = 27.000000 and TNOM = 27.000000

Using SPARSE 1.3 as Direct Linear Solver

No. of Data Rows : 6
voa = -1.663069778e-03
ddc = 2.6750918430e-07
dde = -2.549638248e-07
Reset re-loads circuit * comparator-offset-mc @ ss_27c_3.30v -- generated by sim/harness, do not edit

Circuit: * comparator-offset-mc @ ss_27c_3.30v -- generated by sim/harness, do not edit

Doing analysis at TEMP = 27.000000 and TNOM = 27.000000

Using SPARSE 1.3 as Direct Linear Solver

No. of Data Rows : 6
voa = 1.1468640046e-03
ddc = -1.640860676e-07
dde = 1.4138747620e-07
Reset re-loads circuit * comparator-offset-mc @ ss_27c_3.30v -- generated by sim/harness, do not edit

Circuit: * comparator-offset-mc @ ss_27c_3.30v -- generated by sim/harness, do not edit

Doing analysis at TEMP = 27.000000 and TNOM = 27.000000

Using SPARSE 1.3 as Direct Linear Solver

No. of Data Rows : 6
voa = -1.953335633e-03
ddc = 2.9244979675e-07
dde = -2.717481788e-07
Reset re-loads circuit * comparator-offset-mc @ ss_27c_3.30v -- generated by sim/harness, do not edit

Circuit: * comparator-offset-mc @ ss_27c_3.30v -- generated by sim/harness, do not edit

Doing analysis at TEMP = 27.000000 and TNOM = 27.000000

Using SPARSE 1.3 as Direct Linear Solver

No. of Data Rows : 6
voa = -9.150828864e-05
ddc = 2.3975625793e-08
dde = -2.335717269e-08
Reset re-loads circuit * comparator-offset-mc @ ss_27c_3.30v -- generated by sim/harness, do not edit

Circuit: * comparator-offset-mc @ ss_27c_3.30v -- generated by sim/harness, do not edit

Doing analysis at TEMP = 27.000000 and TNOM = 27.000000

Using SPARSE 1.3 as Direct Linear Solver

No. of Data Rows : 6
voa = 2.7276302289e-03
ddc = -3.868465163e-07
dde = 3.7173307967e-07
Reset re-loads circuit * comparator-offset-mc @ ss_27c_3.30v -- generated by sim/harness, do not edit

Circuit: * comparator-offset-mc @ ss_27c_3.30v -- generated by sim/harness, do not edit

Doing analysis at TEMP = 27.000000 and TNOM = 27.000000

Using SPARSE 1.3 as Direct Linear Solver
 Reference value :  0.00000e+00
No. of Data Rows : 6
voa = -1.522401681e-03
ddc = 2.3003969908e-07
dde = -2.232892675e-07
Reset re-loads circuit * comparator-offset-mc @ ss_27c_3.30v -- generated by sim/harness, do not edit

Circuit: * comparator-offset-mc @ ss_27c_3.30v -- generated by sim/harness, do not edit

Doing analysis at TEMP = 27.000000 and TNOM = 27.000000

Using SPARSE 1.3 as Direct Linear Solver

No. of Data Rows : 6
voa = 1.9105098932e-03
ddc = -2.900859958e-07
dde = 2.8223401354e-07
Reset re-loads circuit * comparator-offset-mc @ ss_27c_3.30v -- generated by sim/harness, do not edit

Circuit: * comparator-offset-mc @ ss_27c_3.30v -- generated by sim/harness, do not edit

Doing analysis at TEMP = 27.000000 and TNOM = 27.000000

Using SPARSE 1.3 as Direct Linear Solver

No. of Data Rows : 6
voa = -5.365438034e-04
ddc = 8.8799809699e-08
dde = -8.231752671e-08
Reset re-loads circuit * comparator-offset-mc @ ss_27c_3.30v -- generated by sim/harness, do not edit

Circuit: * comparator-offset-mc @ ss_27c_3.30v -- generated by sim/harness, do not edit

Doing analysis at TEMP = 27.000000 and TNOM = 27.000000

Using SPARSE 1.3 as Direct Linear Solver

No. of Data Rows : 6
voa = -1.150384412e-04
ddc = 3.1489999563e-08
dde = -3.279692513e-08
Reset re-loads circuit * comparator-offset-mc @ ss_27c_3.30v -- generated by sim/harness, do not edit

Circuit: * comparator-offset-mc @ ss_27c_3.30v -- generated by sim/harness, do not edit

Doing analysis at TEMP = 27.000000 and TNOM = 27.000000

Using SPARSE 1.3 as Direct Linear Solver

No. of Data Rows : 6
voa = 8.1353442606e-04
ddc = -1.418665208e-07
dde = 1.2875953561e-07
Reset re-loads circuit * comparator-offset-mc @ ss_27c_3.30v -- generated by sim/harness, do not edit

Circuit: * comparator-offset-mc @ ss_27c_3.30v -- generated by sim/harness, do not edit

Doing analysis at TEMP = 27.000000 and TNOM = 27.000000

Using SPARSE 1.3 as Direct Linear Solver

No. of Data Rows : 6
voa = 1.7704853860e-03
ddc = -2.483456232e-07
dde = 2.3902764346e-07
Reset re-loads circuit * comparator-offset-mc @ ss_27c_3.30v -- generated by sim/harness, do not edit

Circuit: * comparator-offset-mc @ ss_27c_3.30v -- generated by sim/harness, do not edit

Doing analysis at TEMP = 27.000000 and TNOM = 27.000000

Using SPARSE 1.3 as Direct Linear Solver

No. of Data Rows : 6
voa = -9.072162285e-04
ddc = 1.9418021200e-07
dde = -1.972211868e-07
Reset re-loads circuit * comparator-offset-mc @ ss_27c_3.30v -- generated by sim/harness, do not edit

Circuit: * comparator-offset-mc @ ss_27c_3.30v -- generated by sim/harness, do not edit

Doing analysis at TEMP = 27.000000 and TNOM = 27.000000

Using SPARSE 1.3 as Direct Linear Solver

No. of Data Rows : 6
voa = 4.3657972406e-05
ddc = -1.992431118e-09
dde = 6.1164609921e-10
Reset re-loads circuit * comparator-offset-mc @ ss_27c_3.30v -- generated by sim/harness, do not edit

Circuit: * comparator-offset-mc @ ss_27c_3.30v -- generated by sim/harness, do not edit

Doing analysis at TEMP = 27.000000 and TNOM = 27.000000

Using SPARSE 1.3 as Direct Linear Solver

No. of Data Rows : 6
voa = -2.372975238e-04
ddc = 3.4984970716e-08
dde = -3.139136054e-08
Reset re-loads circuit * comparator-offset-mc @ ss_27c_3.30v -- generated by sim/harness, do not edit

Circuit: * comparator-offset-mc @ ss_27c_3.30v -- generated by sim/harness, do not edit

Doing analysis at TEMP = 27.000000 and TNOM = 27.000000

Using SPARSE 1.3 as Direct Linear Solver

No. of Data Rows : 6
voa = -2.359268563e-03
ddc = 3.6816598504e-07
dde = -3.592274164e-07
Reset re-loads circuit * comparator-offset-mc @ ss_27c_3.30v -- generated by sim/harness, do not edit

Circuit: * comparator-offset-mc @ ss_27c_3.30v -- generated by sim/harness, do not edit

Doing analysis at TEMP = 27.000000 and TNOM = 27.000000

Using SPARSE 1.3 as Direct Linear Solver

No. of Data Rows : 6
voa = 3.7646283291e-04
ddc = -8.218699895e-08
dde = 8.2987154938e-08
Reset re-loads circuit * comparator-offset-mc @ ss_27c_3.30v -- generated by sim/harness, do not edit

Circuit: * comparator-offset-mc @ ss_27c_3.30v -- generated by sim/harness, do not edit

Doing analysis at TEMP = 27.000000 and TNOM = 27.000000

Using SPARSE 1.3 as Direct Linear Solver

No. of Data Rows : 6
voa = 4.7068137856e-04
ddc = -9.511770206e-08
dde = 9.0361074834e-08
Reset re-loads circuit * comparator-offset-mc @ ss_27c_3.30v -- generated by sim/harness, do not edit

Circuit: * comparator-offset-mc @ ss_27c_3.30v -- generated by sim/harness, do not edit

Doing analysis at TEMP = 27.000000 and TNOM = 27.000000

Using SPARSE 1.3 as Direct Linear Solver

No. of Data Rows : 6
voa = -1.903503777e-03
ddc = 3.0131695606e-07
dde = -2.863595238e-07
Reset re-loads circuit * comparator-offset-mc @ ss_27c_3.30v -- generated by sim/harness, do not edit

Circuit: * comparator-offset-mc @ ss_27c_3.30v -- generated by sim/harness, do not edit

Doing analysis at TEMP = 27.000000 and TNOM = 27.000000

Using SPARSE 1.3 as Direct Linear Solver

No. of Data Rows : 6
voa = -2.589449792e-04
ddc = 5.5732922599e-08
dde = -5.531437934e-08
Reset re-loads circuit * comparator-offset-mc @ ss_27c_3.30v -- generated by sim/harness, do not edit

Circuit: * comparator-offset-mc @ ss_27c_3.30v -- generated by sim/harness, do not edit

Doing analysis at TEMP = 27.000000 and TNOM = 27.000000

Using SPARSE 1.3 as Direct Linear Solver

No. of Data Rows : 6
voa = 1.6956006567e-03
ddc = -2.558547205e-07
dde = 2.4809170022e-07
Reset re-loads circuit * comparator-offset-mc @ ss_27c_3.30v -- generated by sim/harness, do not edit

Circuit: * comparator-offset-mc @ ss_27c_3.30v -- generated by sim/harness, do not edit

Doing analysis at TEMP = 27.000000 and TNOM = 27.000000

Using SPARSE 1.3 as Direct Linear Solver

No. of Data Rows : 6
voa = 4.6515904054e-05
ddc = 3.4042967488e-08
dde = -4.135592734e-08
Reset re-loads circuit * comparator-offset-mc @ ss_27c_3.30v -- generated by sim/harness, do not edit

Circuit: * comparator-offset-mc @ ss_27c_3.30v -- generated by sim/harness, do not edit

Doing analysis at TEMP = 27.000000 and TNOM = 27.000000

Using SPARSE 1.3 as Direct Linear Solver

No. of Data Rows : 6
voa = 1.7010689292e-03
ddc = -2.275500824e-07
dde = 2.1684555909e-07
Reset re-loads circuit * comparator-offset-mc @ ss_27c_3.30v -- generated by sim/harness, do not edit

Circuit: * comparator-offset-mc @ ss_27c_3.30v -- generated by sim/harness, do not edit

Doing analysis at TEMP = 27.000000 and TNOM = 27.000000

Using SPARSE 1.3 as Direct Linear Solver

No. of Data Rows : 6
voa = -1.004319055e-04
ddc = 6.0159587420e-08
dde = -6.533180178e-08
Reset re-loads circuit * comparator-offset-mc @ ss_27c_3.30v -- generated by sim/harness, do not edit

Circuit: * comparator-offset-mc @ ss_27c_3.30v -- generated by sim/harness, do not edit

Doing analysis at TEMP = 27.000000 and TNOM = 27.000000

Using SPARSE 1.3 as Direct Linear Solver

No. of Data Rows : 6
voa = 3.2722773827e-03
ddc = -5.049646985e-07
dde = 4.0908550352e-07
Reset re-loads circuit * comparator-offset-mc @ ss_27c_3.30v -- generated by sim/harness, do not edit

Circuit: * comparator-offset-mc @ ss_27c_3.30v -- generated by sim/harness, do not edit

Doing analysis at TEMP = 27.000000 and TNOM = 27.000000

Using SPARSE 1.3 as Direct Linear Solver

No. of Data Rows : 6
voa = 2.1547063261e-03
ddc = -3.156406681e-07
dde = 3.0460080301e-07
Reset re-loads circuit * comparator-offset-mc @ ss_27c_3.30v -- generated by sim/harness, do not edit

Circuit: * comparator-offset-mc @ ss_27c_3.30v -- generated by sim/harness, do not edit

Doing analysis at TEMP = 27.000000 and TNOM = 27.000000

Using SPARSE 1.3 as Direct Linear Solver

No. of Data Rows : 6
voa = 4.9546039047e-04
ddc = -6.309028075e-08
dde = 5.2291568327e-08
Reset re-loads circuit * comparator-offset-mc @ ss_27c_3.30v -- generated by sim/harness, do not edit

Circuit: * comparator-offset-mc @ ss_27c_3.30v -- generated by sim/harness, do not edit

Doing analysis at TEMP = 27.000000 and TNOM = 27.000000

Using SPARSE 1.3 as Direct Linear Solver

No. of Data Rows : 6
voa = 4.6864437089e-04
ddc = -9.983128874e-08
dde = 9.8627715025e-08
Reset re-loads circuit * comparator-offset-mc @ ss_27c_3.30v -- generated by sim/harness, do not edit

Circuit: * comparator-offset-mc @ ss_27c_3.30v -- generated by sim/harness, do not edit

Doing analysis at TEMP = 27.000000 and TNOM = 27.000000

Using SPARSE 1.3 as Direct Linear Solver

No. of Data Rows : 6
voa = -9.441523894e-04
ddc = 1.7683548623e-07
dde = -1.764114465e-07
Reset re-loads circuit * comparator-offset-mc @ ss_27c_3.30v -- generated by sim/harness, do not edit

Circuit: * comparator-offset-mc @ ss_27c_3.30v -- generated by sim/harness, do not edit

Doing analysis at TEMP = 27.000000 and TNOM = 27.000000

Using SPARSE 1.3 as Direct Linear Solver

No. of Data Rows : 6
voa = 9.9152455497e-05
ddc = -5.608732660e-08
dde = 6.0698650851e-08
Reset re-loads circuit * comparator-offset-mc @ ss_27c_3.30v -- generated by sim/harness, do not edit

Circuit: * comparator-offset-mc @ ss_27c_3.30v -- generated by sim/harness, do not edit

Doing analysis at TEMP = 27.000000 and TNOM = 27.000000

Using SPARSE 1.3 as Direct Linear Solver

No. of Data Rows : 6
voa = -1.044873573e-03
ddc = 1.6930979854e-07
dde = -1.662911804e-07
Reset re-loads circuit * comparator-offset-mc @ ss_27c_3.30v -- generated by sim/harness, do not edit

Circuit: * comparator-offset-mc @ ss_27c_3.30v -- generated by sim/harness, do not edit

Doing analysis at TEMP = 27.000000 and TNOM = 27.000000

Using SPARSE 1.3 as Direct Linear Solver

No. of Data Rows : 6
voa = -1.227951634e-03
ddc = 1.7087522551e-07
dde = -1.510891418e-07
Reset re-loads circuit * comparator-offset-mc @ ss_27c_3.30v -- generated by sim/harness, do not edit

Circuit: * comparator-offset-mc @ ss_27c_3.30v -- generated by sim/harness, do not edit

Doing analysis at TEMP = 27.000000 and TNOM = 27.000000

Using SPARSE 1.3 as Direct Linear Solver

No. of Data Rows : 6
voa = -1.482339402e-03
ddc = 1.8060549785e-07
dde = -1.704320773e-07
Reset re-loads circuit * comparator-offset-mc @ ss_27c_3.30v -- generated by sim/harness, do not edit

Circuit: * comparator-offset-mc @ ss_27c_3.30v -- generated by sim/harness, do not edit

Doing analysis at TEMP = 27.000000 and TNOM = 27.000000

Using SPARSE 1.3 as Direct Linear Solver

No. of Data Rows : 6
voa = 1.4234510514e-03
ddc = -2.224580636e-07
dde = 2.1734058254e-07
Reset re-loads circuit * comparator-offset-mc @ ss_27c_3.30v -- generated by sim/harness, do not edit

Circuit: * comparator-offset-mc @ ss_27c_3.30v -- generated by sim/harness, do not edit

Doing analysis at TEMP = 27.000000 and TNOM = 27.000000

Using SPARSE 1.3 as Direct Linear Solver

No. of Data Rows : 6
voa = 1.2776572701e-03
ddc = -1.795134618e-07
dde = 1.7204250137e-07
Reset re-loads circuit * comparator-offset-mc @ ss_27c_3.30v -- generated by sim/harness, do not edit

Circuit: * comparator-offset-mc @ ss_27c_3.30v -- generated by sim/harness, do not edit

Doing analysis at TEMP = 27.000000 and TNOM = 27.000000

Using SPARSE 1.3 as Direct Linear Solver

No. of Data Rows : 6
voa = 4.0731251937e-05
ddc = -1.582285514e-08
dde = 1.6498501933e-08
Reset re-loads circuit * comparator-offset-mc @ ss_27c_3.30v -- generated by sim/harness, do not edit

Circuit: * comparator-offset-mc @ ss_27c_3.30v -- generated by sim/harness, do not edit

Doing analysis at TEMP = 27.000000 and TNOM = 27.000000

Using SPARSE 1.3 as Direct Linear Solver

No. of Data Rows : 6
voa = -1.922071884e-03
ddc = 3.1002664666e-07
dde = -3.042638707e-07
Reset re-loads circuit * comparator-offset-mc @ ss_27c_3.30v -- generated by sim/harness, do not edit

Circuit: * comparator-offset-mc @ ss_27c_3.30v -- generated by sim/harness, do not edit

Doing analysis at TEMP = 27.000000 and TNOM = 27.000000

Using SPARSE 1.3 as Direct Linear Solver

No. of Data Rows : 6
voa = 9.4230406563e-04
ddc = -1.739510920e-07
dde = 1.6470042693e-07
Reset re-loads circuit * comparator-offset-mc @ ss_27c_3.30v -- generated by sim/harness, do not edit

Circuit: * comparator-offset-mc @ ss_27c_3.30v -- generated by sim/harness, do not edit

Doing analysis at TEMP = 27.000000 and TNOM = 27.000000

Using SPARSE 1.3 as Direct Linear Solver

No. of Data Rows : 6
voa = 1.7854951070e-03
ddc = -3.505522662e-07
dde = 3.5045271051e-07
Reset re-loads circuit * comparator-offset-mc @ ss_27c_3.30v -- generated by sim/harness, do not edit

Circuit: * comparator-offset-mc @ ss_27c_3.30v -- generated by sim/harness, do not edit

Doing analysis at TEMP = 27.000000 and TNOM = 27.000000

Using SPARSE 1.3 as Direct Linear Solver
 Reference value :  0.00000e+00
No. of Data Rows : 6
voa = 3.0344182657e-03
ddc = -4.262619553e-07
dde = 4.1044545631e-07
Reset re-loads circuit * comparator-offset-mc @ ss_27c_3.30v -- generated by sim/harness, do not edit

Circuit: * comparator-offset-mc @ ss_27c_3.30v -- generated by sim/harness, do not edit

Doing analysis at TEMP = 27.000000 and TNOM = 27.000000

Using SPARSE 1.3 as Direct Linear Solver

No. of Data Rows : 6
voa = -3.326384409e-03
ddc = 5.1252361927e-07
dde = -4.988674749e-07
Reset re-loads circuit * comparator-offset-mc @ ss_27c_3.30v -- generated by sim/harness, do not edit

Circuit: * comparator-offset-mc @ ss_27c_3.30v -- generated by sim/harness, do not edit

Doing analysis at TEMP = 27.000000 and TNOM = 27.000000

Using SPARSE 1.3 as Direct Linear Solver

No. of Data Rows : 6
voa = -1.427036193e-03
ddc = 2.1486872122e-07
dde = -2.088023049e-07
Reset re-loads circuit * comparator-offset-mc @ ss_27c_3.30v -- generated by sim/harness, do not edit

Circuit: * comparator-offset-mc @ ss_27c_3.30v -- generated by sim/harness, do not edit

Doing analysis at TEMP = 27.000000 and TNOM = 27.000000

Using SPARSE 1.3 as Direct Linear Solver

No. of Data Rows : 6
voa = 7.4081696396e-04
ddc = -1.202969401e-07
dde = 1.0624727080e-07
Reset re-loads circuit * comparator-offset-mc @ ss_27c_3.30v -- generated by sim/harness, do not edit

Circuit: * comparator-offset-mc @ ss_27c_3.30v -- generated by sim/harness, do not edit

Doing analysis at TEMP = 27.000000 and TNOM = 27.000000

Using SPARSE 1.3 as Direct Linear Solver

No. of Data Rows : 6
voa = -1.409755873e-03
ddc = 2.3409840267e-07
dde = -2.305199137e-07
Reset re-loads circuit * comparator-offset-mc @ ss_27c_3.30v -- generated by sim/harness, do not edit

Circuit: * comparator-offset-mc @ ss_27c_3.30v -- generated by sim/harness, do not edit

Doing analysis at TEMP = 27.000000 and TNOM = 27.000000

Using SPARSE 1.3 as Direct Linear Solver

No. of Data Rows : 6
voa = 1.0377779224e-03
ddc = -1.521553723e-07
dde = 1.3107627132e-07
Reset re-loads circuit * comparator-offset-mc @ ss_27c_3.30v -- generated by sim/harness, do not edit

Circuit: * comparator-offset-mc @ ss_27c_3.30v -- generated by sim/harness, do not edit

Doing analysis at TEMP = 27.000000 and TNOM = 27.000000

Using SPARSE 1.3 as Direct Linear Solver

No. of Data Rows : 6
voa = -1.097925694e-03
ddc = 1.9814795373e-07
dde = -1.980008582e-07
Reset re-loads circuit * comparator-offset-mc @ ss_27c_3.30v -- generated by sim/harness, do not edit

Circuit: * comparator-offset-mc @ ss_27c_3.30v -- generated by sim/harness, do not edit

Doing analysis at TEMP = 27.000000 and TNOM = 27.000000

Using SPARSE 1.3 as Direct Linear Solver

No. of Data Rows : 6
voa = 1.3704229326e-04
ddc = -2.216800768e-08
dde = 1.9902328106e-08
Reset re-loads circuit * comparator-offset-mc @ ss_27c_3.30v -- generated by sim/harness, do not edit

Circuit: * comparator-offset-mc @ ss_27c_3.30v -- generated by sim/harness, do not edit

Doing analysis at TEMP = 27.000000 and TNOM = 27.000000

Using SPARSE 1.3 as Direct Linear Solver

No. of Data Rows : 6
voa = -2.083845530e-03
ddc = 3.2616653415e-07
dde = -3.083828396e-07
Reset re-loads circuit * comparator-offset-mc @ ss_27c_3.30v -- generated by sim/harness, do not edit

Circuit: * comparator-offset-mc @ ss_27c_3.30v -- generated by sim/harness, do not edit

Doing analysis at TEMP = 27.000000 and TNOM = 27.000000

Using SPARSE 1.3 as Direct Linear Solver

No. of Data Rows : 6
voa = -4.025555969e-04
ddc = 6.7472766388e-08
dde = -6.359366738e-08
Reset re-loads circuit * comparator-offset-mc @ ss_27c_3.30v -- generated by sim/harness, do not edit

Circuit: * comparator-offset-mc @ ss_27c_3.30v -- generated by sim/harness, do not edit

Doing analysis at TEMP = 27.000000 and TNOM = 27.000000

Using SPARSE 1.3 as Direct Linear Solver

No. of Data Rows : 6
voa = -2.884926560e-03
ddc = 4.2269872045e-07
dde = -4.005427977e-07
Reset re-loads circuit * comparator-offset-mc @ ss_27c_3.30v -- generated by sim/harness, do not edit

Circuit: * comparator-offset-mc @ ss_27c_3.30v -- generated by sim/harness, do not edit

Doing analysis at TEMP = 27.000000 and TNOM = 27.000000

Using SPARSE 1.3 as Direct Linear Solver

No. of Data Rows : 6
voa = 6.3385703560e-05
ddc = -1.370202847e-08
dde = 1.3323953518e-08
Reset re-loads circuit * comparator-offset-mc @ ss_27c_3.30v -- generated by sim/harness, do not edit

Circuit: * comparator-offset-mc @ ss_27c_3.30v -- generated by sim/harness, do not edit

Doing analysis at TEMP = 27.000000 and TNOM = 27.000000

Using SPARSE 1.3 as Direct Linear Solver

No. of Data Rows : 6
voa = -3.389235137e-04
ddc = 9.7864921856e-09
dde = 1.1600488653e-09
Reset re-loads circuit * comparator-offset-mc @ ss_27c_3.30v -- generated by sim/harness, do not edit

Circuit: * comparator-offset-mc @ ss_27c_3.30v -- generated by sim/harness, do not edit

Doing analysis at TEMP = 27.000000 and TNOM = 27.000000

Using SPARSE 1.3 as Direct Linear Solver

No. of Data Rows : 6
voa = -4.695392519e-04
ddc = 4.9467440420e-08
dde = -4.597992620e-08
Reset re-loads circuit * comparator-offset-mc @ ss_27c_3.30v -- generated by sim/harness, do not edit

Circuit: * comparator-offset-mc @ ss_27c_3.30v -- generated by sim/harness, do not edit

Doing analysis at TEMP = 27.000000 and TNOM = 27.000000

Using SPARSE 1.3 as Direct Linear Solver

No. of Data Rows : 6
voa = 1.1692876778e-03
ddc = -1.898588149e-07
dde = 1.8656866802e-07
Reset re-loads circuit * comparator-offset-mc @ ss_27c_3.30v -- generated by sim/harness, do not edit

Circuit: * comparator-offset-mc @ ss_27c_3.30v -- generated by sim/harness, do not edit

Doing analysis at TEMP = 27.000000 and TNOM = 27.000000

Using SPARSE 1.3 as Direct Linear Solver

No. of Data Rows : 6
voa = 2.9063167089e-03
ddc = -4.730527227e-07
dde = 4.2123808933e-07
Reset re-loads circuit * comparator-offset-mc @ ss_27c_3.30v -- generated by sim/harness, do not edit

Circuit: * comparator-offset-mc @ ss_27c_3.30v -- generated by sim/harness, do not edit

Doing analysis at TEMP = 27.000000 and TNOM = 27.000000

Using SPARSE 1.3 as Direct Linear Solver

No. of Data Rows : 6
voa = 1.1190737513e-03
ddc = -1.650614789e-07
dde = 1.3797388969e-07
Reset re-loads circuit * comparator-offset-mc @ ss_27c_3.30v -- generated by sim/harness, do not edit

Circuit: * comparator-offset-mc @ ss_27c_3.30v -- generated by sim/harness, do not edit

Doing analysis at TEMP = 27.000000 and TNOM = 27.000000

Using SPARSE 1.3 as Direct Linear Solver

No. of Data Rows : 6
voa = 8.7025831192e-05
ddc = -1.679721911e-08
dde = 1.6312652686e-08
Reset re-loads circuit * comparator-offset-mc @ ss_27c_3.30v -- generated by sim/harness, do not edit

Circuit: * comparator-offset-mc @ ss_27c_3.30v -- generated by sim/harness, do not edit

Doing analysis at TEMP = 27.000000 and TNOM = 27.000000

Using SPARSE 1.3 as Direct Linear Solver

No. of Data Rows : 6
voa = -3.024321575e-04
ddc = 5.4786798286e-08
dde = -5.178884028e-08
Reset re-loads circuit * comparator-offset-mc @ ss_27c_3.30v -- generated by sim/harness, do not edit

Circuit: * comparator-offset-mc @ ss_27c_3.30v -- generated by sim/harness, do not edit

Doing analysis at TEMP = 27.000000 and TNOM = 27.000000

Using SPARSE 1.3 as Direct Linear Solver

No. of Data Rows : 6
voa = -3.025128535e-03
ddc = 4.8264145880e-07
dde = -4.710529044e-07
Reset re-loads circuit * comparator-offset-mc @ ss_27c_3.30v -- generated by sim/harness, do not edit

Circuit: * comparator-offset-mc @ ss_27c_3.30v -- generated by sim/harness, do not edit

Doing analysis at TEMP = 27.000000 and TNOM = 27.000000

Using SPARSE 1.3 as Direct Linear Solver

No. of Data Rows : 6
voa = 2.0036069200e-05
ddc = 6.3312926910e-09
dde = -8.112644428e-09
Reset re-loads circuit * comparator-offset-mc @ ss_27c_3.30v -- generated by sim/harness, do not edit

Circuit: * comparator-offset-mc @ ss_27c_3.30v -- generated by sim/harness, do not edit

Doing analysis at TEMP = 27.000000 and TNOM = 27.000000

Using SPARSE 1.3 as Direct Linear Solver

No. of Data Rows : 6
voa = -4.713689308e-04
ddc = 9.5185174749e-08
dde = -9.516891031e-08
Reset re-loads circuit * comparator-offset-mc @ ss_27c_3.30v -- generated by sim/harness, do not edit

Circuit: * comparator-offset-mc @ ss_27c_3.30v -- generated by sim/harness, do not edit

Doing analysis at TEMP = 27.000000 and TNOM = 27.000000

Using SPARSE 1.3 as Direct Linear Solver

No. of Data Rows : 6
voa = -1.661177300e-03
ddc = 2.5985932548e-07
dde = -2.424729639e-07
Reset re-loads circuit * comparator-offset-mc @ ss_27c_3.30v -- generated by sim/harness, do not edit

Circuit: * comparator-offset-mc @ ss_27c_3.30v -- generated by sim/harness, do not edit

Doing analysis at TEMP = 27.000000 and TNOM = 27.000000

Using SPARSE 1.3 as Direct Linear Solver

No. of Data Rows : 6
voa = 2.1439560521e-03
ddc = -3.694989632e-07
dde = 3.2008824719e-07
Reset re-loads circuit * comparator-offset-mc @ ss_27c_3.30v -- generated by sim/harness, do not edit

Circuit: * comparator-offset-mc @ ss_27c_3.30v -- generated by sim/harness, do not edit

Doing analysis at TEMP = 27.000000 and TNOM = 27.000000

Using SPARSE 1.3 as Direct Linear Solver

No. of Data Rows : 6
voa = -1.224615955e-04
ddc = 3.2961448695e-09
dde = 6.3472315527e-10
Reset re-loads circuit * comparator-offset-mc @ ss_27c_3.30v -- generated by sim/harness, do not edit

Circuit: * comparator-offset-mc @ ss_27c_3.30v -- generated by sim/harness, do not edit

Doing analysis at TEMP = 27.000000 and TNOM = 27.000000

Using SPARSE 1.3 as Direct Linear Solver

No. of Data Rows : 6
voa = 5.4651645390e-04
ddc = -3.422974037e-08
dde = 1.8093482677e-08
Reset re-loads circuit * comparator-offset-mc @ ss_27c_3.30v -- generated by sim/harness, do not edit

Circuit: * comparator-offset-mc @ ss_27c_3.30v -- generated by sim/harness, do not edit

Doing analysis at TEMP = 27.000000 and TNOM = 27.000000

Using SPARSE 1.3 as Direct Linear Solver

No. of Data Rows : 6
voa = -9.605605212e-04
ddc = 1.6563697053e-07
dde = -1.598733749e-07
Reset re-loads circuit * comparator-offset-mc @ ss_27c_3.30v -- generated by sim/harness, do not edit

Circuit: * comparator-offset-mc @ ss_27c_3.30v -- generated by sim/harness, do not edit

Doing analysis at TEMP = 27.000000 and TNOM = 27.000000

Using SPARSE 1.3 as Direct Linear Solver

No. of Data Rows : 6
voa = -4.401794725e-04
ddc = 2.4606327828e-08
dde = -8.983518446e-09
Reset re-loads circuit * comparator-offset-mc @ ss_27c_3.30v -- generated by sim/harness, do not edit

Circuit: * comparator-offset-mc @ ss_27c_3.30v -- generated by sim/harness, do not edit

Doing analysis at TEMP = 27.000000 and TNOM = 27.000000

Using SPARSE 1.3 as Direct Linear Solver

No. of Data Rows : 6
voa = 1.4502083886e-03
ddc = -2.357500028e-07
dde = 2.0694218778e-07
Reset re-loads circuit * comparator-offset-mc @ ss_27c_3.30v -- generated by sim/harness, do not edit

Circuit: * comparator-offset-mc @ ss_27c_3.30v -- generated by sim/harness, do not edit

Doing analysis at TEMP = 27.000000 and TNOM = 27.000000

Using SPARSE 1.3 as Direct Linear Solver

No. of Data Rows : 6
voa = -2.278373750e-04
ddc = 3.3418721543e-08
dde = -3.052066173e-08
Reset re-loads circuit * comparator-offset-mc @ ss_27c_3.30v -- generated by sim/harness, do not edit

Circuit: * comparator-offset-mc @ ss_27c_3.30v -- generated by sim/harness, do not edit

Doing analysis at TEMP = 27.000000 and TNOM = 27.000000

Using SPARSE 1.3 as Direct Linear Solver
 Reference value :  0.00000e+00
No. of Data Rows : 6
voa = -5.918784682e-06
ddc = -2.711124384e-08
dde = 3.3600118346e-08
Reset re-loads circuit * comparator-offset-mc @ ss_27c_3.30v -- generated by sim/harness, do not edit

Circuit: * comparator-offset-mc @ ss_27c_3.30v -- generated by sim/harness, do not edit

Doing analysis at TEMP = 27.000000 and TNOM = 27.000000

Using SPARSE 1.3 as Direct Linear Solver

No. of Data Rows : 6
voa = 5.4631483349e-04
ddc = -9.822657763e-08
dde = 8.8531832071e-08
Reset re-loads circuit * comparator-offset-mc @ ss_27c_3.30v -- generated by sim/harness, do not edit

Circuit: * comparator-offset-mc @ ss_27c_3.30v -- generated by sim/harness, do not edit

Doing analysis at TEMP = 27.000000 and TNOM = 27.000000

Using SPARSE 1.3 as Direct Linear Solver

No. of Data Rows : 6
voa = -2.136659926e-03
ddc = 3.5101104935e-07
dde = -3.454888580e-07
Reset re-loads circuit * comparator-offset-mc @ ss_27c_3.30v -- generated by sim/harness, do not edit

Circuit: * comparator-offset-mc @ ss_27c_3.30v -- generated by sim/harness, do not edit

Doing analysis at TEMP = 27.000000 and TNOM = 27.000000

Using SPARSE 1.3 as Direct Linear Solver

No. of Data Rows : 6
voa = -1.575081523e-03
ddc = 2.3910531779e-07
dde = -2.324665446e-07
Reset re-loads circuit * comparator-offset-mc @ ss_27c_3.30v -- generated by sim/harness, do not edit

Circuit: * comparator-offset-mc @ ss_27c_3.30v -- generated by sim/harness, do not edit

Doing analysis at TEMP = 27.000000 and TNOM = 27.000000

Using SPARSE 1.3 as Direct Linear Solver

No. of Data Rows : 6
voa = -5.382668790e-04
ddc = 1.1574022333e-07
dde = -1.157576784e-07
Reset re-loads circuit * comparator-offset-mc @ ss_27c_3.30v -- generated by sim/harness, do not edit

Circuit: * comparator-offset-mc @ ss_27c_3.30v -- generated by sim/harness, do not edit

Doing analysis at TEMP = 27.000000 and TNOM = 27.000000

Using SPARSE 1.3 as Direct Linear Solver

No. of Data Rows : 6
voa = -3.973471024e-03
ddc = 6.3005901650e-07
dde = -6.165469985e-07
Reset re-loads circuit * comparator-offset-mc @ ss_27c_3.30v -- generated by sim/harness, do not edit

Circuit: * comparator-offset-mc @ ss_27c_3.30v -- generated by sim/harness, do not edit

Doing analysis at TEMP = 27.000000 and TNOM = 27.000000

Using SPARSE 1.3 as Direct Linear Solver

No. of Data Rows : 6
voa = -1.124436777e-03
ddc = 1.5523324588e-07
dde = -1.488255510e-07
Reset re-loads circuit * comparator-offset-mc @ ss_27c_3.30v -- generated by sim/harness, do not edit

Circuit: * comparator-offset-mc @ ss_27c_3.30v -- generated by sim/harness, do not edit

Doing analysis at TEMP = 27.000000 and TNOM = 27.000000

Using SPARSE 1.3 as Direct Linear Solver

No. of Data Rows : 6
voa = 1.3265287123e-04
ddc = -5.192894808e-08
dde = 5.5403172763e-08
Reset re-loads circuit * comparator-offset-mc @ ss_27c_3.30v -- generated by sim/harness, do not edit

Circuit: * comparator-offset-mc @ ss_27c_3.30v -- generated by sim/harness, do not edit

Doing analysis at TEMP = 27.000000 and TNOM = 27.000000

Using SPARSE 1.3 as Direct Linear Solver

No. of Data Rows : 6
voa = 8.0526306400e-04
ddc = -1.422603902e-07
dde = 1.3049398348e-07
Reset re-loads circuit * comparator-offset-mc @ ss_27c_3.30v -- generated by sim/harness, do not edit

Circuit: * comparator-offset-mc @ ss_27c_3.30v -- generated by sim/harness, do not edit

Doing analysis at TEMP = 27.000000 and TNOM = 27.000000

Using SPARSE 1.3 as Direct Linear Solver

No. of Data Rows : 6
voa = -2.494866215e-04
ddc = 6.5293369927e-08
dde = -6.744045562e-08
Reset re-loads circuit * comparator-offset-mc @ ss_27c_3.30v -- generated by sim/harness, do not edit

Circuit: * comparator-offset-mc @ ss_27c_3.30v -- generated by sim/harness, do not edit

Doing analysis at TEMP = 27.000000 and TNOM = 27.000000

Using SPARSE 1.3 as Direct Linear Solver

No. of Data Rows : 6
voa = -1.487139075e-03
ddc = 2.2824183736e-07
dde = -2.123559039e-07
Reset re-loads circuit * comparator-offset-mc @ ss_27c_3.30v -- generated by sim/harness, do not edit

Circuit: * comparator-offset-mc @ ss_27c_3.30v -- generated by sim/harness, do not edit

Doing analysis at TEMP = 27.000000 and TNOM = 27.000000

Using SPARSE 1.3 as Direct Linear Solver

No. of Data Rows : 6
voa = 6.9333114059e-04
ddc = -1.331329241e-07
dde = 1.2562662431e-07
Reset re-loads circuit * comparator-offset-mc @ ss_27c_3.30v -- generated by sim/harness, do not edit

Circuit: * comparator-offset-mc @ ss_27c_3.30v -- generated by sim/harness, do not edit

Doing analysis at TEMP = 27.000000 and TNOM = 27.000000

Using SPARSE 1.3 as Direct Linear Solver

No. of Data Rows : 6
voa = -2.245181229e-03
ddc = 2.6462291384e-07
dde = -2.439760403e-07
Reset re-loads circuit * comparator-offset-mc @ ss_27c_3.30v -- generated by sim/harness, do not edit

Circuit: * comparator-offset-mc @ ss_27c_3.30v -- generated by sim/harness, do not edit

Doing analysis at TEMP = 27.000000 and TNOM = 27.000000

Using SPARSE 1.3 as Direct Linear Solver

No. of Data Rows : 6
voa = -2.771880458e-03
ddc = 3.7941394038e-07
dde = -3.623802391e-07
Reset re-loads circuit * comparator-offset-mc @ ss_27c_3.30v -- generated by sim/harness, do not edit

Circuit: * comparator-offset-mc @ ss_27c_3.30v -- generated by sim/harness, do not edit

Doing analysis at TEMP = 27.000000 and TNOM = 27.000000

Using SPARSE 1.3 as Direct Linear Solver

No. of Data Rows : 6
voa = 2.7376503178e-03
ddc = -4.116711748e-07
dde = 3.4425728899e-07
Reset re-loads circuit * comparator-offset-mc @ ss_27c_3.30v -- generated by sim/harness, do not edit

Circuit: * comparator-offset-mc @ ss_27c_3.30v -- generated by sim/harness, do not edit

Doing analysis at TEMP = 27.000000 and TNOM = 27.000000

Using SPARSE 1.3 as Direct Linear Solver

No. of Data Rows : 6
voa = 3.9568959184e-05
ddc = -4.099960788e-09
dde = 3.1926811845e-09
Reset re-loads circuit * comparator-offset-mc @ ss_27c_3.30v -- generated by sim/harness, do not edit

Circuit: * comparator-offset-mc @ ss_27c_3.30v -- generated by sim/harness, do not edit

Doing analysis at TEMP = 27.000000 and TNOM = 27.000000

Using SPARSE 1.3 as Direct Linear Solver

No. of Data Rows : 6
voa = -1.067321061e-03
ddc = 1.9262825613e-07
dde = -1.840683901e-07
Reset re-loads circuit * comparator-offset-mc @ ss_27c_3.30v -- generated by sim/harness, do not edit

Circuit: * comparator-offset-mc @ ss_27c_3.30v -- generated by sim/harness, do not edit

Doing analysis at TEMP = 27.000000 and TNOM = 27.000000

Using SPARSE 1.3 as Direct Linear Solver

No. of Data Rows : 6
voa = -7.082878787e-04
ddc = 8.2514053023e-08
dde = -7.612665850e-08
Reset re-loads circuit * comparator-offset-mc @ ss_27c_3.30v -- generated by sim/harness, do not edit

Circuit: * comparator-offset-mc @ ss_27c_3.30v -- generated by sim/harness, do not edit

Doing analysis at TEMP = 27.000000 and TNOM = 27.000000

Using SPARSE 1.3 as Direct Linear Solver

No. of Data Rows : 6
voa = -1.838650409e-03
ddc = 2.9502756082e-07
dde = -2.822901074e-07
Reset re-loads circuit * comparator-offset-mc @ ss_27c_3.30v -- generated by sim/harness, do not edit

Circuit: * comparator-offset-mc @ ss_27c_3.30v -- generated by sim/harness, do not edit

Doing analysis at TEMP = 27.000000 and TNOM = 27.000000

Using SPARSE 1.3 as Direct Linear Solver

No. of Data Rows : 6
voa = -7.773221802e-04
ddc = 1.0415238301e-07
dde = -1.002284340e-07
m_n_samples = 2.0000000000e+02
m_sig_vos_mv = 1.6357740885e+00
m_vos_3sig_mv = 4.9073222656e+00
m_mean_vos_uv = -5.610718937e+01
m_mean_vos_sem = -4.850764461e-01
m_sig_dvos_dn_uv = 2.5469759438e-01
m_sig_dvos_up_uv = 2.3803866316e-01
m_mean_dvos_dn_uv = 9.0677831025e-03
m_mean_dvos_up_uv = -1.391797938e-02
m_av_mean = 1.0826773708e+01
m_av_sigma_pct = 2.4758404729e+00
m_sig_rpair_uv = 0.0000000000e+00
m_vbias_anchor_mv = 8.7618921809e+02
Note: Simulation executed from .control section 

