
Note: No compatibility mode selected!


Circuit: * comparator-offset-mc @ tt_-40c_3.63v -- generated by sim/harness, do not edit

Reset re-loads circuit * comparator-offset-mc @ tt_-40c_3.63v -- generated by sim/harness, do not edit

Circuit: * comparator-offset-mc @ tt_-40c_3.63v -- generated by sim/harness, do not edit

Doing analysis at TEMP = -40.000000 and TNOM = 27.000000

Using SPARSE 1.3 as Direct Linear Solver

No. of Data Rows : 6
voa = 1.4921636004e-03
ddc = -2.903836240e-07
dde = 2.8433909290e-07
Reset re-loads circuit * comparator-offset-mc @ tt_-40c_3.63v -- generated by sim/harness, do not edit

Circuit: * comparator-offset-mc @ tt_-40c_3.63v -- generated by sim/harness, do not edit

Doing analysis at TEMP = -40.000000 and TNOM = 27.000000

Using SPARSE 1.3 as Direct Linear Solver

No. of Data Rows : 6
voa = 1.4274705852e-03
ddc = -2.723101037e-07
dde = 2.6274436302e-07
Reset re-loads circuit * comparator-offset-mc @ tt_-40c_3.63v -- generated by sim/harness, do not edit

Circuit: * comparator-offset-mc @ tt_-40c_3.63v -- generated by sim/harness, do not edit

Doing analysis at TEMP = -40.000000 and TNOM = 27.000000

Using SPARSE 1.3 as Direct Linear Solver

No. of Data Rows : 6
voa = -1.003835741e-03
ddc = 1.9102899513e-07
dde = -1.844093979e-07
Reset re-loads circuit * comparator-offset-mc @ tt_-40c_3.63v -- generated by sim/harness, do not edit

Circuit: * comparator-offset-mc @ tt_-40c_3.63v -- generated by sim/harness, do not edit

Doing analysis at TEMP = -40.000000 and TNOM = 27.000000

Using SPARSE 1.3 as Direct Linear Solver

No. of Data Rows : 6
voa = 2.8193201425e-04
ddc = -5.500648487e-08
dde = 5.3579059202e-08
Reset re-loads circuit * comparator-offset-mc @ tt_-40c_3.63v -- generated by sim/harness, do not edit

Circuit: * comparator-offset-mc @ tt_-40c_3.63v -- generated by sim/harness, do not edit

Doing analysis at TEMP = -40.000000 and TNOM = 27.000000

Using SPARSE 1.3 as Direct Linear Solver

No. of Data Rows : 6
voa = -4.307704043e-04
ddc = 8.1375465986e-08
dde = -7.926051968e-08
Reset re-loads circuit * comparator-offset-mc @ tt_-40c_3.63v -- generated by sim/harness, do not edit

Circuit: * comparator-offset-mc @ tt_-40c_3.63v -- generated by sim/harness, do not edit

Doing analysis at TEMP = -40.000000 and TNOM = 27.000000

Using SPARSE 1.3 as Direct Linear Solver

No. of Data Rows : 6
voa = 1.8401489012e-03
ddc = -3.488412361e-07
dde = 3.3627722639e-07
Reset re-loads circuit * comparator-offset-mc @ tt_-40c_3.63v -- generated by sim/harness, do not edit

Circuit: * comparator-offset-mc @ tt_-40c_3.63v -- generated by sim/harness, do not edit

Doing analysis at TEMP = -40.000000 and TNOM = 27.000000

Using SPARSE 1.3 as Direct Linear Solver

No. of Data Rows : 6
voa = 1.8617725678e-03
ddc = -3.559304077e-07
dde = 3.4311142018e-07
Reset re-loads circuit * comparator-offset-mc @ tt_-40c_3.63v -- generated by sim/harness, do not edit

Circuit: * comparator-offset-mc @ tt_-40c_3.63v -- generated by sim/harness, do not edit

Doing analysis at TEMP = -40.000000 and TNOM = 27.000000

Using SPARSE 1.3 as Direct Linear Solver

No. of Data Rows : 6
voa = -1.517517098e-04
ddc = 3.0060317624e-08
dde = -3.028622481e-08
Reset re-loads circuit * comparator-offset-mc @ tt_-40c_3.63v -- generated by sim/harness, do not edit

Circuit: * comparator-offset-mc @ tt_-40c_3.63v -- generated by sim/harness, do not edit

Doing analysis at TEMP = -40.000000 and TNOM = 27.000000

Using SPARSE 1.3 as Direct Linear Solver

No. of Data Rows : 6
voa = 1.2571794969e-03
ddc = -2.333379773e-07
dde = 2.2320189884e-07
Reset re-loads circuit * comparator-offset-mc @ tt_-40c_3.63v -- generated by sim/harness, do not edit

Circuit: * comparator-offset-mc @ tt_-40c_3.63v -- generated by sim/harness, do not edit

Doing analysis at TEMP = -40.000000 and TNOM = 27.000000

Using SPARSE 1.3 as Direct Linear Solver

No. of Data Rows : 6
voa = -6.831128023e-04
ddc = 1.2732073811e-07
dde = -1.203508657e-07
Reset re-loads circuit * comparator-offset-mc @ tt_-40c_3.63v -- generated by sim/harness, do not edit

Circuit: * comparator-offset-mc @ tt_-40c_3.63v -- generated by sim/harness, do not edit

Doing analysis at TEMP = -40.000000 and TNOM = 27.000000

Using SPARSE 1.3 as Direct Linear Solver

No. of Data Rows : 6
voa = -3.554040999e-03
ddc = 6.7710957144e-07
dde = -6.633761858e-07
Reset re-loads circuit * comparator-offset-mc @ tt_-40c_3.63v -- generated by sim/harness, do not edit

Circuit: * comparator-offset-mc @ tt_-40c_3.63v -- generated by sim/harness, do not edit

Doing analysis at TEMP = -40.000000 and TNOM = 27.000000

Using SPARSE 1.3 as Direct Linear Solver

No. of Data Rows : 6
voa = -7.108998326e-04
ddc = 1.3719981537e-07
dde = -1.351592020e-07
Reset re-loads circuit * comparator-offset-mc @ tt_-40c_3.63v -- generated by sim/harness, do not edit

Circuit: * comparator-offset-mc @ tt_-40c_3.63v -- generated by sim/harness, do not edit

Doing analysis at TEMP = -40.000000 and TNOM = 27.000000

Using SPARSE 1.3 as Direct Linear Solver

No. of Data Rows : 6
voa = -5.834448358e-04
ddc = 1.1301498342e-07
dde = -1.110936274e-07
Reset re-loads circuit * comparator-offset-mc @ tt_-40c_3.63v -- generated by sim/harness, do not edit

Circuit: * comparator-offset-mc @ tt_-40c_3.63v -- generated by sim/harness, do not edit

Doing analysis at TEMP = -40.000000 and TNOM = 27.000000

Using SPARSE 1.3 as Direct Linear Solver

No. of Data Rows : 6
voa = -3.401211617e-04
ddc = 6.6703439580e-08
dde = -6.489221442e-08
Reset re-loads circuit * comparator-offset-mc @ tt_-40c_3.63v -- generated by sim/harness, do not edit

Circuit: * comparator-offset-mc @ tt_-40c_3.63v -- generated by sim/harness, do not edit

Doing analysis at TEMP = -40.000000 and TNOM = 27.000000

Using SPARSE 1.3 as Direct Linear Solver

No. of Data Rows : 6
voa = 3.4580842092e-03
ddc = -6.782779618e-07
dde = 6.5843901050e-07
Reset re-loads circuit * comparator-offset-mc @ tt_-40c_3.63v -- generated by sim/harness, do not edit

Circuit: * comparator-offset-mc @ tt_-40c_3.63v -- generated by sim/harness, do not edit

Doing analysis at TEMP = -40.000000 and TNOM = 27.000000

Using SPARSE 1.3 as Direct Linear Solver

No. of Data Rows : 6
voa = -5.915626690e-04
ddc = 1.1338131929e-07
dde = -1.115872897e-07
Reset re-loads circuit * comparator-offset-mc @ tt_-40c_3.63v -- generated by sim/harness, do not edit

Circuit: * comparator-offset-mc @ tt_-40c_3.63v -- generated by sim/harness, do not edit

Doing analysis at TEMP = -40.000000 and TNOM = 27.000000

Using SPARSE 1.3 as Direct Linear Solver

No. of Data Rows : 6
voa = -1.326197839e-03
ddc = 2.5598577589e-07
dde = -2.519415903e-07
Reset re-loads circuit * comparator-offset-mc @ tt_-40c_3.63v -- generated by sim/harness, do not edit

Circuit: * comparator-offset-mc @ tt_-40c_3.63v -- generated by sim/harness, do not edit

Doing analysis at TEMP = -40.000000 and TNOM = 27.000000

Using SPARSE 1.3 as Direct Linear Solver

No. of Data Rows : 6
voa = 5.3034296118e-04
ddc = -1.031998741e-07
dde = 1.0085532567e-07
Reset re-loads circuit * comparator-offset-mc @ tt_-40c_3.63v -- generated by sim/harness, do not edit

Circuit: * comparator-offset-mc @ tt_-40c_3.63v -- generated by sim/harness, do not edit

Doing analysis at TEMP = -40.000000 and TNOM = 27.000000

Using SPARSE 1.3 as Direct Linear Solver

No. of Data Rows : 6
voa = -1.818566150e-03
ddc = 3.5058606291e-07
dde = -3.444561187e-07
Reset re-loads circuit * comparator-offset-mc @ tt_-40c_3.63v -- generated by sim/harness, do not edit

Circuit: * comparator-offset-mc @ tt_-40c_3.63v -- generated by sim/harness, do not edit

Doing analysis at TEMP = -40.000000 and TNOM = 27.000000

Using SPARSE 1.3 as Direct Linear Solver

No. of Data Rows : 6
voa = -1.467591362e-03
ddc = 2.8020152107e-07
dde = -2.721559746e-07
Reset re-loads circuit * comparator-offset-mc @ tt_-40c_3.63v -- generated by sim/harness, do not edit

Circuit: * comparator-offset-mc @ tt_-40c_3.63v -- generated by sim/harness, do not edit

Doing analysis at TEMP = -40.000000 and TNOM = 27.000000

Using SPARSE 1.3 as Direct Linear Solver

No. of Data Rows : 6
voa = -2.183144745e-03
ddc = 4.1508232950e-07
dde = -4.014386096e-07
Reset re-loads circuit * comparator-offset-mc @ tt_-40c_3.63v -- generated by sim/harness, do not edit

Circuit: * comparator-offset-mc @ tt_-40c_3.63v -- generated by sim/harness, do not edit

Doing analysis at TEMP = -40.000000 and TNOM = 27.000000

Using SPARSE 1.3 as Direct Linear Solver

No. of Data Rows : 6
voa = -1.552020043e-03
ddc = 2.9727716780e-07
dde = -2.896569267e-07
Reset re-loads circuit * comparator-offset-mc @ tt_-40c_3.63v -- generated by sim/harness, do not edit

Circuit: * comparator-offset-mc @ tt_-40c_3.63v -- generated by sim/harness, do not edit

Doing analysis at TEMP = -40.000000 and TNOM = 27.000000

Using SPARSE 1.3 as Direct Linear Solver

No. of Data Rows : 6
voa = 1.4932588773e-03
ddc = -2.851060910e-07
dde = 2.7083656366e-07
Reset re-loads circuit * comparator-offset-mc @ tt_-40c_3.63v -- generated by sim/harness, do not edit

Circuit: * comparator-offset-mc @ tt_-40c_3.63v -- generated by sim/harness, do not edit

Doing analysis at TEMP = -40.000000 and TNOM = 27.000000

Using SPARSE 1.3 as Direct Linear Solver

No. of Data Rows : 6
voa = 1.0244472353e-03
ddc = -2.003491150e-07
dde = 1.9467488623e-07
Reset re-loads circuit * comparator-offset-mc @ tt_-40c_3.63v -- generated by sim/harness, do not edit

Circuit: * comparator-offset-mc @ tt_-40c_3.63v -- generated by sim/harness, do not edit

Doing analysis at TEMP = -40.000000 and TNOM = 27.000000

Using SPARSE 1.3 as Direct Linear Solver

No. of Data Rows : 6
voa = -1.445607369e-03
ddc = 2.7539714888e-07
dde = -2.696697452e-07
Reset re-loads circuit * comparator-offset-mc @ tt_-40c_3.63v -- generated by sim/harness, do not edit

Circuit: * comparator-offset-mc @ tt_-40c_3.63v -- generated by sim/harness, do not edit

Doing analysis at TEMP = -40.000000 and TNOM = 27.000000

Using SPARSE 1.3 as Direct Linear Solver

No. of Data Rows : 6
voa = 8.3539479078e-04
ddc = -1.612475744e-07
dde = 1.5211476250e-07
Reset re-loads circuit * comparator-offset-mc @ tt_-40c_3.63v -- generated by sim/harness, do not edit

Circuit: * comparator-offset-mc @ tt_-40c_3.63v -- generated by sim/harness, do not edit

Doing analysis at TEMP = -40.000000 and TNOM = 27.000000

Using SPARSE 1.3 as Direct Linear Solver

No. of Data Rows : 6
voa = 9.1514332808e-04
ddc = -1.702471307e-07
dde = 1.6061587174e-07
Reset re-loads circuit * comparator-offset-mc @ tt_-40c_3.63v -- generated by sim/harness, do not edit

Circuit: * comparator-offset-mc @ tt_-40c_3.63v -- generated by sim/harness, do not edit

Doing analysis at TEMP = -40.000000 and TNOM = 27.000000

Using SPARSE 1.3 as Direct Linear Solver

No. of Data Rows : 6
voa = 2.3734970334e-03
ddc = -4.561454207e-07
dde = 4.3563893255e-07
Reset re-loads circuit * comparator-offset-mc @ tt_-40c_3.63v -- generated by sim/harness, do not edit

Circuit: * comparator-offset-mc @ tt_-40c_3.63v -- generated by sim/harness, do not edit

Doing analysis at TEMP = -40.000000 and TNOM = 27.000000

Using SPARSE 1.3 as Direct Linear Solver

No. of Data Rows : 6
voa = 1.7679821605e-03
ddc = -3.352926642e-07
dde = 3.2470659378e-07
Reset re-loads circuit * comparator-offset-mc @ tt_-40c_3.63v -- generated by sim/harness, do not edit

Circuit: * comparator-offset-mc @ tt_-40c_3.63v -- generated by sim/harness, do not edit

Doing analysis at TEMP = -40.000000 and TNOM = 27.000000

Using SPARSE 1.3 as Direct Linear Solver

No. of Data Rows : 6
voa = 2.8262471710e-04
ddc = -5.612484716e-08
dde = 5.6364001764e-08
Reset re-loads circuit * comparator-offset-mc @ tt_-40c_3.63v -- generated by sim/harness, do not edit

Circuit: * comparator-offset-mc @ tt_-40c_3.63v -- generated by sim/harness, do not edit

Doing analysis at TEMP = -40.000000 and TNOM = 27.000000

Using SPARSE 1.3 as Direct Linear Solver

No. of Data Rows : 6
voa = 1.7962996085e-03
ddc = -3.457907082e-07
dde = 3.3372482906e-07
Reset re-loads circuit * comparator-offset-mc @ tt_-40c_3.63v -- generated by sim/harness, do not edit

Circuit: * comparator-offset-mc @ tt_-40c_3.63v -- generated by sim/harness, do not edit

Doing analysis at TEMP = -40.000000 and TNOM = 27.000000

Using SPARSE 1.3 as Direct Linear Solver

No. of Data Rows : 6
voa = -1.125166145e-03
ddc = 2.1334230553e-07
dde = -2.092800324e-07
Reset re-loads circuit * comparator-offset-mc @ tt_-40c_3.63v -- generated by sim/harness, do not edit

Circuit: * comparator-offset-mc @ tt_-40c_3.63v -- generated by sim/harness, do not edit

Doing analysis at TEMP = -40.000000 and TNOM = 27.000000

Using SPARSE 1.3 as Direct Linear Solver

No. of Data Rows : 6
voa = 9.1087988397e-04
ddc = -1.789993942e-07
dde = 1.7840375101e-07
Reset re-loads circuit * comparator-offset-mc @ tt_-40c_3.63v -- generated by sim/harness, do not edit

Circuit: * comparator-offset-mc @ tt_-40c_3.63v -- generated by sim/harness, do not edit

Doing analysis at TEMP = -40.000000 and TNOM = 27.000000

Using SPARSE 1.3 as Direct Linear Solver

No. of Data Rows : 6
voa = 1.5327575553e-03
ddc = -2.983087810e-07
dde = 2.8586410390e-07
Reset re-loads circuit * comparator-offset-mc @ tt_-40c_3.63v -- generated by sim/harness, do not edit

Circuit: * comparator-offset-mc @ tt_-40c_3.63v -- generated by sim/harness, do not edit

Doing analysis at TEMP = -40.000000 and TNOM = 27.000000

Using SPARSE 1.3 as Direct Linear Solver

No. of Data Rows : 6
voa = -1.898360188e-03
ddc = 3.6504678641e-07
dde = -3.529448096e-07
Reset re-loads circuit * comparator-offset-mc @ tt_-40c_3.63v -- generated by sim/harness, do not edit

Circuit: * comparator-offset-mc @ tt_-40c_3.63v -- generated by sim/harness, do not edit

Doing analysis at TEMP = -40.000000 and TNOM = 27.000000

Using SPARSE 1.3 as Direct Linear Solver

No. of Data Rows : 6
voa = -9.392366759e-05
ddc = 1.8074544538e-08
dde = -1.751047811e-08
Reset re-loads circuit * comparator-offset-mc @ tt_-40c_3.63v -- generated by sim/harness, do not edit

Circuit: * comparator-offset-mc @ tt_-40c_3.63v -- generated by sim/harness, do not edit

Doing analysis at TEMP = -40.000000 and TNOM = 27.000000

Using SPARSE 1.3 as Direct Linear Solver

No. of Data Rows : 6
voa = 1.6932588361e-03
ddc = -3.260338441e-07
dde = 3.1812178533e-07
Reset re-loads circuit * comparator-offset-mc @ tt_-40c_3.63v -- generated by sim/harness, do not edit

Circuit: * comparator-offset-mc @ tt_-40c_3.63v -- generated by sim/harness, do not edit

Doing analysis at TEMP = -40.000000 and TNOM = 27.000000

Using SPARSE 1.3 as Direct Linear Solver

No. of Data Rows : 6
voa = 7.4699064828e-04
ddc = -1.455553088e-07
dde = 1.4208181347e-07
Reset re-loads circuit * comparator-offset-mc @ tt_-40c_3.63v -- generated by sim/harness, do not edit

Circuit: * comparator-offset-mc @ tt_-40c_3.63v -- generated by sim/harness, do not edit

Doing analysis at TEMP = -40.000000 and TNOM = 27.000000

Using SPARSE 1.3 as Direct Linear Solver

No. of Data Rows : 6
voa = 1.8719975535e-03
ddc = -3.499197626e-07
dde = 3.3495767027e-07
Reset re-loads circuit * comparator-offset-mc @ tt_-40c_3.63v -- generated by sim/harness, do not edit

Circuit: * comparator-offset-mc @ tt_-40c_3.63v -- generated by sim/harness, do not edit

Doing analysis at TEMP = -40.000000 and TNOM = 27.000000

Using SPARSE 1.3 as Direct Linear Solver

No. of Data Rows : 6
voa = 1.1189390736e-04
ddc = -2.001790991e-08
dde = 1.8096908485e-08
Reset re-loads circuit * comparator-offset-mc @ tt_-40c_3.63v -- generated by sim/harness, do not edit

Circuit: * comparator-offset-mc @ tt_-40c_3.63v -- generated by sim/harness, do not edit

Doing analysis at TEMP = -40.000000 and TNOM = 27.000000

Using SPARSE 1.3 as Direct Linear Solver

No. of Data Rows : 6
voa = 2.4846894871e-03
ddc = -4.838326196e-07
dde = 4.6583558409e-07
Reset re-loads circuit * comparator-offset-mc @ tt_-40c_3.63v -- generated by sim/harness, do not edit

Circuit: * comparator-offset-mc @ tt_-40c_3.63v -- generated by sim/harness, do not edit

Doing analysis at TEMP = -40.000000 and TNOM = 27.000000

Using SPARSE 1.3 as Direct Linear Solver

No. of Data Rows : 6
voa = 1.7398111180e-03
ddc = -3.375451282e-07
dde = 3.2754854572e-07
Reset re-loads circuit * comparator-offset-mc @ tt_-40c_3.63v -- generated by sim/harness, do not edit

Circuit: * comparator-offset-mc @ tt_-40c_3.63v -- generated by sim/harness, do not edit

Doing analysis at TEMP = -40.000000 and TNOM = 27.000000

Using SPARSE 1.3 as Direct Linear Solver

No. of Data Rows : 6
voa = 1.5018518524e-03
ddc = -2.915306413e-07
dde = 2.7909666697e-07
Reset re-loads circuit * comparator-offset-mc @ tt_-40c_3.63v -- generated by sim/harness, do not edit

Circuit: * comparator-offset-mc @ tt_-40c_3.63v -- generated by sim/harness, do not edit

Doing analysis at TEMP = -40.000000 and TNOM = 27.000000

Using SPARSE 1.3 as Direct Linear Solver
 Reference value :  0.00000e+00
No. of Data Rows : 6
voa = -1.216150793e-03
ddc = 2.2665390788e-07
dde = -2.175526095e-07
Reset re-loads circuit * comparator-offset-mc @ tt_-40c_3.63v -- generated by sim/harness, do not edit

Circuit: * comparator-offset-mc @ tt_-40c_3.63v -- generated by sim/harness, do not edit

Doing analysis at TEMP = -40.000000 and TNOM = 27.000000

Using SPARSE 1.3 as Direct Linear Solver

No. of Data Rows : 6
voa = 3.1116601022e-03
ddc = -5.819788643e-07
dde = 5.6392984402e-07
Reset re-loads circuit * comparator-offset-mc @ tt_-40c_3.63v -- generated by sim/harness, do not edit

Circuit: * comparator-offset-mc @ tt_-40c_3.63v -- generated by sim/harness, do not edit

Doing analysis at TEMP = -40.000000 and TNOM = 27.000000

Using SPARSE 1.3 as Direct Linear Solver

No. of Data Rows : 6
voa = -1.808209622e-04
ddc = 3.8430403868e-08
dde = -4.158638344e-08
Reset re-loads circuit * comparator-offset-mc @ tt_-40c_3.63v -- generated by sim/harness, do not edit

Circuit: * comparator-offset-mc @ tt_-40c_3.63v -- generated by sim/harness, do not edit

Doing analysis at TEMP = -40.000000 and TNOM = 27.000000

Using SPARSE 1.3 as Direct Linear Solver

No. of Data Rows : 6
voa = -2.542928522e-03
ddc = 4.8098283294e-07
dde = -4.667557068e-07
Reset re-loads circuit * comparator-offset-mc @ tt_-40c_3.63v -- generated by sim/harness, do not edit

Circuit: * comparator-offset-mc @ tt_-40c_3.63v -- generated by sim/harness, do not edit

Doing analysis at TEMP = -40.000000 and TNOM = 27.000000

Using SPARSE 1.3 as Direct Linear Solver

No. of Data Rows : 6
voa = 1.2522251118e-03
ddc = -2.368792085e-07
dde = 2.2783528392e-07
Reset re-loads circuit * comparator-offset-mc @ tt_-40c_3.63v -- generated by sim/harness, do not edit

Circuit: * comparator-offset-mc @ tt_-40c_3.63v -- generated by sim/harness, do not edit

Doing analysis at TEMP = -40.000000 and TNOM = 27.000000

Using SPARSE 1.3 as Direct Linear Solver

No. of Data Rows : 6
voa = 2.1049041255e-03
ddc = -4.179621720e-07
dde = 4.0238103803e-07
Reset re-loads circuit * comparator-offset-mc @ tt_-40c_3.63v -- generated by sim/harness, do not edit

Circuit: * comparator-offset-mc @ tt_-40c_3.63v -- generated by sim/harness, do not edit

Doing analysis at TEMP = -40.000000 and TNOM = 27.000000

Using SPARSE 1.3 as Direct Linear Solver

No. of Data Rows : 6
voa = 1.8024364231e-03
ddc = -3.509594106e-07
dde = 3.3799332154e-07
Reset re-loads circuit * comparator-offset-mc @ tt_-40c_3.63v -- generated by sim/harness, do not edit

Circuit: * comparator-offset-mc @ tt_-40c_3.63v -- generated by sim/harness, do not edit

Doing analysis at TEMP = -40.000000 and TNOM = 27.000000

Using SPARSE 1.3 as Direct Linear Solver

No. of Data Rows : 6
voa = -2.856009954e-03
ddc = 5.4152954223e-07
dde = -5.294877501e-07
Reset re-loads circuit * comparator-offset-mc @ tt_-40c_3.63v -- generated by sim/harness, do not edit

Circuit: * comparator-offset-mc @ tt_-40c_3.63v -- generated by sim/harness, do not edit

Doing analysis at TEMP = -40.000000 and TNOM = 27.000000

Using SPARSE 1.3 as Direct Linear Solver

No. of Data Rows : 6
voa = -3.240378843e-05
ddc = 5.7500534207e-09
dde = -4.528722320e-09
Reset re-loads circuit * comparator-offset-mc @ tt_-40c_3.63v -- generated by sim/harness, do not edit

Circuit: * comparator-offset-mc @ tt_-40c_3.63v -- generated by sim/harness, do not edit

Doing analysis at TEMP = -40.000000 and TNOM = 27.000000

Using SPARSE 1.3 as Direct Linear Solver

No. of Data Rows : 6
voa = -1.210136321e-03
ddc = 2.3323058849e-07
dde = -2.316447773e-07
Reset re-loads circuit * comparator-offset-mc @ tt_-40c_3.63v -- generated by sim/harness, do not edit

Circuit: * comparator-offset-mc @ tt_-40c_3.63v -- generated by sim/harness, do not edit

Doing analysis at TEMP = -40.000000 and TNOM = 27.000000

Using SPARSE 1.3 as Direct Linear Solver

No. of Data Rows : 6
voa = 2.2036148265e-03
ddc = -4.208676550e-07
dde = 4.0233264024e-07
Reset re-loads circuit * comparator-offset-mc @ tt_-40c_3.63v -- generated by sim/harness, do not edit

Circuit: * comparator-offset-mc @ tt_-40c_3.63v -- generated by sim/harness, do not edit

Doing analysis at TEMP = -40.000000 and TNOM = 27.000000

Using SPARSE 1.3 as Direct Linear Solver

No. of Data Rows : 6
voa = 2.1430018207e-03
ddc = -4.092639964e-07
dde = 3.9189568093e-07
Reset re-loads circuit * comparator-offset-mc @ tt_-40c_3.63v -- generated by sim/harness, do not edit

Circuit: * comparator-offset-mc @ tt_-40c_3.63v -- generated by sim/harness, do not edit

Doing analysis at TEMP = -40.000000 and TNOM = 27.000000

Using SPARSE 1.3 as Direct Linear Solver

No. of Data Rows : 6
voa = 2.4498804875e-03
ddc = -4.698041944e-07
dde = 4.4801603965e-07
Reset re-loads circuit * comparator-offset-mc @ tt_-40c_3.63v -- generated by sim/harness, do not edit

Circuit: * comparator-offset-mc @ tt_-40c_3.63v -- generated by sim/harness, do not edit

Doing analysis at TEMP = -40.000000 and TNOM = 27.000000

Using SPARSE 1.3 as Direct Linear Solver

No. of Data Rows : 6
voa = -1.421063221e-03
ddc = 2.7013975285e-07
dde = -2.593357039e-07
Reset re-loads circuit * comparator-offset-mc @ tt_-40c_3.63v -- generated by sim/harness, do not edit

Circuit: * comparator-offset-mc @ tt_-40c_3.63v -- generated by sim/harness, do not edit

Doing analysis at TEMP = -40.000000 and TNOM = 27.000000

Using SPARSE 1.3 as Direct Linear Solver

No. of Data Rows : 6
voa = -5.184864167e-04
ddc = 9.4801352283e-08
dde = -8.959150885e-08
Reset re-loads circuit * comparator-offset-mc @ tt_-40c_3.63v -- generated by sim/harness, do not edit

Circuit: * comparator-offset-mc @ tt_-40c_3.63v -- generated by sim/harness, do not edit

Doing analysis at TEMP = -40.000000 and TNOM = 27.000000

Using SPARSE 1.3 as Direct Linear Solver

No. of Data Rows : 6
voa = 1.2008123723e-03
ddc = -2.322780054e-07
dde = 2.2426974329e-07
Reset re-loads circuit * comparator-offset-mc @ tt_-40c_3.63v -- generated by sim/harness, do not edit

Circuit: * comparator-offset-mc @ tt_-40c_3.63v -- generated by sim/harness, do not edit

Doing analysis at TEMP = -40.000000 and TNOM = 27.000000

Using SPARSE 1.3 as Direct Linear Solver

No. of Data Rows : 6
voa = -2.143949609e-03
ddc = 4.0777968221e-07
dde = -3.997432984e-07
Reset re-loads circuit * comparator-offset-mc @ tt_-40c_3.63v -- generated by sim/harness, do not edit

Circuit: * comparator-offset-mc @ tt_-40c_3.63v -- generated by sim/harness, do not edit

Doing analysis at TEMP = -40.000000 and TNOM = 27.000000

Using SPARSE 1.3 as Direct Linear Solver

No. of Data Rows : 6
voa = -1.336571529e-03
ddc = 2.5311904201e-07
dde = -2.461647903e-07
Reset re-loads circuit * comparator-offset-mc @ tt_-40c_3.63v -- generated by sim/harness, do not edit

Circuit: * comparator-offset-mc @ tt_-40c_3.63v -- generated by sim/harness, do not edit

Doing analysis at TEMP = -40.000000 and TNOM = 27.000000

Using SPARSE 1.3 as Direct Linear Solver

No. of Data Rows : 6
voa = 1.0265342290e-03
ddc = -1.909748761e-07
dde = 1.8143949352e-07
Reset re-loads circuit * comparator-offset-mc @ tt_-40c_3.63v -- generated by sim/harness, do not edit

Circuit: * comparator-offset-mc @ tt_-40c_3.63v -- generated by sim/harness, do not edit

Doing analysis at TEMP = -40.000000 and TNOM = 27.000000

Using SPARSE 1.3 as Direct Linear Solver

No. of Data Rows : 6
voa = 2.7314776010e-03
ddc = -5.343857389e-07
dde = 5.1407087550e-07
Reset re-loads circuit * comparator-offset-mc @ tt_-40c_3.63v -- generated by sim/harness, do not edit

Circuit: * comparator-offset-mc @ tt_-40c_3.63v -- generated by sim/harness, do not edit

Doing analysis at TEMP = -40.000000 and TNOM = 27.000000

Using SPARSE 1.3 as Direct Linear Solver

No. of Data Rows : 6
voa = -2.808575466e-03
ddc = 5.3517169327e-07
dde = -5.261034277e-07
Reset re-loads circuit * comparator-offset-mc @ tt_-40c_3.63v -- generated by sim/harness, do not edit

Circuit: * comparator-offset-mc @ tt_-40c_3.63v -- generated by sim/harness, do not edit

Doing analysis at TEMP = -40.000000 and TNOM = 27.000000

Using SPARSE 1.3 as Direct Linear Solver

No. of Data Rows : 6
voa = 4.1995839237e-04
ddc = -8.323603543e-08
dde = 8.3054339030e-08
Reset re-loads circuit * comparator-offset-mc @ tt_-40c_3.63v -- generated by sim/harness, do not edit

Circuit: * comparator-offset-mc @ tt_-40c_3.63v -- generated by sim/harness, do not edit

Doing analysis at TEMP = -40.000000 and TNOM = 27.000000

Using SPARSE 1.3 as Direct Linear Solver

No. of Data Rows : 6
voa = -1.185027964e-03
ddc = 2.2249242712e-07
dde = -2.160260898e-07
Reset re-loads circuit * comparator-offset-mc @ tt_-40c_3.63v -- generated by sim/harness, do not edit

Circuit: * comparator-offset-mc @ tt_-40c_3.63v -- generated by sim/harness, do not edit

Doing analysis at TEMP = -40.000000 and TNOM = 27.000000

Using SPARSE 1.3 as Direct Linear Solver

No. of Data Rows : 6
voa = -2.506206607e-03
ddc = 4.7935213422e-07
dde = -4.701504572e-07
Reset re-loads circuit * comparator-offset-mc @ tt_-40c_3.63v -- generated by sim/harness, do not edit

Circuit: * comparator-offset-mc @ tt_-40c_3.63v -- generated by sim/harness, do not edit

Doing analysis at TEMP = -40.000000 and TNOM = 27.000000

Using SPARSE 1.3 as Direct Linear Solver

No. of Data Rows : 6
voa = 1.6659304644e-03
ddc = -3.233801616e-07
dde = 3.1342762756e-07
Reset re-loads circuit * comparator-offset-mc @ tt_-40c_3.63v -- generated by sim/harness, do not edit

Circuit: * comparator-offset-mc @ tt_-40c_3.63v -- generated by sim/harness, do not edit

Doing analysis at TEMP = -40.000000 and TNOM = 27.000000

Using SPARSE 1.3 as Direct Linear Solver

No. of Data Rows : 6
voa = 1.1350088999e-03
ddc = -2.213518234e-07
dde = 2.1725122856e-07
Reset re-loads circuit * comparator-offset-mc @ tt_-40c_3.63v -- generated by sim/harness, do not edit

Circuit: * comparator-offset-mc @ tt_-40c_3.63v -- generated by sim/harness, do not edit

Doing analysis at TEMP = -40.000000 and TNOM = 27.000000

Using SPARSE 1.3 as Direct Linear Solver

No. of Data Rows : 6
voa = 1.4415587057e-03
ddc = -2.773574360e-07
dde = 2.6994247760e-07
Reset re-loads circuit * comparator-offset-mc @ tt_-40c_3.63v -- generated by sim/harness, do not edit

Circuit: * comparator-offset-mc @ tt_-40c_3.63v -- generated by sim/harness, do not edit

Doing analysis at TEMP = -40.000000 and TNOM = 27.000000

Using SPARSE 1.3 as Direct Linear Solver

No. of Data Rows : 6
voa = 4.1126615636e-03
ddc = -7.976174419e-07
dde = 7.6647300673e-07
Reset re-loads circuit * comparator-offset-mc @ tt_-40c_3.63v -- generated by sim/harness, do not edit

Circuit: * comparator-offset-mc @ tt_-40c_3.63v -- generated by sim/harness, do not edit

Doing analysis at TEMP = -40.000000 and TNOM = 27.000000

Using SPARSE 1.3 as Direct Linear Solver

No. of Data Rows : 6
voa = -2.000907342e-03
ddc = 3.7995108724e-07
dde = -3.676508346e-07
Reset re-loads circuit * comparator-offset-mc @ tt_-40c_3.63v -- generated by sim/harness, do not edit

Circuit: * comparator-offset-mc @ tt_-40c_3.63v -- generated by sim/harness, do not edit

Doing analysis at TEMP = -40.000000 and TNOM = 27.000000

Using SPARSE 1.3 as Direct Linear Solver

No. of Data Rows : 6
voa = 2.6238881072e-04
ddc = -5.025074898e-08
dde = 4.9062312628e-08
Reset re-loads circuit * comparator-offset-mc @ tt_-40c_3.63v -- generated by sim/harness, do not edit

Circuit: * comparator-offset-mc @ tt_-40c_3.63v -- generated by sim/harness, do not edit

Doing analysis at TEMP = -40.000000 and TNOM = 27.000000

Using SPARSE 1.3 as Direct Linear Solver

No. of Data Rows : 6
voa = -2.418587193e-03
ddc = 4.6337511909e-07
dde = -4.484300389e-07
Reset re-loads circuit * comparator-offset-mc @ tt_-40c_3.63v -- generated by sim/harness, do not edit

Circuit: * comparator-offset-mc @ tt_-40c_3.63v -- generated by sim/harness, do not edit

Doing analysis at TEMP = -40.000000 and TNOM = 27.000000

Using SPARSE 1.3 as Direct Linear Solver

No. of Data Rows : 6
voa = -2.535307168e-05
ddc = 3.3749526768e-09
dde = -8.825394409e-10
Reset re-loads circuit * comparator-offset-mc @ tt_-40c_3.63v -- generated by sim/harness, do not edit

Circuit: * comparator-offset-mc @ tt_-40c_3.63v -- generated by sim/harness, do not edit

Doing analysis at TEMP = -40.000000 and TNOM = 27.000000

Using SPARSE 1.3 as Direct Linear Solver

No. of Data Rows : 6
voa = -1.701704480e-03
ddc = 3.2426899454e-07
dde = -3.135816624e-07
Reset re-loads circuit * comparator-offset-mc @ tt_-40c_3.63v -- generated by sim/harness, do not edit

Circuit: * comparator-offset-mc @ tt_-40c_3.63v -- generated by sim/harness, do not edit

Doing analysis at TEMP = -40.000000 and TNOM = 27.000000

Using SPARSE 1.3 as Direct Linear Solver

No. of Data Rows : 6
voa = -3.964405051e-04
ddc = 7.6084910526e-08
dde = -7.399285368e-08
Reset re-loads circuit * comparator-offset-mc @ tt_-40c_3.63v -- generated by sim/harness, do not edit

Circuit: * comparator-offset-mc @ tt_-40c_3.63v -- generated by sim/harness, do not edit

Doing analysis at TEMP = -40.000000 and TNOM = 27.000000

Using SPARSE 1.3 as Direct Linear Solver

No. of Data Rows : 6
voa = 1.9931178077e-03
ddc = -3.938676307e-07
dde = 3.7852070985e-07
Reset re-loads circuit * comparator-offset-mc @ tt_-40c_3.63v -- generated by sim/harness, do not edit

Circuit: * comparator-offset-mc @ tt_-40c_3.63v -- generated by sim/harness, do not edit

Doing analysis at TEMP = -40.000000 and TNOM = 27.000000

Using SPARSE 1.3 as Direct Linear Solver

No. of Data Rows : 6
voa = -4.897500106e-04
ddc = 9.5252199127e-08
dde = -9.462148256e-08
Reset re-loads circuit * comparator-offset-mc @ tt_-40c_3.63v -- generated by sim/harness, do not edit

Circuit: * comparator-offset-mc @ tt_-40c_3.63v -- generated by sim/harness, do not edit

Doing analysis at TEMP = -40.000000 and TNOM = 27.000000

Using SPARSE 1.3 as Direct Linear Solver

No. of Data Rows : 6
voa = -1.473467983e-03
ddc = 2.7633555589e-07
dde = -2.691905086e-07
Reset re-loads circuit * comparator-offset-mc @ tt_-40c_3.63v -- generated by sim/harness, do not edit

Circuit: * comparator-offset-mc @ tt_-40c_3.63v -- generated by sim/harness, do not edit

Doing analysis at TEMP = -40.000000 and TNOM = 27.000000

Using SPARSE 1.3 as Direct Linear Solver

No. of Data Rows : 6
voa = -4.198665921e-04
ddc = 7.6699043304e-08
dde = -7.182447666e-08
Reset re-loads circuit * comparator-offset-mc @ tt_-40c_3.63v -- generated by sim/harness, do not edit

Circuit: * comparator-offset-mc @ tt_-40c_3.63v -- generated by sim/harness, do not edit

Doing analysis at TEMP = -40.000000 and TNOM = 27.000000

Using SPARSE 1.3 as Direct Linear Solver

No. of Data Rows : 6
voa = -1.207728156e-03
ddc = 2.2855208089e-07
dde = -2.211157333e-07
Reset re-loads circuit * comparator-offset-mc @ tt_-40c_3.63v -- generated by sim/harness, do not edit

Circuit: * comparator-offset-mc @ tt_-40c_3.63v -- generated by sim/harness, do not edit

Doing analysis at TEMP = -40.000000 and TNOM = 27.000000

Using SPARSE 1.3 as Direct Linear Solver

No. of Data Rows : 6
voa = 2.5292488666e-03
ddc = -4.928530795e-07
dde = 4.7744034118e-07
Reset re-loads circuit * comparator-offset-mc @ tt_-40c_3.63v -- generated by sim/harness, do not edit

Circuit: * comparator-offset-mc @ tt_-40c_3.63v -- generated by sim/harness, do not edit

Doing analysis at TEMP = -40.000000 and TNOM = 27.000000

Using SPARSE 1.3 as Direct Linear Solver

No. of Data Rows : 6
voa = 2.0135134086e-03
ddc = -3.910891745e-07
dde = 3.7443609833e-07
Reset re-loads circuit * comparator-offset-mc @ tt_-40c_3.63v -- generated by sim/harness, do not edit

Circuit: * comparator-offset-mc @ tt_-40c_3.63v -- generated by sim/harness, do not edit

Doing analysis at TEMP = -40.000000 and TNOM = 27.000000

Using SPARSE 1.3 as Direct Linear Solver

No. of Data Rows : 6
voa = -3.190597197e-04
ddc = 5.7380794486e-08
dde = -5.501918881e-08
Reset re-loads circuit * comparator-offset-mc @ tt_-40c_3.63v -- generated by sim/harness, do not edit

Circuit: * comparator-offset-mc @ tt_-40c_3.63v -- generated by sim/harness, do not edit

Doing analysis at TEMP = -40.000000 and TNOM = 27.000000

Using SPARSE 1.3 as Direct Linear Solver

No. of Data Rows : 6
voa = -1.847674273e-03
ddc = 3.5422155981e-07
dde = -3.476108524e-07
Reset re-loads circuit * comparator-offset-mc @ tt_-40c_3.63v -- generated by sim/harness, do not edit

Circuit: * comparator-offset-mc @ tt_-40c_3.63v -- generated by sim/harness, do not edit

Doing analysis at TEMP = -40.000000 and TNOM = 27.000000

Using SPARSE 1.3 as Direct Linear Solver
 Reference value :  0.00000e+00
No. of Data Rows : 6
voa = 9.4445888426e-04
ddc = -1.779999961e-07
dde = 1.7295665734e-07
Reset re-loads circuit * comparator-offset-mc @ tt_-40c_3.63v -- generated by sim/harness, do not edit

Circuit: * comparator-offset-mc @ tt_-40c_3.63v -- generated by sim/harness, do not edit

Doing analysis at TEMP = -40.000000 and TNOM = 27.000000

Using SPARSE 1.3 as Direct Linear Solver

No. of Data Rows : 6
voa = -1.183076747e-03
ddc = 2.2851657676e-07
dde = -2.237279843e-07
Reset re-loads circuit * comparator-offset-mc @ tt_-40c_3.63v -- generated by sim/harness, do not edit

Circuit: * comparator-offset-mc @ tt_-40c_3.63v -- generated by sim/harness, do not edit

Doing analysis at TEMP = -40.000000 and TNOM = 27.000000

Using SPARSE 1.3 as Direct Linear Solver

No. of Data Rows : 6
voa = 1.1055162184e-03
ddc = -2.171863733e-07
dde = 2.1195079273e-07
Reset re-loads circuit * comparator-offset-mc @ tt_-40c_3.63v -- generated by sim/harness, do not edit

Circuit: * comparator-offset-mc @ tt_-40c_3.63v -- generated by sim/harness, do not edit

Doing analysis at TEMP = -40.000000 and TNOM = 27.000000

Using SPARSE 1.3 as Direct Linear Solver

No. of Data Rows : 6
voa = -1.207697620e-03
ddc = 2.3198054746e-07
dde = -2.264834850e-07
Reset re-loads circuit * comparator-offset-mc @ tt_-40c_3.63v -- generated by sim/harness, do not edit

Circuit: * comparator-offset-mc @ tt_-40c_3.63v -- generated by sim/harness, do not edit

Doing analysis at TEMP = -40.000000 and TNOM = 27.000000

Using SPARSE 1.3 as Direct Linear Solver

No. of Data Rows : 6
voa = 1.0188774940e-04
ddc = -2.150094081e-08
dde = 2.2857142408e-08
Reset re-loads circuit * comparator-offset-mc @ tt_-40c_3.63v -- generated by sim/harness, do not edit

Circuit: * comparator-offset-mc @ tt_-40c_3.63v -- generated by sim/harness, do not edit

Doing analysis at TEMP = -40.000000 and TNOM = 27.000000

Using SPARSE 1.3 as Direct Linear Solver

No. of Data Rows : 6
voa = -1.167133979e-03
ddc = 2.2049366670e-07
dde = -2.159554737e-07
Reset re-loads circuit * comparator-offset-mc @ tt_-40c_3.63v -- generated by sim/harness, do not edit

Circuit: * comparator-offset-mc @ tt_-40c_3.63v -- generated by sim/harness, do not edit

Doing analysis at TEMP = -40.000000 and TNOM = 27.000000

Using SPARSE 1.3 as Direct Linear Solver

No. of Data Rows : 6
voa = -1.849571503e-03
ddc = 3.5585635233e-07
dde = -3.461520709e-07
Reset re-loads circuit * comparator-offset-mc @ tt_-40c_3.63v -- generated by sim/harness, do not edit

Circuit: * comparator-offset-mc @ tt_-40c_3.63v -- generated by sim/harness, do not edit

Doing analysis at TEMP = -40.000000 and TNOM = 27.000000

Using SPARSE 1.3 as Direct Linear Solver

No. of Data Rows : 6
voa = 3.9742808696e-04
ddc = -7.002474970e-08
dde = 6.4327945079e-08
Reset re-loads circuit * comparator-offset-mc @ tt_-40c_3.63v -- generated by sim/harness, do not edit

Circuit: * comparator-offset-mc @ tt_-40c_3.63v -- generated by sim/harness, do not edit

Doing analysis at TEMP = -40.000000 and TNOM = 27.000000

Using SPARSE 1.3 as Direct Linear Solver

No. of Data Rows : 6
voa = 3.5804532755e-03
ddc = -6.823436416e-07
dde = 6.5843615417e-07
Reset re-loads circuit * comparator-offset-mc @ tt_-40c_3.63v -- generated by sim/harness, do not edit

Circuit: * comparator-offset-mc @ tt_-40c_3.63v -- generated by sim/harness, do not edit

Doing analysis at TEMP = -40.000000 and TNOM = 27.000000

Using SPARSE 1.3 as Direct Linear Solver

No. of Data Rows : 6
voa = 2.0021513959e-04
ddc = -3.883721882e-08
dde = 3.8393751993e-08
Reset re-loads circuit * comparator-offset-mc @ tt_-40c_3.63v -- generated by sim/harness, do not edit

Circuit: * comparator-offset-mc @ tt_-40c_3.63v -- generated by sim/harness, do not edit

Doing analysis at TEMP = -40.000000 and TNOM = 27.000000

Using SPARSE 1.3 as Direct Linear Solver

No. of Data Rows : 6
voa = -1.145166691e-03
ddc = 2.2034204854e-07
dde = -2.140594787e-07
Reset re-loads circuit * comparator-offset-mc @ tt_-40c_3.63v -- generated by sim/harness, do not edit

Circuit: * comparator-offset-mc @ tt_-40c_3.63v -- generated by sim/harness, do not edit

Doing analysis at TEMP = -40.000000 and TNOM = 27.000000

Using SPARSE 1.3 as Direct Linear Solver

No. of Data Rows : 6
voa = -1.651642960e-03
ddc = 3.0983015401e-07
dde = -2.994619529e-07
Reset re-loads circuit * comparator-offset-mc @ tt_-40c_3.63v -- generated by sim/harness, do not edit

Circuit: * comparator-offset-mc @ tt_-40c_3.63v -- generated by sim/harness, do not edit

Doing analysis at TEMP = -40.000000 and TNOM = 27.000000

Using SPARSE 1.3 as Direct Linear Solver

No. of Data Rows : 6
voa = 4.4377231530e-04
ddc = -8.359019733e-08
dde = 7.9776136966e-08
Reset re-loads circuit * comparator-offset-mc @ tt_-40c_3.63v -- generated by sim/harness, do not edit

Circuit: * comparator-offset-mc @ tt_-40c_3.63v -- generated by sim/harness, do not edit

Doing analysis at TEMP = -40.000000 and TNOM = 27.000000

Using SPARSE 1.3 as Direct Linear Solver

No. of Data Rows : 6
voa = -4.319924554e-03
ddc = 8.1647726529e-07
dde = -8.006917930e-07
Reset re-loads circuit * comparator-offset-mc @ tt_-40c_3.63v -- generated by sim/harness, do not edit

Circuit: * comparator-offset-mc @ tt_-40c_3.63v -- generated by sim/harness, do not edit

Doing analysis at TEMP = -40.000000 and TNOM = 27.000000

Using SPARSE 1.3 as Direct Linear Solver

No. of Data Rows : 6
voa = -4.447806965e-03
ddc = 8.4314802134e-07
dde = -8.240298136e-07
Reset re-loads circuit * comparator-offset-mc @ tt_-40c_3.63v -- generated by sim/harness, do not edit

Circuit: * comparator-offset-mc @ tt_-40c_3.63v -- generated by sim/harness, do not edit

Doing analysis at TEMP = -40.000000 and TNOM = 27.000000

Using SPARSE 1.3 as Direct Linear Solver

No. of Data Rows : 6
voa = -1.279094038e-03
ddc = 2.4304012847e-07
dde = -2.340835696e-07
Reset re-loads circuit * comparator-offset-mc @ tt_-40c_3.63v -- generated by sim/harness, do not edit

Circuit: * comparator-offset-mc @ tt_-40c_3.63v -- generated by sim/harness, do not edit

Doing analysis at TEMP = -40.000000 and TNOM = 27.000000

Using SPARSE 1.3 as Direct Linear Solver

No. of Data Rows : 6
voa = 1.3051012146e-04
ddc = -2.470210562e-08
dde = 2.2755726058e-08
Reset re-loads circuit * comparator-offset-mc @ tt_-40c_3.63v -- generated by sim/harness, do not edit

Circuit: * comparator-offset-mc @ tt_-40c_3.63v -- generated by sim/harness, do not edit

Doing analysis at TEMP = -40.000000 and TNOM = 27.000000

Using SPARSE 1.3 as Direct Linear Solver

No. of Data Rows : 6
voa = -1.124589787e-03
ddc = 2.1459820042e-07
dde = -2.053931034e-07
Reset re-loads circuit * comparator-offset-mc @ tt_-40c_3.63v -- generated by sim/harness, do not edit

Circuit: * comparator-offset-mc @ tt_-40c_3.63v -- generated by sim/harness, do not edit

Doing analysis at TEMP = -40.000000 and TNOM = 27.000000

Using SPARSE 1.3 as Direct Linear Solver

No. of Data Rows : 6
voa = 1.5385466624e-03
ddc = -3.014408306e-07
dde = 2.9206835881e-07
Reset re-loads circuit * comparator-offset-mc @ tt_-40c_3.63v -- generated by sim/harness, do not edit

Circuit: * comparator-offset-mc @ tt_-40c_3.63v -- generated by sim/harness, do not edit

Doing analysis at TEMP = -40.000000 and TNOM = 27.000000

Using SPARSE 1.3 as Direct Linear Solver

No. of Data Rows : 6
voa = -4.944913169e-04
ddc = 9.8717507337e-08
dde = -1.002766778e-07
Reset re-loads circuit * comparator-offset-mc @ tt_-40c_3.63v -- generated by sim/harness, do not edit

Circuit: * comparator-offset-mc @ tt_-40c_3.63v -- generated by sim/harness, do not edit

Doing analysis at TEMP = -40.000000 and TNOM = 27.000000

Using SPARSE 1.3 as Direct Linear Solver

No. of Data Rows : 6
voa = -6.564916144e-05
ddc = 1.2881995792e-08
dde = -1.289696922e-08
Reset re-loads circuit * comparator-offset-mc @ tt_-40c_3.63v -- generated by sim/harness, do not edit

Circuit: * comparator-offset-mc @ tt_-40c_3.63v -- generated by sim/harness, do not edit

Doing analysis at TEMP = -40.000000 and TNOM = 27.000000

Using SPARSE 1.3 as Direct Linear Solver

No. of Data Rows : 6
voa = -3.051612508e-03
ddc = 5.7422493043e-07
dde = -5.600168876e-07
Reset re-loads circuit * comparator-offset-mc @ tt_-40c_3.63v -- generated by sim/harness, do not edit

Circuit: * comparator-offset-mc @ tt_-40c_3.63v -- generated by sim/harness, do not edit

Doing analysis at TEMP = -40.000000 and TNOM = 27.000000

Using SPARSE 1.3 as Direct Linear Solver

No. of Data Rows : 6
voa = -4.168552734e-04
ddc = 7.9845582817e-08
dde = -7.827817896e-08
Reset re-loads circuit * comparator-offset-mc @ tt_-40c_3.63v -- generated by sim/harness, do not edit

Circuit: * comparator-offset-mc @ tt_-40c_3.63v -- generated by sim/harness, do not edit

Doing analysis at TEMP = -40.000000 and TNOM = 27.000000

Using SPARSE 1.3 as Direct Linear Solver

No. of Data Rows : 6
voa = 2.6257704004e-03
ddc = -5.079203316e-07
dde = 4.9529603993e-07
Reset re-loads circuit * comparator-offset-mc @ tt_-40c_3.63v -- generated by sim/harness, do not edit

Circuit: * comparator-offset-mc @ tt_-40c_3.63v -- generated by sim/harness, do not edit

Doing analysis at TEMP = -40.000000 and TNOM = 27.000000

Using SPARSE 1.3 as Direct Linear Solver

No. of Data Rows : 6
voa = -1.632622412e-03
ddc = 3.0884496706e-07
dde = -3.030556417e-07
Reset re-loads circuit * comparator-offset-mc @ tt_-40c_3.63v -- generated by sim/harness, do not edit

Circuit: * comparator-offset-mc @ tt_-40c_3.63v -- generated by sim/harness, do not edit

Doing analysis at TEMP = -40.000000 and TNOM = 27.000000

Using SPARSE 1.3 as Direct Linear Solver

No. of Data Rows : 6
voa = 4.1402891824e-04
ddc = -7.786972298e-08
dde = 7.3796414279e-08
Reset re-loads circuit * comparator-offset-mc @ tt_-40c_3.63v -- generated by sim/harness, do not edit

Circuit: * comparator-offset-mc @ tt_-40c_3.63v -- generated by sim/harness, do not edit

Doing analysis at TEMP = -40.000000 and TNOM = 27.000000

Using SPARSE 1.3 as Direct Linear Solver

No. of Data Rows : 6
voa = -1.665508421e-03
ddc = 3.2254674348e-07
dde = -3.139381011e-07
Reset re-loads circuit * comparator-offset-mc @ tt_-40c_3.63v -- generated by sim/harness, do not edit

Circuit: * comparator-offset-mc @ tt_-40c_3.63v -- generated by sim/harness, do not edit

Doing analysis at TEMP = -40.000000 and TNOM = 27.000000

Using SPARSE 1.3 as Direct Linear Solver

No. of Data Rows : 6
voa = 1.1387827128e-03
ddc = -2.162118891e-07
dde = 2.0793792937e-07
Reset re-loads circuit * comparator-offset-mc @ tt_-40c_3.63v -- generated by sim/harness, do not edit

Circuit: * comparator-offset-mc @ tt_-40c_3.63v -- generated by sim/harness, do not edit

Doing analysis at TEMP = -40.000000 and TNOM = 27.000000

Using SPARSE 1.3 as Direct Linear Solver

No. of Data Rows : 6
voa = -1.944091653e-03
ddc = 3.7024552308e-07
dde = -3.590408132e-07
Reset re-loads circuit * comparator-offset-mc @ tt_-40c_3.63v -- generated by sim/harness, do not edit

Circuit: * comparator-offset-mc @ tt_-40c_3.63v -- generated by sim/harness, do not edit

Doing analysis at TEMP = -40.000000 and TNOM = 27.000000

Using SPARSE 1.3 as Direct Linear Solver

No. of Data Rows : 6
voa = -9.598760271e-05
ddc = 1.8961567097e-08
dde = -1.908572140e-08
Reset re-loads circuit * comparator-offset-mc @ tt_-40c_3.63v -- generated by sim/harness, do not edit

Circuit: * comparator-offset-mc @ tt_-40c_3.63v -- generated by sim/harness, do not edit

Doing analysis at TEMP = -40.000000 and TNOM = 27.000000

Using SPARSE 1.3 as Direct Linear Solver

No. of Data Rows : 6
voa = 2.7063663821e-03
ddc = -5.164925904e-07
dde = 4.9508755837e-07
Reset re-loads circuit * comparator-offset-mc @ tt_-40c_3.63v -- generated by sim/harness, do not edit

Circuit: * comparator-offset-mc @ tt_-40c_3.63v -- generated by sim/harness, do not edit

Doing analysis at TEMP = -40.000000 and TNOM = 27.000000

Using SPARSE 1.3 as Direct Linear Solver

No. of Data Rows : 6
voa = -1.517467914e-03
ddc = 2.8778445263e-07
dde = -2.795527687e-07
Reset re-loads circuit * comparator-offset-mc @ tt_-40c_3.63v -- generated by sim/harness, do not edit

Circuit: * comparator-offset-mc @ tt_-40c_3.63v -- generated by sim/harness, do not edit

Doing analysis at TEMP = -40.000000 and TNOM = 27.000000

Using SPARSE 1.3 as Direct Linear Solver

No. of Data Rows : 6
voa = 1.9063115041e-03
ddc = -3.632388751e-07
dde = 3.5084249747e-07
Reset re-loads circuit * comparator-offset-mc @ tt_-40c_3.63v -- generated by sim/harness, do not edit

Circuit: * comparator-offset-mc @ tt_-40c_3.63v -- generated by sim/harness, do not edit

Doing analysis at TEMP = -40.000000 and TNOM = 27.000000

Using SPARSE 1.3 as Direct Linear Solver

No. of Data Rows : 6
voa = -5.390906035e-04
ddc = 1.0414792392e-07
dde = -1.015396199e-07
Reset re-loads circuit * comparator-offset-mc @ tt_-40c_3.63v -- generated by sim/harness, do not edit

Circuit: * comparator-offset-mc @ tt_-40c_3.63v -- generated by sim/harness, do not edit

Doing analysis at TEMP = -40.000000 and TNOM = 27.000000

Using SPARSE 1.3 as Direct Linear Solver

No. of Data Rows : 6
voa = -1.232725252e-04
ddc = 2.5101635627e-08
dde = -2.582006853e-08
Reset re-loads circuit * comparator-offset-mc @ tt_-40c_3.63v -- generated by sim/harness, do not edit

Circuit: * comparator-offset-mc @ tt_-40c_3.63v -- generated by sim/harness, do not edit

Doing analysis at TEMP = -40.000000 and TNOM = 27.000000

Using SPARSE 1.3 as Direct Linear Solver

No. of Data Rows : 6
voa = 8.2116055637e-04
ddc = -1.572197823e-07
dde = 1.5376854417e-07
Reset re-loads circuit * comparator-offset-mc @ tt_-40c_3.63v -- generated by sim/harness, do not edit

Circuit: * comparator-offset-mc @ tt_-40c_3.63v -- generated by sim/harness, do not edit

Doing analysis at TEMP = -40.000000 and TNOM = 27.000000

Using SPARSE 1.3 as Direct Linear Solver

No. of Data Rows : 6
voa = 1.7567917379e-03
ddc = -3.312976702e-07
dde = 3.1904442675e-07
Reset re-loads circuit * comparator-offset-mc @ tt_-40c_3.63v -- generated by sim/harness, do not edit

Circuit: * comparator-offset-mc @ tt_-40c_3.63v -- generated by sim/harness, do not edit

Doing analysis at TEMP = -40.000000 and TNOM = 27.000000

Using SPARSE 1.3 as Direct Linear Solver
 Reference value :  0.00000e+00
No. of Data Rows : 6
voa = -9.346547604e-04
ddc = 1.8221915434e-07
dde = -1.817512781e-07
Reset re-loads circuit * comparator-offset-mc @ tt_-40c_3.63v -- generated by sim/harness, do not edit

Circuit: * comparator-offset-mc @ tt_-40c_3.63v -- generated by sim/harness, do not edit

Doing analysis at TEMP = -40.000000 and TNOM = 27.000000

Using SPARSE 1.3 as Direct Linear Solver

No. of Data Rows : 6
voa = 4.0943521191e-05
ddc = -7.379384899e-09
dde = 6.7096409539e-09
Reset re-loads circuit * comparator-offset-mc @ tt_-40c_3.63v -- generated by sim/harness, do not edit

Circuit: * comparator-offset-mc @ tt_-40c_3.63v -- generated by sim/harness, do not edit

Doing analysis at TEMP = -40.000000 and TNOM = 27.000000

Using SPARSE 1.3 as Direct Linear Solver

No. of Data Rows : 6
voa = -2.362163956e-04
ddc = 4.4624716279e-08
dde = -4.320345011e-08
Reset re-loads circuit * comparator-offset-mc @ tt_-40c_3.63v -- generated by sim/harness, do not edit

Circuit: * comparator-offset-mc @ tt_-40c_3.63v -- generated by sim/harness, do not edit

Doing analysis at TEMP = -40.000000 and TNOM = 27.000000

Using SPARSE 1.3 as Direct Linear Solver

No. of Data Rows : 6
voa = -2.358046436e-03
ddc = 4.4839226721e-07
dde = -4.373078973e-07
Reset re-loads circuit * comparator-offset-mc @ tt_-40c_3.63v -- generated by sim/harness, do not edit

Circuit: * comparator-offset-mc @ tt_-40c_3.63v -- generated by sim/harness, do not edit

Doing analysis at TEMP = -40.000000 and TNOM = 27.000000

Using SPARSE 1.3 as Direct Linear Solver

No. of Data Rows : 6
voa = 3.9161090985e-04
ddc = -7.803432778e-08
dde = 7.8295341268e-08
Reset re-loads circuit * comparator-offset-mc @ tt_-40c_3.63v -- generated by sim/harness, do not edit

Circuit: * comparator-offset-mc @ tt_-40c_3.63v -- generated by sim/harness, do not edit

Doing analysis at TEMP = -40.000000 and TNOM = 27.000000

Using SPARSE 1.3 as Direct Linear Solver

No. of Data Rows : 6
voa = 4.8194271141e-04
ddc = -9.354549593e-08
dde = 9.2545664207e-08
Reset re-loads circuit * comparator-offset-mc @ tt_-40c_3.63v -- generated by sim/harness, do not edit

Circuit: * comparator-offset-mc @ tt_-40c_3.63v -- generated by sim/harness, do not edit

Doing analysis at TEMP = -40.000000 and TNOM = 27.000000

Using SPARSE 1.3 as Direct Linear Solver

No. of Data Rows : 6
voa = -1.903321919e-03
ddc = 3.6657813184e-07
dde = -3.567518581e-07
Reset re-loads circuit * comparator-offset-mc @ tt_-40c_3.63v -- generated by sim/harness, do not edit

Circuit: * comparator-offset-mc @ tt_-40c_3.63v -- generated by sim/harness, do not edit

Doing analysis at TEMP = -40.000000 and TNOM = 27.000000

Using SPARSE 1.3 as Direct Linear Solver

No. of Data Rows : 6
voa = -2.676477672e-04
ddc = 5.2610963979e-08
dde = -5.257999521e-08
Reset re-loads circuit * comparator-offset-mc @ tt_-40c_3.63v -- generated by sim/harness, do not edit

Circuit: * comparator-offset-mc @ tt_-40c_3.63v -- generated by sim/harness, do not edit

Doing analysis at TEMP = -40.000000 and TNOM = 27.000000

Using SPARSE 1.3 as Direct Linear Solver

No. of Data Rows : 6
voa = 1.6895824191e-03
ddc = -3.243298608e-07
dde = 3.1229976969e-07
Reset re-loads circuit * comparator-offset-mc @ tt_-40c_3.63v -- generated by sim/harness, do not edit

Circuit: * comparator-offset-mc @ tt_-40c_3.63v -- generated by sim/harness, do not edit

Doing analysis at TEMP = -40.000000 and TNOM = 27.000000

Using SPARSE 1.3 as Direct Linear Solver

No. of Data Rows : 6
voa = 2.3524970457e-05
ddc = -7.663065466e-10
dde = -3.113031316e-09
Reset re-loads circuit * comparator-offset-mc @ tt_-40c_3.63v -- generated by sim/harness, do not edit

Circuit: * comparator-offset-mc @ tt_-40c_3.63v -- generated by sim/harness, do not edit

Doing analysis at TEMP = -40.000000 and TNOM = 27.000000

Using SPARSE 1.3 as Direct Linear Solver

No. of Data Rows : 6
voa = 1.6812171496e-03
ddc = -3.169393264e-07
dde = 3.0396346618e-07
Reset re-loads circuit * comparator-offset-mc @ tt_-40c_3.63v -- generated by sim/harness, do not edit

Circuit: * comparator-offset-mc @ tt_-40c_3.63v -- generated by sim/harness, do not edit

Doing analysis at TEMP = -40.000000 and TNOM = 27.000000

Using SPARSE 1.3 as Direct Linear Solver

No. of Data Rows : 6
voa = -1.239711105e-04
ddc = 2.7650552872e-08
dde = -3.065227696e-08
Reset re-loads circuit * comparator-offset-mc @ tt_-40c_3.63v -- generated by sim/harness, do not edit

Circuit: * comparator-offset-mc @ tt_-40c_3.63v -- generated by sim/harness, do not edit

Doing analysis at TEMP = -40.000000 and TNOM = 27.000000

Using SPARSE 1.3 as Direct Linear Solver

No. of Data Rows : 6
voa = 3.2650469794e-03
ddc = -6.378313721e-07
dde = 6.1110560235e-07
Reset re-loads circuit * comparator-offset-mc @ tt_-40c_3.63v -- generated by sim/harness, do not edit

Circuit: * comparator-offset-mc @ tt_-40c_3.63v -- generated by sim/harness, do not edit

Doing analysis at TEMP = -40.000000 and TNOM = 27.000000

Using SPARSE 1.3 as Direct Linear Solver

No. of Data Rows : 6
voa = 2.1419542173e-03
ddc = -4.101174685e-07
dde = 3.9413181624e-07
Reset re-loads circuit * comparator-offset-mc @ tt_-40c_3.63v -- generated by sim/harness, do not edit

Circuit: * comparator-offset-mc @ tt_-40c_3.63v -- generated by sim/harness, do not edit

Doing analysis at TEMP = -40.000000 and TNOM = 27.000000

Using SPARSE 1.3 as Direct Linear Solver

No. of Data Rows : 6
voa = 4.8862395524e-04
ddc = -9.101578066e-08
dde = 8.7442331211e-08
Reset re-loads circuit * comparator-offset-mc @ tt_-40c_3.63v -- generated by sim/harness, do not edit

Circuit: * comparator-offset-mc @ tt_-40c_3.63v -- generated by sim/harness, do not edit

Doing analysis at TEMP = -40.000000 and TNOM = 27.000000

Using SPARSE 1.3 as Direct Linear Solver

No. of Data Rows : 6
voa = 4.8447392165e-04
ddc = -9.571735441e-08
dde = 9.5470025835e-08
Reset re-loads circuit * comparator-offset-mc @ tt_-40c_3.63v -- generated by sim/harness, do not edit

Circuit: * comparator-offset-mc @ tt_-40c_3.63v -- generated by sim/harness, do not edit

Doing analysis at TEMP = -40.000000 and TNOM = 27.000000

Using SPARSE 1.3 as Direct Linear Solver

No. of Data Rows : 6
voa = -9.586793488e-04
ddc = 1.8366607427e-07
dde = -1.810951372e-07
Reset re-loads circuit * comparator-offset-mc @ tt_-40c_3.63v -- generated by sim/harness, do not edit

Circuit: * comparator-offset-mc @ tt_-40c_3.63v -- generated by sim/harness, do not edit

Doing analysis at TEMP = -40.000000 and TNOM = 27.000000

Using SPARSE 1.3 as Direct Linear Solver

No. of Data Rows : 6
voa = 1.2082625368e-04
ddc = -2.662306713e-08
dde = 2.9354357399e-08
Reset re-loads circuit * comparator-offset-mc @ tt_-40c_3.63v -- generated by sim/harness, do not edit

Circuit: * comparator-offset-mc @ tt_-40c_3.63v -- generated by sim/harness, do not edit

Doing analysis at TEMP = -40.000000 and TNOM = 27.000000

Using SPARSE 1.3 as Direct Linear Solver

No. of Data Rows : 6
voa = -1.048028718e-03
ddc = 1.9910336502e-07
dde = -1.944121618e-07
Reset re-loads circuit * comparator-offset-mc @ tt_-40c_3.63v -- generated by sim/harness, do not edit

Circuit: * comparator-offset-mc @ tt_-40c_3.63v -- generated by sim/harness, do not edit

Doing analysis at TEMP = -40.000000 and TNOM = 27.000000

Using SPARSE 1.3 as Direct Linear Solver

No. of Data Rows : 6
voa = -1.214766784e-03
ddc = 2.3005823013e-07
dde = -2.214438680e-07
Reset re-loads circuit * comparator-offset-mc @ tt_-40c_3.63v -- generated by sim/harness, do not edit

Circuit: * comparator-offset-mc @ tt_-40c_3.63v -- generated by sim/harness, do not edit

Doing analysis at TEMP = -40.000000 and TNOM = 27.000000

Using SPARSE 1.3 as Direct Linear Solver

No. of Data Rows : 6
voa = -1.458386627e-03
ddc = 2.6979007284e-07
dde = -2.594683858e-07
Reset re-loads circuit * comparator-offset-mc @ tt_-40c_3.63v -- generated by sim/harness, do not edit

Circuit: * comparator-offset-mc @ tt_-40c_3.63v -- generated by sim/harness, do not edit

Doing analysis at TEMP = -40.000000 and TNOM = 27.000000

Using SPARSE 1.3 as Direct Linear Solver

No. of Data Rows : 6
voa = 1.4234111839e-03
ddc = -2.712900914e-07
dde = 2.6306985721e-07
Reset re-loads circuit * comparator-offset-mc @ tt_-40c_3.63v -- generated by sim/harness, do not edit

Circuit: * comparator-offset-mc @ tt_-40c_3.63v -- generated by sim/harness, do not edit

Doing analysis at TEMP = -40.000000 and TNOM = 27.000000

Using SPARSE 1.3 as Direct Linear Solver

No. of Data Rows : 6
voa = 1.2661466617e-03
ddc = -2.406131193e-07
dde = 2.3099324016e-07
Reset re-loads circuit * comparator-offset-mc @ tt_-40c_3.63v -- generated by sim/harness, do not edit

Circuit: * comparator-offset-mc @ tt_-40c_3.63v -- generated by sim/harness, do not edit

Doing analysis at TEMP = -40.000000 and TNOM = 27.000000

Using SPARSE 1.3 as Direct Linear Solver

No. of Data Rows : 6
voa = 4.5600265602e-05
ddc = -9.570368579e-09
dde = 1.0058983669e-08
Reset re-loads circuit * comparator-offset-mc @ tt_-40c_3.63v -- generated by sim/harness, do not edit

Circuit: * comparator-offset-mc @ tt_-40c_3.63v -- generated by sim/harness, do not edit

Doing analysis at TEMP = -40.000000 and TNOM = 27.000000

Using SPARSE 1.3 as Direct Linear Solver

No. of Data Rows : 6
voa = -1.926866694e-03
ddc = 3.6738367844e-07
dde = -3.589098640e-07
Reset re-loads circuit * comparator-offset-mc @ tt_-40c_3.63v -- generated by sim/harness, do not edit

Circuit: * comparator-offset-mc @ tt_-40c_3.63v -- generated by sim/harness, do not edit

Doing analysis at TEMP = -40.000000 and TNOM = 27.000000

Using SPARSE 1.3 as Direct Linear Solver

No. of Data Rows : 6
voa = 9.5760808926e-04
ddc = -1.869127713e-07
dde = 1.8331312252e-07
Reset re-loads circuit * comparator-offset-mc @ tt_-40c_3.63v -- generated by sim/harness, do not edit

Circuit: * comparator-offset-mc @ tt_-40c_3.63v -- generated by sim/harness, do not edit

Doing analysis at TEMP = -40.000000 and TNOM = 27.000000

Using SPARSE 1.3 as Direct Linear Solver

No. of Data Rows : 6
voa = 1.8193499517e-03
ddc = -3.496804452e-07
dde = 3.4426420796e-07
Reset re-loads circuit * comparator-offset-mc @ tt_-40c_3.63v -- generated by sim/harness, do not edit

Circuit: * comparator-offset-mc @ tt_-40c_3.63v -- generated by sim/harness, do not edit

Doing analysis at TEMP = -40.000000 and TNOM = 27.000000

Using SPARSE 1.3 as Direct Linear Solver

No. of Data Rows : 6
voa = 3.0116887300e-03
ddc = -5.701285578e-07
dde = 5.4819203733e-07
Reset re-loads circuit * comparator-offset-mc @ tt_-40c_3.63v -- generated by sim/harness, do not edit

Circuit: * comparator-offset-mc @ tt_-40c_3.63v -- generated by sim/harness, do not edit

Doing analysis at TEMP = -40.000000 and TNOM = 27.000000

Using SPARSE 1.3 as Direct Linear Solver

No. of Data Rows : 6
voa = -3.319477451e-03
ddc = 6.3244949713e-07
dde = -6.170755352e-07
Reset re-loads circuit * comparator-offset-mc @ tt_-40c_3.63v -- generated by sim/harness, do not edit

Circuit: * comparator-offset-mc @ tt_-40c_3.63v -- generated by sim/harness, do not edit

Doing analysis at TEMP = -40.000000 and TNOM = 27.000000

Using SPARSE 1.3 as Direct Linear Solver

No. of Data Rows : 6
voa = -1.422902137e-03
ddc = 2.6860486221e-07
dde = -2.610346252e-07
Reset re-loads circuit * comparator-offset-mc @ tt_-40c_3.63v -- generated by sim/harness, do not edit

Circuit: * comparator-offset-mc @ tt_-40c_3.63v -- generated by sim/harness, do not edit

Doing analysis at TEMP = -40.000000 and TNOM = 27.000000

Using SPARSE 1.3 as Direct Linear Solver

No. of Data Rows : 6
voa = 7.4298180661e-04
ddc = -1.435186530e-07
dde = 1.3924644137e-07
Reset re-loads circuit * comparator-offset-mc @ tt_-40c_3.63v -- generated by sim/harness, do not edit

Circuit: * comparator-offset-mc @ tt_-40c_3.63v -- generated by sim/harness, do not edit

Doing analysis at TEMP = -40.000000 and TNOM = 27.000000

Using SPARSE 1.3 as Direct Linear Solver

No. of Data Rows : 6
voa = -1.416969184e-03
ddc = 2.6787140437e-07
dde = -2.623186981e-07
Reset re-loads circuit * comparator-offset-mc @ tt_-40c_3.63v -- generated by sim/harness, do not edit

Circuit: * comparator-offset-mc @ tt_-40c_3.63v -- generated by sim/harness, do not edit

Doing analysis at TEMP = -40.000000 and TNOM = 27.000000

Using SPARSE 1.3 as Direct Linear Solver
 Reference value :  0.00000e+00
No. of Data Rows : 6
voa = 1.0292405782e-03
ddc = -1.992925689e-07
dde = 1.9049187197e-07
Reset re-loads circuit * comparator-offset-mc @ tt_-40c_3.63v -- generated by sim/harness, do not edit

Circuit: * comparator-offset-mc @ tt_-40c_3.63v -- generated by sim/harness, do not edit

Doing analysis at TEMP = -40.000000 and TNOM = 27.000000

Using SPARSE 1.3 as Direct Linear Solver

No. of Data Rows : 6
voa = -1.112657890e-03
ddc = 2.1455759796e-07
dde = -2.112973603e-07
Reset re-loads circuit * comparator-offset-mc @ tt_-40c_3.63v -- generated by sim/harness, do not edit

Circuit: * comparator-offset-mc @ tt_-40c_3.63v -- generated by sim/harness, do not edit

Doing analysis at TEMP = -40.000000 and TNOM = 27.000000

Using SPARSE 1.3 as Direct Linear Solver

No. of Data Rows : 6
voa = 1.3738915224e-04
ddc = -2.648771482e-08
dde = 2.5720560613e-08
Reset re-loads circuit * comparator-offset-mc @ tt_-40c_3.63v -- generated by sim/harness, do not edit

Circuit: * comparator-offset-mc @ tt_-40c_3.63v -- generated by sim/harness, do not edit

Doing analysis at TEMP = -40.000000 and TNOM = 27.000000

Using SPARSE 1.3 as Direct Linear Solver

No. of Data Rows : 6
voa = -2.082636317e-03
ddc = 3.9769619153e-07
dde = -3.874452894e-07
Reset re-loads circuit * comparator-offset-mc @ tt_-40c_3.63v -- generated by sim/harness, do not edit

Circuit: * comparator-offset-mc @ tt_-40c_3.63v -- generated by sim/harness, do not edit

Doing analysis at TEMP = -40.000000 and TNOM = 27.000000

Using SPARSE 1.3 as Direct Linear Solver

No. of Data Rows : 6
voa = -4.050018944e-04
ddc = 7.7898061270e-08
dde = -7.599507700e-08
Reset re-loads circuit * comparator-offset-mc @ tt_-40c_3.63v -- generated by sim/harness, do not edit

Circuit: * comparator-offset-mc @ tt_-40c_3.63v -- generated by sim/harness, do not edit

Doing analysis at TEMP = -40.000000 and TNOM = 27.000000

Using SPARSE 1.3 as Direct Linear Solver

No. of Data Rows : 6
voa = -2.865180957e-03
ddc = 5.4461663133e-07
dde = -5.281482597e-07
Reset re-loads circuit * comparator-offset-mc @ tt_-40c_3.63v -- generated by sim/harness, do not edit

Circuit: * comparator-offset-mc @ tt_-40c_3.63v -- generated by sim/harness, do not edit

Doing analysis at TEMP = -40.000000 and TNOM = 27.000000

Using SPARSE 1.3 as Direct Linear Solver

No. of Data Rows : 6
voa = 6.5391989690e-05
ddc = -1.278786252e-08
dde = 1.2743869664e-08
Reset re-loads circuit * comparator-offset-mc @ tt_-40c_3.63v -- generated by sim/harness, do not edit

Circuit: * comparator-offset-mc @ tt_-40c_3.63v -- generated by sim/harness, do not edit

Doing analysis at TEMP = -40.000000 and TNOM = 27.000000

Using SPARSE 1.3 as Direct Linear Solver

No. of Data Rows : 6
voa = -3.160815866e-04
ddc = 5.5977565542e-08
dde = -5.076235318e-08
Reset re-loads circuit * comparator-offset-mc @ tt_-40c_3.63v -- generated by sim/harness, do not edit

Circuit: * comparator-offset-mc @ tt_-40c_3.63v -- generated by sim/harness, do not edit

Doing analysis at TEMP = -40.000000 and TNOM = 27.000000

Using SPARSE 1.3 as Direct Linear Solver

No. of Data Rows : 6
voa = -4.591177985e-04
ddc = 8.3713619171e-08
dde = -8.015783763e-08
Reset re-loads circuit * comparator-offset-mc @ tt_-40c_3.63v -- generated by sim/harness, do not edit

Circuit: * comparator-offset-mc @ tt_-40c_3.63v -- generated by sim/harness, do not edit

Doing analysis at TEMP = -40.000000 and TNOM = 27.000000

Using SPARSE 1.3 as Direct Linear Solver

No. of Data Rows : 6
voa = 1.1729931256e-03
ddc = -2.250224472e-07
dde = 2.1847616167e-07
Reset re-loads circuit * comparator-offset-mc @ tt_-40c_3.63v -- generated by sim/harness, do not edit

Circuit: * comparator-offset-mc @ tt_-40c_3.63v -- generated by sim/harness, do not edit

Doing analysis at TEMP = -40.000000 and TNOM = 27.000000

Using SPARSE 1.3 as Direct Linear Solver

No. of Data Rows : 6
voa = 2.9134214991e-03
ddc = -5.857072264e-07
dde = 5.5907249374e-07
Reset re-loads circuit * comparator-offset-mc @ tt_-40c_3.63v -- generated by sim/harness, do not edit

Circuit: * comparator-offset-mc @ tt_-40c_3.63v -- generated by sim/harness, do not edit

Doing analysis at TEMP = -40.000000 and TNOM = 27.000000

Using SPARSE 1.3 as Direct Linear Solver

No. of Data Rows : 6
voa = 1.1125891413e-03
ddc = -2.129479544e-07
dde = 2.0491992823e-07
Reset re-loads circuit * comparator-offset-mc @ tt_-40c_3.63v -- generated by sim/harness, do not edit

Circuit: * comparator-offset-mc @ tt_-40c_3.63v -- generated by sim/harness, do not edit

Doing analysis at TEMP = -40.000000 and TNOM = 27.000000

Using SPARSE 1.3 as Direct Linear Solver

No. of Data Rows : 6
voa = 8.8887523456e-05
ddc = -1.734996088e-08
dde = 1.7150194323e-08
Reset re-loads circuit * comparator-offset-mc @ tt_-40c_3.63v -- generated by sim/harness, do not edit

Circuit: * comparator-offset-mc @ tt_-40c_3.63v -- generated by sim/harness, do not edit

Doing analysis at TEMP = -40.000000 and TNOM = 27.000000

Using SPARSE 1.3 as Direct Linear Solver

No. of Data Rows : 6
voa = -3.063685631e-04
ddc = 5.8903282718e-08
dde = -5.788876856e-08
Reset re-loads circuit * comparator-offset-mc @ tt_-40c_3.63v -- generated by sim/harness, do not edit

Circuit: * comparator-offset-mc @ tt_-40c_3.63v -- generated by sim/harness, do not edit

Doing analysis at TEMP = -40.000000 and TNOM = 27.000000

Using SPARSE 1.3 as Direct Linear Solver

No. of Data Rows : 6
voa = -3.028530041e-03
ddc = 5.7977397516e-07
dde = -5.670049582e-07
Reset re-loads circuit * comparator-offset-mc @ tt_-40c_3.63v -- generated by sim/harness, do not edit

Circuit: * comparator-offset-mc @ tt_-40c_3.63v -- generated by sim/harness, do not edit

Doing analysis at TEMP = -40.000000 and TNOM = 27.000000

Using SPARSE 1.3 as Direct Linear Solver

No. of Data Rows : 6
voa = 1.4767435455e-05
ddc = -1.923555660e-09
dde = 9.9038330600e-10
Reset re-loads circuit * comparator-offset-mc @ tt_-40c_3.63v -- generated by sim/harness, do not edit

Circuit: * comparator-offset-mc @ tt_-40c_3.63v -- generated by sim/harness, do not edit

Doing analysis at TEMP = -40.000000 and TNOM = 27.000000

Using SPARSE 1.3 as Direct Linear Solver

No. of Data Rows : 6
voa = -4.861119264e-04
ddc = 9.6427119394e-08
dde = -9.629562409e-08
Reset re-loads circuit * comparator-offset-mc @ tt_-40c_3.63v -- generated by sim/harness, do not edit

Circuit: * comparator-offset-mc @ tt_-40c_3.63v -- generated by sim/harness, do not edit

Doing analysis at TEMP = -40.000000 and TNOM = 27.000000

Using SPARSE 1.3 as Direct Linear Solver

No. of Data Rows : 6
voa = -1.660270151e-03
ddc = 3.1716485801e-07
dde = -3.085555448e-07
Reset re-loads circuit * comparator-offset-mc @ tt_-40c_3.63v -- generated by sim/harness, do not edit

Circuit: * comparator-offset-mc @ tt_-40c_3.63v -- generated by sim/harness, do not edit

Doing analysis at TEMP = -40.000000 and TNOM = 27.000000

Using SPARSE 1.3 as Direct Linear Solver

No. of Data Rows : 6
voa = 2.1633616596e-03
ddc = -4.228983804e-07
dde = 4.1094635417e-07
Reset re-loads circuit * comparator-offset-mc @ tt_-40c_3.63v -- generated by sim/harness, do not edit

Circuit: * comparator-offset-mc @ tt_-40c_3.63v -- generated by sim/harness, do not edit

Doing analysis at TEMP = -40.000000 and TNOM = 27.000000

Using SPARSE 1.3 as Direct Linear Solver

No. of Data Rows : 6
voa = -1.146483063e-04
ddc = 2.0124442517e-08
dde = -1.839825280e-08
Reset re-loads circuit * comparator-offset-mc @ tt_-40c_3.63v -- generated by sim/harness, do not edit

Circuit: * comparator-offset-mc @ tt_-40c_3.63v -- generated by sim/harness, do not edit

Doing analysis at TEMP = -40.000000 and TNOM = 27.000000

Using SPARSE 1.3 as Direct Linear Solver

No. of Data Rows : 6
voa = 5.1802982203e-04
ddc = -9.412815811e-08
dde = 8.6551689829e-08
Reset re-loads circuit * comparator-offset-mc @ tt_-40c_3.63v -- generated by sim/harness, do not edit

Circuit: * comparator-offset-mc @ tt_-40c_3.63v -- generated by sim/harness, do not edit

Doing analysis at TEMP = -40.000000 and TNOM = 27.000000

Using SPARSE 1.3 as Direct Linear Solver

No. of Data Rows : 6
voa = -9.693777405e-04
ddc = 1.8735352796e-07
dde = -1.835423245e-07
Reset re-loads circuit * comparator-offset-mc @ tt_-40c_3.63v -- generated by sim/harness, do not edit

Circuit: * comparator-offset-mc @ tt_-40c_3.63v -- generated by sim/harness, do not edit

Doing analysis at TEMP = -40.000000 and TNOM = 27.000000

Using SPARSE 1.3 as Direct Linear Solver

No. of Data Rows : 6
voa = -4.138957901e-04
ddc = 7.4833115110e-08
dde = -6.806877432e-08
Reset re-loads circuit * comparator-offset-mc @ tt_-40c_3.63v -- generated by sim/harness, do not edit

Circuit: * comparator-offset-mc @ tt_-40c_3.63v -- generated by sim/harness, do not edit

Doing analysis at TEMP = -40.000000 and TNOM = 27.000000

Using SPARSE 1.3 as Direct Linear Solver

No. of Data Rows : 6
voa = 1.4544654886e-03
ddc = -2.836133413e-07
dde = 2.7401397226e-07
Reset re-loads circuit * comparator-offset-mc @ tt_-40c_3.63v -- generated by sim/harness, do not edit

Circuit: * comparator-offset-mc @ tt_-40c_3.63v -- generated by sim/harness, do not edit

Doing analysis at TEMP = -40.000000 and TNOM = 27.000000

Using SPARSE 1.3 as Direct Linear Solver

No. of Data Rows : 6
voa = -2.261673167e-04
ddc = 4.3357854560e-08
dde = -4.170649718e-08
Reset re-loads circuit * comparator-offset-mc @ tt_-40c_3.63v -- generated by sim/harness, do not edit

Circuit: * comparator-offset-mc @ tt_-40c_3.63v -- generated by sim/harness, do not edit

Doing analysis at TEMP = -40.000000 and TNOM = 27.000000

Using SPARSE 1.3 as Direct Linear Solver

No. of Data Rows : 6
voa = 1.3072410016e-05
ddc = -5.289585114e-09
dde = 8.7746029927e-09
Reset re-loads circuit * comparator-offset-mc @ tt_-40c_3.63v -- generated by sim/harness, do not edit

Circuit: * comparator-offset-mc @ tt_-40c_3.63v -- generated by sim/harness, do not edit

Doing analysis at TEMP = -40.000000 and TNOM = 27.000000

Using SPARSE 1.3 as Direct Linear Solver

No. of Data Rows : 6
voa = 5.5259927054e-04
ddc = -1.053436627e-07
dde = 1.0334493887e-07
Reset re-loads circuit * comparator-offset-mc @ tt_-40c_3.63v -- generated by sim/harness, do not edit

Circuit: * comparator-offset-mc @ tt_-40c_3.63v -- generated by sim/harness, do not edit

Doing analysis at TEMP = -40.000000 and TNOM = 27.000000

Using SPARSE 1.3 as Direct Linear Solver

No. of Data Rows : 6
voa = -2.145460894e-03
ddc = 4.1022988665e-07
dde = -4.015810188e-07
Reset re-loads circuit * comparator-offset-mc @ tt_-40c_3.63v -- generated by sim/harness, do not edit

Circuit: * comparator-offset-mc @ tt_-40c_3.63v -- generated by sim/harness, do not edit

Doing analysis at TEMP = -40.000000 and TNOM = 27.000000

Using SPARSE 1.3 as Direct Linear Solver

No. of Data Rows : 6
voa = -1.571097072e-03
ddc = 2.9754572452e-07
dde = -2.891913783e-07
Reset re-loads circuit * comparator-offset-mc @ tt_-40c_3.63v -- generated by sim/harness, do not edit

Circuit: * comparator-offset-mc @ tt_-40c_3.63v -- generated by sim/harness, do not edit

Doing analysis at TEMP = -40.000000 and TNOM = 27.000000

Using SPARSE 1.3 as Direct Linear Solver

No. of Data Rows : 6
voa = -5.566714401e-04
ddc = 1.0913786627e-07
dde = -1.092363215e-07
Reset re-loads circuit * comparator-offset-mc @ tt_-40c_3.63v -- generated by sim/harness, do not edit

Circuit: * comparator-offset-mc @ tt_-40c_3.63v -- generated by sim/harness, do not edit

Doing analysis at TEMP = -40.000000 and TNOM = 27.000000

Using SPARSE 1.3 as Direct Linear Solver
 Reference value :  0.00000e+00
No. of Data Rows : 6
voa = -3.979469983e-03
ddc = 7.5025592707e-07
dde = -7.355606940e-07
Reset re-loads circuit * comparator-offset-mc @ tt_-40c_3.63v -- generated by sim/harness, do not edit

Circuit: * comparator-offset-mc @ tt_-40c_3.63v -- generated by sim/harness, do not edit

Doing analysis at TEMP = -40.000000 and TNOM = 27.000000

Using SPARSE 1.3 as Direct Linear Solver

No. of Data Rows : 6
voa = -1.113898265e-03
ddc = 2.0902886965e-07
dde = -2.018606216e-07
Reset re-loads circuit * comparator-offset-mc @ tt_-40c_3.63v -- generated by sim/harness, do not edit

Circuit: * comparator-offset-mc @ tt_-40c_3.63v -- generated by sim/harness, do not edit

Doing analysis at TEMP = -40.000000 and TNOM = 27.000000

Using SPARSE 1.3 as Direct Linear Solver

No. of Data Rows : 6
voa = 1.5048637954e-04
ddc = -3.195751641e-08
dde = 3.4037644646e-08
Reset re-loads circuit * comparator-offset-mc @ tt_-40c_3.63v -- generated by sim/harness, do not edit

Circuit: * comparator-offset-mc @ tt_-40c_3.63v -- generated by sim/harness, do not edit

Doing analysis at TEMP = -40.000000 and TNOM = 27.000000

Using SPARSE 1.3 as Direct Linear Solver

No. of Data Rows : 6
voa = 8.1494733105e-04
ddc = -1.593987564e-07
dde = 1.5573303765e-07
Reset re-loads circuit * comparator-offset-mc @ tt_-40c_3.63v -- generated by sim/harness, do not edit

Circuit: * comparator-offset-mc @ tt_-40c_3.63v -- generated by sim/harness, do not edit

Doing analysis at TEMP = -40.000000 and TNOM = 27.000000

Using SPARSE 1.3 as Direct Linear Solver

No. of Data Rows : 6
voa = -2.660874185e-04
ddc = 5.4014317720e-08
dde = -5.542083964e-08
Reset re-loads circuit * comparator-offset-mc @ tt_-40c_3.63v -- generated by sim/harness, do not edit

Circuit: * comparator-offset-mc @ tt_-40c_3.63v -- generated by sim/harness, do not edit

Doing analysis at TEMP = -40.000000 and TNOM = 27.000000

Using SPARSE 1.3 as Direct Linear Solver

No. of Data Rows : 6
voa = -1.482353142e-03
ddc = 2.8483480890e-07
dde = -2.759263022e-07
Reset re-loads circuit * comparator-offset-mc @ tt_-40c_3.63v -- generated by sim/harness, do not edit

Circuit: * comparator-offset-mc @ tt_-40c_3.63v -- generated by sim/harness, do not edit

Doing analysis at TEMP = -40.000000 and TNOM = 27.000000

Using SPARSE 1.3 as Direct Linear Solver

No. of Data Rows : 6
voa = 7.0858939695e-04
ddc = -1.395332924e-07
dde = 1.3763017815e-07
Reset re-loads circuit * comparator-offset-mc @ tt_-40c_3.63v -- generated by sim/harness, do not edit

Circuit: * comparator-offset-mc @ tt_-40c_3.63v -- generated by sim/harness, do not edit

Doing analysis at TEMP = -40.000000 and TNOM = 27.000000

Using SPARSE 1.3 as Direct Linear Solver

No. of Data Rows : 6
voa = -2.196192354e-03
ddc = 4.0969181312e-07
dde = -3.910828030e-07
Reset re-loads circuit * comparator-offset-mc @ tt_-40c_3.63v -- generated by sim/harness, do not edit

Circuit: * comparator-offset-mc @ tt_-40c_3.63v -- generated by sim/harness, do not edit

Doing analysis at TEMP = -40.000000 and TNOM = 27.000000

Using SPARSE 1.3 as Direct Linear Solver

No. of Data Rows : 6
voa = -2.742913793e-03
ddc = 5.1445187638e-07
dde = -4.977629313e-07
Reset re-loads circuit * comparator-offset-mc @ tt_-40c_3.63v -- generated by sim/harness, do not edit

Circuit: * comparator-offset-mc @ tt_-40c_3.63v -- generated by sim/harness, do not edit

Doing analysis at TEMP = -40.000000 and TNOM = 27.000000

Using SPARSE 1.3 as Direct Linear Solver

No. of Data Rows : 6
voa = 2.7214163932e-03
ddc = -5.344124020e-07
dde = 5.0869714289e-07
Reset re-loads circuit * comparator-offset-mc @ tt_-40c_3.63v -- generated by sim/harness, do not edit

Circuit: * comparator-offset-mc @ tt_-40c_3.63v -- generated by sim/harness, do not edit

Doing analysis at TEMP = -40.000000 and TNOM = 27.000000

Using SPARSE 1.3 as Direct Linear Solver

No. of Data Rows : 6
voa = 3.8090872264e-05
ddc = -7.170084767e-09
dde = 6.6508943160e-09
Reset re-loads circuit * comparator-offset-mc @ tt_-40c_3.63v -- generated by sim/harness, do not edit

Circuit: * comparator-offset-mc @ tt_-40c_3.63v -- generated by sim/harness, do not edit

Doing analysis at TEMP = -40.000000 and TNOM = 27.000000

Using SPARSE 1.3 as Direct Linear Solver

No. of Data Rows : 6
voa = -1.081884655e-03
ddc = 2.0945865660e-07
dde = -2.062193621e-07
Reset re-loads circuit * comparator-offset-mc @ tt_-40c_3.63v -- generated by sim/harness, do not edit

Circuit: * comparator-offset-mc @ tt_-40c_3.63v -- generated by sim/harness, do not edit

Doing analysis at TEMP = -40.000000 and TNOM = 27.000000

Using SPARSE 1.3 as Direct Linear Solver

No. of Data Rows : 6
voa = -6.926225945e-04
ddc = 1.2923680008e-07
dde = -1.229729977e-07
Reset re-loads circuit * comparator-offset-mc @ tt_-40c_3.63v -- generated by sim/harness, do not edit

Circuit: * comparator-offset-mc @ tt_-40c_3.63v -- generated by sim/harness, do not edit

Doing analysis at TEMP = -40.000000 and TNOM = 27.000000

Using SPARSE 1.3 as Direct Linear Solver

No. of Data Rows : 6
voa = -1.840679359e-03
ddc = 3.5666385613e-07
dde = -3.471192589e-07
Reset re-loads circuit * comparator-offset-mc @ tt_-40c_3.63v -- generated by sim/harness, do not edit

Circuit: * comparator-offset-mc @ tt_-40c_3.63v -- generated by sim/harness, do not edit

Doing analysis at TEMP = -40.000000 and TNOM = 27.000000

Using SPARSE 1.3 as Direct Linear Solver

No. of Data Rows : 6
voa = -7.702512462e-04
ddc = 1.4235853877e-07
dde = -1.379044963e-07
m_n_samples = 2.0000000000e+02
m_sig_vos_mv = 1.6340695842e+00
m_vos_3sig_mv = 4.9022087527e+00
m_mean_vos_uv = -5.613412714e+01
m_mean_vos_sem = -4.858155655e-01
m_sig_dvos_dn_uv = 3.1293549250e-01
m_sig_dvos_up_uv = 3.0337907434e-01
m_mean_dvos_dn_uv = 9.1408307139e-03
m_mean_dvos_up_uv = -1.006562361e-02
m_av_mean = 1.1440559104e+01
m_av_sigma_pct = 2.9772218775e+00
m_sig_rpair_uv = 0.0000000000e+00
m_vbias_anchor_mv = 8.1761159931e+02
Note: Simulation executed from .control section 

