
Note: No compatibility mode selected!


Circuit: * comparator-offset-mc @ tt_125c_3.63v -- generated by sim/harness, do not edit

Reset re-loads circuit * comparator-offset-mc @ tt_125c_3.63v -- generated by sim/harness, do not edit

Circuit: * comparator-offset-mc @ tt_125c_3.63v -- generated by sim/harness, do not edit

Doing analysis at TEMP = 125.000000 and TNOM = 27.000000

Using SPARSE 1.3 as Direct Linear Solver

No. of Data Rows : 6
voa = 1.4423480106e-03
ddc = -2.881781026e-07
dde = 2.8156908611e-07
Reset re-loads circuit * comparator-offset-mc @ tt_125c_3.63v -- generated by sim/harness, do not edit

Circuit: * comparator-offset-mc @ tt_125c_3.63v -- generated by sim/harness, do not edit

Doing analysis at TEMP = 125.000000 and TNOM = 27.000000

Using SPARSE 1.3 as Direct Linear Solver

No. of Data Rows : 6
voa = 1.4392089578e-03
ddc = -1.129748776e-07
dde = 1.2091871720e-07
Reset re-loads circuit * comparator-offset-mc @ tt_125c_3.63v -- generated by sim/harness, do not edit

Circuit: * comparator-offset-mc @ tt_125c_3.63v -- generated by sim/harness, do not edit

Doing analysis at TEMP = 125.000000 and TNOM = 27.000000

Using SPARSE 1.3 as Direct Linear Solver

No. of Data Rows : 6
voa = -1.018786805e-03
ddc = 5.9570384086e-08
dde = -5.884737115e-08
Reset re-loads circuit * comparator-offset-mc @ tt_125c_3.63v -- generated by sim/harness, do not edit

Circuit: * comparator-offset-mc @ tt_125c_3.63v -- generated by sim/harness, do not edit

Doing analysis at TEMP = 125.000000 and TNOM = 27.000000

Using SPARSE 1.3 as Direct Linear Solver

No. of Data Rows : 6
voa = 2.7632318268e-04
ddc = -4.220688054e-08
dde = 4.0629856701e-08
Reset re-loads circuit * comparator-offset-mc @ tt_125c_3.63v -- generated by sim/harness, do not edit

Circuit: * comparator-offset-mc @ tt_125c_3.63v -- generated by sim/harness, do not edit

Doing analysis at TEMP = 125.000000 and TNOM = 27.000000

Using SPARSE 1.3 as Direct Linear Solver

No. of Data Rows : 6
voa = -4.298796210e-04
ddc = 4.8691335697e-08
dde = -4.384554411e-08
Reset re-loads circuit * comparator-offset-mc @ tt_125c_3.63v -- generated by sim/harness, do not edit

Circuit: * comparator-offset-mc @ tt_125c_3.63v -- generated by sim/harness, do not edit

Doing analysis at TEMP = 125.000000 and TNOM = 27.000000

Using SPARSE 1.3 as Direct Linear Solver

No. of Data Rows : 6
voa = 1.8627331241e-03
ddc = -1.470007212e-07
dde = 1.1708286147e-07
Reset re-loads circuit * comparator-offset-mc @ tt_125c_3.63v -- generated by sim/harness, do not edit

Circuit: * comparator-offset-mc @ tt_125c_3.63v -- generated by sim/harness, do not edit

Doing analysis at TEMP = 125.000000 and TNOM = 27.000000

Using SPARSE 1.3 as Direct Linear Solver

No. of Data Rows : 6
voa = 1.8755387978e-03
ddc = -1.566914976e-07
dde = 1.5818515705e-07
Reset re-loads circuit * comparator-offset-mc @ tt_125c_3.63v -- generated by sim/harness, do not edit

Circuit: * comparator-offset-mc @ tt_125c_3.63v -- generated by sim/harness, do not edit

Doing analysis at TEMP = 125.000000 and TNOM = 27.000000

Using SPARSE 1.3 as Direct Linear Solver

No. of Data Rows : 6
voa = -1.365250649e-04
ddc = 5.5685303567e-08
dde = -5.539470091e-08
Reset re-loads circuit * comparator-offset-mc @ tt_125c_3.63v -- generated by sim/harness, do not edit

Circuit: * comparator-offset-mc @ tt_125c_3.63v -- generated by sim/harness, do not edit

Doing analysis at TEMP = 125.000000 and TNOM = 27.000000

Using SPARSE 1.3 as Direct Linear Solver

No. of Data Rows : 6
voa = 1.3078938414e-03
ddc = -2.671857426e-09
dde = -2.369925226e-08
Reset re-loads circuit * comparator-offset-mc @ tt_125c_3.63v -- generated by sim/harness, do not edit

Circuit: * comparator-offset-mc @ tt_125c_3.63v -- generated by sim/harness, do not edit

Doing analysis at TEMP = 125.000000 and TNOM = 27.000000

Using SPARSE 1.3 as Direct Linear Solver

No. of Data Rows : 6
voa = -7.268266570e-04
ddc = -4.430020435e-08
dde = 5.1308543082e-08
Reset re-loads circuit * comparator-offset-mc @ tt_125c_3.63v -- generated by sim/harness, do not edit

Circuit: * comparator-offset-mc @ tt_125c_3.63v -- generated by sim/harness, do not edit

Doing analysis at TEMP = 125.000000 and TNOM = 27.000000

Using SPARSE 1.3 as Direct Linear Solver

No. of Data Rows : 6
voa = -3.541483679e-03
ddc = 3.8415378650e-07
dde = -3.740978276e-07
Reset re-loads circuit * comparator-offset-mc @ tt_125c_3.63v -- generated by sim/harness, do not edit

Circuit: * comparator-offset-mc @ tt_125c_3.63v -- generated by sim/harness, do not edit

Doing analysis at TEMP = 125.000000 and TNOM = 27.000000

Using SPARSE 1.3 as Direct Linear Solver

No. of Data Rows : 6
voa = -6.855813875e-04
ddc = 1.4217692284e-07
dde = -1.350124863e-07
Reset re-loads circuit * comparator-offset-mc @ tt_125c_3.63v -- generated by sim/harness, do not edit

Circuit: * comparator-offset-mc @ tt_125c_3.63v -- generated by sim/harness, do not edit

Doing analysis at TEMP = 125.000000 and TNOM = 27.000000

Using SPARSE 1.3 as Direct Linear Solver

No. of Data Rows : 6
voa = -5.662668572e-04
ddc = 1.0378845482e-07
dde = -1.000169849e-07
Reset re-loads circuit * comparator-offset-mc @ tt_125c_3.63v -- generated by sim/harness, do not edit

Circuit: * comparator-offset-mc @ tt_125c_3.63v -- generated by sim/harness, do not edit

Doing analysis at TEMP = 125.000000 and TNOM = 27.000000

Using SPARSE 1.3 as Direct Linear Solver

No. of Data Rows : 6
voa = -3.352886775e-04
ddc = 4.6129231531e-08
dde = -4.493692973e-08
Reset re-loads circuit * comparator-offset-mc @ tt_125c_3.63v -- generated by sim/harness, do not edit

Circuit: * comparator-offset-mc @ tt_125c_3.63v -- generated by sim/harness, do not edit

Doing analysis at TEMP = 125.000000 and TNOM = 27.000000

Using SPARSE 1.3 as Direct Linear Solver

No. of Data Rows : 6
voa = 3.3703390436e-03
ddc = -6.152031461e-07
dde = 5.2438902785e-07
Reset re-loads circuit * comparator-offset-mc @ tt_125c_3.63v -- generated by sim/harness, do not edit

Circuit: * comparator-offset-mc @ tt_125c_3.63v -- generated by sim/harness, do not edit

Doing analysis at TEMP = 125.000000 and TNOM = 27.000000

Using SPARSE 1.3 as Direct Linear Solver

No. of Data Rows : 6
voa = -5.726788437e-04
ddc = 1.1490457251e-07
dde = -1.069600962e-07
Reset re-loads circuit * comparator-offset-mc @ tt_125c_3.63v -- generated by sim/harness, do not edit

Circuit: * comparator-offset-mc @ tt_125c_3.63v -- generated by sim/harness, do not edit

Doing analysis at TEMP = 125.000000 and TNOM = 27.000000

Using SPARSE 1.3 as Direct Linear Solver

No. of Data Rows : 6
voa = -1.288970358e-03
ddc = 2.2949545408e-07
dde = -2.229025879e-07
Reset re-loads circuit * comparator-offset-mc @ tt_125c_3.63v -- generated by sim/harness, do not edit

Circuit: * comparator-offset-mc @ tt_125c_3.63v -- generated by sim/harness, do not edit

Doing analysis at TEMP = 125.000000 and TNOM = 27.000000

Using SPARSE 1.3 as Direct Linear Solver

No. of Data Rows : 6
voa = 5.1644877452e-04
ddc = -9.314456231e-08
dde = 8.3866021651e-08
Reset re-loads circuit * comparator-offset-mc @ tt_125c_3.63v -- generated by sim/harness, do not edit

Circuit: * comparator-offset-mc @ tt_125c_3.63v -- generated by sim/harness, do not edit

Doing analysis at TEMP = 125.000000 and TNOM = 27.000000

Using SPARSE 1.3 as Direct Linear Solver

No. of Data Rows : 6
voa = -1.779892100e-03
ddc = 2.8153998255e-07
dde = -2.740081918e-07
Reset re-loads circuit * comparator-offset-mc @ tt_125c_3.63v -- generated by sim/harness, do not edit

Circuit: * comparator-offset-mc @ tt_125c_3.63v -- generated by sim/harness, do not edit

Doing analysis at TEMP = 125.000000 and TNOM = 27.000000

Using SPARSE 1.3 as Direct Linear Solver

No. of Data Rows : 6
voa = -1.471698133e-03
ddc = 1.4081389744e-07
dde = -1.270487277e-07
Reset re-loads circuit * comparator-offset-mc @ tt_125c_3.63v -- generated by sim/harness, do not edit

Circuit: * comparator-offset-mc @ tt_125c_3.63v -- generated by sim/harness, do not edit

Doing analysis at TEMP = 125.000000 and TNOM = 27.000000

Using SPARSE 1.3 as Direct Linear Solver

No. of Data Rows : 6
voa = -2.221722136e-03
ddc = 1.1044440840e-07
dde = -1.186868241e-07
Reset re-loads circuit * comparator-offset-mc @ tt_125c_3.63v -- generated by sim/harness, do not edit

Circuit: * comparator-offset-mc @ tt_125c_3.63v -- generated by sim/harness, do not edit

Doing analysis at TEMP = 125.000000 and TNOM = 27.000000

Using SPARSE 1.3 as Direct Linear Solver
 Reference value :  0.00000e+00
No. of Data Rows : 6
voa = -1.547038792e-03
ddc = 1.6783326699e-07
dde = -1.628129455e-07
Reset re-loads circuit * comparator-offset-mc @ tt_125c_3.63v -- generated by sim/harness, do not edit

Circuit: * comparator-offset-mc @ tt_125c_3.63v -- generated by sim/harness, do not edit

Doing analysis at TEMP = 125.000000 and TNOM = 27.000000

Using SPARSE 1.3 as Direct Linear Solver

No. of Data Rows : 6
voa = 1.5488536395e-03
ddc = -1.081304599e-10
dde = 6.9800784152e-09
Reset re-loads circuit * comparator-offset-mc @ tt_125c_3.63v -- generated by sim/harness, do not edit

Circuit: * comparator-offset-mc @ tt_125c_3.63v -- generated by sim/harness, do not edit

Doing analysis at TEMP = 125.000000 and TNOM = 27.000000

Using SPARSE 1.3 as Direct Linear Solver

No. of Data Rows : 6
voa = 1.0060363642e-03
ddc = -1.494469025e-07
dde = 1.4542518794e-07
Reset re-loads circuit * comparator-offset-mc @ tt_125c_3.63v -- generated by sim/harness, do not edit

Circuit: * comparator-offset-mc @ tt_125c_3.63v -- generated by sim/harness, do not edit

Doing analysis at TEMP = 125.000000 and TNOM = 27.000000

Using SPARSE 1.3 as Direct Linear Solver

No. of Data Rows : 6
voa = -1.426491931e-03
ddc = 2.0186689760e-07
dde = -1.889520420e-07
Reset re-loads circuit * comparator-offset-mc @ tt_125c_3.63v -- generated by sim/harness, do not edit

Circuit: * comparator-offset-mc @ tt_125c_3.63v -- generated by sim/harness, do not edit

Doing analysis at TEMP = 125.000000 and TNOM = 27.000000

Using SPARSE 1.3 as Direct Linear Solver

No. of Data Rows : 6
voa = 8.7110783272e-04
ddc = 8.5131954694e-09
dde = -5.013211978e-09
Reset re-loads circuit * comparator-offset-mc @ tt_125c_3.63v -- generated by sim/harness, do not edit

Circuit: * comparator-offset-mc @ tt_125c_3.63v -- generated by sim/harness, do not edit

Doing analysis at TEMP = 125.000000 and TNOM = 27.000000

Using SPARSE 1.3 as Direct Linear Solver

No. of Data Rows : 6
voa = 9.7458926333e-04
ddc = 7.1106950708e-08
dde = -5.457888084e-08
Reset re-loads circuit * comparator-offset-mc @ tt_125c_3.63v -- generated by sim/harness, do not edit

Circuit: * comparator-offset-mc @ tt_125c_3.63v -- generated by sim/harness, do not edit

Doing analysis at TEMP = 125.000000 and TNOM = 27.000000

Using SPARSE 1.3 as Direct Linear Solver

No. of Data Rows : 6
voa = 2.4233107025e-03
ddc = -1.186073603e-07
dde = 8.9900612956e-08
Reset re-loads circuit * comparator-offset-mc @ tt_125c_3.63v -- generated by sim/harness, do not edit

Circuit: * comparator-offset-mc @ tt_125c_3.63v -- generated by sim/harness, do not edit

Doing analysis at TEMP = 125.000000 and TNOM = 27.000000

Using SPARSE 1.3 as Direct Linear Solver

No. of Data Rows : 6
voa = 1.7749296515e-03
ddc = -1.802673172e-07
dde = 1.5248754509e-07
Reset re-loads circuit * comparator-offset-mc @ tt_125c_3.63v -- generated by sim/harness, do not edit

Circuit: * comparator-offset-mc @ tt_125c_3.63v -- generated by sim/harness, do not edit

Doing analysis at TEMP = 125.000000 and TNOM = 27.000000

Using SPARSE 1.3 as Direct Linear Solver

No. of Data Rows : 6
voa = 2.5712887698e-04
ddc = -9.409236113e-08
dde = 9.2452161016e-08
Reset re-loads circuit * comparator-offset-mc @ tt_125c_3.63v -- generated by sim/harness, do not edit

Circuit: * comparator-offset-mc @ tt_125c_3.63v -- generated by sim/harness, do not edit

Doing analysis at TEMP = 125.000000 and TNOM = 27.000000

Using SPARSE 1.3 as Direct Linear Solver

No. of Data Rows : 6
voa = 1.7961618066e-03
ddc = -1.990717115e-07
dde = 1.6581296304e-07
Reset re-loads circuit * comparator-offset-mc @ tt_125c_3.63v -- generated by sim/harness, do not edit

Circuit: * comparator-offset-mc @ tt_125c_3.63v -- generated by sim/harness, do not edit

Doing analysis at TEMP = 125.000000 and TNOM = 27.000000

Using SPARSE 1.3 as Direct Linear Solver

No. of Data Rows : 6
voa = -1.105666505e-03
ddc = 1.7272569672e-07
dde = -1.597651686e-07
Reset re-loads circuit * comparator-offset-mc @ tt_125c_3.63v -- generated by sim/harness, do not edit

Circuit: * comparator-offset-mc @ tt_125c_3.63v -- generated by sim/harness, do not edit

Doing analysis at TEMP = 125.000000 and TNOM = 27.000000

Using SPARSE 1.3 as Direct Linear Solver

No. of Data Rows : 6
voa = 8.4127206475e-04
ddc = -2.821261755e-07
dde = 2.7686257744e-07
Reset re-loads circuit * comparator-offset-mc @ tt_125c_3.63v -- generated by sim/harness, do not edit

Circuit: * comparator-offset-mc @ tt_125c_3.63v -- generated by sim/harness, do not edit

Doing analysis at TEMP = 125.000000 and TNOM = 27.000000

Using SPARSE 1.3 as Direct Linear Solver

No. of Data Rows : 6
voa = 1.5468718627e-03
ddc = -1.158715554e-07
dde = 1.1409505997e-07
Reset re-loads circuit * comparator-offset-mc @ tt_125c_3.63v -- generated by sim/harness, do not edit

Circuit: * comparator-offset-mc @ tt_125c_3.63v -- generated by sim/harness, do not edit

Doing analysis at TEMP = 125.000000 and TNOM = 27.000000

Using SPARSE 1.3 as Direct Linear Solver

No. of Data Rows : 6
voa = -1.922400044e-03
ddc = 1.2430662170e-07
dde = -1.289042129e-07
Reset re-loads circuit * comparator-offset-mc @ tt_125c_3.63v -- generated by sim/harness, do not edit

Circuit: * comparator-offset-mc @ tt_125c_3.63v -- generated by sim/harness, do not edit

Doing analysis at TEMP = 125.000000 and TNOM = 27.000000

Using SPARSE 1.3 as Direct Linear Solver

No. of Data Rows : 6
voa = -9.387469091e-05
ddc = 9.4319292124e-09
dde = -9.220348153e-09
Reset re-loads circuit * comparator-offset-mc @ tt_125c_3.63v -- generated by sim/harness, do not edit

Circuit: * comparator-offset-mc @ tt_125c_3.63v -- generated by sim/harness, do not edit

Doing analysis at TEMP = 125.000000 and TNOM = 27.000000

Using SPARSE 1.3 as Direct Linear Solver

No. of Data Rows : 6
voa = 1.6614519861e-03
ddc = -2.737370480e-07
dde = 2.4542769215e-07
Reset re-loads circuit * comparator-offset-mc @ tt_125c_3.63v -- generated by sim/harness, do not edit

Circuit: * comparator-offset-mc @ tt_125c_3.63v -- generated by sim/harness, do not edit

Doing analysis at TEMP = 125.000000 and TNOM = 27.000000

Using SPARSE 1.3 as Direct Linear Solver

No. of Data Rows : 6
voa = 7.2905839298e-04
ddc = -1.187651192e-07
dde = 1.1989912867e-07
Reset re-loads circuit * comparator-offset-mc @ tt_125c_3.63v -- generated by sim/harness, do not edit

Circuit: * comparator-offset-mc @ tt_125c_3.63v -- generated by sim/harness, do not edit

Doing analysis at TEMP = 125.000000 and TNOM = 27.000000

Using SPARSE 1.3 as Direct Linear Solver

No. of Data Rows : 6
voa = 1.9376491909e-03
ddc = -3.194298422e-08
dde = 7.2186542113e-09
Reset re-loads circuit * comparator-offset-mc @ tt_125c_3.63v -- generated by sim/harness, do not edit

Circuit: * comparator-offset-mc @ tt_125c_3.63v -- generated by sim/harness, do not edit

Doing analysis at TEMP = 125.000000 and TNOM = 27.000000

Using SPARSE 1.3 as Direct Linear Solver

No. of Data Rows : 6
voa = 1.2982442595e-04
ddc = 3.7686568056e-08
dde = -3.323940804e-08
Reset re-loads circuit * comparator-offset-mc @ tt_125c_3.63v -- generated by sim/harness, do not edit

Circuit: * comparator-offset-mc @ tt_125c_3.63v -- generated by sim/harness, do not edit

Doing analysis at TEMP = 125.000000 and TNOM = 27.000000

Using SPARSE 1.3 as Direct Linear Solver

No. of Data Rows : 6
voa = 2.4775402638e-03
ddc = -2.740763953e-07
dde = 2.4673794604e-07
Reset re-loads circuit * comparator-offset-mc @ tt_125c_3.63v -- generated by sim/harness, do not edit

Circuit: * comparator-offset-mc @ tt_125c_3.63v -- generated by sim/harness, do not edit

Doing analysis at TEMP = 125.000000 and TNOM = 27.000000

Using SPARSE 1.3 as Direct Linear Solver

No. of Data Rows : 6
voa = 1.7188769312e-03
ddc = -2.275568727e-07
dde = 2.2144020100e-07
Reset re-loads circuit * comparator-offset-mc @ tt_125c_3.63v -- generated by sim/harness, do not edit

Circuit: * comparator-offset-mc @ tt_125c_3.63v -- generated by sim/harness, do not edit

Doing analysis at TEMP = 125.000000 and TNOM = 27.000000

Using SPARSE 1.3 as Direct Linear Solver
 Reference value :  0.00000e+00
No. of Data Rows : 6
voa = 1.5213879627e-03
ddc = -9.302075885e-08
dde = 1.0327355554e-07
Reset re-loads circuit * comparator-offset-mc @ tt_125c_3.63v -- generated by sim/harness, do not edit

Circuit: * comparator-offset-mc @ tt_125c_3.63v -- generated by sim/harness, do not edit

Doing analysis at TEMP = 125.000000 and TNOM = 27.000000

Using SPARSE 1.3 as Direct Linear Solver

No. of Data Rows : 6
voa = -1.261758062e-03
ddc = 4.6639872127e-09
dde = 2.7359739064e-09
Reset re-loads circuit * comparator-offset-mc @ tt_125c_3.63v -- generated by sim/harness, do not edit

Circuit: * comparator-offset-mc @ tt_125c_3.63v -- generated by sim/harness, do not edit

Doing analysis at TEMP = 125.000000 and TNOM = 27.000000

Using SPARSE 1.3 as Direct Linear Solver

No. of Data Rows : 6
voa = 3.1373755507e-03
ddc = -3.078122674e-07
dde = 2.2937278839e-07
Reset re-loads circuit * comparator-offset-mc @ tt_125c_3.63v -- generated by sim/harness, do not edit

Circuit: * comparator-offset-mc @ tt_125c_3.63v -- generated by sim/harness, do not edit

Doing analysis at TEMP = 125.000000 and TNOM = 27.000000

Using SPARSE 1.3 as Direct Linear Solver

No. of Data Rows : 6
voa = -1.248093215e-04
ddc = 1.6701222475e-07
dde = -1.609608239e-07
Reset re-loads circuit * comparator-offset-mc @ tt_125c_3.63v -- generated by sim/harness, do not edit

Circuit: * comparator-offset-mc @ tt_125c_3.63v -- generated by sim/harness, do not edit

Doing analysis at TEMP = 125.000000 and TNOM = 27.000000

Using SPARSE 1.3 as Direct Linear Solver

No. of Data Rows : 6
voa = -2.578080772e-03
ddc = 1.5656796995e-07
dde = -1.549901530e-07
Reset re-loads circuit * comparator-offset-mc @ tt_125c_3.63v -- generated by sim/harness, do not edit

Circuit: * comparator-offset-mc @ tt_125c_3.63v -- generated by sim/harness, do not edit

Doing analysis at TEMP = 125.000000 and TNOM = 27.000000

Using SPARSE 1.3 as Direct Linear Solver

No. of Data Rows : 6
voa = 1.2767452537e-03
ddc = -7.283526160e-08
dde = 5.6762137506e-08
Reset re-loads circuit * comparator-offset-mc @ tt_125c_3.63v -- generated by sim/harness, do not edit

Circuit: * comparator-offset-mc @ tt_125c_3.63v -- generated by sim/harness, do not edit

Doing analysis at TEMP = 125.000000 and TNOM = 27.000000

Using SPARSE 1.3 as Direct Linear Solver

No. of Data Rows : 6
voa = 2.0819320169e-03
ddc = -2.679728239e-07
dde = 2.6127437898e-07
Reset re-loads circuit * comparator-offset-mc @ tt_125c_3.63v -- generated by sim/harness, do not edit

Circuit: * comparator-offset-mc @ tt_125c_3.63v -- generated by sim/harness, do not edit

Doing analysis at TEMP = 125.000000 and TNOM = 27.000000

Using SPARSE 1.3 as Direct Linear Solver

No. of Data Rows : 6
voa = 1.8012488380e-03
ddc = -1.381783022e-07
dde = 2.2135234428e-07
Reset re-loads circuit * comparator-offset-mc @ tt_125c_3.63v -- generated by sim/harness, do not edit

Circuit: * comparator-offset-mc @ tt_125c_3.63v -- generated by sim/harness, do not edit

Doing analysis at TEMP = 125.000000 and TNOM = 27.000000

Using SPARSE 1.3 as Direct Linear Solver

No. of Data Rows : 6
voa = -2.847781563e-03
ddc = 3.0848379343e-07
dde = -2.956210164e-07
Reset re-loads circuit * comparator-offset-mc @ tt_125c_3.63v -- generated by sim/harness, do not edit

Circuit: * comparator-offset-mc @ tt_125c_3.63v -- generated by sim/harness, do not edit

Doing analysis at TEMP = 125.000000 and TNOM = 27.000000

Using SPARSE 1.3 as Direct Linear Solver

No. of Data Rows : 6
voa = -4.332754223e-05
ddc = -2.470856741e-08
dde = 2.2648447898e-08
Reset re-loads circuit * comparator-offset-mc @ tt_125c_3.63v -- generated by sim/harness, do not edit

Circuit: * comparator-offset-mc @ tt_125c_3.63v -- generated by sim/harness, do not edit

Doing analysis at TEMP = 125.000000 and TNOM = 27.000000

Using SPARSE 1.3 as Direct Linear Solver

No. of Data Rows : 6
voa = -1.143369066e-03
ddc = 3.0862153180e-07
dde = -2.974778785e-07
Reset re-loads circuit * comparator-offset-mc @ tt_125c_3.63v -- generated by sim/harness, do not edit

Circuit: * comparator-offset-mc @ tt_125c_3.63v -- generated by sim/harness, do not edit

Doing analysis at TEMP = 125.000000 and TNOM = 27.000000

Using SPARSE 1.3 as Direct Linear Solver

No. of Data Rows : 6
voa = 2.2533950772e-03
ddc = -1.141727414e-07
dde = 7.1576582364e-08
Reset re-loads circuit * comparator-offset-mc @ tt_125c_3.63v -- generated by sim/harness, do not edit

Circuit: * comparator-offset-mc @ tt_125c_3.63v -- generated by sim/harness, do not edit

Doing analysis at TEMP = 125.000000 and TNOM = 27.000000

Using SPARSE 1.3 as Direct Linear Solver

No. of Data Rows : 6
voa = 2.1848808690e-03
ddc = -1.260463482e-07
dde = 9.9844260902e-08
Reset re-loads circuit * comparator-offset-mc @ tt_125c_3.63v -- generated by sim/harness, do not edit

Circuit: * comparator-offset-mc @ tt_125c_3.63v -- generated by sim/harness, do not edit

Doing analysis at TEMP = 125.000000 and TNOM = 27.000000

Using SPARSE 1.3 as Direct Linear Solver

No. of Data Rows : 6
voa = 2.5131530326e-03
ddc = -7.388753385e-08
dde = 7.6302753735e-08
Reset re-loads circuit * comparator-offset-mc @ tt_125c_3.63v -- generated by sim/harness, do not edit

Circuit: * comparator-offset-mc @ tt_125c_3.63v -- generated by sim/harness, do not edit

Doing analysis at TEMP = 125.000000 and TNOM = 27.000000

Using SPARSE 1.3 as Direct Linear Solver

No. of Data Rows : 6
voa = -1.460990676e-03
ddc = 3.5631580375e-08
dde = -3.832739837e-08
Reset re-loads circuit * comparator-offset-mc @ tt_125c_3.63v -- generated by sim/harness, do not edit

Circuit: * comparator-offset-mc @ tt_125c_3.63v -- generated by sim/harness, do not edit

Doing analysis at TEMP = 125.000000 and TNOM = 27.000000

Using SPARSE 1.3 as Direct Linear Solver

No. of Data Rows : 6
voa = -5.580979873e-04
ddc = -5.185856083e-08
dde = 5.4530505348e-08
Reset re-loads circuit * comparator-offset-mc @ tt_125c_3.63v -- generated by sim/harness, do not edit

Circuit: * comparator-offset-mc @ tt_125c_3.63v -- generated by sim/harness, do not edit

Doing analysis at TEMP = 125.000000 and TNOM = 27.000000

Using SPARSE 1.3 as Direct Linear Solver

No. of Data Rows : 6
voa = 1.2003228686e-03
ddc = -1.205411863e-07
dde = 1.1761602292e-07
Reset re-loads circuit * comparator-offset-mc @ tt_125c_3.63v -- generated by sim/harness, do not edit

Circuit: * comparator-offset-mc @ tt_125c_3.63v -- generated by sim/harness, do not edit

Doing analysis at TEMP = 125.000000 and TNOM = 27.000000

Using SPARSE 1.3 as Direct Linear Solver

No. of Data Rows : 6
voa = -2.117865516e-03
ddc = 2.8393467609e-07
dde = -2.793896292e-07
Reset re-loads circuit * comparator-offset-mc @ tt_125c_3.63v -- generated by sim/harness, do not edit

Circuit: * comparator-offset-mc @ tt_125c_3.63v -- generated by sim/harness, do not edit

Doing analysis at TEMP = 125.000000 and TNOM = 27.000000

Using SPARSE 1.3 as Direct Linear Solver

No. of Data Rows : 6
voa = -1.342073123e-03
ddc = 1.2469190304e-07
dde = -1.144134237e-07
Reset re-loads circuit * comparator-offset-mc @ tt_125c_3.63v -- generated by sim/harness, do not edit

Circuit: * comparator-offset-mc @ tt_125c_3.63v -- generated by sim/harness, do not edit

Doing analysis at TEMP = 125.000000 and TNOM = 27.000000

Using SPARSE 1.3 as Direct Linear Solver

No. of Data Rows : 6
voa = 1.0813205554e-03
ddc = 3.4007995745e-08
dde = -4.430556746e-08
Reset re-loads circuit * comparator-offset-mc @ tt_125c_3.63v -- generated by sim/harness, do not edit

Circuit: * comparator-offset-mc @ tt_125c_3.63v -- generated by sim/harness, do not edit

Doing analysis at TEMP = 125.000000 and TNOM = 27.000000

Using SPARSE 1.3 as Direct Linear Solver

No. of Data Rows : 6
voa = 2.7202150420e-03
ddc = -2.987838074e-07
dde = 2.9399561383e-07
Reset re-loads circuit * comparator-offset-mc @ tt_125c_3.63v -- generated by sim/harness, do not edit

Circuit: * comparator-offset-mc @ tt_125c_3.63v -- generated by sim/harness, do not edit

Doing analysis at TEMP = 125.000000 and TNOM = 27.000000

Using SPARSE 1.3 as Direct Linear Solver
 Reference value :  0.00000e+00
No. of Data Rows : 6
voa = -2.762524739e-03
ddc = 4.0520506539e-07
dde = -3.896930130e-07
Reset re-loads circuit * comparator-offset-mc @ tt_125c_3.63v -- generated by sim/harness, do not edit

Circuit: * comparator-offset-mc @ tt_125c_3.63v -- generated by sim/harness, do not edit

Doing analysis at TEMP = 125.000000 and TNOM = 27.000000

Using SPARSE 1.3 as Direct Linear Solver

No. of Data Rows : 6
voa = 3.8831349918e-04
ddc = -1.243740320e-07
dde = 1.2059661845e-07
Reset re-loads circuit * comparator-offset-mc @ tt_125c_3.63v -- generated by sim/harness, do not edit

Circuit: * comparator-offset-mc @ tt_125c_3.63v -- generated by sim/harness, do not edit

Doing analysis at TEMP = 125.000000 and TNOM = 27.000000

Using SPARSE 1.3 as Direct Linear Solver

No. of Data Rows : 6
voa = -1.197555642e-03
ddc = 9.0997231906e-08
dde = -8.071447972e-08
Reset re-loads circuit * comparator-offset-mc @ tt_125c_3.63v -- generated by sim/harness, do not edit

Circuit: * comparator-offset-mc @ tt_125c_3.63v -- generated by sim/harness, do not edit

Doing analysis at TEMP = 125.000000 and TNOM = 27.000000

Using SPARSE 1.3 as Direct Linear Solver

No. of Data Rows : 6
voa = -2.472897234e-03
ddc = 3.4139757010e-07
dde = -3.240386873e-07
Reset re-loads circuit * comparator-offset-mc @ tt_125c_3.63v -- generated by sim/harness, do not edit

Circuit: * comparator-offset-mc @ tt_125c_3.63v -- generated by sim/harness, do not edit

Doing analysis at TEMP = 125.000000 and TNOM = 27.000000

Using SPARSE 1.3 as Direct Linear Solver

No. of Data Rows : 6
voa = 1.6494318797e-03
ddc = -2.082307821e-07
dde = 2.0300824062e-07
Reset re-loads circuit * comparator-offset-mc @ tt_125c_3.63v -- generated by sim/harness, do not edit

Circuit: * comparator-offset-mc @ tt_125c_3.63v -- generated by sim/harness, do not edit

Doing analysis at TEMP = 125.000000 and TNOM = 27.000000

Using SPARSE 1.3 as Direct Linear Solver

No. of Data Rows : 6
voa = 1.0932531362e-03
ddc = -2.144081196e-07
dde = 2.2588484627e-07
Reset re-loads circuit * comparator-offset-mc @ tt_125c_3.63v -- generated by sim/harness, do not edit

Circuit: * comparator-offset-mc @ tt_125c_3.63v -- generated by sim/harness, do not edit

Doing analysis at TEMP = 125.000000 and TNOM = 27.000000

Using SPARSE 1.3 as Direct Linear Solver

No. of Data Rows : 6
voa = 1.4207641836e-03
ddc = -2.161739550e-07
dde = 1.9290251554e-07
Reset re-loads circuit * comparator-offset-mc @ tt_125c_3.63v -- generated by sim/harness, do not edit

Circuit: * comparator-offset-mc @ tt_125c_3.63v -- generated by sim/harness, do not edit

Doing analysis at TEMP = 125.000000 and TNOM = 27.000000

Using SPARSE 1.3 as Direct Linear Solver

No. of Data Rows : 6
voa = 4.1160697187e-03
ddc = -4.675771542e-07
dde = 3.8967805512e-07
Reset re-loads circuit * comparator-offset-mc @ tt_125c_3.63v -- generated by sim/harness, do not edit

Circuit: * comparator-offset-mc @ tt_125c_3.63v -- generated by sim/harness, do not edit

Doing analysis at TEMP = 125.000000 and TNOM = 27.000000

Using SPARSE 1.3 as Direct Linear Solver

No. of Data Rows : 6
voa = -2.031803286e-03
ddc = 1.1217387332e-07
dde = -1.180547880e-07
Reset re-loads circuit * comparator-offset-mc @ tt_125c_3.63v -- generated by sim/harness, do not edit

Circuit: * comparator-offset-mc @ tt_125c_3.63v -- generated by sim/harness, do not edit

Doing analysis at TEMP = 125.000000 and TNOM = 27.000000

Using SPARSE 1.3 as Direct Linear Solver

No. of Data Rows : 6
voa = 2.5842487166e-04
ddc = -3.909958121e-08
dde = 3.5601033102e-08
Reset re-loads circuit * comparator-offset-mc @ tt_125c_3.63v -- generated by sim/harness, do not edit

Circuit: * comparator-offset-mc @ tt_125c_3.63v -- generated by sim/harness, do not edit

Doing analysis at TEMP = 125.000000 and TNOM = 27.000000

Using SPARSE 1.3 as Direct Linear Solver

No. of Data Rows : 6
voa = -2.453670335e-03
ddc = 1.4812679713e-07
dde = -1.499077617e-07
Reset re-loads circuit * comparator-offset-mc @ tt_125c_3.63v -- generated by sim/harness, do not edit

Circuit: * comparator-offset-mc @ tt_125c_3.63v -- generated by sim/harness, do not edit

Doing analysis at TEMP = 125.000000 and TNOM = 27.000000

Using SPARSE 1.3 as Direct Linear Solver

No. of Data Rows : 6
voa = -5.249244533e-05
ddc = -6.877478682e-08
dde = 6.2529888036e-08
Reset re-loads circuit * comparator-offset-mc @ tt_125c_3.63v -- generated by sim/harness, do not edit

Circuit: * comparator-offset-mc @ tt_125c_3.63v -- generated by sim/harness, do not edit

Doing analysis at TEMP = 125.000000 and TNOM = 27.000000

Using SPARSE 1.3 as Direct Linear Solver

No. of Data Rows : 6
voa = -1.725484983e-03
ddc = 1.0578346727e-07
dde = -1.043488433e-07
Reset re-loads circuit * comparator-offset-mc @ tt_125c_3.63v -- generated by sim/harness, do not edit

Circuit: * comparator-offset-mc @ tt_125c_3.63v -- generated by sim/harness, do not edit

Doing analysis at TEMP = 125.000000 and TNOM = 27.000000

Using SPARSE 1.3 as Direct Linear Solver

No. of Data Rows : 6
voa = -3.943800600e-04
ddc = 4.7193862221e-08
dde = -4.362770002e-08
Reset re-loads circuit * comparator-offset-mc @ tt_125c_3.63v -- generated by sim/harness, do not edit

Circuit: * comparator-offset-mc @ tt_125c_3.63v -- generated by sim/harness, do not edit

Doing analysis at TEMP = 125.000000 and TNOM = 27.000000

Using SPARSE 1.3 as Direct Linear Solver

No. of Data Rows : 6
voa = 1.9787140621e-03
ddc = -2.346381148e-07
dde = 2.3007267593e-07
Reset re-loads circuit * comparator-offset-mc @ tt_125c_3.63v -- generated by sim/harness, do not edit

Circuit: * comparator-offset-mc @ tt_125c_3.63v -- generated by sim/harness, do not edit

Doing analysis at TEMP = 125.000000 and TNOM = 27.000000

Using SPARSE 1.3 as Direct Linear Solver

No. of Data Rows : 6
voa = -4.611722349e-04
ddc = 1.2907370981e-07
dde = -1.218165679e-07
Reset re-loads circuit * comparator-offset-mc @ tt_125c_3.63v -- generated by sim/harness, do not edit

Circuit: * comparator-offset-mc @ tt_125c_3.63v -- generated by sim/harness, do not edit

Doing analysis at TEMP = 125.000000 and TNOM = 27.000000

Using SPARSE 1.3 as Direct Linear Solver

No. of Data Rows : 6
voa = -1.478178389e-03
ddc = 1.3754668244e-07
dde = -1.328376913e-07
Reset re-loads circuit * comparator-offset-mc @ tt_125c_3.63v -- generated by sim/harness, do not edit

Circuit: * comparator-offset-mc @ tt_125c_3.63v -- generated by sim/harness, do not edit

Doing analysis at TEMP = 125.000000 and TNOM = 27.000000

Using SPARSE 1.3 as Direct Linear Solver

No. of Data Rows : 6
voa = -4.584895673e-04
ddc = -5.946943093e-08
dde = 6.0231279638e-08
Reset re-loads circuit * comparator-offset-mc @ tt_125c_3.63v -- generated by sim/harness, do not edit

Circuit: * comparator-offset-mc @ tt_125c_3.63v -- generated by sim/harness, do not edit

Doing analysis at TEMP = 125.000000 and TNOM = 27.000000

Using SPARSE 1.3 as Direct Linear Solver

No. of Data Rows : 6
voa = -1.224755875e-03
ddc = 7.9757932131e-08
dde = -7.324239818e-08
Reset re-loads circuit * comparator-offset-mc @ tt_125c_3.63v -- generated by sim/harness, do not edit

Circuit: * comparator-offset-mc @ tt_125c_3.63v -- generated by sim/harness, do not edit

Doing analysis at TEMP = 125.000000 and TNOM = 27.000000

Using SPARSE 1.3 as Direct Linear Solver

No. of Data Rows : 6
voa = 2.4928429436e-03
ddc = -3.299841808e-07
dde = 3.5468257589e-07
Reset re-loads circuit * comparator-offset-mc @ tt_125c_3.63v -- generated by sim/harness, do not edit

Circuit: * comparator-offset-mc @ tt_125c_3.63v -- generated by sim/harness, do not edit

Doing analysis at TEMP = 125.000000 and TNOM = 27.000000

Using SPARSE 1.3 as Direct Linear Solver
 Reference value :  0.00000e+00
No. of Data Rows : 6
voa = 2.0376897983e-03
ddc = -1.375726822e-07
dde = 1.3541333071e-07
Reset re-loads circuit * comparator-offset-mc @ tt_125c_3.63v -- generated by sim/harness, do not edit

Circuit: * comparator-offset-mc @ tt_125c_3.63v -- generated by sim/harness, do not edit

Doing analysis at TEMP = 125.000000 and TNOM = 27.000000

Using SPARSE 1.3 as Direct Linear Solver

No. of Data Rows : 6
voa = -3.370701866e-04
ddc = -1.526528249e-08
dde = 1.9402327134e-08
Reset re-loads circuit * comparator-offset-mc @ tt_125c_3.63v -- generated by sim/harness, do not edit

Circuit: * comparator-offset-mc @ tt_125c_3.63v -- generated by sim/harness, do not edit

Doing analysis at TEMP = 125.000000 and TNOM = 27.000000

Using SPARSE 1.3 as Direct Linear Solver

No. of Data Rows : 6
voa = -1.814852722e-03
ddc = 2.7016296202e-07
dde = -2.627949605e-07
Reset re-loads circuit * comparator-offset-mc @ tt_125c_3.63v -- generated by sim/harness, do not edit

Circuit: * comparator-offset-mc @ tt_125c_3.63v -- generated by sim/harness, do not edit

Doing analysis at TEMP = 125.000000 and TNOM = 27.000000

Using SPARSE 1.3 as Direct Linear Solver

No. of Data Rows : 6
voa = 9.4449107998e-04
ddc = -9.691188794e-08
dde = 9.9843545833e-08
Reset re-loads circuit * comparator-offset-mc @ tt_125c_3.63v -- generated by sim/harness, do not edit

Circuit: * comparator-offset-mc @ tt_125c_3.63v -- generated by sim/harness, do not edit

Doing analysis at TEMP = 125.000000 and TNOM = 27.000000

Using SPARSE 1.3 as Direct Linear Solver

No. of Data Rows : 6
voa = -1.162826031e-03
ddc = 1.6768205876e-07
dde = -1.681229958e-07
Reset re-loads circuit * comparator-offset-mc @ tt_125c_3.63v -- generated by sim/harness, do not edit

Circuit: * comparator-offset-mc @ tt_125c_3.63v -- generated by sim/harness, do not edit

Doing analysis at TEMP = 125.000000 and TNOM = 27.000000

Using SPARSE 1.3 as Direct Linear Solver

No. of Data Rows : 6
voa = 1.0719163386e-03
ddc = -2.085164402e-07
dde = 1.8879895235e-07
Reset re-loads circuit * comparator-offset-mc @ tt_125c_3.63v -- generated by sim/harness, do not edit

Circuit: * comparator-offset-mc @ tt_125c_3.63v -- generated by sim/harness, do not edit

Doing analysis at TEMP = 125.000000 and TNOM = 27.000000

Using SPARSE 1.3 as Direct Linear Solver

No. of Data Rows : 6
voa = -1.195222191e-03
ddc = 1.5245162596e-07
dde = -1.485575128e-07
Reset re-loads circuit * comparator-offset-mc @ tt_125c_3.63v -- generated by sim/harness, do not edit

Circuit: * comparator-offset-mc @ tt_125c_3.63v -- generated by sim/harness, do not edit

Doing analysis at TEMP = 125.000000 and TNOM = 27.000000

Using SPARSE 1.3 as Direct Linear Solver

No. of Data Rows : 6
voa = 7.5334804455e-05
ddc = -8.050358601e-08
dde = 7.8024662678e-08
Reset re-loads circuit * comparator-offset-mc @ tt_125c_3.63v -- generated by sim/harness, do not edit

Circuit: * comparator-offset-mc @ tt_125c_3.63v -- generated by sim/harness, do not edit

Doing analysis at TEMP = 125.000000 and TNOM = 27.000000

Using SPARSE 1.3 as Direct Linear Solver

No. of Data Rows : 6
voa = -1.151752244e-03
ddc = 1.6606922616e-07
dde = -1.493324635e-07
Reset re-loads circuit * comparator-offset-mc @ tt_125c_3.63v -- generated by sim/harness, do not edit

Circuit: * comparator-offset-mc @ tt_125c_3.63v -- generated by sim/harness, do not edit

Doing analysis at TEMP = 125.000000 and TNOM = 27.000000

Using SPARSE 1.3 as Direct Linear Solver

No. of Data Rows : 6
voa = -1.850103646e-03
ddc = 1.8233329195e-07
dde = -1.782528050e-07
Reset re-loads circuit * comparator-offset-mc @ tt_125c_3.63v -- generated by sim/harness, do not edit

Circuit: * comparator-offset-mc @ tt_125c_3.63v -- generated by sim/harness, do not edit

Doing analysis at TEMP = 125.000000 and TNOM = 27.000000

Using SPARSE 1.3 as Direct Linear Solver

No. of Data Rows : 6
voa = 4.5546376212e-04
ddc = 1.1514896376e-07
dde = -1.159244406e-07
Reset re-loads circuit * comparator-offset-mc @ tt_125c_3.63v -- generated by sim/harness, do not edit

Circuit: * comparator-offset-mc @ tt_125c_3.63v -- generated by sim/harness, do not edit

Doing analysis at TEMP = 125.000000 and TNOM = 27.000000

Using SPARSE 1.3 as Direct Linear Solver

No. of Data Rows : 6
voa = 3.6026670734e-03
ddc = -3.597174394e-07
dde = 2.8865369024e-07
Reset re-loads circuit * comparator-offset-mc @ tt_125c_3.63v -- generated by sim/harness, do not edit

Circuit: * comparator-offset-mc @ tt_125c_3.63v -- generated by sim/harness, do not edit

Doing analysis at TEMP = 125.000000 and TNOM = 27.000000

Using SPARSE 1.3 as Direct Linear Solver

No. of Data Rows : 6
voa = 1.9063218943e-04
ddc = -4.738128897e-08
dde = 4.4238104719e-08
Reset re-loads circuit * comparator-offset-mc @ tt_125c_3.63v -- generated by sim/harness, do not edit

Circuit: * comparator-offset-mc @ tt_125c_3.63v -- generated by sim/harness, do not edit

Doing analysis at TEMP = 125.000000 and TNOM = 27.000000

Using SPARSE 1.3 as Direct Linear Solver

No. of Data Rows : 6
voa = -1.144079876e-03
ddc = 1.1644733846e-07
dde = -1.138048139e-07
Reset re-loads circuit * comparator-offset-mc @ tt_125c_3.63v -- generated by sim/harness, do not edit

Circuit: * comparator-offset-mc @ tt_125c_3.63v -- generated by sim/harness, do not edit

Doing analysis at TEMP = 125.000000 and TNOM = 27.000000

Using SPARSE 1.3 as Direct Linear Solver

No. of Data Rows : 6
voa = -1.686447889e-03
ddc = 7.7301393434e-08
dde = -6.702421505e-08
Reset re-loads circuit * comparator-offset-mc @ tt_125c_3.63v -- generated by sim/harness, do not edit

Circuit: * comparator-offset-mc @ tt_125c_3.63v -- generated by sim/harness, do not edit

Doing analysis at TEMP = 125.000000 and TNOM = 27.000000

Using SPARSE 1.3 as Direct Linear Solver

No. of Data Rows : 6
voa = 4.6107954769e-04
ddc = -1.962268168e-09
dde = -1.362601035e-09
Reset re-loads circuit * comparator-offset-mc @ tt_125c_3.63v -- generated by sim/harness, do not edit

Circuit: * comparator-offset-mc @ tt_125c_3.63v -- generated by sim/harness, do not edit

Doing analysis at TEMP = 125.000000 and TNOM = 27.000000

Using SPARSE 1.3 as Direct Linear Solver

No. of Data Rows : 6
voa = -4.308659713e-03
ddc = 4.4190687130e-07
dde = -4.460598624e-07
Reset re-loads circuit * comparator-offset-mc @ tt_125c_3.63v -- generated by sim/harness, do not edit

Circuit: * comparator-offset-mc @ tt_125c_3.63v -- generated by sim/harness, do not edit

Doing analysis at TEMP = 125.000000 and TNOM = 27.000000

Using SPARSE 1.3 as Direct Linear Solver

No. of Data Rows : 6
voa = -4.479179909e-03
ddc = 3.4446778806e-07
dde = -3.502491264e-07
Reset re-loads circuit * comparator-offset-mc @ tt_125c_3.63v -- generated by sim/harness, do not edit

Circuit: * comparator-offset-mc @ tt_125c_3.63v -- generated by sim/harness, do not edit

Doing analysis at TEMP = 125.000000 and TNOM = 27.000000

Using SPARSE 1.3 as Direct Linear Solver

No. of Data Rows : 6
voa = -1.306952665e-03
ddc = 5.3035128906e-08
dde = -5.336044037e-08
Reset re-loads circuit * comparator-offset-mc @ tt_125c_3.63v -- generated by sim/harness, do not edit

Circuit: * comparator-offset-mc @ tt_125c_3.63v -- generated by sim/harness, do not edit

Doing analysis at TEMP = 125.000000 and TNOM = 27.000000

Using SPARSE 1.3 as Direct Linear Solver

No. of Data Rows : 6
voa = 1.4286413281e-04
ddc = 1.9412606293e-08
dde = -1.721931032e-08
Reset re-loads circuit * comparator-offset-mc @ tt_125c_3.63v -- generated by sim/harness, do not edit

Circuit: * comparator-offset-mc @ tt_125c_3.63v -- generated by sim/harness, do not edit

Doing analysis at TEMP = 125.000000 and TNOM = 27.000000

Using SPARSE 1.3 as Direct Linear Solver
 Reference value :  0.00000e+00
No. of Data Rows : 6
voa = -1.159219260e-03
ddc = 2.2158462770e-08
dde = -2.295803257e-08
Reset re-loads circuit * comparator-offset-mc @ tt_125c_3.63v -- generated by sim/harness, do not edit

Circuit: * comparator-offset-mc @ tt_125c_3.63v -- generated by sim/harness, do not edit

Doing analysis at TEMP = 125.000000 and TNOM = 27.000000

Using SPARSE 1.3 as Direct Linear Solver

No. of Data Rows : 6
voa = 1.5162020962e-03
ddc = -2.093385037e-07
dde = 2.0614536047e-07
Reset re-loads circuit * comparator-offset-mc @ tt_125c_3.63v -- generated by sim/harness, do not edit

Circuit: * comparator-offset-mc @ tt_125c_3.63v -- generated by sim/harness, do not edit

Doing analysis at TEMP = 125.000000 and TNOM = 27.000000

Using SPARSE 1.3 as Direct Linear Solver

No. of Data Rows : 6
voa = -4.388684177e-04
ddc = 1.9377809400e-07
dde = -1.884671956e-07
Reset re-loads circuit * comparator-offset-mc @ tt_125c_3.63v -- generated by sim/harness, do not edit

Circuit: * comparator-offset-mc @ tt_125c_3.63v -- generated by sim/harness, do not edit

Doing analysis at TEMP = 125.000000 and TNOM = 27.000000

Using SPARSE 1.3 as Direct Linear Solver

No. of Data Rows : 6
voa = -6.021650072e-05
ddc = 2.1724237038e-08
dde = -2.054175521e-08
Reset re-loads circuit * comparator-offset-mc @ tt_125c_3.63v -- generated by sim/harness, do not edit

Circuit: * comparator-offset-mc @ tt_125c_3.63v -- generated by sim/harness, do not edit

Doing analysis at TEMP = 125.000000 and TNOM = 27.000000

Using SPARSE 1.3 as Direct Linear Solver

No. of Data Rows : 6
voa = -3.069600938e-03
ddc = 2.4994102156e-07
dde = -2.510522216e-07
Reset re-loads circuit * comparator-offset-mc @ tt_125c_3.63v -- generated by sim/harness, do not edit

Circuit: * comparator-offset-mc @ tt_125c_3.63v -- generated by sim/harness, do not edit

Doing analysis at TEMP = 125.000000 and TNOM = 27.000000

Using SPARSE 1.3 as Direct Linear Solver

No. of Data Rows : 6
voa = -4.076922949e-04
ddc = 6.4395733909e-08
dde = -6.877630396e-08
Reset re-loads circuit * comparator-offset-mc @ tt_125c_3.63v -- generated by sim/harness, do not edit

Circuit: * comparator-offset-mc @ tt_125c_3.63v -- generated by sim/harness, do not edit

Doing analysis at TEMP = 125.000000 and TNOM = 27.000000

Using SPARSE 1.3 as Direct Linear Solver

No. of Data Rows : 6
voa = 2.5619088132e-03
ddc = -4.748773997e-07
dde = 4.1953579801e-07
Reset re-loads circuit * comparator-offset-mc @ tt_125c_3.63v -- generated by sim/harness, do not edit

Circuit: * comparator-offset-mc @ tt_125c_3.63v -- generated by sim/harness, do not edit

Doing analysis at TEMP = 125.000000 and TNOM = 27.000000

Using SPARSE 1.3 as Direct Linear Solver

No. of Data Rows : 6
voa = -1.605155415e-03
ddc = 2.4655479098e-07
dde = -2.258222549e-07
Reset re-loads circuit * comparator-offset-mc @ tt_125c_3.63v -- generated by sim/harness, do not edit

Circuit: * comparator-offset-mc @ tt_125c_3.63v -- generated by sim/harness, do not edit

Doing analysis at TEMP = 125.000000 and TNOM = 27.000000

Using SPARSE 1.3 as Direct Linear Solver

No. of Data Rows : 6
voa = 4.3574311516e-04
ddc = 1.2692968811e-08
dde = -1.543731852e-08
Reset re-loads circuit * comparator-offset-mc @ tt_125c_3.63v -- generated by sim/harness, do not edit

Circuit: * comparator-offset-mc @ tt_125c_3.63v -- generated by sim/harness, do not edit

Doing analysis at TEMP = 125.000000 and TNOM = 27.000000

Using SPARSE 1.3 as Direct Linear Solver

No. of Data Rows : 6
voa = -1.659295444e-03
ddc = 1.7336030205e-07
dde = -1.859097641e-07
Reset re-loads circuit * comparator-offset-mc @ tt_125c_3.63v -- generated by sim/harness, do not edit

Circuit: * comparator-offset-mc @ tt_125c_3.63v -- generated by sim/harness, do not edit

Doing analysis at TEMP = 125.000000 and TNOM = 27.000000

Using SPARSE 1.3 as Direct Linear Solver

No. of Data Rows : 6
voa = 1.1567180196e-03
ddc = -7.759151045e-08
dde = 6.2410148879e-08
Reset re-loads circuit * comparator-offset-mc @ tt_125c_3.63v -- generated by sim/harness, do not edit

Circuit: * comparator-offset-mc @ tt_125c_3.63v -- generated by sim/harness, do not edit

Doing analysis at TEMP = 125.000000 and TNOM = 27.000000

Using SPARSE 1.3 as Direct Linear Solver

No. of Data Rows : 6
voa = -1.964355844e-03
ddc = 1.4062351911e-07
dde = -1.366875784e-07
Reset re-loads circuit * comparator-offset-mc @ tt_125c_3.63v -- generated by sim/harness, do not edit

Circuit: * comparator-offset-mc @ tt_125c_3.63v -- generated by sim/harness, do not edit

Doing analysis at TEMP = 125.000000 and TNOM = 27.000000

Using SPARSE 1.3 as Direct Linear Solver

No. of Data Rows : 6
voa = -8.574633962e-05
ddc = 3.9012350354e-08
dde = -3.683624316e-08
Reset re-loads circuit * comparator-offset-mc @ tt_125c_3.63v -- generated by sim/harness, do not edit

Circuit: * comparator-offset-mc @ tt_125c_3.63v -- generated by sim/harness, do not edit

Doing analysis at TEMP = 125.000000 and TNOM = 27.000000

Using SPARSE 1.3 as Direct Linear Solver

No. of Data Rows : 6
voa = 2.7537851023e-03
ddc = -1.812168034e-07
dde = 1.3627295174e-07
Reset re-loads circuit * comparator-offset-mc @ tt_125c_3.63v -- generated by sim/harness, do not edit

Circuit: * comparator-offset-mc @ tt_125c_3.63v -- generated by sim/harness, do not edit

Doing analysis at TEMP = 125.000000 and TNOM = 27.000000

Using SPARSE 1.3 as Direct Linear Solver

No. of Data Rows : 6
voa = -1.528083380e-03
ddc = 1.2900726602e-07
dde = -1.190401585e-07
Reset re-loads circuit * comparator-offset-mc @ tt_125c_3.63v -- generated by sim/harness, do not edit

Circuit: * comparator-offset-mc @ tt_125c_3.63v -- generated by sim/harness, do not edit

Doing analysis at TEMP = 125.000000 and TNOM = 27.000000

Using SPARSE 1.3 as Direct Linear Solver

No. of Data Rows : 6
voa = 1.9151300573e-03
ddc = -1.918851062e-07
dde = 1.5975182190e-07
Reset re-loads circuit * comparator-offset-mc @ tt_125c_3.63v -- generated by sim/harness, do not edit

Circuit: * comparator-offset-mc @ tt_125c_3.63v -- generated by sim/harness, do not edit

Doing analysis at TEMP = 125.000000 and TNOM = 27.000000

Using SPARSE 1.3 as Direct Linear Solver

No. of Data Rows : 6
voa = -5.330735244e-04
ddc = 6.9219299089e-08
dde = -6.744748756e-08
Reset re-loads circuit * comparator-offset-mc @ tt_125c_3.63v -- generated by sim/harness, do not edit

Circuit: * comparator-offset-mc @ tt_125c_3.63v -- generated by sim/harness, do not edit

Doing analysis at TEMP = 125.000000 and TNOM = 27.000000

Using SPARSE 1.3 as Direct Linear Solver

No. of Data Rows : 6
voa = -1.044949761e-04
ddc = 6.1490757075e-08
dde = -5.938681071e-08
Reset re-loads circuit * comparator-offset-mc @ tt_125c_3.63v -- generated by sim/harness, do not edit

Circuit: * comparator-offset-mc @ tt_125c_3.63v -- generated by sim/harness, do not edit

Doing analysis at TEMP = 125.000000 and TNOM = 27.000000

Using SPARSE 1.3 as Direct Linear Solver

No. of Data Rows : 6
voa = 8.0344982129e-04
ddc = -1.253019528e-07
dde = 1.3933449611e-07
Reset re-loads circuit * comparator-offset-mc @ tt_125c_3.63v -- generated by sim/harness, do not edit

Circuit: * comparator-offset-mc @ tt_125c_3.63v -- generated by sim/harness, do not edit

Doing analysis at TEMP = 125.000000 and TNOM = 27.000000

Using SPARSE 1.3 as Direct Linear Solver
 Reference value :  0.00000e+00
No. of Data Rows : 6
voa = 1.7872763640e-03
ddc = -1.165185115e-07
dde = 7.6506280148e-08
Reset re-loads circuit * comparator-offset-mc @ tt_125c_3.63v -- generated by sim/harness, do not edit

Circuit: * comparator-offset-mc @ tt_125c_3.63v -- generated by sim/harness, do not edit

Doing analysis at TEMP = 125.000000 and TNOM = 27.000000

Using SPARSE 1.3 as Direct Linear Solver

No. of Data Rows : 6
voa = -8.718237116e-04
ddc = 2.6773195746e-07
dde = -2.542937034e-07
Reset re-loads circuit * comparator-offset-mc @ tt_125c_3.63v -- generated by sim/harness, do not edit

Circuit: * comparator-offset-mc @ tt_125c_3.63v -- generated by sim/harness, do not edit

Doing analysis at TEMP = 125.000000 and TNOM = 27.000000

Using SPARSE 1.3 as Direct Linear Solver

No. of Data Rows : 6
voa = 4.7101968952e-05
ddc = 1.2048727115e-08
dde = -1.192486052e-08
Reset re-loads circuit * comparator-offset-mc @ tt_125c_3.63v -- generated by sim/harness, do not edit

Circuit: * comparator-offset-mc @ tt_125c_3.63v -- generated by sim/harness, do not edit

Doing analysis at TEMP = 125.000000 and TNOM = 27.000000

Using SPARSE 1.3 as Direct Linear Solver

No. of Data Rows : 6
voa = -2.385789005e-04
ddc = 1.8999790050e-08
dde = -1.650339864e-08
Reset re-loads circuit * comparator-offset-mc @ tt_125c_3.63v -- generated by sim/harness, do not edit

Circuit: * comparator-offset-mc @ tt_125c_3.63v -- generated by sim/harness, do not edit

Doing analysis at TEMP = 125.000000 and TNOM = 27.000000

Using SPARSE 1.3 as Direct Linear Solver

No. of Data Rows : 6
voa = -2.359942450e-03
ddc = 2.3607000992e-07
dde = -2.225323319e-07
Reset re-loads circuit * comparator-offset-mc @ tt_125c_3.63v -- generated by sim/harness, do not edit

Circuit: * comparator-offset-mc @ tt_125c_3.63v -- generated by sim/harness, do not edit

Doing analysis at TEMP = 125.000000 and TNOM = 27.000000

Using SPARSE 1.3 as Direct Linear Solver

No. of Data Rows : 6
voa = 3.5701086105e-04
ddc = -1.275880088e-07
dde = 1.2530474502e-07
Reset re-loads circuit * comparator-offset-mc @ tt_125c_3.63v -- generated by sim/harness, do not edit

Circuit: * comparator-offset-mc @ tt_125c_3.63v -- generated by sim/harness, do not edit

Doing analysis at TEMP = 125.000000 and TNOM = 27.000000

Using SPARSE 1.3 as Direct Linear Solver

No. of Data Rows : 6
voa = 4.5610871455e-04
ddc = -1.227328300e-07
dde = 1.1426412875e-07
Reset re-loads circuit * comparator-offset-mc @ tt_125c_3.63v -- generated by sim/harness, do not edit

Circuit: * comparator-offset-mc @ tt_125c_3.63v -- generated by sim/harness, do not edit

Doing analysis at TEMP = 125.000000 and TNOM = 27.000000

Using SPARSE 1.3 as Direct Linear Solver

No. of Data Rows : 6
voa = -1.902988400e-03
ddc = 1.9014254023e-07
dde = -1.858592244e-07
Reset re-loads circuit * comparator-offset-mc @ tt_125c_3.63v -- generated by sim/harness, do not edit

Circuit: * comparator-offset-mc @ tt_125c_3.63v -- generated by sim/harness, do not edit

Doing analysis at TEMP = 125.000000 and TNOM = 27.000000

Using SPARSE 1.3 as Direct Linear Solver

No. of Data Rows : 6
voa = -2.477391625e-04
ddc = 8.0953724108e-08
dde = -7.687411263e-08
Reset re-loads circuit * comparator-offset-mc @ tt_125c_3.63v -- generated by sim/harness, do not edit

Circuit: * comparator-offset-mc @ tt_125c_3.63v -- generated by sim/harness, do not edit

Doing analysis at TEMP = 125.000000 and TNOM = 27.000000

Using SPARSE 1.3 as Direct Linear Solver

No. of Data Rows : 6
voa = 1.7025969362e-03
ddc = -1.427517458e-07
dde = 1.3130289922e-07
Reset re-loads circuit * comparator-offset-mc @ tt_125c_3.63v -- generated by sim/harness, do not edit

Circuit: * comparator-offset-mc @ tt_125c_3.63v -- generated by sim/harness, do not edit

Doing analysis at TEMP = 125.000000 and TNOM = 27.000000

Using SPARSE 1.3 as Direct Linear Solver

No. of Data Rows : 6
voa = 7.5830893017e-05
ddc = 1.3700168412e-07
dde = -1.332146305e-07
Reset re-loads circuit * comparator-offset-mc @ tt_125c_3.63v -- generated by sim/harness, do not edit

Circuit: * comparator-offset-mc @ tt_125c_3.63v -- generated by sim/harness, do not edit

Doing analysis at TEMP = 125.000000 and TNOM = 27.000000

Using SPARSE 1.3 as Direct Linear Solver

No. of Data Rows : 6
voa = 1.7257305630e-03
ddc = -6.728565342e-08
dde = 3.6509977714e-08
Reset re-loads circuit * comparator-offset-mc @ tt_125c_3.63v -- generated by sim/harness, do not edit

Circuit: * comparator-offset-mc @ tt_125c_3.63v -- generated by sim/harness, do not edit

Doing analysis at TEMP = 125.000000 and TNOM = 27.000000

Using SPARSE 1.3 as Direct Linear Solver

No. of Data Rows : 6
voa = -7.034198994e-05
ddc = 1.5776453898e-07
dde = -1.522202939e-07
Reset re-loads circuit * comparator-offset-mc @ tt_125c_3.63v -- generated by sim/harness, do not edit

Circuit: * comparator-offset-mc @ tt_125c_3.63v -- generated by sim/harness, do not edit

Doing analysis at TEMP = 125.000000 and TNOM = 27.000000

Using SPARSE 1.3 as Direct Linear Solver

No. of Data Rows : 6
voa = 3.2803752499e-03
ddc = -2.819469496e-07
dde = 2.7859293504e-07
Reset re-loads circuit * comparator-offset-mc @ tt_125c_3.63v -- generated by sim/harness, do not edit

Circuit: * comparator-offset-mc @ tt_125c_3.63v -- generated by sim/harness, do not edit

Doing analysis at TEMP = 125.000000 and TNOM = 27.000000

Using SPARSE 1.3 as Direct Linear Solver

No. of Data Rows : 6
voa = 2.1701373153e-03
ddc = -1.364478102e-07
dde = 1.3421844692e-07
Reset re-loads circuit * comparator-offset-mc @ tt_125c_3.63v -- generated by sim/harness, do not edit

Circuit: * comparator-offset-mc @ tt_125c_3.63v -- generated by sim/harness, do not edit

Doing analysis at TEMP = 125.000000 and TNOM = 27.000000

Using SPARSE 1.3 as Direct Linear Solver

No. of Data Rows : 6
voa = 5.0398615651e-04
ddc = -1.200718202e-08
dde = 5.9539440741e-09
Reset re-loads circuit * comparator-offset-mc @ tt_125c_3.63v -- generated by sim/harness, do not edit

Circuit: * comparator-offset-mc @ tt_125c_3.63v -- generated by sim/harness, do not edit

Doing analysis at TEMP = 125.000000 and TNOM = 27.000000

Using SPARSE 1.3 as Direct Linear Solver

No. of Data Rows : 6
voa = 4.4827119611e-04
ddc = -1.438629355e-07
dde = 1.3882917088e-07
Reset re-loads circuit * comparator-offset-mc @ tt_125c_3.63v -- generated by sim/harness, do not edit

Circuit: * comparator-offset-mc @ tt_125c_3.63v -- generated by sim/harness, do not edit

Doing analysis at TEMP = 125.000000 and TNOM = 27.000000

Using SPARSE 1.3 as Direct Linear Solver

No. of Data Rows : 6
voa = -9.252075243e-04
ddc = 1.9245875014e-07
dde = -1.820136784e-07
Reset re-loads circuit * comparator-offset-mc @ tt_125c_3.63v -- generated by sim/harness, do not edit

Circuit: * comparator-offset-mc @ tt_125c_3.63v -- generated by sim/harness, do not edit

Doing analysis at TEMP = 125.000000 and TNOM = 27.000000

Using SPARSE 1.3 as Direct Linear Solver

No. of Data Rows : 6
voa = 7.1449566624e-05
ddc = -1.458687229e-07
dde = 1.4064138109e-07
Reset re-loads circuit * comparator-offset-mc @ tt_125c_3.63v -- generated by sim/harness, do not edit

Circuit: * comparator-offset-mc @ tt_125c_3.63v -- generated by sim/harness, do not edit

Doing analysis at TEMP = 125.000000 and TNOM = 27.000000

Using SPARSE 1.3 as Direct Linear Solver
 Reference value :  0.00000e+00
No. of Data Rows : 6
voa = -1.040416675e-03
ddc = 1.2914630957e-07
dde = -1.223863664e-07
Reset re-loads circuit * comparator-offset-mc @ tt_125c_3.63v -- generated by sim/harness, do not edit

Circuit: * comparator-offset-mc @ tt_125c_3.63v -- generated by sim/harness, do not edit

Doing analysis at TEMP = 125.000000 and TNOM = 27.000000

Using SPARSE 1.3 as Direct Linear Solver

No. of Data Rows : 6
voa = -1.244262129e-03
ddc = 4.2094674444e-08
dde = -4.218033409e-08
Reset re-loads circuit * comparator-offset-mc @ tt_125c_3.63v -- generated by sim/harness, do not edit

Circuit: * comparator-offset-mc @ tt_125c_3.63v -- generated by sim/harness, do not edit

Doing analysis at TEMP = 125.000000 and TNOM = 27.000000

Using SPARSE 1.3 as Direct Linear Solver

No. of Data Rows : 6
voa = -1.512347927e-03
ddc = 5.1165436486e-09
dde = 4.8205856934e-09
Reset re-loads circuit * comparator-offset-mc @ tt_125c_3.63v -- generated by sim/harness, do not edit

Circuit: * comparator-offset-mc @ tt_125c_3.63v -- generated by sim/harness, do not edit

Doing analysis at TEMP = 125.000000 and TNOM = 27.000000

Using SPARSE 1.3 as Direct Linear Solver

No. of Data Rows : 6
voa = 1.4229133332e-03
ddc = -1.431875683e-07
dde = 1.5475845876e-07
Reset re-loads circuit * comparator-offset-mc @ tt_125c_3.63v -- generated by sim/harness, do not edit

Circuit: * comparator-offset-mc @ tt_125c_3.63v -- generated by sim/harness, do not edit

Doing analysis at TEMP = 125.000000 and TNOM = 27.000000

Using SPARSE 1.3 as Direct Linear Solver

No. of Data Rows : 6
voa = 1.2918218217e-03
ddc = -7.063195744e-08
dde = 5.6143084376e-08
Reset re-loads circuit * comparator-offset-mc @ tt_125c_3.63v -- generated by sim/harness, do not edit

Circuit: * comparator-offset-mc @ tt_125c_3.63v -- generated by sim/harness, do not edit

Doing analysis at TEMP = 125.000000 and TNOM = 27.000000

Using SPARSE 1.3 as Direct Linear Solver

No. of Data Rows : 6
voa = 3.4498267427e-05
ddc = -3.496047663e-08
dde = 3.3551548337e-08
Reset re-loads circuit * comparator-offset-mc @ tt_125c_3.63v -- generated by sim/harness, do not edit

Circuit: * comparator-offset-mc @ tt_125c_3.63v -- generated by sim/harness, do not edit

Doing analysis at TEMP = 125.000000 and TNOM = 27.000000

Using SPARSE 1.3 as Direct Linear Solver

No. of Data Rows : 6
voa = -1.915210100e-03
ddc = 2.2801869117e-07
dde = -2.162324773e-07
Reset re-loads circuit * comparator-offset-mc @ tt_125c_3.63v -- generated by sim/harness, do not edit

Circuit: * comparator-offset-mc @ tt_125c_3.63v -- generated by sim/harness, do not edit

Doing analysis at TEMP = 125.000000 and TNOM = 27.000000

Using SPARSE 1.3 as Direct Linear Solver

No. of Data Rows : 6
voa = 9.2240250382e-04
ddc = -1.966046908e-07
dde = 1.8265796124e-07
Reset re-loads circuit * comparator-offset-mc @ tt_125c_3.63v -- generated by sim/harness, do not edit

Circuit: * comparator-offset-mc @ tt_125c_3.63v -- generated by sim/harness, do not edit

Doing analysis at TEMP = 125.000000 and TNOM = 27.000000

Using SPARSE 1.3 as Direct Linear Solver

No. of Data Rows : 6
voa = 1.7415414236e-03
ddc = -4.266945195e-07
dde = 3.8698418379e-07
Reset re-loads circuit * comparator-offset-mc @ tt_125c_3.63v -- generated by sim/harness, do not edit

Circuit: * comparator-offset-mc @ tt_125c_3.63v -- generated by sim/harness, do not edit

Doing analysis at TEMP = 125.000000 and TNOM = 27.000000

Using SPARSE 1.3 as Direct Linear Solver

No. of Data Rows : 6
voa = 3.0623836355e-03
ddc = -2.106503719e-07
dde = 1.3427132887e-07
Reset re-loads circuit * comparator-offset-mc @ tt_125c_3.63v -- generated by sim/harness, do not edit

Circuit: * comparator-offset-mc @ tt_125c_3.63v -- generated by sim/harness, do not edit

Doing analysis at TEMP = 125.000000 and TNOM = 27.000000

Using SPARSE 1.3 as Direct Linear Solver

No. of Data Rows : 6
voa = -3.334079713e-03
ddc = 2.8949987228e-07
dde = -2.828441593e-07
Reset re-loads circuit * comparator-offset-mc @ tt_125c_3.63v -- generated by sim/harness, do not edit

Circuit: * comparator-offset-mc @ tt_125c_3.63v -- generated by sim/harness, do not edit

Doing analysis at TEMP = 125.000000 and TNOM = 27.000000

Using SPARSE 1.3 as Direct Linear Solver

No. of Data Rows : 6
voa = -1.431741377e-03
ddc = 1.2459358894e-07
dde = -1.134976964e-07
Reset re-loads circuit * comparator-offset-mc @ tt_125c_3.63v -- generated by sim/harness, do not edit

Circuit: * comparator-offset-mc @ tt_125c_3.63v -- generated by sim/harness, do not edit

Doing analysis at TEMP = 125.000000 and TNOM = 27.000000

Using SPARSE 1.3 as Direct Linear Solver

No. of Data Rows : 6
voa = 7.3774670193e-04
ddc = -8.442770397e-08
dde = 8.8158298895e-08
Reset re-loads circuit * comparator-offset-mc @ tt_125c_3.63v -- generated by sim/harness, do not edit

Circuit: * comparator-offset-mc @ tt_125c_3.63v -- generated by sim/harness, do not edit

Doing analysis at TEMP = 125.000000 and TNOM = 27.000000

Using SPARSE 1.3 as Direct Linear Solver

No. of Data Rows : 6
voa = -1.399972822e-03
ddc = 1.9111181180e-07
dde = -1.854923605e-07
Reset re-loads circuit * comparator-offset-mc @ tt_125c_3.63v -- generated by sim/harness, do not edit

Circuit: * comparator-offset-mc @ tt_125c_3.63v -- generated by sim/harness, do not edit

Doing analysis at TEMP = 125.000000 and TNOM = 27.000000

Using SPARSE 1.3 as Direct Linear Solver

No. of Data Rows : 6
voa = 1.0482187676e-03
ddc = -5.376020531e-08
dde = 5.3268851467e-08
Reset re-loads circuit * comparator-offset-mc @ tt_125c_3.63v -- generated by sim/harness, do not edit

Circuit: * comparator-offset-mc @ tt_125c_3.63v -- generated by sim/harness, do not edit

Doing analysis at TEMP = 125.000000 and TNOM = 27.000000

Using SPARSE 1.3 as Direct Linear Solver

No. of Data Rows : 6
voa = -1.078691375e-03
ddc = 2.0583962337e-07
dde = -1.946204972e-07
Reset re-loads circuit * comparator-offset-mc @ tt_125c_3.63v -- generated by sim/harness, do not edit

Circuit: * comparator-offset-mc @ tt_125c_3.63v -- generated by sim/harness, do not edit

Doing analysis at TEMP = 125.000000 and TNOM = 27.000000

Using SPARSE 1.3 as Direct Linear Solver

No. of Data Rows : 6
voa = 1.3654231686e-04
ddc = -1.584343221e-08
dde = 1.5457651445e-08
Reset re-loads circuit * comparator-offset-mc @ tt_125c_3.63v -- generated by sim/harness, do not edit

Circuit: * comparator-offset-mc @ tt_125c_3.63v -- generated by sim/harness, do not edit

Doing analysis at TEMP = 125.000000 and TNOM = 27.000000

Using SPARSE 1.3 as Direct Linear Solver

No. of Data Rows : 6
voa = -2.084583212e-03
ddc = 2.0750192143e-07
dde = -1.964997297e-07
Reset re-loads circuit * comparator-offset-mc @ tt_125c_3.63v -- generated by sim/harness, do not edit

Circuit: * comparator-offset-mc @ tt_125c_3.63v -- generated by sim/harness, do not edit

Doing analysis at TEMP = 125.000000 and TNOM = 27.000000

Using SPARSE 1.3 as Direct Linear Solver
 Reference value :  0.00000e+00
No. of Data Rows : 6
voa = -3.992673762e-04
ddc = 5.8115869332e-08
dde = -5.385272698e-08
Reset re-loads circuit * comparator-offset-mc @ tt_125c_3.63v -- generated by sim/harness, do not edit

Circuit: * comparator-offset-mc @ tt_125c_3.63v -- generated by sim/harness, do not edit

Doing analysis at TEMP = 125.000000 and TNOM = 27.000000

Using SPARSE 1.3 as Direct Linear Solver

No. of Data Rows : 6
voa = -2.909056906e-03
ddc = 1.6808766812e-07
dde = -1.663521451e-07
Reset re-loads circuit * comparator-offset-mc @ tt_125c_3.63v -- generated by sim/harness, do not edit

Circuit: * comparator-offset-mc @ tt_125c_3.63v -- generated by sim/harness, do not edit

Doing analysis at TEMP = 125.000000 and TNOM = 27.000000

Using SPARSE 1.3 as Direct Linear Solver

No. of Data Rows : 6
voa = 6.0799072941e-05
ddc = -1.940638242e-08
dde = 1.8279458627e-08
Reset re-loads circuit * comparator-offset-mc @ tt_125c_3.63v -- generated by sim/harness, do not edit

Circuit: * comparator-offset-mc @ tt_125c_3.63v -- generated by sim/harness, do not edit

Doing analysis at TEMP = 125.000000 and TNOM = 27.000000

Using SPARSE 1.3 as Direct Linear Solver

No. of Data Rows : 6
voa = -3.679329899e-04
ddc = -1.055736355e-07
dde = 1.0498841701e-07
Reset re-loads circuit * comparator-offset-mc @ tt_125c_3.63v -- generated by sim/harness, do not edit

Circuit: * comparator-offset-mc @ tt_125c_3.63v -- generated by sim/harness, do not edit

Doing analysis at TEMP = 125.000000 and TNOM = 27.000000

Using SPARSE 1.3 as Direct Linear Solver

No. of Data Rows : 6
voa = -4.826653185e-04
ddc = -1.594487878e-08
dde = 1.9577400251e-08
Reset re-loads circuit * comparator-offset-mc @ tt_125c_3.63v -- generated by sim/harness, do not edit

Circuit: * comparator-offset-mc @ tt_125c_3.63v -- generated by sim/harness, do not edit

Doing analysis at TEMP = 125.000000 and TNOM = 27.000000

Using SPARSE 1.3 as Direct Linear Solver

No. of Data Rows : 6
voa = 1.1640847979e-03
ddc = -1.531249064e-07
dde = 1.3617358655e-07
Reset re-loads circuit * comparator-offset-mc @ tt_125c_3.63v -- generated by sim/harness, do not edit

Circuit: * comparator-offset-mc @ tt_125c_3.63v -- generated by sim/harness, do not edit

Doing analysis at TEMP = 125.000000 and TNOM = 27.000000

Using SPARSE 1.3 as Direct Linear Solver

No. of Data Rows : 6
voa = 2.8962393187e-03
ddc = -3.342592862e-07
dde = 3.2624580433e-07
Reset re-loads circuit * comparator-offset-mc @ tt_125c_3.63v -- generated by sim/harness, do not edit

Circuit: * comparator-offset-mc @ tt_125c_3.63v -- generated by sim/harness, do not edit

Doing analysis at TEMP = 125.000000 and TNOM = 27.000000

Using SPARSE 1.3 as Direct Linear Solver

No. of Data Rows : 6
voa = 1.1268818217e-03
ddc = -7.536291757e-08
dde = 7.1520825380e-08
Reset re-loads circuit * comparator-offset-mc @ tt_125c_3.63v -- generated by sim/harness, do not edit

Circuit: * comparator-offset-mc @ tt_125c_3.63v -- generated by sim/harness, do not edit

Doing analysis at TEMP = 125.000000 and TNOM = 27.000000

Using SPARSE 1.3 as Direct Linear Solver

No. of Data Rows : 6
voa = 8.4616441203e-05
ddc = -2.066914781e-08
dde = 1.9462324067e-08
Reset re-loads circuit * comparator-offset-mc @ tt_125c_3.63v -- generated by sim/harness, do not edit

Circuit: * comparator-offset-mc @ tt_125c_3.63v -- generated by sim/harness, do not edit

Doing analysis at TEMP = 125.000000 and TNOM = 27.000000

Using SPARSE 1.3 as Direct Linear Solver

No. of Data Rows : 6
voa = -2.972811930e-04
ddc = 5.7301945831e-08
dde = -5.324827323e-08
Reset re-loads circuit * comparator-offset-mc @ tt_125c_3.63v -- generated by sim/harness, do not edit

Circuit: * comparator-offset-mc @ tt_125c_3.63v -- generated by sim/harness, do not edit

Doing analysis at TEMP = 125.000000 and TNOM = 27.000000

Using SPARSE 1.3 as Direct Linear Solver

No. of Data Rows : 6
voa = -3.019753051e-03
ddc = 3.2841445143e-07
dde = -3.133587068e-07
Reset re-loads circuit * comparator-offset-mc @ tt_125c_3.63v -- generated by sim/harness, do not edit

Circuit: * comparator-offset-mc @ tt_125c_3.63v -- generated by sim/harness, do not edit

Doing analysis at TEMP = 125.000000 and TNOM = 27.000000

Using SPARSE 1.3 as Direct Linear Solver

No. of Data Rows : 6
voa = 2.6748175026e-05
ddc = 3.0286495434e-08
dde = -2.952329010e-08
Reset re-loads circuit * comparator-offset-mc @ tt_125c_3.63v -- generated by sim/harness, do not edit

Circuit: * comparator-offset-mc @ tt_125c_3.63v -- generated by sim/harness, do not edit

Doing analysis at TEMP = 125.000000 and TNOM = 27.000000

Using SPARSE 1.3 as Direct Linear Solver

No. of Data Rows : 6
voa = -4.524047163e-04
ddc = 1.3445966852e-07
dde = -1.302451235e-07
Reset re-loads circuit * comparator-offset-mc @ tt_125c_3.63v -- generated by sim/harness, do not edit

Circuit: * comparator-offset-mc @ tt_125c_3.63v -- generated by sim/harness, do not edit

Doing analysis at TEMP = 125.000000 and TNOM = 27.000000

Using SPARSE 1.3 as Direct Linear Solver

No. of Data Rows : 6
voa = -1.661666068e-03
ddc = 1.5198222624e-07
dde = -1.670622160e-07
Reset re-loads circuit * comparator-offset-mc @ tt_125c_3.63v -- generated by sim/harness, do not edit

Circuit: * comparator-offset-mc @ tt_125c_3.63v -- generated by sim/harness, do not edit

Doing analysis at TEMP = 125.000000 and TNOM = 27.000000

Using SPARSE 1.3 as Direct Linear Solver

No. of Data Rows : 6
voa = 2.1184085153e-03
ddc = -3.512025336e-07
dde = 3.2313582413e-07
Reset re-loads circuit * comparator-offset-mc @ tt_125c_3.63v -- generated by sim/harness, do not edit

Circuit: * comparator-offset-mc @ tt_125c_3.63v -- generated by sim/harness, do not edit

Doing analysis at TEMP = 125.000000 and TNOM = 27.000000

Using SPARSE 1.3 as Direct Linear Solver

No. of Data Rows : 6
voa = -1.323880593e-04
ddc = -3.604646205e-08
dde = 3.5844193274e-08
Reset re-loads circuit * comparator-offset-mc @ tt_125c_3.63v -- generated by sim/harness, do not edit

Circuit: * comparator-offset-mc @ tt_125c_3.63v -- generated by sim/harness, do not edit

Doing analysis at TEMP = 125.000000 and TNOM = 27.000000

Using SPARSE 1.3 as Direct Linear Solver

No. of Data Rows : 6
voa = 5.8262958465e-04
ddc = 1.1609775319e-07
dde = -1.172855480e-07
Reset re-loads circuit * comparator-offset-mc @ tt_125c_3.63v -- generated by sim/harness, do not edit

Circuit: * comparator-offset-mc @ tt_125c_3.63v -- generated by sim/harness, do not edit

Doing analysis at TEMP = 125.000000 and TNOM = 27.000000

Using SPARSE 1.3 as Direct Linear Solver

No. of Data Rows : 6
voa = -9.489263367e-04
ddc = 1.4897965327e-07
dde = -1.469354577e-07
Reset re-loads circuit * comparator-offset-mc @ tt_125c_3.63v -- generated by sim/harness, do not edit

Circuit: * comparator-offset-mc @ tt_125c_3.63v -- generated by sim/harness, do not edit

Doing analysis at TEMP = 125.000000 and TNOM = 27.000000

Using SPARSE 1.3 as Direct Linear Solver
 Reference value :  0.00000e+00
No. of Data Rows : 6
voa = -4.735040694e-04
ddc = -1.169135182e-07
dde = 1.1189922310e-07
Reset re-loads circuit * comparator-offset-mc @ tt_125c_3.63v -- generated by sim/harness, do not edit

Circuit: * comparator-offset-mc @ tt_125c_3.63v -- generated by sim/harness, do not edit

Doing analysis at TEMP = 125.000000 and TNOM = 27.000000

Using SPARSE 1.3 as Direct Linear Solver

No. of Data Rows : 6
voa = 1.4441883033e-03
ddc = -1.594782808e-07
dde = 1.7844906596e-07
Reset re-loads circuit * comparator-offset-mc @ tt_125c_3.63v -- generated by sim/harness, do not edit

Circuit: * comparator-offset-mc @ tt_125c_3.63v -- generated by sim/harness, do not edit

Doing analysis at TEMP = 125.000000 and TNOM = 27.000000

Using SPARSE 1.3 as Direct Linear Solver

No. of Data Rows : 6
voa = -2.298696785e-04
ddc = 1.2810812901e-08
dde = -1.266621618e-08
Reset re-loads circuit * comparator-offset-mc @ tt_125c_3.63v -- generated by sim/harness, do not edit

Circuit: * comparator-offset-mc @ tt_125c_3.63v -- generated by sim/harness, do not edit

Doing analysis at TEMP = 125.000000 and TNOM = 27.000000

Using SPARSE 1.3 as Direct Linear Solver

No. of Data Rows : 6
voa = -3.010523388e-05
ddc = -1.128528451e-07
dde = 1.0872726721e-07
Reset re-loads circuit * comparator-offset-mc @ tt_125c_3.63v -- generated by sim/harness, do not edit

Circuit: * comparator-offset-mc @ tt_125c_3.63v -- generated by sim/harness, do not edit

Doing analysis at TEMP = 125.000000 and TNOM = 27.000000

Using SPARSE 1.3 as Direct Linear Solver

No. of Data Rows : 6
voa = 5.3805763593e-04
ddc = -1.020680912e-07
dde = 9.1945734304e-08
Reset re-loads circuit * comparator-offset-mc @ tt_125c_3.63v -- generated by sim/harness, do not edit

Circuit: * comparator-offset-mc @ tt_125c_3.63v -- generated by sim/harness, do not edit

Doing analysis at TEMP = 125.000000 and TNOM = 27.000000

Using SPARSE 1.3 as Direct Linear Solver

No. of Data Rows : 6
voa = -2.124619362e-03
ddc = 2.6731005076e-07
dde = -2.604858894e-07
Reset re-loads circuit * comparator-offset-mc @ tt_125c_3.63v -- generated by sim/harness, do not edit

Circuit: * comparator-offset-mc @ tt_125c_3.63v -- generated by sim/harness, do not edit

Doing analysis at TEMP = 125.000000 and TNOM = 27.000000

Using SPARSE 1.3 as Direct Linear Solver

No. of Data Rows : 6
voa = -1.579539648e-03
ddc = 1.4019882852e-07
dde = -1.292464368e-07
Reset re-loads circuit * comparator-offset-mc @ tt_125c_3.63v -- generated by sim/harness, do not edit

Circuit: * comparator-offset-mc @ tt_125c_3.63v -- generated by sim/harness, do not edit

Doing analysis at TEMP = 125.000000 and TNOM = 27.000000

Using SPARSE 1.3 as Direct Linear Solver

No. of Data Rows : 6
voa = -5.145806555e-04
ddc = 1.6950981071e-07
dde = -1.596294043e-07
Reset re-loads circuit * comparator-offset-mc @ tt_125c_3.63v -- generated by sim/harness, do not edit

Circuit: * comparator-offset-mc @ tt_125c_3.63v -- generated by sim/harness, do not edit

Doing analysis at TEMP = 125.000000 and TNOM = 27.000000

Using SPARSE 1.3 as Direct Linear Solver

No. of Data Rows : 6
voa = -3.964671384e-03
ddc = 4.2657646765e-07
dde = -4.190932641e-07
Reset re-loads circuit * comparator-offset-mc @ tt_125c_3.63v -- generated by sim/harness, do not edit

Circuit: * comparator-offset-mc @ tt_125c_3.63v -- generated by sim/harness, do not edit

Doing analysis at TEMP = 125.000000 and TNOM = 27.000000

Using SPARSE 1.3 as Direct Linear Solver

No. of Data Rows : 6
voa = -1.137431862e-03
ddc = 5.3646715228e-08
dde = -4.523230671e-08
Reset re-loads circuit * comparator-offset-mc @ tt_125c_3.63v -- generated by sim/harness, do not edit

Circuit: * comparator-offset-mc @ tt_125c_3.63v -- generated by sim/harness, do not edit

Doing analysis at TEMP = 125.000000 and TNOM = 27.000000

Using SPARSE 1.3 as Direct Linear Solver

No. of Data Rows : 6
voa = 1.0985203809e-04
ddc = -1.234881993e-07
dde = 1.1875522669e-07
Reset re-loads circuit * comparator-offset-mc @ tt_125c_3.63v -- generated by sim/harness, do not edit

Circuit: * comparator-offset-mc @ tt_125c_3.63v -- generated by sim/harness, do not edit

Doing analysis at TEMP = 125.000000 and TNOM = 27.000000

Using SPARSE 1.3 as Direct Linear Solver

No. of Data Rows : 6
voa = 7.9259096133e-04
ddc = -1.391233119e-07
dde = 1.3517142211e-07
Reset re-loads circuit * comparator-offset-mc @ tt_125c_3.63v -- generated by sim/harness, do not edit

Circuit: * comparator-offset-mc @ tt_125c_3.63v -- generated by sim/harness, do not edit

Doing analysis at TEMP = 125.000000 and TNOM = 27.000000

Using SPARSE 1.3 as Direct Linear Solver

No. of Data Rows : 6
voa = -2.282263689e-04
ddc = 1.2510541147e-07
dde = -1.208665898e-07
Reset re-loads circuit * comparator-offset-mc @ tt_125c_3.63v -- generated by sim/harness, do not edit

Circuit: * comparator-offset-mc @ tt_125c_3.63v -- generated by sim/harness, do not edit

Doing analysis at TEMP = 125.000000 and TNOM = 27.000000

Using SPARSE 1.3 as Direct Linear Solver

No. of Data Rows : 6
voa = -1.492637622e-03
ddc = 1.2054626472e-07
dde = -1.185063912e-07
Reset re-loads circuit * comparator-offset-mc @ tt_125c_3.63v -- generated by sim/harness, do not edit

Circuit: * comparator-offset-mc @ tt_125c_3.63v -- generated by sim/harness, do not edit

Doing analysis at TEMP = 125.000000 and TNOM = 27.000000

Using SPARSE 1.3 as Direct Linear Solver

No. of Data Rows : 6
voa = 6.7360198888e-04
ddc = -1.602522632e-07
dde = 1.5772062393e-07
Reset re-loads circuit * comparator-offset-mc @ tt_125c_3.63v -- generated by sim/harness, do not edit

Circuit: * comparator-offset-mc @ tt_125c_3.63v -- generated by sim/harness, do not edit

Doing analysis at TEMP = 125.000000 and TNOM = 27.000000

Using SPARSE 1.3 as Direct Linear Solver

No. of Data Rows : 6
voa = -2.306811771e-03
ddc = -7.176026317e-08
dde = 7.2031259827e-08
Reset re-loads circuit * comparator-offset-mc @ tt_125c_3.63v -- generated by sim/harness, do not edit

Circuit: * comparator-offset-mc @ tt_125c_3.63v -- generated by sim/harness, do not edit

Doing analysis at TEMP = 125.000000 and TNOM = 27.000000

Using SPARSE 1.3 as Direct Linear Solver
 Reference value :  0.00000e+00
No. of Data Rows : 6
voa = -2.807834838e-03
ddc = 1.0278102761e-07
dde = -9.451692412e-08
Reset re-loads circuit * comparator-offset-mc @ tt_125c_3.63v -- generated by sim/harness, do not edit

Circuit: * comparator-offset-mc @ tt_125c_3.63v -- generated by sim/harness, do not edit

Doing analysis at TEMP = 125.000000 and TNOM = 27.000000

Using SPARSE 1.3 as Direct Linear Solver

No. of Data Rows : 6
voa = 2.7573161141e-03
ddc = -1.788230135e-07
dde = 1.7611315975e-07
Reset re-loads circuit * comparator-offset-mc @ tt_125c_3.63v -- generated by sim/harness, do not edit

Circuit: * comparator-offset-mc @ tt_125c_3.63v -- generated by sim/harness, do not edit

Doing analysis at TEMP = 125.000000 and TNOM = 27.000000

Using SPARSE 1.3 as Direct Linear Solver

No. of Data Rows : 6
voa = 4.1434760138e-05
ddc = 4.8751325215e-09
dde = -4.563929481e-09
Reset re-loads circuit * comparator-offset-mc @ tt_125c_3.63v -- generated by sim/harness, do not edit

Circuit: * comparator-offset-mc @ tt_125c_3.63v -- generated by sim/harness, do not edit

Doing analysis at TEMP = 125.000000 and TNOM = 27.000000

Using SPARSE 1.3 as Direct Linear Solver

No. of Data Rows : 6
voa = -1.048314402e-03
ddc = 1.9597339670e-07
dde = -1.901843859e-07
Reset re-loads circuit * comparator-offset-mc @ tt_125c_3.63v -- generated by sim/harness, do not edit

Circuit: * comparator-offset-mc @ tt_125c_3.63v -- generated by sim/harness, do not edit

Doing analysis at TEMP = 125.000000 and TNOM = 27.000000

Using SPARSE 1.3 as Direct Linear Solver

No. of Data Rows : 6
voa = -7.279840346e-04
ddc = -2.106161736e-08
dde = 2.4860815827e-08
Reset re-loads circuit * comparator-offset-mc @ tt_125c_3.63v -- generated by sim/harness, do not edit

Circuit: * comparator-offset-mc @ tt_125c_3.63v -- generated by sim/harness, do not edit

Doing analysis at TEMP = 125.000000 and TNOM = 27.000000

Using SPARSE 1.3 as Direct Linear Solver

No. of Data Rows : 6
voa = -1.835348418e-03
ddc = 1.9285023819e-07
dde = -1.939534080e-07
Reset re-loads circuit * comparator-offset-mc @ tt_125c_3.63v -- generated by sim/harness, do not edit

Circuit: * comparator-offset-mc @ tt_125c_3.63v -- generated by sim/harness, do not edit

Doing analysis at TEMP = 125.000000 and TNOM = 27.000000

Using SPARSE 1.3 as Direct Linear Solver

No. of Data Rows : 6
voa = -7.860379572e-04
ddc = 3.9466927782e-08
dde = -3.071332503e-08
m_n_samples = 2.0000000000e+02
m_sig_vos_mv = 1.6375271868e+00
m_vos_3sig_mv = 4.9125815604e+00
m_mean_vos_uv = -5.605304355e+01
m_mean_vos_sem = -4.840895164e-01
m_sig_dvos_dn_uv = 1.8078494798e-01
m_sig_dvos_up_uv = 1.7087234045e-01
m_mean_dvos_dn_uv = 2.8188564294e-03
m_mean_dvos_up_uv = -5.593835960e-03
m_av_mean = 7.2582940968e+00
m_av_sigma_pct = 2.1761205611e+00
m_sig_rpair_uv = 1.4266305117e-11
m_vbias_anchor_mv = 6.8714346188e+02
Note: Simulation executed from .control section 

Note: Starting dynamic gmin stepping
Note: Dynamic gmin stepping completed
Note: Starting dynamic gmin stepping
Note: Dynamic gmin stepping completed
Note: Starting dynamic gmin stepping
Note: Dynamic gmin stepping completed
Note: Starting dynamic gmin stepping
Note: Dynamic gmin stepping completed
Note: Starting dynamic gmin stepping
Note: Dynamic gmin stepping completed
Note: Starting dynamic gmin stepping
Note: Dynamic gmin stepping completed
Note: Starting dynamic gmin stepping
Note: Dynamic gmin stepping completed
Note: Starting dynamic gmin stepping
Note: Dynamic gmin stepping completed
Note: Starting dynamic gmin stepping
Note: Dynamic gmin stepping completed
Note: Starting dynamic gmin stepping
Note: Dynamic gmin stepping completed
Note: Starting dynamic gmin stepping
Note: Dynamic gmin stepping completed
Note: Starting dynamic gmin stepping
Note: Dynamic gmin stepping completed
Note: Starting dynamic gmin stepping
Note: Dynamic gmin stepping completed
Note: Starting dynamic gmin stepping
Note: Dynamic gmin stepping completed
Note: Starting dynamic gmin stepping
Note: Dynamic gmin stepping completed
Note: Starting dynamic gmin stepping
Note: Dynamic gmin stepping completed
Note: Starting dynamic gmin stepping
Note: Dynamic gmin stepping completed
Note: Starting dynamic gmin stepping
Note: Dynamic gmin stepping completed
Note: Starting dynamic gmin stepping
Note: Dynamic gmin stepping completed
Note: Starting dynamic gmin stepping
Note: Dynamic gmin stepping completed
Note: Starting dynamic gmin stepping
Note: Dynamic gmin stepping completed
Note: Starting dynamic gmin stepping
Note: Dynamic gmin stepping completed
Note: Starting dynamic gmin stepping
Note: Dynamic gmin stepping completed
Note: Starting dynamic gmin stepping
Note: Dynamic gmin stepping completed
Note: Starting dynamic gmin stepping
Note: Dynamic gmin stepping completed
Note: Starting dynamic gmin stepping
Note: Dynamic gmin stepping completed
Note: Starting dynamic gmin stepping
Note: Dynamic gmin stepping completed
Note: Starting dynamic gmin stepping
Note: Dynamic gmin stepping completed
Note: Starting dynamic gmin stepping
Note: Dynamic gmin stepping completed
Note: Starting dynamic gmin stepping
Note: Dynamic gmin stepping completed
Note: Starting dynamic gmin stepping
Note: Dynamic gmin stepping completed
Note: Starting dynamic gmin stepping
Note: Dynamic gmin stepping completed
Note: Starting dynamic gmin stepping
Note: Dynamic gmin stepping completed
Note: Starting dynamic gmin stepping
Note: Dynamic gmin stepping completed
Note: Starting dynamic gmin stepping
Note: Dynamic gmin stepping completed
Note: Starting dynamic gmin stepping
Note: Dynamic gmin stepping completed
Note: Starting dynamic gmin stepping
Note: Dynamic gmin stepping completed
Note: Starting dynamic gmin stepping
Note: Dynamic gmin stepping completed
Note: Starting dynamic gmin stepping
Note: Dynamic gmin stepping completed
Note: Starting dynamic gmin stepping
Note: Dynamic gmin stepping completed
Note: Starting dynamic gmin stepping
Note: Dynamic gmin stepping completed
Note: Starting dynamic gmin stepping
Note: Dynamic gmin stepping completed
Note: Starting dynamic gmin stepping
Note: Dynamic gmin stepping completed
Note: Starting dynamic gmin stepping
Note: Dynamic gmin stepping completed
Note: Starting dynamic gmin stepping
Note: Dynamic gmin stepping completed
Note: Starting dynamic gmin stepping
Note: Dynamic gmin stepping completed
Note: Starting dynamic gmin stepping
Note: Dynamic gmin stepping completed
Note: Starting dynamic gmin stepping
Note: Dynamic gmin stepping completed
Note: Starting dynamic gmin stepping
Note: Dynamic gmin stepping completed
Note: Starting dynamic gmin stepping
Note: Dynamic gmin stepping completed
Note: Starting dynamic gmin stepping
Note: Dynamic gmin stepping completed
Note: Starting dynamic gmin stepping
Note: Dynamic gmin stepping completed
Note: Starting dynamic gmin stepping
Note: Dynamic gmin stepping completed
Note: Starting dynamic gmin stepping
Note: Dynamic gmin stepping completed
Note: Starting dynamic gmin stepping
Note: Dynamic gmin stepping completed
Note: Starting dynamic gmin stepping
Note: Dynamic gmin stepping completed
Note: Starting dynamic gmin stepping
Note: Dynamic gmin stepping completed
Note: Starting dynamic gmin stepping
Note: Dynamic gmin stepping completed
Note: Starting dynamic gmin stepping
Note: Dynamic gmin stepping completed
Note: Starting dynamic gmin stepping
Note: Dynamic gmin stepping completed
Note: Starting dynamic gmin stepping
Note: Dynamic gmin stepping completed
Note: Starting dynamic gmin stepping
Note: Dynamic gmin stepping completed
Note: Starting dynamic gmin stepping
Note: Dynamic gmin stepping completed
Note: Starting dynamic gmin stepping
Note: Dynamic gmin stepping completed
Note: Starting dynamic gmin stepping
Note: Dynamic gmin stepping completed
Note: Starting dynamic gmin stepping
Note: Dynamic gmin stepping completed
Note: Starting dynamic gmin stepping
Note: Dynamic gmin stepping completed
Note: Starting dynamic gmin stepping
Note: Dynamic gmin stepping completed
Note: Starting dynamic gmin stepping
Note: Dynamic gmin stepping completed
Note: Starting dynamic gmin stepping
Note: Dynamic gmin stepping completed
Note: Starting dynamic gmin stepping
Note: Dynamic gmin stepping completed
Note: Starting dynamic gmin stepping
Note: Dynamic gmin stepping completed
Note: Starting dynamic gmin stepping
Note: Dynamic gmin stepping completed
Note: Starting dynamic gmin stepping
Note: Dynamic gmin stepping completed
Note: Starting dynamic gmin stepping
Note: Dynamic gmin stepping completed
Note: Starting dynamic gmin stepping
Note: Dynamic gmin stepping completed
Note: Starting dynamic gmin stepping
Note: Dynamic gmin stepping completed
Note: Starting dynamic gmin stepping
Note: Dynamic gmin stepping completed
Note: Starting dynamic gmin stepping
Note: Dynamic gmin stepping completed
Note: Starting dynamic gmin stepping
Note: Dynamic gmin stepping completed
Note: Starting dynamic gmin stepping
Note: Dynamic gmin stepping completed
Note: Starting dynamic gmin stepping
Note: Dynamic gmin stepping completed
Note: Starting dynamic gmin stepping
Note: Dynamic gmin stepping completed
Note: Starting dynamic gmin stepping
Note: Dynamic gmin stepping completed
Note: Starting dynamic gmin stepping
Note: Dynamic gmin stepping completed
Note: Starting dynamic gmin stepping
Note: Dynamic gmin stepping completed
Note: Starting dynamic gmin stepping
Note: Dynamic gmin stepping completed
Note: Starting dynamic gmin stepping
Note: Dynamic gmin stepping completed
Note: Starting dynamic gmin stepping
Note: Dynamic gmin stepping completed
Note: Starting dynamic gmin stepping
Note: Dynamic gmin stepping completed
Note: Starting dynamic gmin stepping
Note: Dynamic gmin stepping completed
Note: Starting dynamic gmin stepping
Note: Dynamic gmin stepping completed
Note: Starting dynamic gmin stepping
Note: Dynamic gmin stepping completed
Note: Starting dynamic gmin stepping
Note: Dynamic gmin stepping completed
Note: Starting dynamic gmin stepping
Note: Dynamic gmin stepping completed
Note: Starting dynamic gmin stepping
Note: Dynamic gmin stepping completed
Note: Starting dynamic gmin stepping
Note: Dynamic gmin stepping completed
Note: Starting dynamic gmin stepping
Note: Dynamic gmin stepping completed
Note: Starting dynamic gmin stepping
Note: Dynamic gmin stepping completed
Note: Starting dynamic gmin stepping
Note: Dynamic gmin stepping completed
Note: Starting dynamic gmin stepping
Note: Dynamic gmin stepping completed
Note: Starting dynamic gmin stepping
Note: Dynamic gmin stepping completed
Note: Starting dynamic gmin stepping
Note: Dynamic gmin stepping completed
Note: Starting dynamic gmin stepping
Note: Dynamic gmin stepping completed
Note: Starting dynamic gmin stepping
Note: Dynamic gmin stepping completed
Note: Starting dynamic gmin stepping
Note: Dynamic gmin stepping completed
Note: Starting dynamic gmin stepping
Note: Dynamic gmin stepping completed
Note: Starting dynamic gmin stepping
Note: Dynamic gmin stepping completed
Note: Starting dynamic gmin stepping
Note: Dynamic gmin stepping completed
Note: Starting dynamic gmin stepping
Note: Dynamic gmin stepping completed
Note: Starting dynamic gmin stepping
Note: Dynamic gmin stepping completed
Note: Starting dynamic gmin stepping
Note: Dynamic gmin stepping completed
Note: Starting dynamic gmin stepping
Note: Dynamic gmin stepping completed
Note: Starting dynamic gmin stepping
Note: Dynamic gmin stepping completed
Note: Starting dynamic gmin stepping
Note: Dynamic gmin stepping completed
Note: Starting dynamic gmin stepping
Note: Dynamic gmin stepping completed
Note: Starting dynamic gmin stepping
Note: Dynamic gmin stepping completed
Note: Starting dynamic gmin stepping
Note: Dynamic gmin stepping completed
Note: Starting dynamic gmin stepping
Note: Dynamic gmin stepping completed
Note: Starting dynamic gmin stepping
Note: Dynamic gmin stepping completed
Note: Starting dynamic gmin stepping
Note: Dynamic gmin stepping completed
Note: Starting dynamic gmin stepping
Note: Dynamic gmin stepping completed
Note: Starting dynamic gmin stepping
Note: Dynamic gmin stepping completed
Note: Starting dynamic gmin stepping
Note: Dynamic gmin stepping completed
Note: Starting dynamic gmin stepping
Note: Dynamic gmin stepping completed
Note: Starting dynamic gmin stepping
Note: Dynamic gmin stepping completed
Note: Starting dynamic gmin stepping
Note: Dynamic gmin stepping completed
Note: Starting dynamic gmin stepping
Note: Dynamic gmin stepping completed
Note: Starting dynamic gmin stepping
Note: Dynamic gmin stepping completed
Note: Starting dynamic gmin stepping
Note: Dynamic gmin stepping completed
Note: Starting dynamic gmin stepping
Note: Dynamic gmin stepping completed
Note: Starting dynamic gmin stepping
Note: Dynamic gmin stepping completed
Note: Starting dynamic gmin stepping
Note: Dynamic gmin stepping completed
Note: Starting dynamic gmin stepping
Note: Dynamic gmin stepping completed
Note: Starting dynamic gmin stepping
Note: Dynamic gmin stepping completed
Note: Starting dynamic gmin stepping
Note: Dynamic gmin stepping completed
Note: Starting dynamic gmin stepping
Note: Dynamic gmin stepping completed
Note: Starting dynamic gmin stepping
Note: Dynamic gmin stepping completed
Note: Starting dynamic gmin stepping
Note: Dynamic gmin stepping completed
Note: Starting dynamic gmin stepping
Note: Dynamic gmin stepping completed
Note: Starting dynamic gmin stepping
Note: Dynamic gmin stepping completed
Note: Starting dynamic gmin stepping
Note: Dynamic gmin stepping completed
Note: Starting dynamic gmin stepping
Note: Dynamic gmin stepping completed
Note: Starting dynamic gmin stepping
Note: Dynamic gmin stepping completed
Note: Starting dynamic gmin stepping
Note: Dynamic gmin stepping completed
Note: Starting dynamic gmin stepping
Note: Dynamic gmin stepping completed
Note: Starting dynamic gmin stepping
Note: Dynamic gmin stepping completed
Note: Starting dynamic gmin stepping
Note: Dynamic gmin stepping completed
Note: Starting dynamic gmin stepping
Note: Dynamic gmin stepping completed
Note: Starting dynamic gmin stepping
Note: Dynamic gmin stepping completed
Note: Starting dynamic gmin stepping
Note: Dynamic gmin stepping completed
Note: Starting dynamic gmin stepping
Note: Dynamic gmin stepping completed
Note: Starting dynamic gmin stepping
Note: Dynamic gmin stepping completed
Note: Starting dynamic gmin stepping
Note: Dynamic gmin stepping completed
Note: Starting dynamic gmin stepping
Note: Dynamic gmin stepping completed
Note: Starting dynamic gmin stepping
Note: Dynamic gmin stepping completed
Note: Starting dynamic gmin stepping
Note: Dynamic gmin stepping completed
Note: Starting dynamic gmin stepping
Note: Dynamic gmin stepping completed
Note: Starting dynamic gmin stepping
Note: Dynamic gmin stepping completed
Note: Starting dynamic gmin stepping
Note: Dynamic gmin stepping completed
Note: Starting dynamic gmin stepping
Note: Dynamic gmin stepping completed
Note: Starting dynamic gmin stepping
Note: Dynamic gmin stepping completed
Note: Starting dynamic gmin stepping
Note: Dynamic gmin stepping completed
Note: Starting dynamic gmin stepping
Note: Dynamic gmin stepping completed
Note: Starting dynamic gmin stepping
Note: Dynamic gmin stepping completed
Note: Starting dynamic gmin stepping
Note: Dynamic gmin stepping completed
Note: Starting dynamic gmin stepping
Note: Dynamic gmin stepping completed
Note: Starting dynamic gmin stepping
Note: Dynamic gmin stepping completed
Note: Starting dynamic gmin stepping
Note: Dynamic gmin stepping completed
Note: Starting dynamic gmin stepping
Note: Dynamic gmin stepping completed
Note: Starting dynamic gmin stepping
Note: Dynamic gmin stepping completed
Note: Starting dynamic gmin stepping
Note: Dynamic gmin stepping completed
Note: Starting dynamic gmin stepping
Note: Dynamic gmin stepping completed
Note: Starting dynamic gmin stepping
Note: Dynamic gmin stepping completed
Note: Starting dynamic gmin stepping
Note: Dynamic gmin stepping completed
Note: Starting dynamic gmin stepping
Note: Dynamic gmin stepping completed
Note: Starting dynamic gmin stepping
Note: Dynamic gmin stepping completed
Note: Starting dynamic gmin stepping
Note: Dynamic gmin stepping completed
Note: Starting dynamic gmin stepping
Note: Dynamic gmin stepping completed
Note: Starting dynamic gmin stepping
Note: Dynamic gmin stepping completed
Note: Starting dynamic gmin stepping
Note: Dynamic gmin stepping completed
Note: Starting dynamic gmin stepping
Note: Dynamic gmin stepping completed
Note: Starting dynamic gmin stepping
Note: Dynamic gmin stepping completed
Note: Starting dynamic gmin stepping
Note: Dynamic gmin stepping completed
Note: Starting dynamic gmin stepping
Note: Dynamic gmin stepping completed
