
Note: Compatibility modes selected: hs a


Circuit: * comparator-offset-mc @ ff_-40c_2.97v -- generated by sim/harness, do not edit

Reset re-loads circuit * comparator-offset-mc @ ff_-40c_2.97v -- generated by sim/harness, do not edit

Circuit: * comparator-offset-mc @ ff_-40c_2.97v -- generated by sim/harness, do not edit

Doing analysis at TEMP = -40.000000 and TNOM = 27.000000

Using SPARSE 1.3 as Direct Linear Solver

No. of Data Rows : 6
voa = -4.197586324e-04
ddc = 1.4188130995e-07
dde = -1.395609019e-07
Reset re-loads circuit * comparator-offset-mc @ ff_-40c_2.97v -- generated by sim/harness, do not edit

Circuit: * comparator-offset-mc @ ff_-40c_2.97v -- generated by sim/harness, do not edit

Doing analysis at TEMP = -40.000000 and TNOM = 27.000000

Using SPARSE 1.3 as Direct Linear Solver

No. of Data Rows : 6
voa = 1.7801965026e-03
ddc = -3.304708701e-07
dde = 3.2474609720e-07
Reset re-loads circuit * comparator-offset-mc @ ff_-40c_2.97v -- generated by sim/harness, do not edit

Circuit: * comparator-offset-mc @ ff_-40c_2.97v -- generated by sim/harness, do not edit

Doing analysis at TEMP = -40.000000 and TNOM = 27.000000

Using SPARSE 1.3 as Direct Linear Solver

No. of Data Rows : 6
voa = 1.4578265493e-03
ddc = -3.734450202e-07
dde = 3.6714472841e-07
Reset re-loads circuit * comparator-offset-mc @ ff_-40c_2.97v -- generated by sim/harness, do not edit

Circuit: * comparator-offset-mc @ ff_-40c_2.97v -- generated by sim/harness, do not edit

Doing analysis at TEMP = -40.000000 and TNOM = 27.000000

Using SPARSE 1.3 as Direct Linear Solver
 Reference value :  0.00000e+00
No. of Data Rows : 6
voa = -1.967069867e-05
ddc = 3.8375158728e-08
dde = -3.783122222e-08
Reset re-loads circuit * comparator-offset-mc @ ff_-40c_2.97v -- generated by sim/harness, do not edit

Circuit: * comparator-offset-mc @ ff_-40c_2.97v -- generated by sim/harness, do not edit

Doing analysis at TEMP = -40.000000 and TNOM = 27.000000

Using SPARSE 1.3 as Direct Linear Solver

No. of Data Rows : 6
voa = 1.8106227648e-03
ddc = -3.948978338e-07
dde = 3.8811251920e-07
Reset re-loads circuit * comparator-offset-mc @ ff_-40c_2.97v -- generated by sim/harness, do not edit

Circuit: * comparator-offset-mc @ ff_-40c_2.97v -- generated by sim/harness, do not edit

Doing analysis at TEMP = -40.000000 and TNOM = 27.000000

Using SPARSE 1.3 as Direct Linear Solver

No. of Data Rows : 6
voa = -2.927041047e-04
ddc = 1.1593985497e-07
dde = -1.140474261e-07
Reset re-loads circuit * comparator-offset-mc @ ff_-40c_2.97v -- generated by sim/harness, do not edit

Circuit: * comparator-offset-mc @ ff_-40c_2.97v -- generated by sim/harness, do not edit

Doing analysis at TEMP = -40.000000 and TNOM = 27.000000

Using SPARSE 1.3 as Direct Linear Solver

No. of Data Rows : 6
voa = -2.002473289e-04
ddc = 6.8904075516e-08
dde = -6.773916135e-08
Reset re-loads circuit * comparator-offset-mc @ ff_-40c_2.97v -- generated by sim/harness, do not edit

Circuit: * comparator-offset-mc @ ff_-40c_2.97v -- generated by sim/harness, do not edit

Doing analysis at TEMP = -40.000000 and TNOM = 27.000000

Using SPARSE 1.3 as Direct Linear Solver

No. of Data Rows : 6
voa = -2.671261648e-04
ddc = 6.4229591516e-08
dde = -6.318769127e-08
Reset re-loads circuit * comparator-offset-mc @ ff_-40c_2.97v -- generated by sim/harness, do not edit

Circuit: * comparator-offset-mc @ ff_-40c_2.97v -- generated by sim/harness, do not edit

Doing analysis at TEMP = -40.000000 and TNOM = 27.000000

Using SPARSE 1.3 as Direct Linear Solver

No. of Data Rows : 6
voa = 9.7594684198e-04
ddc = -2.970137096e-07
dde = 2.9197573711e-07
Reset re-loads circuit * comparator-offset-mc @ ff_-40c_2.97v -- generated by sim/harness, do not edit

Circuit: * comparator-offset-mc @ ff_-40c_2.97v -- generated by sim/harness, do not edit

Doing analysis at TEMP = -40.000000 and TNOM = 27.000000

Using SPARSE 1.3 as Direct Linear Solver

No. of Data Rows : 6
voa = 1.0173977412e-03
ddc = -2.868312363e-07
dde = 2.8199854331e-07
Reset re-loads circuit * comparator-offset-mc @ ff_-40c_2.97v -- generated by sim/harness, do not edit

Circuit: * comparator-offset-mc @ ff_-40c_2.97v -- generated by sim/harness, do not edit

Doing analysis at TEMP = -40.000000 and TNOM = 27.000000

Using SPARSE 1.3 as Direct Linear Solver

No. of Data Rows : 6
voa = -9.375037245e-04
ddc = 2.2394465368e-07
dde = -2.202082764e-07
Reset re-loads circuit * comparator-offset-mc @ ff_-40c_2.97v -- generated by sim/harness, do not edit

Circuit: * comparator-offset-mc @ ff_-40c_2.97v -- generated by sim/harness, do not edit

Doing analysis at TEMP = -40.000000 and TNOM = 27.000000

Using SPARSE 1.3 as Direct Linear Solver

No. of Data Rows : 6
voa = 4.4861338823e-04
ddc = -1.084881309e-07
dde = 1.0665413754e-07
Reset re-loads circuit * comparator-offset-mc @ ff_-40c_2.97v -- generated by sim/harness, do not edit

Circuit: * comparator-offset-mc @ ff_-40c_2.97v -- generated by sim/harness, do not edit

Doing analysis at TEMP = -40.000000 and TNOM = 27.000000

Using SPARSE 1.3 as Direct Linear Solver

No. of Data Rows : 6
voa = -7.637878701e-04
ddc = 1.6226243851e-07
dde = -1.594463210e-07
Reset re-loads circuit * comparator-offset-mc @ ff_-40c_2.97v -- generated by sim/harness, do not edit

Circuit: * comparator-offset-mc @ ff_-40c_2.97v -- generated by sim/harness, do not edit

Doing analysis at TEMP = -40.000000 and TNOM = 27.000000

Using SPARSE 1.3 as Direct Linear Solver

No. of Data Rows : 6
voa = 2.0788667899e-04
ddc = 4.9368711721e-08
dde = -4.864685510e-08
Reset re-loads circuit * comparator-offset-mc @ ff_-40c_2.97v -- generated by sim/harness, do not edit

Circuit: * comparator-offset-mc @ ff_-40c_2.97v -- generated by sim/harness, do not edit

Doing analysis at TEMP = -40.000000 and TNOM = 27.000000

Using SPARSE 1.3 as Direct Linear Solver

No. of Data Rows : 6
voa = 1.3317666696e-03
ddc = -3.069176531e-07
dde = 3.0161063270e-07
Reset re-loads circuit * comparator-offset-mc @ ff_-40c_2.97v -- generated by sim/harness, do not edit

Circuit: * comparator-offset-mc @ ff_-40c_2.97v -- generated by sim/harness, do not edit

Doing analysis at TEMP = -40.000000 and TNOM = 27.000000

Using SPARSE 1.3 as Direct Linear Solver

No. of Data Rows : 6
voa = -1.321197258e-03
ddc = 3.5377005611e-07
dde = -3.477257891e-07
Reset re-loads circuit * comparator-offset-mc @ ff_-40c_2.97v -- generated by sim/harness, do not edit

Circuit: * comparator-offset-mc @ ff_-40c_2.97v -- generated by sim/harness, do not edit

Doing analysis at TEMP = -40.000000 and TNOM = 27.000000

Using SPARSE 1.3 as Direct Linear Solver

No. of Data Rows : 6
voa = 5.6540548994e-04
ddc = -1.293186130e-07
dde = 1.2720467422e-07
Reset re-loads circuit * comparator-offset-mc @ ff_-40c_2.97v -- generated by sim/harness, do not edit

Circuit: * comparator-offset-mc @ ff_-40c_2.97v -- generated by sim/harness, do not edit

Doing analysis at TEMP = -40.000000 and TNOM = 27.000000

Using SPARSE 1.3 as Direct Linear Solver

No. of Data Rows : 6
voa = -7.952831948e-05
ddc = 5.5759394605e-09
dde = -5.435387070e-09
Reset re-loads circuit * comparator-offset-mc @ ff_-40c_2.97v -- generated by sim/harness, do not edit

Circuit: * comparator-offset-mc @ ff_-40c_2.97v -- generated by sim/harness, do not edit

Doing analysis at TEMP = -40.000000 and TNOM = 27.000000

Using SPARSE 1.3 as Direct Linear Solver

No. of Data Rows : 6
voa = -5.325113197e-04
ddc = 1.6188052695e-07
dde = -1.591899096e-07
Reset re-loads circuit * comparator-offset-mc @ ff_-40c_2.97v -- generated by sim/harness, do not edit

Circuit: * comparator-offset-mc @ ff_-40c_2.97v -- generated by sim/harness, do not edit

Doing analysis at TEMP = -40.000000 and TNOM = 27.000000

Using SPARSE 1.3 as Direct Linear Solver

No. of Data Rows : 6
voa = 1.2355524549e-03
ddc = -2.243430681e-07
dde = 2.2047175038e-07
Reset re-loads circuit * comparator-offset-mc @ ff_-40c_2.97v -- generated by sim/harness, do not edit

Circuit: * comparator-offset-mc @ ff_-40c_2.97v -- generated by sim/harness, do not edit

Doing analysis at TEMP = -40.000000 and TNOM = 27.000000

Using SPARSE 1.3 as Direct Linear Solver

No. of Data Rows : 6
voa = -3.546597906e-04
ddc = 7.3015584240e-08
dde = -7.180433720e-08
Reset re-loads circuit * comparator-offset-mc @ ff_-40c_2.97v -- generated by sim/harness, do not edit

Circuit: * comparator-offset-mc @ ff_-40c_2.97v -- generated by sim/harness, do not edit

Doing analysis at TEMP = -40.000000 and TNOM = 27.000000

Using SPARSE 1.3 as Direct Linear Solver

No. of Data Rows : 6
voa = -7.281565713e-04
ddc = 1.7198793969e-07
dde = -1.691903534e-07
Reset re-loads circuit * comparator-offset-mc @ ff_-40c_2.97v -- generated by sim/harness, do not edit

Circuit: * comparator-offset-mc @ ff_-40c_2.97v -- generated by sim/harness, do not edit

Doing analysis at TEMP = -40.000000 and TNOM = 27.000000

Using SPARSE 1.3 as Direct Linear Solver

No. of Data Rows : 6
voa = 5.7881105908e-04
ddc = -7.396336066e-08
dde = 7.2616619839e-08
Reset re-loads circuit * comparator-offset-mc @ ff_-40c_2.97v -- generated by sim/harness, do not edit

Circuit: * comparator-offset-mc @ ff_-40c_2.97v -- generated by sim/harness, do not edit

Doing analysis at TEMP = -40.000000 and TNOM = 27.000000

Using SPARSE 1.3 as Direct Linear Solver

No. of Data Rows : 6
voa = 2.3095087313e-05
ddc = -5.062467153e-08
dde = 4.9878823387e-08
Reset re-loads circuit * comparator-offset-mc @ ff_-40c_2.97v -- generated by sim/harness, do not edit

Circuit: * comparator-offset-mc @ ff_-40c_2.97v -- generated by sim/harness, do not edit

Doing analysis at TEMP = -40.000000 and TNOM = 27.000000

Using SPARSE 1.3 as Direct Linear Solver
 Reference value :  0.00000e+00
No. of Data Rows : 6
voa = -1.428032612e-03
ddc = 3.3242301813e-07
dde = -3.267867599e-07
Reset re-loads circuit * comparator-offset-mc @ ff_-40c_2.97v -- generated by sim/harness, do not edit

Circuit: * comparator-offset-mc @ ff_-40c_2.97v -- generated by sim/harness, do not edit

Doing analysis at TEMP = -40.000000 and TNOM = 27.000000

Using SPARSE 1.3 as Direct Linear Solver

No. of Data Rows : 6
voa = -1.111973946e-03
ddc = 3.2048912140e-07
dde = -3.151420985e-07
Reset re-loads circuit * comparator-offset-mc @ ff_-40c_2.97v -- generated by sim/harness, do not edit

Circuit: * comparator-offset-mc @ ff_-40c_2.97v -- generated by sim/harness, do not edit

Doing analysis at TEMP = -40.000000 and TNOM = 27.000000

Using SPARSE 1.3 as Direct Linear Solver

No. of Data Rows : 6
voa = -5.851973626e-04
ddc = 1.9305395201e-07
dde = -1.898233038e-07
Reset re-loads circuit * comparator-offset-mc @ ff_-40c_2.97v -- generated by sim/harness, do not edit

Circuit: * comparator-offset-mc @ ff_-40c_2.97v -- generated by sim/harness, do not edit

Doing analysis at TEMP = -40.000000 and TNOM = 27.000000

Using SPARSE 1.3 as Direct Linear Solver

No. of Data Rows : 6
voa = 8.5349196928e-05
ddc = 1.7861607004e-08
dde = -1.757956962e-08
Reset re-loads circuit * comparator-offset-mc @ ff_-40c_2.97v -- generated by sim/harness, do not edit

Circuit: * comparator-offset-mc @ ff_-40c_2.97v -- generated by sim/harness, do not edit

Doing analysis at TEMP = -40.000000 and TNOM = 27.000000

Using SPARSE 1.3 as Direct Linear Solver

No. of Data Rows : 6
voa = -1.787039165e-04
ddc = -1.407024782e-08
dde = 1.3935027874e-08
Reset re-loads circuit * comparator-offset-mc @ ff_-40c_2.97v -- generated by sim/harness, do not edit

Circuit: * comparator-offset-mc @ ff_-40c_2.97v -- generated by sim/harness, do not edit

Doing analysis at TEMP = -40.000000 and TNOM = 27.000000

Using SPARSE 1.3 as Direct Linear Solver

No. of Data Rows : 6
voa = 2.1403831367e-04
ddc = -9.334395794e-09
dde = 9.1048219577e-09
Reset re-loads circuit * comparator-offset-mc @ ff_-40c_2.97v -- generated by sim/harness, do not edit

Circuit: * comparator-offset-mc @ ff_-40c_2.97v -- generated by sim/harness, do not edit

Doing analysis at TEMP = -40.000000 and TNOM = 27.000000

Using SPARSE 1.3 as Direct Linear Solver

No. of Data Rows : 6
voa = 1.8858020821e-03
ddc = -5.165987493e-07
dde = 5.0785534889e-07
Reset re-loads circuit * comparator-offset-mc @ ff_-40c_2.97v -- generated by sim/harness, do not edit

Circuit: * comparator-offset-mc @ ff_-40c_2.97v -- generated by sim/harness, do not edit

Doing analysis at TEMP = -40.000000 and TNOM = 27.000000

Using SPARSE 1.3 as Direct Linear Solver

No. of Data Rows : 6
voa = -9.774863997e-04
ddc = 1.9556588204e-07
dde = -1.921943089e-07
Reset re-loads circuit * comparator-offset-mc @ ff_-40c_2.97v -- generated by sim/harness, do not edit

Circuit: * comparator-offset-mc @ ff_-40c_2.97v -- generated by sim/harness, do not edit

Doing analysis at TEMP = -40.000000 and TNOM = 27.000000

Using SPARSE 1.3 as Direct Linear Solver

No. of Data Rows : 6
voa = 4.5194031706e-04
ddc = -9.963529291e-08
dde = 9.7981383791e-08
Reset re-loads circuit * comparator-offset-mc @ ff_-40c_2.97v -- generated by sim/harness, do not edit

Circuit: * comparator-offset-mc @ ff_-40c_2.97v -- generated by sim/harness, do not edit

Doing analysis at TEMP = -40.000000 and TNOM = 27.000000

Using SPARSE 1.3 as Direct Linear Solver

No. of Data Rows : 6
voa = -1.425527394e-04
ddc = 1.1837656196e-08
dde = -1.159575413e-08
Reset re-loads circuit * comparator-offset-mc @ ff_-40c_2.97v -- generated by sim/harness, do not edit

Circuit: * comparator-offset-mc @ ff_-40c_2.97v -- generated by sim/harness, do not edit

Doing analysis at TEMP = -40.000000 and TNOM = 27.000000

Using SPARSE 1.3 as Direct Linear Solver

No. of Data Rows : 6
voa = 2.3044764535e-03
ddc = -4.530708280e-07
dde = 4.4523616498e-07
Reset re-loads circuit * comparator-offset-mc @ ff_-40c_2.97v -- generated by sim/harness, do not edit

Circuit: * comparator-offset-mc @ ff_-40c_2.97v -- generated by sim/harness, do not edit

Doing analysis at TEMP = -40.000000 and TNOM = 27.000000

Using SPARSE 1.3 as Direct Linear Solver

No. of Data Rows : 6
voa = -3.956908438e-04
ddc = 1.2359156738e-07
dde = -1.215517331e-07
Reset re-loads circuit * comparator-offset-mc @ ff_-40c_2.97v -- generated by sim/harness, do not edit

Circuit: * comparator-offset-mc @ ff_-40c_2.97v -- generated by sim/harness, do not edit

Doing analysis at TEMP = -40.000000 and TNOM = 27.000000

Using SPARSE 1.3 as Direct Linear Solver

No. of Data Rows : 6
voa = 2.7943298946e-04
ddc = -1.529928429e-08
dde = 1.4974301116e-08
Reset re-loads circuit * comparator-offset-mc @ ff_-40c_2.97v -- generated by sim/harness, do not edit

Circuit: * comparator-offset-mc @ ff_-40c_2.97v -- generated by sim/harness, do not edit

Doing analysis at TEMP = -40.000000 and TNOM = 27.000000

Using SPARSE 1.3 as Direct Linear Solver

No. of Data Rows : 6
voa = 9.5742094664e-04
ddc = -2.457304519e-07
dde = 2.4157189072e-07
Reset re-loads circuit * comparator-offset-mc @ ff_-40c_2.97v -- generated by sim/harness, do not edit

Circuit: * comparator-offset-mc @ ff_-40c_2.97v -- generated by sim/harness, do not edit

Doing analysis at TEMP = -40.000000 and TNOM = 27.000000

Using SPARSE 1.3 as Direct Linear Solver

No. of Data Rows : 6
voa = 7.0187426175e-04
ddc = -1.713040539e-07
dde = 1.6842418005e-07
Reset re-loads circuit * comparator-offset-mc @ ff_-40c_2.97v -- generated by sim/harness, do not edit

Circuit: * comparator-offset-mc @ ff_-40c_2.97v -- generated by sim/harness, do not edit

Doing analysis at TEMP = -40.000000 and TNOM = 27.000000

Using SPARSE 1.3 as Direct Linear Solver

No. of Data Rows : 6
voa = -1.797544549e-03
ddc = 4.6316590696e-07
dde = -4.553690199e-07
Reset re-loads circuit * comparator-offset-mc @ ff_-40c_2.97v -- generated by sim/harness, do not edit

Circuit: * comparator-offset-mc @ ff_-40c_2.97v -- generated by sim/harness, do not edit

Doing analysis at TEMP = -40.000000 and TNOM = 27.000000

Using SPARSE 1.3 as Direct Linear Solver

No. of Data Rows : 6
voa = -4.937976948e-04
ddc = 1.2831485953e-07
dde = -1.261808275e-07
Reset re-loads circuit * comparator-offset-mc @ ff_-40c_2.97v -- generated by sim/harness, do not edit

Circuit: * comparator-offset-mc @ ff_-40c_2.97v -- generated by sim/harness, do not edit

Doing analysis at TEMP = -40.000000 and TNOM = 27.000000

Using SPARSE 1.3 as Direct Linear Solver

No. of Data Rows : 6
voa = 8.2499716944e-04
ddc = -1.184998611e-07
dde = 1.1639328202e-07
Reset re-loads circuit * comparator-offset-mc @ ff_-40c_2.97v -- generated by sim/harness, do not edit

Circuit: * comparator-offset-mc @ ff_-40c_2.97v -- generated by sim/harness, do not edit

Doing analysis at TEMP = -40.000000 and TNOM = 27.000000

Using SPARSE 1.3 as Direct Linear Solver

No. of Data Rows : 6
voa = -9.138841164e-04
ddc = 2.3581673671e-07
dde = -2.317963077e-07
Reset re-loads circuit * comparator-offset-mc @ ff_-40c_2.97v -- generated by sim/harness, do not edit

Circuit: * comparator-offset-mc @ ff_-40c_2.97v -- generated by sim/harness, do not edit

Doing analysis at TEMP = -40.000000 and TNOM = 27.000000

Using SPARSE 1.3 as Direct Linear Solver
 Reference value :  0.00000e+00
No. of Data Rows : 6
voa = -1.189440907e-03
ddc = 3.0489771176e-07
dde = -2.997822104e-07
Reset re-loads circuit * comparator-offset-mc @ ff_-40c_2.97v -- generated by sim/harness, do not edit

Circuit: * comparator-offset-mc @ ff_-40c_2.97v -- generated by sim/harness, do not edit

Doing analysis at TEMP = -40.000000 and TNOM = 27.000000

Using SPARSE 1.3 as Direct Linear Solver

No. of Data Rows : 6
voa = -1.387239269e-03
ddc = 3.3248572923e-07
dde = -3.268467707e-07
Reset re-loads circuit * comparator-offset-mc @ ff_-40c_2.97v -- generated by sim/harness, do not edit

Circuit: * comparator-offset-mc @ ff_-40c_2.97v -- generated by sim/harness, do not edit

Doing analysis at TEMP = -40.000000 and TNOM = 27.000000

Using SPARSE 1.3 as Direct Linear Solver

No. of Data Rows : 6
voa = 2.6645971992e-03
ddc = -5.258630226e-07
dde = 5.1682691294e-07
Reset re-loads circuit * comparator-offset-mc @ ff_-40c_2.97v -- generated by sim/harness, do not edit

Circuit: * comparator-offset-mc @ ff_-40c_2.97v -- generated by sim/harness, do not edit

Doing analysis at TEMP = -40.000000 and TNOM = 27.000000

Using SPARSE 1.3 as Direct Linear Solver

No. of Data Rows : 6
voa = -2.063347276e-04
ddc = -2.714092158e-08
dde = 2.6872706482e-08
Reset re-loads circuit * comparator-offset-mc @ ff_-40c_2.97v -- generated by sim/harness, do not edit

Circuit: * comparator-offset-mc @ ff_-40c_2.97v -- generated by sim/harness, do not edit

Doing analysis at TEMP = -40.000000 and TNOM = 27.000000

Using SPARSE 1.3 as Direct Linear Solver

No. of Data Rows : 6
voa = 1.1047543199e-03
ddc = -2.632188734e-07
dde = 2.5874505992e-07
Reset re-loads circuit * comparator-offset-mc @ ff_-40c_2.97v -- generated by sim/harness, do not edit

Circuit: * comparator-offset-mc @ ff_-40c_2.97v -- generated by sim/harness, do not edit

Doing analysis at TEMP = -40.000000 and TNOM = 27.000000

Using SPARSE 1.3 as Direct Linear Solver

No. of Data Rows : 6
voa = -4.570571913e-04
ddc = 1.5072903452e-07
dde = -1.481767018e-07
Reset re-loads circuit * comparator-offset-mc @ ff_-40c_2.97v -- generated by sim/harness, do not edit

Circuit: * comparator-offset-mc @ ff_-40c_2.97v -- generated by sim/harness, do not edit

Doing analysis at TEMP = -40.000000 and TNOM = 27.000000

Using SPARSE 1.3 as Direct Linear Solver

No. of Data Rows : 6
voa = 5.3112078451e-05
ddc = 4.3578331232e-08
dde = -4.290830588e-08
Reset re-loads circuit * comparator-offset-mc @ ff_-40c_2.97v -- generated by sim/harness, do not edit

Circuit: * comparator-offset-mc @ ff_-40c_2.97v -- generated by sim/harness, do not edit

Doing analysis at TEMP = -40.000000 and TNOM = 27.000000

Using SPARSE 1.3 as Direct Linear Solver

No. of Data Rows : 6
voa = -5.333056361e-04
ddc = 2.1081465613e-07
dde = -2.074292541e-07
Reset re-loads circuit * comparator-offset-mc @ ff_-40c_2.97v -- generated by sim/harness, do not edit

Circuit: * comparator-offset-mc @ ff_-40c_2.97v -- generated by sim/harness, do not edit

Doing analysis at TEMP = -40.000000 and TNOM = 27.000000

Using SPARSE 1.3 as Direct Linear Solver

No. of Data Rows : 6
voa = -3.700688814e-04
ddc = 9.6853013550e-08
dde = -9.514591192e-08
Reset re-loads circuit * comparator-offset-mc @ ff_-40c_2.97v -- generated by sim/harness, do not edit

Circuit: * comparator-offset-mc @ ff_-40c_2.97v -- generated by sim/harness, do not edit

Doing analysis at TEMP = -40.000000 and TNOM = 27.000000

Using SPARSE 1.3 as Direct Linear Solver

No. of Data Rows : 6
voa = 1.0443687294e-03
ddc = -2.753983432e-07
dde = 2.7087590831e-07
Reset re-loads circuit * comparator-offset-mc @ ff_-40c_2.97v -- generated by sim/harness, do not edit

Circuit: * comparator-offset-mc @ ff_-40c_2.97v -- generated by sim/harness, do not edit

Doing analysis at TEMP = -40.000000 and TNOM = 27.000000

Using SPARSE 1.3 as Direct Linear Solver

No. of Data Rows : 6
voa = 6.0547053634e-04
ddc = -1.551385341e-07
dde = 1.5252795334e-07
Reset re-loads circuit * comparator-offset-mc @ ff_-40c_2.97v -- generated by sim/harness, do not edit

Circuit: * comparator-offset-mc @ ff_-40c_2.97v -- generated by sim/harness, do not edit

Doing analysis at TEMP = -40.000000 and TNOM = 27.000000

Using SPARSE 1.3 as Direct Linear Solver

No. of Data Rows : 6
voa = -1.992977784e-04
ddc = -1.841263917e-08
dde = 1.8160806064e-08
Reset re-loads circuit * comparator-offset-mc @ ff_-40c_2.97v -- generated by sim/harness, do not edit

Circuit: * comparator-offset-mc @ ff_-40c_2.97v -- generated by sim/harness, do not edit

Doing analysis at TEMP = -40.000000 and TNOM = 27.000000

Using SPARSE 1.3 as Direct Linear Solver

No. of Data Rows : 6
voa = -6.530851313e-04
ddc = 1.5446081521e-07
dde = -1.519302456e-07
Reset re-loads circuit * comparator-offset-mc @ ff_-40c_2.97v -- generated by sim/harness, do not edit

Circuit: * comparator-offset-mc @ ff_-40c_2.97v -- generated by sim/harness, do not edit

Doing analysis at TEMP = -40.000000 and TNOM = 27.000000

Using SPARSE 1.3 as Direct Linear Solver

No. of Data Rows : 6
voa = -3.027513952e-04
ddc = 1.2249861774e-07
dde = -1.204564197e-07
Reset re-loads circuit * comparator-offset-mc @ ff_-40c_2.97v -- generated by sim/harness, do not edit

Circuit: * comparator-offset-mc @ ff_-40c_2.97v -- generated by sim/harness, do not edit

Doing analysis at TEMP = -40.000000 and TNOM = 27.000000

Using SPARSE 1.3 as Direct Linear Solver

No. of Data Rows : 6
voa = 4.3777888440e-04
ddc = -9.905519722e-08
dde = 9.7386770180e-08
Reset re-loads circuit * comparator-offset-mc @ ff_-40c_2.97v -- generated by sim/harness, do not edit

Circuit: * comparator-offset-mc @ ff_-40c_2.97v -- generated by sim/harness, do not edit

Doing analysis at TEMP = -40.000000 and TNOM = 27.000000

Using SPARSE 1.3 as Direct Linear Solver

No. of Data Rows : 6
voa = -4.460564617e-04
ddc = 1.8389967135e-07
dde = -1.808795095e-07
Reset re-loads circuit * comparator-offset-mc @ ff_-40c_2.97v -- generated by sim/harness, do not edit

Circuit: * comparator-offset-mc @ ff_-40c_2.97v -- generated by sim/harness, do not edit

Doing analysis at TEMP = -40.000000 and TNOM = 27.000000

Using SPARSE 1.3 as Direct Linear Solver

No. of Data Rows : 6
voa = -8.916616593e-04
ddc = 2.4585764322e-07
dde = -2.417551984e-07
Reset re-loads circuit * comparator-offset-mc @ ff_-40c_2.97v -- generated by sim/harness, do not edit

Circuit: * comparator-offset-mc @ ff_-40c_2.97v -- generated by sim/harness, do not edit

Doing analysis at TEMP = -40.000000 and TNOM = 27.000000

Using SPARSE 1.3 as Direct Linear Solver

No. of Data Rows : 6
voa = -4.343952178e-06
ddc = 6.5841088873e-08
dde = -6.476563834e-08
Reset re-loads circuit * comparator-offset-mc @ ff_-40c_2.97v -- generated by sim/harness, do not edit

Circuit: * comparator-offset-mc @ ff_-40c_2.97v -- generated by sim/harness, do not edit

Doing analysis at TEMP = -40.000000 and TNOM = 27.000000

Using SPARSE 1.3 as Direct Linear Solver
 Reference value :  0.00000e+00
No. of Data Rows : 6
voa = 1.5819102415e-03
ddc = -3.128188225e-07
dde = 3.0736704262e-07
Reset re-loads circuit * comparator-offset-mc @ ff_-40c_2.97v -- generated by sim/harness, do not edit

Circuit: * comparator-offset-mc @ ff_-40c_2.97v -- generated by sim/harness, do not edit

Doing analysis at TEMP = -40.000000 and TNOM = 27.000000

Using SPARSE 1.3 as Direct Linear Solver

No. of Data Rows : 6
voa = -1.830733173e-03
ddc = 5.0959538564e-07
dde = -5.009269703e-07
Reset re-loads circuit * comparator-offset-mc @ ff_-40c_2.97v -- generated by sim/harness, do not edit

Circuit: * comparator-offset-mc @ ff_-40c_2.97v -- generated by sim/harness, do not edit

Doing analysis at TEMP = -40.000000 and TNOM = 27.000000

Using SPARSE 1.3 as Direct Linear Solver

No. of Data Rows : 6
voa = 9.8049406674e-04
ddc = -2.172788265e-07
dde = 2.1354846143e-07
Reset re-loads circuit * comparator-offset-mc @ ff_-40c_2.97v -- generated by sim/harness, do not edit

Circuit: * comparator-offset-mc @ ff_-40c_2.97v -- generated by sim/harness, do not edit

Doing analysis at TEMP = -40.000000 and TNOM = 27.000000

Using SPARSE 1.3 as Direct Linear Solver

No. of Data Rows : 6
voa = -4.115346415e-04
ddc = 1.3543238123e-07
dde = -1.332435517e-07
Reset re-loads circuit * comparator-offset-mc @ ff_-40c_2.97v -- generated by sim/harness, do not edit

Circuit: * comparator-offset-mc @ ff_-40c_2.97v -- generated by sim/harness, do not edit

Doing analysis at TEMP = -40.000000 and TNOM = 27.000000

Using SPARSE 1.3 as Direct Linear Solver

No. of Data Rows : 6
voa = 6.6064468448e-05
ddc = 5.6449304635e-08
dde = -5.550040174e-08
Reset re-loads circuit * comparator-offset-mc @ ff_-40c_2.97v -- generated by sim/harness, do not edit

Circuit: * comparator-offset-mc @ ff_-40c_2.97v -- generated by sim/harness, do not edit

Doing analysis at TEMP = -40.000000 and TNOM = 27.000000

Using SPARSE 1.3 as Direct Linear Solver

No. of Data Rows : 6
voa = -1.618783794e-04
ddc = 1.9101600393e-08
dde = -1.880464408e-08
Reset re-loads circuit * comparator-offset-mc @ ff_-40c_2.97v -- generated by sim/harness, do not edit

Circuit: * comparator-offset-mc @ ff_-40c_2.97v -- generated by sim/harness, do not edit

Doing analysis at TEMP = -40.000000 and TNOM = 27.000000

Using SPARSE 1.3 as Direct Linear Solver

No. of Data Rows : 6
voa = 3.7965914816e-04
ddc = -1.051918883e-07
dde = 1.0342415379e-07
Reset re-loads circuit * comparator-offset-mc @ ff_-40c_2.97v -- generated by sim/harness, do not edit

Circuit: * comparator-offset-mc @ ff_-40c_2.97v -- generated by sim/harness, do not edit

Doing analysis at TEMP = -40.000000 and TNOM = 27.000000

Using SPARSE 1.3 as Direct Linear Solver

No. of Data Rows : 6
voa = -1.204095324e-04
ddc = 1.6002728391e-08
dde = -1.574233874e-08
Reset re-loads circuit * comparator-offset-mc @ ff_-40c_2.97v -- generated by sim/harness, do not edit

Circuit: * comparator-offset-mc @ ff_-40c_2.97v -- generated by sim/harness, do not edit

Doing analysis at TEMP = -40.000000 and TNOM = 27.000000

Using SPARSE 1.3 as Direct Linear Solver

No. of Data Rows : 6
voa = -1.041925343e-03
ddc = 2.6553853674e-07
dde = -2.610591719e-07
Reset re-loads circuit * comparator-offset-mc @ ff_-40c_2.97v -- generated by sim/harness, do not edit

Circuit: * comparator-offset-mc @ ff_-40c_2.97v -- generated by sim/harness, do not edit

Doing analysis at TEMP = -40.000000 and TNOM = 27.000000

Using SPARSE 1.3 as Direct Linear Solver

No. of Data Rows : 6
voa = 1.1536992662e-03
ddc = -2.663234642e-07
dde = 2.6179060963e-07
Reset re-loads circuit * comparator-offset-mc @ ff_-40c_2.97v -- generated by sim/harness, do not edit

Circuit: * comparator-offset-mc @ ff_-40c_2.97v -- generated by sim/harness, do not edit

Doing analysis at TEMP = -40.000000 and TNOM = 27.000000

Using SPARSE 1.3 as Direct Linear Solver

No. of Data Rows : 6
voa = 4.0207326833e-05
ddc = 2.8532251305e-08
dde = -2.805746578e-08
Reset re-loads circuit * comparator-offset-mc @ ff_-40c_2.97v -- generated by sim/harness, do not edit

Circuit: * comparator-offset-mc @ ff_-40c_2.97v -- generated by sim/harness, do not edit

Doing analysis at TEMP = -40.000000 and TNOM = 27.000000

Using SPARSE 1.3 as Direct Linear Solver

No. of Data Rows : 6
voa = 3.6622980802e-04
ddc = -3.147315425e-08
dde = 3.0843253467e-08
Reset re-loads circuit * comparator-offset-mc @ ff_-40c_2.97v -- generated by sim/harness, do not edit

Circuit: * comparator-offset-mc @ ff_-40c_2.97v -- generated by sim/harness, do not edit

Doing analysis at TEMP = -40.000000 and TNOM = 27.000000

Using SPARSE 1.3 as Direct Linear Solver

No. of Data Rows : 6
voa = 1.8112353202e-05
ddc = 2.7363714116e-08
dde = -2.693564675e-08
Reset re-loads circuit * comparator-offset-mc @ ff_-40c_2.97v -- generated by sim/harness, do not edit

Circuit: * comparator-offset-mc @ ff_-40c_2.97v -- generated by sim/harness, do not edit

Doing analysis at TEMP = -40.000000 and TNOM = 27.000000

Using SPARSE 1.3 as Direct Linear Solver

No. of Data Rows : 6
voa = -1.280501876e-03
ddc = 3.3248626695e-07
dde = -3.269155631e-07
Reset re-loads circuit * comparator-offset-mc @ ff_-40c_2.97v -- generated by sim/harness, do not edit

Circuit: * comparator-offset-mc @ ff_-40c_2.97v -- generated by sim/harness, do not edit

Doing analysis at TEMP = -40.000000 and TNOM = 27.000000

Using SPARSE 1.3 as Direct Linear Solver

No. of Data Rows : 6
voa = 1.4002562238e-04
ddc = -1.251218900e-07
dde = 1.2310963027e-07
Reset re-loads circuit * comparator-offset-mc @ ff_-40c_2.97v -- generated by sim/harness, do not edit

Circuit: * comparator-offset-mc @ ff_-40c_2.97v -- generated by sim/harness, do not edit

Doing analysis at TEMP = -40.000000 and TNOM = 27.000000

Using SPARSE 1.3 as Direct Linear Solver

No. of Data Rows : 6
voa = 1.1017798238e-03
ddc = -2.608016666e-07
dde = 2.5634208274e-07
Reset re-loads circuit * comparator-offset-mc @ ff_-40c_2.97v -- generated by sim/harness, do not edit

Circuit: * comparator-offset-mc @ ff_-40c_2.97v -- generated by sim/harness, do not edit

Doing analysis at TEMP = -40.000000 and TNOM = 27.000000

Using SPARSE 1.3 as Direct Linear Solver

No. of Data Rows : 6
voa = -4.577293010e-04
ddc = 8.2738357204e-08
dde = -8.123447874e-08
Reset re-loads circuit * comparator-offset-mc @ ff_-40c_2.97v -- generated by sim/harness, do not edit

Circuit: * comparator-offset-mc @ ff_-40c_2.97v -- generated by sim/harness, do not edit

Doing analysis at TEMP = -40.000000 and TNOM = 27.000000

Using SPARSE 1.3 as Direct Linear Solver
 Reference value :  0.00000e+00
No. of Data Rows : 6
voa = 2.0733165104e-04
ddc = -6.317912206e-08
dde = 6.2086919078e-08
Reset re-loads circuit * comparator-offset-mc @ ff_-40c_2.97v -- generated by sim/harness, do not edit

Circuit: * comparator-offset-mc @ ff_-40c_2.97v -- generated by sim/harness, do not edit

Doing analysis at TEMP = -40.000000 and TNOM = 27.000000

Using SPARSE 1.3 as Direct Linear Solver

No. of Data Rows : 6
voa = -4.006880024e-04
ddc = 4.5551262959e-08
dde = -4.468214454e-08
Reset re-loads circuit * comparator-offset-mc @ ff_-40c_2.97v -- generated by sim/harness, do not edit

Circuit: * comparator-offset-mc @ ff_-40c_2.97v -- generated by sim/harness, do not edit

Doing analysis at TEMP = -40.000000 and TNOM = 27.000000

Using SPARSE 1.3 as Direct Linear Solver

No. of Data Rows : 6
voa = 1.1855883849e-04
ddc = 1.3910798654e-08
dde = -1.375526692e-08
Reset re-loads circuit * comparator-offset-mc @ ff_-40c_2.97v -- generated by sim/harness, do not edit

Circuit: * comparator-offset-mc @ ff_-40c_2.97v -- generated by sim/harness, do not edit

Doing analysis at TEMP = -40.000000 and TNOM = 27.000000

Using SPARSE 1.3 as Direct Linear Solver

No. of Data Rows : 6
voa = 8.6884278125e-04
ddc = -1.525185807e-07
dde = 1.4982051010e-07
Reset re-loads circuit * comparator-offset-mc @ ff_-40c_2.97v -- generated by sim/harness, do not edit

Circuit: * comparator-offset-mc @ ff_-40c_2.97v -- generated by sim/harness, do not edit

Doing analysis at TEMP = -40.000000 and TNOM = 27.000000

Using SPARSE 1.3 as Direct Linear Solver

No. of Data Rows : 6
voa = -2.758807456e-04
ddc = 9.2354385083e-08
dde = -9.085272489e-08
Reset re-loads circuit * comparator-offset-mc @ ff_-40c_2.97v -- generated by sim/harness, do not edit

Circuit: * comparator-offset-mc @ ff_-40c_2.97v -- generated by sim/harness, do not edit

Doing analysis at TEMP = -40.000000 and TNOM = 27.000000

Using SPARSE 1.3 as Direct Linear Solver

No. of Data Rows : 6
voa = 1.0870716297e-03
ddc = -2.861281047e-07
dde = 2.8139444154e-07
Reset re-loads circuit * comparator-offset-mc @ ff_-40c_2.97v -- generated by sim/harness, do not edit

Circuit: * comparator-offset-mc @ ff_-40c_2.97v -- generated by sim/harness, do not edit

Doing analysis at TEMP = -40.000000 and TNOM = 27.000000

Using SPARSE 1.3 as Direct Linear Solver

No. of Data Rows : 6
voa = 7.5866095521e-04
ddc = -1.321667730e-07
dde = 1.2989333290e-07
Reset re-loads circuit * comparator-offset-mc @ ff_-40c_2.97v -- generated by sim/harness, do not edit

Circuit: * comparator-offset-mc @ ff_-40c_2.97v -- generated by sim/harness, do not edit

Doing analysis at TEMP = -40.000000 and TNOM = 27.000000

Using SPARSE 1.3 as Direct Linear Solver

No. of Data Rows : 6
voa = 4.8058994191e-04
ddc = -1.063237143e-07
dde = 1.0447777099e-07
Reset re-loads circuit * comparator-offset-mc @ ff_-40c_2.97v -- generated by sim/harness, do not edit

Circuit: * comparator-offset-mc @ ff_-40c_2.97v -- generated by sim/harness, do not edit

Doing analysis at TEMP = -40.000000 and TNOM = 27.000000

Using SPARSE 1.3 as Direct Linear Solver

No. of Data Rows : 6
voa = 8.0421962039e-04
ddc = -2.426464443e-07
dde = 2.3854778047e-07
Reset re-loads circuit * comparator-offset-mc @ ff_-40c_2.97v -- generated by sim/harness, do not edit

Circuit: * comparator-offset-mc @ ff_-40c_2.97v -- generated by sim/harness, do not edit

Doing analysis at TEMP = -40.000000 and TNOM = 27.000000

Using SPARSE 1.3 as Direct Linear Solver

No. of Data Rows : 6
voa = 2.4614226516e-06
ddc = 3.0384105113e-08
dde = -2.986756977e-08
Reset re-loads circuit * comparator-offset-mc @ ff_-40c_2.97v -- generated by sim/harness, do not edit

Circuit: * comparator-offset-mc @ ff_-40c_2.97v -- generated by sim/harness, do not edit

Doing analysis at TEMP = -40.000000 and TNOM = 27.000000

Using SPARSE 1.3 as Direct Linear Solver

No. of Data Rows : 6
voa = -1.457289562e-03
ddc = 3.3432412725e-07
dde = -3.287186939e-07
Reset re-loads circuit * comparator-offset-mc @ ff_-40c_2.97v -- generated by sim/harness, do not edit

Circuit: * comparator-offset-mc @ ff_-40c_2.97v -- generated by sim/harness, do not edit

Doing analysis at TEMP = -40.000000 and TNOM = 27.000000

Using SPARSE 1.3 as Direct Linear Solver

No. of Data Rows : 6
voa = 1.0362316478e-03
ddc = -2.310500444e-07
dde = 2.2712468325e-07
Reset re-loads circuit * comparator-offset-mc @ ff_-40c_2.97v -- generated by sim/harness, do not edit

Circuit: * comparator-offset-mc @ ff_-40c_2.97v -- generated by sim/harness, do not edit

Doing analysis at TEMP = -40.000000 and TNOM = 27.000000

Using SPARSE 1.3 as Direct Linear Solver

No. of Data Rows : 6
voa = -1.569404215e-03
ddc = 2.3178686873e-07
dde = -2.276095128e-07
Reset re-loads circuit * comparator-offset-mc @ ff_-40c_2.97v -- generated by sim/harness, do not edit

Circuit: * comparator-offset-mc @ ff_-40c_2.97v -- generated by sim/harness, do not edit

Doing analysis at TEMP = -40.000000 and TNOM = 27.000000

Using SPARSE 1.3 as Direct Linear Solver

No. of Data Rows : 6
voa = 2.4270759682e-03
ddc = -6.004191175e-07
dde = 5.9029110896e-07
Reset re-loads circuit * comparator-offset-mc @ ff_-40c_2.97v -- generated by sim/harness, do not edit

Circuit: * comparator-offset-mc @ ff_-40c_2.97v -- generated by sim/harness, do not edit

Doing analysis at TEMP = -40.000000 and TNOM = 27.000000

Using SPARSE 1.3 as Direct Linear Solver

No. of Data Rows : 6
voa = -1.605239429e-04
ddc = 7.0122536692e-08
dde = -6.899309021e-08
Reset re-loads circuit * comparator-offset-mc @ ff_-40c_2.97v -- generated by sim/harness, do not edit

Circuit: * comparator-offset-mc @ ff_-40c_2.97v -- generated by sim/harness, do not edit

Doing analysis at TEMP = -40.000000 and TNOM = 27.000000

Using SPARSE 1.3 as Direct Linear Solver

No. of Data Rows : 6
voa = -3.932322984e-04
ddc = 2.0465323428e-08
dde = -2.000261353e-08
Reset re-loads circuit * comparator-offset-mc @ ff_-40c_2.97v -- generated by sim/harness, do not edit

Circuit: * comparator-offset-mc @ ff_-40c_2.97v -- generated by sim/harness, do not edit

Doing analysis at TEMP = -40.000000 and TNOM = 27.000000

Using SPARSE 1.3 as Direct Linear Solver

No. of Data Rows : 6
voa = -6.074589237e-04
ddc = 1.2912439888e-07
dde = -1.269370889e-07
Reset re-loads circuit * comparator-offset-mc @ ff_-40c_2.97v -- generated by sim/harness, do not edit

Circuit: * comparator-offset-mc @ ff_-40c_2.97v -- generated by sim/harness, do not edit

Doing analysis at TEMP = -40.000000 and TNOM = 27.000000

Using SPARSE 1.3 as Direct Linear Solver

No. of Data Rows : 6
voa = -1.738815889e-03
ddc = 3.6460631550e-07
dde = -3.586232773e-07
Reset re-loads circuit * comparator-offset-mc @ ff_-40c_2.97v -- generated by sim/harness, do not edit

Circuit: * comparator-offset-mc @ ff_-40c_2.97v -- generated by sim/harness, do not edit

Doing analysis at TEMP = -40.000000 and TNOM = 27.000000

Using SPARSE 1.3 as Direct Linear Solver

No. of Data Rows : 6
voa = -4.081617066e-04
ddc = 9.4181801222e-08
dde = -9.266423561e-08
Reset re-loads circuit * comparator-offset-mc @ ff_-40c_2.97v -- generated by sim/harness, do not edit

Circuit: * comparator-offset-mc @ ff_-40c_2.97v -- generated by sim/harness, do not edit

Doing analysis at TEMP = -40.000000 and TNOM = 27.000000

Using SPARSE 1.3 as Direct Linear Solver
 Reference value :  2.00000e-03
No. of Data Rows : 6
voa = -8.311732044e-05
ddc = 1.6869339466e-08
dde = -1.662294117e-08
Reset re-loads circuit * comparator-offset-mc @ ff_-40c_2.97v -- generated by sim/harness, do not edit

Circuit: * comparator-offset-mc @ ff_-40c_2.97v -- generated by sim/harness, do not edit

Doing analysis at TEMP = -40.000000 and TNOM = 27.000000

Using SPARSE 1.3 as Direct Linear Solver

No. of Data Rows : 6
voa = 1.6259387578e-03
ddc = -4.107076857e-07
dde = 4.0374754484e-07
Reset re-loads circuit * comparator-offset-mc @ ff_-40c_2.97v -- generated by sim/harness, do not edit

Circuit: * comparator-offset-mc @ ff_-40c_2.97v -- generated by sim/harness, do not edit

Doing analysis at TEMP = -40.000000 and TNOM = 27.000000

Using SPARSE 1.3 as Direct Linear Solver

No. of Data Rows : 6
voa = -2.032618894e-04
ddc = 1.3589205936e-07
dde = -1.336697861e-07
Reset re-loads circuit * comparator-offset-mc @ ff_-40c_2.97v -- generated by sim/harness, do not edit

Circuit: * comparator-offset-mc @ ff_-40c_2.97v -- generated by sim/harness, do not edit

Doing analysis at TEMP = -40.000000 and TNOM = 27.000000

Using SPARSE 1.3 as Direct Linear Solver

No. of Data Rows : 6
voa = -7.255752041e-04
ddc = 1.7277979235e-07
dde = -1.698238741e-07
Reset re-loads circuit * comparator-offset-mc @ ff_-40c_2.97v -- generated by sim/harness, do not edit

Circuit: * comparator-offset-mc @ ff_-40c_2.97v -- generated by sim/harness, do not edit

Doing analysis at TEMP = -40.000000 and TNOM = 27.000000

Using SPARSE 1.3 as Direct Linear Solver

No. of Data Rows : 6
voa = -7.922067611e-04
ddc = 1.4668067325e-07
dde = -1.441439477e-07
Reset re-loads circuit * comparator-offset-mc @ ff_-40c_2.97v -- generated by sim/harness, do not edit

Circuit: * comparator-offset-mc @ ff_-40c_2.97v -- generated by sim/harness, do not edit

Doing analysis at TEMP = -40.000000 and TNOM = 27.000000

Using SPARSE 1.3 as Direct Linear Solver

No. of Data Rows : 6
voa = -5.523714714e-04
ddc = 1.5219982560e-07
dde = -1.496207674e-07
Reset re-loads circuit * comparator-offset-mc @ ff_-40c_2.97v -- generated by sim/harness, do not edit

Circuit: * comparator-offset-mc @ ff_-40c_2.97v -- generated by sim/harness, do not edit

Doing analysis at TEMP = -40.000000 and TNOM = 27.000000

Using SPARSE 1.3 as Direct Linear Solver

No. of Data Rows : 6
voa = 8.3269204141e-04
ddc = -1.931052671e-07
dde = 1.8982638594e-07
Reset re-loads circuit * comparator-offset-mc @ ff_-40c_2.97v -- generated by sim/harness, do not edit

Circuit: * comparator-offset-mc @ ff_-40c_2.97v -- generated by sim/harness, do not edit

Doing analysis at TEMP = -40.000000 and TNOM = 27.000000

Using SPARSE 1.3 as Direct Linear Solver

No. of Data Rows : 6
voa = -1.953797297e-04
ddc = 8.2349696527e-08
dde = -8.094520984e-08
Reset re-loads circuit * comparator-offset-mc @ ff_-40c_2.97v -- generated by sim/harness, do not edit

Circuit: * comparator-offset-mc @ ff_-40c_2.97v -- generated by sim/harness, do not edit

Doing analysis at TEMP = -40.000000 and TNOM = 27.000000

Using SPARSE 1.3 as Direct Linear Solver

No. of Data Rows : 6
voa = 1.0172150705e-03
ddc = -2.895417712e-07
dde = 2.8473684999e-07
Reset re-loads circuit * comparator-offset-mc @ ff_-40c_2.97v -- generated by sim/harness, do not edit

Circuit: * comparator-offset-mc @ ff_-40c_2.97v -- generated by sim/harness, do not edit

Doing analysis at TEMP = -40.000000 and TNOM = 27.000000

Using SPARSE 1.3 as Direct Linear Solver

No. of Data Rows : 6
voa = 6.1954906465e-04
ddc = -1.717944097e-07
dde = 1.6889132077e-07
Reset re-loads circuit * comparator-offset-mc @ ff_-40c_2.97v -- generated by sim/harness, do not edit

Circuit: * comparator-offset-mc @ ff_-40c_2.97v -- generated by sim/harness, do not edit

Doing analysis at TEMP = -40.000000 and TNOM = 27.000000

Using SPARSE 1.3 as Direct Linear Solver

No. of Data Rows : 6
voa = -2.447021362e-04
ddc = 1.0466113622e-07
dde = -1.029393729e-07
Reset re-loads circuit * comparator-offset-mc @ ff_-40c_2.97v -- generated by sim/harness, do not edit

Circuit: * comparator-offset-mc @ ff_-40c_2.97v -- generated by sim/harness, do not edit

Doing analysis at TEMP = -40.000000 and TNOM = 27.000000

Using SPARSE 1.3 as Direct Linear Solver

No. of Data Rows : 6
voa = 2.2561282346e-03
ddc = -4.456190718e-07
dde = 4.3788076020e-07
Reset re-loads circuit * comparator-offset-mc @ ff_-40c_2.97v -- generated by sim/harness, do not edit

Circuit: * comparator-offset-mc @ ff_-40c_2.97v -- generated by sim/harness, do not edit

Doing analysis at TEMP = -40.000000 and TNOM = 27.000000

Using SPARSE 1.3 as Direct Linear Solver

No. of Data Rows : 6
voa = -6.495534557e-04
ddc = 2.0949241201e-07
dde = -2.060028150e-07
Reset re-loads circuit * comparator-offset-mc @ ff_-40c_2.97v -- generated by sim/harness, do not edit

Circuit: * comparator-offset-mc @ ff_-40c_2.97v -- generated by sim/harness, do not edit

Doing analysis at TEMP = -40.000000 and TNOM = 27.000000

Using SPARSE 1.3 as Direct Linear Solver

No. of Data Rows : 6
voa = 2.2315084867e-04
ddc = -3.239475394e-08
dde = 3.1819663698e-08
Reset re-loads circuit * comparator-offset-mc @ ff_-40c_2.97v -- generated by sim/harness, do not edit

Circuit: * comparator-offset-mc @ ff_-40c_2.97v -- generated by sim/harness, do not edit

Doing analysis at TEMP = -40.000000 and TNOM = 27.000000

Using SPARSE 1.3 as Direct Linear Solver
 Reference value :  0.00000e+00
No. of Data Rows : 6
voa = 3.3202159811e-04
ddc = -4.043084093e-08
dde = 3.9638139215e-08
Reset re-loads circuit * comparator-offset-mc @ ff_-40c_2.97v -- generated by sim/harness, do not edit

Circuit: * comparator-offset-mc @ ff_-40c_2.97v -- generated by sim/harness, do not edit

Doing analysis at TEMP = -40.000000 and TNOM = 27.000000

Using SPARSE 1.3 as Direct Linear Solver

No. of Data Rows : 6
voa = 5.2081051420e-04
ddc = -1.438037775e-07
dde = 1.4135633248e-07
Reset re-loads circuit * comparator-offset-mc @ ff_-40c_2.97v -- generated by sim/harness, do not edit

Circuit: * comparator-offset-mc @ ff_-40c_2.97v -- generated by sim/harness, do not edit

Doing analysis at TEMP = -40.000000 and TNOM = 27.000000

Using SPARSE 1.3 as Direct Linear Solver

No. of Data Rows : 6
voa = 1.8431395428e-03
ddc = -4.346708495e-07
dde = 4.2734167241e-07
Reset re-loads circuit * comparator-offset-mc @ ff_-40c_2.97v -- generated by sim/harness, do not edit

Circuit: * comparator-offset-mc @ ff_-40c_2.97v -- generated by sim/harness, do not edit

Doing analysis at TEMP = -40.000000 and TNOM = 27.000000

Using SPARSE 1.3 as Direct Linear Solver

No. of Data Rows : 6
voa = -8.983108214e-04
ddc = 2.2944034304e-07
dde = -2.255673919e-07
Reset re-loads circuit * comparator-offset-mc @ ff_-40c_2.97v -- generated by sim/harness, do not edit

Circuit: * comparator-offset-mc @ ff_-40c_2.97v -- generated by sim/harness, do not edit

Doing analysis at TEMP = -40.000000 and TNOM = 27.000000

Using SPARSE 1.3 as Direct Linear Solver

No. of Data Rows : 6
voa = 1.0207440935e-03
ddc = -3.041170414e-07
dde = 2.9897830321e-07
Reset re-loads circuit * comparator-offset-mc @ ff_-40c_2.97v -- generated by sim/harness, do not edit

Circuit: * comparator-offset-mc @ ff_-40c_2.97v -- generated by sim/harness, do not edit

Doing analysis at TEMP = -40.000000 and TNOM = 27.000000

Using SPARSE 1.3 as Direct Linear Solver

No. of Data Rows : 6
voa = 9.2254596284e-04
ddc = -2.512204736e-07
dde = 2.4697861062e-07
Reset re-loads circuit * comparator-offset-mc @ ff_-40c_2.97v -- generated by sim/harness, do not edit

Circuit: * comparator-offset-mc @ ff_-40c_2.97v -- generated by sim/harness, do not edit

Doing analysis at TEMP = -40.000000 and TNOM = 27.000000

Using SPARSE 1.3 as Direct Linear Solver

No. of Data Rows : 6
voa = 2.4216742087e-04
ddc = -6.084638574e-08
dde = 5.9797254990e-08
Reset re-loads circuit * comparator-offset-mc @ ff_-40c_2.97v -- generated by sim/harness, do not edit

Circuit: * comparator-offset-mc @ ff_-40c_2.97v -- generated by sim/harness, do not edit

Doing analysis at TEMP = -40.000000 and TNOM = 27.000000

Using SPARSE 1.3 as Direct Linear Solver

No. of Data Rows : 6
voa = 4.6679810735e-04
ddc = -4.183527485e-08
dde = 4.1035011235e-08
Reset re-loads circuit * comparator-offset-mc @ ff_-40c_2.97v -- generated by sim/harness, do not edit

Circuit: * comparator-offset-mc @ ff_-40c_2.97v -- generated by sim/harness, do not edit

Doing analysis at TEMP = -40.000000 and TNOM = 27.000000

Using SPARSE 1.3 as Direct Linear Solver

No. of Data Rows : 6
voa = 5.9616908808e-04
ddc = -2.043453755e-07
dde = 2.0096601188e-07
Reset re-loads circuit * comparator-offset-mc @ ff_-40c_2.97v -- generated by sim/harness, do not edit

Circuit: * comparator-offset-mc @ ff_-40c_2.97v -- generated by sim/harness, do not edit

Doing analysis at TEMP = -40.000000 and TNOM = 27.000000

Using SPARSE 1.3 as Direct Linear Solver

No. of Data Rows : 6
voa = 1.7051773102e-03
ddc = -3.267568601e-07
dde = 3.2118300407e-07
Reset re-loads circuit * comparator-offset-mc @ ff_-40c_2.97v -- generated by sim/harness, do not edit

Circuit: * comparator-offset-mc @ ff_-40c_2.97v -- generated by sim/harness, do not edit

Doing analysis at TEMP = -40.000000 and TNOM = 27.000000

Using SPARSE 1.3 as Direct Linear Solver

No. of Data Rows : 6
voa = -1.429664735e-03
ddc = 2.5967961368e-07
dde = -2.554735840e-07
Reset re-loads circuit * comparator-offset-mc @ ff_-40c_2.97v -- generated by sim/harness, do not edit

Circuit: * comparator-offset-mc @ ff_-40c_2.97v -- generated by sim/harness, do not edit

Doing analysis at TEMP = -40.000000 and TNOM = 27.000000

Using SPARSE 1.3 as Direct Linear Solver

No. of Data Rows : 6
voa = -5.087367881e-05
ddc = 2.0253274299e-09
dde = -2.057044800e-09
Reset re-loads circuit * comparator-offset-mc @ ff_-40c_2.97v -- generated by sim/harness, do not edit

Circuit: * comparator-offset-mc @ ff_-40c_2.97v -- generated by sim/harness, do not edit

Doing analysis at TEMP = -40.000000 and TNOM = 27.000000

Using SPARSE 1.3 as Direct Linear Solver

No. of Data Rows : 6
voa = -4.748223233e-04
ddc = 6.6797828743e-08
dde = -6.571170613e-08
Reset re-loads circuit * comparator-offset-mc @ ff_-40c_2.97v -- generated by sim/harness, do not edit

Circuit: * comparator-offset-mc @ ff_-40c_2.97v -- generated by sim/harness, do not edit

Doing analysis at TEMP = -40.000000 and TNOM = 27.000000

Using SPARSE 1.3 as Direct Linear Solver

No. of Data Rows : 6
voa = -1.790357328e-03
ddc = 3.8084505497e-07
dde = -3.744846633e-07
Reset re-loads circuit * comparator-offset-mc @ ff_-40c_2.97v -- generated by sim/harness, do not edit

Circuit: * comparator-offset-mc @ ff_-40c_2.97v -- generated by sim/harness, do not edit

Doing analysis at TEMP = -40.000000 and TNOM = 27.000000

Using SPARSE 1.3 as Direct Linear Solver

No. of Data Rows : 6
voa = 7.7772971311e-04
ddc = -1.649531557e-07
dde = 1.6212731757e-07
Reset re-loads circuit * comparator-offset-mc @ ff_-40c_2.97v -- generated by sim/harness, do not edit

Circuit: * comparator-offset-mc @ ff_-40c_2.97v -- generated by sim/harness, do not edit

Doing analysis at TEMP = -40.000000 and TNOM = 27.000000

Using SPARSE 1.3 as Direct Linear Solver
 Reference value :  0.00000e+00
No. of Data Rows : 6
voa = -3.097345082e-04
ddc = -4.692715310e-08
dde = 4.6377463500e-08
Reset re-loads circuit * comparator-offset-mc @ ff_-40c_2.97v -- generated by sim/harness, do not edit

Circuit: * comparator-offset-mc @ ff_-40c_2.97v -- generated by sim/harness, do not edit

Doing analysis at TEMP = -40.000000 and TNOM = 27.000000

Using SPARSE 1.3 as Direct Linear Solver

No. of Data Rows : 6
voa = 2.0736462750e-04
ddc = -5.752591371e-09
dde = 5.6061393049e-09
Reset re-loads circuit * comparator-offset-mc @ ff_-40c_2.97v -- generated by sim/harness, do not edit

Circuit: * comparator-offset-mc @ ff_-40c_2.97v -- generated by sim/harness, do not edit

Doing analysis at TEMP = -40.000000 and TNOM = 27.000000

Using SPARSE 1.3 as Direct Linear Solver

No. of Data Rows : 6
voa = -1.729288575e-03
ddc = 4.2633416946e-07
dde = -4.194556424e-07
Reset re-loads circuit * comparator-offset-mc @ ff_-40c_2.97v -- generated by sim/harness, do not edit

Circuit: * comparator-offset-mc @ ff_-40c_2.97v -- generated by sim/harness, do not edit

Doing analysis at TEMP = -40.000000 and TNOM = 27.000000

Using SPARSE 1.3 as Direct Linear Solver

No. of Data Rows : 6
voa = -5.662167023e-04
ddc = 7.9367895162e-08
dde = -7.785684796e-08
Reset re-loads circuit * comparator-offset-mc @ ff_-40c_2.97v -- generated by sim/harness, do not edit

Circuit: * comparator-offset-mc @ ff_-40c_2.97v -- generated by sim/harness, do not edit

Doing analysis at TEMP = -40.000000 and TNOM = 27.000000

Using SPARSE 1.3 as Direct Linear Solver

No. of Data Rows : 6
voa = 9.8254939175e-04
ddc = -2.745551342e-07
dde = 2.6986642478e-07
Reset re-loads circuit * comparator-offset-mc @ ff_-40c_2.97v -- generated by sim/harness, do not edit

Circuit: * comparator-offset-mc @ ff_-40c_2.97v -- generated by sim/harness, do not edit

Doing analysis at TEMP = -40.000000 and TNOM = 27.000000

Using SPARSE 1.3 as Direct Linear Solver

No. of Data Rows : 6
voa = 1.3840236279e-03
ddc = -2.879095964e-07
dde = 2.8294889669e-07
Reset re-loads circuit * comparator-offset-mc @ ff_-40c_2.97v -- generated by sim/harness, do not edit

Circuit: * comparator-offset-mc @ ff_-40c_2.97v -- generated by sim/harness, do not edit

Doing analysis at TEMP = -40.000000 and TNOM = 27.000000

Using SPARSE 1.3 as Direct Linear Solver

No. of Data Rows : 6
voa = -1.453601009e-04
ddc = 5.1724560811e-08
dde = -5.090108501e-08
Reset re-loads circuit * comparator-offset-mc @ ff_-40c_2.97v -- generated by sim/harness, do not edit

Circuit: * comparator-offset-mc @ ff_-40c_2.97v -- generated by sim/harness, do not edit

Doing analysis at TEMP = -40.000000 and TNOM = 27.000000

Using SPARSE 1.3 as Direct Linear Solver

No. of Data Rows : 6
voa = -2.167187096e-04
ddc = 4.1889858393e-08
dde = -4.116571671e-08
Reset re-loads circuit * comparator-offset-mc @ ff_-40c_2.97v -- generated by sim/harness, do not edit

Circuit: * comparator-offset-mc @ ff_-40c_2.97v -- generated by sim/harness, do not edit

Doing analysis at TEMP = -40.000000 and TNOM = 27.000000

Using SPARSE 1.3 as Direct Linear Solver

No. of Data Rows : 6
voa = 4.5326414270e-04
ddc = -1.080345346e-07
dde = 1.0616727072e-07
Reset re-loads circuit * comparator-offset-mc @ ff_-40c_2.97v -- generated by sim/harness, do not edit

Circuit: * comparator-offset-mc @ ff_-40c_2.97v -- generated by sim/harness, do not edit

Doing analysis at TEMP = -40.000000 and TNOM = 27.000000

Using SPARSE 1.3 as Direct Linear Solver

No. of Data Rows : 6
voa = 7.6200867557e-04
ddc = -1.634194627e-07
dde = 1.6060303191e-07
Reset re-loads circuit * comparator-offset-mc @ ff_-40c_2.97v -- generated by sim/harness, do not edit

Circuit: * comparator-offset-mc @ ff_-40c_2.97v -- generated by sim/harness, do not edit

Doing analysis at TEMP = -40.000000 and TNOM = 27.000000

Using SPARSE 1.3 as Direct Linear Solver

No. of Data Rows : 6
voa = -7.140011196e-04
ddc = 1.9242808766e-07
dde = -1.892768522e-07
Reset re-loads circuit * comparator-offset-mc @ ff_-40c_2.97v -- generated by sim/harness, do not edit

Circuit: * comparator-offset-mc @ ff_-40c_2.97v -- generated by sim/harness, do not edit

Doing analysis at TEMP = -40.000000 and TNOM = 27.000000

Using SPARSE 1.3 as Direct Linear Solver

No. of Data Rows : 6
voa = -3.927225525e-05
ddc = -6.004741634e-08
dde = 5.9138149307e-08
Reset re-loads circuit * comparator-offset-mc @ ff_-40c_2.97v -- generated by sim/harness, do not edit

Circuit: * comparator-offset-mc @ ff_-40c_2.97v -- generated by sim/harness, do not edit

Doing analysis at TEMP = -40.000000 and TNOM = 27.000000

Using SPARSE 1.3 as Direct Linear Solver

No. of Data Rows : 6
voa = -6.215886040e-05
ddc = 5.4657344805e-08
dde = -5.372654983e-08
Reset re-loads circuit * comparator-offset-mc @ ff_-40c_2.97v -- generated by sim/harness, do not edit

Circuit: * comparator-offset-mc @ ff_-40c_2.97v -- generated by sim/harness, do not edit

Doing analysis at TEMP = -40.000000 and TNOM = 27.000000

Using SPARSE 1.3 as Direct Linear Solver

No. of Data Rows : 6
voa = -3.719091289e-04
ddc = 1.5097721106e-07
dde = -1.485062112e-07
Reset re-loads circuit * comparator-offset-mc @ ff_-40c_2.97v -- generated by sim/harness, do not edit

Circuit: * comparator-offset-mc @ ff_-40c_2.97v -- generated by sim/harness, do not edit

Doing analysis at TEMP = -40.000000 and TNOM = 27.000000

Using SPARSE 1.3 as Direct Linear Solver

No. of Data Rows : 6
voa = -2.296989214e-04
ddc = 5.6126762471e-08
dde = -5.513337763e-08
Reset re-loads circuit * comparator-offset-mc @ ff_-40c_2.97v -- generated by sim/harness, do not edit

Circuit: * comparator-offset-mc @ ff_-40c_2.97v -- generated by sim/harness, do not edit

Doing analysis at TEMP = -40.000000 and TNOM = 27.000000

Using SPARSE 1.3 as Direct Linear Solver
 Reference value :  0.00000e+00
No. of Data Rows : 6
voa = -1.607745859e-03
ddc = 3.5625034070e-07
dde = -3.502221636e-07
Reset re-loads circuit * comparator-offset-mc @ ff_-40c_2.97v -- generated by sim/harness, do not edit

Circuit: * comparator-offset-mc @ ff_-40c_2.97v -- generated by sim/harness, do not edit

Doing analysis at TEMP = -40.000000 and TNOM = 27.000000

Using SPARSE 1.3 as Direct Linear Solver

No. of Data Rows : 6
voa = 9.9184565476e-04
ddc = -1.324025368e-07
dde = 1.3005167830e-07
Reset re-loads circuit * comparator-offset-mc @ ff_-40c_2.97v -- generated by sim/harness, do not edit

Circuit: * comparator-offset-mc @ ff_-40c_2.97v -- generated by sim/harness, do not edit

Doing analysis at TEMP = -40.000000 and TNOM = 27.000000

Using SPARSE 1.3 as Direct Linear Solver

No. of Data Rows : 6
voa = 1.2583413310e-03
ddc = -2.383808390e-07
dde = 2.3423458512e-07
Reset re-loads circuit * comparator-offset-mc @ ff_-40c_2.97v -- generated by sim/harness, do not edit

Circuit: * comparator-offset-mc @ ff_-40c_2.97v -- generated by sim/harness, do not edit

Doing analysis at TEMP = -40.000000 and TNOM = 27.000000

Using SPARSE 1.3 as Direct Linear Solver

No. of Data Rows : 6
voa = 2.2193889401e-04
ddc = -8.085877065e-08
dde = 7.9532696636e-08
Reset re-loads circuit * comparator-offset-mc @ ff_-40c_2.97v -- generated by sim/harness, do not edit

Circuit: * comparator-offset-mc @ ff_-40c_2.97v -- generated by sim/harness, do not edit

Doing analysis at TEMP = -40.000000 and TNOM = 27.000000

Using SPARSE 1.3 as Direct Linear Solver

No. of Data Rows : 6
voa = -4.876277352e-04
ddc = 1.5999391837e-07
dde = -1.574273678e-07
Reset re-loads circuit * comparator-offset-mc @ ff_-40c_2.97v -- generated by sim/harness, do not edit

Circuit: * comparator-offset-mc @ ff_-40c_2.97v -- generated by sim/harness, do not edit

Doing analysis at TEMP = -40.000000 and TNOM = 27.000000

Using SPARSE 1.3 as Direct Linear Solver

No. of Data Rows : 6
voa = 1.1352887436e-03
ddc = -2.919430269e-07
dde = 2.8700369575e-07
Reset re-loads circuit * comparator-offset-mc @ ff_-40c_2.97v -- generated by sim/harness, do not edit

Circuit: * comparator-offset-mc @ ff_-40c_2.97v -- generated by sim/harness, do not edit

Doing analysis at TEMP = -40.000000 and TNOM = 27.000000

Using SPARSE 1.3 as Direct Linear Solver

No. of Data Rows : 6
voa = 4.2263384224e-04
ddc = -1.333002608e-07
dde = 1.3112302289e-07
Reset re-loads circuit * comparator-offset-mc @ ff_-40c_2.97v -- generated by sim/harness, do not edit

Circuit: * comparator-offset-mc @ ff_-40c_2.97v -- generated by sim/harness, do not edit

Doing analysis at TEMP = -40.000000 and TNOM = 27.000000

Using SPARSE 1.3 as Direct Linear Solver

No. of Data Rows : 6
voa = 2.3809666593e-04
ddc = -3.274731579e-08
dde = 3.2144350756e-08
Reset re-loads circuit * comparator-offset-mc @ ff_-40c_2.97v -- generated by sim/harness, do not edit

Circuit: * comparator-offset-mc @ ff_-40c_2.97v -- generated by sim/harness, do not edit

Doing analysis at TEMP = -40.000000 and TNOM = 27.000000

Using SPARSE 1.3 as Direct Linear Solver

No. of Data Rows : 6
voa = -6.551471156e-04
ddc = 1.2037598573e-07
dde = -1.182798446e-07
Reset re-loads circuit * comparator-offset-mc @ ff_-40c_2.97v -- generated by sim/harness, do not edit

Circuit: * comparator-offset-mc @ ff_-40c_2.97v -- generated by sim/harness, do not edit

Doing analysis at TEMP = -40.000000 and TNOM = 27.000000

Using SPARSE 1.3 as Direct Linear Solver

No. of Data Rows : 6
voa = -1.893067353e-03
ddc = 4.7636754989e-07
dde = -4.683637426e-07
Reset re-loads circuit * comparator-offset-mc @ ff_-40c_2.97v -- generated by sim/harness, do not edit

Circuit: * comparator-offset-mc @ ff_-40c_2.97v -- generated by sim/harness, do not edit

Doing analysis at TEMP = -40.000000 and TNOM = 27.000000

Using SPARSE 1.3 as Direct Linear Solver

No. of Data Rows : 6
voa = -2.117958654e-04
ddc = 4.3628735219e-08
dde = -4.280135832e-08
Reset re-loads circuit * comparator-offset-mc @ ff_-40c_2.97v -- generated by sim/harness, do not edit

Circuit: * comparator-offset-mc @ ff_-40c_2.97v -- generated by sim/harness, do not edit

Doing analysis at TEMP = -40.000000 and TNOM = 27.000000

Using SPARSE 1.3 as Direct Linear Solver

No. of Data Rows : 6
voa = -8.911072607e-07
ddc = 1.1436025515e-07
dde = -1.126029735e-07
Reset re-loads circuit * comparator-offset-mc @ ff_-40c_2.97v -- generated by sim/harness, do not edit

Circuit: * comparator-offset-mc @ ff_-40c_2.97v -- generated by sim/harness, do not edit

Doing analysis at TEMP = -40.000000 and TNOM = 27.000000

Using SPARSE 1.3 as Direct Linear Solver
 Reference value :  0.00000e+00
No. of Data Rows : 6
voa = -8.707011747e-04
ddc = 2.2508858699e-07
dde = -2.212406005e-07
Reset re-loads circuit * comparator-offset-mc @ ff_-40c_2.97v -- generated by sim/harness, do not edit

Circuit: * comparator-offset-mc @ ff_-40c_2.97v -- generated by sim/harness, do not edit

Doing analysis at TEMP = -40.000000 and TNOM = 27.000000

Using SPARSE 1.3 as Direct Linear Solver

No. of Data Rows : 6
voa = -8.616367758e-04
ddc = 2.4097472095e-07
dde = -2.369417807e-07
Reset re-loads circuit * comparator-offset-mc @ ff_-40c_2.97v -- generated by sim/harness, do not edit

Circuit: * comparator-offset-mc @ ff_-40c_2.97v -- generated by sim/harness, do not edit

Doing analysis at TEMP = -40.000000 and TNOM = 27.000000

Using SPARSE 1.3 as Direct Linear Solver

No. of Data Rows : 6
voa = 1.3081562830e-03
ddc = -3.066864445e-07
dde = 3.0147814052e-07
Reset re-loads circuit * comparator-offset-mc @ ff_-40c_2.97v -- generated by sim/harness, do not edit

Circuit: * comparator-offset-mc @ ff_-40c_2.97v -- generated by sim/harness, do not edit

Doing analysis at TEMP = -40.000000 and TNOM = 27.000000

Using SPARSE 1.3 as Direct Linear Solver

No. of Data Rows : 6
voa = -8.119299846e-04
ddc = 2.0085278835e-07
dde = -1.973839750e-07
Reset re-loads circuit * comparator-offset-mc @ ff_-40c_2.97v -- generated by sim/harness, do not edit

Circuit: * comparator-offset-mc @ ff_-40c_2.97v -- generated by sim/harness, do not edit

Doing analysis at TEMP = -40.000000 and TNOM = 27.000000

Using SPARSE 1.3 as Direct Linear Solver

No. of Data Rows : 6
voa = 4.6866035260e-04
ddc = -2.070726321e-08
dde = 2.0202988725e-08
Reset re-loads circuit * comparator-offset-mc @ ff_-40c_2.97v -- generated by sim/harness, do not edit

Circuit: * comparator-offset-mc @ ff_-40c_2.97v -- generated by sim/harness, do not edit

Doing analysis at TEMP = -40.000000 and TNOM = 27.000000

Using SPARSE 1.3 as Direct Linear Solver

No. of Data Rows : 6
voa = -4.564496282e-04
ddc = 1.1349113856e-07
dde = -1.114955156e-07
Reset re-loads circuit * comparator-offset-mc @ ff_-40c_2.97v -- generated by sim/harness, do not edit

Circuit: * comparator-offset-mc @ ff_-40c_2.97v -- generated by sim/harness, do not edit

Doing analysis at TEMP = -40.000000 and TNOM = 27.000000

Using SPARSE 1.3 as Direct Linear Solver

No. of Data Rows : 6
voa = -2.053359973e-03
ddc = 5.2635468922e-07
dde = -5.178022238e-07
Reset re-loads circuit * comparator-offset-mc @ ff_-40c_2.97v -- generated by sim/harness, do not edit

Circuit: * comparator-offset-mc @ ff_-40c_2.97v -- generated by sim/harness, do not edit

Doing analysis at TEMP = -40.000000 and TNOM = 27.000000

Using SPARSE 1.3 as Direct Linear Solver

No. of Data Rows : 6
voa = -8.801002732e-04
ddc = 2.4885600086e-07
dde = -2.446079038e-07
Reset re-loads circuit * comparator-offset-mc @ ff_-40c_2.97v -- generated by sim/harness, do not edit

Circuit: * comparator-offset-mc @ ff_-40c_2.97v -- generated by sim/harness, do not edit

Doing analysis at TEMP = -40.000000 and TNOM = 27.000000

Using SPARSE 1.3 as Direct Linear Solver

No. of Data Rows : 6
voa = 8.4258672290e-04
ddc = -1.772634453e-07
dde = 1.7421580639e-07
Reset re-loads circuit * comparator-offset-mc @ ff_-40c_2.97v -- generated by sim/harness, do not edit

Circuit: * comparator-offset-mc @ ff_-40c_2.97v -- generated by sim/harness, do not edit

Doing analysis at TEMP = -40.000000 and TNOM = 27.000000

Using SPARSE 1.3 as Direct Linear Solver

No. of Data Rows : 6
voa = -6.978720554e-04
ddc = 6.9406603438e-08
dde = -6.804036186e-08
Reset re-loads circuit * comparator-offset-mc @ ff_-40c_2.97v -- generated by sim/harness, do not edit

Circuit: * comparator-offset-mc @ ff_-40c_2.97v -- generated by sim/harness, do not edit

Doing analysis at TEMP = -40.000000 and TNOM = 27.000000

Using SPARSE 1.3 as Direct Linear Solver

No. of Data Rows : 6
voa = -5.093724702e-04
ddc = 2.1835995753e-07
dde = -2.148338937e-07
Reset re-loads circuit * comparator-offset-mc @ ff_-40c_2.97v -- generated by sim/harness, do not edit

Circuit: * comparator-offset-mc @ ff_-40c_2.97v -- generated by sim/harness, do not edit

Doing analysis at TEMP = -40.000000 and TNOM = 27.000000

Using SPARSE 1.3 as Direct Linear Solver

No. of Data Rows : 6
voa = -1.977118404e-04
ddc = 6.7269700647e-08
dde = -6.621758920e-08
Reset re-loads circuit * comparator-offset-mc @ ff_-40c_2.97v -- generated by sim/harness, do not edit

Circuit: * comparator-offset-mc @ ff_-40c_2.97v -- generated by sim/harness, do not edit

Doing analysis at TEMP = -40.000000 and TNOM = 27.000000

Using SPARSE 1.3 as Direct Linear Solver
 Reference value :  0.00000e+00
No. of Data Rows : 6
voa = 5.0890503958e-04
ddc = -1.257114096e-07
dde = 1.2358391188e-07
Reset re-loads circuit * comparator-offset-mc @ ff_-40c_2.97v -- generated by sim/harness, do not edit

Circuit: * comparator-offset-mc @ ff_-40c_2.97v -- generated by sim/harness, do not edit

Doing analysis at TEMP = -40.000000 and TNOM = 27.000000

Using SPARSE 1.3 as Direct Linear Solver

No. of Data Rows : 6
voa = 5.5729406279e-04
ddc = -1.520050542e-07
dde = 1.4944222823e-07
Reset re-loads circuit * comparator-offset-mc @ ff_-40c_2.97v -- generated by sim/harness, do not edit

Circuit: * comparator-offset-mc @ ff_-40c_2.97v -- generated by sim/harness, do not edit

Doing analysis at TEMP = -40.000000 and TNOM = 27.000000

Using SPARSE 1.3 as Direct Linear Solver

No. of Data Rows : 6
voa = 7.3520455685e-04
ddc = -1.717269980e-07
dde = 1.6883455264e-07
Reset re-loads circuit * comparator-offset-mc @ ff_-40c_2.97v -- generated by sim/harness, do not edit

Circuit: * comparator-offset-mc @ ff_-40c_2.97v -- generated by sim/harness, do not edit

Doing analysis at TEMP = -40.000000 and TNOM = 27.000000

Using SPARSE 1.3 as Direct Linear Solver

No. of Data Rows : 6
voa = -1.381207010e-03
ddc = 3.3279057596e-07
dde = -3.270789597e-07
Reset re-loads circuit * comparator-offset-mc @ ff_-40c_2.97v -- generated by sim/harness, do not edit

Circuit: * comparator-offset-mc @ ff_-40c_2.97v -- generated by sim/harness, do not edit

Doing analysis at TEMP = -40.000000 and TNOM = 27.000000

Using SPARSE 1.3 as Direct Linear Solver

No. of Data Rows : 6
voa = -1.258887026e-03
ddc = 3.1539061253e-07
dde = -3.099636164e-07
Reset re-loads circuit * comparator-offset-mc @ ff_-40c_2.97v -- generated by sim/harness, do not edit

Circuit: * comparator-offset-mc @ ff_-40c_2.97v -- generated by sim/harness, do not edit

Doing analysis at TEMP = -40.000000 and TNOM = 27.000000

Using SPARSE 1.3 as Direct Linear Solver

No. of Data Rows : 6
voa = 9.7795471188e-05
ddc = 1.0078756792e-08
dde = -9.891512662e-09
Reset re-loads circuit * comparator-offset-mc @ ff_-40c_2.97v -- generated by sim/harness, do not edit

Circuit: * comparator-offset-mc @ ff_-40c_2.97v -- generated by sim/harness, do not edit

Doing analysis at TEMP = -40.000000 and TNOM = 27.000000

Using SPARSE 1.3 as Direct Linear Solver

No. of Data Rows : 6
voa = 7.7015822431e-04
ddc = -2.469253540e-07
dde = 2.4285909184e-07
Reset re-loads circuit * comparator-offset-mc @ ff_-40c_2.97v -- generated by sim/harness, do not edit

Circuit: * comparator-offset-mc @ ff_-40c_2.97v -- generated by sim/harness, do not edit

Doing analysis at TEMP = -40.000000 and TNOM = 27.000000

Using SPARSE 1.3 as Direct Linear Solver

No. of Data Rows : 6
voa = -5.140080339e-04
ddc = 1.3323393414e-07
dde = -1.310101821e-07
Reset re-loads circuit * comparator-offset-mc @ ff_-40c_2.97v -- generated by sim/harness, do not edit

Circuit: * comparator-offset-mc @ ff_-40c_2.97v -- generated by sim/harness, do not edit

Doing analysis at TEMP = -40.000000 and TNOM = 27.000000

Using SPARSE 1.3 as Direct Linear Solver

No. of Data Rows : 6
voa = 7.2864251259e-04
ddc = -1.177970767e-07
dde = 1.1576073205e-07
Reset re-loads circuit * comparator-offset-mc @ ff_-40c_2.97v -- generated by sim/harness, do not edit

Circuit: * comparator-offset-mc @ ff_-40c_2.97v -- generated by sim/harness, do not edit

Doing analysis at TEMP = -40.000000 and TNOM = 27.000000

Using SPARSE 1.3 as Direct Linear Solver

No. of Data Rows : 6
voa = 1.3495186912e-03
ddc = -3.081423604e-07
dde = 3.0289351862e-07
Reset re-loads circuit * comparator-offset-mc @ ff_-40c_2.97v -- generated by sim/harness, do not edit

Circuit: * comparator-offset-mc @ ff_-40c_2.97v -- generated by sim/harness, do not edit

Doing analysis at TEMP = -40.000000 and TNOM = 27.000000

Using SPARSE 1.3 as Direct Linear Solver

No. of Data Rows : 6
voa = -1.491357126e-04
ddc = -1.663023123e-08
dde = 1.6363102878e-08
Reset re-loads circuit * comparator-offset-mc @ ff_-40c_2.97v -- generated by sim/harness, do not edit

Circuit: * comparator-offset-mc @ ff_-40c_2.97v -- generated by sim/harness, do not edit

Doing analysis at TEMP = -40.000000 and TNOM = 27.000000

Using SPARSE 1.3 as Direct Linear Solver
 Reference value :  0.00000e+00
No. of Data Rows : 6
voa = -1.090230219e-03
ddc = 2.4902873504e-07
dde = -2.448281973e-07
Reset re-loads circuit * comparator-offset-mc @ ff_-40c_2.97v -- generated by sim/harness, do not edit

Circuit: * comparator-offset-mc @ ff_-40c_2.97v -- generated by sim/harness, do not edit

Doing analysis at TEMP = -40.000000 and TNOM = 27.000000

Using SPARSE 1.3 as Direct Linear Solver

No. of Data Rows : 6
voa = -3.772791317e-04
ddc = 9.1165024685e-08
dde = -8.962179993e-08
Reset re-loads circuit * comparator-offset-mc @ ff_-40c_2.97v -- generated by sim/harness, do not edit

Circuit: * comparator-offset-mc @ ff_-40c_2.97v -- generated by sim/harness, do not edit

Doing analysis at TEMP = -40.000000 and TNOM = 27.000000

Using SPARSE 1.3 as Direct Linear Solver

No. of Data Rows : 6
voa = 2.5642068388e-03
ddc = -6.632090925e-07
dde = 6.5195793156e-07
Reset re-loads circuit * comparator-offset-mc @ ff_-40c_2.97v -- generated by sim/harness, do not edit

Circuit: * comparator-offset-mc @ ff_-40c_2.97v -- generated by sim/harness, do not edit

Doing analysis at TEMP = -40.000000 and TNOM = 27.000000

Using SPARSE 1.3 as Direct Linear Solver

No. of Data Rows : 6
voa = 1.3955783288e-04
ddc = 2.6270875606e-08
dde = -2.584557975e-08
Reset re-loads circuit * comparator-offset-mc @ ff_-40c_2.97v -- generated by sim/harness, do not edit

Circuit: * comparator-offset-mc @ ff_-40c_2.97v -- generated by sim/harness, do not edit

Doing analysis at TEMP = -40.000000 and TNOM = 27.000000

Using SPARSE 1.3 as Direct Linear Solver

No. of Data Rows : 6
voa = 6.6536913682e-04
ddc = -2.005162239e-07
dde = 1.9715609211e-07
Reset re-loads circuit * comparator-offset-mc @ ff_-40c_2.97v -- generated by sim/harness, do not edit

Circuit: * comparator-offset-mc @ ff_-40c_2.97v -- generated by sim/harness, do not edit

Doing analysis at TEMP = -40.000000 and TNOM = 27.000000

Using SPARSE 1.3 as Direct Linear Solver

No. of Data Rows : 6
voa = -1.240096683e-03
ddc = 3.0834172589e-07
dde = -3.031447027e-07
Reset re-loads circuit * comparator-offset-mc @ ff_-40c_2.97v -- generated by sim/harness, do not edit

Circuit: * comparator-offset-mc @ ff_-40c_2.97v -- generated by sim/harness, do not edit

Doing analysis at TEMP = -40.000000 and TNOM = 27.000000

Using SPARSE 1.3 as Direct Linear Solver

No. of Data Rows : 6
voa = -3.437085929e-04
ddc = 1.3591365272e-07
dde = -1.337571574e-07
Reset re-loads circuit * comparator-offset-mc @ ff_-40c_2.97v -- generated by sim/harness, do not edit

Circuit: * comparator-offset-mc @ ff_-40c_2.97v -- generated by sim/harness, do not edit

Doing analysis at TEMP = -40.000000 and TNOM = 27.000000

Using SPARSE 1.3 as Direct Linear Solver

No. of Data Rows : 6
voa = -7.857885395e-04
ddc = 1.9577276159e-07
dde = -1.924213871e-07
Reset re-loads circuit * comparator-offset-mc @ ff_-40c_2.97v -- generated by sim/harness, do not edit

Circuit: * comparator-offset-mc @ ff_-40c_2.97v -- generated by sim/harness, do not edit

Doing analysis at TEMP = -40.000000 and TNOM = 27.000000

Using SPARSE 1.3 as Direct Linear Solver

No. of Data Rows : 6
voa = -1.291667015e-03
ddc = 3.0209955561e-07
dde = -2.970453611e-07
Reset re-loads circuit * comparator-offset-mc @ ff_-40c_2.97v -- generated by sim/harness, do not edit

Circuit: * comparator-offset-mc @ ff_-40c_2.97v -- generated by sim/harness, do not edit

Doing analysis at TEMP = -40.000000 and TNOM = 27.000000

Using SPARSE 1.3 as Direct Linear Solver

No. of Data Rows : 6
voa = 1.4213752822e-03
ddc = -3.543710135e-07
dde = 3.4840212282e-07
Reset re-loads circuit * comparator-offset-mc @ ff_-40c_2.97v -- generated by sim/harness, do not edit

Circuit: * comparator-offset-mc @ ff_-40c_2.97v -- generated by sim/harness, do not edit

Doing analysis at TEMP = -40.000000 and TNOM = 27.000000

Using SPARSE 1.3 as Direct Linear Solver

No. of Data Rows : 6
voa = 8.6009091903e-04
ddc = -1.857797734e-07
dde = 1.8255400914e-07
Reset re-loads circuit * comparator-offset-mc @ ff_-40c_2.97v -- generated by sim/harness, do not edit

Circuit: * comparator-offset-mc @ ff_-40c_2.97v -- generated by sim/harness, do not edit

Doing analysis at TEMP = -40.000000 and TNOM = 27.000000

Using SPARSE 1.3 as Direct Linear Solver
 Reference value :  0.00000e+00
No. of Data Rows : 6
voa = 6.6016275128e-05
ddc = -5.896784665e-08
dde = 5.8035273208e-08
Reset re-loads circuit * comparator-offset-mc @ ff_-40c_2.97v -- generated by sim/harness, do not edit

Circuit: * comparator-offset-mc @ ff_-40c_2.97v -- generated by sim/harness, do not edit

Doing analysis at TEMP = -40.000000 and TNOM = 27.000000

Using SPARSE 1.3 as Direct Linear Solver

No. of Data Rows : 6
voa = 7.9189560960e-04
ddc = -2.014714972e-07
dde = 1.9800902995e-07
Reset re-loads circuit * comparator-offset-mc @ ff_-40c_2.97v -- generated by sim/harness, do not edit

Circuit: * comparator-offset-mc @ ff_-40c_2.97v -- generated by sim/harness, do not edit

Doing analysis at TEMP = -40.000000 and TNOM = 27.000000

Using SPARSE 1.3 as Direct Linear Solver

No. of Data Rows : 6
voa = 2.1135281725e-06
ddc = -9.592395527e-09
dde = 9.3848763652e-09
Reset re-loads circuit * comparator-offset-mc @ ff_-40c_2.97v -- generated by sim/harness, do not edit

Circuit: * comparator-offset-mc @ ff_-40c_2.97v -- generated by sim/harness, do not edit

Doing analysis at TEMP = -40.000000 and TNOM = 27.000000

Using SPARSE 1.3 as Direct Linear Solver

No. of Data Rows : 6
voa = 8.8784468645e-04
ddc = -1.762851495e-07
dde = 1.7320891973e-07
Reset re-loads circuit * comparator-offset-mc @ ff_-40c_2.97v -- generated by sim/harness, do not edit

Circuit: * comparator-offset-mc @ ff_-40c_2.97v -- generated by sim/harness, do not edit

Doing analysis at TEMP = -40.000000 and TNOM = 27.000000

Using SPARSE 1.3 as Direct Linear Solver

No. of Data Rows : 6
voa = 3.7685640149e-04
ddc = -7.254605920e-08
dde = 7.1273037200e-08
Reset re-loads circuit * comparator-offset-mc @ ff_-40c_2.97v -- generated by sim/harness, do not edit

Circuit: * comparator-offset-mc @ ff_-40c_2.97v -- generated by sim/harness, do not edit

Doing analysis at TEMP = -40.000000 and TNOM = 27.000000

Using SPARSE 1.3 as Direct Linear Solver

No. of Data Rows : 6
voa = 1.7692572441e-03
ddc = -3.735946483e-07
dde = 3.6721655253e-07
Reset re-loads circuit * comparator-offset-mc @ ff_-40c_2.97v -- generated by sim/harness, do not edit

Circuit: * comparator-offset-mc @ ff_-40c_2.97v -- generated by sim/harness, do not edit

Doing analysis at TEMP = -40.000000 and TNOM = 27.000000

Using SPARSE 1.3 as Direct Linear Solver

No. of Data Rows : 6
voa = -4.289332001e-04
ddc = 1.9339842911e-07
dde = -1.901347819e-07
Reset re-loads circuit * comparator-offset-mc @ ff_-40c_2.97v -- generated by sim/harness, do not edit

Circuit: * comparator-offset-mc @ ff_-40c_2.97v -- generated by sim/harness, do not edit

Doing analysis at TEMP = -40.000000 and TNOM = 27.000000

Using SPARSE 1.3 as Direct Linear Solver

No. of Data Rows : 6
voa = 3.5603785191e-04
ddc = -4.648657700e-08
dde = 4.5664825473e-08
Reset re-loads circuit * comparator-offset-mc @ ff_-40c_2.97v -- generated by sim/harness, do not edit

Circuit: * comparator-offset-mc @ ff_-40c_2.97v -- generated by sim/harness, do not edit

Doing analysis at TEMP = -40.000000 and TNOM = 27.000000

Using SPARSE 1.3 as Direct Linear Solver

No. of Data Rows : 6
voa = -5.066366517e-04
ddc = 1.0542859139e-07
dde = -1.035044678e-07
Reset re-loads circuit * comparator-offset-mc @ ff_-40c_2.97v -- generated by sim/harness, do not edit

Circuit: * comparator-offset-mc @ ff_-40c_2.97v -- generated by sim/harness, do not edit

Doing analysis at TEMP = -40.000000 and TNOM = 27.000000

Using SPARSE 1.3 as Direct Linear Solver

No. of Data Rows : 6
voa = 3.4263265026e-04
ddc = -1.081921208e-07
dde = 1.0643545474e-07
Reset re-loads circuit * comparator-offset-mc @ ff_-40c_2.97v -- generated by sim/harness, do not edit

Circuit: * comparator-offset-mc @ ff_-40c_2.97v -- generated by sim/harness, do not edit

Doing analysis at TEMP = -40.000000 and TNOM = 27.000000

Using SPARSE 1.3 as Direct Linear Solver

No. of Data Rows : 6
voa = -8.975683754e-05
ddc = 6.6126731461e-08
dde = -6.505117562e-08
Reset re-loads circuit * comparator-offset-mc @ ff_-40c_2.97v -- generated by sim/harness, do not edit

Circuit: * comparator-offset-mc @ ff_-40c_2.97v -- generated by sim/harness, do not edit

Doing analysis at TEMP = -40.000000 and TNOM = 27.000000

Using SPARSE 1.3 as Direct Linear Solver

No. of Data Rows : 6
voa = -2.043658819e-04
ddc = 2.6703423512e-08
dde = -2.621180893e-08
Reset re-loads circuit * comparator-offset-mc @ ff_-40c_2.97v -- generated by sim/harness, do not edit

Circuit: * comparator-offset-mc @ ff_-40c_2.97v -- generated by sim/harness, do not edit

Doing analysis at TEMP = -40.000000 and TNOM = 27.000000

Using SPARSE 1.3 as Direct Linear Solver

No. of Data Rows : 6
voa = 1.2611325526e-03
ddc = -3.241148537e-07
dde = 3.1864458055e-07
m_n_samples = 2.0000000000e+02
m_sig_vos_mv = 9.3207132932e-01
m_vos_3sig_mv = 2.7962139880e+00
m_mean_vos_uv = 6.6841055059e+01
m_mean_vos_sem = 1.0141662297e+00
m_sig_dvos_dn_uv = 2.2234970470e-01
m_sig_dvos_up_uv = 2.1859306642e-01
m_mean_dvos_dn_uv = -6.784263686e-03
m_mean_dvos_up_uv = 6.6496681315e-03
m_av_mean = 1.8889681601e+01
m_av_sigma_pct = 7.1163683492e-01
m_sig_rpair_uv = 0.0000000000e+00
m_vbias_anchor_mv = 8.9114858701e+02
Note: Simulation executed from .control section 

Warning: m=xx on .subckt line will override multiplier m hierarchy!

