
Note: Compatibility modes selected: hs a


Circuit: * comparator-offset-mc @ ff_-40c_3.63v -- generated by sim/harness, do not edit

Reset re-loads circuit * comparator-offset-mc @ ff_-40c_3.63v -- generated by sim/harness, do not edit

Circuit: * comparator-offset-mc @ ff_-40c_3.63v -- generated by sim/harness, do not edit

Doing analysis at TEMP = -40.000000 and TNOM = 27.000000

Using SPARSE 1.3 as Direct Linear Solver

No. of Data Rows : 6
voa = -4.196835489e-04
ddc = 1.4293929902e-07
dde = -1.406568393e-07
Reset re-loads circuit * comparator-offset-mc @ ff_-40c_3.63v -- generated by sim/harness, do not edit

Circuit: * comparator-offset-mc @ ff_-40c_3.63v -- generated by sim/harness, do not edit

Doing analysis at TEMP = -40.000000 and TNOM = 27.000000

Using SPARSE 1.3 as Direct Linear Solver

No. of Data Rows : 6
voa = 1.7803594750e-03
ddc = -3.286635540e-07
dde = 3.2278280495e-07
Reset re-loads circuit * comparator-offset-mc @ ff_-40c_3.63v -- generated by sim/harness, do not edit

Circuit: * comparator-offset-mc @ ff_-40c_3.63v -- generated by sim/harness, do not edit

Doing analysis at TEMP = -40.000000 and TNOM = 27.000000

Using SPARSE 1.3 as Direct Linear Solver

No. of Data Rows : 6
voa = 1.4577772820e-03
ddc = -3.746938407e-07
dde = 3.6828936358e-07
Reset re-loads circuit * comparator-offset-mc @ ff_-40c_3.63v -- generated by sim/harness, do not edit

Circuit: * comparator-offset-mc @ ff_-40c_3.63v -- generated by sim/harness, do not edit

Doing analysis at TEMP = -40.000000 and TNOM = 27.000000

Using SPARSE 1.3 as Direct Linear Solver
 Reference value :  0.00000e+00
No. of Data Rows : 6
voa = -1.961003303e-05
ddc = 3.9335212324e-08
dde = -3.872084002e-08
Reset re-loads circuit * comparator-offset-mc @ ff_-40c_3.63v -- generated by sim/harness, do not edit

Circuit: * comparator-offset-mc @ ff_-40c_3.63v -- generated by sim/harness, do not edit

Doing analysis at TEMP = -40.000000 and TNOM = 27.000000

Using SPARSE 1.3 as Direct Linear Solver

No. of Data Rows : 6
voa = 1.8106829764e-03
ddc = -3.946297761e-07
dde = 3.8769717057e-07
Reset re-loads circuit * comparator-offset-mc @ ff_-40c_3.63v -- generated by sim/harness, do not edit

Circuit: * comparator-offset-mc @ ff_-40c_3.63v -- generated by sim/harness, do not edit

Doing analysis at TEMP = -40.000000 and TNOM = 27.000000

Using SPARSE 1.3 as Direct Linear Solver

No. of Data Rows : 6
voa = -2.926217667e-04
ddc = 1.1717441038e-07
dde = -1.153945074e-07
Reset re-loads circuit * comparator-offset-mc @ ff_-40c_3.63v -- generated by sim/harness, do not edit

Circuit: * comparator-offset-mc @ ff_-40c_3.63v -- generated by sim/harness, do not edit

Doing analysis at TEMP = -40.000000 and TNOM = 27.000000

Using SPARSE 1.3 as Direct Linear Solver

No. of Data Rows : 6
voa = -2.002099673e-04
ddc = 6.9445808170e-08
dde = -6.839453169e-08
Reset re-loads circuit * comparator-offset-mc @ ff_-40c_3.63v -- generated by sim/harness, do not edit

Circuit: * comparator-offset-mc @ ff_-40c_3.63v -- generated by sim/harness, do not edit

Doing analysis at TEMP = -40.000000 and TNOM = 27.000000

Using SPARSE 1.3 as Direct Linear Solver

No. of Data Rows : 6
voa = -2.671247643e-04
ddc = 6.4306423728e-08
dde = -6.319725944e-08
Reset re-loads circuit * comparator-offset-mc @ ff_-40c_3.63v -- generated by sim/harness, do not edit

Circuit: * comparator-offset-mc @ ff_-40c_3.63v -- generated by sim/harness, do not edit

Doing analysis at TEMP = -40.000000 and TNOM = 27.000000

Using SPARSE 1.3 as Direct Linear Solver

No. of Data Rows : 6
voa = 9.7583577244e-04
ddc = -2.989056356e-07
dde = 2.9400761594e-07
Reset re-loads circuit * comparator-offset-mc @ ff_-40c_3.63v -- generated by sim/harness, do not edit

Circuit: * comparator-offset-mc @ ff_-40c_3.63v -- generated by sim/harness, do not edit

Doing analysis at TEMP = -40.000000 and TNOM = 27.000000

Using SPARSE 1.3 as Direct Linear Solver

No. of Data Rows : 6
voa = 1.0173197612e-03
ddc = -2.883137755e-07
dde = 2.8351827904e-07
Reset re-loads circuit * comparator-offset-mc @ ff_-40c_3.63v -- generated by sim/harness, do not edit

Circuit: * comparator-offset-mc @ ff_-40c_3.63v -- generated by sim/harness, do not edit

Doing analysis at TEMP = -40.000000 and TNOM = 27.000000

Using SPARSE 1.3 as Direct Linear Solver

No. of Data Rows : 6
voa = -9.375025971e-04
ddc = 2.2396980647e-07
dde = -2.201911058e-07
Reset re-loads circuit * comparator-offset-mc @ ff_-40c_3.63v -- generated by sim/harness, do not edit

Circuit: * comparator-offset-mc @ ff_-40c_3.63v -- generated by sim/harness, do not edit

Doing analysis at TEMP = -40.000000 and TNOM = 27.000000

Using SPARSE 1.3 as Direct Linear Solver

No. of Data Rows : 6
voa = 4.4860920583e-04
ddc = -1.087107400e-07
dde = 1.0674177215e-07
Reset re-loads circuit * comparator-offset-mc @ ff_-40c_3.63v -- generated by sim/harness, do not edit

Circuit: * comparator-offset-mc @ ff_-40c_3.63v -- generated by sim/harness, do not edit

Doing analysis at TEMP = -40.000000 and TNOM = 27.000000

Using SPARSE 1.3 as Direct Linear Solver

No. of Data Rows : 6
voa = -7.638237297e-04
ddc = 1.6165983481e-07
dde = -1.588074428e-07
Reset re-loads circuit * comparator-offset-mc @ ff_-40c_3.63v -- generated by sim/harness, do not edit

Circuit: * comparator-offset-mc @ ff_-40c_3.63v -- generated by sim/harness, do not edit

Doing analysis at TEMP = -40.000000 and TNOM = 27.000000

Using SPARSE 1.3 as Direct Linear Solver

No. of Data Rows : 6
voa = 2.0806231921e-04
ddc = 5.1843697959e-08
dde = -5.133012591e-08
Reset re-loads circuit * comparator-offset-mc @ ff_-40c_3.63v -- generated by sim/harness, do not edit

Circuit: * comparator-offset-mc @ ff_-40c_3.63v -- generated by sim/harness, do not edit

Doing analysis at TEMP = -40.000000 and TNOM = 27.000000

Using SPARSE 1.3 as Direct Linear Solver

No. of Data Rows : 6
voa = 1.3317824141e-03
ddc = -3.071164971e-07
dde = 3.0180036279e-07
Reset re-loads circuit * comparator-offset-mc @ ff_-40c_3.63v -- generated by sim/harness, do not edit

Circuit: * comparator-offset-mc @ ff_-40c_3.63v -- generated by sim/harness, do not edit

Doing analysis at TEMP = -40.000000 and TNOM = 27.000000

Using SPARSE 1.3 as Direct Linear Solver

No. of Data Rows : 6
voa = -1.321130522e-03
ddc = 3.5436280185e-07
dde = -3.485860725e-07
Reset re-loads circuit * comparator-offset-mc @ ff_-40c_3.63v -- generated by sim/harness, do not edit

Circuit: * comparator-offset-mc @ ff_-40c_3.63v -- generated by sim/harness, do not edit

Doing analysis at TEMP = -40.000000 and TNOM = 27.000000

Using SPARSE 1.3 as Direct Linear Solver

No. of Data Rows : 6
voa = 5.6541431529e-04
ddc = -1.294308558e-07
dde = 1.2714368041e-07
Reset re-loads circuit * comparator-offset-mc @ ff_-40c_3.63v -- generated by sim/harness, do not edit

Circuit: * comparator-offset-mc @ ff_-40c_3.63v -- generated by sim/harness, do not edit

Doing analysis at TEMP = -40.000000 and TNOM = 27.000000

Using SPARSE 1.3 as Direct Linear Solver

No. of Data Rows : 6
voa = -7.955265094e-05
ddc = 5.1753994954e-09
dde = -5.085414049e-09
Reset re-loads circuit * comparator-offset-mc @ ff_-40c_3.63v -- generated by sim/harness, do not edit

Circuit: * comparator-offset-mc @ ff_-40c_3.63v -- generated by sim/harness, do not edit

Doing analysis at TEMP = -40.000000 and TNOM = 27.000000

Using SPARSE 1.3 as Direct Linear Solver

No. of Data Rows : 6
voa = -5.324489594e-04
ddc = 1.6281339872e-07
dde = -1.601548993e-07
Reset re-loads circuit * comparator-offset-mc @ ff_-40c_3.63v -- generated by sim/harness, do not edit

Circuit: * comparator-offset-mc @ ff_-40c_3.63v -- generated by sim/harness, do not edit

Doing analysis at TEMP = -40.000000 and TNOM = 27.000000

Using SPARSE 1.3 as Direct Linear Solver

No. of Data Rows : 6
voa = 1.2356745239e-03
ddc = -2.229981538e-07
dde = 2.1894195215e-07
Reset re-loads circuit * comparator-offset-mc @ ff_-40c_3.63v -- generated by sim/harness, do not edit

Circuit: * comparator-offset-mc @ ff_-40c_3.63v -- generated by sim/harness, do not edit

Doing analysis at TEMP = -40.000000 and TNOM = 27.000000

Using SPARSE 1.3 as Direct Linear Solver

No. of Data Rows : 6
voa = -3.546800812e-04
ddc = 7.2731457709e-08
dde = -7.158395573e-08
Reset re-loads circuit * comparator-offset-mc @ ff_-40c_3.63v -- generated by sim/harness, do not edit

Circuit: * comparator-offset-mc @ ff_-40c_3.63v -- generated by sim/harness, do not edit

Doing analysis at TEMP = -40.000000 and TNOM = 27.000000

Using SPARSE 1.3 as Direct Linear Solver

No. of Data Rows : 6
voa = -7.281589260e-04
ddc = 1.7204088139e-07
dde = -1.690826650e-07
Reset re-loads circuit * comparator-offset-mc @ ff_-40c_3.63v -- generated by sim/harness, do not edit

Circuit: * comparator-offset-mc @ ff_-40c_3.63v -- generated by sim/harness, do not edit

Doing analysis at TEMP = -40.000000 and TNOM = 27.000000

Using SPARSE 1.3 as Direct Linear Solver

No. of Data Rows : 6
voa = 5.7892482743e-04
ddc = -7.247419964e-08
dde = 7.1079363213e-08
Reset re-loads circuit * comparator-offset-mc @ ff_-40c_3.63v -- generated by sim/harness, do not edit

Circuit: * comparator-offset-mc @ ff_-40c_3.63v -- generated by sim/harness, do not edit

Doing analysis at TEMP = -40.000000 and TNOM = 27.000000

Using SPARSE 1.3 as Direct Linear Solver

No. of Data Rows : 6
voa = 2.3015211607e-05
ddc = -5.190297781e-08
dde = 5.1062511013e-08
Reset re-loads circuit * comparator-offset-mc @ ff_-40c_3.63v -- generated by sim/harness, do not edit

Circuit: * comparator-offset-mc @ ff_-40c_3.63v -- generated by sim/harness, do not edit

Doing analysis at TEMP = -40.000000 and TNOM = 27.000000

Using SPARSE 1.3 as Direct Linear Solver
 Reference value :  0.00000e+00
No. of Data Rows : 6
voa = -1.428050942e-03
ddc = 3.3167441629e-07
dde = -3.259794177e-07
Reset re-loads circuit * comparator-offset-mc @ ff_-40c_3.63v -- generated by sim/harness, do not edit

Circuit: * comparator-offset-mc @ ff_-40c_3.63v -- generated by sim/harness, do not edit

Doing analysis at TEMP = -40.000000 and TNOM = 27.000000

Using SPARSE 1.3 as Direct Linear Solver

No. of Data Rows : 6
voa = -1.111877119e-03
ddc = 3.2181258949e-07
dde = -3.163654820e-07
Reset re-loads circuit * comparator-offset-mc @ ff_-40c_3.63v -- generated by sim/harness, do not edit

Circuit: * comparator-offset-mc @ ff_-40c_3.63v -- generated by sim/harness, do not edit

Doing analysis at TEMP = -40.000000 and TNOM = 27.000000

Using SPARSE 1.3 as Direct Linear Solver

No. of Data Rows : 6
voa = -5.850994749e-04
ddc = 1.9453998537e-07
dde = -1.913319179e-07
Reset re-loads circuit * comparator-offset-mc @ ff_-40c_3.63v -- generated by sim/harness, do not edit

Circuit: * comparator-offset-mc @ ff_-40c_3.63v -- generated by sim/harness, do not edit

Doing analysis at TEMP = -40.000000 and TNOM = 27.000000

Using SPARSE 1.3 as Direct Linear Solver

No. of Data Rows : 6
voa = 8.5417958033e-05
ddc = 1.8898811483e-08
dde = -1.858539533e-08
Reset re-loads circuit * comparator-offset-mc @ ff_-40c_3.63v -- generated by sim/harness, do not edit

Circuit: * comparator-offset-mc @ ff_-40c_3.63v -- generated by sim/harness, do not edit

Doing analysis at TEMP = -40.000000 and TNOM = 27.000000

Using SPARSE 1.3 as Direct Linear Solver

No. of Data Rows : 6
voa = -1.788046143e-04
ddc = -1.544614614e-08
dde = 1.5540036228e-08
Reset re-loads circuit * comparator-offset-mc @ ff_-40c_3.63v -- generated by sim/harness, do not edit

Circuit: * comparator-offset-mc @ ff_-40c_3.63v -- generated by sim/harness, do not edit

Doing analysis at TEMP = -40.000000 and TNOM = 27.000000

Using SPARSE 1.3 as Direct Linear Solver

No. of Data Rows : 6
voa = 2.1411251519e-04
ddc = -8.267145196e-09
dde = 7.9576388284e-09
Reset re-loads circuit * comparator-offset-mc @ ff_-40c_3.63v -- generated by sim/harness, do not edit

Circuit: * comparator-offset-mc @ ff_-40c_3.63v -- generated by sim/harness, do not edit

Doing analysis at TEMP = -40.000000 and TNOM = 27.000000

Using SPARSE 1.3 as Direct Linear Solver

No. of Data Rows : 6
voa = 1.8856780379e-03
ddc = -5.189879030e-07
dde = 5.1024509574e-07
Reset re-loads circuit * comparator-offset-mc @ ff_-40c_3.63v -- generated by sim/harness, do not edit

Circuit: * comparator-offset-mc @ ff_-40c_3.63v -- generated by sim/harness, do not edit

Doing analysis at TEMP = -40.000000 and TNOM = 27.000000

Using SPARSE 1.3 as Direct Linear Solver

No. of Data Rows : 6
voa = -9.775540544e-04
ddc = 1.9459162333e-07
dde = -1.909788985e-07
Reset re-loads circuit * comparator-offset-mc @ ff_-40c_3.63v -- generated by sim/harness, do not edit

Circuit: * comparator-offset-mc @ ff_-40c_3.63v -- generated by sim/harness, do not edit

Doing analysis at TEMP = -40.000000 and TNOM = 27.000000

Using SPARSE 1.3 as Direct Linear Solver

No. of Data Rows : 6
voa = 4.5195342108e-04
ddc = -9.961073157e-08
dde = 9.7848986401e-08
Reset re-loads circuit * comparator-offset-mc @ ff_-40c_3.63v -- generated by sim/harness, do not edit

Circuit: * comparator-offset-mc @ ff_-40c_3.63v -- generated by sim/harness, do not edit

Doing analysis at TEMP = -40.000000 and TNOM = 27.000000

Using SPARSE 1.3 as Direct Linear Solver

No. of Data Rows : 6
voa = -1.425920800e-04
ddc = 1.1308697856e-08
dde = -1.099962980e-08
Reset re-loads circuit * comparator-offset-mc @ ff_-40c_3.63v -- generated by sim/harness, do not edit

Circuit: * comparator-offset-mc @ ff_-40c_3.63v -- generated by sim/harness, do not edit

Doing analysis at TEMP = -40.000000 and TNOM = 27.000000

Using SPARSE 1.3 as Direct Linear Solver

No. of Data Rows : 6
voa = 2.3046435010e-03
ddc = -4.513646731e-07
dde = 4.4328836276e-07
Reset re-loads circuit * comparator-offset-mc @ ff_-40c_3.63v -- generated by sim/harness, do not edit

Circuit: * comparator-offset-mc @ ff_-40c_3.63v -- generated by sim/harness, do not edit

Doing analysis at TEMP = -40.000000 and TNOM = 27.000000

Using SPARSE 1.3 as Direct Linear Solver

No. of Data Rows : 6
voa = -3.956383091e-04
ddc = 1.2442803746e-07
dde = -1.223260550e-07
Reset re-loads circuit * comparator-offset-mc @ ff_-40c_3.63v -- generated by sim/harness, do not edit

Circuit: * comparator-offset-mc @ ff_-40c_3.63v -- generated by sim/harness, do not edit

Doing analysis at TEMP = -40.000000 and TNOM = 27.000000

Using SPARSE 1.3 as Direct Linear Solver

No. of Data Rows : 6
voa = 2.7952437910e-04
ddc = -1.404531446e-08
dde = 1.3631187385e-08
Reset re-loads circuit * comparator-offset-mc @ ff_-40c_3.63v -- generated by sim/harness, do not edit

Circuit: * comparator-offset-mc @ ff_-40c_3.63v -- generated by sim/harness, do not edit

Doing analysis at TEMP = -40.000000 and TNOM = 27.000000

Using SPARSE 1.3 as Direct Linear Solver

No. of Data Rows : 6
voa = 9.5738659160e-04
ddc = -2.465252873e-07
dde = 2.4235303872e-07
Reset re-loads circuit * comparator-offset-mc @ ff_-40c_3.63v -- generated by sim/harness, do not edit

Circuit: * comparator-offset-mc @ ff_-40c_3.63v -- generated by sim/harness, do not edit

Doing analysis at TEMP = -40.000000 and TNOM = 27.000000

Using SPARSE 1.3 as Direct Linear Solver

No. of Data Rows : 6
voa = 7.0186650353e-04
ddc = -1.716286620e-07
dde = 1.6874190716e-07
Reset re-loads circuit * comparator-offset-mc @ ff_-40c_3.63v -- generated by sim/harness, do not edit

Circuit: * comparator-offset-mc @ ff_-40c_3.63v -- generated by sim/harness, do not edit

Doing analysis at TEMP = -40.000000 and TNOM = 27.000000

Using SPARSE 1.3 as Direct Linear Solver

No. of Data Rows : 6
voa = -1.797491132e-03
ddc = 4.6309479182e-07
dde = -4.554374771e-07
Reset re-loads circuit * comparator-offset-mc @ ff_-40c_3.63v -- generated by sim/harness, do not edit

Circuit: * comparator-offset-mc @ ff_-40c_3.63v -- generated by sim/harness, do not edit

Doing analysis at TEMP = -40.000000 and TNOM = 27.000000

Using SPARSE 1.3 as Direct Linear Solver

No. of Data Rows : 6
voa = -4.937786302e-04
ddc = 1.2859446481e-07
dde = -1.265250478e-07
Reset re-loads circuit * comparator-offset-mc @ ff_-40c_3.63v -- generated by sim/harness, do not edit

Circuit: * comparator-offset-mc @ ff_-40c_3.63v -- generated by sim/harness, do not edit

Doing analysis at TEMP = -40.000000 and TNOM = 27.000000

Using SPARSE 1.3 as Direct Linear Solver

No. of Data Rows : 6
voa = 8.2513669533e-04
ddc = -1.166916439e-07
dde = 1.1451420424e-07
Reset re-loads circuit * comparator-offset-mc @ ff_-40c_3.63v -- generated by sim/harness, do not edit

Circuit: * comparator-offset-mc @ ff_-40c_3.63v -- generated by sim/harness, do not edit

Doing analysis at TEMP = -40.000000 and TNOM = 27.000000

Using SPARSE 1.3 as Direct Linear Solver

No. of Data Rows : 6
voa = -9.138494051e-04
ddc = 2.3636276151e-07
dde = -2.321985066e-07
Reset re-loads circuit * comparator-offset-mc @ ff_-40c_3.63v -- generated by sim/harness, do not edit

Circuit: * comparator-offset-mc @ ff_-40c_3.63v -- generated by sim/harness, do not edit

Doing analysis at TEMP = -40.000000 and TNOM = 27.000000

Using SPARSE 1.3 as Direct Linear Solver
 Reference value :  2.00000e-03
No. of Data Rows : 6
voa = -1.189401841e-03
ddc = 3.0525325572e-07
dde = -3.001716589e-07
Reset re-loads circuit * comparator-offset-mc @ ff_-40c_3.63v -- generated by sim/harness, do not edit

Circuit: * comparator-offset-mc @ ff_-40c_3.63v -- generated by sim/harness, do not edit

Doing analysis at TEMP = -40.000000 and TNOM = 27.000000

Using SPARSE 1.3 as Direct Linear Solver

No. of Data Rows : 6
voa = -1.387239194e-03
ddc = 3.3208775187e-07
dde = -3.264271780e-07
Reset re-loads circuit * comparator-offset-mc @ ff_-40c_3.63v -- generated by sim/harness, do not edit

Circuit: * comparator-offset-mc @ ff_-40c_3.63v -- generated by sim/harness, do not edit

Doing analysis at TEMP = -40.000000 and TNOM = 27.000000

Using SPARSE 1.3 as Direct Linear Solver

No. of Data Rows : 6
voa = 2.6647879450e-03
ddc = -5.237952920e-07
dde = 5.1437701200e-07
Reset re-loads circuit * comparator-offset-mc @ ff_-40c_3.63v -- generated by sim/harness, do not edit

Circuit: * comparator-offset-mc @ ff_-40c_3.63v -- generated by sim/harness, do not edit

Doing analysis at TEMP = -40.000000 and TNOM = 27.000000

Using SPARSE 1.3 as Direct Linear Solver

No. of Data Rows : 6
voa = -2.064714500e-04
ddc = -2.916895657e-08
dde = 2.8835790983e-08
Reset re-loads circuit * comparator-offset-mc @ ff_-40c_3.63v -- generated by sim/harness, do not edit

Circuit: * comparator-offset-mc @ ff_-40c_3.63v -- generated by sim/harness, do not edit

Doing analysis at TEMP = -40.000000 and TNOM = 27.000000

Using SPARSE 1.3 as Direct Linear Solver

No. of Data Rows : 6
voa = 1.1047529833e-03
ddc = -2.635958003e-07
dde = 2.5906485539e-07
Reset re-loads circuit * comparator-offset-mc @ ff_-40c_3.63v -- generated by sim/harness, do not edit

Circuit: * comparator-offset-mc @ ff_-40c_3.63v -- generated by sim/harness, do not edit

Doing analysis at TEMP = -40.000000 and TNOM = 27.000000

Using SPARSE 1.3 as Direct Linear Solver

No. of Data Rows : 6
voa = -4.569805496e-04
ddc = 1.5197016302e-07
dde = -1.494311369e-07
Reset re-loads circuit * comparator-offset-mc @ ff_-40c_3.63v -- generated by sim/harness, do not edit

Circuit: * comparator-offset-mc @ ff_-40c_3.63v -- generated by sim/harness, do not edit

Doing analysis at TEMP = -40.000000 and TNOM = 27.000000

Using SPARSE 1.3 as Direct Linear Solver

No. of Data Rows : 6
voa = 5.3212216549e-05
ddc = 4.5056531851e-08
dde = -4.452641157e-08
Reset re-loads circuit * comparator-offset-mc @ ff_-40c_3.63v -- generated by sim/harness, do not edit

Circuit: * comparator-offset-mc @ ff_-40c_3.63v -- generated by sim/harness, do not edit

Doing analysis at TEMP = -40.000000 and TNOM = 27.000000

Using SPARSE 1.3 as Direct Linear Solver

No. of Data Rows : 6
voa = -5.331555386e-04
ddc = 2.1297531703e-07
dde = -2.096836183e-07
Reset re-loads circuit * comparator-offset-mc @ ff_-40c_3.63v -- generated by sim/harness, do not edit

Circuit: * comparator-offset-mc @ ff_-40c_3.63v -- generated by sim/harness, do not edit

Doing analysis at TEMP = -40.000000 and TNOM = 27.000000

Using SPARSE 1.3 as Direct Linear Solver

No. of Data Rows : 6
voa = -3.700527148e-04
ddc = 9.7070401689e-08
dde = -9.556710011e-08
Reset re-loads circuit * comparator-offset-mc @ ff_-40c_3.63v -- generated by sim/harness, do not edit

Circuit: * comparator-offset-mc @ ff_-40c_3.63v -- generated by sim/harness, do not edit

Doing analysis at TEMP = -40.000000 and TNOM = 27.000000

Using SPARSE 1.3 as Direct Linear Solver

No. of Data Rows : 6
voa = 1.0443160023e-03
ddc = -2.765671461e-07
dde = 2.7195544255e-07
Reset re-loads circuit * comparator-offset-mc @ ff_-40c_3.63v -- generated by sim/harness, do not edit

Circuit: * comparator-offset-mc @ ff_-40c_3.63v -- generated by sim/harness, do not edit

Doing analysis at TEMP = -40.000000 and TNOM = 27.000000

Using SPARSE 1.3 as Direct Linear Solver

No. of Data Rows : 6
voa = 6.0544976205e-04
ddc = -1.555712656e-07
dde = 1.5294231730e-07
Reset re-loads circuit * comparator-offset-mc @ ff_-40c_3.63v -- generated by sim/harness, do not edit

Circuit: * comparator-offset-mc @ ff_-40c_3.63v -- generated by sim/harness, do not edit

Doing analysis at TEMP = -40.000000 and TNOM = 27.000000

Using SPARSE 1.3 as Direct Linear Solver

No. of Data Rows : 6
voa = -1.994178619e-04
ddc = -2.009932584e-08
dde = 1.9984068251e-08
Reset re-loads circuit * comparator-offset-mc @ ff_-40c_3.63v -- generated by sim/harness, do not edit

Circuit: * comparator-offset-mc @ ff_-40c_3.63v -- generated by sim/harness, do not edit

Doing analysis at TEMP = -40.000000 and TNOM = 27.000000

Using SPARSE 1.3 as Direct Linear Solver

No. of Data Rows : 6
voa = -6.530864225e-04
ddc = 1.5450774022e-07
dde = -1.519168842e-07
Reset re-loads circuit * comparator-offset-mc @ ff_-40c_3.63v -- generated by sim/harness, do not edit

Circuit: * comparator-offset-mc @ ff_-40c_3.63v -- generated by sim/harness, do not edit

Doing analysis at TEMP = -40.000000 and TNOM = 27.000000

Using SPARSE 1.3 as Direct Linear Solver

No. of Data Rows : 6
voa = -3.026607851e-04
ddc = 1.2379930126e-07
dde = -1.218330942e-07
Reset re-loads circuit * comparator-offset-mc @ ff_-40c_3.63v -- generated by sim/harness, do not edit

Circuit: * comparator-offset-mc @ ff_-40c_3.63v -- generated by sim/harness, do not edit

Doing analysis at TEMP = -40.000000 and TNOM = 27.000000

Using SPARSE 1.3 as Direct Linear Solver

No. of Data Rows : 6
voa = 4.3778726738e-04
ddc = -9.906720756e-08
dde = 9.7300229428e-08
Reset re-loads circuit * comparator-offset-mc @ ff_-40c_3.63v -- generated by sim/harness, do not edit

Circuit: * comparator-offset-mc @ ff_-40c_3.63v -- generated by sim/harness, do not edit

Doing analysis at TEMP = -40.000000 and TNOM = 27.000000

Using SPARSE 1.3 as Direct Linear Solver

No. of Data Rows : 6
voa = -4.459193675e-04
ddc = 1.8592063467e-07
dde = -1.830632372e-07
Reset re-loads circuit * comparator-offset-mc @ ff_-40c_3.63v -- generated by sim/harness, do not edit

Circuit: * comparator-offset-mc @ ff_-40c_3.63v -- generated by sim/harness, do not edit

Doing analysis at TEMP = -40.000000 and TNOM = 27.000000

Using SPARSE 1.3 as Direct Linear Solver

No. of Data Rows : 6
voa = -8.916002090e-04
ddc = 2.4678573587e-07
dde = -2.426724067e-07
Reset re-loads circuit * comparator-offset-mc @ ff_-40c_3.63v -- generated by sim/harness, do not edit

Circuit: * comparator-offset-mc @ ff_-40c_3.63v -- generated by sim/harness, do not edit

Doing analysis at TEMP = -40.000000 and TNOM = 27.000000

Using SPARSE 1.3 as Direct Linear Solver

No. of Data Rows : 6
voa = -4.231974440e-06
ddc = 6.7433946657e-08
dde = -6.656846894e-08
Reset re-loads circuit * comparator-offset-mc @ ff_-40c_3.63v -- generated by sim/harness, do not edit

Circuit: * comparator-offset-mc @ ff_-40c_3.63v -- generated by sim/harness, do not edit

Doing analysis at TEMP = -40.000000 and TNOM = 27.000000

Using SPARSE 1.3 as Direct Linear Solver
 Reference value :  0.00000e+00
No. of Data Rows : 6
voa = 1.5820209827e-03
ddc = -3.116814244e-07
dde = 3.0615004442e-07
Reset re-loads circuit * comparator-offset-mc @ ff_-40c_3.63v -- generated by sim/harness, do not edit

Circuit: * comparator-offset-mc @ ff_-40c_3.63v -- generated by sim/harness, do not edit

Doing analysis at TEMP = -40.000000 and TNOM = 27.000000

Using SPARSE 1.3 as Direct Linear Solver

No. of Data Rows : 6
voa = -1.830604591e-03
ddc = 5.1067867966e-07
dde = -5.021184201e-07
Reset re-loads circuit * comparator-offset-mc @ ff_-40c_3.63v -- generated by sim/harness, do not edit

Circuit: * comparator-offset-mc @ ff_-40c_3.63v -- generated by sim/harness, do not edit

Doing analysis at TEMP = -40.000000 and TNOM = 27.000000

Using SPARSE 1.3 as Direct Linear Solver

No. of Data Rows : 6
voa = 9.8052181594e-04
ddc = -2.171560826e-07
dde = 2.1340745874e-07
Reset re-loads circuit * comparator-offset-mc @ ff_-40c_3.63v -- generated by sim/harness, do not edit

Circuit: * comparator-offset-mc @ ff_-40c_3.63v -- generated by sim/harness, do not edit

Doing analysis at TEMP = -40.000000 and TNOM = 27.000000

Using SPARSE 1.3 as Direct Linear Solver

No. of Data Rows : 6
voa = -4.114668246e-04
ddc = 1.3643108351e-07
dde = -1.343171267e-07
Reset re-loads circuit * comparator-offset-mc @ ff_-40c_3.63v -- generated by sim/harness, do not edit

Circuit: * comparator-offset-mc @ ff_-40c_3.63v -- generated by sim/harness, do not edit

Doing analysis at TEMP = -40.000000 and TNOM = 27.000000

Using SPARSE 1.3 as Direct Linear Solver

No. of Data Rows : 6
voa = 6.6191349682e-05
ddc = 5.8219647989e-08
dde = -5.758402019e-08
Reset re-loads circuit * comparator-offset-mc @ ff_-40c_3.63v -- generated by sim/harness, do not edit

Circuit: * comparator-offset-mc @ ff_-40c_3.63v -- generated by sim/harness, do not edit

Doing analysis at TEMP = -40.000000 and TNOM = 27.000000

Using SPARSE 1.3 as Direct Linear Solver

No. of Data Rows : 6
voa = -1.619129277e-04
ddc = 1.8611754907e-08
dde = -1.830785514e-08
Reset re-loads circuit * comparator-offset-mc @ ff_-40c_3.63v -- generated by sim/harness, do not edit

Circuit: * comparator-offset-mc @ ff_-40c_3.63v -- generated by sim/harness, do not edit

Doing analysis at TEMP = -40.000000 and TNOM = 27.000000

Using SPARSE 1.3 as Direct Linear Solver

No. of Data Rows : 6
voa = 3.7963380947e-04
ddc = -1.056002232e-07
dde = 1.0391120748e-07
Reset re-loads circuit * comparator-offset-mc @ ff_-40c_3.63v -- generated by sim/harness, do not edit

Circuit: * comparator-offset-mc @ ff_-40c_3.63v -- generated by sim/harness, do not edit

Doing analysis at TEMP = -40.000000 and TNOM = 27.000000

Using SPARSE 1.3 as Direct Linear Solver

No. of Data Rows : 6
voa = -1.204319282e-04
ddc = 1.5713429778e-08
dde = -1.538230673e-08
Reset re-loads circuit * comparator-offset-mc @ ff_-40c_3.63v -- generated by sim/harness, do not edit

Circuit: * comparator-offset-mc @ ff_-40c_3.63v -- generated by sim/harness, do not edit

Doing analysis at TEMP = -40.000000 and TNOM = 27.000000

Using SPARSE 1.3 as Direct Linear Solver

No. of Data Rows : 6
voa = -1.041893168e-03
ddc = 2.6592748714e-07
dde = -2.612913323e-07
Reset re-loads circuit * comparator-offset-mc @ ff_-40c_3.63v -- generated by sim/harness, do not edit

Circuit: * comparator-offset-mc @ ff_-40c_3.63v -- generated by sim/harness, do not edit

Doing analysis at TEMP = -40.000000 and TNOM = 27.000000

Using SPARSE 1.3 as Direct Linear Solver

No. of Data Rows : 6
voa = 1.1537120294e-03
ddc = -2.665257173e-07
dde = 2.6195898030e-07
Reset re-loads circuit * comparator-offset-mc @ ff_-40c_3.63v -- generated by sim/harness, do not edit

Circuit: * comparator-offset-mc @ ff_-40c_3.63v -- generated by sim/harness, do not edit

Doing analysis at TEMP = -40.000000 and TNOM = 27.000000

Using SPARSE 1.3 as Direct Linear Solver

No. of Data Rows : 6
voa = 4.0275226347e-05
ddc = 2.9553423386e-08
dde = -2.914434683e-08
Reset re-loads circuit * comparator-offset-mc @ ff_-40c_3.63v -- generated by sim/harness, do not edit

Circuit: * comparator-offset-mc @ ff_-40c_3.63v -- generated by sim/harness, do not edit

Doing analysis at TEMP = -40.000000 and TNOM = 27.000000

Using SPARSE 1.3 as Direct Linear Solver

No. of Data Rows : 6
voa = 3.6632962041e-04
ddc = -3.003475984e-08
dde = 2.9451514653e-08
Reset re-loads circuit * comparator-offset-mc @ ff_-40c_3.63v -- generated by sim/harness, do not edit

Circuit: * comparator-offset-mc @ ff_-40c_3.63v -- generated by sim/harness, do not edit

Doing analysis at TEMP = -40.000000 and TNOM = 27.000000

Using SPARSE 1.3 as Direct Linear Solver

No. of Data Rows : 6
voa = 1.8168646103e-05
ddc = 2.8172398377e-08
dde = -2.780234059e-08
Reset re-loads circuit * comparator-offset-mc @ ff_-40c_3.63v -- generated by sim/harness, do not edit

Circuit: * comparator-offset-mc @ ff_-40c_3.63v -- generated by sim/harness, do not edit

Doing analysis at TEMP = -40.000000 and TNOM = 27.000000

Using SPARSE 1.3 as Direct Linear Solver

No. of Data Rows : 6
voa = -1.280455377e-03
ddc = 3.3275955350e-07
dde = -3.274332971e-07
Reset re-loads circuit * comparator-offset-mc @ ff_-40c_3.63v -- generated by sim/harness, do not edit

Circuit: * comparator-offset-mc @ ff_-40c_3.63v -- generated by sim/harness, do not edit

Doing analysis at TEMP = -40.000000 and TNOM = 27.000000

Using SPARSE 1.3 as Direct Linear Solver

No. of Data Rows : 6
voa = 1.3986343328e-04
ddc = -1.274947748e-07
dde = 1.2568718715e-07
Reset re-loads circuit * comparator-offset-mc @ ff_-40c_3.63v -- generated by sim/harness, do not edit

Circuit: * comparator-offset-mc @ ff_-40c_3.63v -- generated by sim/harness, do not edit

Doing analysis at TEMP = -40.000000 and TNOM = 27.000000

Using SPARSE 1.3 as Direct Linear Solver

No. of Data Rows : 6
voa = 1.1017794021e-03
ddc = -2.611429653e-07
dde = 2.5668827159e-07
Reset re-loads circuit * comparator-offset-mc @ ff_-40c_3.63v -- generated by sim/harness, do not edit

Circuit: * comparator-offset-mc @ ff_-40c_3.63v -- generated by sim/harness, do not edit

Doing analysis at TEMP = -40.000000 and TNOM = 27.000000

Using SPARSE 1.3 as Direct Linear Solver

No. of Data Rows : 6
voa = -4.577766590e-04
ddc = 8.2059982487e-08
dde = -8.059505012e-08
Reset re-loads circuit * comparator-offset-mc @ ff_-40c_3.63v -- generated by sim/harness, do not edit

Circuit: * comparator-offset-mc @ ff_-40c_3.63v -- generated by sim/harness, do not edit

Doing analysis at TEMP = -40.000000 and TNOM = 27.000000

Using SPARSE 1.3 as Direct Linear Solver
 Reference value :  0.00000e+00
No. of Data Rows : 6
voa = 2.0730673087e-04
ddc = -6.360539391e-08
dde = 6.2472137798e-08
Reset re-loads circuit * comparator-offset-mc @ ff_-40c_3.63v -- generated by sim/harness, do not edit

Circuit: * comparator-offset-mc @ ff_-40c_3.63v -- generated by sim/harness, do not edit

Doing analysis at TEMP = -40.000000 and TNOM = 27.000000

Using SPARSE 1.3 as Direct Linear Solver

No. of Data Rows : 6
voa = -4.007780992e-04
ddc = 4.4231339509e-08
dde = -4.335117096e-08
Reset re-loads circuit * comparator-offset-mc @ ff_-40c_3.63v -- generated by sim/harness, do not edit

Circuit: * comparator-offset-mc @ ff_-40c_3.63v -- generated by sim/harness, do not edit

Doing analysis at TEMP = -40.000000 and TNOM = 27.000000

Using SPARSE 1.3 as Direct Linear Solver

No. of Data Rows : 6
voa = 1.1863499115e-04
ddc = 1.4988819823e-08
dde = -1.489520774e-08
Reset re-loads circuit * comparator-offset-mc @ ff_-40c_3.63v -- generated by sim/harness, do not edit

Circuit: * comparator-offset-mc @ ff_-40c_3.63v -- generated by sim/harness, do not edit

Doing analysis at TEMP = -40.000000 and TNOM = 27.000000

Using SPARSE 1.3 as Direct Linear Solver

No. of Data Rows : 6
voa = 8.6893755698e-04
ddc = -1.513667495e-07
dde = 1.4861799633e-07
Reset re-loads circuit * comparator-offset-mc @ ff_-40c_3.63v -- generated by sim/harness, do not edit

Circuit: * comparator-offset-mc @ ff_-40c_3.63v -- generated by sim/harness, do not edit

Doing analysis at TEMP = -40.000000 and TNOM = 27.000000

Using SPARSE 1.3 as Direct Linear Solver

No. of Data Rows : 6
voa = -2.758321379e-04
ddc = 9.3188894083e-08
dde = -9.164262220e-08
Reset re-loads circuit * comparator-offset-mc @ ff_-40c_3.63v -- generated by sim/harness, do not edit

Circuit: * comparator-offset-mc @ ff_-40c_3.63v -- generated by sim/harness, do not edit

Doing analysis at TEMP = -40.000000 and TNOM = 27.000000

Using SPARSE 1.3 as Direct Linear Solver

No. of Data Rows : 6
voa = 1.0870189886e-03
ddc = -2.872749949e-07
dde = 2.8245905452e-07
Reset re-loads circuit * comparator-offset-mc @ ff_-40c_3.63v -- generated by sim/harness, do not edit

Circuit: * comparator-offset-mc @ ff_-40c_3.63v -- generated by sim/harness, do not edit

Doing analysis at TEMP = -40.000000 and TNOM = 27.000000

Using SPARSE 1.3 as Direct Linear Solver

No. of Data Rows : 6
voa = 7.5874634865e-04
ddc = -1.310617947e-07
dde = 1.2880190684e-07
Reset re-loads circuit * comparator-offset-mc @ ff_-40c_3.63v -- generated by sim/harness, do not edit

Circuit: * comparator-offset-mc @ ff_-40c_3.63v -- generated by sim/harness, do not edit

Doing analysis at TEMP = -40.000000 and TNOM = 27.000000

Using SPARSE 1.3 as Direct Linear Solver

No. of Data Rows : 6
voa = 4.8060359929e-04
ddc = -1.062549741e-07
dde = 1.0440911325e-07
Reset re-loads circuit * comparator-offset-mc @ ff_-40c_3.63v -- generated by sim/harness, do not edit

Circuit: * comparator-offset-mc @ ff_-40c_3.63v -- generated by sim/harness, do not edit

Doing analysis at TEMP = -40.000000 and TNOM = 27.000000

Using SPARSE 1.3 as Direct Linear Solver

No. of Data Rows : 6
voa = 8.0412922540e-04
ddc = -2.442579057e-07
dde = 2.4021710007e-07
Reset re-loads circuit * comparator-offset-mc @ ff_-40c_3.63v -- generated by sim/harness, do not edit

Circuit: * comparator-offset-mc @ ff_-40c_3.63v -- generated by sim/harness, do not edit

Doing analysis at TEMP = -40.000000 and TNOM = 27.000000

Using SPARSE 1.3 as Direct Linear Solver

No. of Data Rows : 6
voa = 2.5166253886e-06
ddc = 3.1161874700e-08
dde = -3.075715189e-08
Reset re-loads circuit * comparator-offset-mc @ ff_-40c_3.63v -- generated by sim/harness, do not edit

Circuit: * comparator-offset-mc @ ff_-40c_3.63v -- generated by sim/harness, do not edit

Doing analysis at TEMP = -40.000000 and TNOM = 27.000000

Using SPARSE 1.3 as Direct Linear Solver

No. of Data Rows : 6
voa = -1.457315759e-03
ddc = 3.3365379606e-07
dde = -3.278250137e-07
Reset re-loads circuit * comparator-offset-mc @ ff_-40c_3.63v -- generated by sim/harness, do not edit

Circuit: * comparator-offset-mc @ ff_-40c_3.63v -- generated by sim/harness, do not edit

Doing analysis at TEMP = -40.000000 and TNOM = 27.000000

Using SPARSE 1.3 as Direct Linear Solver

No. of Data Rows : 6
voa = 1.0362566733e-03
ddc = -2.309989393e-07
dde = 2.2706048361e-07
Reset re-loads circuit * comparator-offset-mc @ ff_-40c_3.63v -- generated by sim/harness, do not edit

Circuit: * comparator-offset-mc @ ff_-40c_3.63v -- generated by sim/harness, do not edit

Doing analysis at TEMP = -40.000000 and TNOM = 27.000000

Using SPARSE 1.3 as Direct Linear Solver

No. of Data Rows : 6
voa = -1.569663488e-03
ddc = 2.2746126238e-07
dde = -2.231307560e-07
Reset re-loads circuit * comparator-offset-mc @ ff_-40c_3.63v -- generated by sim/harness, do not edit

Circuit: * comparator-offset-mc @ ff_-40c_3.63v -- generated by sim/harness, do not edit

Doing analysis at TEMP = -40.000000 and TNOM = 27.000000

Using SPARSE 1.3 as Direct Linear Solver

No. of Data Rows : 6
voa = 2.4270305330e-03
ddc = -6.017668494e-07
dde = 5.9151107347e-07
Reset re-loads circuit * comparator-offset-mc @ ff_-40c_3.63v -- generated by sim/harness, do not edit

Circuit: * comparator-offset-mc @ ff_-40c_3.63v -- generated by sim/harness, do not edit

Doing analysis at TEMP = -40.000000 and TNOM = 27.000000

Using SPARSE 1.3 as Direct Linear Solver

No. of Data Rows : 6
voa = -1.604672351e-04
ddc = 7.0958603758e-08
dde = -6.991014556e-08
Reset re-loads circuit * comparator-offset-mc @ ff_-40c_3.63v -- generated by sim/harness, do not edit

Circuit: * comparator-offset-mc @ ff_-40c_3.63v -- generated by sim/harness, do not edit

Doing analysis at TEMP = -40.000000 and TNOM = 27.000000

Using SPARSE 1.3 as Direct Linear Solver

No. of Data Rows : 6
voa = -3.933655922e-04
ddc = 1.8580015132e-08
dde = -1.798515425e-08
Reset re-loads circuit * comparator-offset-mc @ ff_-40c_3.63v -- generated by sim/harness, do not edit

Circuit: * comparator-offset-mc @ ff_-40c_3.63v -- generated by sim/harness, do not edit

Doing analysis at TEMP = -40.000000 and TNOM = 27.000000

Using SPARSE 1.3 as Direct Linear Solver

No. of Data Rows : 6
voa = -6.074866793e-04
ddc = 1.2863951825e-07
dde = -1.265641458e-07
Reset re-loads circuit * comparator-offset-mc @ ff_-40c_3.63v -- generated by sim/harness, do not edit

Circuit: * comparator-offset-mc @ ff_-40c_3.63v -- generated by sim/harness, do not edit

Doing analysis at TEMP = -40.000000 and TNOM = 27.000000

Using SPARSE 1.3 as Direct Linear Solver

No. of Data Rows : 6
voa = -1.738910122e-03
ddc = 3.6277917385e-07
dde = -3.562955224e-07
Reset re-loads circuit * comparator-offset-mc @ ff_-40c_3.63v -- generated by sim/harness, do not edit

Circuit: * comparator-offset-mc @ ff_-40c_3.63v -- generated by sim/harness, do not edit

Doing analysis at TEMP = -40.000000 and TNOM = 27.000000

Using SPARSE 1.3 as Direct Linear Solver

No. of Data Rows : 6
voa = -4.081671736e-04
ddc = 9.4196020153e-08
dde = -9.260114046e-08
Reset re-loads circuit * comparator-offset-mc @ ff_-40c_3.63v -- generated by sim/harness, do not edit

Circuit: * comparator-offset-mc @ ff_-40c_3.63v -- generated by sim/harness, do not edit

Doing analysis at TEMP = -40.000000 and TNOM = 27.000000

Using SPARSE 1.3 as Direct Linear Solver

No. of Data Rows : 6
voa = -8.312250326e-05
ddc = 1.6851945055e-08
dde = -1.646930686e-08
Reset re-loads circuit * comparator-offset-mc @ ff_-40c_3.63v -- generated by sim/harness, do not edit

Circuit: * comparator-offset-mc @ ff_-40c_3.63v -- generated by sim/harness, do not edit

Doing analysis at TEMP = -40.000000 and TNOM = 27.000000

Using SPARSE 1.3 as Direct Linear Solver
 Reference value :  0.00000e+00
No. of Data Rows : 6
voa = 1.6258944292e-03
ddc = -4.118462201e-07
dde = 4.0491922967e-07
Reset re-loads circuit * comparator-offset-mc @ ff_-40c_3.63v -- generated by sim/harness, do not edit

Circuit: * comparator-offset-mc @ ff_-40c_3.63v -- generated by sim/harness, do not edit

Doing analysis at TEMP = -40.000000 and TNOM = 27.000000

Using SPARSE 1.3 as Direct Linear Solver

No. of Data Rows : 6
voa = -2.031076563e-04
ddc = 1.3815329569e-07
dde = -1.361020269e-07
Reset re-loads circuit * comparator-offset-mc @ ff_-40c_3.63v -- generated by sim/harness, do not edit

Circuit: * comparator-offset-mc @ ff_-40c_3.63v -- generated by sim/harness, do not edit

Doing analysis at TEMP = -40.000000 and TNOM = 27.000000

Using SPARSE 1.3 as Direct Linear Solver

No. of Data Rows : 6
voa = -7.255756331e-04
ddc = 1.7269565720e-07
dde = -1.698499995e-07
Reset re-loads circuit * comparator-offset-mc @ ff_-40c_3.63v -- generated by sim/harness, do not edit

Circuit: * comparator-offset-mc @ ff_-40c_3.63v -- generated by sim/harness, do not edit

Doing analysis at TEMP = -40.000000 and TNOM = 27.000000

Using SPARSE 1.3 as Direct Linear Solver

No. of Data Rows : 6
voa = -7.922825768e-04
ddc = 1.4565739372e-07
dde = -1.429320382e-07
Reset re-loads circuit * comparator-offset-mc @ ff_-40c_3.63v -- generated by sim/harness, do not edit

Circuit: * comparator-offset-mc @ ff_-40c_3.63v -- generated by sim/harness, do not edit

Doing analysis at TEMP = -40.000000 and TNOM = 27.000000

Using SPARSE 1.3 as Direct Linear Solver

No. of Data Rows : 6
voa = -5.523345034e-04
ddc = 1.5287750830e-07
dde = -1.502180220e-07
Reset re-loads circuit * comparator-offset-mc @ ff_-40c_3.63v -- generated by sim/harness, do not edit

Circuit: * comparator-offset-mc @ ff_-40c_3.63v -- generated by sim/harness, do not edit

Doing analysis at TEMP = -40.000000 and TNOM = 27.000000

Using SPARSE 1.3 as Direct Linear Solver

No. of Data Rows : 6
voa = 8.3269977910e-04
ddc = -1.932107700e-07
dde = 1.8996903641e-07
Reset re-loads circuit * comparator-offset-mc @ ff_-40c_3.63v -- generated by sim/harness, do not edit

Circuit: * comparator-offset-mc @ ff_-40c_3.63v -- generated by sim/harness, do not edit

Doing analysis at TEMP = -40.000000 and TNOM = 27.000000

Using SPARSE 1.3 as Direct Linear Solver

No. of Data Rows : 6
voa = -1.953156465e-04
ddc = 8.3276330636e-08
dde = -8.194793707e-08
Reset re-loads circuit * comparator-offset-mc @ ff_-40c_3.63v -- generated by sim/harness, do not edit

Circuit: * comparator-offset-mc @ ff_-40c_3.63v -- generated by sim/harness, do not edit

Doing analysis at TEMP = -40.000000 and TNOM = 27.000000

Using SPARSE 1.3 as Direct Linear Solver

No. of Data Rows : 6
voa = 1.0171313664e-03
ddc = -2.911519915e-07
dde = 2.8630765249e-07
Reset re-loads circuit * comparator-offset-mc @ ff_-40c_3.63v -- generated by sim/harness, do not edit

Circuit: * comparator-offset-mc @ ff_-40c_3.63v -- generated by sim/harness, do not edit

Doing analysis at TEMP = -40.000000 and TNOM = 27.000000

Using SPARSE 1.3 as Direct Linear Solver

No. of Data Rows : 6
voa = 6.1950611982e-04
ddc = -1.725920685e-07
dde = 1.6971964625e-07
Reset re-loads circuit * comparator-offset-mc @ ff_-40c_3.63v -- generated by sim/harness, do not edit

Circuit: * comparator-offset-mc @ ff_-40c_3.63v -- generated by sim/harness, do not edit

Doing analysis at TEMP = -40.000000 and TNOM = 27.000000

Using SPARSE 1.3 as Direct Linear Solver

No. of Data Rows : 6
voa = -2.446190979e-04
ddc = 1.0587651989e-07
dde = -1.042254527e-07
Reset re-loads circuit * comparator-offset-mc @ ff_-40c_3.63v -- generated by sim/harness, do not edit

Circuit: * comparator-offset-mc @ ff_-40c_3.63v -- generated by sim/harness, do not edit

Doing analysis at TEMP = -40.000000 and TNOM = 27.000000

Using SPARSE 1.3 as Direct Linear Solver

No. of Data Rows : 6
voa = 2.2562877858e-03
ddc = -4.438982286e-07
dde = 4.3611999721e-07
Reset re-loads circuit * comparator-offset-mc @ ff_-40c_3.63v -- generated by sim/harness, do not edit

Circuit: * comparator-offset-mc @ ff_-40c_3.63v -- generated by sim/harness, do not edit

Doing analysis at TEMP = -40.000000 and TNOM = 27.000000

Using SPARSE 1.3 as Direct Linear Solver

No. of Data Rows : 6
voa = -6.494564132e-04
ddc = 2.1088554086e-07
dde = -2.075827713e-07
Reset re-loads circuit * comparator-offset-mc @ ff_-40c_3.63v -- generated by sim/harness, do not edit

Circuit: * comparator-offset-mc @ ff_-40c_3.63v -- generated by sim/harness, do not edit

Doing analysis at TEMP = -40.000000 and TNOM = 27.000000

Using SPARSE 1.3 as Direct Linear Solver

No. of Data Rows : 6
voa = 2.2318838636e-04
ddc = -3.190261051e-08
dde = 3.1319833363e-08
Reset re-loads circuit * comparator-offset-mc @ ff_-40c_3.63v -- generated by sim/harness, do not edit

Circuit: * comparator-offset-mc @ ff_-40c_3.63v -- generated by sim/harness, do not edit

Doing analysis at TEMP = -40.000000 and TNOM = 27.000000

Using SPARSE 1.3 as Direct Linear Solver

No. of Data Rows : 6
voa = 3.3209029261e-04
ddc = -3.947320883e-08
dde = 3.8604842802e-08
Reset re-loads circuit * comparator-offset-mc @ ff_-40c_3.63v -- generated by sim/harness, do not edit

Circuit: * comparator-offset-mc @ ff_-40c_3.63v -- generated by sim/harness, do not edit

Doing analysis at TEMP = -40.000000 and TNOM = 27.000000

Using SPARSE 1.3 as Direct Linear Solver

No. of Data Rows : 6
voa = 5.2077271502e-04
ddc = -1.444625512e-07
dde = 1.4206781353e-07
Reset re-loads circuit * comparator-offset-mc @ ff_-40c_3.63v -- generated by sim/harness, do not edit

Circuit: * comparator-offset-mc @ ff_-40c_3.63v -- generated by sim/harness, do not edit

Doing analysis at TEMP = -40.000000 and TNOM = 27.000000

Using SPARSE 1.3 as Direct Linear Solver
 Reference value :  0.00000e+00
No. of Data Rows : 6
voa = 1.8431443721e-03
ddc = -4.351862690e-07
dde = 4.2776476139e-07
Reset re-loads circuit * comparator-offset-mc @ ff_-40c_3.63v -- generated by sim/harness, do not edit

Circuit: * comparator-offset-mc @ ff_-40c_3.63v -- generated by sim/harness, do not edit

Doing analysis at TEMP = -40.000000 and TNOM = 27.000000

Using SPARSE 1.3 as Direct Linear Solver

No. of Data Rows : 6
voa = -8.982828881e-04
ddc = 2.2979912570e-07
dde = -2.259229786e-07
Reset re-loads circuit * comparator-offset-mc @ ff_-40c_3.63v -- generated by sim/harness, do not edit

Circuit: * comparator-offset-mc @ ff_-40c_3.63v -- generated by sim/harness, do not edit

Doing analysis at TEMP = -40.000000 and TNOM = 27.000000

Using SPARSE 1.3 as Direct Linear Solver

No. of Data Rows : 6
voa = 1.0206333183e-03
ddc = -3.060192770e-07
dde = 3.0101708799e-07
Reset re-loads circuit * comparator-offset-mc @ ff_-40c_3.63v -- generated by sim/harness, do not edit

Circuit: * comparator-offset-mc @ ff_-40c_3.63v -- generated by sim/harness, do not edit

Doing analysis at TEMP = -40.000000 and TNOM = 27.000000

Using SPARSE 1.3 as Direct Linear Solver

No. of Data Rows : 6
voa = 9.2248581740e-04
ddc = -2.522700498e-07
dde = 2.4813364960e-07
Reset re-loads circuit * comparator-offset-mc @ ff_-40c_3.63v -- generated by sim/harness, do not edit

Circuit: * comparator-offset-mc @ ff_-40c_3.63v -- generated by sim/harness, do not edit

Doing analysis at TEMP = -40.000000 and TNOM = 27.000000

Using SPARSE 1.3 as Direct Linear Solver

No. of Data Rows : 6
voa = 2.4216218223e-04
ddc = -6.091405173e-08
dde = 5.9928928992e-08
Reset re-loads circuit * comparator-offset-mc @ ff_-40c_3.63v -- generated by sim/harness, do not edit

Circuit: * comparator-offset-mc @ ff_-40c_3.63v -- generated by sim/harness, do not edit

Doing analysis at TEMP = -40.000000 and TNOM = 27.000000

Using SPARSE 1.3 as Direct Linear Solver

No. of Data Rows : 6
voa = 4.6692284308e-04
ddc = -4.014202656e-08
dde = 3.9292094751e-08
Reset re-loads circuit * comparator-offset-mc @ ff_-40c_3.63v -- generated by sim/harness, do not edit

Circuit: * comparator-offset-mc @ ff_-40c_3.63v -- generated by sim/harness, do not edit

Doing analysis at TEMP = -40.000000 and TNOM = 27.000000

Using SPARSE 1.3 as Direct Linear Solver

No. of Data Rows : 6
voa = 5.9605594579e-04
ddc = -2.061865147e-07
dde = 2.0284177886e-07
Reset re-loads circuit * comparator-offset-mc @ ff_-40c_3.63v -- generated by sim/harness, do not edit

Circuit: * comparator-offset-mc @ ff_-40c_3.63v -- generated by sim/harness, do not edit

Doing analysis at TEMP = -40.000000 and TNOM = 27.000000

Using SPARSE 1.3 as Direct Linear Solver

No. of Data Rows : 6
voa = 1.7053154196e-03
ddc = -3.252599759e-07
dde = 3.1957509552e-07
Reset re-loads circuit * comparator-offset-mc @ ff_-40c_3.63v -- generated by sim/harness, do not edit

Circuit: * comparator-offset-mc @ ff_-40c_3.63v -- generated by sim/harness, do not edit

Doing analysis at TEMP = -40.000000 and TNOM = 27.000000

Using SPARSE 1.3 as Direct Linear Solver

No. of Data Rows : 6
voa = -1.429811874e-03
ddc = 2.5742770299e-07
dde = -2.525362008e-07
Reset re-loads circuit * comparator-offset-mc @ ff_-40c_3.63v -- generated by sim/harness, do not edit

Circuit: * comparator-offset-mc @ ff_-40c_3.63v -- generated by sim/harness, do not edit

Doing analysis at TEMP = -40.000000 and TNOM = 27.000000

Using SPARSE 1.3 as Direct Linear Solver

No. of Data Rows : 6
voa = -5.089140957e-05
ddc = 1.7850955561e-09
dde = -1.788121488e-09
Reset re-loads circuit * comparator-offset-mc @ ff_-40c_3.63v -- generated by sim/harness, do not edit

Circuit: * comparator-offset-mc @ ff_-40c_3.63v -- generated by sim/harness, do not edit

Doing analysis at TEMP = -40.000000 and TNOM = 27.000000

Using SPARSE 1.3 as Direct Linear Solver

No. of Data Rows : 6
voa = -4.749045272e-04
ddc = 6.5663890063e-08
dde = -6.438640008e-08
Reset re-loads circuit * comparator-offset-mc @ ff_-40c_3.63v -- generated by sim/harness, do not edit

Circuit: * comparator-offset-mc @ ff_-40c_3.63v -- generated by sim/harness, do not edit

Doing analysis at TEMP = -40.000000 and TNOM = 27.000000

Using SPARSE 1.3 as Direct Linear Solver

No. of Data Rows : 6
voa = -1.790444693e-03
ddc = 3.7890247288e-07
dde = -3.723028473e-07
Reset re-loads circuit * comparator-offset-mc @ ff_-40c_3.63v -- generated by sim/harness, do not edit

Circuit: * comparator-offset-mc @ ff_-40c_3.63v -- generated by sim/harness, do not edit

Doing analysis at TEMP = -40.000000 and TNOM = 27.000000

Using SPARSE 1.3 as Direct Linear Solver

No. of Data Rows : 6
voa = 7.7776433849e-04
ddc = -1.646889916e-07
dde = 1.6179907442e-07
Reset re-loads circuit * comparator-offset-mc @ ff_-40c_3.63v -- generated by sim/harness, do not edit

Circuit: * comparator-offset-mc @ ff_-40c_3.63v -- generated by sim/harness, do not edit

Doing analysis at TEMP = -40.000000 and TNOM = 27.000000

Using SPARSE 1.3 as Direct Linear Solver

No. of Data Rows : 6
voa = -3.099512874e-04
ddc = -5.008841448e-08
dde = 4.9511953915e-08
Reset re-loads circuit * comparator-offset-mc @ ff_-40c_3.63v -- generated by sim/harness, do not edit

Circuit: * comparator-offset-mc @ ff_-40c_3.63v -- generated by sim/harness, do not edit

Doing analysis at TEMP = -40.000000 and TNOM = 27.000000

Using SPARSE 1.3 as Direct Linear Solver

No. of Data Rows : 6
voa = 2.0744125994e-04
ddc = -4.747120231e-09
dde = 4.3914370339e-09
Reset re-loads circuit * comparator-offset-mc @ ff_-40c_3.63v -- generated by sim/harness, do not edit

Circuit: * comparator-offset-mc @ ff_-40c_3.63v -- generated by sim/harness, do not edit

Doing analysis at TEMP = -40.000000 and TNOM = 27.000000

Using SPARSE 1.3 as Direct Linear Solver
 Reference value :  0.00000e+00
No. of Data Rows : 6
voa = -1.729267655e-03
ddc = 4.2609393028e-07
dde = -4.189493526e-07
Reset re-loads circuit * comparator-offset-mc @ ff_-40c_3.63v -- generated by sim/harness, do not edit

Circuit: * comparator-offset-mc @ ff_-40c_3.63v -- generated by sim/harness, do not edit

Doing analysis at TEMP = -40.000000 and TNOM = 27.000000

Using SPARSE 1.3 as Direct Linear Solver

No. of Data Rows : 6
voa = -5.663168717e-04
ddc = 7.7853889267e-08
dde = -7.648043941e-08
Reset re-loads circuit * comparator-offset-mc @ ff_-40c_3.63v -- generated by sim/harness, do not edit

Circuit: * comparator-offset-mc @ ff_-40c_3.63v -- generated by sim/harness, do not edit

Doing analysis at TEMP = -40.000000 and TNOM = 27.000000

Using SPARSE 1.3 as Direct Linear Solver

No. of Data Rows : 6
voa = 9.8247583097e-04
ddc = -2.758505747e-07
dde = 2.7137115518e-07
Reset re-loads circuit * comparator-offset-mc @ ff_-40c_3.63v -- generated by sim/harness, do not edit

Circuit: * comparator-offset-mc @ ff_-40c_3.63v -- generated by sim/harness, do not edit

Doing analysis at TEMP = -40.000000 and TNOM = 27.000000

Using SPARSE 1.3 as Direct Linear Solver

No. of Data Rows : 6
voa = 1.3840946557e-03
ddc = -2.872750548e-07
dde = 2.8231009079e-07
Reset re-loads circuit * comparator-offset-mc @ ff_-40c_3.63v -- generated by sim/harness, do not edit

Circuit: * comparator-offset-mc @ ff_-40c_3.63v -- generated by sim/harness, do not edit

Doing analysis at TEMP = -40.000000 and TNOM = 27.000000

Using SPARSE 1.3 as Direct Linear Solver

No. of Data Rows : 6
voa = -1.453297464e-04
ddc = 5.2192120136e-08
dde = -5.135651050e-08
Reset re-loads circuit * comparator-offset-mc @ ff_-40c_3.63v -- generated by sim/harness, do not edit

Circuit: * comparator-offset-mc @ ff_-40c_3.63v -- generated by sim/harness, do not edit

Doing analysis at TEMP = -40.000000 and TNOM = 27.000000

Using SPARSE 1.3 as Direct Linear Solver

No. of Data Rows : 6
voa = -2.167360608e-04
ddc = 4.1617182605e-08
dde = -4.093073159e-08
Reset re-loads circuit * comparator-offset-mc @ ff_-40c_3.63v -- generated by sim/harness, do not edit

Circuit: * comparator-offset-mc @ ff_-40c_3.63v -- generated by sim/harness, do not edit

Doing analysis at TEMP = -40.000000 and TNOM = 27.000000

Using SPARSE 1.3 as Direct Linear Solver

No. of Data Rows : 6
voa = 4.5326313238e-04
ddc = -1.081497758e-07
dde = 1.0631284938e-07
Reset re-loads circuit * comparator-offset-mc @ ff_-40c_3.63v -- generated by sim/harness, do not edit

Circuit: * comparator-offset-mc @ ff_-40c_3.63v -- generated by sim/harness, do not edit

Doing analysis at TEMP = -40.000000 and TNOM = 27.000000

Using SPARSE 1.3 as Direct Linear Solver

No. of Data Rows : 6
voa = 7.6203942095e-04
ddc = -1.632378697e-07
dde = 1.6033889880e-07
Reset re-loads circuit * comparator-offset-mc @ ff_-40c_3.63v -- generated by sim/harness, do not edit

Circuit: * comparator-offset-mc @ ff_-40c_3.63v -- generated by sim/harness, do not edit

Doing analysis at TEMP = -40.000000 and TNOM = 27.000000

Using SPARSE 1.3 as Direct Linear Solver

No. of Data Rows : 6
voa = -7.139617386e-04
ddc = 1.9301570146e-07
dde = -1.898186881e-07
Reset re-loads circuit * comparator-offset-mc @ ff_-40c_3.63v -- generated by sim/harness, do not edit

Circuit: * comparator-offset-mc @ ff_-40c_3.63v -- generated by sim/harness, do not edit

Doing analysis at TEMP = -40.000000 and TNOM = 27.000000

Using SPARSE 1.3 as Direct Linear Solver

No. of Data Rows : 6
voa = -3.939602488e-05
ddc = -6.185770263e-08
dde = 6.1003555641e-08
Reset re-loads circuit * comparator-offset-mc @ ff_-40c_3.63v -- generated by sim/harness, do not edit

Circuit: * comparator-offset-mc @ ff_-40c_3.63v -- generated by sim/harness, do not edit

Doing analysis at TEMP = -40.000000 and TNOM = 27.000000

Using SPARSE 1.3 as Direct Linear Solver

No. of Data Rows : 6
voa = -6.208645182e-05
ddc = 5.5672316338e-08
dde = -5.481401278e-08
Reset re-loads circuit * comparator-offset-mc @ ff_-40c_3.63v -- generated by sim/harness, do not edit

Circuit: * comparator-offset-mc @ ff_-40c_3.63v -- generated by sim/harness, do not edit

Doing analysis at TEMP = -40.000000 and TNOM = 27.000000

Using SPARSE 1.3 as Direct Linear Solver

No. of Data Rows : 6
voa = -3.717959065e-04
ddc = 1.5268357306e-07
dde = -1.502994383e-07
Reset re-loads circuit * comparator-offset-mc @ ff_-40c_3.63v -- generated by sim/harness, do not edit

Circuit: * comparator-offset-mc @ ff_-40c_3.63v -- generated by sim/harness, do not edit

Doing analysis at TEMP = -40.000000 and TNOM = 27.000000

Using SPARSE 1.3 as Direct Linear Solver

No. of Data Rows : 6
voa = -2.296964138e-04
ddc = 5.6205554199e-08
dde = -5.522610253e-08
Reset re-loads circuit * comparator-offset-mc @ ff_-40c_3.63v -- generated by sim/harness, do not edit

Circuit: * comparator-offset-mc @ ff_-40c_3.63v -- generated by sim/harness, do not edit

Doing analysis at TEMP = -40.000000 and TNOM = 27.000000

Using SPARSE 1.3 as Direct Linear Solver

No. of Data Rows : 6
voa = -1.607797850e-03
ddc = 3.5497156592e-07
dde = -3.490121101e-07
Reset re-loads circuit * comparator-offset-mc @ ff_-40c_3.63v -- generated by sim/harness, do not edit

Circuit: * comparator-offset-mc @ ff_-40c_3.63v -- generated by sim/harness, do not edit

Doing analysis at TEMP = -40.000000 and TNOM = 27.000000

Using SPARSE 1.3 as Direct Linear Solver

No. of Data Rows : 6
voa = 9.9203037011e-04
ddc = -1.300218636e-07
dde = 1.2751574122e-07
Reset re-loads circuit * comparator-offset-mc @ ff_-40c_3.63v -- generated by sim/harness, do not edit

Circuit: * comparator-offset-mc @ ff_-40c_3.63v -- generated by sim/harness, do not edit

Doing analysis at TEMP = -40.000000 and TNOM = 27.000000

Using SPARSE 1.3 as Direct Linear Solver
 Reference value :  0.00000e+00
No. of Data Rows : 6
voa = 1.2584480210e-03
ddc = -2.372511234e-07
dde = 2.3296194380e-07
Reset re-loads circuit * comparator-offset-mc @ ff_-40c_3.63v -- generated by sim/harness, do not edit

Circuit: * comparator-offset-mc @ ff_-40c_3.63v -- generated by sim/harness, do not edit

Doing analysis at TEMP = -40.000000 and TNOM = 27.000000

Using SPARSE 1.3 as Direct Linear Solver

No. of Data Rows : 6
voa = 2.2188805421e-04
ddc = -8.169832160e-08
dde = 8.0315795195e-08
Reset re-loads circuit * comparator-offset-mc @ ff_-40c_3.63v -- generated by sim/harness, do not edit

Circuit: * comparator-offset-mc @ ff_-40c_3.63v -- generated by sim/harness, do not edit

Doing analysis at TEMP = -40.000000 and TNOM = 27.000000

Using SPARSE 1.3 as Direct Linear Solver

No. of Data Rows : 6
voa = -4.875499054e-04
ddc = 1.6118192186e-07
dde = -1.586636983e-07
Reset re-loads circuit * comparator-offset-mc @ ff_-40c_3.63v -- generated by sim/harness, do not edit

Circuit: * comparator-offset-mc @ ff_-40c_3.63v -- generated by sim/harness, do not edit

Doing analysis at TEMP = -40.000000 and TNOM = 27.000000

Using SPARSE 1.3 as Direct Linear Solver

No. of Data Rows : 6
voa = 1.1352477012e-03
ddc = -2.929100405e-07
dde = 2.8798443056e-07
Reset re-loads circuit * comparator-offset-mc @ ff_-40c_3.63v -- generated by sim/harness, do not edit

Circuit: * comparator-offset-mc @ ff_-40c_3.63v -- generated by sim/harness, do not edit

Doing analysis at TEMP = -40.000000 and TNOM = 27.000000

Using SPARSE 1.3 as Direct Linear Solver

No. of Data Rows : 6
voa = 4.2257398748e-04
ddc = -1.342680190e-07
dde = 1.3215794942e-07
Reset re-loads circuit * comparator-offset-mc @ ff_-40c_3.63v -- generated by sim/harness, do not edit

Circuit: * comparator-offset-mc @ ff_-40c_3.63v -- generated by sim/harness, do not edit

Doing analysis at TEMP = -40.000000 and TNOM = 27.000000

Using SPARSE 1.3 as Direct Linear Solver

No. of Data Rows : 6
voa = 2.3813983320e-04
ddc = -3.221378054e-08
dde = 3.1480963927e-08
Reset re-loads circuit * comparator-offset-mc @ ff_-40c_3.63v -- generated by sim/harness, do not edit

Circuit: * comparator-offset-mc @ ff_-40c_3.63v -- generated by sim/harness, do not edit

Doing analysis at TEMP = -40.000000 and TNOM = 27.000000

Using SPARSE 1.3 as Direct Linear Solver

No. of Data Rows : 6
voa = -6.552105685e-04
ddc = 1.1948885746e-07
dde = -1.172250373e-07
Reset re-loads circuit * comparator-offset-mc @ ff_-40c_3.63v -- generated by sim/harness, do not edit

Circuit: * comparator-offset-mc @ ff_-40c_3.63v -- generated by sim/harness, do not edit

Doing analysis at TEMP = -40.000000 and TNOM = 27.000000

Using SPARSE 1.3 as Direct Linear Solver

No. of Data Rows : 6
voa = -1.893028339e-03
ddc = 4.7608551201e-07
dde = -4.681249914e-07
Reset re-loads circuit * comparator-offset-mc @ ff_-40c_3.63v -- generated by sim/harness, do not edit

Circuit: * comparator-offset-mc @ ff_-40c_3.63v -- generated by sim/harness, do not edit

Doing analysis at TEMP = -40.000000 and TNOM = 27.000000

Using SPARSE 1.3 as Direct Linear Solver

No. of Data Rows : 6
voa = -2.118078869e-04
ddc = 4.3416279500e-08
dde = -4.270525922e-08
Reset re-loads circuit * comparator-offset-mc @ ff_-40c_3.63v -- generated by sim/harness, do not edit

Circuit: * comparator-offset-mc @ ff_-40c_3.63v -- generated by sim/harness, do not edit

Doing analysis at TEMP = -40.000000 and TNOM = 27.000000

Using SPARSE 1.3 as Direct Linear Solver

No. of Data Rows : 6
voa = -6.865335864e-07
ddc = 1.1729658342e-07
dde = -1.157325022e-07
Reset re-loads circuit * comparator-offset-mc @ ff_-40c_3.63v -- generated by sim/harness, do not edit

Circuit: * comparator-offset-mc @ ff_-40c_3.63v -- generated by sim/harness, do not edit

Doing analysis at TEMP = -40.000000 and TNOM = 27.000000

Using SPARSE 1.3 as Direct Linear Solver

No. of Data Rows : 6
voa = -8.706688769e-04
ddc = 2.2550020891e-07
dde = -2.216784412e-07
Reset re-loads circuit * comparator-offset-mc @ ff_-40c_3.63v -- generated by sim/harness, do not edit

Circuit: * comparator-offset-mc @ ff_-40c_3.63v -- generated by sim/harness, do not edit

Doing analysis at TEMP = -40.000000 and TNOM = 27.000000

Using SPARSE 1.3 as Direct Linear Solver

No. of Data Rows : 6
voa = -8.615723430e-04
ddc = 2.4181430701e-07
dde = -2.379570328e-07
Reset re-loads circuit * comparator-offset-mc @ ff_-40c_3.63v -- generated by sim/harness, do not edit

Circuit: * comparator-offset-mc @ ff_-40c_3.63v -- generated by sim/harness, do not edit

Doing analysis at TEMP = -40.000000 and TNOM = 27.000000

Using SPARSE 1.3 as Direct Linear Solver

No. of Data Rows : 6
voa = 1.3081613334e-03
ddc = -3.070359119e-07
dde = 3.0180204970e-07
Reset re-loads circuit * comparator-offset-mc @ ff_-40c_3.63v -- generated by sim/harness, do not edit

Circuit: * comparator-offset-mc @ ff_-40c_3.63v -- generated by sim/harness, do not edit

Doing analysis at TEMP = -40.000000 and TNOM = 27.000000

Using SPARSE 1.3 as Direct Linear Solver
 Reference value :  0.00000e+00
No. of Data Rows : 6
voa = -8.119185729e-04
ddc = 2.0086992312e-07
dde = -1.976365352e-07
Reset re-loads circuit * comparator-offset-mc @ ff_-40c_3.63v -- generated by sim/harness, do not edit

Circuit: * comparator-offset-mc @ ff_-40c_3.63v -- generated by sim/harness, do not edit

Doing analysis at TEMP = -40.000000 and TNOM = 27.000000

Using SPARSE 1.3 as Direct Linear Solver

No. of Data Rows : 6
voa = 4.6882464029e-04
ddc = -1.845471590e-08
dde = 1.7857154316e-08
Reset re-loads circuit * comparator-offset-mc @ ff_-40c_3.63v -- generated by sim/harness, do not edit

Circuit: * comparator-offset-mc @ ff_-40c_3.63v -- generated by sim/harness, do not edit

Doing analysis at TEMP = -40.000000 and TNOM = 27.000000

Using SPARSE 1.3 as Direct Linear Solver

No. of Data Rows : 6
voa = -4.564410236e-04
ddc = 1.1362835237e-07
dde = -1.117839315e-07
Reset re-loads circuit * comparator-offset-mc @ ff_-40c_3.63v -- generated by sim/harness, do not edit

Circuit: * comparator-offset-mc @ ff_-40c_3.63v -- generated by sim/harness, do not edit

Doing analysis at TEMP = -40.000000 and TNOM = 27.000000

Using SPARSE 1.3 as Direct Linear Solver

No. of Data Rows : 6
voa = -2.053301434e-03
ddc = 5.2627861671e-07
dde = -5.173897133e-07
Reset re-loads circuit * comparator-offset-mc @ ff_-40c_3.63v -- generated by sim/harness, do not edit

Circuit: * comparator-offset-mc @ ff_-40c_3.63v -- generated by sim/harness, do not edit

Doing analysis at TEMP = -40.000000 and TNOM = 27.000000

Using SPARSE 1.3 as Direct Linear Solver

No. of Data Rows : 6
voa = -8.800286300e-04
ddc = 2.4985692741e-07
dde = -2.457176634e-07
Reset re-loads circuit * comparator-offset-mc @ ff_-40c_3.63v -- generated by sim/harness, do not edit

Circuit: * comparator-offset-mc @ ff_-40c_3.63v -- generated by sim/harness, do not edit

Doing analysis at TEMP = -40.000000 and TNOM = 27.000000

Using SPARSE 1.3 as Direct Linear Solver

No. of Data Rows : 6
voa = 8.4262706018e-04
ddc = -1.768900785e-07
dde = 1.7385062383e-07
Reset re-loads circuit * comparator-offset-mc @ ff_-40c_3.63v -- generated by sim/harness, do not edit

Circuit: * comparator-offset-mc @ ff_-40c_3.63v -- generated by sim/harness, do not edit

Doing analysis at TEMP = -40.000000 and TNOM = 27.000000

Using SPARSE 1.3 as Direct Linear Solver

No. of Data Rows : 6
voa = -6.980487361e-04
ddc = 6.6863774493e-08
dde = -6.544349659e-08
Reset re-loads circuit * comparator-offset-mc @ ff_-40c_3.63v -- generated by sim/harness, do not edit

Circuit: * comparator-offset-mc @ ff_-40c_3.63v -- generated by sim/harness, do not edit

Doing analysis at TEMP = -40.000000 and TNOM = 27.000000

Using SPARSE 1.3 as Direct Linear Solver

No. of Data Rows : 6
voa = -5.091973751e-04
ddc = 2.2097821349e-07
dde = -2.173906709e-07
Reset re-loads circuit * comparator-offset-mc @ ff_-40c_3.63v -- generated by sim/harness, do not edit

Circuit: * comparator-offset-mc @ ff_-40c_3.63v -- generated by sim/harness, do not edit

Doing analysis at TEMP = -40.000000 and TNOM = 27.000000

Using SPARSE 1.3 as Direct Linear Solver

No. of Data Rows : 6
voa = -1.976754823e-04
ddc = 6.7791259280e-08
dde = -6.680377092e-08
Reset re-loads circuit * comparator-offset-mc @ ff_-40c_3.63v -- generated by sim/harness, do not edit

Circuit: * comparator-offset-mc @ ff_-40c_3.63v -- generated by sim/harness, do not edit

Doing analysis at TEMP = -40.000000 and TNOM = 27.000000

Using SPARSE 1.3 as Direct Linear Solver

No. of Data Rows : 6
voa = 5.0889575158e-04
ddc = -1.259529639e-07
dde = 1.2385819012e-07
Reset re-loads circuit * comparator-offset-mc @ ff_-40c_3.63v -- generated by sim/harness, do not edit

Circuit: * comparator-offset-mc @ ff_-40c_3.63v -- generated by sim/harness, do not edit

Doing analysis at TEMP = -40.000000 and TNOM = 27.000000

Using SPARSE 1.3 as Direct Linear Solver

No. of Data Rows : 6
voa = 5.5725770254e-04
ddc = -1.526246035e-07
dde = 1.5020065287e-07
Reset re-loads circuit * comparator-offset-mc @ ff_-40c_3.63v -- generated by sim/harness, do not edit

Circuit: * comparator-offset-mc @ ff_-40c_3.63v -- generated by sim/harness, do not edit

Doing analysis at TEMP = -40.000000 and TNOM = 27.000000

Using SPARSE 1.3 as Direct Linear Solver

No. of Data Rows : 6
voa = 7.3520883748e-04
ddc = -1.719000682e-07
dde = 1.6891875696e-07
Reset re-loads circuit * comparator-offset-mc @ ff_-40c_3.63v -- generated by sim/harness, do not edit

Circuit: * comparator-offset-mc @ ff_-40c_3.63v -- generated by sim/harness, do not edit

Doing analysis at TEMP = -40.000000 and TNOM = 27.000000

Using SPARSE 1.3 as Direct Linear Solver
 Reference value :  0.00000e+00
No. of Data Rows : 6
voa = -1.381202868e-03
ddc = 3.3241297581e-07
dde = -3.268446484e-07
Reset re-loads circuit * comparator-offset-mc @ ff_-40c_3.63v -- generated by sim/harness, do not edit

Circuit: * comparator-offset-mc @ ff_-40c_3.63v -- generated by sim/harness, do not edit

Doing analysis at TEMP = -40.000000 and TNOM = 27.000000

Using SPARSE 1.3 as Direct Linear Solver

No. of Data Rows : 6
voa = -1.258861214e-03
ddc = 3.1549052706e-07
dde = -3.101637154e-07
Reset re-loads circuit * comparator-offset-mc @ ff_-40c_3.63v -- generated by sim/harness, do not edit

Circuit: * comparator-offset-mc @ ff_-40c_3.63v -- generated by sim/harness, do not edit

Doing analysis at TEMP = -40.000000 and TNOM = 27.000000

Using SPARSE 1.3 as Direct Linear Solver

No. of Data Rows : 6
voa = 9.7855312822e-05
ddc = 1.0981798616e-08
dde = -1.081744686e-08
Reset re-loads circuit * comparator-offset-mc @ ff_-40c_3.63v -- generated by sim/harness, do not edit

Circuit: * comparator-offset-mc @ ff_-40c_3.63v -- generated by sim/harness, do not edit

Doing analysis at TEMP = -40.000000 and TNOM = 27.000000

Using SPARSE 1.3 as Direct Linear Solver

No. of Data Rows : 6
voa = 7.7004154795e-04
ddc = -2.488484036e-07
dde = 2.4478780070e-07
Reset re-loads circuit * comparator-offset-mc @ ff_-40c_3.63v -- generated by sim/harness, do not edit

Circuit: * comparator-offset-mc @ ff_-40c_3.63v -- generated by sim/harness, do not edit

Doing analysis at TEMP = -40.000000 and TNOM = 27.000000

Using SPARSE 1.3 as Direct Linear Solver

No. of Data Rows : 6
voa = -5.139885199e-04
ddc = 1.3346953389e-07
dde = -1.313567066e-07
Reset re-loads circuit * comparator-offset-mc @ ff_-40c_3.63v -- generated by sim/harness, do not edit

Circuit: * comparator-offset-mc @ ff_-40c_3.63v -- generated by sim/harness, do not edit

Doing analysis at TEMP = -40.000000 and TNOM = 27.000000

Using SPARSE 1.3 as Direct Linear Solver

No. of Data Rows : 6
voa = 7.2874027441e-04
ddc = -1.165984326e-07
dde = 1.1441344061e-07
Reset re-loads circuit * comparator-offset-mc @ ff_-40c_3.63v -- generated by sim/harness, do not edit

Circuit: * comparator-offset-mc @ ff_-40c_3.63v -- generated by sim/harness, do not edit

Doing analysis at TEMP = -40.000000 and TNOM = 27.000000

Using SPARSE 1.3 as Direct Linear Solver

No. of Data Rows : 6
voa = 1.3495390925e-03
ddc = -3.082325182e-07
dde = 3.0301355703e-07
Reset re-loads circuit * comparator-offset-mc @ ff_-40c_3.63v -- generated by sim/harness, do not edit

Circuit: * comparator-offset-mc @ ff_-40c_3.63v -- generated by sim/harness, do not edit

Doing analysis at TEMP = -40.000000 and TNOM = 27.000000

Using SPARSE 1.3 as Direct Linear Solver

No. of Data Rows : 6
voa = -1.492301332e-04
ddc = -1.787013681e-08
dde = 1.7764098126e-08
Reset re-loads circuit * comparator-offset-mc @ ff_-40c_3.63v -- generated by sim/harness, do not edit

Circuit: * comparator-offset-mc @ ff_-40c_3.63v -- generated by sim/harness, do not edit

Doing analysis at TEMP = -40.000000 and TNOM = 27.000000

Using SPARSE 1.3 as Direct Linear Solver

No. of Data Rows : 6
voa = -1.090250339e-03
ddc = 2.4853246342e-07
dde = -2.442920860e-07
Reset re-loads circuit * comparator-offset-mc @ ff_-40c_3.63v -- generated by sim/harness, do not edit

Circuit: * comparator-offset-mc @ ff_-40c_3.63v -- generated by sim/harness, do not edit

Doing analysis at TEMP = -40.000000 and TNOM = 27.000000

Using SPARSE 1.3 as Direct Linear Solver

No. of Data Rows : 6
voa = -3.772767776e-04
ddc = 9.1290952857e-08
dde = -8.958471049e-08
Reset re-loads circuit * comparator-offset-mc @ ff_-40c_3.63v -- generated by sim/harness, do not edit

Circuit: * comparator-offset-mc @ ff_-40c_3.63v -- generated by sim/harness, do not edit

Doing analysis at TEMP = -40.000000 and TNOM = 27.000000

Using SPARSE 1.3 as Direct Linear Solver

No. of Data Rows : 6
voa = 2.5641107419e-03
ddc = -6.652333359e-07
dde = 6.5401915333e-07
Reset re-loads circuit * comparator-offset-mc @ ff_-40c_3.63v -- generated by sim/harness, do not edit

Circuit: * comparator-offset-mc @ ff_-40c_3.63v -- generated by sim/harness, do not edit

Doing analysis at TEMP = -40.000000 and TNOM = 27.000000

Using SPARSE 1.3 as Direct Linear Solver
 Reference value :  0.00000e+00
No. of Data Rows : 6
voa = 1.3966491955e-04
ddc = 2.7750693614e-08
dde = -2.745826652e-08
Reset re-loads circuit * comparator-offset-mc @ ff_-40c_3.63v -- generated by sim/harness, do not edit

Circuit: * comparator-offset-mc @ ff_-40c_3.63v -- generated by sim/harness, do not edit

Doing analysis at TEMP = -40.000000 and TNOM = 27.000000

Using SPARSE 1.3 as Direct Linear Solver

No. of Data Rows : 6
voa = 6.6529031309e-04
ddc = -2.018935918e-07
dde = 1.9848720046e-07
Reset re-loads circuit * comparator-offset-mc @ ff_-40c_3.63v -- generated by sim/harness, do not edit

Circuit: * comparator-offset-mc @ ff_-40c_3.63v -- generated by sim/harness, do not edit

Doing analysis at TEMP = -40.000000 and TNOM = 27.000000

Using SPARSE 1.3 as Direct Linear Solver

No. of Data Rows : 6
voa = -1.240074352e-03
ddc = 3.0846602794e-07
dde = -3.032983901e-07
Reset re-loads circuit * comparator-offset-mc @ ff_-40c_3.63v -- generated by sim/harness, do not edit

Circuit: * comparator-offset-mc @ ff_-40c_3.63v -- generated by sim/harness, do not edit

Doing analysis at TEMP = -40.000000 and TNOM = 27.000000

Using SPARSE 1.3 as Direct Linear Solver

No. of Data Rows : 6
voa = -3.436119417e-04
ddc = 1.3738368238e-07
dde = -1.352606060e-07
Reset re-loads circuit * comparator-offset-mc @ ff_-40c_3.63v -- generated by sim/harness, do not edit

Circuit: * comparator-offset-mc @ ff_-40c_3.63v -- generated by sim/harness, do not edit

Doing analysis at TEMP = -40.000000 and TNOM = 27.000000

Using SPARSE 1.3 as Direct Linear Solver

No. of Data Rows : 6
voa = -7.857743762e-04
ddc = 1.9587861980e-07
dde = -1.925631285e-07
Reset re-loads circuit * comparator-offset-mc @ ff_-40c_3.63v -- generated by sim/harness, do not edit

Circuit: * comparator-offset-mc @ ff_-40c_3.63v -- generated by sim/harness, do not edit

Doing analysis at TEMP = -40.000000 and TNOM = 27.000000

Using SPARSE 1.3 as Direct Linear Solver

No. of Data Rows : 6
voa = -1.291680343e-03
ddc = 3.0174181606e-07
dde = -2.964058124e-07
Reset re-loads circuit * comparator-offset-mc @ ff_-40c_3.63v -- generated by sim/harness, do not edit

Circuit: * comparator-offset-mc @ ff_-40c_3.63v -- generated by sim/harness, do not edit

Doing analysis at TEMP = -40.000000 and TNOM = 27.000000

Using SPARSE 1.3 as Direct Linear Solver

No. of Data Rows : 6
voa = 1.4213436091e-03
ddc = -3.553056779e-07
dde = 3.4930663776e-07
Reset re-loads circuit * comparator-offset-mc @ ff_-40c_3.63v -- generated by sim/harness, do not edit

Circuit: * comparator-offset-mc @ ff_-40c_3.63v -- generated by sim/harness, do not edit

Doing analysis at TEMP = -40.000000 and TNOM = 27.000000

Using SPARSE 1.3 as Direct Linear Solver

No. of Data Rows : 6
voa = 8.6012382768e-04
ddc = -1.854659996e-07
dde = 1.8229816566e-07
Reset re-loads circuit * comparator-offset-mc @ ff_-40c_3.63v -- generated by sim/harness, do not edit

Circuit: * comparator-offset-mc @ ff_-40c_3.63v -- generated by sim/harness, do not edit

Doing analysis at TEMP = -40.000000 and TNOM = 27.000000

Using SPARSE 1.3 as Direct Linear Solver

No. of Data Rows : 6
voa = 6.5938828022e-05
ddc = -6.008756452e-08
dde = 5.9289629214e-08
Reset re-loads circuit * comparator-offset-mc @ ff_-40c_3.63v -- generated by sim/harness, do not edit

Circuit: * comparator-offset-mc @ ff_-40c_3.63v -- generated by sim/harness, do not edit

Doing analysis at TEMP = -40.000000 and TNOM = 27.000000

Using SPARSE 1.3 as Direct Linear Solver

No. of Data Rows : 6
voa = 7.9186957197e-04
ddc = -2.020698285e-07
dde = 1.9866375248e-07
Reset re-loads circuit * comparator-offset-mc @ ff_-40c_3.63v -- generated by sim/harness, do not edit

Circuit: * comparator-offset-mc @ ff_-40c_3.63v -- generated by sim/harness, do not edit

Doing analysis at TEMP = -40.000000 and TNOM = 27.000000

Using SPARSE 1.3 as Direct Linear Solver

No. of Data Rows : 6
voa = 2.0974523254e-06
ddc = -9.846654568e-09
dde = 9.6131479445e-09
Reset re-loads circuit * comparator-offset-mc @ ff_-40c_3.63v -- generated by sim/harness, do not edit

Circuit: * comparator-offset-mc @ ff_-40c_3.63v -- generated by sim/harness, do not edit

Doing analysis at TEMP = -40.000000 and TNOM = 27.000000

Using SPARSE 1.3 as Direct Linear Solver
 Reference value :  0.00000e+00
No. of Data Rows : 6
voa = 8.8790576730e-04
ddc = -1.756829381e-07
dde = 1.7252926877e-07
Reset re-loads circuit * comparator-offset-mc @ ff_-40c_3.63v -- generated by sim/harness, do not edit

Circuit: * comparator-offset-mc @ ff_-40c_3.63v -- generated by sim/harness, do not edit

Doing analysis at TEMP = -40.000000 and TNOM = 27.000000

Using SPARSE 1.3 as Direct Linear Solver

No. of Data Rows : 6
voa = 3.7688653633e-04
ddc = -7.219618309e-08
dde = 7.0865056447e-08
Reset re-loads circuit * comparator-offset-mc @ ff_-40c_3.63v -- generated by sim/harness, do not edit

Circuit: * comparator-offset-mc @ ff_-40c_3.63v -- generated by sim/harness, do not edit

Doing analysis at TEMP = -40.000000 and TNOM = 27.000000

Using SPARSE 1.3 as Direct Linear Solver

No. of Data Rows : 6
voa = 1.7693379244e-03
ddc = -3.729851396e-07
dde = 3.6656787180e-07
Reset re-loads circuit * comparator-offset-mc @ ff_-40c_3.63v -- generated by sim/harness, do not edit

Circuit: * comparator-offset-mc @ ff_-40c_3.63v -- generated by sim/harness, do not edit

Doing analysis at TEMP = -40.000000 and TNOM = 27.000000

Using SPARSE 1.3 as Direct Linear Solver

No. of Data Rows : 6
voa = -4.287700322e-04
ddc = 1.9570678299e-07
dde = -1.927469228e-07
Reset re-loads circuit * comparator-offset-mc @ ff_-40c_3.63v -- generated by sim/harness, do not edit

Circuit: * comparator-offset-mc @ ff_-40c_3.63v -- generated by sim/harness, do not edit

Doing analysis at TEMP = -40.000000 and TNOM = 27.000000

Using SPARSE 1.3 as Direct Linear Solver

No. of Data Rows : 6
voa = 3.5610592826e-04
ddc = -4.556634758e-08
dde = 4.4712200813e-08
Reset re-loads circuit * comparator-offset-mc @ ff_-40c_3.63v -- generated by sim/harness, do not edit

Circuit: * comparator-offset-mc @ ff_-40c_3.63v -- generated by sim/harness, do not edit

Doing analysis at TEMP = -40.000000 and TNOM = 27.000000

Using SPARSE 1.3 as Direct Linear Solver

No. of Data Rows : 6
voa = -5.066639073e-04
ddc = 1.0493573506e-07
dde = -1.031642425e-07
Reset re-loads circuit * comparator-offset-mc @ ff_-40c_3.63v -- generated by sim/harness, do not edit

Circuit: * comparator-offset-mc @ ff_-40c_3.63v -- generated by sim/harness, do not edit

Doing analysis at TEMP = -40.000000 and TNOM = 27.000000

Using SPARSE 1.3 as Direct Linear Solver

No. of Data Rows : 6
voa = 3.4258500077e-04
ddc = -1.090395457e-07
dde = 1.0717853358e-07
Reset re-loads circuit * comparator-offset-mc @ ff_-40c_3.63v -- generated by sim/harness, do not edit

Circuit: * comparator-offset-mc @ ff_-40c_3.63v -- generated by sim/harness, do not edit

Doing analysis at TEMP = -40.000000 and TNOM = 27.000000

Using SPARSE 1.3 as Direct Linear Solver

No. of Data Rows : 6
voa = -8.967664694e-05
ddc = 6.7253910435e-08
dde = -6.632610881e-08
Reset re-loads circuit * comparator-offset-mc @ ff_-40c_3.63v -- generated by sim/harness, do not edit

Circuit: * comparator-offset-mc @ ff_-40c_3.63v -- generated by sim/harness, do not edit

Doing analysis at TEMP = -40.000000 and TNOM = 27.000000

Using SPARSE 1.3 as Direct Linear Solver

No. of Data Rows : 6
voa = -2.044046237e-04
ddc = 2.6172388645e-08
dde = -2.568072469e-08
Reset re-loads circuit * comparator-offset-mc @ ff_-40c_3.63v -- generated by sim/harness, do not edit

Circuit: * comparator-offset-mc @ ff_-40c_3.63v -- generated by sim/harness, do not edit

Doing analysis at TEMP = -40.000000 and TNOM = 27.000000

Using SPARSE 1.3 as Direct Linear Solver

No. of Data Rows : 6
voa = 1.2610874502e-03
ddc = -3.251417285e-07
dde = 3.1969891589e-07
m_n_samples = 2.0000000000e+02
m_sig_vos_mv = 9.3207863396e-01
m_vos_3sig_mv = 2.7962359019e+00
m_mean_vos_uv = 6.6856210319e+01
m_mean_vos_sem = 1.0143882278e+00
m_sig_dvos_dn_uv = 2.2255003042e-01
m_sig_dvos_up_uv = 2.1877348763e-01
m_mean_dvos_dn_uv = -6.727918916e-03
m_mean_dvos_up_uv = 6.5755258412e-03
m_av_mean = 1.8882410230e+01
m_av_sigma_pct = 7.2050988101e-01
m_sig_rpair_uv = 0.0000000000e+00
m_vbias_anchor_mv = 8.9114858701e+02
Note: Simulation executed from .control section 

Warning: m=xx on .subckt line will override multiplier m hierarchy!

