
Note: Compatibility modes selected: hs a


Circuit: * comparator-offset-mc @ fs_-40c_3.30v -- generated by sim/harness, do not edit

Reset re-loads circuit * comparator-offset-mc @ fs_-40c_3.30v -- generated by sim/harness, do not edit

Circuit: * comparator-offset-mc @ fs_-40c_3.30v -- generated by sim/harness, do not edit

Doing analysis at TEMP = -40.000000 and TNOM = 27.000000

Using SPARSE 1.3 as Direct Linear Solver

No. of Data Rows : 6
voa = -4.192473105e-04
ddc = 1.4189527939e-07
dde = -1.394683645e-07
Reset re-loads circuit * comparator-offset-mc @ fs_-40c_3.30v -- generated by sim/harness, do not edit

Circuit: * comparator-offset-mc @ fs_-40c_3.30v -- generated by sim/harness, do not edit

Doing analysis at TEMP = -40.000000 and TNOM = 27.000000

Using SPARSE 1.3 as Direct Linear Solver

No. of Data Rows : 6
voa = 1.7811563942e-03
ddc = -3.212221276e-07
dde = 3.1549636862e-07
Reset re-loads circuit * comparator-offset-mc @ fs_-40c_3.30v -- generated by sim/harness, do not edit

Circuit: * comparator-offset-mc @ fs_-40c_3.30v -- generated by sim/harness, do not edit

Doing analysis at TEMP = -40.000000 and TNOM = 27.000000

Using SPARSE 1.3 as Direct Linear Solver

No. of Data Rows : 6
voa = 1.4574329630e-03
ddc = -3.692602792e-07
dde = 3.6304748310e-07
Reset re-loads circuit * comparator-offset-mc @ fs_-40c_3.30v -- generated by sim/harness, do not edit

Circuit: * comparator-offset-mc @ fs_-40c_3.30v -- generated by sim/harness, do not edit

Doing analysis at TEMP = -40.000000 and TNOM = 27.000000

Using SPARSE 1.3 as Direct Linear Solver

No. of Data Rows : 6
voa = -1.927900957e-05
ddc = 3.9507450036e-08
dde = -3.889289890e-08
Reset re-loads circuit * comparator-offset-mc @ fs_-40c_3.30v -- generated by sim/harness, do not edit

Circuit: * comparator-offset-mc @ fs_-40c_3.30v -- generated by sim/harness, do not edit

Doing analysis at TEMP = -40.000000 and TNOM = 27.000000

Using SPARSE 1.3 as Direct Linear Solver

No. of Data Rows : 6
voa = 1.8109140440e-03
ddc = -3.874868177e-07
dde = 3.8073410853e-07
Reset re-loads circuit * comparator-offset-mc @ fs_-40c_3.30v -- generated by sim/harness, do not edit

Circuit: * comparator-offset-mc @ fs_-40c_3.30v -- generated by sim/harness, do not edit

Doing analysis at TEMP = -40.000000 and TNOM = 27.000000

Using SPARSE 1.3 as Direct Linear Solver

No. of Data Rows : 6
voa = -2.921534069e-04
ddc = 1.1652980704e-07
dde = -1.146101268e-07
Reset re-loads circuit * comparator-offset-mc @ fs_-40c_3.30v -- generated by sim/harness, do not edit

Circuit: * comparator-offset-mc @ fs_-40c_3.30v -- generated by sim/harness, do not edit

Doing analysis at TEMP = -40.000000 and TNOM = 27.000000

Using SPARSE 1.3 as Direct Linear Solver

No. of Data Rows : 6
voa = -1.999925036e-04
ddc = 6.8868390918e-08
dde = -6.779767461e-08
Reset re-loads circuit * comparator-offset-mc @ fs_-40c_3.30v -- generated by sim/harness, do not edit

Circuit: * comparator-offset-mc @ fs_-40c_3.30v -- generated by sim/harness, do not edit

Doing analysis at TEMP = -40.000000 and TNOM = 27.000000

Using SPARSE 1.3 as Direct Linear Solver

No. of Data Rows : 6
voa = -2.671003589e-04
ddc = 6.3337296198e-08
dde = -6.228963790e-08
Reset re-loads circuit * comparator-offset-mc @ fs_-40c_3.30v -- generated by sim/harness, do not edit

Circuit: * comparator-offset-mc @ fs_-40c_3.30v -- generated by sim/harness, do not edit

Doing analysis at TEMP = -40.000000 and TNOM = 27.000000

Using SPARSE 1.3 as Direct Linear Solver

No. of Data Rows : 6
voa = 9.7516438868e-04
ddc = -2.956203296e-07
dde = 2.9071668727e-07
Reset re-loads circuit * comparator-offset-mc @ fs_-40c_3.30v -- generated by sim/harness, do not edit

Circuit: * comparator-offset-mc @ fs_-40c_3.30v -- generated by sim/harness, do not edit

Doing analysis at TEMP = -40.000000 and TNOM = 27.000000

Using SPARSE 1.3 as Direct Linear Solver

No. of Data Rows : 6
voa = 1.0168326456e-03
ddc = -2.847833246e-07
dde = 2.7995641314e-07
Reset re-loads circuit * comparator-offset-mc @ fs_-40c_3.30v -- generated by sim/harness, do not edit

Circuit: * comparator-offset-mc @ fs_-40c_3.30v -- generated by sim/harness, do not edit

Doing analysis at TEMP = -40.000000 and TNOM = 27.000000

Using SPARSE 1.3 as Direct Linear Solver

No. of Data Rows : 6
voa = -9.374275613e-04
ddc = 2.2079028932e-07
dde = -2.170264408e-07
Reset re-loads circuit * comparator-offset-mc @ fs_-40c_3.30v -- generated by sim/harness, do not edit

Circuit: * comparator-offset-mc @ fs_-40c_3.30v -- generated by sim/harness, do not edit

Doing analysis at TEMP = -40.000000 and TNOM = 27.000000

Using SPARSE 1.3 as Direct Linear Solver

No. of Data Rows : 6
voa = 4.4856195072e-04
ddc = -1.070400238e-07
dde = 1.0521026602e-07
Reset re-loads circuit * comparator-offset-mc @ fs_-40c_3.30v -- generated by sim/harness, do not edit

Circuit: * comparator-offset-mc @ fs_-40c_3.30v -- generated by sim/harness, do not edit

Doing analysis at TEMP = -40.000000 and TNOM = 27.000000

Using SPARSE 1.3 as Direct Linear Solver

No. of Data Rows : 6
voa = -7.639695190e-04
ddc = 1.5899244753e-07
dde = -1.560730251e-07
Reset re-loads circuit * comparator-offset-mc @ fs_-40c_3.30v -- generated by sim/harness, do not edit

Circuit: * comparator-offset-mc @ fs_-40c_3.30v -- generated by sim/harness, do not edit

Doing analysis at TEMP = -40.000000 and TNOM = 27.000000

Using SPARSE 1.3 as Direct Linear Solver

No. of Data Rows : 6
voa = 2.0901053752e-04
ddc = 5.3355430648e-08
dde = -5.265719367e-08
Reset re-loads circuit * comparator-offset-mc @ fs_-40c_3.30v -- generated by sim/harness, do not edit

Circuit: * comparator-offset-mc @ fs_-40c_3.30v -- generated by sim/harness, do not edit

Doing analysis at TEMP = -40.000000 and TNOM = 27.000000

Using SPARSE 1.3 as Direct Linear Solver

No. of Data Rows : 6
voa = 1.3318006425e-03
ddc = -3.019905812e-07
dde = 2.9674399254e-07
Reset re-loads circuit * comparator-offset-mc @ fs_-40c_3.30v -- generated by sim/harness, do not edit

Circuit: * comparator-offset-mc @ fs_-40c_3.30v -- generated by sim/harness, do not edit

Doing analysis at TEMP = -40.000000 and TNOM = 27.000000

Using SPARSE 1.3 as Direct Linear Solver

No. of Data Rows : 6
voa = -1.320662337e-03
ddc = 3.5045460118e-07
dde = -3.446089794e-07
Reset re-loads circuit * comparator-offset-mc @ fs_-40c_3.30v -- generated by sim/harness, do not edit

Circuit: * comparator-offset-mc @ fs_-40c_3.30v -- generated by sim/harness, do not edit

Doing analysis at TEMP = -40.000000 and TNOM = 27.000000

Using SPARSE 1.3 as Direct Linear Solver

No. of Data Rows : 6
voa = 5.6543166838e-04
ddc = -1.272205240e-07
dde = 1.2505849066e-07
Reset re-loads circuit * comparator-offset-mc @ fs_-40c_3.30v -- generated by sim/harness, do not edit

Circuit: * comparator-offset-mc @ fs_-40c_3.30v -- generated by sim/harness, do not edit

Doing analysis at TEMP = -40.000000 and TNOM = 27.000000

Using SPARSE 1.3 as Direct Linear Solver
 Reference value :  0.00000e+00
No. of Data Rows : 6
voa = -7.967849607e-05
ddc = 4.8349018426e-09
dde = -4.713017216e-09
Reset re-loads circuit * comparator-offset-mc @ fs_-40c_3.30v -- generated by sim/harness, do not edit

Circuit: * comparator-offset-mc @ fs_-40c_3.30v -- generated by sim/harness, do not edit

Doing analysis at TEMP = -40.000000 and TNOM = 27.000000

Using SPARSE 1.3 as Direct Linear Solver

No. of Data Rows : 6
voa = -5.320736279e-04
ddc = 1.6131606223e-07
dde = -1.584927254e-07
Reset re-loads circuit * comparator-offset-mc @ fs_-40c_3.30v -- generated by sim/harness, do not edit

Circuit: * comparator-offset-mc @ fs_-40c_3.30v -- generated by sim/harness, do not edit

Doing analysis at TEMP = -40.000000 and TNOM = 27.000000

Using SPARSE 1.3 as Direct Linear Solver

No. of Data Rows : 6
voa = 1.2362760343e-03
ddc = -2.177909988e-07
dde = 2.1385852595e-07
Reset re-loads circuit * comparator-offset-mc @ fs_-40c_3.30v -- generated by sim/harness, do not edit

Circuit: * comparator-offset-mc @ fs_-40c_3.30v -- generated by sim/harness, do not edit

Doing analysis at TEMP = -40.000000 and TNOM = 27.000000

Using SPARSE 1.3 as Direct Linear Solver

No. of Data Rows : 6
voa = -3.547693150e-04
ddc = 7.1460058256e-08
dde = -7.022990295e-08
Reset re-loads circuit * comparator-offset-mc @ fs_-40c_3.30v -- generated by sim/harness, do not edit

Circuit: * comparator-offset-mc @ fs_-40c_3.30v -- generated by sim/harness, do not edit

Doing analysis at TEMP = -40.000000 and TNOM = 27.000000

Using SPARSE 1.3 as Direct Linear Solver

No. of Data Rows : 6
voa = -7.281212001e-04
ddc = 1.6949707920e-07
dde = -1.665886068e-07
Reset re-loads circuit * comparator-offset-mc @ fs_-40c_3.30v -- generated by sim/harness, do not edit

Circuit: * comparator-offset-mc @ fs_-40c_3.30v -- generated by sim/harness, do not edit

Doing analysis at TEMP = -40.000000 and TNOM = 27.000000

Using SPARSE 1.3 as Direct Linear Solver

No. of Data Rows : 6
voa = 5.7950924897e-04
ddc = -6.988420835e-08
dde = 6.8476903091e-08
Reset re-loads circuit * comparator-offset-mc @ fs_-40c_3.30v -- generated by sim/harness, do not edit

Circuit: * comparator-offset-mc @ fs_-40c_3.30v -- generated by sim/harness, do not edit

Doing analysis at TEMP = -40.000000 and TNOM = 27.000000

Using SPARSE 1.3 as Direct Linear Solver

No. of Data Rows : 6
voa = 2.2575088312e-05
ddc = -5.212960680e-08
dde = 5.1312107495e-08
Reset re-loads circuit * comparator-offset-mc @ fs_-40c_3.30v -- generated by sim/harness, do not edit

Circuit: * comparator-offset-mc @ fs_-40c_3.30v -- generated by sim/harness, do not edit

Doing analysis at TEMP = -40.000000 and TNOM = 27.000000

Using SPARSE 1.3 as Direct Linear Solver

No. of Data Rows : 6
voa = -1.428036369e-03
ddc = 3.2733688184e-07
dde = -3.217713292e-07
Reset re-loads circuit * comparator-offset-mc @ fs_-40c_3.30v -- generated by sim/harness, do not edit

Circuit: * comparator-offset-mc @ fs_-40c_3.30v -- generated by sim/harness, do not edit

Doing analysis at TEMP = -40.000000 and TNOM = 27.000000

Using SPARSE 1.3 as Direct Linear Solver

No. of Data Rows : 6
voa = -1.111262349e-03
ddc = 3.1853149392e-07
dde = -3.132328365e-07
Reset re-loads circuit * comparator-offset-mc @ fs_-40c_3.30v -- generated by sim/harness, do not edit

Circuit: * comparator-offset-mc @ fs_-40c_3.30v -- generated by sim/harness, do not edit

Doing analysis at TEMP = -40.000000 and TNOM = 27.000000

Using SPARSE 1.3 as Direct Linear Solver

No. of Data Rows : 6
voa = -5.845324371e-04
ddc = 1.9286557788e-07
dde = -1.896418414e-07
Reset re-loads circuit * comparator-offset-mc @ fs_-40c_3.30v -- generated by sim/harness, do not edit

Circuit: * comparator-offset-mc @ fs_-40c_3.30v -- generated by sim/harness, do not edit

Doing analysis at TEMP = -40.000000 and TNOM = 27.000000

Using SPARSE 1.3 as Direct Linear Solver

No. of Data Rows : 6
voa = 8.5785059056e-05
ddc = 1.9423902992e-08
dde = -1.911303223e-08
Reset re-loads circuit * comparator-offset-mc @ fs_-40c_3.30v -- generated by sim/harness, do not edit

Circuit: * comparator-offset-mc @ fs_-40c_3.30v -- generated by sim/harness, do not edit

Doing analysis at TEMP = -40.000000 and TNOM = 27.000000

Using SPARSE 1.3 as Direct Linear Solver

No. of Data Rows : 6
voa = -1.793438825e-04
ddc = -1.661965144e-08
dde = 1.6444277531e-08
Reset re-loads circuit * comparator-offset-mc @ fs_-40c_3.30v -- generated by sim/harness, do not edit

Circuit: * comparator-offset-mc @ fs_-40c_3.30v -- generated by sim/harness, do not edit

Doing analysis at TEMP = -40.000000 and TNOM = 27.000000

Using SPARSE 1.3 as Direct Linear Solver

No. of Data Rows : 6
voa = 2.1450460561e-04
ddc = -7.199580624e-09
dde = 6.9295270239e-09
Reset re-loads circuit * comparator-offset-mc @ fs_-40c_3.30v -- generated by sim/harness, do not edit

Circuit: * comparator-offset-mc @ fs_-40c_3.30v -- generated by sim/harness, do not edit

Doing analysis at TEMP = -40.000000 and TNOM = 27.000000

Using SPARSE 1.3 as Direct Linear Solver

No. of Data Rows : 6
voa = 1.8849040081e-03
ddc = -5.123571390e-07
dde = 5.0370928896e-07
Reset re-loads circuit * comparator-offset-mc @ fs_-40c_3.30v -- generated by sim/harness, do not edit

Circuit: * comparator-offset-mc @ fs_-40c_3.30v -- generated by sim/harness, do not edit

Doing analysis at TEMP = -40.000000 and TNOM = 27.000000

Using SPARSE 1.3 as Direct Linear Solver

No. of Data Rows : 6
voa = -9.778528267e-04
ddc = 1.9085206750e-07
dde = -1.876593853e-07
Reset re-loads circuit * comparator-offset-mc @ fs_-40c_3.30v -- generated by sim/harness, do not edit

Circuit: * comparator-offset-mc @ fs_-40c_3.30v -- generated by sim/harness, do not edit

Doing analysis at TEMP = -40.000000 and TNOM = 27.000000

Using SPARSE 1.3 as Direct Linear Solver

No. of Data Rows : 6
voa = 4.5199799625e-04
ddc = -9.786899836e-08
dde = 9.6159015786e-08
Reset re-loads circuit * comparator-offset-mc @ fs_-40c_3.30v -- generated by sim/harness, do not edit

Circuit: * comparator-offset-mc @ fs_-40c_3.30v -- generated by sim/harness, do not edit

Doing analysis at TEMP = -40.000000 and TNOM = 27.000000

Using SPARSE 1.3 as Direct Linear Solver

No. of Data Rows : 6
voa = -1.427981871e-04
ddc = 1.0620451033e-08
dde = -1.034524917e-08
Reset re-loads circuit * comparator-offset-mc @ fs_-40c_3.30v -- generated by sim/harness, do not edit

Circuit: * comparator-offset-mc @ fs_-40c_3.30v -- generated by sim/harness, do not edit

Doing analysis at TEMP = -40.000000 and TNOM = 27.000000

Using SPARSE 1.3 as Direct Linear Solver

No. of Data Rows : 6
voa = 2.3054214449e-03
ddc = -4.419850604e-07
dde = 4.3424925581e-07
Reset re-loads circuit * comparator-offset-mc @ fs_-40c_3.30v -- generated by sim/harness, do not edit

Circuit: * comparator-offset-mc @ fs_-40c_3.30v -- generated by sim/harness, do not edit

Doing analysis at TEMP = -40.000000 and TNOM = 27.000000

Using SPARSE 1.3 as Direct Linear Solver

No. of Data Rows : 6
voa = -3.953261650e-04
ddc = 1.2319764592e-07
dde = -1.211182048e-07
Reset re-loads circuit * comparator-offset-mc @ fs_-40c_3.30v -- generated by sim/harness, do not edit

Circuit: * comparator-offset-mc @ fs_-40c_3.30v -- generated by sim/harness, do not edit

Doing analysis at TEMP = -40.000000 and TNOM = 27.000000

Using SPARSE 1.3 as Direct Linear Solver

No. of Data Rows : 6
voa = 2.8000526842e-04
ddc = -1.259948347e-08
dde = 1.2351551829e-08
Reset re-loads circuit * comparator-offset-mc @ fs_-40c_3.30v -- generated by sim/harness, do not edit

Circuit: * comparator-offset-mc @ fs_-40c_3.30v -- generated by sim/harness, do not edit

Doing analysis at TEMP = -40.000000 and TNOM = 27.000000

Using SPARSE 1.3 as Direct Linear Solver

No. of Data Rows : 6
voa = 9.5715093685e-04
ddc = -2.430385492e-07
dde = 2.3892140069e-07
Reset re-loads circuit * comparator-offset-mc @ fs_-40c_3.30v -- generated by sim/harness, do not edit

Circuit: * comparator-offset-mc @ fs_-40c_3.30v -- generated by sim/harness, do not edit

Doing analysis at TEMP = -40.000000 and TNOM = 27.000000

Using SPARSE 1.3 as Direct Linear Solver
 Reference value :  0.00000e+00
No. of Data Rows : 6
voa = 7.0178523026e-04
ddc = -1.689971487e-07
dde = 1.6615116727e-07
Reset re-loads circuit * comparator-offset-mc @ fs_-40c_3.30v -- generated by sim/harness, do not edit

Circuit: * comparator-offset-mc @ fs_-40c_3.30v -- generated by sim/harness, do not edit

Doing analysis at TEMP = -40.000000 and TNOM = 27.000000

Using SPARSE 1.3 as Direct Linear Solver

No. of Data Rows : 6
voa = -1.797038951e-03
ddc = 4.5813614949e-07
dde = -4.504828405e-07
Reset re-loads circuit * comparator-offset-mc @ fs_-40c_3.30v -- generated by sim/harness, do not edit

Circuit: * comparator-offset-mc @ fs_-40c_3.30v -- generated by sim/harness, do not edit

Doing analysis at TEMP = -40.000000 and TNOM = 27.000000

Using SPARSE 1.3 as Direct Linear Solver

No. of Data Rows : 6
voa = -4.936421691e-04
ddc = 1.2699502468e-07
dde = -1.248655470e-07
Reset re-loads circuit * comparator-offset-mc @ fs_-40c_3.30v -- generated by sim/harness, do not edit

Circuit: * comparator-offset-mc @ fs_-40c_3.30v -- generated by sim/harness, do not edit

Doing analysis at TEMP = -40.000000 and TNOM = 27.000000

Using SPARSE 1.3 as Direct Linear Solver

No. of Data Rows : 6
voa = 8.2584206659e-04
ddc = -1.130944558e-07
dde = 1.1099046319e-07
Reset re-loads circuit * comparator-offset-mc @ fs_-40c_3.30v -- generated by sim/harness, do not edit

Circuit: * comparator-offset-mc @ fs_-40c_3.30v -- generated by sim/harness, do not edit

Doing analysis at TEMP = -40.000000 and TNOM = 27.000000

Using SPARSE 1.3 as Direct Linear Solver

No. of Data Rows : 6
voa = -9.135973948e-04
ddc = 2.3337668291e-07
dde = -2.294480171e-07
Reset re-loads circuit * comparator-offset-mc @ fs_-40c_3.30v -- generated by sim/harness, do not edit

Circuit: * comparator-offset-mc @ fs_-40c_3.30v -- generated by sim/harness, do not edit

Doing analysis at TEMP = -40.000000 and TNOM = 27.000000

Using SPARSE 1.3 as Direct Linear Solver

No. of Data Rows : 6
voa = -1.189099851e-03
ddc = 3.0158870089e-07
dde = -2.965624112e-07
Reset re-loads circuit * comparator-offset-mc @ fs_-40c_3.30v -- generated by sim/harness, do not edit

Circuit: * comparator-offset-mc @ fs_-40c_3.30v -- generated by sim/harness, do not edit

Doing analysis at TEMP = -40.000000 and TNOM = 27.000000

Using SPARSE 1.3 as Direct Linear Solver

No. of Data Rows : 6
voa = -1.387129038e-03
ddc = 3.2780146099e-07
dde = -3.222334520e-07
Reset re-loads circuit * comparator-offset-mc @ fs_-40c_3.30v -- generated by sim/harness, do not edit

Circuit: * comparator-offset-mc @ fs_-40c_3.30v -- generated by sim/harness, do not edit

Doing analysis at TEMP = -40.000000 and TNOM = 27.000000

Using SPARSE 1.3 as Direct Linear Solver

No. of Data Rows : 6
voa = 2.6656713201e-03
ddc = -5.130662695e-07
dde = 5.0407078465e-07
Reset re-loads circuit * comparator-offset-mc @ fs_-40c_3.30v -- generated by sim/harness, do not edit

Circuit: * comparator-offset-mc @ fs_-40c_3.30v -- generated by sim/harness, do not edit

Doing analysis at TEMP = -40.000000 and TNOM = 27.000000

Using SPARSE 1.3 as Direct Linear Solver

No. of Data Rows : 6
voa = -2.072018044e-04
ddc = -3.041968779e-08
dde = 3.0091382180e-08
Reset re-loads circuit * comparator-offset-mc @ fs_-40c_3.30v -- generated by sim/harness, do not edit

Circuit: * comparator-offset-mc @ fs_-40c_3.30v -- generated by sim/harness, do not edit

Doing analysis at TEMP = -40.000000 and TNOM = 27.000000

Using SPARSE 1.3 as Direct Linear Solver

No. of Data Rows : 6
voa = 1.1046890040e-03
ddc = -2.594293173e-07
dde = 2.5494504244e-07
Reset re-loads circuit * comparator-offset-mc @ fs_-40c_3.30v -- generated by sim/harness, do not edit

Circuit: * comparator-offset-mc @ fs_-40c_3.30v -- generated by sim/harness, do not edit

Doing analysis at TEMP = -40.000000 and TNOM = 27.000000

Using SPARSE 1.3 as Direct Linear Solver

No. of Data Rows : 6
voa = -4.565370860e-04
ddc = 1.5063348740e-07
dde = -1.481073356e-07
Reset re-loads circuit * comparator-offset-mc @ fs_-40c_3.30v -- generated by sim/harness, do not edit

Circuit: * comparator-offset-mc @ fs_-40c_3.30v -- generated by sim/harness, do not edit

Doing analysis at TEMP = -40.000000 and TNOM = 27.000000

Using SPARSE 1.3 as Direct Linear Solver

No. of Data Rows : 6
voa = 5.3756067869e-05
ddc = 4.5700150089e-08
dde = -4.493026476e-08
Reset re-loads circuit * comparator-offset-mc @ fs_-40c_3.30v -- generated by sim/harness, do not edit

Circuit: * comparator-offset-mc @ fs_-40c_3.30v -- generated by sim/harness, do not edit

Doing analysis at TEMP = -40.000000 and TNOM = 27.000000

Using SPARSE 1.3 as Direct Linear Solver

No. of Data Rows : 6
voa = -5.323045476e-04
ddc = 2.1178487267e-07
dde = -2.083574653e-07
Reset re-loads circuit * comparator-offset-mc @ fs_-40c_3.30v -- generated by sim/harness, do not edit

Circuit: * comparator-offset-mc @ fs_-40c_3.30v -- generated by sim/harness, do not edit

Doing analysis at TEMP = -40.000000 and TNOM = 27.000000

Using SPARSE 1.3 as Direct Linear Solver

No. of Data Rows : 6
voa = -3.699418706e-04
ddc = 9.5802303668e-08
dde = -9.424378331e-08
Reset re-loads circuit * comparator-offset-mc @ fs_-40c_3.30v -- generated by sim/harness, do not edit

Circuit: * comparator-offset-mc @ fs_-40c_3.30v -- generated by sim/harness, do not edit

Doing analysis at TEMP = -40.000000 and TNOM = 27.000000

Using SPARSE 1.3 as Direct Linear Solver

No. of Data Rows : 6
voa = 1.0439780490e-03
ddc = -2.728414291e-07
dde = 2.6821042810e-07
Reset re-loads circuit * comparator-offset-mc @ fs_-40c_3.30v -- generated by sim/harness, do not edit

Circuit: * comparator-offset-mc @ fs_-40c_3.30v -- generated by sim/harness, do not edit

Doing analysis at TEMP = -40.000000 and TNOM = 27.000000

Using SPARSE 1.3 as Direct Linear Solver

No. of Data Rows : 6
voa = 6.0530452479e-04
ddc = -1.534298891e-07
dde = 1.5081511551e-07
Reset re-loads circuit * comparator-offset-mc @ fs_-40c_3.30v -- generated by sim/harness, do not edit

Circuit: * comparator-offset-mc @ fs_-40c_3.30v -- generated by sim/harness, do not edit

Doing analysis at TEMP = -40.000000 and TNOM = 27.000000

Using SPARSE 1.3 as Direct Linear Solver

No. of Data Rows : 6
voa = -2.000497986e-04
ddc = -2.126319084e-08
dde = 2.1110163820e-08
Reset re-loads circuit * comparator-offset-mc @ fs_-40c_3.30v -- generated by sim/harness, do not edit

Circuit: * comparator-offset-mc @ fs_-40c_3.30v -- generated by sim/harness, do not edit

Doing analysis at TEMP = -40.000000 and TNOM = 27.000000

Using SPARSE 1.3 as Direct Linear Solver

No. of Data Rows : 6
voa = -6.530487311e-04
ddc = 1.5225043689e-07
dde = -1.496485662e-07
Reset re-loads circuit * comparator-offset-mc @ fs_-40c_3.30v -- generated by sim/harness, do not edit

Circuit: * comparator-offset-mc @ fs_-40c_3.30v -- generated by sim/harness, do not edit

Doing analysis at TEMP = -40.000000 and TNOM = 27.000000

Using SPARSE 1.3 as Direct Linear Solver

No. of Data Rows : 6
voa = -3.021485377e-04
ddc = 1.2309522258e-07
dde = -1.211833721e-07
Reset re-loads circuit * comparator-offset-mc @ fs_-40c_3.30v -- generated by sim/harness, do not edit

Circuit: * comparator-offset-mc @ fs_-40c_3.30v -- generated by sim/harness, do not edit

Doing analysis at TEMP = -40.000000 and TNOM = 27.000000

Using SPARSE 1.3 as Direct Linear Solver
 Reference value :  0.00000e+00
No. of Data Rows : 6
voa = 4.3780773240e-04
ddc = -9.740699242e-08
dde = 9.5710356103e-08
Reset re-loads circuit * comparator-offset-mc @ fs_-40c_3.30v -- generated by sim/harness, do not edit

Circuit: * comparator-offset-mc @ fs_-40c_3.30v -- generated by sim/harness, do not edit

Doing analysis at TEMP = -40.000000 and TNOM = 27.000000

Using SPARSE 1.3 as Direct Linear Solver

No. of Data Rows : 6
voa = -4.451383036e-04
ddc = 1.8495962066e-07
dde = -1.819718260e-07
Reset re-loads circuit * comparator-offset-mc @ fs_-40c_3.30v -- generated by sim/harness, do not edit

Circuit: * comparator-offset-mc @ fs_-40c_3.30v -- generated by sim/harness, do not edit

Doing analysis at TEMP = -40.000000 and TNOM = 27.000000

Using SPARSE 1.3 as Direct Linear Solver

No. of Data Rows : 6
voa = -8.912041401e-04
ddc = 2.4401058871e-07
dde = -2.398909544e-07
Reset re-loads circuit * comparator-offset-mc @ fs_-40c_3.30v -- generated by sim/harness, do not edit

Circuit: * comparator-offset-mc @ fs_-40c_3.30v -- generated by sim/harness, do not edit

Doing analysis at TEMP = -40.000000 and TNOM = 27.000000

Using SPARSE 1.3 as Direct Linear Solver

No. of Data Rows : 6
voa = -3.607025594e-06
ddc = 6.7953732699e-08
dde = -6.694044477e-08
Reset re-loads circuit * comparator-offset-mc @ fs_-40c_3.30v -- generated by sim/harness, do not edit

Circuit: * comparator-offset-mc @ fs_-40c_3.30v -- generated by sim/harness, do not edit

Doing analysis at TEMP = -40.000000 and TNOM = 27.000000

Using SPARSE 1.3 as Direct Linear Solver

No. of Data Rows : 6
voa = 1.5825427795e-03
ddc = -3.052356342e-07
dde = 2.9975991585e-07
Reset re-loads circuit * comparator-offset-mc @ fs_-40c_3.30v -- generated by sim/harness, do not edit

Circuit: * comparator-offset-mc @ fs_-40c_3.30v -- generated by sim/harness, do not edit

Doing analysis at TEMP = -40.000000 and TNOM = 27.000000

Using SPARSE 1.3 as Direct Linear Solver

No. of Data Rows : 6
voa = -1.829742595e-03
ddc = 5.0574309201e-07
dde = -4.972728168e-07
Reset re-loads circuit * comparator-offset-mc @ fs_-40c_3.30v -- generated by sim/harness, do not edit

Circuit: * comparator-offset-mc @ fs_-40c_3.30v -- generated by sim/harness, do not edit

Doing analysis at TEMP = -40.000000 and TNOM = 27.000000

Using SPARSE 1.3 as Direct Linear Solver

No. of Data Rows : 6
voa = 9.8062472542e-04
ddc = -2.133341839e-07
dde = 2.0961602560e-07
Reset re-loads circuit * comparator-offset-mc @ fs_-40c_3.30v -- generated by sim/harness, do not edit

Circuit: * comparator-offset-mc @ fs_-40c_3.30v -- generated by sim/harness, do not edit

Doing analysis at TEMP = -40.000000 and TNOM = 27.000000

Using SPARSE 1.3 as Direct Linear Solver

No. of Data Rows : 6
voa = -4.110738325e-04
ddc = 1.3533700529e-07
dde = -1.330663208e-07
Reset re-loads circuit * comparator-offset-mc @ fs_-40c_3.30v -- generated by sim/harness, do not edit

Circuit: * comparator-offset-mc @ fs_-40c_3.30v -- generated by sim/harness, do not edit

Doing analysis at TEMP = -40.000000 and TNOM = 27.000000

Using SPARSE 1.3 as Direct Linear Solver

No. of Data Rows : 6
voa = 6.6885860005e-05
ddc = 5.9093335258e-08
dde = -5.819687887e-08
Reset re-loads circuit * comparator-offset-mc @ fs_-40c_3.30v -- generated by sim/harness, do not edit

Circuit: * comparator-offset-mc @ fs_-40c_3.30v -- generated by sim/harness, do not edit

Doing analysis at TEMP = -40.000000 and TNOM = 27.000000

Using SPARSE 1.3 as Direct Linear Solver

No. of Data Rows : 6
voa = -1.620913997e-04
ddc = 1.7905083328e-08
dde = -1.758460296e-08
Reset re-loads circuit * comparator-offset-mc @ fs_-40c_3.30v -- generated by sim/harness, do not edit

Circuit: * comparator-offset-mc @ fs_-40c_3.30v -- generated by sim/harness, do not edit

Doing analysis at TEMP = -40.000000 and TNOM = 27.000000

Using SPARSE 1.3 as Direct Linear Solver

No. of Data Rows : 6
voa = 3.7947159868e-04
ddc = -1.043361871e-07
dde = 1.0259581824e-07
Reset re-loads circuit * comparator-offset-mc @ fs_-40c_3.30v -- generated by sim/harness, do not edit

Circuit: * comparator-offset-mc @ fs_-40c_3.30v -- generated by sim/harness, do not edit

Doing analysis at TEMP = -40.000000 and TNOM = 27.000000

Using SPARSE 1.3 as Direct Linear Solver

No. of Data Rows : 6
voa = -1.205474673e-04
ddc = 1.5188850741e-08
dde = -1.488064717e-08
Reset re-loads circuit * comparator-offset-mc @ fs_-40c_3.30v -- generated by sim/harness, do not edit

Circuit: * comparator-offset-mc @ fs_-40c_3.30v -- generated by sim/harness, do not edit

Doing analysis at TEMP = -40.000000 and TNOM = 27.000000

Using SPARSE 1.3 as Direct Linear Solver

No. of Data Rows : 6
voa = -1.041641610e-03
ddc = 2.6270080289e-07
dde = -2.580652748e-07
Reset re-loads circuit * comparator-offset-mc @ fs_-40c_3.30v -- generated by sim/harness, do not edit

Circuit: * comparator-offset-mc @ fs_-40c_3.30v -- generated by sim/harness, do not edit

Doing analysis at TEMP = -40.000000 and TNOM = 27.000000

Using SPARSE 1.3 as Direct Linear Solver

No. of Data Rows : 6
voa = 1.1537220849e-03
ddc = -2.621090192e-07
dde = 2.5757777680e-07
Reset re-loads circuit * comparator-offset-mc @ fs_-40c_3.30v -- generated by sim/harness, do not edit

Circuit: * comparator-offset-mc @ fs_-40c_3.30v -- generated by sim/harness, do not edit

Doing analysis at TEMP = -40.000000 and TNOM = 27.000000

Using SPARSE 1.3 as Direct Linear Solver

No. of Data Rows : 6
voa = 4.0643417128e-05
ddc = 2.9934944096e-08
dde = -2.946803185e-08
Reset re-loads circuit * comparator-offset-mc @ fs_-40c_3.30v -- generated by sim/harness, do not edit

Circuit: * comparator-offset-mc @ fs_-40c_3.30v -- generated by sim/harness, do not edit

Doing analysis at TEMP = -40.000000 and TNOM = 27.000000

Using SPARSE 1.3 as Direct Linear Solver

No. of Data Rows : 6
voa = 3.6685015752e-04
ddc = -2.834834769e-08
dde = 2.7696714820e-08
Reset re-loads circuit * comparator-offset-mc @ fs_-40c_3.30v -- generated by sim/harness, do not edit

Circuit: * comparator-offset-mc @ fs_-40c_3.30v -- generated by sim/harness, do not edit

Doing analysis at TEMP = -40.000000 and TNOM = 27.000000

Using SPARSE 1.3 as Direct Linear Solver

No. of Data Rows : 6
voa = 1.8475644509e-05
ddc = 2.8404261444e-08
dde = -2.806481920e-08
Reset re-loads circuit * comparator-offset-mc @ fs_-40c_3.30v -- generated by sim/harness, do not edit

Circuit: * comparator-offset-mc @ fs_-40c_3.30v -- generated by sim/harness, do not edit

Doing analysis at TEMP = -40.000000 and TNOM = 27.000000

Using SPARSE 1.3 as Direct Linear Solver

No. of Data Rows : 6
voa = -1.280102305e-03
ddc = 3.2903007847e-07
dde = -3.234572481e-07
Reset re-loads circuit * comparator-offset-mc @ fs_-40c_3.30v -- generated by sim/harness, do not edit

Circuit: * comparator-offset-mc @ fs_-40c_3.30v -- generated by sim/harness, do not edit

Doing analysis at TEMP = -40.000000 and TNOM = 27.000000

Using SPARSE 1.3 as Direct Linear Solver
 Reference value :  2.00000e-03
No. of Data Rows : 6
voa = 1.3896304075e-04
ddc = -1.276656967e-07
dde = 1.2572585419e-07
Reset re-loads circuit * comparator-offset-mc @ fs_-40c_3.30v -- generated by sim/harness, do not edit

Circuit: * comparator-offset-mc @ fs_-40c_3.30v -- generated by sim/harness, do not edit

Doing analysis at TEMP = -40.000000 and TNOM = 27.000000

Using SPARSE 1.3 as Direct Linear Solver

No. of Data Rows : 6
voa = 1.1017201225e-03
ddc = -2.570133939e-07
dde = 2.5255212008e-07
Reset re-loads circuit * comparator-offset-mc @ fs_-40c_3.30v -- generated by sim/harness, do not edit

Circuit: * comparator-offset-mc @ fs_-40c_3.30v -- generated by sim/harness, do not edit

Doing analysis at TEMP = -40.000000 and TNOM = 27.000000

Using SPARSE 1.3 as Direct Linear Solver

No. of Data Rows : 6
voa = -4.580002466e-04
ddc = 8.0303266862e-08
dde = -7.883771022e-08
Reset re-loads circuit * comparator-offset-mc @ fs_-40c_3.30v -- generated by sim/harness, do not edit

Circuit: * comparator-offset-mc @ fs_-40c_3.30v -- generated by sim/harness, do not edit

Doing analysis at TEMP = -40.000000 and TNOM = 27.000000

Using SPARSE 1.3 as Direct Linear Solver

No. of Data Rows : 6
voa = 2.0715905368e-04
ddc = -6.291119713e-08
dde = 6.1868698582e-08
Reset re-loads circuit * comparator-offset-mc @ fs_-40c_3.30v -- generated by sim/harness, do not edit

Circuit: * comparator-offset-mc @ fs_-40c_3.30v -- generated by sim/harness, do not edit

Doing analysis at TEMP = -40.000000 and TNOM = 27.000000

Using SPARSE 1.3 as Direct Linear Solver

No. of Data Rows : 6
voa = -4.012380887e-04
ddc = 4.2522505889e-08
dde = -4.159932601e-08
Reset re-loads circuit * comparator-offset-mc @ fs_-40c_3.30v -- generated by sim/harness, do not edit

Circuit: * comparator-offset-mc @ fs_-40c_3.30v -- generated by sim/harness, do not edit

Doing analysis at TEMP = -40.000000 and TNOM = 27.000000

Using SPARSE 1.3 as Direct Linear Solver

No. of Data Rows : 6
voa = 1.1903936689e-04
ddc = 1.5742403120e-08
dde = -1.554701521e-08
Reset re-loads circuit * comparator-offset-mc @ fs_-40c_3.30v -- generated by sim/harness, do not edit

Circuit: * comparator-offset-mc @ fs_-40c_3.30v -- generated by sim/harness, do not edit

Doing analysis at TEMP = -40.000000 and TNOM = 27.000000

Using SPARSE 1.3 as Direct Linear Solver

No. of Data Rows : 6
voa = 8.6941430652e-04
ddc = -1.476802098e-07
dde = 1.4503803500e-07
Reset re-loads circuit * comparator-offset-mc @ fs_-40c_3.30v -- generated by sim/harness, do not edit

Circuit: * comparator-offset-mc @ fs_-40c_3.30v -- generated by sim/harness, do not edit

Doing analysis at TEMP = -40.000000 and TNOM = 27.000000

Using SPARSE 1.3 as Direct Linear Solver

No. of Data Rows : 6
voa = -2.755514664e-04
ddc = 9.2376740266e-08
dde = -9.083246655e-08
Reset re-loads circuit * comparator-offset-mc @ fs_-40c_3.30v -- generated by sim/harness, do not edit

Circuit: * comparator-offset-mc @ fs_-40c_3.30v -- generated by sim/harness, do not edit

Doing analysis at TEMP = -40.000000 and TNOM = 27.000000

Using SPARSE 1.3 as Direct Linear Solver

No. of Data Rows : 6
voa = 1.0866778037e-03
ddc = -2.833473729e-07
dde = 2.7862057604e-07
Reset re-loads circuit * comparator-offset-mc @ fs_-40c_3.30v -- generated by sim/harness, do not edit

Circuit: * comparator-offset-mc @ fs_-40c_3.30v -- generated by sim/harness, do not edit

Doing analysis at TEMP = -40.000000 and TNOM = 27.000000

Using SPARSE 1.3 as Direct Linear Solver

No. of Data Rows : 6
voa = 7.5916960411e-04
ddc = -1.279778017e-07
dde = 1.2561596185e-07
Reset re-loads circuit * comparator-offset-mc @ fs_-40c_3.30v -- generated by sim/harness, do not edit

Circuit: * comparator-offset-mc @ fs_-40c_3.30v -- generated by sim/harness, do not edit

Doing analysis at TEMP = -40.000000 and TNOM = 27.000000

Using SPARSE 1.3 as Direct Linear Solver

No. of Data Rows : 6
voa = 4.8065148310e-04
ddc = -1.044309095e-07
dde = 1.0258202261e-07
Reset re-loads circuit * comparator-offset-mc @ fs_-40c_3.30v -- generated by sim/harness, do not edit

Circuit: * comparator-offset-mc @ fs_-40c_3.30v -- generated by sim/harness, do not edit

Doing analysis at TEMP = -40.000000 and TNOM = 27.000000

Using SPARSE 1.3 as Direct Linear Solver

No. of Data Rows : 6
voa = 8.0358795139e-04
ddc = -2.415657630e-07
dde = 2.3751657495e-07
Reset re-loads circuit * comparator-offset-mc @ fs_-40c_3.30v -- generated by sim/harness, do not edit

Circuit: * comparator-offset-mc @ fs_-40c_3.30v -- generated by sim/harness, do not edit

Doing analysis at TEMP = -40.000000 and TNOM = 27.000000

Using SPARSE 1.3 as Direct Linear Solver

No. of Data Rows : 6
voa = 2.8179833761e-06
ddc = 3.1385045493e-08
dde = -3.096272216e-08
Reset re-loads circuit * comparator-offset-mc @ fs_-40c_3.30v -- generated by sim/harness, do not edit

Circuit: * comparator-offset-mc @ fs_-40c_3.30v -- generated by sim/harness, do not edit

Doing analysis at TEMP = -40.000000 and TNOM = 27.000000

Using SPARSE 1.3 as Direct Linear Solver

No. of Data Rows : 6
voa = -1.457336574e-03
ddc = 3.2891317915e-07
dde = -3.233286368e-07
Reset re-loads circuit * comparator-offset-mc @ fs_-40c_3.30v -- generated by sim/harness, do not edit

Circuit: * comparator-offset-mc @ fs_-40c_3.30v -- generated by sim/harness, do not edit

Doing analysis at TEMP = -40.000000 and TNOM = 27.000000

Using SPARSE 1.3 as Direct Linear Solver

No. of Data Rows : 6
voa = 1.0363369832e-03
ddc = -2.270623856e-07
dde = 2.2310674549e-07
Reset re-loads circuit * comparator-offset-mc @ fs_-40c_3.30v -- generated by sim/harness, do not edit

Circuit: * comparator-offset-mc @ fs_-40c_3.30v -- generated by sim/harness, do not edit

Doing analysis at TEMP = -40.000000 and TNOM = 27.000000

Using SPARSE 1.3 as Direct Linear Solver

No. of Data Rows : 6
voa = -1.570936031e-03
ddc = 2.2148755155e-07
dde = -2.176794491e-07
Reset re-loads circuit * comparator-offset-mc @ fs_-40c_3.30v -- generated by sim/harness, do not edit

Circuit: * comparator-offset-mc @ fs_-40c_3.30v -- generated by sim/harness, do not edit

Doing analysis at TEMP = -40.000000 and TNOM = 27.000000

Using SPARSE 1.3 as Direct Linear Solver
 Reference value :  0.00000e+00
No. of Data Rows : 6
voa = 2.4266496155e-03
ddc = -5.928985994e-07
dde = 5.8277199643e-07
Reset re-loads circuit * comparator-offset-mc @ fs_-40c_3.30v -- generated by sim/harness, do not edit

Circuit: * comparator-offset-mc @ fs_-40c_3.30v -- generated by sim/harness, do not edit

Doing analysis at TEMP = -40.000000 and TNOM = 27.000000

Using SPARSE 1.3 as Direct Linear Solver

No. of Data Rows : 6
voa = -1.601471274e-04
ddc = 7.0729947126e-08
dde = -6.945776617e-08
Reset re-loads circuit * comparator-offset-mc @ fs_-40c_3.30v -- generated by sim/harness, do not edit

Circuit: * comparator-offset-mc @ fs_-40c_3.30v -- generated by sim/harness, do not edit

Doing analysis at TEMP = -40.000000 and TNOM = 27.000000

Using SPARSE 1.3 as Direct Linear Solver

No. of Data Rows : 6
voa = -3.940544776e-04
ddc = 1.6649461563e-08
dde = -1.615172610e-08
Reset re-loads circuit * comparator-offset-mc @ fs_-40c_3.30v -- generated by sim/harness, do not edit

Circuit: * comparator-offset-mc @ fs_-40c_3.30v -- generated by sim/harness, do not edit

Doing analysis at TEMP = -40.000000 and TNOM = 27.000000

Using SPARSE 1.3 as Direct Linear Solver

No. of Data Rows : 6
voa = -6.075974414e-04
ddc = 1.2651694554e-07
dde = -1.243448781e-07
Reset re-loads circuit * comparator-offset-mc @ fs_-40c_3.30v -- generated by sim/harness, do not edit

Circuit: * comparator-offset-mc @ fs_-40c_3.30v -- generated by sim/harness, do not edit

Doing analysis at TEMP = -40.000000 and TNOM = 27.000000

Using SPARSE 1.3 as Direct Linear Solver

No. of Data Rows : 6
voa = -1.739265303e-03
ddc = 3.5706459972e-07
dde = -3.509331804e-07
Reset re-loads circuit * comparator-offset-mc @ fs_-40c_3.30v -- generated by sim/harness, do not edit

Circuit: * comparator-offset-mc @ fs_-40c_3.30v -- generated by sim/harness, do not edit

Doing analysis at TEMP = -40.000000 and TNOM = 27.000000

Using SPARSE 1.3 as Direct Linear Solver

No. of Data Rows : 6
voa = -4.081710321e-04
ddc = 9.2728078810e-08
dde = -9.120072303e-08
Reset re-loads circuit * comparator-offset-mc @ fs_-40c_3.30v -- generated by sim/harness, do not edit

Circuit: * comparator-offset-mc @ fs_-40c_3.30v -- generated by sim/harness, do not edit

Doing analysis at TEMP = -40.000000 and TNOM = 27.000000

Using SPARSE 1.3 as Direct Linear Solver

No. of Data Rows : 6
voa = -8.314534102e-05
ddc = 1.6561587315e-08
dde = -1.619846271e-08
Reset re-loads circuit * comparator-offset-mc @ fs_-40c_3.30v -- generated by sim/harness, do not edit

Circuit: * comparator-offset-mc @ fs_-40c_3.30v -- generated by sim/harness, do not edit

Doing analysis at TEMP = -40.000000 and TNOM = 27.000000

Using SPARSE 1.3 as Direct Linear Solver

No. of Data Rows : 6
voa = 1.6255689600e-03
ddc = -4.058402955e-07
dde = 3.9898488330e-07
Reset re-loads circuit * comparator-offset-mc @ fs_-40c_3.30v -- generated by sim/harness, do not edit

Circuit: * comparator-offset-mc @ fs_-40c_3.30v -- generated by sim/harness, do not edit

Doing analysis at TEMP = -40.000000 and TNOM = 27.000000

Using SPARSE 1.3 as Direct Linear Solver

No. of Data Rows : 6
voa = -2.022457792e-04
ddc = 1.3812913910e-07
dde = -1.359338128e-07
Reset re-loads circuit * comparator-offset-mc @ fs_-40c_3.30v -- generated by sim/harness, do not edit

Circuit: * comparator-offset-mc @ fs_-40c_3.30v -- generated by sim/harness, do not edit

Doing analysis at TEMP = -40.000000 and TNOM = 27.000000

Using SPARSE 1.3 as Direct Linear Solver

No. of Data Rows : 6
voa = -7.255275053e-04
ddc = 1.7027964385e-07
dde = -1.673147612e-07
Reset re-loads circuit * comparator-offset-mc @ fs_-40c_3.30v -- generated by sim/harness, do not edit

Circuit: * comparator-offset-mc @ fs_-40c_3.30v -- generated by sim/harness, do not edit

Doing analysis at TEMP = -40.000000 and TNOM = 27.000000

Using SPARSE 1.3 as Direct Linear Solver

No. of Data Rows : 6
voa = -7.926361852e-04
ddc = 1.4258610639e-07
dde = -1.400535265e-07
Reset re-loads circuit * comparator-offset-mc @ fs_-40c_3.30v -- generated by sim/harness, do not edit

Circuit: * comparator-offset-mc @ fs_-40c_3.30v -- generated by sim/harness, do not edit

Doing analysis at TEMP = -40.000000 and TNOM = 27.000000

Using SPARSE 1.3 as Direct Linear Solver

No. of Data Rows : 6
voa = -5.520968339e-04
ddc = 1.5108971485e-07
dde = -1.484258181e-07
Reset re-loads circuit * comparator-offset-mc @ fs_-40c_3.30v -- generated by sim/harness, do not edit

Circuit: * comparator-offset-mc @ fs_-40c_3.30v -- generated by sim/harness, do not edit

Doing analysis at TEMP = -40.000000 and TNOM = 27.000000

Using SPARSE 1.3 as Direct Linear Solver

No. of Data Rows : 6
voa = 8.3269894414e-04
ddc = -1.900560720e-07
dde = 1.8685157016e-07
Reset re-loads circuit * comparator-offset-mc @ fs_-40c_3.30v -- generated by sim/harness, do not edit

Circuit: * comparator-offset-mc @ fs_-40c_3.30v -- generated by sim/harness, do not edit

Doing analysis at TEMP = -40.000000 and TNOM = 27.000000

Using SPARSE 1.3 as Direct Linear Solver

No. of Data Rows : 6
voa = -1.949543913e-04
ddc = 8.2805911281e-08
dde = -8.146070632e-08
Reset re-loads circuit * comparator-offset-mc @ fs_-40c_3.30v -- generated by sim/harness, do not edit

Circuit: * comparator-offset-mc @ fs_-40c_3.30v -- generated by sim/harness, do not edit

Doing analysis at TEMP = -40.000000 and TNOM = 27.000000

Using SPARSE 1.3 as Direct Linear Solver

No. of Data Rows : 6
voa = 1.0166157984e-03
ddc = -2.876104485e-07
dde = 2.8281805442e-07
Reset re-loads circuit * comparator-offset-mc @ fs_-40c_3.30v -- generated by sim/harness, do not edit

Circuit: * comparator-offset-mc @ fs_-40c_3.30v -- generated by sim/harness, do not edit

Doing analysis at TEMP = -40.000000 and TNOM = 27.000000

Using SPARSE 1.3 as Direct Linear Solver
 Reference value :  0.00000e+00
No. of Data Rows : 6
voa = 6.1923594917e-04
ddc = -1.704934341e-07
dde = 1.6757965109e-07
Reset re-loads circuit * comparator-offset-mc @ fs_-40c_3.30v -- generated by sim/harness, do not edit

Circuit: * comparator-offset-mc @ fs_-40c_3.30v -- generated by sim/harness, do not edit

Doing analysis at TEMP = -40.000000 and TNOM = 27.000000

Using SPARSE 1.3 as Direct Linear Solver

No. of Data Rows : 6
voa = -2.441507805e-04
ddc = 1.0538970262e-07
dde = -1.036919218e-07
Reset re-loads circuit * comparator-offset-mc @ fs_-40c_3.30v -- generated by sim/harness, do not edit

Circuit: * comparator-offset-mc @ fs_-40c_3.30v -- generated by sim/harness, do not edit

Doing analysis at TEMP = -40.000000 and TNOM = 27.000000

Using SPARSE 1.3 as Direct Linear Solver

No. of Data Rows : 6
voa = 2.2570338021e-03
ddc = -4.347779286e-07
dde = 4.2709832047e-07
Reset re-loads circuit * comparator-offset-mc @ fs_-40c_3.30v -- generated by sim/harness, do not edit

Circuit: * comparator-offset-mc @ fs_-40c_3.30v -- generated by sim/harness, do not edit

Doing analysis at TEMP = -40.000000 and TNOM = 27.000000

Using SPARSE 1.3 as Direct Linear Solver

No. of Data Rows : 6
voa = -6.488822459e-04
ddc = 2.0914610791e-07
dde = -2.056796614e-07
Reset re-loads circuit * comparator-offset-mc @ fs_-40c_3.30v -- generated by sim/harness, do not edit

Circuit: * comparator-offset-mc @ fs_-40c_3.30v -- generated by sim/harness, do not edit

Doing analysis at TEMP = -40.000000 and TNOM = 27.000000

Using SPARSE 1.3 as Direct Linear Solver

No. of Data Rows : 6
voa = 2.2337550831e-04
ddc = -3.097070134e-08
dde = 3.0378111236e-08
Reset re-loads circuit * comparator-offset-mc @ fs_-40c_3.30v -- generated by sim/harness, do not edit

Circuit: * comparator-offset-mc @ fs_-40c_3.30v -- generated by sim/harness, do not edit

Doing analysis at TEMP = -40.000000 and TNOM = 27.000000

Using SPARSE 1.3 as Direct Linear Solver

No. of Data Rows : 6
voa = 3.3244510059e-04
ddc = -3.794165849e-08
dde = 3.7179467389e-08
Reset re-loads circuit * comparator-offset-mc @ fs_-40c_3.30v -- generated by sim/harness, do not edit

Circuit: * comparator-offset-mc @ fs_-40c_3.30v -- generated by sim/harness, do not edit

Doing analysis at TEMP = -40.000000 and TNOM = 27.000000

Using SPARSE 1.3 as Direct Linear Solver

No. of Data Rows : 6
voa = 5.2054078451e-04
ddc = -1.426488450e-07
dde = 1.4030789784e-07
Reset re-loads circuit * comparator-offset-mc @ fs_-40c_3.30v -- generated by sim/harness, do not edit

Circuit: * comparator-offset-mc @ fs_-40c_3.30v -- generated by sim/harness, do not edit

Doing analysis at TEMP = -40.000000 and TNOM = 27.000000

Using SPARSE 1.3 as Direct Linear Solver

No. of Data Rows : 6
voa = 1.8430754468e-03
ddc = -4.282074449e-07
dde = 4.2081025384e-07
Reset re-loads circuit * comparator-offset-mc @ fs_-40c_3.30v -- generated by sim/harness, do not edit

Circuit: * comparator-offset-mc @ fs_-40c_3.30v -- generated by sim/harness, do not edit

Doing analysis at TEMP = -40.000000 and TNOM = 27.000000

Using SPARSE 1.3 as Direct Linear Solver

No. of Data Rows : 6
voa = -8.980669783e-04
ddc = 2.2691817878e-07
dde = -2.230875132e-07
Reset re-loads circuit * comparator-offset-mc @ fs_-40c_3.30v -- generated by sim/harness, do not edit

Circuit: * comparator-offset-mc @ fs_-40c_3.30v -- generated by sim/harness, do not edit

Doing analysis at TEMP = -40.000000 and TNOM = 27.000000

Using SPARSE 1.3 as Direct Linear Solver

No. of Data Rows : 6
voa = 1.0199731930e-03
ddc = -3.026162724e-07
dde = 2.9757732731e-07
Reset re-loads circuit * comparator-offset-mc @ fs_-40c_3.30v -- generated by sim/harness, do not edit

Circuit: * comparator-offset-mc @ fs_-40c_3.30v -- generated by sim/harness, do not edit

Doing analysis at TEMP = -40.000000 and TNOM = 27.000000

Using SPARSE 1.3 as Direct Linear Solver

No. of Data Rows : 6
voa = 9.2211406638e-04
ddc = -2.491525292e-07
dde = 2.4492404513e-07
Reset re-loads circuit * comparator-offset-mc @ fs_-40c_3.30v -- generated by sim/harness, do not edit

Circuit: * comparator-offset-mc @ fs_-40c_3.30v -- generated by sim/harness, do not edit

Doing analysis at TEMP = -40.000000 and TNOM = 27.000000

Using SPARSE 1.3 as Direct Linear Solver

No. of Data Rows : 6
voa = 2.4211968912e-04
ddc = -6.010194446e-08
dde = 5.8990705349e-08
Reset re-loads circuit * comparator-offset-mc @ fs_-40c_3.30v -- generated by sim/harness, do not edit

Circuit: * comparator-offset-mc @ fs_-40c_3.30v -- generated by sim/harness, do not edit

Doing analysis at TEMP = -40.000000 and TNOM = 27.000000

Using SPARSE 1.3 as Direct Linear Solver

No. of Data Rows : 6
voa = 4.6756893352e-04
ddc = -3.795895275e-08
dde = 3.7109075214e-08
Reset re-loads circuit * comparator-offset-mc @ fs_-40c_3.30v -- generated by sim/harness, do not edit

Circuit: * comparator-offset-mc @ fs_-40c_3.30v -- generated by sim/harness, do not edit

Doing analysis at TEMP = -40.000000 and TNOM = 27.000000

Using SPARSE 1.3 as Direct Linear Solver

No. of Data Rows : 6
voa = 5.9540833086e-04
ddc = -2.044191774e-07
dde = 2.0107267721e-07
Reset re-loads circuit * comparator-offset-mc @ fs_-40c_3.30v -- generated by sim/harness, do not edit

Circuit: * comparator-offset-mc @ fs_-40c_3.30v -- generated by sim/harness, do not edit

Doing analysis at TEMP = -40.000000 and TNOM = 27.000000

Using SPARSE 1.3 as Direct Linear Solver
 Reference value :  0.00000e+00
No. of Data Rows : 6
voa = 1.7059762856e-03
ddc = -3.182959327e-07
dde = 3.1259724833e-07
Reset re-loads circuit * comparator-offset-mc @ fs_-40c_3.30v -- generated by sim/harness, do not edit

Circuit: * comparator-offset-mc @ fs_-40c_3.30v -- generated by sim/harness, do not edit

Doing analysis at TEMP = -40.000000 and TNOM = 27.000000

Using SPARSE 1.3 as Direct Linear Solver

No. of Data Rows : 6
voa = -1.430501741e-03
ddc = 2.5223911311e-07
dde = -2.478463348e-07
Reset re-loads circuit * comparator-offset-mc @ fs_-40c_3.30v -- generated by sim/harness, do not edit

Circuit: * comparator-offset-mc @ fs_-40c_3.30v -- generated by sim/harness, do not edit

Doing analysis at TEMP = -40.000000 and TNOM = 27.000000

Using SPARSE 1.3 as Direct Linear Solver

No. of Data Rows : 6
voa = -5.098592378e-05
ddc = 1.5397601456e-09
dde = -1.541485166e-09
Reset re-loads circuit * comparator-offset-mc @ fs_-40c_3.30v -- generated by sim/harness, do not edit

Circuit: * comparator-offset-mc @ fs_-40c_3.30v -- generated by sim/harness, do not edit

Doing analysis at TEMP = -40.000000 and TNOM = 27.000000

Using SPARSE 1.3 as Direct Linear Solver

No. of Data Rows : 6
voa = -4.753235887e-04
ddc = 6.3639695834e-08
dde = -6.247881627e-08
Reset re-loads circuit * comparator-offset-mc @ fs_-40c_3.30v -- generated by sim/harness, do not edit

Circuit: * comparator-offset-mc @ fs_-40c_3.30v -- generated by sim/harness, do not edit

Doing analysis at TEMP = -40.000000 and TNOM = 27.000000

Using SPARSE 1.3 as Direct Linear Solver

No. of Data Rows : 6
voa = -1.790750870e-03
ddc = 3.7323373332e-07
dde = -3.667961036e-07
Reset re-loads circuit * comparator-offset-mc @ fs_-40c_3.30v -- generated by sim/harness, do not edit

Circuit: * comparator-offset-mc @ fs_-40c_3.30v -- generated by sim/harness, do not edit

Doing analysis at TEMP = -40.000000 and TNOM = 27.000000

Using SPARSE 1.3 as Direct Linear Solver

No. of Data Rows : 6
voa = 7.7791045943e-04
ddc = -1.616223890e-07
dde = 1.5880679139e-07
Reset re-loads circuit * comparator-offset-mc @ fs_-40c_3.30v -- generated by sim/harness, do not edit

Circuit: * comparator-offset-mc @ fs_-40c_3.30v -- generated by sim/harness, do not edit

Doing analysis at TEMP = -40.000000 and TNOM = 27.000000

Using SPARSE 1.3 as Direct Linear Solver

No. of Data Rows : 6
voa = -3.111085541e-04
ddc = -5.208028930e-08
dde = 5.1439963024e-08
Reset re-loads circuit * comparator-offset-mc @ fs_-40c_3.30v -- generated by sim/harness, do not edit

Circuit: * comparator-offset-mc @ fs_-40c_3.30v -- generated by sim/harness, do not edit

Doing analysis at TEMP = -40.000000 and TNOM = 27.000000

Using SPARSE 1.3 as Direct Linear Solver

No. of Data Rows : 6
voa = 2.0785154140e-04
ddc = -3.545842317e-09
dde = 3.4236286810e-09
Reset re-loads circuit * comparator-offset-mc @ fs_-40c_3.30v -- generated by sim/harness, do not edit

Circuit: * comparator-offset-mc @ fs_-40c_3.30v -- generated by sim/harness, do not edit

Doing analysis at TEMP = -40.000000 and TNOM = 27.000000

Using SPARSE 1.3 as Direct Linear Solver

No. of Data Rows : 6
voa = -1.728998983e-03
ddc = 4.2102179529e-07
dde = -4.139270540e-07
Reset re-loads circuit * comparator-offset-mc @ fs_-40c_3.30v -- generated by sim/harness, do not edit

Circuit: * comparator-offset-mc @ fs_-40c_3.30v -- generated by sim/harness, do not edit

Doing analysis at TEMP = -40.000000 and TNOM = 27.000000

Using SPARSE 1.3 as Direct Linear Solver

No. of Data Rows : 6
voa = -5.668195832e-04
ddc = 7.5599910250e-08
dde = -7.412032699e-08
Reset re-loads circuit * comparator-offset-mc @ fs_-40c_3.30v -- generated by sim/harness, do not edit

Circuit: * comparator-offset-mc @ fs_-40c_3.30v -- generated by sim/harness, do not edit

Doing analysis at TEMP = -40.000000 and TNOM = 27.000000

Using SPARSE 1.3 as Direct Linear Solver

No. of Data Rows : 6
voa = 9.8202161310e-04
ddc = -2.725135165e-07
dde = 2.6785205592e-07
Reset re-loads circuit * comparator-offset-mc @ fs_-40c_3.30v -- generated by sim/harness, do not edit

Circuit: * comparator-offset-mc @ fs_-40c_3.30v -- generated by sim/harness, do not edit

Doing analysis at TEMP = -40.000000 and TNOM = 27.000000

Using SPARSE 1.3 as Direct Linear Solver

No. of Data Rows : 6
voa = 1.3844056632e-03
ddc = -2.817616189e-07
dde = 2.7691462071e-07
Reset re-loads circuit * comparator-offset-mc @ fs_-40c_3.30v -- generated by sim/harness, do not edit

Circuit: * comparator-offset-mc @ fs_-40c_3.30v -- generated by sim/harness, do not edit

Doing analysis at TEMP = -40.000000 and TNOM = 27.000000

Using SPARSE 1.3 as Direct Linear Solver

No. of Data Rows : 6
voa = -1.451545597e-04
ddc = 5.1796699346e-08
dde = -5.095218677e-08
Reset re-loads circuit * comparator-offset-mc @ fs_-40c_3.30v -- generated by sim/harness, do not edit

Circuit: * comparator-offset-mc @ fs_-40c_3.30v -- generated by sim/harness, do not edit

Doing analysis at TEMP = -40.000000 and TNOM = 27.000000

Using SPARSE 1.3 as Direct Linear Solver

No. of Data Rows : 6
voa = -2.168147056e-04
ddc = 4.0787853874e-08
dde = -4.011379109e-08
Reset re-loads circuit * comparator-offset-mc @ fs_-40c_3.30v -- generated by sim/harness, do not edit

Circuit: * comparator-offset-mc @ fs_-40c_3.30v -- generated by sim/harness, do not edit

Doing analysis at TEMP = -40.000000 and TNOM = 27.000000

Using SPARSE 1.3 as Direct Linear Solver

No. of Data Rows : 6
voa = 4.5323258613e-04
ddc = -1.064529859e-07
dde = 1.0462429127e-07
Reset re-loads circuit * comparator-offset-mc @ fs_-40c_3.30v -- generated by sim/harness, do not edit

Circuit: * comparator-offset-mc @ fs_-40c_3.30v -- generated by sim/harness, do not edit

Doing analysis at TEMP = -40.000000 and TNOM = 27.000000

Using SPARSE 1.3 as Direct Linear Solver

No. of Data Rows : 6
voa = 7.6216615775e-04
ddc = -1.601705634e-07
dde = 1.5743004182e-07
Reset re-loads circuit * comparator-offset-mc @ fs_-40c_3.30v -- generated by sim/harness, do not edit

Circuit: * comparator-offset-mc @ fs_-40c_3.30v -- generated by sim/harness, do not edit

Doing analysis at TEMP = -40.000000 and TNOM = 27.000000

Using SPARSE 1.3 as Direct Linear Solver

No. of Data Rows : 6
voa = -7.136971946e-04
ddc = 1.9074513374e-07
dde = -1.875340851e-07
Reset re-loads circuit * comparator-offset-mc @ fs_-40c_3.30v -- generated by sim/harness, do not edit

Circuit: * comparator-offset-mc @ fs_-40c_3.30v -- generated by sim/harness, do not edit

Doing analysis at TEMP = -40.000000 and TNOM = 27.000000

Using SPARSE 1.3 as Direct Linear Solver
 Reference value :  0.00000e+00
No. of Data Rows : 6
voa = -4.006845812e-05
ddc = -6.247233358e-08
dde = 6.1631635055e-08
Reset re-loads circuit * comparator-offset-mc @ fs_-40c_3.30v -- generated by sim/harness, do not edit

Circuit: * comparator-offset-mc @ fs_-40c_3.30v -- generated by sim/harness, do not edit

Doing analysis at TEMP = -40.000000 and TNOM = 27.000000

Using SPARSE 1.3 as Direct Linear Solver

No. of Data Rows : 6
voa = -6.169198801e-05
ddc = 5.5786969534e-08
dde = -5.486570881e-08
Reset re-loads circuit * comparator-offset-mc @ fs_-40c_3.30v -- generated by sim/harness, do not edit

Circuit: * comparator-offset-mc @ fs_-40c_3.30v -- generated by sim/harness, do not edit

Doing analysis at TEMP = -40.000000 and TNOM = 27.000000

Using SPARSE 1.3 as Direct Linear Solver

No. of Data Rows : 6
voa = -3.711586397e-04
ddc = 1.5184948998e-07
dde = -1.493736471e-07
Reset re-loads circuit * comparator-offset-mc @ fs_-40c_3.30v -- generated by sim/harness, do not edit

Circuit: * comparator-offset-mc @ fs_-40c_3.30v -- generated by sim/harness, do not edit

Doing analysis at TEMP = -40.000000 and TNOM = 27.000000

Using SPARSE 1.3 as Direct Linear Solver

No. of Data Rows : 6
voa = -2.296681808e-04
ddc = 5.5402883088e-08
dde = -5.449418547e-08
Reset re-loads circuit * comparator-offset-mc @ fs_-40c_3.30v -- generated by sim/harness, do not edit

Circuit: * comparator-offset-mc @ fs_-40c_3.30v -- generated by sim/harness, do not edit

Doing analysis at TEMP = -40.000000 and TNOM = 27.000000

Using SPARSE 1.3 as Direct Linear Solver

No. of Data Rows : 6
voa = -1.607941568e-03
ddc = 3.4991122853e-07
dde = -3.438943255e-07
Reset re-loads circuit * comparator-offset-mc @ fs_-40c_3.30v -- generated by sim/harness, do not edit

Circuit: * comparator-offset-mc @ fs_-40c_3.30v -- generated by sim/harness, do not edit

Doing analysis at TEMP = -40.000000 and TNOM = 27.000000

Using SPARSE 1.3 as Direct Linear Solver

No. of Data Rows : 6
voa = 9.9297952876e-04
ddc = -1.255244152e-07
dde = 1.2319296609e-07
Reset re-loads circuit * comparator-offset-mc @ fs_-40c_3.30v -- generated by sim/harness, do not edit

Circuit: * comparator-offset-mc @ fs_-40c_3.30v -- generated by sim/harness, do not edit

Doing analysis at TEMP = -40.000000 and TNOM = 27.000000

Using SPARSE 1.3 as Direct Linear Solver

No. of Data Rows : 6
voa = 1.2589651586e-03
ddc = -2.320272280e-07
dde = 2.2790796407e-07
Reset re-loads circuit * comparator-offset-mc @ fs_-40c_3.30v -- generated by sim/harness, do not edit

Circuit: * comparator-offset-mc @ fs_-40c_3.30v -- generated by sim/harness, do not edit

Doing analysis at TEMP = -40.000000 and TNOM = 27.000000

Using SPARSE 1.3 as Direct Linear Solver

No. of Data Rows : 6
voa = 2.2159881336e-04
ddc = -8.101024743e-08
dde = 7.9761859514e-08
Reset re-loads circuit * comparator-offset-mc @ fs_-40c_3.30v -- generated by sim/harness, do not edit

Circuit: * comparator-offset-mc @ fs_-40c_3.30v -- generated by sim/harness, do not edit

Doing analysis at TEMP = -40.000000 and TNOM = 27.000000

Using SPARSE 1.3 as Direct Linear Solver

No. of Data Rows : 6
voa = -4.870919069e-04
ddc = 1.5986218202e-07
dde = -1.571424514e-07
Reset re-loads circuit * comparator-offset-mc @ fs_-40c_3.30v -- generated by sim/harness, do not edit

Circuit: * comparator-offset-mc @ fs_-40c_3.30v -- generated by sim/harness, do not edit

Doing analysis at TEMP = -40.000000 and TNOM = 27.000000

Using SPARSE 1.3 as Direct Linear Solver

No. of Data Rows : 6
voa = 1.1349660014e-03
ddc = -2.887791387e-07
dde = 2.8387709645e-07
Reset re-loads circuit * comparator-offset-mc @ fs_-40c_3.30v -- generated by sim/harness, do not edit

Circuit: * comparator-offset-mc @ fs_-40c_3.30v -- generated by sim/harness, do not edit

Doing analysis at TEMP = -40.000000 and TNOM = 27.000000

Using SPARSE 1.3 as Direct Linear Solver

No. of Data Rows : 6
voa = 4.2222552128e-04
ddc = -1.329711413e-07
dde = 1.3076852781e-07
Reset re-loads circuit * comparator-offset-mc @ fs_-40c_3.30v -- generated by sim/harness, do not edit

Circuit: * comparator-offset-mc @ fs_-40c_3.30v -- generated by sim/harness, do not edit

Doing analysis at TEMP = -40.000000 and TNOM = 27.000000

Using SPARSE 1.3 as Direct Linear Solver

No. of Data Rows : 6
voa = 2.3835730348e-04
ddc = -3.117313489e-08
dde = 3.0522231931e-08
Reset re-loads circuit * comparator-offset-mc @ fs_-40c_3.30v -- generated by sim/harness, do not edit

Circuit: * comparator-offset-mc @ fs_-40c_3.30v -- generated by sim/harness, do not edit

Doing analysis at TEMP = -40.000000 and TNOM = 27.000000

Using SPARSE 1.3 as Direct Linear Solver

No. of Data Rows : 6
voa = -6.555169601e-04
ddc = 1.1692604396e-07
dde = -1.148407039e-07
Reset re-loads circuit * comparator-offset-mc @ fs_-40c_3.30v -- generated by sim/harness, do not edit

Circuit: * comparator-offset-mc @ fs_-40c_3.30v -- generated by sim/harness, do not edit

Doing analysis at TEMP = -40.000000 and TNOM = 27.000000

Using SPARSE 1.3 as Direct Linear Solver
 Reference value :  0.00000e+00
No. of Data Rows : 6
voa = -1.892638948e-03
ddc = 4.7069746689e-07
dde = -4.629391987e-07
Reset re-loads circuit * comparator-offset-mc @ fs_-40c_3.30v -- generated by sim/harness, do not edit

Circuit: * comparator-offset-mc @ fs_-40c_3.30v -- generated by sim/harness, do not edit

Doing analysis at TEMP = -40.000000 and TNOM = 27.000000

Using SPARSE 1.3 as Direct Linear Solver

No. of Data Rows : 6
voa = -2.118607589e-04
ddc = 4.2730936647e-08
dde = -4.188928241e-08
Reset re-loads circuit * comparator-offset-mc @ fs_-40c_3.30v -- generated by sim/harness, do not edit

Circuit: * comparator-offset-mc @ fs_-40c_3.30v -- generated by sim/harness, do not edit

Doing analysis at TEMP = -40.000000 and TNOM = 27.000000

Using SPARSE 1.3 as Direct Linear Solver

No. of Data Rows : 6
voa = 4.2732621164e-07
ddc = 1.1819676220e-07
dde = -1.163724147e-07
Reset re-loads circuit * comparator-offset-mc @ fs_-40c_3.30v -- generated by sim/harness, do not edit

Circuit: * comparator-offset-mc @ fs_-40c_3.30v -- generated by sim/harness, do not edit

Doing analysis at TEMP = -40.000000 and TNOM = 27.000000

Using SPARSE 1.3 as Direct Linear Solver

No. of Data Rows : 6
voa = -8.704338004e-04
ddc = 2.2273874571e-07
dde = -2.190364568e-07
Reset re-loads circuit * comparator-offset-mc @ fs_-40c_3.30v -- generated by sim/harness, do not edit

Circuit: * comparator-offset-mc @ fs_-40c_3.30v -- generated by sim/harness, do not edit

Doing analysis at TEMP = -40.000000 and TNOM = 27.000000

Using SPARSE 1.3 as Direct Linear Solver

No. of Data Rows : 6
voa = -8.611616695e-04
ddc = 2.3930502597e-07
dde = -2.352843181e-07
Reset re-loads circuit * comparator-offset-mc @ fs_-40c_3.30v -- generated by sim/harness, do not edit

Circuit: * comparator-offset-mc @ fs_-40c_3.30v -- generated by sim/harness, do not edit

Doing analysis at TEMP = -40.000000 and TNOM = 27.000000

Using SPARSE 1.3 as Direct Linear Solver

No. of Data Rows : 6
voa = 1.3081212855e-03
ddc = -3.021070820e-07
dde = 2.9686890141e-07
Reset re-loads circuit * comparator-offset-mc @ fs_-40c_3.30v -- generated by sim/harness, do not edit

Circuit: * comparator-offset-mc @ fs_-40c_3.30v -- generated by sim/harness, do not edit

Doing analysis at TEMP = -40.000000 and TNOM = 27.000000

Using SPARSE 1.3 as Direct Linear Solver

No. of Data Rows : 6
voa = -8.117988916e-04
ddc = 1.9826913133e-07
dde = -1.949108894e-07
Reset re-loads circuit * comparator-offset-mc @ fs_-40c_3.30v -- generated by sim/harness, do not edit

Circuit: * comparator-offset-mc @ fs_-40c_3.30v -- generated by sim/harness, do not edit

Doing analysis at TEMP = -40.000000 and TNOM = 27.000000

Using SPARSE 1.3 as Direct Linear Solver

No. of Data Rows : 6
voa = 4.6968240642e-04
ddc = -1.602539151e-08
dde = 1.5525909323e-08
Reset re-loads circuit * comparator-offset-mc @ fs_-40c_3.30v -- generated by sim/harness, do not edit

Circuit: * comparator-offset-mc @ fs_-40c_3.30v -- generated by sim/harness, do not edit

Doing analysis at TEMP = -40.000000 and TNOM = 27.000000

Using SPARSE 1.3 as Direct Linear Solver

No. of Data Rows : 6
voa = -4.563651065e-04
ddc = 1.1206804715e-07
dde = -1.101392328e-07
Reset re-loads circuit * comparator-offset-mc @ fs_-40c_3.30v -- generated by sim/harness, do not edit

Circuit: * comparator-offset-mc @ fs_-40c_3.30v -- generated by sim/harness, do not edit

Doing analysis at TEMP = -40.000000 and TNOM = 27.000000

Using SPARSE 1.3 as Direct Linear Solver

No. of Data Rows : 6
voa = -2.052781165e-03
ddc = 5.2074772483e-07
dde = -5.121743489e-07
Reset re-loads circuit * comparator-offset-mc @ fs_-40c_3.30v -- generated by sim/harness, do not edit

Circuit: * comparator-offset-mc @ fs_-40c_3.30v -- generated by sim/harness, do not edit

Doing analysis at TEMP = -40.000000 and TNOM = 27.000000

Using SPARSE 1.3 as Direct Linear Solver

No. of Data Rows : 6
voa = -8.795799580e-04
ddc = 2.4712945273e-07
dde = -2.430105082e-07
Reset re-loads circuit * comparator-offset-mc @ fs_-40c_3.30v -- generated by sim/harness, do not edit

Circuit: * comparator-offset-mc @ fs_-40c_3.30v -- generated by sim/harness, do not edit

Doing analysis at TEMP = -40.000000 and TNOM = 27.000000

Using SPARSE 1.3 as Direct Linear Solver

No. of Data Rows : 6
voa = 8.4280459294e-04
ddc = -1.735844363e-07
dde = 1.7049735324e-07
Reset re-loads circuit * comparator-offset-mc @ fs_-40c_3.30v -- generated by sim/harness, do not edit

Circuit: * comparator-offset-mc @ fs_-40c_3.30v -- generated by sim/harness, do not edit

Doing analysis at TEMP = -40.000000 and TNOM = 27.000000

Using SPARSE 1.3 as Direct Linear Solver
 Reference value :  0.00000e+00
No. of Data Rows : 6
voa = -6.989468232e-04
ddc = 6.3722628971e-08
dde = -6.246220781e-08
Reset re-loads circuit * comparator-offset-mc @ fs_-40c_3.30v -- generated by sim/harness, do not edit

Circuit: * comparator-offset-mc @ fs_-40c_3.30v -- generated by sim/harness, do not edit

Doing analysis at TEMP = -40.000000 and TNOM = 27.000000

Using SPARSE 1.3 as Direct Linear Solver

No. of Data Rows : 6
voa = -5.082150426e-04
ddc = 2.1982968193e-07
dde = -2.162816900e-07
Reset re-loads circuit * comparator-offset-mc @ fs_-40c_3.30v -- generated by sim/harness, do not edit

Circuit: * comparator-offset-mc @ fs_-40c_3.30v -- generated by sim/harness, do not edit

Doing analysis at TEMP = -40.000000 and TNOM = 27.000000

Using SPARSE 1.3 as Direct Linear Solver

No. of Data Rows : 6
voa = -1.974656497e-04
ddc = 6.7312183612e-08
dde = -6.612280353e-08
Reset re-loads circuit * comparator-offset-mc @ fs_-40c_3.30v -- generated by sim/harness, do not edit

Circuit: * comparator-offset-mc @ fs_-40c_3.30v -- generated by sim/harness, do not edit

Doing analysis at TEMP = -40.000000 and TNOM = 27.000000

Using SPARSE 1.3 as Direct Linear Solver

No. of Data Rows : 6
voa = 5.0881692077e-04
ddc = -1.241587805e-07
dde = 1.2200423481e-07
Reset re-loads circuit * comparator-offset-mc @ fs_-40c_3.30v -- generated by sim/harness, do not edit

Circuit: * comparator-offset-mc @ fs_-40c_3.30v -- generated by sim/harness, do not edit

Doing analysis at TEMP = -40.000000 and TNOM = 27.000000

Using SPARSE 1.3 as Direct Linear Solver

No. of Data Rows : 6
voa = 5.5703105483e-04
ddc = -1.507697267e-07
dde = 1.4826955636e-07
Reset re-loads circuit * comparator-offset-mc @ fs_-40c_3.30v -- generated by sim/harness, do not edit

Circuit: * comparator-offset-mc @ fs_-40c_3.30v -- generated by sim/harness, do not edit

Doing analysis at TEMP = -40.000000 and TNOM = 27.000000

Using SPARSE 1.3 as Direct Linear Solver

No. of Data Rows : 6
voa = 7.3519228506e-04
ddc = -1.691324187e-07
dde = 1.6619623454e-07
Reset re-loads circuit * comparator-offset-mc @ fs_-40c_3.30v -- generated by sim/harness, do not edit

Circuit: * comparator-offset-mc @ fs_-40c_3.30v -- generated by sim/harness, do not edit

Doing analysis at TEMP = -40.000000 and TNOM = 27.000000

Using SPARSE 1.3 as Direct Linear Solver

No. of Data Rows : 6
voa = -1.381068257e-03
ddc = 3.2817137711e-07
dde = -3.224749394e-07
Reset re-loads circuit * comparator-offset-mc @ fs_-40c_3.30v -- generated by sim/harness, do not edit

Circuit: * comparator-offset-mc @ fs_-40c_3.30v -- generated by sim/harness, do not edit

Doing analysis at TEMP = -40.000000 and TNOM = 27.000000

Using SPARSE 1.3 as Direct Linear Solver

No. of Data Rows : 6
voa = -1.258621814e-03
ddc = 3.1146026740e-07
dde = -3.063111723e-07
Reset re-loads circuit * comparator-offset-mc @ fs_-40c_3.30v -- generated by sim/harness, do not edit

Circuit: * comparator-offset-mc @ fs_-40c_3.30v -- generated by sim/harness, do not edit

Doing analysis at TEMP = -40.000000 and TNOM = 27.000000

Using SPARSE 1.3 as Direct Linear Solver

No. of Data Rows : 6
voa = 9.8174581311e-05
ddc = 1.1466275894e-08
dde = -1.139197557e-08
Reset re-loads circuit * comparator-offset-mc @ fs_-40c_3.30v -- generated by sim/harness, do not edit

Circuit: * comparator-offset-mc @ fs_-40c_3.30v -- generated by sim/harness, do not edit

Doing analysis at TEMP = -40.000000 and TNOM = 27.000000

Using SPARSE 1.3 as Direct Linear Solver

No. of Data Rows : 6
voa = 7.6936862063e-04
ddc = -2.464358990e-07
dde = 2.4237322711e-07
Reset re-loads circuit * comparator-offset-mc @ fs_-40c_3.30v -- generated by sim/harness, do not edit

Circuit: * comparator-offset-mc @ fs_-40c_3.30v -- generated by sim/harness, do not edit

Doing analysis at TEMP = -40.000000 and TNOM = 27.000000

Using SPARSE 1.3 as Direct Linear Solver

No. of Data Rows : 6
voa = -5.138479586e-04
ddc = 1.3182730348e-07
dde = -1.296384368e-07
Reset re-loads circuit * comparator-offset-mc @ fs_-40c_3.30v -- generated by sim/harness, do not edit

Circuit: * comparator-offset-mc @ fs_-40c_3.30v -- generated by sim/harness, do not edit

Doing analysis at TEMP = -40.000000 and TNOM = 27.000000

Using SPARSE 1.3 as Direct Linear Solver

No. of Data Rows : 6
voa = 7.2923738360e-04
ddc = -1.134151495e-07
dde = 1.1140048191e-07
Reset re-loads circuit * comparator-offset-mc @ fs_-40c_3.30v -- generated by sim/harness, do not edit

Circuit: * comparator-offset-mc @ fs_-40c_3.30v -- generated by sim/harness, do not edit

Doing analysis at TEMP = -40.000000 and TNOM = 27.000000

Using SPARSE 1.3 as Direct Linear Solver

No. of Data Rows : 6
voa = 1.3495802994e-03
ddc = -3.030643010e-07
dde = 2.9782738509e-07
Reset re-loads circuit * comparator-offset-mc @ fs_-40c_3.30v -- generated by sim/harness, do not edit

Circuit: * comparator-offset-mc @ fs_-40c_3.30v -- generated by sim/harness, do not edit

Doing analysis at TEMP = -40.000000 and TNOM = 27.000000

Using SPARSE 1.3 as Direct Linear Solver
 Reference value :  0.00000e+00
No. of Data Rows : 6
voa = -1.497298900e-04
ddc = -1.883556004e-08
dde = 1.8671882439e-08
Reset re-loads circuit * comparator-offset-mc @ fs_-40c_3.30v -- generated by sim/harness, do not edit

Circuit: * comparator-offset-mc @ fs_-40c_3.30v -- generated by sim/harness, do not edit

Doing analysis at TEMP = -40.000000 and TNOM = 27.000000

Using SPARSE 1.3 as Direct Linear Solver

No. of Data Rows : 6
voa = -1.090277341e-03
ddc = 2.4498261404e-07
dde = -2.407678746e-07
Reset re-loads circuit * comparator-offset-mc @ fs_-40c_3.30v -- generated by sim/harness, do not edit

Circuit: * comparator-offset-mc @ fs_-40c_3.30v -- generated by sim/harness, do not edit

Doing analysis at TEMP = -40.000000 and TNOM = 27.000000

Using SPARSE 1.3 as Direct Linear Solver

No. of Data Rows : 6
voa = -3.772395462e-04
ddc = 8.9853049376e-08
dde = -8.835650525e-08
Reset re-loads circuit * comparator-offset-mc @ fs_-40c_3.30v -- generated by sim/harness, do not edit

Circuit: * comparator-offset-mc @ fs_-40c_3.30v -- generated by sim/harness, do not edit

Doing analysis at TEMP = -40.000000 and TNOM = 27.000000

Using SPARSE 1.3 as Direct Linear Solver

No. of Data Rows : 6
voa = 2.5634425466e-03
ddc = -6.559950923e-07
dde = 6.4506310047e-07
Reset re-loads circuit * comparator-offset-mc @ fs_-40c_3.30v -- generated by sim/harness, do not edit

Circuit: * comparator-offset-mc @ fs_-40c_3.30v -- generated by sim/harness, do not edit

Doing analysis at TEMP = -40.000000 and TNOM = 27.000000

Using SPARSE 1.3 as Direct Linear Solver

No. of Data Rows : 6
voa = 1.4023630991e-04
ddc = 2.8733393390e-08
dde = -2.839391875e-08
Reset re-loads circuit * comparator-offset-mc @ fs_-40c_3.30v -- generated by sim/harness, do not edit

Circuit: * comparator-offset-mc @ fs_-40c_3.30v -- generated by sim/harness, do not edit

Doing analysis at TEMP = -40.000000 and TNOM = 27.000000

Using SPARSE 1.3 as Direct Linear Solver

No. of Data Rows : 6
voa = 6.6482967989e-04
ddc = -1.997313158e-07
dde = 1.9636174255e-07
Reset re-loads circuit * comparator-offset-mc @ fs_-40c_3.30v -- generated by sim/harness, do not edit

Circuit: * comparator-offset-mc @ fs_-40c_3.30v -- generated by sim/harness, do not edit

Doing analysis at TEMP = -40.000000 and TNOM = 27.000000

Using SPARSE 1.3 as Direct Linear Solver

No. of Data Rows : 6
voa = -1.239857663e-03
ddc = 3.0455049652e-07
dde = -2.994363968e-07
Reset re-loads circuit * comparator-offset-mc @ fs_-40c_3.30v -- generated by sim/harness, do not edit

Circuit: * comparator-offset-mc @ fs_-40c_3.30v -- generated by sim/harness, do not edit

Doing analysis at TEMP = -40.000000 and TNOM = 27.000000

Using SPARSE 1.3 as Direct Linear Solver

No. of Data Rows : 6
voa = -3.430633855e-04
ddc = 1.3658917550e-07
dde = -1.343265463e-07
Reset re-loads circuit * comparator-offset-mc @ fs_-40c_3.30v -- generated by sim/harness, do not edit

Circuit: * comparator-offset-mc @ fs_-40c_3.30v -- generated by sim/harness, do not edit

Doing analysis at TEMP = -40.000000 and TNOM = 27.000000

Using SPARSE 1.3 as Direct Linear Solver

No. of Data Rows : 6
voa = -7.856432036e-04
ddc = 1.9329424715e-07
dde = -1.900458583e-07
Reset re-loads circuit * comparator-offset-mc @ fs_-40c_3.30v -- generated by sim/harness, do not edit

Circuit: * comparator-offset-mc @ fs_-40c_3.30v -- generated by sim/harness, do not edit

Doing analysis at TEMP = -40.000000 and TNOM = 27.000000

Using SPARSE 1.3 as Direct Linear Solver

No. of Data Rows : 6
voa = -1.291652550e-03
ddc = 2.9744100656e-07
dde = -2.925630350e-07
Reset re-loads circuit * comparator-offset-mc @ fs_-40c_3.30v -- generated by sim/harness, do not edit

Circuit: * comparator-offset-mc @ fs_-40c_3.30v -- generated by sim/harness, do not edit

Doing analysis at TEMP = -40.000000 and TNOM = 27.000000

Using SPARSE 1.3 as Direct Linear Solver

No. of Data Rows : 6
voa = 1.4210972589e-03
ddc = -3.500178939e-07
dde = 3.4404418232e-07
Reset re-loads circuit * comparator-offset-mc @ fs_-40c_3.30v -- generated by sim/harness, do not edit

Circuit: * comparator-offset-mc @ fs_-40c_3.30v -- generated by sim/harness, do not edit

Doing analysis at TEMP = -40.000000 and TNOM = 27.000000

Using SPARSE 1.3 as Direct Linear Solver
 Reference value :  0.00000e+00
No. of Data Rows : 6
voa = 8.6026086483e-04
ddc = -1.821212596e-07
dde = 1.7890308822e-07
Reset re-loads circuit * comparator-offset-mc @ fs_-40c_3.30v -- generated by sim/harness, do not edit

Circuit: * comparator-offset-mc @ fs_-40c_3.30v -- generated by sim/harness, do not edit

Doing analysis at TEMP = -40.000000 and TNOM = 27.000000

Using SPARSE 1.3 as Direct Linear Solver

No. of Data Rows : 6
voa = 6.5513421953e-05
ddc = -6.015252421e-08
dde = 5.9262152011e-08
Reset re-loads circuit * comparator-offset-mc @ fs_-40c_3.30v -- generated by sim/harness, do not edit

Circuit: * comparator-offset-mc @ fs_-40c_3.30v -- generated by sim/harness, do not edit

Doing analysis at TEMP = -40.000000 and TNOM = 27.000000

Using SPARSE 1.3 as Direct Linear Solver

No. of Data Rows : 6
voa = 7.9168716221e-04
ddc = -1.991905990e-07
dde = 1.9579145586e-07
Reset re-loads circuit * comparator-offset-mc @ fs_-40c_3.30v -- generated by sim/harness, do not edit

Circuit: * comparator-offset-mc @ fs_-40c_3.30v -- generated by sim/harness, do not edit

Doing analysis at TEMP = -40.000000 and TNOM = 27.000000

Using SPARSE 1.3 as Direct Linear Solver

No. of Data Rows : 6
voa = 2.0091324825e-06
ddc = -9.840919944e-09
dde = 9.7263729094e-09
Reset re-loads circuit * comparator-offset-mc @ fs_-40c_3.30v -- generated by sim/harness, do not edit

Circuit: * comparator-offset-mc @ fs_-40c_3.30v -- generated by sim/harness, do not edit

Doing analysis at TEMP = -40.000000 and TNOM = 27.000000

Using SPARSE 1.3 as Direct Linear Solver

No. of Data Rows : 6
voa = 8.8818703026e-04
ddc = -1.720675946e-07
dde = 1.6904538417e-07
Reset re-loads circuit * comparator-offset-mc @ fs_-40c_3.30v -- generated by sim/harness, do not edit

Circuit: * comparator-offset-mc @ fs_-40c_3.30v -- generated by sim/harness, do not edit

Doing analysis at TEMP = -40.000000 and TNOM = 27.000000

Using SPARSE 1.3 as Direct Linear Solver

No. of Data Rows : 6
voa = 3.7703027209e-04
ddc = -7.063907569e-08
dde = 6.9406275064e-08
Reset re-loads circuit * comparator-offset-mc @ fs_-40c_3.30v -- generated by sim/harness, do not edit

Circuit: * comparator-offset-mc @ fs_-40c_3.30v -- generated by sim/harness, do not edit

Doing analysis at TEMP = -40.000000 and TNOM = 27.000000

Using SPARSE 1.3 as Direct Linear Solver

No. of Data Rows : 6
voa = 1.7696834867e-03
ddc = -3.660268642e-07
dde = 3.5962238275e-07
Reset re-loads circuit * comparator-offset-mc @ fs_-40c_3.30v -- generated by sim/harness, do not edit

Circuit: * comparator-offset-mc @ fs_-40c_3.30v -- generated by sim/harness, do not edit

Doing analysis at TEMP = -40.000000 and TNOM = 27.000000

Using SPARSE 1.3 as Direct Linear Solver

No. of Data Rows : 6
voa = -4.278525293e-04
ddc = 1.9483964355e-07
dde = -1.918439420e-07
Reset re-loads circuit * comparator-offset-mc @ fs_-40c_3.30v -- generated by sim/harness, do not edit

Circuit: * comparator-offset-mc @ fs_-40c_3.30v -- generated by sim/harness, do not edit

Doing analysis at TEMP = -40.000000 and TNOM = 27.000000

Using SPARSE 1.3 as Direct Linear Solver

No. of Data Rows : 6
voa = 3.5645620418e-04
ddc = -4.396609343e-08
dde = 4.3202175905e-08
Reset re-loads circuit * comparator-offset-mc @ fs_-40c_3.30v -- generated by sim/harness, do not edit

Circuit: * comparator-offset-mc @ fs_-40c_3.30v -- generated by sim/harness, do not edit

Doing analysis at TEMP = -40.000000 and TNOM = 27.000000

Using SPARSE 1.3 as Direct Linear Solver

No. of Data Rows : 6
voa = -5.067823767e-04
ddc = 1.0316798401e-07
dde = -1.012830828e-07
Reset re-loads circuit * comparator-offset-mc @ fs_-40c_3.30v -- generated by sim/harness, do not edit

Circuit: * comparator-offset-mc @ fs_-40c_3.30v -- generated by sim/harness, do not edit

Doing analysis at TEMP = -40.000000 and TNOM = 27.000000

Using SPARSE 1.3 as Direct Linear Solver
 Reference value :  2.00000e-03
No. of Data Rows : 6
voa = 3.4230476995e-04
ddc = -1.079206949e-07
dde = 1.0610254686e-07
Reset re-loads circuit * comparator-offset-mc @ fs_-40c_3.30v -- generated by sim/harness, do not edit

Circuit: * comparator-offset-mc @ fs_-40c_3.30v -- generated by sim/harness, do not edit

Doing analysis at TEMP = -40.000000 and TNOM = 27.000000

Using SPARSE 1.3 as Direct Linear Solver

No. of Data Rows : 6
voa = -8.923468737e-05
ddc = 6.7269683847e-08
dde = -6.626631817e-08
Reset re-loads circuit * comparator-offset-mc @ fs_-40c_3.30v -- generated by sim/harness, do not edit

Circuit: * comparator-offset-mc @ fs_-40c_3.30v -- generated by sim/harness, do not edit

Doing analysis at TEMP = -40.000000 and TNOM = 27.000000

Using SPARSE 1.3 as Direct Linear Solver

No. of Data Rows : 6
voa = -2.046051317e-04
ddc = 2.5254945649e-08
dde = -2.479916522e-08
Reset re-loads circuit * comparator-offset-mc @ fs_-40c_3.30v -- generated by sim/harness, do not edit

Circuit: * comparator-offset-mc @ fs_-40c_3.30v -- generated by sim/harness, do not edit

Doing analysis at TEMP = -40.000000 and TNOM = 27.000000

Using SPARSE 1.3 as Direct Linear Solver

No. of Data Rows : 6
voa = 1.2607753185e-03
ddc = -3.205921715e-07
dde = 3.1511214926e-07
m_n_samples = 2.0000000000e+02
m_sig_vos_mv = 9.3205726413e-01
m_vos_3sig_mv = 2.7961717924e+00
m_mean_vos_uv = 6.6942585789e+01
m_mean_vos_sem = 1.0157220631e+00
m_sig_dvos_dn_uv = 2.1939857757e-01
m_sig_dvos_up_uv = 2.1566712252e-01
m_mean_dvos_dn_uv = -6.242695645e-03
m_mean_dvos_up_uv = 6.1070381917e-03
m_av_mean = 2.3171000346e+01
m_av_sigma_pct = 6.9304797150e-01
m_sig_rpair_uv = 0.0000000000e+00
m_vbias_anchor_mv = 9.2500165647e+02
Note: Simulation executed from .control section 

Warning: m=xx on .subckt line will override multiplier m hierarchy!

