
Note: Compatibility modes selected: hs a


Circuit: * comparator-offset-mc @ fs_-40c_3.63v -- generated by sim/harness, do not edit

Reset re-loads circuit * comparator-offset-mc @ fs_-40c_3.63v -- generated by sim/harness, do not edit

Circuit: * comparator-offset-mc @ fs_-40c_3.63v -- generated by sim/harness, do not edit

Doing analysis at TEMP = -40.000000 and TNOM = 27.000000

Using SPARSE 1.3 as Direct Linear Solver

No. of Data Rows : 6
voa = -4.192105925e-04
ddc = 1.4222507083e-07
dde = -1.400076769e-07
Reset re-loads circuit * comparator-offset-mc @ fs_-40c_3.63v -- generated by sim/harness, do not edit

Circuit: * comparator-offset-mc @ fs_-40c_3.63v -- generated by sim/harness, do not edit

Doing analysis at TEMP = -40.000000 and TNOM = 27.000000

Using SPARSE 1.3 as Direct Linear Solver

No. of Data Rows : 6
voa = 1.7812360022e-03
ddc = -3.204072387e-07
dde = 3.1462780190e-07
Reset re-loads circuit * comparator-offset-mc @ fs_-40c_3.63v -- generated by sim/harness, do not edit

Circuit: * comparator-offset-mc @ fs_-40c_3.63v -- generated by sim/harness, do not edit

Doing analysis at TEMP = -40.000000 and TNOM = 27.000000

Using SPARSE 1.3 as Direct Linear Solver

No. of Data Rows : 6
voa = 1.4574088960e-03
ddc = -3.698771832e-07
dde = 3.6363411768e-07
Reset re-loads circuit * comparator-offset-mc @ fs_-40c_3.63v -- generated by sim/harness, do not edit

Circuit: * comparator-offset-mc @ fs_-40c_3.63v -- generated by sim/harness, do not edit

Doing analysis at TEMP = -40.000000 and TNOM = 27.000000

Using SPARSE 1.3 as Direct Linear Solver

No. of Data Rows : 6
voa = -1.924934059e-05
ddc = 3.9953102000e-08
dde = -3.930740219e-08
Reset re-loads circuit * comparator-offset-mc @ fs_-40c_3.63v -- generated by sim/harness, do not edit

Circuit: * comparator-offset-mc @ fs_-40c_3.63v -- generated by sim/harness, do not edit

Doing analysis at TEMP = -40.000000 and TNOM = 27.000000

Using SPARSE 1.3 as Direct Linear Solver

No. of Data Rows : 6
voa = 1.8109434934e-03
ddc = -3.874104634e-07
dde = 3.8059526974e-07
Reset re-loads circuit * comparator-offset-mc @ fs_-40c_3.63v -- generated by sim/harness, do not edit

Circuit: * comparator-offset-mc @ fs_-40c_3.63v -- generated by sim/harness, do not edit

Doing analysis at TEMP = -40.000000 and TNOM = 27.000000

Using SPARSE 1.3 as Direct Linear Solver

No. of Data Rows : 6
voa = -2.921131624e-04
ddc = 1.1702675850e-07
dde = -1.151163055e-07
Reset re-loads circuit * comparator-offset-mc @ fs_-40c_3.63v -- generated by sim/harness, do not edit

Circuit: * comparator-offset-mc @ fs_-40c_3.63v -- generated by sim/harness, do not edit

Doing analysis at TEMP = -40.000000 and TNOM = 27.000000

Using SPARSE 1.3 as Direct Linear Solver

No. of Data Rows : 6
voa = -1.999742442e-04
ddc = 6.9117349007e-08
dde = -6.804972187e-08
Reset re-loads circuit * comparator-offset-mc @ fs_-40c_3.63v -- generated by sim/harness, do not edit

Circuit: * comparator-offset-mc @ fs_-40c_3.63v -- generated by sim/harness, do not edit

Doing analysis at TEMP = -40.000000 and TNOM = 27.000000

Using SPARSE 1.3 as Direct Linear Solver

No. of Data Rows : 6
voa = -2.670996590e-04
ddc = 6.3415058355e-08
dde = -6.229166424e-08
Reset re-loads circuit * comparator-offset-mc @ fs_-40c_3.63v -- generated by sim/harness, do not edit

Circuit: * comparator-offset-mc @ fs_-40c_3.63v -- generated by sim/harness, do not edit

Doing analysis at TEMP = -40.000000 and TNOM = 27.000000

Using SPARSE 1.3 as Direct Linear Solver

No. of Data Rows : 6
voa = 9.7511023536e-04
ddc = -2.966121163e-07
dde = 2.9169810399e-07
Reset re-loads circuit * comparator-offset-mc @ fs_-40c_3.63v -- generated by sim/harness, do not edit

Circuit: * comparator-offset-mc @ fs_-40c_3.63v -- generated by sim/harness, do not edit

Doing analysis at TEMP = -40.000000 and TNOM = 27.000000

Using SPARSE 1.3 as Direct Linear Solver

No. of Data Rows : 6
voa = 1.0167945831e-03
ddc = -2.855071474e-07
dde = 2.8070145652e-07
Reset re-loads circuit * comparator-offset-mc @ fs_-40c_3.63v -- generated by sim/harness, do not edit

Circuit: * comparator-offset-mc @ fs_-40c_3.63v -- generated by sim/harness, do not edit

Doing analysis at TEMP = -40.000000 and TNOM = 27.000000

Using SPARSE 1.3 as Direct Linear Solver

No. of Data Rows : 6
voa = -9.374269937e-04
ddc = 2.2047865059e-07
dde = -2.166794919e-07
Reset re-loads circuit * comparator-offset-mc @ fs_-40c_3.63v -- generated by sim/harness, do not edit

Circuit: * comparator-offset-mc @ fs_-40c_3.63v -- generated by sim/harness, do not edit

Doing analysis at TEMP = -40.000000 and TNOM = 27.000000

Using SPARSE 1.3 as Direct Linear Solver

No. of Data Rows : 6
voa = 4.4855991864e-04
ddc = -1.071088669e-07
dde = 1.0522323915e-07
Reset re-loads circuit * comparator-offset-mc @ fs_-40c_3.63v -- generated by sim/harness, do not edit

Circuit: * comparator-offset-mc @ fs_-40c_3.63v -- generated by sim/harness, do not edit

Doing analysis at TEMP = -40.000000 and TNOM = 27.000000

Using SPARSE 1.3 as Direct Linear Solver

No. of Data Rows : 6
voa = -7.639867564e-04
ddc = 1.5851430046e-07
dde = -1.556731237e-07
Reset re-loads circuit * comparator-offset-mc @ fs_-40c_3.63v -- generated by sim/harness, do not edit

Circuit: * comparator-offset-mc @ fs_-40c_3.63v -- generated by sim/harness, do not edit

Doing analysis at TEMP = -40.000000 and TNOM = 27.000000

Using SPARSE 1.3 as Direct Linear Solver

No. of Data Rows : 6
voa = 2.0909627300e-04
ddc = 5.4606435373e-08
dde = -5.394136420e-08
Reset re-loads circuit * comparator-offset-mc @ fs_-40c_3.63v -- generated by sim/harness, do not edit

Circuit: * comparator-offset-mc @ fs_-40c_3.63v -- generated by sim/harness, do not edit

Doing analysis at TEMP = -40.000000 and TNOM = 27.000000

Using SPARSE 1.3 as Direct Linear Solver

No. of Data Rows : 6
voa = 1.3318083412e-03
ddc = -3.020492035e-07
dde = 2.9687777085e-07
Reset re-loads circuit * comparator-offset-mc @ fs_-40c_3.63v -- generated by sim/harness, do not edit

Circuit: * comparator-offset-mc @ fs_-40c_3.63v -- generated by sim/harness, do not edit

Doing analysis at TEMP = -40.000000 and TNOM = 27.000000

Using SPARSE 1.3 as Direct Linear Solver
 Reference value :  0.00000e+00
No. of Data Rows : 6
voa = -1.320629418e-03
ddc = 3.5017715341e-07
dde = -3.445311977e-07
Reset re-loads circuit * comparator-offset-mc @ fs_-40c_3.63v -- generated by sim/harness, do not edit

Circuit: * comparator-offset-mc @ fs_-40c_3.63v -- generated by sim/harness, do not edit

Doing analysis at TEMP = -40.000000 and TNOM = 27.000000

Using SPARSE 1.3 as Direct Linear Solver

No. of Data Rows : 6
voa = 5.6543595140e-04
ddc = -1.272130731e-07
dde = 1.2503135335e-07
Reset re-loads circuit * comparator-offset-mc @ fs_-40c_3.63v -- generated by sim/harness, do not edit

Circuit: * comparator-offset-mc @ fs_-40c_3.63v -- generated by sim/harness, do not edit

Doing analysis at TEMP = -40.000000 and TNOM = 27.000000

Using SPARSE 1.3 as Direct Linear Solver

No. of Data Rows : 6
voa = -7.969042408e-05
ddc = 4.6674155956e-09
dde = -4.573651806e-09
Reset re-loads circuit * comparator-offset-mc @ fs_-40c_3.63v -- generated by sim/harness, do not edit

Circuit: * comparator-offset-mc @ fs_-40c_3.63v -- generated by sim/harness, do not edit

Doing analysis at TEMP = -40.000000 and TNOM = 27.000000

Using SPARSE 1.3 as Direct Linear Solver

No. of Data Rows : 6
voa = -5.320430853e-04
ddc = 1.6160030125e-07
dde = -1.588923099e-07
Reset re-loads circuit * comparator-offset-mc @ fs_-40c_3.63v -- generated by sim/harness, do not edit

Circuit: * comparator-offset-mc @ fs_-40c_3.63v -- generated by sim/harness, do not edit

Doing analysis at TEMP = -40.000000 and TNOM = 27.000000

Using SPARSE 1.3 as Direct Linear Solver

No. of Data Rows : 6
voa = 1.2363356835e-03
ddc = -2.171954176e-07
dde = 2.1312943281e-07
Reset re-loads circuit * comparator-offset-mc @ fs_-40c_3.63v -- generated by sim/harness, do not edit

Circuit: * comparator-offset-mc @ fs_-40c_3.63v -- generated by sim/harness, do not edit

Doing analysis at TEMP = -40.000000 and TNOM = 27.000000

Using SPARSE 1.3 as Direct Linear Solver

No. of Data Rows : 6
voa = -3.547792472e-04
ddc = 7.1372446670e-08
dde = -6.988781934e-08
Reset re-loads circuit * comparator-offset-mc @ fs_-40c_3.63v -- generated by sim/harness, do not edit

Circuit: * comparator-offset-mc @ fs_-40c_3.63v -- generated by sim/harness, do not edit

Doing analysis at TEMP = -40.000000 and TNOM = 27.000000

Using SPARSE 1.3 as Direct Linear Solver

No. of Data Rows : 6
voa = -7.281222716e-04
ddc = 1.6921225499e-07
dde = -1.665173320e-07
Reset re-loads circuit * comparator-offset-mc @ fs_-40c_3.63v -- generated by sim/harness, do not edit

Circuit: * comparator-offset-mc @ fs_-40c_3.63v -- generated by sim/harness, do not edit

Doing analysis at TEMP = -40.000000 and TNOM = 27.000000

Using SPARSE 1.3 as Direct Linear Solver

No. of Data Rows : 6
voa = 5.7956483516e-04
ddc = -6.907368129e-08
dde = 6.7744018325e-08
Reset re-loads circuit * comparator-offset-mc @ fs_-40c_3.63v -- generated by sim/harness, do not edit

Circuit: * comparator-offset-mc @ fs_-40c_3.63v -- generated by sim/harness, do not edit

Doing analysis at TEMP = -40.000000 and TNOM = 27.000000

Using SPARSE 1.3 as Direct Linear Solver

No. of Data Rows : 6
voa = 2.2536075691e-05
ddc = -5.266018702e-08
dde = 5.1865540852e-08
Reset re-loads circuit * comparator-offset-mc @ fs_-40c_3.63v -- generated by sim/harness, do not edit

Circuit: * comparator-offset-mc @ fs_-40c_3.63v -- generated by sim/harness, do not edit

Doing analysis at TEMP = -40.000000 and TNOM = 27.000000

Using SPARSE 1.3 as Direct Linear Solver

No. of Data Rows : 6
voa = -1.428044846e-03
ddc = 3.2646672005e-07
dde = -3.206929951e-07
Reset re-loads circuit * comparator-offset-mc @ fs_-40c_3.63v -- generated by sim/harness, do not edit

Circuit: * comparator-offset-mc @ fs_-40c_3.63v -- generated by sim/harness, do not edit

Doing analysis at TEMP = -40.000000 and TNOM = 27.000000

Using SPARSE 1.3 as Direct Linear Solver

No. of Data Rows : 6
voa = -1.111214739e-03
ddc = 3.1872076380e-07
dde = -3.135459483e-07
Reset re-loads circuit * comparator-offset-mc @ fs_-40c_3.63v -- generated by sim/harness, do not edit

Circuit: * comparator-offset-mc @ fs_-40c_3.63v -- generated by sim/harness, do not edit

Doing analysis at TEMP = -40.000000 and TNOM = 27.000000

Using SPARSE 1.3 as Direct Linear Solver

No. of Data Rows : 6
voa = -5.844845141e-04
ddc = 1.9339128005e-07
dde = -1.903286339e-07
Reset re-loads circuit * comparator-offset-mc @ fs_-40c_3.63v -- generated by sim/harness, do not edit

Circuit: * comparator-offset-mc @ fs_-40c_3.63v -- generated by sim/harness, do not edit

Doing analysis at TEMP = -40.000000 and TNOM = 27.000000

Using SPARSE 1.3 as Direct Linear Solver

No. of Data Rows : 6
voa = 8.5818758860e-05
ddc = 1.9809258742e-08
dde = -1.968563209e-08
Reset re-loads circuit * comparator-offset-mc @ fs_-40c_3.63v -- generated by sim/harness, do not edit

Circuit: * comparator-offset-mc @ fs_-40c_3.63v -- generated by sim/harness, do not edit

Doing analysis at TEMP = -40.000000 and TNOM = 27.000000

Using SPARSE 1.3 as Direct Linear Solver

No. of Data Rows : 6
voa = -1.793930769e-04
ddc = -1.729160172e-08
dde = 1.7187300819e-08
Reset re-loads circuit * comparator-offset-mc @ fs_-40c_3.63v -- generated by sim/harness, do not edit

Circuit: * comparator-offset-mc @ fs_-40c_3.63v -- generated by sim/harness, do not edit

Doing analysis at TEMP = -40.000000 and TNOM = 27.000000

Using SPARSE 1.3 as Direct Linear Solver

No. of Data Rows : 6
voa = 2.1454077466e-04
ddc = -6.651179953e-09
dde = 6.4935560582e-09
Reset re-loads circuit * comparator-offset-mc @ fs_-40c_3.63v -- generated by sim/harness, do not edit

Circuit: * comparator-offset-mc @ fs_-40c_3.63v -- generated by sim/harness, do not edit

Doing analysis at TEMP = -40.000000 and TNOM = 27.000000

Using SPARSE 1.3 as Direct Linear Solver

No. of Data Rows : 6
voa = 1.8848433716e-03
ddc = -5.135089728e-07
dde = 5.0485204864e-07
Reset re-loads circuit * comparator-offset-mc @ fs_-40c_3.63v -- generated by sim/harness, do not edit

Circuit: * comparator-offset-mc @ fs_-40c_3.63v -- generated by sim/harness, do not edit

Doing analysis at TEMP = -40.000000 and TNOM = 27.000000

Using SPARSE 1.3 as Direct Linear Solver

No. of Data Rows : 6
voa = -9.778855967e-04
ddc = 1.9004928680e-07
dde = -1.868729136e-07
Reset re-loads circuit * comparator-offset-mc @ fs_-40c_3.63v -- generated by sim/harness, do not edit

Circuit: * comparator-offset-mc @ fs_-40c_3.63v -- generated by sim/harness, do not edit

Doing analysis at TEMP = -40.000000 and TNOM = 27.000000

Using SPARSE 1.3 as Direct Linear Solver

No. of Data Rows : 6
voa = 4.5200437271e-04
ddc = -9.784234300e-08
dde = 9.6054737423e-08
Reset re-loads circuit * comparator-offset-mc @ fs_-40c_3.63v -- generated by sim/harness, do not edit

Circuit: * comparator-offset-mc @ fs_-40c_3.63v -- generated by sim/harness, do not edit

Doing analysis at TEMP = -40.000000 and TNOM = 27.000000

Using SPARSE 1.3 as Direct Linear Solver

No. of Data Rows : 6
voa = -1.428173012e-04
ddc = 1.0318185851e-08
dde = -1.006928977e-08
Reset re-loads circuit * comparator-offset-mc @ fs_-40c_3.63v -- generated by sim/harness, do not edit

Circuit: * comparator-offset-mc @ fs_-40c_3.63v -- generated by sim/harness, do not edit

Doing analysis at TEMP = -40.000000 and TNOM = 27.000000

Using SPARSE 1.3 as Direct Linear Solver

No. of Data Rows : 6
voa = 2.3055031224e-03
ddc = -4.411735748e-07
dde = 4.3321816334e-07
Reset re-loads circuit * comparator-offset-mc @ fs_-40c_3.63v -- generated by sim/harness, do not edit

Circuit: * comparator-offset-mc @ fs_-40c_3.63v -- generated by sim/harness, do not edit

Doing analysis at TEMP = -40.000000 and TNOM = 27.000000

Using SPARSE 1.3 as Direct Linear Solver

No. of Data Rows : 6
voa = -3.953004394e-04
ddc = 1.2348038543e-07
dde = -1.215051541e-07
Reset re-loads circuit * comparator-offset-mc @ fs_-40c_3.63v -- generated by sim/harness, do not edit

Circuit: * comparator-offset-mc @ fs_-40c_3.63v -- generated by sim/harness, do not edit

Doing analysis at TEMP = -40.000000 and TNOM = 27.000000

Using SPARSE 1.3 as Direct Linear Solver
 Reference value :  0.00000e+00
No. of Data Rows : 6
voa = 2.8004993790e-04
ddc = -1.201667995e-08
dde = 1.1648629940e-08
Reset re-loads circuit * comparator-offset-mc @ fs_-40c_3.63v -- generated by sim/harness, do not edit

Circuit: * comparator-offset-mc @ fs_-40c_3.63v -- generated by sim/harness, do not edit

Doing analysis at TEMP = -40.000000 and TNOM = 27.000000

Using SPARSE 1.3 as Direct Linear Solver

No. of Data Rows : 6
voa = 9.5713416094e-04
ddc = -2.434468902e-07
dde = 2.3928318066e-07
Reset re-loads circuit * comparator-offset-mc @ fs_-40c_3.63v -- generated by sim/harness, do not edit

Circuit: * comparator-offset-mc @ fs_-40c_3.63v -- generated by sim/harness, do not edit

Doing analysis at TEMP = -40.000000 and TNOM = 27.000000

Using SPARSE 1.3 as Direct Linear Solver

No. of Data Rows : 6
voa = 7.0178140127e-04
ddc = -1.691012447e-07
dde = 1.6625902351e-07
Reset re-loads circuit * comparator-offset-mc @ fs_-40c_3.63v -- generated by sim/harness, do not edit

Circuit: * comparator-offset-mc @ fs_-40c_3.63v -- generated by sim/harness, do not edit

Doing analysis at TEMP = -40.000000 and TNOM = 27.000000

Using SPARSE 1.3 as Direct Linear Solver

No. of Data Rows : 6
voa = -1.797012010e-03
ddc = 4.5716131494e-07
dde = -4.497366894e-07
Reset re-loads circuit * comparator-offset-mc @ fs_-40c_3.63v -- generated by sim/harness, do not edit

Circuit: * comparator-offset-mc @ fs_-40c_3.63v -- generated by sim/harness, do not edit

Doing analysis at TEMP = -40.000000 and TNOM = 27.000000

Using SPARSE 1.3 as Direct Linear Solver

No. of Data Rows : 6
voa = -4.936327927e-04
ddc = 1.2705839309e-07
dde = -1.248954232e-07
Reset re-loads circuit * comparator-offset-mc @ fs_-40c_3.63v -- generated by sim/harness, do not edit

Circuit: * comparator-offset-mc @ fs_-40c_3.63v -- generated by sim/harness, do not edit

Doing analysis at TEMP = -40.000000 and TNOM = 27.000000

Using SPARSE 1.3 as Direct Linear Solver

No. of Data Rows : 6
voa = 8.2591035248e-04
ddc = -1.122928936e-07
dde = 1.1004010995e-07
Reset re-loads circuit * comparator-offset-mc @ fs_-40c_3.63v -- generated by sim/harness, do not edit

Circuit: * comparator-offset-mc @ fs_-40c_3.63v -- generated by sim/harness, do not edit

Doing analysis at TEMP = -40.000000 and TNOM = 27.000000

Using SPARSE 1.3 as Direct Linear Solver

No. of Data Rows : 6
voa = -9.135804726e-04
ddc = 2.3326355350e-07
dde = -2.294652004e-07
Reset re-loads circuit * comparator-offset-mc @ fs_-40c_3.63v -- generated by sim/harness, do not edit

Circuit: * comparator-offset-mc @ fs_-40c_3.63v -- generated by sim/harness, do not edit

Doing analysis at TEMP = -40.000000 and TNOM = 27.000000

Using SPARSE 1.3 as Direct Linear Solver

No. of Data Rows : 6
voa = -1.189080804e-03
ddc = 3.0123185916e-07
dde = -2.964210215e-07
Reset re-loads circuit * comparator-offset-mc @ fs_-40c_3.63v -- generated by sim/harness, do not edit

Circuit: * comparator-offset-mc @ fs_-40c_3.63v -- generated by sim/harness, do not edit

Doing analysis at TEMP = -40.000000 and TNOM = 27.000000

Using SPARSE 1.3 as Direct Linear Solver

No. of Data Rows : 6
voa = -1.387128579e-03
ddc = 3.2695545470e-07
dde = -3.215797754e-07
Reset re-loads circuit * comparator-offset-mc @ fs_-40c_3.63v -- generated by sim/harness, do not edit

Circuit: * comparator-offset-mc @ fs_-40c_3.63v -- generated by sim/harness, do not edit

Doing analysis at TEMP = -40.000000 and TNOM = 27.000000

Using SPARSE 1.3 as Direct Linear Solver

No. of Data Rows : 6
voa = 2.6657644237e-03
ddc = -5.120161067e-07
dde = 5.0291838112e-07
Reset re-loads circuit * comparator-offset-mc @ fs_-40c_3.63v -- generated by sim/harness, do not edit

Circuit: * comparator-offset-mc @ fs_-40c_3.63v -- generated by sim/harness, do not edit

Doing analysis at TEMP = -40.000000 and TNOM = 27.000000

Using SPARSE 1.3 as Direct Linear Solver

No. of Data Rows : 6
voa = -2.072686281e-04
ddc = -3.137860655e-08
dde = 3.1101691807e-08
Reset re-loads circuit * comparator-offset-mc @ fs_-40c_3.63v -- generated by sim/harness, do not edit

Circuit: * comparator-offset-mc @ fs_-40c_3.63v -- generated by sim/harness, do not edit

Doing analysis at TEMP = -40.000000 and TNOM = 27.000000

Using SPARSE 1.3 as Direct Linear Solver

No. of Data Rows : 6
voa = 1.1046883372e-03
ddc = -2.595301450e-07
dde = 2.5514030134e-07
Reset re-loads circuit * comparator-offset-mc @ fs_-40c_3.63v -- generated by sim/harness, do not edit

Circuit: * comparator-offset-mc @ fs_-40c_3.63v -- generated by sim/harness, do not edit

Doing analysis at TEMP = -40.000000 and TNOM = 27.000000

Using SPARSE 1.3 as Direct Linear Solver

No. of Data Rows : 6
voa = -4.564995404e-04
ddc = 1.5102281189e-07
dde = -1.486078042e-07
Reset re-loads circuit * comparator-offset-mc @ fs_-40c_3.63v -- generated by sim/harness, do not edit

Circuit: * comparator-offset-mc @ fs_-40c_3.63v -- generated by sim/harness, do not edit

Doing analysis at TEMP = -40.000000 and TNOM = 27.000000

Using SPARSE 1.3 as Direct Linear Solver

No. of Data Rows : 6
voa = 5.3804944500e-05
ddc = 4.6407423477e-08
dde = -4.567805421e-08
Reset re-loads circuit * comparator-offset-mc @ fs_-40c_3.63v -- generated by sim/harness, do not edit

Circuit: * comparator-offset-mc @ fs_-40c_3.63v -- generated by sim/harness, do not edit

Doing analysis at TEMP = -40.000000 and TNOM = 27.000000

Using SPARSE 1.3 as Direct Linear Solver

No. of Data Rows : 6
voa = -5.322311762e-04
ddc = 2.1273895770e-07
dde = -2.093248038e-07
Reset re-loads circuit * comparator-offset-mc @ fs_-40c_3.63v -- generated by sim/harness, do not edit

Circuit: * comparator-offset-mc @ fs_-40c_3.63v -- generated by sim/harness, do not edit

Doing analysis at TEMP = -40.000000 and TNOM = 27.000000

Using SPARSE 1.3 as Direct Linear Solver

No. of Data Rows : 6
voa = -3.699340438e-04
ddc = 9.5888663022e-08
dde = -9.425781475e-08
Reset re-loads circuit * comparator-offset-mc @ fs_-40c_3.63v -- generated by sim/harness, do not edit

Circuit: * comparator-offset-mc @ fs_-40c_3.63v -- generated by sim/harness, do not edit

Doing analysis at TEMP = -40.000000 and TNOM = 27.000000

Using SPARSE 1.3 as Direct Linear Solver

No. of Data Rows : 6
voa = 1.0439522296e-03
ddc = -2.733674597e-07
dde = 2.6876265439e-07
Reset re-loads circuit * comparator-offset-mc @ fs_-40c_3.63v -- generated by sim/harness, do not edit

Circuit: * comparator-offset-mc @ fs_-40c_3.63v -- generated by sim/harness, do not edit

Doing analysis at TEMP = -40.000000 and TNOM = 27.000000

Using SPARSE 1.3 as Direct Linear Solver

No. of Data Rows : 6
voa = 6.0529435466e-04
ddc = -1.536343154e-07
dde = 1.5106328364e-07
Reset re-loads circuit * comparator-offset-mc @ fs_-40c_3.63v -- generated by sim/harness, do not edit

Circuit: * comparator-offset-mc @ fs_-40c_3.63v -- generated by sim/harness, do not edit

Doing analysis at TEMP = -40.000000 and TNOM = 27.000000

Using SPARSE 1.3 as Direct Linear Solver

No. of Data Rows : 6
voa = -2.001085340e-04
ddc = -2.214192246e-08
dde = 2.2010796750e-08
Reset re-loads circuit * comparator-offset-mc @ fs_-40c_3.63v -- generated by sim/harness, do not edit

Circuit: * comparator-offset-mc @ fs_-40c_3.63v -- generated by sim/harness, do not edit

Doing analysis at TEMP = -40.000000 and TNOM = 27.000000

Using SPARSE 1.3 as Direct Linear Solver

No. of Data Rows : 6
voa = -6.530494007e-04
ddc = 1.5209033967e-07
dde = -1.495138092e-07
Reset re-loads circuit * comparator-offset-mc @ fs_-40c_3.63v -- generated by sim/harness, do not edit

Circuit: * comparator-offset-mc @ fs_-40c_3.63v -- generated by sim/harness, do not edit

Doing analysis at TEMP = -40.000000 and TNOM = 27.000000

Using SPARSE 1.3 as Direct Linear Solver
 Reference value :  0.00000e+00
No. of Data Rows : 6
voa = -3.021042330e-04
ddc = 1.2372716672e-07
dde = -1.217694297e-07
Reset re-loads circuit * comparator-offset-mc @ fs_-40c_3.63v -- generated by sim/harness, do not edit

Circuit: * comparator-offset-mc @ fs_-40c_3.63v -- generated by sim/harness, do not edit

Doing analysis at TEMP = -40.000000 and TNOM = 27.000000

Using SPARSE 1.3 as Direct Linear Solver

No. of Data Rows : 6
voa = 4.3781183744e-04
ddc = -9.739606329e-08
dde = 9.5647154622e-08
Reset re-loads circuit * comparator-offset-mc @ fs_-40c_3.63v -- generated by sim/harness, do not edit

Circuit: * comparator-offset-mc @ fs_-40c_3.63v -- generated by sim/harness, do not edit

Doing analysis at TEMP = -40.000000 and TNOM = 27.000000

Using SPARSE 1.3 as Direct Linear Solver

No. of Data Rows : 6
voa = -4.450712941e-04
ddc = 1.8582290519e-07
dde = -1.829517162e-07
Reset re-loads circuit * comparator-offset-mc @ fs_-40c_3.63v -- generated by sim/harness, do not edit

Circuit: * comparator-offset-mc @ fs_-40c_3.63v -- generated by sim/harness, do not edit

Doing analysis at TEMP = -40.000000 and TNOM = 27.000000

Using SPARSE 1.3 as Direct Linear Solver

No. of Data Rows : 6
voa = -8.911740180e-04
ddc = 2.4409270229e-07
dde = -2.401991153e-07
Reset re-loads circuit * comparator-offset-mc @ fs_-40c_3.63v -- generated by sim/harness, do not edit

Circuit: * comparator-offset-mc @ fs_-40c_3.63v -- generated by sim/harness, do not edit

Doing analysis at TEMP = -40.000000 and TNOM = 27.000000

Using SPARSE 1.3 as Direct Linear Solver

No. of Data Rows : 6
voa = -3.552464756e-06
ddc = 6.8778870456e-08
dde = -6.775919297e-08
Reset re-loads circuit * comparator-offset-mc @ fs_-40c_3.63v -- generated by sim/harness, do not edit

Circuit: * comparator-offset-mc @ fs_-40c_3.63v -- generated by sim/harness, do not edit

Doing analysis at TEMP = -40.000000 and TNOM = 27.000000

Using SPARSE 1.3 as Direct Linear Solver

No. of Data Rows : 6
voa = 1.5825968458e-03
ddc = -3.047134709e-07
dde = 2.9926329276e-07
Reset re-loads circuit * comparator-offset-mc @ fs_-40c_3.63v -- generated by sim/harness, do not edit

Circuit: * comparator-offset-mc @ fs_-40c_3.63v -- generated by sim/harness, do not edit

Doing analysis at TEMP = -40.000000 and TNOM = 27.000000

Using SPARSE 1.3 as Direct Linear Solver

No. of Data Rows : 6
voa = -1.829679738e-03
ddc = 5.0515121468e-07
dde = -4.969453638e-07
Reset re-loads circuit * comparator-offset-mc @ fs_-40c_3.63v -- generated by sim/harness, do not edit

Circuit: * comparator-offset-mc @ fs_-40c_3.63v -- generated by sim/harness, do not edit

Doing analysis at TEMP = -40.000000 and TNOM = 27.000000

Using SPARSE 1.3 as Direct Linear Solver

No. of Data Rows : 6
voa = 9.8063825335e-04
ddc = -2.132738169e-07
dde = 2.0949876447e-07
Reset re-loads circuit * comparator-offset-mc @ fs_-40c_3.63v -- generated by sim/harness, do not edit

Circuit: * comparator-offset-mc @ fs_-40c_3.63v -- generated by sim/harness, do not edit

Doing analysis at TEMP = -40.000000 and TNOM = 27.000000

Using SPARSE 1.3 as Direct Linear Solver

No. of Data Rows : 6
voa = -4.110406776e-04
ddc = 1.3563925873e-07
dde = -1.335123356e-07
Reset re-loads circuit * comparator-offset-mc @ fs_-40c_3.63v -- generated by sim/harness, do not edit

Circuit: * comparator-offset-mc @ fs_-40c_3.63v -- generated by sim/harness, do not edit

Doing analysis at TEMP = -40.000000 and TNOM = 27.000000

Using SPARSE 1.3 as Direct Linear Solver

No. of Data Rows : 6
voa = 6.6947768883e-05
ddc = 5.9947685630e-08
dde = -5.912573670e-08
Reset re-loads circuit * comparator-offset-mc @ fs_-40c_3.63v -- generated by sim/harness, do not edit

Circuit: * comparator-offset-mc @ fs_-40c_3.63v -- generated by sim/harness, do not edit

Doing analysis at TEMP = -40.000000 and TNOM = 27.000000

Using SPARSE 1.3 as Direct Linear Solver

No. of Data Rows : 6
voa = -1.621083210e-04
ddc = 1.7745559845e-08
dde = -1.730263879e-08
Reset re-loads circuit * comparator-offset-mc @ fs_-40c_3.63v -- generated by sim/harness, do not edit

Circuit: * comparator-offset-mc @ fs_-40c_3.63v -- generated by sim/harness, do not edit

Doing analysis at TEMP = -40.000000 and TNOM = 27.000000

Using SPARSE 1.3 as Direct Linear Solver

No. of Data Rows : 6
voa = 3.7945925119e-04
ddc = -1.045585242e-07
dde = 1.0276932204e-07
Reset re-loads circuit * comparator-offset-mc @ fs_-40c_3.63v -- generated by sim/harness, do not edit

Circuit: * comparator-offset-mc @ fs_-40c_3.63v -- generated by sim/harness, do not edit

Doing analysis at TEMP = -40.000000 and TNOM = 27.000000

Using SPARSE 1.3 as Direct Linear Solver

No. of Data Rows : 6
voa = -1.205584040e-04
ddc = 1.4944623018e-08
dde = -1.465171286e-08
Reset re-loads circuit * comparator-offset-mc @ fs_-40c_3.63v -- generated by sim/harness, do not edit

Circuit: * comparator-offset-mc @ fs_-40c_3.63v -- generated by sim/harness, do not edit

Doing analysis at TEMP = -40.000000 and TNOM = 27.000000

Using SPARSE 1.3 as Direct Linear Solver

No. of Data Rows : 6
voa = -1.041625755e-03
ddc = 2.6232050740e-07
dde = -2.580511848e-07
Reset re-loads circuit * comparator-offset-mc @ fs_-40c_3.63v -- generated by sim/harness, do not edit

Circuit: * comparator-offset-mc @ fs_-40c_3.63v -- generated by sim/harness, do not edit

Doing analysis at TEMP = -40.000000 and TNOM = 27.000000

Using SPARSE 1.3 as Direct Linear Solver

No. of Data Rows : 6
voa = 1.1537283032e-03
ddc = -2.621563590e-07
dde = 2.5766958492e-07
Reset re-loads circuit * comparator-offset-mc @ fs_-40c_3.63v -- generated by sim/harness, do not edit

Circuit: * comparator-offset-mc @ fs_-40c_3.63v -- generated by sim/harness, do not edit

Doing analysis at TEMP = -40.000000 and TNOM = 27.000000

Using SPARSE 1.3 as Direct Linear Solver

No. of Data Rows : 6
voa = 4.0676609334e-05
ddc = 3.0429350960e-08
dde = -2.996539193e-08
Reset re-loads circuit * comparator-offset-mc @ fs_-40c_3.63v -- generated by sim/harness, do not edit

Circuit: * comparator-offset-mc @ fs_-40c_3.63v -- generated by sim/harness, do not edit

Doing analysis at TEMP = -40.000000 and TNOM = 27.000000

Using SPARSE 1.3 as Direct Linear Solver

No. of Data Rows : 6
voa = 3.6689897787e-04
ddc = -2.763132157e-08
dde = 2.7049600749e-08
Reset re-loads circuit * comparator-offset-mc @ fs_-40c_3.63v -- generated by sim/harness, do not edit

Circuit: * comparator-offset-mc @ fs_-40c_3.63v -- generated by sim/harness, do not edit

Doing analysis at TEMP = -40.000000 and TNOM = 27.000000

Using SPARSE 1.3 as Direct Linear Solver
 Reference value :  0.00000e+00
No. of Data Rows : 6
voa = 1.8503093891e-05
ddc = 2.8860849179e-08
dde = -2.853584999e-08
Reset re-loads circuit * comparator-offset-mc @ fs_-40c_3.63v -- generated by sim/harness, do not edit

Circuit: * comparator-offset-mc @ fs_-40c_3.63v -- generated by sim/harness, do not edit

Doing analysis at TEMP = -40.000000 and TNOM = 27.000000

Using SPARSE 1.3 as Direct Linear Solver

No. of Data Rows : 6
voa = -1.280079305e-03
ddc = 3.2872214470e-07
dde = -3.232727080e-07
Reset re-loads circuit * comparator-offset-mc @ fs_-40c_3.63v -- generated by sim/harness, do not edit

Circuit: * comparator-offset-mc @ fs_-40c_3.63v -- generated by sim/harness, do not edit

Doing analysis at TEMP = -40.000000 and TNOM = 27.000000

Using SPARSE 1.3 as Direct Linear Solver

No. of Data Rows : 6
voa = 1.3888385680e-04
ddc = -1.288613634e-07
dde = 1.2690366033e-07
Reset re-loads circuit * comparator-offset-mc @ fs_-40c_3.63v -- generated by sim/harness, do not edit

Circuit: * comparator-offset-mc @ fs_-40c_3.63v -- generated by sim/harness, do not edit

Doing analysis at TEMP = -40.000000 and TNOM = 27.000000

Using SPARSE 1.3 as Direct Linear Solver

No. of Data Rows : 6
voa = 1.1017198930e-03
ddc = -2.571149821e-07
dde = 2.5277161671e-07
Reset re-loads circuit * comparator-offset-mc @ fs_-40c_3.63v -- generated by sim/harness, do not edit

Circuit: * comparator-offset-mc @ fs_-40c_3.63v -- generated by sim/harness, do not edit

Doing analysis at TEMP = -40.000000 and TNOM = 27.000000

Using SPARSE 1.3 as Direct Linear Solver

No. of Data Rows : 6
voa = -4.580233831e-04
ddc = 7.9914473302e-08
dde = -7.841594424e-08
Reset re-loads circuit * comparator-offset-mc @ fs_-40c_3.63v -- generated by sim/harness, do not edit

Circuit: * comparator-offset-mc @ fs_-40c_3.63v -- generated by sim/harness, do not edit

Doing analysis at TEMP = -40.000000 and TNOM = 27.000000

Using SPARSE 1.3 as Direct Linear Solver

No. of Data Rows : 6
voa = 2.0714689446e-04
ddc = -6.310556795e-08
dde = 6.1989085241e-08
Reset re-loads circuit * comparator-offset-mc @ fs_-40c_3.63v -- generated by sim/harness, do not edit

Circuit: * comparator-offset-mc @ fs_-40c_3.63v -- generated by sim/harness, do not edit

Doing analysis at TEMP = -40.000000 and TNOM = 27.000000

Using SPARSE 1.3 as Direct Linear Solver

No. of Data Rows : 6
voa = -4.012820570e-04
ddc = 4.1818775676e-08
dde = -4.103338659e-08
Reset re-loads circuit * comparator-offset-mc @ fs_-40c_3.63v -- generated by sim/harness, do not edit

Circuit: * comparator-offset-mc @ fs_-40c_3.63v -- generated by sim/harness, do not edit

Doing analysis at TEMP = -40.000000 and TNOM = 27.000000

Using SPARSE 1.3 as Direct Linear Solver

No. of Data Rows : 6
voa = 1.1907661277e-04
ddc = 1.6279419399e-08
dde = -1.612021542e-08
Reset re-loads circuit * comparator-offset-mc @ fs_-40c_3.63v -- generated by sim/harness, do not edit

Circuit: * comparator-offset-mc @ fs_-40c_3.63v -- generated by sim/harness, do not edit

Doing analysis at TEMP = -40.000000 and TNOM = 27.000000

Using SPARSE 1.3 as Direct Linear Solver

No. of Data Rows : 6
voa = 8.6946051772e-04
ddc = -1.471058935e-07
dde = 1.4447827633e-07
Reset re-loads circuit * comparator-offset-mc @ fs_-40c_3.63v -- generated by sim/harness, do not edit

Circuit: * comparator-offset-mc @ fs_-40c_3.63v -- generated by sim/harness, do not edit

Doing analysis at TEMP = -40.000000 and TNOM = 27.000000

Using SPARSE 1.3 as Direct Linear Solver

No. of Data Rows : 6
voa = -2.755276373e-04
ddc = 9.2608443663e-08
dde = -9.125401341e-08
Reset re-loads circuit * comparator-offset-mc @ fs_-40c_3.63v -- generated by sim/harness, do not edit

Circuit: * comparator-offset-mc @ fs_-40c_3.63v -- generated by sim/harness, do not edit

Doing analysis at TEMP = -40.000000 and TNOM = 27.000000

Using SPARSE 1.3 as Direct Linear Solver

No. of Data Rows : 6
voa = 1.0866520817e-03
ddc = -2.839471664e-07
dde = 2.7910471533e-07
Reset re-loads circuit * comparator-offset-mc @ fs_-40c_3.63v -- generated by sim/harness, do not edit

Circuit: * comparator-offset-mc @ fs_-40c_3.63v -- generated by sim/harness, do not edit

Doing analysis at TEMP = -40.000000 and TNOM = 27.000000

Using SPARSE 1.3 as Direct Linear Solver

No. of Data Rows : 6
voa = 7.5921135762e-04
ddc = -1.274746635e-07
dde = 1.2509158868e-07
Reset re-loads circuit * comparator-offset-mc @ fs_-40c_3.63v -- generated by sim/harness, do not edit

Circuit: * comparator-offset-mc @ fs_-40c_3.63v -- generated by sim/harness, do not edit

Doing analysis at TEMP = -40.000000 and TNOM = 27.000000

Using SPARSE 1.3 as Direct Linear Solver

No. of Data Rows : 6
voa = 4.8065815325e-04
ddc = -1.043664883e-07
dde = 1.0251208622e-07
Reset re-loads circuit * comparator-offset-mc @ fs_-40c_3.63v -- generated by sim/harness, do not edit

Circuit: * comparator-offset-mc @ fs_-40c_3.63v -- generated by sim/harness, do not edit

Doing analysis at TEMP = -40.000000 and TNOM = 27.000000

Using SPARSE 1.3 as Direct Linear Solver

No. of Data Rows : 6
voa = 8.0354379727e-04
ddc = -2.422830000e-07
dde = 2.3830409385e-07
Reset re-loads circuit * comparator-offset-mc @ fs_-40c_3.63v -- generated by sim/harness, do not edit

Circuit: * comparator-offset-mc @ fs_-40c_3.63v -- generated by sim/harness, do not edit

Doing analysis at TEMP = -40.000000 and TNOM = 27.000000

Using SPARSE 1.3 as Direct Linear Solver

No. of Data Rows : 6
voa = 2.8449123221e-06
ddc = 3.1811225510e-08
dde = -3.138315129e-08
Reset re-loads circuit * comparator-offset-mc @ fs_-40c_3.63v -- generated by sim/harness, do not edit

Circuit: * comparator-offset-mc @ fs_-40c_3.63v -- generated by sim/harness, do not edit

Doing analysis at TEMP = -40.000000 and TNOM = 27.000000

Using SPARSE 1.3 as Direct Linear Solver

No. of Data Rows : 6
voa = -1.457349097e-03
ddc = 3.2781098544e-07
dde = -3.223850505e-07
Reset re-loads circuit * comparator-offset-mc @ fs_-40c_3.63v -- generated by sim/harness, do not edit

Circuit: * comparator-offset-mc @ fs_-40c_3.63v -- generated by sim/harness, do not edit

Doing analysis at TEMP = -40.000000 and TNOM = 27.000000

Using SPARSE 1.3 as Direct Linear Solver
 Reference value :  0.00000e+00
No. of Data Rows : 6
voa = 1.0363492159e-03
ddc = -2.270217012e-07
dde = 2.2309608538e-07
Reset re-loads circuit * comparator-offset-mc @ fs_-40c_3.63v -- generated by sim/harness, do not edit

Circuit: * comparator-offset-mc @ fs_-40c_3.63v -- generated by sim/harness, do not edit

Doing analysis at TEMP = -40.000000 and TNOM = 27.000000

Using SPARSE 1.3 as Direct Linear Solver

No. of Data Rows : 6
voa = -1.571062776e-03
ddc = 2.1901110165e-07
dde = -2.146391067e-07
Reset re-loads circuit * comparator-offset-mc @ fs_-40c_3.63v -- generated by sim/harness, do not edit

Circuit: * comparator-offset-mc @ fs_-40c_3.63v -- generated by sim/harness, do not edit

Doing analysis at TEMP = -40.000000 and TNOM = 27.000000

Using SPARSE 1.3 as Direct Linear Solver

No. of Data Rows : 6
voa = 2.4266273148e-03
ddc = -5.934653697e-07
dde = 5.8334111121e-07
Reset re-loads circuit * comparator-offset-mc @ fs_-40c_3.63v -- generated by sim/harness, do not edit

Circuit: * comparator-offset-mc @ fs_-40c_3.63v -- generated by sim/harness, do not edit

Doing analysis at TEMP = -40.000000 and TNOM = 27.000000

Using SPARSE 1.3 as Direct Linear Solver

No. of Data Rows : 6
voa = -1.601193746e-04
ddc = 7.1024584607e-08
dde = -6.995419892e-08
Reset re-loads circuit * comparator-offset-mc @ fs_-40c_3.63v -- generated by sim/harness, do not edit

Circuit: * comparator-offset-mc @ fs_-40c_3.63v -- generated by sim/harness, do not edit

Doing analysis at TEMP = -40.000000 and TNOM = 27.000000

Using SPARSE 1.3 as Direct Linear Solver

No. of Data Rows : 6
voa = -3.941196941e-04
ddc = 1.5688443520e-08
dde = -1.521871723e-08
Reset re-loads circuit * comparator-offset-mc @ fs_-40c_3.63v -- generated by sim/harness, do not edit

Circuit: * comparator-offset-mc @ fs_-40c_3.63v -- generated by sim/harness, do not edit

Doing analysis at TEMP = -40.000000 and TNOM = 27.000000

Using SPARSE 1.3 as Direct Linear Solver

No. of Data Rows : 6
voa = -6.076110046e-04
ddc = 1.2618256442e-07
dde = -1.239983529e-07
Reset re-loads circuit * comparator-offset-mc @ fs_-40c_3.63v -- generated by sim/harness, do not edit

Circuit: * comparator-offset-mc @ fs_-40c_3.63v -- generated by sim/harness, do not edit

Doing analysis at TEMP = -40.000000 and TNOM = 27.000000

Using SPARSE 1.3 as Direct Linear Solver

No. of Data Rows : 6
voa = -1.739311254e-03
ddc = 3.5519908042e-07
dde = -3.491510292e-07
Reset re-loads circuit * comparator-offset-mc @ fs_-40c_3.63v -- generated by sim/harness, do not edit

Circuit: * comparator-offset-mc @ fs_-40c_3.63v -- generated by sim/harness, do not edit

Doing analysis at TEMP = -40.000000 and TNOM = 27.000000

Using SPARSE 1.3 as Direct Linear Solver

No. of Data Rows : 6
voa = -4.081736248e-04
ddc = 9.2565423990e-08
dde = -9.110137486e-08
Reset re-loads circuit * comparator-offset-mc @ fs_-40c_3.63v -- generated by sim/harness, do not edit

Circuit: * comparator-offset-mc @ fs_-40c_3.63v -- generated by sim/harness, do not edit

Doing analysis at TEMP = -40.000000 and TNOM = 27.000000

Using SPARSE 1.3 as Direct Linear Solver

No. of Data Rows : 6
voa = -8.314776212e-05
ddc = 1.6404432148e-08
dde = -1.626760730e-08
Reset re-loads circuit * comparator-offset-mc @ fs_-40c_3.63v -- generated by sim/harness, do not edit

Circuit: * comparator-offset-mc @ fs_-40c_3.63v -- generated by sim/harness, do not edit

Doing analysis at TEMP = -40.000000 and TNOM = 27.000000

Using SPARSE 1.3 as Direct Linear Solver

No. of Data Rows : 6
voa = 1.6255473703e-03
ddc = -4.064353486e-07
dde = 3.9952685012e-07
Reset re-loads circuit * comparator-offset-mc @ fs_-40c_3.63v -- generated by sim/harness, do not edit

Circuit: * comparator-offset-mc @ fs_-40c_3.63v -- generated by sim/harness, do not edit

Doing analysis at TEMP = -40.000000 and TNOM = 27.000000

Using SPARSE 1.3 as Direct Linear Solver

No. of Data Rows : 6
voa = -2.021704623e-04
ddc = 1.3920532143e-07
dde = -1.370416747e-07
Reset re-loads circuit * comparator-offset-mc @ fs_-40c_3.63v -- generated by sim/harness, do not edit

Circuit: * comparator-offset-mc @ fs_-40c_3.63v -- generated by sim/harness, do not edit

Doing analysis at TEMP = -40.000000 and TNOM = 27.000000

Using SPARSE 1.3 as Direct Linear Solver

No. of Data Rows : 6
voa = -7.255276778e-04
ddc = 1.7019388913e-07
dde = -1.671531159e-07
Reset re-loads circuit * comparator-offset-mc @ fs_-40c_3.63v -- generated by sim/harness, do not edit

Circuit: * comparator-offset-mc @ fs_-40c_3.63v -- generated by sim/harness, do not edit

Doing analysis at TEMP = -40.000000 and TNOM = 27.000000

Using SPARSE 1.3 as Direct Linear Solver

No. of Data Rows : 6
voa = -7.926732260e-04
ddc = 1.4193087792e-07
dde = -1.393221008e-07
Reset re-loads circuit * comparator-offset-mc @ fs_-40c_3.63v -- generated by sim/harness, do not edit

Circuit: * comparator-offset-mc @ fs_-40c_3.63v -- generated by sim/harness, do not edit

Doing analysis at TEMP = -40.000000 and TNOM = 27.000000

Using SPARSE 1.3 as Direct Linear Solver

No. of Data Rows : 6
voa = -5.520786645e-04
ddc = 1.5108593792e-07
dde = -1.485485112e-07
Reset re-loads circuit * comparator-offset-mc @ fs_-40c_3.63v -- generated by sim/harness, do not edit

Circuit: * comparator-offset-mc @ fs_-40c_3.63v -- generated by sim/harness, do not edit

Doing analysis at TEMP = -40.000000 and TNOM = 27.000000

Using SPARSE 1.3 as Direct Linear Solver

No. of Data Rows : 6
voa = 8.3270273159e-04
ddc = -1.901475143e-07
dde = 1.8687339576e-07
Reset re-loads circuit * comparator-offset-mc @ fs_-40c_3.63v -- generated by sim/harness, do not edit

Circuit: * comparator-offset-mc @ fs_-40c_3.63v -- generated by sim/harness, do not edit

Doing analysis at TEMP = -40.000000 and TNOM = 27.000000

Using SPARSE 1.3 as Direct Linear Solver
 Reference value :  2.00000e-03
No. of Data Rows : 6
voa = -1.949230617e-04
ddc = 8.3252048865e-08
dde = -8.195956123e-08
Reset re-loads circuit * comparator-offset-mc @ fs_-40c_3.63v -- generated by sim/harness, do not edit

Circuit: * comparator-offset-mc @ fs_-40c_3.63v -- generated by sim/harness, do not edit

Doing analysis at TEMP = -40.000000 and TNOM = 27.000000

Using SPARSE 1.3 as Direct Linear Solver

No. of Data Rows : 6
voa = 1.0165749420e-03
ddc = -2.883678010e-07
dde = 2.8353552017e-07
Reset re-loads circuit * comparator-offset-mc @ fs_-40c_3.63v -- generated by sim/harness, do not edit

Circuit: * comparator-offset-mc @ fs_-40c_3.63v -- generated by sim/harness, do not edit

Doing analysis at TEMP = -40.000000 and TNOM = 27.000000

Using SPARSE 1.3 as Direct Linear Solver

No. of Data Rows : 6
voa = 6.1921494272e-04
ddc = -1.708297973e-07
dde = 1.6799281345e-07
Reset re-loads circuit * comparator-offset-mc @ fs_-40c_3.63v -- generated by sim/harness, do not edit

Circuit: * comparator-offset-mc @ fs_-40c_3.63v -- generated by sim/harness, do not edit

Doing analysis at TEMP = -40.000000 and TNOM = 27.000000

Using SPARSE 1.3 as Direct Linear Solver

No. of Data Rows : 6
voa = -2.441102546e-04
ddc = 1.0593389263e-07
dde = -1.041769847e-07
Reset re-loads circuit * comparator-offset-mc @ fs_-40c_3.63v -- generated by sim/harness, do not edit

Circuit: * comparator-offset-mc @ fs_-40c_3.63v -- generated by sim/harness, do not edit

Doing analysis at TEMP = -40.000000 and TNOM = 27.000000

Using SPARSE 1.3 as Direct Linear Solver

No. of Data Rows : 6
voa = 2.2571117386e-03
ddc = -4.339397475e-07
dde = 4.2624857732e-07
Reset re-loads circuit * comparator-offset-mc @ fs_-40c_3.63v -- generated by sim/harness, do not edit

Circuit: * comparator-offset-mc @ fs_-40c_3.63v -- generated by sim/harness, do not edit

Doing analysis at TEMP = -40.000000 and TNOM = 27.000000

Using SPARSE 1.3 as Direct Linear Solver

No. of Data Rows : 6
voa = -6.488348266e-04
ddc = 2.0970104288e-07
dde = -2.061558652e-07
Reset re-loads circuit * comparator-offset-mc @ fs_-40c_3.63v -- generated by sim/harness, do not edit

Circuit: * comparator-offset-mc @ fs_-40c_3.63v -- generated by sim/harness, do not edit

Doing analysis at TEMP = -40.000000 and TNOM = 27.000000

Using SPARSE 1.3 as Direct Linear Solver

No. of Data Rows : 6
voa = 2.2339391169e-04
ddc = -3.074485448e-08
dde = 3.0071339017e-08
Reset re-loads circuit * comparator-offset-mc @ fs_-40c_3.63v -- generated by sim/harness, do not edit

Circuit: * comparator-offset-mc @ fs_-40c_3.63v -- generated by sim/harness, do not edit

Doing analysis at TEMP = -40.000000 and TNOM = 27.000000

Using SPARSE 1.3 as Direct Linear Solver

No. of Data Rows : 6
voa = 3.3247865853e-04
ddc = -3.751125416e-08
dde = 3.6723058867e-08
Reset re-loads circuit * comparator-offset-mc @ fs_-40c_3.63v -- generated by sim/harness, do not edit

Circuit: * comparator-offset-mc @ fs_-40c_3.63v -- generated by sim/harness, do not edit

Doing analysis at TEMP = -40.000000 and TNOM = 27.000000

Using SPARSE 1.3 as Direct Linear Solver

No. of Data Rows : 6
voa = 5.2052231489e-04
ddc = -1.429441095e-07
dde = 1.4061832311e-07
Reset re-loads circuit * comparator-offset-mc @ fs_-40c_3.63v -- generated by sim/harness, do not edit

Circuit: * comparator-offset-mc @ fs_-40c_3.63v -- generated by sim/harness, do not edit

Doing analysis at TEMP = -40.000000 and TNOM = 27.000000

Using SPARSE 1.3 as Direct Linear Solver

No. of Data Rows : 6
voa = 1.8430777749e-03
ddc = -4.284241714e-07
dde = 4.2105383474e-07
Reset re-loads circuit * comparator-offset-mc @ fs_-40c_3.63v -- generated by sim/harness, do not edit

Circuit: * comparator-offset-mc @ fs_-40c_3.63v -- generated by sim/harness, do not edit

Doing analysis at TEMP = -40.000000 and TNOM = 27.000000

Using SPARSE 1.3 as Direct Linear Solver

No. of Data Rows : 6
voa = -8.980531881e-04
ddc = 2.2672497362e-07
dde = -2.230985009e-07
Reset re-loads circuit * comparator-offset-mc @ fs_-40c_3.63v -- generated by sim/harness, do not edit

Circuit: * comparator-offset-mc @ fs_-40c_3.63v -- generated by sim/harness, do not edit

Doing analysis at TEMP = -40.000000 and TNOM = 27.000000

Using SPARSE 1.3 as Direct Linear Solver

No. of Data Rows : 6
voa = 1.0199190911e-03
ddc = -3.035379208e-07
dde = 2.9851721847e-07
Reset re-loads circuit * comparator-offset-mc @ fs_-40c_3.63v -- generated by sim/harness, do not edit

Circuit: * comparator-offset-mc @ fs_-40c_3.63v -- generated by sim/harness, do not edit

Doing analysis at TEMP = -40.000000 and TNOM = 27.000000

Using SPARSE 1.3 as Direct Linear Solver

No. of Data Rows : 6
voa = 9.2208464905e-04
ddc = -2.496969997e-07
dde = 2.4546315878e-07
Reset re-loads circuit * comparator-offset-mc @ fs_-40c_3.63v -- generated by sim/harness, do not edit

Circuit: * comparator-offset-mc @ fs_-40c_3.63v -- generated by sim/harness, do not edit

Doing analysis at TEMP = -40.000000 and TNOM = 27.000000

Using SPARSE 1.3 as Direct Linear Solver

No. of Data Rows : 6
voa = 2.4211711377e-04
ddc = -6.013300291e-08
dde = 5.9087973054e-08
Reset re-loads circuit * comparator-offset-mc @ fs_-40c_3.63v -- generated by sim/harness, do not edit

Circuit: * comparator-offset-mc @ fs_-40c_3.63v -- generated by sim/harness, do not edit

Doing analysis at TEMP = -40.000000 and TNOM = 27.000000

Using SPARSE 1.3 as Direct Linear Solver
 Reference value :  0.00000e+00
No. of Data Rows : 6
voa = 4.6762993283e-04
ddc = -3.713140346e-08
dde = 3.6326298095e-08
Reset re-loads circuit * comparator-offset-mc @ fs_-40c_3.63v -- generated by sim/harness, do not edit

Circuit: * comparator-offset-mc @ fs_-40c_3.63v -- generated by sim/harness, do not edit

Doing analysis at TEMP = -40.000000 and TNOM = 27.000000

Using SPARSE 1.3 as Direct Linear Solver

No. of Data Rows : 6
voa = 5.9535303828e-04
ddc = -2.052602052e-07
dde = 2.0194712533e-07
Reset re-loads circuit * comparator-offset-mc @ fs_-40c_3.63v -- generated by sim/harness, do not edit

Circuit: * comparator-offset-mc @ fs_-40c_3.63v -- generated by sim/harness, do not edit

Doing analysis at TEMP = -40.000000 and TNOM = 27.000000

Using SPARSE 1.3 as Direct Linear Solver

No. of Data Rows : 6
voa = 1.7060437444e-03
ddc = -3.176536529e-07
dde = 3.1192246898e-07
Reset re-loads circuit * comparator-offset-mc @ fs_-40c_3.63v -- generated by sim/harness, do not edit

Circuit: * comparator-offset-mc @ fs_-40c_3.63v -- generated by sim/harness, do not edit

Doing analysis at TEMP = -40.000000 and TNOM = 27.000000

Using SPARSE 1.3 as Direct Linear Solver

No. of Data Rows : 6
voa = -1.430573017e-03
ddc = 2.5036378807e-07
dde = -2.459490615e-07
Reset re-loads circuit * comparator-offset-mc @ fs_-40c_3.63v -- generated by sim/harness, do not edit

Circuit: * comparator-offset-mc @ fs_-40c_3.63v -- generated by sim/harness, do not edit

Doing analysis at TEMP = -40.000000 and TNOM = 27.000000

Using SPARSE 1.3 as Direct Linear Solver

No. of Data Rows : 6
voa = -5.099461243e-05
ddc = 1.4405468209e-09
dde = -1.394016632e-09
Reset re-loads circuit * comparator-offset-mc @ fs_-40c_3.63v -- generated by sim/harness, do not edit

Circuit: * comparator-offset-mc @ fs_-40c_3.63v -- generated by sim/harness, do not edit

Doing analysis at TEMP = -40.000000 and TNOM = 27.000000

Using SPARSE 1.3 as Direct Linear Solver

No. of Data Rows : 6
voa = -4.753636602e-04
ddc = 6.3015066714e-08
dde = -6.180217346e-08
Reset re-loads circuit * comparator-offset-mc @ fs_-40c_3.63v -- generated by sim/harness, do not edit

Circuit: * comparator-offset-mc @ fs_-40c_3.63v -- generated by sim/harness, do not edit

Doing analysis at TEMP = -40.000000 and TNOM = 27.000000

Using SPARSE 1.3 as Direct Linear Solver

No. of Data Rows : 6
voa = -1.790793577e-03
ddc = 3.7125876498e-07
dde = -3.651416291e-07
Reset re-loads circuit * comparator-offset-mc @ fs_-40c_3.63v -- generated by sim/harness, do not edit

Circuit: * comparator-offset-mc @ fs_-40c_3.63v -- generated by sim/harness, do not edit

Doing analysis at TEMP = -40.000000 and TNOM = 27.000000

Using SPARSE 1.3 as Direct Linear Solver

No. of Data Rows : 6
voa = 7.7792733940e-04
ddc = -1.614170869e-07
dde = 1.5867353724e-07
Reset re-loads circuit * comparator-offset-mc @ fs_-40c_3.63v -- generated by sim/harness, do not edit

Circuit: * comparator-offset-mc @ fs_-40c_3.63v -- generated by sim/harness, do not edit

Doing analysis at TEMP = -40.000000 and TNOM = 27.000000

Using SPARSE 1.3 as Direct Linear Solver

No. of Data Rows : 6
voa = -3.112145144e-04
ddc = -5.360694152e-08
dde = 5.2993033024e-08
Reset re-loads circuit * comparator-offset-mc @ fs_-40c_3.63v -- generated by sim/harness, do not edit

Circuit: * comparator-offset-mc @ fs_-40c_3.63v -- generated by sim/harness, do not edit

Doing analysis at TEMP = -40.000000 and TNOM = 27.000000

Using SPARSE 1.3 as Direct Linear Solver

No. of Data Rows : 6
voa = 2.0788892648e-04
ddc = -2.998106500e-09
dde = 2.8329114091e-09
Reset re-loads circuit * comparator-offset-mc @ fs_-40c_3.63v -- generated by sim/harness, do not edit

Circuit: * comparator-offset-mc @ fs_-40c_3.63v -- generated by sim/harness, do not edit

Doing analysis at TEMP = -40.000000 and TNOM = 27.000000

Using SPARSE 1.3 as Direct Linear Solver

No. of Data Rows : 6
voa = -1.728988439e-03
ddc = 4.1988737762e-07
dde = -4.130160018e-07
Reset re-loads circuit * comparator-offset-mc @ fs_-40c_3.63v -- generated by sim/harness, do not edit

Circuit: * comparator-offset-mc @ fs_-40c_3.63v -- generated by sim/harness, do not edit

Doing analysis at TEMP = -40.000000 and TNOM = 27.000000

Using SPARSE 1.3 as Direct Linear Solver

No. of Data Rows : 6
voa = -5.668685802e-04
ddc = 7.4747651558e-08
dde = -7.339997060e-08
Reset re-loads circuit * comparator-offset-mc @ fs_-40c_3.63v -- generated by sim/harness, do not edit

Circuit: * comparator-offset-mc @ fs_-40c_3.63v -- generated by sim/harness, do not edit

Doing analysis at TEMP = -40.000000 and TNOM = 27.000000

Using SPARSE 1.3 as Direct Linear Solver

No. of Data Rows : 6
voa = 9.8198561824e-04
ddc = -2.731298723e-07
dde = 2.6863640686e-07
Reset re-loads circuit * comparator-offset-mc @ fs_-40c_3.63v -- generated by sim/harness, do not edit

Circuit: * comparator-offset-mc @ fs_-40c_3.63v -- generated by sim/harness, do not edit

Doing analysis at TEMP = -40.000000 and TNOM = 27.000000

Using SPARSE 1.3 as Direct Linear Solver

No. of Data Rows : 6
voa = 1.3844404431e-03
ddc = -2.815731801e-07
dde = 2.7659561494e-07
Reset re-loads circuit * comparator-offset-mc @ fs_-40c_3.63v -- generated by sim/harness, do not edit

Circuit: * comparator-offset-mc @ fs_-40c_3.63v -- generated by sim/harness, do not edit

Doing analysis at TEMP = -40.000000 and TNOM = 27.000000

Using SPARSE 1.3 as Direct Linear Solver

No. of Data Rows : 6
voa = -1.451397432e-04
ddc = 5.2036821854e-08
dde = -5.117505279e-08
Reset re-loads circuit * comparator-offset-mc @ fs_-40c_3.63v -- generated by sim/harness, do not edit

Circuit: * comparator-offset-mc @ fs_-40c_3.63v -- generated by sim/harness, do not edit

Doing analysis at TEMP = -40.000000 and TNOM = 27.000000

Using SPARSE 1.3 as Direct Linear Solver

No. of Data Rows : 6
voa = -2.168232811e-04
ddc = 4.0700888481e-08
dde = -3.989179476e-08
Reset re-loads circuit * comparator-offset-mc @ fs_-40c_3.63v -- generated by sim/harness, do not edit

Circuit: * comparator-offset-mc @ fs_-40c_3.63v -- generated by sim/harness, do not edit

Doing analysis at TEMP = -40.000000 and TNOM = 27.000000

Using SPARSE 1.3 as Direct Linear Solver
 Reference value :  0.00000e+00
No. of Data Rows : 6
voa = 4.5323206394e-04
ddc = -1.064973053e-07
dde = 1.0465570100e-07
Reset re-loads circuit * comparator-offset-mc @ fs_-40c_3.63v -- generated by sim/harness, do not edit

Circuit: * comparator-offset-mc @ fs_-40c_3.63v -- generated by sim/harness, do not edit

Doing analysis at TEMP = -40.000000 and TNOM = 27.000000

Using SPARSE 1.3 as Direct Linear Solver

No. of Data Rows : 6
voa = 7.6218118422e-04
ddc = -1.600797452e-07
dde = 1.5726423014e-07
Reset re-loads circuit * comparator-offset-mc @ fs_-40c_3.63v -- generated by sim/harness, do not edit

Circuit: * comparator-offset-mc @ fs_-40c_3.63v -- generated by sim/harness, do not edit

Doing analysis at TEMP = -40.000000 and TNOM = 27.000000

Using SPARSE 1.3 as Direct Linear Solver

No. of Data Rows : 6
voa = -7.136777984e-04
ddc = 1.9077701662e-07
dde = -1.877431999e-07
Reset re-loads circuit * comparator-offset-mc @ fs_-40c_3.63v -- generated by sim/harness, do not edit

Circuit: * comparator-offset-mc @ fs_-40c_3.63v -- generated by sim/harness, do not edit

Doing analysis at TEMP = -40.000000 and TNOM = 27.000000

Using SPARSE 1.3 as Direct Linear Solver

No. of Data Rows : 6
voa = -4.012891424e-05
ddc = -6.337417822e-08
dde = 6.2535757863e-08
Reset re-loads circuit * comparator-offset-mc @ fs_-40c_3.63v -- generated by sim/harness, do not edit

Circuit: * comparator-offset-mc @ fs_-40c_3.63v -- generated by sim/harness, do not edit

Doing analysis at TEMP = -40.000000 and TNOM = 27.000000

Using SPARSE 1.3 as Direct Linear Solver

No. of Data Rows : 6
voa = -6.165659055e-05
ddc = 5.6308368081e-08
dde = -5.538842724e-08
Reset re-loads circuit * comparator-offset-mc @ fs_-40c_3.63v -- generated by sim/harness, do not edit

Circuit: * comparator-offset-mc @ fs_-40c_3.63v -- generated by sim/harness, do not edit

Doing analysis at TEMP = -40.000000 and TNOM = 27.000000

Using SPARSE 1.3 as Direct Linear Solver

No. of Data Rows : 6
voa = -3.711032910e-04
ddc = 1.5259969977e-07
dde = -1.501243284e-07
Reset re-loads circuit * comparator-offset-mc @ fs_-40c_3.63v -- generated by sim/harness, do not edit

Circuit: * comparator-offset-mc @ fs_-40c_3.63v -- generated by sim/harness, do not edit

Doing analysis at TEMP = -40.000000 and TNOM = 27.000000

Using SPARSE 1.3 as Direct Linear Solver

No. of Data Rows : 6
voa = -2.296669288e-04
ddc = 5.5409965149e-08
dde = -5.442372266e-08
Reset re-loads circuit * comparator-offset-mc @ fs_-40c_3.63v -- generated by sim/harness, do not edit

Circuit: * comparator-offset-mc @ fs_-40c_3.63v -- generated by sim/harness, do not edit

Doing analysis at TEMP = -40.000000 and TNOM = 27.000000

Using SPARSE 1.3 as Direct Linear Solver

No. of Data Rows : 6
voa = -1.607966873e-03
ddc = 3.4855890278e-07
dde = -3.424085331e-07
Reset re-loads circuit * comparator-offset-mc @ fs_-40c_3.63v -- generated by sim/harness, do not edit

Circuit: * comparator-offset-mc @ fs_-40c_3.63v -- generated by sim/harness, do not edit

Doing analysis at TEMP = -40.000000 and TNOM = 27.000000

Using SPARSE 1.3 as Direct Linear Solver

No. of Data Rows : 6
voa = 9.9306987118e-04
ddc = -1.245006844e-07
dde = 1.2193517013e-07
Reset re-loads circuit * comparator-offset-mc @ fs_-40c_3.63v -- generated by sim/harness, do not edit

Circuit: * comparator-offset-mc @ fs_-40c_3.63v -- generated by sim/harness, do not edit

Doing analysis at TEMP = -40.000000 and TNOM = 27.000000

Using SPARSE 1.3 as Direct Linear Solver

No. of Data Rows : 6
voa = 1.2590172749e-03
ddc = -2.315239325e-07
dde = 2.2729488147e-07
Reset re-loads circuit * comparator-offset-mc @ fs_-40c_3.63v -- generated by sim/harness, do not edit

Circuit: * comparator-offset-mc @ fs_-40c_3.63v -- generated by sim/harness, do not edit

Doing analysis at TEMP = -40.000000 and TNOM = 27.000000

Using SPARSE 1.3 as Direct Linear Solver

No. of Data Rows : 6
voa = 2.2157397466e-04
ddc = -8.145678089e-08
dde = 8.0035302976e-08
Reset re-loads circuit * comparator-offset-mc @ fs_-40c_3.63v -- generated by sim/harness, do not edit

Circuit: * comparator-offset-mc @ fs_-40c_3.63v -- generated by sim/harness, do not edit

Doing analysis at TEMP = -40.000000 and TNOM = 27.000000

Using SPARSE 1.3 as Direct Linear Solver

No. of Data Rows : 6
voa = -4.870538028e-04
ddc = 1.6027885828e-07
dde = -1.576499677e-07
Reset re-loads circuit * comparator-offset-mc @ fs_-40c_3.63v -- generated by sim/harness, do not edit

Circuit: * comparator-offset-mc @ fs_-40c_3.63v -- generated by sim/harness, do not edit

Doing analysis at TEMP = -40.000000 and TNOM = 27.000000

Using SPARSE 1.3 as Direct Linear Solver

No. of Data Rows : 6
voa = 1.1349459492e-03
ddc = -2.892277947e-07
dde = 2.8430627814e-07
Reset re-loads circuit * comparator-offset-mc @ fs_-40c_3.63v -- generated by sim/harness, do not edit

Circuit: * comparator-offset-mc @ fs_-40c_3.63v -- generated by sim/harness, do not edit

Doing analysis at TEMP = -40.000000 and TNOM = 27.000000

Using SPARSE 1.3 as Direct Linear Solver
 Reference value :  0.00000e+00
No. of Data Rows : 6
voa = 4.2219625495e-04
ddc = -1.334323222e-07
dde = 1.3123774723e-07
Reset re-loads circuit * comparator-offset-mc @ fs_-40c_3.63v -- generated by sim/harness, do not edit

Circuit: * comparator-offset-mc @ fs_-40c_3.63v -- generated by sim/harness, do not edit

Doing analysis at TEMP = -40.000000 and TNOM = 27.000000

Using SPARSE 1.3 as Direct Linear Solver

No. of Data Rows : 6
voa = 2.3837835021e-04
ddc = -3.090024422e-08
dde = 3.0273252583e-08
Reset re-loads circuit * comparator-offset-mc @ fs_-40c_3.63v -- generated by sim/harness, do not edit

Circuit: * comparator-offset-mc @ fs_-40c_3.63v -- generated by sim/harness, do not edit

Doing analysis at TEMP = -40.000000 and TNOM = 27.000000

Using SPARSE 1.3 as Direct Linear Solver

No. of Data Rows : 6
voa = -6.555476627e-04
ddc = 1.1625910491e-07
dde = -1.143143772e-07
Reset re-loads circuit * comparator-offset-mc @ fs_-40c_3.63v -- generated by sim/harness, do not edit

Circuit: * comparator-offset-mc @ fs_-40c_3.63v -- generated by sim/harness, do not edit

Doing analysis at TEMP = -40.000000 and TNOM = 27.000000

Using SPARSE 1.3 as Direct Linear Solver

No. of Data Rows : 6
voa = -1.892619711e-03
ddc = 4.6957858473e-07
dde = -4.616599597e-07
Reset re-loads circuit * comparator-offset-mc @ fs_-40c_3.63v -- generated by sim/harness, do not edit

Circuit: * comparator-offset-mc @ fs_-40c_3.63v -- generated by sim/harness, do not edit

Doing analysis at TEMP = -40.000000 and TNOM = 27.000000

Using SPARSE 1.3 as Direct Linear Solver

No. of Data Rows : 6
voa = -2.118665812e-04
ddc = 4.2540623111e-08
dde = -4.185744525e-08
Reset re-loads circuit * comparator-offset-mc @ fs_-40c_3.63v -- generated by sim/harness, do not edit

Circuit: * comparator-offset-mc @ fs_-40c_3.63v -- generated by sim/harness, do not edit

Doing analysis at TEMP = -40.000000 and TNOM = 27.000000

Using SPARSE 1.3 as Direct Linear Solver

No. of Data Rows : 6
voa = 5.2733628230e-07
ddc = 1.1957615897e-07
dde = -1.179190330e-07
Reset re-loads circuit * comparator-offset-mc @ fs_-40c_3.63v -- generated by sim/harness, do not edit

Circuit: * comparator-offset-mc @ fs_-40c_3.63v -- generated by sim/harness, do not edit

Doing analysis at TEMP = -40.000000 and TNOM = 27.000000

Using SPARSE 1.3 as Direct Linear Solver

No. of Data Rows : 6
voa = -8.704179944e-04
ddc = 2.2264591836e-07
dde = -2.190048223e-07
Reset re-loads circuit * comparator-offset-mc @ fs_-40c_3.63v -- generated by sim/harness, do not edit

Circuit: * comparator-offset-mc @ fs_-40c_3.63v -- generated by sim/harness, do not edit

Doing analysis at TEMP = -40.000000 and TNOM = 27.000000

Using SPARSE 1.3 as Direct Linear Solver

No. of Data Rows : 6
voa = -8.611302050e-04
ddc = 2.3945978454e-07
dde = -2.354327920e-07
Reset re-loads circuit * comparator-offset-mc @ fs_-40c_3.63v -- generated by sim/harness, do not edit

Circuit: * comparator-offset-mc @ fs_-40c_3.63v -- generated by sim/harness, do not edit

Doing analysis at TEMP = -40.000000 and TNOM = 27.000000

Using SPARSE 1.3 as Direct Linear Solver

No. of Data Rows : 6
voa = 1.3081237053e-03
ddc = -3.022687365e-07
dde = 2.9706557300e-07
Reset re-loads circuit * comparator-offset-mc @ fs_-40c_3.63v -- generated by sim/harness, do not edit

Circuit: * comparator-offset-mc @ fs_-40c_3.63v -- generated by sim/harness, do not edit

Doing analysis at TEMP = -40.000000 and TNOM = 27.000000

Using SPARSE 1.3 as Direct Linear Solver

No. of Data Rows : 6
voa = -8.117931043e-04
ddc = 1.9816905140e-07
dde = -1.947729482e-07
Reset re-loads circuit * comparator-offset-mc @ fs_-40c_3.63v -- generated by sim/harness, do not edit

Circuit: * comparator-offset-mc @ fs_-40c_3.63v -- generated by sim/harness, do not edit

Doing analysis at TEMP = -40.000000 and TNOM = 27.000000

Using SPARSE 1.3 as Direct Linear Solver

No. of Data Rows : 6
voa = 4.6976272905e-04
ddc = -1.494796633e-08
dde = 1.4464888890e-08
Reset re-loads circuit * comparator-offset-mc @ fs_-40c_3.63v -- generated by sim/harness, do not edit

Circuit: * comparator-offset-mc @ fs_-40c_3.63v -- generated by sim/harness, do not edit

Doing analysis at TEMP = -40.000000 and TNOM = 27.000000

Using SPARSE 1.3 as Direct Linear Solver

No. of Data Rows : 6
voa = -4.563608100e-04
ddc = 1.1204327655e-07
dde = -1.101965728e-07
Reset re-loads circuit * comparator-offset-mc @ fs_-40c_3.63v -- generated by sim/harness, do not edit

Circuit: * comparator-offset-mc @ fs_-40c_3.63v -- generated by sim/harness, do not edit

Doing analysis at TEMP = -40.000000 and TNOM = 27.000000

Using SPARSE 1.3 as Direct Linear Solver
 Reference value :  0.00000e+00
No. of Data Rows : 6
voa = -2.052752225e-03
ddc = 5.1923589111e-07
dde = -5.108281449e-07
Reset re-loads circuit * comparator-offset-mc @ fs_-40c_3.63v -- generated by sim/harness, do not edit

Circuit: * comparator-offset-mc @ fs_-40c_3.63v -- generated by sim/harness, do not edit

Doing analysis at TEMP = -40.000000 and TNOM = 27.000000

Using SPARSE 1.3 as Direct Linear Solver

No. of Data Rows : 6
voa = -8.795449100e-04
ddc = 2.4739320398e-07
dde = -2.433536400e-07
Reset re-loads circuit * comparator-offset-mc @ fs_-40c_3.63v -- generated by sim/harness, do not edit

Circuit: * comparator-offset-mc @ fs_-40c_3.63v -- generated by sim/harness, do not edit

Doing analysis at TEMP = -40.000000 and TNOM = 27.000000

Using SPARSE 1.3 as Direct Linear Solver

No. of Data Rows : 6
voa = 8.4282428538e-04
ddc = -1.734283778e-07
dde = 1.7032237909e-07
Reset re-loads circuit * comparator-offset-mc @ fs_-40c_3.63v -- generated by sim/harness, do not edit

Circuit: * comparator-offset-mc @ fs_-40c_3.63v -- generated by sim/harness, do not edit

Doing analysis at TEMP = -40.000000 and TNOM = 27.000000

Using SPARSE 1.3 as Direct Linear Solver

No. of Data Rows : 6
voa = -6.990333216e-04
ddc = 6.2425344352e-08
dde = -6.101150654e-08
Reset re-loads circuit * comparator-offset-mc @ fs_-40c_3.63v -- generated by sim/harness, do not edit

Circuit: * comparator-offset-mc @ fs_-40c_3.63v -- generated by sim/harness, do not edit

Doing analysis at TEMP = -40.000000 and TNOM = 27.000000

Using SPARSE 1.3 as Direct Linear Solver

No. of Data Rows : 6
voa = -5.081294076e-04
ddc = 2.2099057051e-07
dde = -2.175528541e-07
Reset re-loads circuit * comparator-offset-mc @ fs_-40c_3.63v -- generated by sim/harness, do not edit

Circuit: * comparator-offset-mc @ fs_-40c_3.63v -- generated by sim/harness, do not edit

Doing analysis at TEMP = -40.000000 and TNOM = 27.000000

Using SPARSE 1.3 as Direct Linear Solver

No. of Data Rows : 6
voa = -1.974478569e-04
ddc = 6.7476932696e-08
dde = -6.638808703e-08
Reset re-loads circuit * comparator-offset-mc @ fs_-40c_3.63v -- generated by sim/harness, do not edit

Circuit: * comparator-offset-mc @ fs_-40c_3.63v -- generated by sim/harness, do not edit

Doing analysis at TEMP = -40.000000 and TNOM = 27.000000

Using SPARSE 1.3 as Direct Linear Solver

No. of Data Rows : 6
voa = 5.0881239076e-04
ddc = -1.242187311e-07
dde = 1.2204992970e-07
Reset re-loads circuit * comparator-offset-mc @ fs_-40c_3.63v -- generated by sim/harness, do not edit

Circuit: * comparator-offset-mc @ fs_-40c_3.63v -- generated by sim/harness, do not edit

Doing analysis at TEMP = -40.000000 and TNOM = 27.000000

Using SPARSE 1.3 as Direct Linear Solver

No. of Data Rows : 6
voa = 5.5701333945e-04
ddc = -1.510697719e-07
dde = 1.4850933673e-07
Reset re-loads circuit * comparator-offset-mc @ fs_-40c_3.63v -- generated by sim/harness, do not edit

Circuit: * comparator-offset-mc @ fs_-40c_3.63v -- generated by sim/harness, do not edit

Doing analysis at TEMP = -40.000000 and TNOM = 27.000000

Using SPARSE 1.3 as Direct Linear Solver

No. of Data Rows : 6
voa = 7.3519431799e-04
ddc = -1.691949921e-07
dde = 1.6628017722e-07
Reset re-loads circuit * comparator-offset-mc @ fs_-40c_3.63v -- generated by sim/harness, do not edit

Circuit: * comparator-offset-mc @ fs_-40c_3.63v -- generated by sim/harness, do not edit

Doing analysis at TEMP = -40.000000 and TNOM = 27.000000

Using SPARSE 1.3 as Direct Linear Solver

No. of Data Rows : 6
voa = -1.381066159e-03
ddc = 3.2748280329e-07
dde = -3.218354248e-07
Reset re-loads circuit * comparator-offset-mc @ fs_-40c_3.63v -- generated by sim/harness, do not edit

Circuit: * comparator-offset-mc @ fs_-40c_3.63v -- generated by sim/harness, do not edit

Doing analysis at TEMP = -40.000000 and TNOM = 27.000000

Using SPARSE 1.3 as Direct Linear Solver

No. of Data Rows : 6
voa = -1.258609101e-03
ddc = 3.1099198449e-07
dde = -3.059479913e-07
Reset re-loads circuit * comparator-offset-mc @ fs_-40c_3.63v -- generated by sim/harness, do not edit

Circuit: * comparator-offset-mc @ fs_-40c_3.63v -- generated by sim/harness, do not edit

Doing analysis at TEMP = -40.000000 and TNOM = 27.000000

Using SPARSE 1.3 as Direct Linear Solver

No. of Data Rows : 6
voa = 9.8203825575e-05
ddc = 1.1935010078e-08
dde = -1.184483080e-08
Reset re-loads circuit * comparator-offset-mc @ fs_-40c_3.63v -- generated by sim/harness, do not edit

Circuit: * comparator-offset-mc @ fs_-40c_3.63v -- generated by sim/harness, do not edit

Doing analysis at TEMP = -40.000000 and TNOM = 27.000000

Using SPARSE 1.3 as Direct Linear Solver

No. of Data Rows : 6
voa = 7.6931158436e-04
ddc = -2.473454283e-07
dde = 2.4327034143e-07
Reset re-loads circuit * comparator-offset-mc @ fs_-40c_3.63v -- generated by sim/harness, do not edit

Circuit: * comparator-offset-mc @ fs_-40c_3.63v -- generated by sim/harness, do not edit

Doing analysis at TEMP = -40.000000 and TNOM = 27.000000

Using SPARSE 1.3 as Direct Linear Solver
 Reference value :  0.00000e+00
No. of Data Rows : 6
voa = -5.138384618e-04
ddc = 1.3190988137e-07
dde = -1.296558528e-07
Reset re-loads circuit * comparator-offset-mc @ fs_-40c_3.63v -- generated by sim/harness, do not edit

Circuit: * comparator-offset-mc @ fs_-40c_3.63v -- generated by sim/harness, do not edit

Doing analysis at TEMP = -40.000000 and TNOM = 27.000000

Using SPARSE 1.3 as Direct Linear Solver

No. of Data Rows : 6
voa = 7.2928507253e-04
ddc = -1.128305159e-07
dde = 1.1076501366e-07
Reset re-loads circuit * comparator-offset-mc @ fs_-40c_3.63v -- generated by sim/harness, do not edit

Circuit: * comparator-offset-mc @ fs_-40c_3.63v -- generated by sim/harness, do not edit

Doing analysis at TEMP = -40.000000 and TNOM = 27.000000

Using SPARSE 1.3 as Direct Linear Solver

No. of Data Rows : 6
voa = 1.3495902808e-03
ddc = -3.031853256e-07
dde = 2.9788509029e-07
Reset re-loads circuit * comparator-offset-mc @ fs_-40c_3.63v -- generated by sim/harness, do not edit

Circuit: * comparator-offset-mc @ fs_-40c_3.63v -- generated by sim/harness, do not edit

Doing analysis at TEMP = -40.000000 and TNOM = 27.000000

Using SPARSE 1.3 as Direct Linear Solver

No. of Data Rows : 6
voa = -1.497760319e-04
ddc = -1.949588932e-08
dde = 1.9305744180e-08
Reset re-loads circuit * comparator-offset-mc @ fs_-40c_3.63v -- generated by sim/harness, do not edit

Circuit: * comparator-offset-mc @ fs_-40c_3.63v -- generated by sim/harness, do not edit

Doing analysis at TEMP = -40.000000 and TNOM = 27.000000

Using SPARSE 1.3 as Direct Linear Solver

No. of Data Rows : 6
voa = -1.090286998e-03
ddc = 2.4437465903e-07
dde = -2.402522043e-07
Reset re-loads circuit * comparator-offset-mc @ fs_-40c_3.63v -- generated by sim/harness, do not edit

Circuit: * comparator-offset-mc @ fs_-40c_3.63v -- generated by sim/harness, do not edit

Doing analysis at TEMP = -40.000000 and TNOM = 27.000000

Using SPARSE 1.3 as Direct Linear Solver

No. of Data Rows : 6
voa = -3.772384219e-04
ddc = 8.9941436901e-08
dde = -8.831444197e-08
Reset re-loads circuit * comparator-offset-mc @ fs_-40c_3.63v -- generated by sim/harness, do not edit

Circuit: * comparator-offset-mc @ fs_-40c_3.63v -- generated by sim/harness, do not edit

Doing analysis at TEMP = -40.000000 and TNOM = 27.000000

Using SPARSE 1.3 as Direct Linear Solver

No. of Data Rows : 6
voa = 2.5633955474e-03
ddc = -6.569454999e-07
dde = 6.4586473553e-07
Reset re-loads circuit * comparator-offset-mc @ fs_-40c_3.63v -- generated by sim/harness, do not edit

Circuit: * comparator-offset-mc @ fs_-40c_3.63v -- generated by sim/harness, do not edit

Doing analysis at TEMP = -40.000000 and TNOM = 27.000000

Using SPARSE 1.3 as Direct Linear Solver

No. of Data Rows : 6
voa = 1.4028859587e-04
ddc = 2.9498502247e-08
dde = -2.906644195e-08
Reset re-loads circuit * comparator-offset-mc @ fs_-40c_3.63v -- generated by sim/harness, do not edit

Circuit: * comparator-offset-mc @ fs_-40c_3.63v -- generated by sim/harness, do not edit

Doing analysis at TEMP = -40.000000 and TNOM = 27.000000

Using SPARSE 1.3 as Direct Linear Solver

No. of Data Rows : 6
voa = 6.6479113585e-04
ddc = -2.003651520e-07
dde = 1.9693670725e-07
Reset re-loads circuit * comparator-offset-mc @ fs_-40c_3.63v -- generated by sim/harness, do not edit

Circuit: * comparator-offset-mc @ fs_-40c_3.63v -- generated by sim/harness, do not edit

Doing analysis at TEMP = -40.000000 and TNOM = 27.000000

Using SPARSE 1.3 as Direct Linear Solver

No. of Data Rows : 6
voa = -1.239846756e-03
ddc = 3.0420309275e-07
dde = -2.991366051e-07
Reset re-loads circuit * comparator-offset-mc @ fs_-40c_3.63v -- generated by sim/harness, do not edit

Circuit: * comparator-offset-mc @ fs_-40c_3.63v -- generated by sim/harness, do not edit

Doing analysis at TEMP = -40.000000 and TNOM = 27.000000

Using SPARSE 1.3 as Direct Linear Solver

No. of Data Rows : 6
voa = -3.430161366e-04
ddc = 1.3725260329e-07
dde = -1.349993657e-07
Reset re-loads circuit * comparator-offset-mc @ fs_-40c_3.63v -- generated by sim/harness, do not edit

Circuit: * comparator-offset-mc @ fs_-40c_3.63v -- generated by sim/harness, do not edit

Doing analysis at TEMP = -40.000000 and TNOM = 27.000000

Using SPARSE 1.3 as Direct Linear Solver
 Reference value :  0.00000e+00
No. of Data Rows : 6
voa = -7.856361762e-04
ddc = 1.9322616013e-07
dde = -1.899259831e-07
Reset re-loads circuit * comparator-offset-mc @ fs_-40c_3.63v -- generated by sim/harness, do not edit

Circuit: * comparator-offset-mc @ fs_-40c_3.63v -- generated by sim/harness, do not edit

Doing analysis at TEMP = -40.000000 and TNOM = 27.000000

Using SPARSE 1.3 as Direct Linear Solver

No. of Data Rows : 6
voa = -1.291658648e-03
ddc = 2.9677786537e-07
dde = -2.916997860e-07
Reset re-loads circuit * comparator-offset-mc @ fs_-40c_3.63v -- generated by sim/harness, do not edit

Circuit: * comparator-offset-mc @ fs_-40c_3.63v -- generated by sim/harness, do not edit

Doing analysis at TEMP = -40.000000 and TNOM = 27.000000

Using SPARSE 1.3 as Direct Linear Solver

No. of Data Rows : 6
voa = 1.4210817657e-03
ddc = -3.505032069e-07
dde = 3.4452653092e-07
Reset re-loads circuit * comparator-offset-mc @ fs_-40c_3.63v -- generated by sim/harness, do not edit

Circuit: * comparator-offset-mc @ fs_-40c_3.63v -- generated by sim/harness, do not edit

Doing analysis at TEMP = -40.000000 and TNOM = 27.000000

Using SPARSE 1.3 as Direct Linear Solver

No. of Data Rows : 6
voa = 8.6027688909e-04
ddc = -1.820177077e-07
dde = 1.7882167923e-07
Reset re-loads circuit * comparator-offset-mc @ fs_-40c_3.63v -- generated by sim/harness, do not edit

Circuit: * comparator-offset-mc @ fs_-40c_3.63v -- generated by sim/harness, do not edit

Doing analysis at TEMP = -40.000000 and TNOM = 27.000000

Using SPARSE 1.3 as Direct Linear Solver

No. of Data Rows : 6
voa = 6.5475612524e-05
ddc = -6.070843372e-08
dde = 5.9900058012e-08
Reset re-loads circuit * comparator-offset-mc @ fs_-40c_3.63v -- generated by sim/harness, do not edit

Circuit: * comparator-offset-mc @ fs_-40c_3.63v -- generated by sim/harness, do not edit

Doing analysis at TEMP = -40.000000 and TNOM = 27.000000

Using SPARSE 1.3 as Direct Linear Solver

No. of Data Rows : 6
voa = 7.9167444214e-04
ddc = -1.994835483e-07
dde = 1.9606510110e-07
Reset re-loads circuit * comparator-offset-mc @ fs_-40c_3.63v -- generated by sim/harness, do not edit

Circuit: * comparator-offset-mc @ fs_-40c_3.63v -- generated by sim/harness, do not edit

Doing analysis at TEMP = -40.000000 and TNOM = 27.000000

Using SPARSE 1.3 as Direct Linear Solver

No. of Data Rows : 6
voa = 2.0013121931e-06
ddc = -1.002701360e-08
dde = 9.8242190002e-09
Reset re-loads circuit * comparator-offset-mc @ fs_-40c_3.63v -- generated by sim/harness, do not edit

Circuit: * comparator-offset-mc @ fs_-40c_3.63v -- generated by sim/harness, do not edit

Doing analysis at TEMP = -40.000000 and TNOM = 27.000000

Using SPARSE 1.3 as Direct Linear Solver

No. of Data Rows : 6
voa = 8.8821685992e-04
ddc = -1.717641194e-07
dde = 1.6876224849e-07
Reset re-loads circuit * comparator-offset-mc @ fs_-40c_3.63v -- generated by sim/harness, do not edit

Circuit: * comparator-offset-mc @ fs_-40c_3.63v -- generated by sim/harness, do not edit

Doing analysis at TEMP = -40.000000 and TNOM = 27.000000

Using SPARSE 1.3 as Direct Linear Solver

No. of Data Rows : 6
voa = 3.7704498956e-04
ddc = -7.046616842e-08
dde = 6.9241529598e-08
Reset re-loads circuit * comparator-offset-mc @ fs_-40c_3.63v -- generated by sim/harness, do not edit

Circuit: * comparator-offset-mc @ fs_-40c_3.63v -- generated by sim/harness, do not edit

Doing analysis at TEMP = -40.000000 and TNOM = 27.000000

Using SPARSE 1.3 as Direct Linear Solver

No. of Data Rows : 6
voa = 1.7697229309e-03
ddc = -3.657169302e-07
dde = 3.5937623187e-07
Reset re-loads circuit * comparator-offset-mc @ fs_-40c_3.63v -- generated by sim/harness, do not edit

Circuit: * comparator-offset-mc @ fs_-40c_3.63v -- generated by sim/harness, do not edit

Doing analysis at TEMP = -40.000000 and TNOM = 27.000000

Using SPARSE 1.3 as Direct Linear Solver

No. of Data Rows : 6
voa = -4.277728204e-04
ddc = 1.9598285141e-07
dde = -1.929163274e-07
Reset re-loads circuit * comparator-offset-mc @ fs_-40c_3.63v -- generated by sim/harness, do not edit

Circuit: * comparator-offset-mc @ fs_-40c_3.63v -- generated by sim/harness, do not edit

Doing analysis at TEMP = -40.000000 and TNOM = 27.000000

Using SPARSE 1.3 as Direct Linear Solver
 Reference value :  0.00000e+00
No. of Data Rows : 6
voa = 3.5648946300e-04
ddc = -4.355482053e-08
dde = 4.2706373506e-08
Reset re-loads circuit * comparator-offset-mc @ fs_-40c_3.63v -- generated by sim/harness, do not edit

Circuit: * comparator-offset-mc @ fs_-40c_3.63v -- generated by sim/harness, do not edit

Doing analysis at TEMP = -40.000000 and TNOM = 27.000000

Using SPARSE 1.3 as Direct Linear Solver

No. of Data Rows : 6
voa = -5.067956376e-04
ddc = 1.0290428190e-07
dde = -1.010007615e-07
Reset re-loads circuit * comparator-offset-mc @ fs_-40c_3.63v -- generated by sim/harness, do not edit

Circuit: * comparator-offset-mc @ fs_-40c_3.63v -- generated by sim/harness, do not edit

Doing analysis at TEMP = -40.000000 and TNOM = 27.000000

Using SPARSE 1.3 as Direct Linear Solver

No. of Data Rows : 6
voa = 3.4228143408e-04
ddc = -1.082498966e-07
dde = 1.0651242532e-07
Reset re-loads circuit * comparator-offset-mc @ fs_-40c_3.63v -- generated by sim/harness, do not edit

Circuit: * comparator-offset-mc @ fs_-40c_3.63v -- generated by sim/harness, do not edit

Doing analysis at TEMP = -40.000000 and TNOM = 27.000000

Using SPARSE 1.3 as Direct Linear Solver

No. of Data Rows : 6
voa = -8.919551365e-05
ddc = 6.7813588482e-08
dde = -6.679913690e-08
Reset re-loads circuit * comparator-offset-mc @ fs_-40c_3.63v -- generated by sim/harness, do not edit

Circuit: * comparator-offset-mc @ fs_-40c_3.63v -- generated by sim/harness, do not edit

Doing analysis at TEMP = -40.000000 and TNOM = 27.000000

Using SPARSE 1.3 as Direct Linear Solver

No. of Data Rows : 6
voa = -2.046240179e-04
ddc = 2.4997185810e-08
dde = -2.456493692e-08
Reset re-loads circuit * comparator-offset-mc @ fs_-40c_3.63v -- generated by sim/harness, do not edit

Circuit: * comparator-offset-mc @ fs_-40c_3.63v -- generated by sim/harness, do not edit

Doing analysis at TEMP = -40.000000 and TNOM = 27.000000

Using SPARSE 1.3 as Direct Linear Solver

No. of Data Rows : 6
voa = 1.2607532548e-03
ddc = -3.210587856e-07
dde = 3.1569657059e-07
m_n_samples = 2.0000000000e+02
m_sig_vos_mv = 9.3206079540e-01
m_vos_3sig_mv = 2.7961823862e+00
m_mean_vos_uv = 6.6950027318e+01
m_mean_vos_sem = 1.0158311250e+00
m_sig_dvos_dn_uv = 2.1932869309e-01
m_sig_dvos_up_uv = 2.1561613150e-01
m_mean_dvos_dn_uv = -6.334432242e-03
m_mean_dvos_up_uv = 6.1707582559e-03
m_av_mean = 2.3178102510e+01
m_av_sigma_pct = 6.9794952550e-01
m_sig_rpair_uv = 0.0000000000e+00
m_vbias_anchor_mv = 9.2500165647e+02
Note: Simulation executed from .control section 

Warning: m=xx on .subckt line will override multiplier m hierarchy!

