
Note: Compatibility modes selected: hs a


Circuit: * comparator-offset-mc @ ss_-40c_3.63v -- generated by sim/harness, do not edit

Reset re-loads circuit * comparator-offset-mc @ ss_-40c_3.63v -- generated by sim/harness, do not edit

Circuit: * comparator-offset-mc @ ss_-40c_3.63v -- generated by sim/harness, do not edit

Doing analysis at TEMP = -40.000000 and TNOM = 27.000000

Using SPARSE 1.3 as Direct Linear Solver

No. of Data Rows : 6
voa = -4.182639434e-04
ddc = 1.3727265264e-07
dde = -1.351877951e-07
Reset re-loads circuit * comparator-offset-mc @ ss_-40c_3.63v -- generated by sim/harness, do not edit

Circuit: * comparator-offset-mc @ ss_-40c_3.63v -- generated by sim/harness, do not edit

Doing analysis at TEMP = -40.000000 and TNOM = 27.000000

Using SPARSE 1.3 as Direct Linear Solver

No. of Data Rows : 6
voa = 1.7880008100e-03
ddc = -2.992982783e-07
dde = 2.9266918218e-07
Reset re-loads circuit * comparator-offset-mc @ ss_-40c_3.63v -- generated by sim/harness, do not edit

Circuit: * comparator-offset-mc @ ss_-40c_3.63v -- generated by sim/harness, do not edit

Doing analysis at TEMP = -40.000000 and TNOM = 27.000000

Using SPARSE 1.3 as Direct Linear Solver
 Reference value :  0.00000e+00
No. of Data Rows : 6
voa = 1.4588826051e-03
ddc = -3.525690379e-07
dde = 3.4611899298e-07
Reset re-loads circuit * comparator-offset-mc @ ss_-40c_3.63v -- generated by sim/harness, do not edit

Circuit: * comparator-offset-mc @ ss_-40c_3.63v -- generated by sim/harness, do not edit

Doing analysis at TEMP = -40.000000 and TNOM = 27.000000

Using SPARSE 1.3 as Direct Linear Solver

No. of Data Rows : 6
voa = -1.793773163e-05
ddc = 3.9667074066e-08
dde = -3.925289843e-08
Reset re-loads circuit * comparator-offset-mc @ ss_-40c_3.63v -- generated by sim/harness, do not edit

Circuit: * comparator-offset-mc @ ss_-40c_3.63v -- generated by sim/harness, do not edit

Doing analysis at TEMP = -40.000000 and TNOM = 27.000000

Using SPARSE 1.3 as Direct Linear Solver

No. of Data Rows : 6
voa = 1.8154514354e-03
ddc = -3.659060465e-07
dde = 3.5857610306e-07
Reset re-loads circuit * comparator-offset-mc @ ss_-40c_3.63v -- generated by sim/harness, do not edit

Circuit: * comparator-offset-mc @ ss_-40c_3.63v -- generated by sim/harness, do not edit

Doing analysis at TEMP = -40.000000 and TNOM = 27.000000

Using SPARSE 1.3 as Direct Linear Solver

No. of Data Rows : 6
voa = -2.907834826e-04
ddc = 1.1346434607e-07
dde = -1.119559632e-07
Reset re-loads circuit * comparator-offset-mc @ ss_-40c_3.63v -- generated by sim/harness, do not edit

Circuit: * comparator-offset-mc @ ss_-40c_3.63v -- generated by sim/harness, do not edit

Doing analysis at TEMP = -40.000000 and TNOM = 27.000000

Using SPARSE 1.3 as Direct Linear Solver

No. of Data Rows : 6
voa = -1.994849442e-04
ddc = 6.6398196423e-08
dde = -6.573050442e-08
Reset re-loads circuit * comparator-offset-mc @ ss_-40c_3.63v -- generated by sim/harness, do not edit

Circuit: * comparator-offset-mc @ ss_-40c_3.63v -- generated by sim/harness, do not edit

Doing analysis at TEMP = -40.000000 and TNOM = 27.000000

Using SPARSE 1.3 as Direct Linear Solver

No. of Data Rows : 6
voa = -2.675295526e-04
ddc = 6.0172303349e-08
dde = -5.913927463e-08
Reset re-loads circuit * comparator-offset-mc @ ss_-40c_3.63v -- generated by sim/harness, do not edit

Circuit: * comparator-offset-mc @ ss_-40c_3.63v -- generated by sim/harness, do not edit

Doing analysis at TEMP = -40.000000 and TNOM = 27.000000

Using SPARSE 1.3 as Direct Linear Solver

No. of Data Rows : 6
voa = 9.7430918567e-04
ddc = -2.837901831e-07
dde = 2.8006406901e-07
Reset re-loads circuit * comparator-offset-mc @ ss_-40c_3.63v -- generated by sim/harness, do not edit

Circuit: * comparator-offset-mc @ ss_-40c_3.63v -- generated by sim/harness, do not edit

Doing analysis at TEMP = -40.000000 and TNOM = 27.000000

Using SPARSE 1.3 as Direct Linear Solver

No. of Data Rows : 6
voa = 1.0168244674e-03
ddc = -2.725141173e-07
dde = 2.6852234855e-07
Reset re-loads circuit * comparator-offset-mc @ ss_-40c_3.63v -- generated by sim/harness, do not edit

Circuit: * comparator-offset-mc @ ss_-40c_3.63v -- generated by sim/harness, do not edit

Doing analysis at TEMP = -40.000000 and TNOM = 27.000000

Using SPARSE 1.3 as Direct Linear Solver

No. of Data Rows : 6
voa = -9.389862965e-04
ddc = 2.0944765715e-07
dde = -2.055131915e-07
Reset re-loads circuit * comparator-offset-mc @ ss_-40c_3.63v -- generated by sim/harness, do not edit

Circuit: * comparator-offset-mc @ ss_-40c_3.63v -- generated by sim/harness, do not edit

Doing analysis at TEMP = -40.000000 and TNOM = 27.000000

Using SPARSE 1.3 as Direct Linear Solver

No. of Data Rows : 6
voa = 4.4925134683e-04
ddc = -1.017966987e-07
dde = 9.9894367052e-08
Reset re-loads circuit * comparator-offset-mc @ ss_-40c_3.63v -- generated by sim/harness, do not edit

Circuit: * comparator-offset-mc @ ss_-40c_3.63v -- generated by sim/harness, do not edit

Doing analysis at TEMP = -40.000000 and TNOM = 27.000000

Using SPARSE 1.3 as Direct Linear Solver

No. of Data Rows : 6
voa = -7.661065290e-04
ddc = 1.4985892079e-07
dde = -1.463220174e-07
Reset re-loads circuit * comparator-offset-mc @ ss_-40c_3.63v -- generated by sim/harness, do not edit

Circuit: * comparator-offset-mc @ ss_-40c_3.63v -- generated by sim/harness, do not edit

Doing analysis at TEMP = -40.000000 and TNOM = 27.000000

Using SPARSE 1.3 as Direct Linear Solver

No. of Data Rows : 6
voa = 2.1337637079e-04
ddc = 5.7005899776e-08
dde = -5.692327085e-08
Reset re-loads circuit * comparator-offset-mc @ ss_-40c_3.63v -- generated by sim/harness, do not edit

Circuit: * comparator-offset-mc @ ss_-40c_3.63v -- generated by sim/harness, do not edit

Doing analysis at TEMP = -40.000000 and TNOM = 27.000000

Using SPARSE 1.3 as Direct Linear Solver

No. of Data Rows : 6
voa = 1.3345119288e-03
ddc = -2.862380414e-07
dde = 2.8066790760e-07
Reset re-loads circuit * comparator-offset-mc @ ss_-40c_3.63v -- generated by sim/harness, do not edit

Circuit: * comparator-offset-mc @ ss_-40c_3.63v -- generated by sim/harness, do not edit

Doing analysis at TEMP = -40.000000 and TNOM = 27.000000

Using SPARSE 1.3 as Direct Linear Solver

No. of Data Rows : 6
voa = -1.321362477e-03
ddc = 3.3462299005e-07
dde = -3.287710328e-07
Reset re-loads circuit * comparator-offset-mc @ ss_-40c_3.63v -- generated by sim/harness, do not edit

Circuit: * comparator-offset-mc @ ss_-40c_3.63v -- generated by sim/harness, do not edit

Doing analysis at TEMP = -40.000000 and TNOM = 27.000000

Using SPARSE 1.3 as Direct Linear Solver

No. of Data Rows : 6
voa = 5.6662635719e-04
ddc = -1.206452763e-07
dde = 1.1809295779e-07
Reset re-loads circuit * comparator-offset-mc @ ss_-40c_3.63v -- generated by sim/harness, do not edit

Circuit: * comparator-offset-mc @ ss_-40c_3.63v -- generated by sim/harness, do not edit

Doing analysis at TEMP = -40.000000 and TNOM = 27.000000

Using SPARSE 1.3 as Direct Linear Solver

No. of Data Rows : 6
voa = -8.036055340e-05
ddc = 3.6883938336e-09
dde = -3.418913437e-09
Reset re-loads circuit * comparator-offset-mc @ ss_-40c_3.63v -- generated by sim/harness, do not edit

Circuit: * comparator-offset-mc @ ss_-40c_3.63v -- generated by sim/harness, do not edit

Doing analysis at TEMP = -40.000000 and TNOM = 27.000000

Using SPARSE 1.3 as Direct Linear Solver

No. of Data Rows : 6
voa = -5.315698955e-04
ddc = 1.5544530526e-07
dde = -1.527253071e-07
Reset re-loads circuit * comparator-offset-mc @ ss_-40c_3.63v -- generated by sim/harness, do not edit

Circuit: * comparator-offset-mc @ ss_-40c_3.63v -- generated by sim/harness, do not edit

Doing analysis at TEMP = -40.000000 and TNOM = 27.000000

Using SPARSE 1.3 as Direct Linear Solver

No. of Data Rows : 6
voa = 1.2412285066e-03
ddc = -2.025477991e-07
dde = 1.9791053775e-07
Reset re-loads circuit * comparator-offset-mc @ ss_-40c_3.63v -- generated by sim/harness, do not edit

Circuit: * comparator-offset-mc @ ss_-40c_3.63v -- generated by sim/harness, do not edit

Doing analysis at TEMP = -40.000000 and TNOM = 27.000000

Using SPARSE 1.3 as Direct Linear Solver

No. of Data Rows : 6
voa = -3.558480635e-04
ddc = 6.7242383654e-08
dde = -6.569089967e-08
Reset re-loads circuit * comparator-offset-mc @ ss_-40c_3.63v -- generated by sim/harness, do not edit

Circuit: * comparator-offset-mc @ ss_-40c_3.63v -- generated by sim/harness, do not edit

Doing analysis at TEMP = -40.000000 and TNOM = 27.000000

Using SPARSE 1.3 as Direct Linear Solver
 Reference value :  0.00000e+00
No. of Data Rows : 6
voa = -7.294151794e-04
ddc = 1.6073922632e-07
dde = -1.576801796e-07
Reset re-loads circuit * comparator-offset-mc @ ss_-40c_3.63v -- generated by sim/harness, do not edit

Circuit: * comparator-offset-mc @ ss_-40c_3.63v -- generated by sim/harness, do not edit

Doing analysis at TEMP = -40.000000 and TNOM = 27.000000

Using SPARSE 1.3 as Direct Linear Solver

No. of Data Rows : 6
voa = 5.8309081776e-04
ddc = -6.229827209e-08
dde = 6.0402921390e-08
Reset re-loads circuit * comparator-offset-mc @ ss_-40c_3.63v -- generated by sim/harness, do not edit

Circuit: * comparator-offset-mc @ ss_-40c_3.63v -- generated by sim/harness, do not edit

Doing analysis at TEMP = -40.000000 and TNOM = 27.000000

Using SPARSE 1.3 as Direct Linear Solver

No. of Data Rows : 6
voa = 2.0786667573e-05
ddc = -5.159068256e-08
dde = 5.1801553013e-08
Reset re-loads circuit * comparator-offset-mc @ ss_-40c_3.63v -- generated by sim/harness, do not edit

Circuit: * comparator-offset-mc @ ss_-40c_3.63v -- generated by sim/harness, do not edit

Doing analysis at TEMP = -40.000000 and TNOM = 27.000000

Using SPARSE 1.3 as Direct Linear Solver

No. of Data Rows : 6
voa = -1.430851333e-03
ddc = 3.0967673819e-07
dde = -3.036850141e-07
Reset re-loads circuit * comparator-offset-mc @ ss_-40c_3.63v -- generated by sim/harness, do not edit

Circuit: * comparator-offset-mc @ ss_-40c_3.63v -- generated by sim/harness, do not edit

Doing analysis at TEMP = -40.000000 and TNOM = 27.000000

Using SPARSE 1.3 as Direct Linear Solver

No. of Data Rows : 6
voa = -1.110929176e-03
ddc = 3.0543359024e-07
dde = -3.005557316e-07
Reset re-loads circuit * comparator-offset-mc @ ss_-40c_3.63v -- generated by sim/harness, do not edit

Circuit: * comparator-offset-mc @ ss_-40c_3.63v -- generated by sim/harness, do not edit

Doing analysis at TEMP = -40.000000 and TNOM = 27.000000

Using SPARSE 1.3 as Direct Linear Solver

No. of Data Rows : 6
voa = -5.833308176e-04
ddc = 1.8644428218e-07
dde = -1.836336268e-07
Reset re-loads circuit * comparator-offset-mc @ ss_-40c_3.63v -- generated by sim/harness, do not edit

Circuit: * comparator-offset-mc @ ss_-40c_3.63v -- generated by sim/harness, do not edit

Doing analysis at TEMP = -40.000000 and TNOM = 27.000000

Using SPARSE 1.3 as Direct Linear Solver

No. of Data Rows : 6
voa = 8.7484886837e-05
ddc = 2.0910038848e-08
dde = -2.086196474e-08
Reset re-loads circuit * comparator-offset-mc @ ss_-40c_3.63v -- generated by sim/harness, do not edit

Circuit: * comparator-offset-mc @ ss_-40c_3.63v -- generated by sim/harness, do not edit

Doing analysis at TEMP = -40.000000 and TNOM = 27.000000

Using SPARSE 1.3 as Direct Linear Solver

No. of Data Rows : 6
voa = -1.819478901e-04
ddc = -1.943522095e-08
dde = 1.9614356835e-08
Reset re-loads circuit * comparator-offset-mc @ ss_-40c_3.63v -- generated by sim/harness, do not edit

Circuit: * comparator-offset-mc @ ss_-40c_3.63v -- generated by sim/harness, do not edit

Doing analysis at TEMP = -40.000000 and TNOM = 27.000000

Using SPARSE 1.3 as Direct Linear Solver

No. of Data Rows : 6
voa = 2.1656354464e-04
ddc = -4.111542763e-09
dde = 3.6853343932e-09
Reset re-loads circuit * comparator-offset-mc @ ss_-40c_3.63v -- generated by sim/harness, do not edit

Circuit: * comparator-offset-mc @ ss_-40c_3.63v -- generated by sim/harness, do not edit

Doing analysis at TEMP = -40.000000 and TNOM = 27.000000

Using SPARSE 1.3 as Direct Linear Solver

No. of Data Rows : 6
voa = 1.8854068307e-03
ddc = -4.910039812e-07
dde = 4.8243225889e-07
Reset re-loads circuit * comparator-offset-mc @ ss_-40c_3.63v -- generated by sim/harness, do not edit

Circuit: * comparator-offset-mc @ ss_-40c_3.63v -- generated by sim/harness, do not edit

Doing analysis at TEMP = -40.000000 and TNOM = 27.000000

Using SPARSE 1.3 as Direct Linear Solver

No. of Data Rows : 6
voa = -9.810586199e-04
ddc = 1.7927383894e-07
dde = -1.748132394e-07
Reset re-loads circuit * comparator-offset-mc @ ss_-40c_3.63v -- generated by sim/harness, do not edit

Circuit: * comparator-offset-mc @ ss_-40c_3.63v -- generated by sim/harness, do not edit

Doing analysis at TEMP = -40.000000 and TNOM = 27.000000

Using SPARSE 1.3 as Direct Linear Solver

No. of Data Rows : 6
voa = 4.5307568511e-04
ddc = -9.247051134e-08
dde = 9.0635870516e-08
Reset re-loads circuit * comparator-offset-mc @ ss_-40c_3.63v -- generated by sim/harness, do not edit

Circuit: * comparator-offset-mc @ ss_-40c_3.63v -- generated by sim/harness, do not edit

Doing analysis at TEMP = -40.000000 and TNOM = 27.000000

Using SPARSE 1.3 as Direct Linear Solver

No. of Data Rows : 6
voa = -1.439406153e-04
ddc = 8.6841256509e-09
dde = -8.198756165e-09
Reset re-loads circuit * comparator-offset-mc @ ss_-40c_3.63v -- generated by sim/harness, do not edit

Circuit: * comparator-offset-mc @ ss_-40c_3.63v -- generated by sim/harness, do not edit

Doing analysis at TEMP = -40.000000 and TNOM = 27.000000

Using SPARSE 1.3 as Direct Linear Solver

No. of Data Rows : 6
voa = 2.3132251536e-03
ddc = -4.138612768e-07
dde = 4.0492504463e-07
Reset re-loads circuit * comparator-offset-mc @ ss_-40c_3.63v -- generated by sim/harness, do not edit

Circuit: * comparator-offset-mc @ ss_-40c_3.63v -- generated by sim/harness, do not edit

Doing analysis at TEMP = -40.000000 and TNOM = 27.000000

Using SPARSE 1.3 as Direct Linear Solver

No. of Data Rows : 6
voa = -3.948124370e-04
ddc = 1.1877124455e-07
dde = -1.169153992e-07
Reset re-loads circuit * comparator-offset-mc @ ss_-40c_3.63v -- generated by sim/harness, do not edit

Circuit: * comparator-offset-mc @ ss_-40c_3.63v -- generated by sim/harness, do not edit

Doing analysis at TEMP = -40.000000 and TNOM = 27.000000

Using SPARSE 1.3 as Direct Linear Solver

No. of Data Rows : 6
voa = 2.8256545410e-04
ddc = -8.754554769e-09
dde = 7.9536769573e-09
Reset re-loads circuit * comparator-offset-mc @ ss_-40c_3.63v -- generated by sim/harness, do not edit

Circuit: * comparator-offset-mc @ ss_-40c_3.63v -- generated by sim/harness, do not edit

Doing analysis at TEMP = -40.000000 and TNOM = 27.000000

Using SPARSE 1.3 as Direct Linear Solver
 Reference value :  0.00000e+00
No. of Data Rows : 6
voa = 9.5805933396e-04
ddc = -2.320378528e-07
dde = 2.2786135586e-07
Reset re-loads circuit * comparator-offset-mc @ ss_-40c_3.63v -- generated by sim/harness, do not edit

Circuit: * comparator-offset-mc @ ss_-40c_3.63v -- generated by sim/harness, do not edit

Doing analysis at TEMP = -40.000000 and TNOM = 27.000000

Using SPARSE 1.3 as Direct Linear Solver

No. of Data Rows : 6
voa = 7.0284065292e-04
ddc = -1.607240933e-07
dde = 1.5774553464e-07
Reset re-loads circuit * comparator-offset-mc @ ss_-40c_3.63v -- generated by sim/harness, do not edit

Circuit: * comparator-offset-mc @ ss_-40c_3.63v -- generated by sim/harness, do not edit

Doing analysis at TEMP = -40.000000 and TNOM = 27.000000

Using SPARSE 1.3 as Direct Linear Solver

No. of Data Rows : 6
voa = -1.798788073e-03
ddc = 4.3525690755e-07
dde = -4.283017268e-07
Reset re-loads circuit * comparator-offset-mc @ ss_-40c_3.63v -- generated by sim/harness, do not edit

Circuit: * comparator-offset-mc @ ss_-40c_3.63v -- generated by sim/harness, do not edit

Doing analysis at TEMP = -40.000000 and TNOM = 27.000000

Using SPARSE 1.3 as Direct Linear Solver

No. of Data Rows : 6
voa = -4.940573631e-04
ddc = 1.2124018649e-07
dde = -1.190736527e-07
Reset re-loads circuit * comparator-offset-mc @ ss_-40c_3.63v -- generated by sim/harness, do not edit

Circuit: * comparator-offset-mc @ ss_-40c_3.63v -- generated by sim/harness, do not edit

Doing analysis at TEMP = -40.000000 and TNOM = 27.000000

Using SPARSE 1.3 as Direct Linear Solver

No. of Data Rows : 6
voa = 8.3041212497e-04
ddc = -1.025135260e-07
dde = 9.9722184468e-08
Reset re-loads circuit * comparator-offset-mc @ ss_-40c_3.63v -- generated by sim/harness, do not edit

Circuit: * comparator-offset-mc @ ss_-40c_3.63v -- generated by sim/harness, do not edit

Doing analysis at TEMP = -40.000000 and TNOM = 27.000000

Using SPARSE 1.3 as Direct Linear Solver

No. of Data Rows : 6
voa = -9.143645535e-04
ddc = 2.2256327242e-07
dde = -2.185162369e-07
Reset re-loads circuit * comparator-offset-mc @ ss_-40c_3.63v -- generated by sim/harness, do not edit

Circuit: * comparator-offset-mc @ ss_-40c_3.63v -- generated by sim/harness, do not edit

Doing analysis at TEMP = -40.000000 and TNOM = 27.000000

Using SPARSE 1.3 as Direct Linear Solver

No. of Data Rows : 6
voa = -1.190217707e-03
ddc = 2.8724343976e-07
dde = -2.822560420e-07
Reset re-loads circuit * comparator-offset-mc @ ss_-40c_3.63v -- generated by sim/harness, do not edit

Circuit: * comparator-offset-mc @ ss_-40c_3.63v -- generated by sim/harness, do not edit

Doing analysis at TEMP = -40.000000 and TNOM = 27.000000

Using SPARSE 1.3 as Direct Linear Solver

No. of Data Rows : 6
voa = -1.389456232e-03
ddc = 3.1055112751e-07
dde = -3.049740332e-07
Reset re-loads circuit * comparator-offset-mc @ ss_-40c_3.63v -- generated by sim/harness, do not edit

Circuit: * comparator-offset-mc @ ss_-40c_3.63v -- generated by sim/harness, do not edit

Doing analysis at TEMP = -40.000000 and TNOM = 27.000000

Using SPARSE 1.3 as Direct Linear Solver

No. of Data Rows : 6
voa = 2.6746317793e-03
ddc = -4.803932573e-07
dde = 4.7016977196e-07
Reset re-loads circuit * comparator-offset-mc @ ss_-40c_3.63v -- generated by sim/harness, do not edit

Circuit: * comparator-offset-mc @ ss_-40c_3.63v -- generated by sim/harness, do not edit

Doing analysis at TEMP = -40.000000 and TNOM = 27.000000

Using SPARSE 1.3 as Direct Linear Solver

No. of Data Rows : 6
voa = -2.106582477e-04
ddc = -3.379894028e-08
dde = 3.3990258744e-08
Reset re-loads circuit * comparator-offset-mc @ ss_-40c_3.63v -- generated by sim/harness, do not edit

Circuit: * comparator-offset-mc @ ss_-40c_3.63v -- generated by sim/harness, do not edit

Doing analysis at TEMP = -40.000000 and TNOM = 27.000000

Using SPARSE 1.3 as Direct Linear Solver

No. of Data Rows : 6
voa = 1.1066127975e-03
ddc = -2.464708827e-07
dde = 2.4170899702e-07
Reset re-loads circuit * comparator-offset-mc @ ss_-40c_3.63v -- generated by sim/harness, do not edit

Circuit: * comparator-offset-mc @ ss_-40c_3.63v -- generated by sim/harness, do not edit

Doing analysis at TEMP = -40.000000 and TNOM = 27.000000

Using SPARSE 1.3 as Direct Linear Solver

No. of Data Rows : 6
voa = -4.555955348e-04
ddc = 1.4563086563e-07
dde = -1.433583949e-07
Reset re-loads circuit * comparator-offset-mc @ ss_-40c_3.63v -- generated by sim/harness, do not edit

Circuit: * comparator-offset-mc @ ss_-40c_3.63v -- generated by sim/harness, do not edit

Doing analysis at TEMP = -40.000000 and TNOM = 27.000000

Using SPARSE 1.3 as Direct Linear Solver

No. of Data Rows : 6
voa = 5.6129329711e-05
ddc = 4.6974138442e-08
dde = -4.669569983e-08
Reset re-loads circuit * comparator-offset-mc @ ss_-40c_3.63v -- generated by sim/harness, do not edit

Circuit: * comparator-offset-mc @ ss_-40c_3.63v -- generated by sim/harness, do not edit

Doing analysis at TEMP = -40.000000 and TNOM = 27.000000

Using SPARSE 1.3 as Direct Linear Solver

No. of Data Rows : 6
voa = -5.298177082e-04
ddc = 2.0636464037e-07
dde = -2.034242376e-07
Reset re-loads circuit * comparator-offset-mc @ ss_-40c_3.63v -- generated by sim/harness, do not edit

Circuit: * comparator-offset-mc @ ss_-40c_3.63v -- generated by sim/harness, do not edit

Doing analysis at TEMP = -40.000000 and TNOM = 27.000000

Using SPARSE 1.3 as Direct Linear Solver

No. of Data Rows : 6
voa = -3.702150595e-04
ddc = 9.1448878114e-08
dde = -8.990049197e-08
Reset re-loads circuit * comparator-offset-mc @ ss_-40c_3.63v -- generated by sim/harness, do not edit

Circuit: * comparator-offset-mc @ ss_-40c_3.63v -- generated by sim/harness, do not edit

Doing analysis at TEMP = -40.000000 and TNOM = 27.000000

Using SPARSE 1.3 as Direct Linear Solver

No. of Data Rows : 6
voa = 1.0446262683e-03
ddc = -2.610024646e-07
dde = 2.5639747145e-07
Reset re-loads circuit * comparator-offset-mc @ ss_-40c_3.63v -- generated by sim/harness, do not edit

Circuit: * comparator-offset-mc @ ss_-40c_3.63v -- generated by sim/harness, do not edit

Doing analysis at TEMP = -40.000000 and TNOM = 27.000000

Using SPARSE 1.3 as Direct Linear Solver
 Reference value :  0.00000e+00
No. of Data Rows : 6
voa = 6.0589699352e-04
ddc = -1.464901561e-07
dde = 1.4379100534e-07
Reset re-loads circuit * comparator-offset-mc @ ss_-40c_3.63v -- generated by sim/harness, do not edit

Circuit: * comparator-offset-mc @ ss_-40c_3.63v -- generated by sim/harness, do not edit

Doing analysis at TEMP = -40.000000 and TNOM = 27.000000

Using SPARSE 1.3 as Direct Linear Solver

No. of Data Rows : 6
voa = -2.030805846e-04
ddc = -2.446587273e-08
dde = 2.4789209617e-08
Reset re-loads circuit * comparator-offset-mc @ ss_-40c_3.63v -- generated by sim/harness, do not edit

Circuit: * comparator-offset-mc @ ss_-40c_3.63v -- generated by sim/harness, do not edit

Doing analysis at TEMP = -40.000000 and TNOM = 27.000000

Using SPARSE 1.3 as Direct Linear Solver

No. of Data Rows : 6
voa = -6.541907183e-04
ddc = 1.4438742151e-07
dde = -1.416679410e-07
Reset re-loads circuit * comparator-offset-mc @ ss_-40c_3.63v -- generated by sim/harness, do not edit

Circuit: * comparator-offset-mc @ ss_-40c_3.63v -- generated by sim/harness, do not edit

Doing analysis at TEMP = -40.000000 and TNOM = 27.000000

Using SPARSE 1.3 as Direct Linear Solver

No. of Data Rows : 6
voa = -3.006147411e-04
ddc = 1.2013152235e-07
dde = -1.183687099e-07
Reset re-loads circuit * comparator-offset-mc @ ss_-40c_3.63v -- generated by sim/harness, do not edit

Circuit: * comparator-offset-mc @ ss_-40c_3.63v -- generated by sim/harness, do not edit

Doing analysis at TEMP = -40.000000 and TNOM = 27.000000

Using SPARSE 1.3 as Direct Linear Solver

No. of Data Rows : 6
voa = 4.3875966494e-04
ddc = -9.219801436e-08
dde = 9.0371764606e-08
Reset re-loads circuit * comparator-offset-mc @ ss_-40c_3.63v -- generated by sim/harness, do not edit

Circuit: * comparator-offset-mc @ ss_-40c_3.63v -- generated by sim/harness, do not edit

Doing analysis at TEMP = -40.000000 and TNOM = 27.000000

Using SPARSE 1.3 as Direct Linear Solver

No. of Data Rows : 6
voa = -4.427722296e-04
ddc = 1.7912138360e-07
dde = -1.779344030e-07
Reset re-loads circuit * comparator-offset-mc @ ss_-40c_3.63v -- generated by sim/harness, do not edit

Circuit: * comparator-offset-mc @ ss_-40c_3.63v -- generated by sim/harness, do not edit

Doing analysis at TEMP = -40.000000 and TNOM = 27.000000

Using SPARSE 1.3 as Direct Linear Solver

No. of Data Rows : 6
voa = -8.913301218e-04
ddc = 2.3363839571e-07
dde = -2.296209974e-07
Reset re-loads circuit * comparator-offset-mc @ ss_-40c_3.63v -- generated by sim/harness, do not edit

Circuit: * comparator-offset-mc @ ss_-40c_3.63v -- generated by sim/harness, do not edit

Doing analysis at TEMP = -40.000000 and TNOM = 27.000000

Using SPARSE 1.3 as Direct Linear Solver

No. of Data Rows : 6
voa = -1.012915441e-06
ddc = 6.7511241596e-08
dde = -6.797317262e-08
Reset re-loads circuit * comparator-offset-mc @ ss_-40c_3.63v -- generated by sim/harness, do not edit

Circuit: * comparator-offset-mc @ ss_-40c_3.63v -- generated by sim/harness, do not edit

Doing analysis at TEMP = -40.000000 and TNOM = 27.000000

Using SPARSE 1.3 as Direct Linear Solver

No. of Data Rows : 6
voa = 1.5878471599e-03
ddc = -2.859447760e-07
dde = 2.7983823551e-07
Reset re-loads circuit * comparator-offset-mc @ ss_-40c_3.63v -- generated by sim/harness, do not edit

Circuit: * comparator-offset-mc @ ss_-40c_3.63v -- generated by sim/harness, do not edit

Doing analysis at TEMP = -40.000000 and TNOM = 27.000000

Using SPARSE 1.3 as Direct Linear Solver

No. of Data Rows : 6
voa = -1.829837653e-03
ddc = 4.8365127138e-07
dde = -4.754561398e-07
Reset re-loads circuit * comparator-offset-mc @ ss_-40c_3.63v -- generated by sim/harness, do not edit

Circuit: * comparator-offset-mc @ ss_-40c_3.63v -- generated by sim/harness, do not edit

Doing analysis at TEMP = -40.000000 and TNOM = 27.000000

Using SPARSE 1.3 as Direct Linear Solver

No. of Data Rows : 6
voa = 9.8299995082e-04
ddc = -2.019504838e-07
dde = 1.9759360872e-07
Reset re-loads circuit * comparator-offset-mc @ ss_-40c_3.63v -- generated by sim/harness, do not edit

Circuit: * comparator-offset-mc @ ss_-40c_3.63v -- generated by sim/harness, do not edit

Doing analysis at TEMP = -40.000000 and TNOM = 27.000000

Using SPARSE 1.3 as Direct Linear Solver

No. of Data Rows : 6
voa = -4.102526673e-04
ddc = 1.3085442897e-07
dde = -1.286860277e-07
Reset re-loads circuit * comparator-offset-mc @ ss_-40c_3.63v -- generated by sim/harness, do not edit

Circuit: * comparator-offset-mc @ ss_-40c_3.63v -- generated by sim/harness, do not edit

Doing analysis at TEMP = -40.000000 and TNOM = 27.000000

Using SPARSE 1.3 as Direct Linear Solver

No. of Data Rows : 6
voa = 6.9911936413e-05
ddc = 5.9381089544e-08
dde = -6.029443022e-08
Reset re-loads circuit * comparator-offset-mc @ ss_-40c_3.63v -- generated by sim/harness, do not edit

Circuit: * comparator-offset-mc @ ss_-40c_3.63v -- generated by sim/harness, do not edit

Doing analysis at TEMP = -40.000000 and TNOM = 27.000000

Using SPARSE 1.3 as Direct Linear Solver

No. of Data Rows : 6
voa = -1.631574597e-04
ddc = 1.6127045553e-08
dde = -1.525604364e-08
Reset re-loads circuit * comparator-offset-mc @ ss_-40c_3.63v -- generated by sim/harness, do not edit

Circuit: * comparator-offset-mc @ ss_-40c_3.63v -- generated by sim/harness, do not edit

Doing analysis at TEMP = -40.000000 and TNOM = 27.000000

Using SPARSE 1.3 as Direct Linear Solver

No. of Data Rows : 6
voa = 3.7955219383e-04
ddc = -9.976514814e-08
dde = 9.8257826881e-08
Reset re-loads circuit * comparator-offset-mc @ ss_-40c_3.63v -- generated by sim/harness, do not edit

Circuit: * comparator-offset-mc @ ss_-40c_3.63v -- generated by sim/harness, do not edit

Doing analysis at TEMP = -40.000000 and TNOM = 27.000000

Using SPARSE 1.3 as Direct Linear Solver

No. of Data Rows : 6
voa = -1.212685804e-04
ddc = 1.3840904779e-08
dde = -1.314290604e-08
Reset re-loads circuit * comparator-offset-mc @ ss_-40c_3.63v -- generated by sim/harness, do not edit

Circuit: * comparator-offset-mc @ ss_-40c_3.63v -- generated by sim/harness, do not edit

Doing analysis at TEMP = -40.000000 and TNOM = 27.000000

Using SPARSE 1.3 as Direct Linear Solver

No. of Data Rows : 6
voa = -1.042670602e-03
ddc = 2.5009906708e-07
dde = -2.455990015e-07
Reset re-loads circuit * comparator-offset-mc @ ss_-40c_3.63v -- generated by sim/harness, do not edit

Circuit: * comparator-offset-mc @ ss_-40c_3.63v -- generated by sim/harness, do not edit

Doing analysis at TEMP = -40.000000 and TNOM = 27.000000

Using SPARSE 1.3 as Direct Linear Solver
 Reference value :  0.00000e+00
No. of Data Rows : 6
voa = 1.1560472122e-03
ddc = -2.484743299e-07
dde = 2.4365835582e-07
Reset re-loads circuit * comparator-offset-mc @ ss_-40c_3.63v -- generated by sim/harness, do not edit

Circuit: * comparator-offset-mc @ ss_-40c_3.63v -- generated by sim/harness, do not edit

Doing analysis at TEMP = -40.000000 and TNOM = 27.000000

Using SPARSE 1.3 as Direct Linear Solver

No. of Data Rows : 6
voa = 4.2258817546e-05
ddc = 3.0838553604e-08
dde = -3.067076487e-08
Reset re-loads circuit * comparator-offset-mc @ ss_-40c_3.63v -- generated by sim/harness, do not edit

Circuit: * comparator-offset-mc @ ss_-40c_3.63v -- generated by sim/harness, do not edit

Doing analysis at TEMP = -40.000000 and TNOM = 27.000000

Using SPARSE 1.3 as Direct Linear Solver

No. of Data Rows : 6
voa = 3.6974559739e-04
ddc = -2.337055662e-08
dde = 2.2287780908e-08
Reset re-loads circuit * comparator-offset-mc @ ss_-40c_3.63v -- generated by sim/harness, do not edit

Circuit: * comparator-offset-mc @ ss_-40c_3.63v -- generated by sim/harness, do not edit

Doing analysis at TEMP = -40.000000 and TNOM = 27.000000

Using SPARSE 1.3 as Direct Linear Solver

No. of Data Rows : 6
voa = 1.9791113885e-05
ddc = 2.9073314741e-08
dde = -2.884861111e-08
Reset re-loads circuit * comparator-offset-mc @ ss_-40c_3.63v -- generated by sim/harness, do not edit

Circuit: * comparator-offset-mc @ ss_-40c_3.63v -- generated by sim/harness, do not edit

Doing analysis at TEMP = -40.000000 and TNOM = 27.000000

Using SPARSE 1.3 as Direct Linear Solver

No. of Data Rows : 6
voa = -1.281198957e-03
ddc = 3.1368370831e-07
dde = -3.079419249e-07
Reset re-loads circuit * comparator-offset-mc @ ss_-40c_3.63v -- generated by sim/harness, do not edit

Circuit: * comparator-offset-mc @ ss_-40c_3.63v -- generated by sim/harness, do not edit

Doing analysis at TEMP = -40.000000 and TNOM = 27.000000

Using SPARSE 1.3 as Direct Linear Solver

No. of Data Rows : 6
voa = 1.3548878234e-04
ddc = -1.254563503e-07
dde = 1.2565914215e-07
Reset re-loads circuit * comparator-offset-mc @ ss_-40c_3.63v -- generated by sim/harness, do not edit

Circuit: * comparator-offset-mc @ ss_-40c_3.63v -- generated by sim/harness, do not edit

Doing analysis at TEMP = -40.000000 and TNOM = 27.000000

Using SPARSE 1.3 as Direct Linear Solver

No. of Data Rows : 6
voa = 1.1036474403e-03
ddc = -2.441082303e-07
dde = 2.3942734879e-07
Reset re-loads circuit * comparator-offset-mc @ ss_-40c_3.63v -- generated by sim/harness, do not edit

Circuit: * comparator-offset-mc @ ss_-40c_3.63v -- generated by sim/harness, do not edit

Doing analysis at TEMP = -40.000000 and TNOM = 27.000000

Using SPARSE 1.3 as Direct Linear Solver

No. of Data Rows : 6
voa = -4.598413154e-04
ddc = 7.4460625409e-08
dde = -7.287183233e-08
Reset re-loads circuit * comparator-offset-mc @ ss_-40c_3.63v -- generated by sim/harness, do not edit

Circuit: * comparator-offset-mc @ ss_-40c_3.63v -- generated by sim/harness, do not edit

Doing analysis at TEMP = -40.000000 and TNOM = 27.000000

Using SPARSE 1.3 as Direct Linear Solver

No. of Data Rows : 6
voa = 2.0695455884e-04
ddc = -6.063082921e-08
dde = 5.9649708550e-08
Reset re-loads circuit * comparator-offset-mc @ ss_-40c_3.63v -- generated by sim/harness, do not edit

Circuit: * comparator-offset-mc @ ss_-40c_3.63v -- generated by sim/harness, do not edit

Doing analysis at TEMP = -40.000000 and TNOM = 27.000000

Using SPARSE 1.3 as Direct Linear Solver

No. of Data Rows : 6
voa = -4.039529651e-04
ddc = 3.7074204879e-08
dde = -3.581066016e-08
Reset re-loads circuit * comparator-offset-mc @ ss_-40c_3.63v -- generated by sim/harness, do not edit

Circuit: * comparator-offset-mc @ ss_-40c_3.63v -- generated by sim/harness, do not edit

Doing analysis at TEMP = -40.000000 and TNOM = 27.000000

Using SPARSE 1.3 as Direct Linear Solver

No. of Data Rows : 6
voa = 1.2096091729e-04
ddc = 1.7692992327e-08
dde = -1.777765872e-08
Reset re-loads circuit * comparator-offset-mc @ ss_-40c_3.63v -- generated by sim/harness, do not edit

Circuit: * comparator-offset-mc @ ss_-40c_3.63v -- generated by sim/harness, do not edit

Doing analysis at TEMP = -40.000000 and TNOM = 27.000000

Using SPARSE 1.3 as Direct Linear Solver

No. of Data Rows : 6
voa = 8.7312528573e-04
ddc = -1.378313833e-07
dde = 1.3362410886e-07
Reset re-loads circuit * comparator-offset-mc @ ss_-40c_3.63v -- generated by sim/harness, do not edit

Circuit: * comparator-offset-mc @ ss_-40c_3.63v -- generated by sim/harness, do not edit

Doing analysis at TEMP = -40.000000 and TNOM = 27.000000

Using SPARSE 1.3 as Direct Linear Solver

No. of Data Rows : 6
voa = -2.749288571e-04
ddc = 8.9401247538e-08
dde = -8.802217546e-08
Reset re-loads circuit * comparator-offset-mc @ ss_-40c_3.63v -- generated by sim/harness, do not edit

Circuit: * comparator-offset-mc @ ss_-40c_3.63v -- generated by sim/harness, do not edit

Doing analysis at TEMP = -40.000000 and TNOM = 27.000000

Using SPARSE 1.3 as Direct Linear Solver

No. of Data Rows : 6
voa = 1.0874002246e-03
ddc = -2.710274657e-07
dde = 2.6614691924e-07
Reset re-loads circuit * comparator-offset-mc @ ss_-40c_3.63v -- generated by sim/harness, do not edit

Circuit: * comparator-offset-mc @ ss_-40c_3.63v -- generated by sim/harness, do not edit

Doing analysis at TEMP = -40.000000 and TNOM = 27.000000

Using SPARSE 1.3 as Direct Linear Solver

No. of Data Rows : 6
voa = 7.6243266071e-04
ddc = -1.184638489e-07
dde = 1.1574539128e-07
Reset re-loads circuit * comparator-offset-mc @ ss_-40c_3.63v -- generated by sim/harness, do not edit

Circuit: * comparator-offset-mc @ ss_-40c_3.63v -- generated by sim/harness, do not edit

Doing analysis at TEMP = -40.000000 and TNOM = 27.000000

Using SPARSE 1.3 as Direct Linear Solver

No. of Data Rows : 6
voa = 4.8180289279e-04
ddc = -9.865269980e-08
dde = 9.6706404670e-08
Reset re-loads circuit * comparator-offset-mc @ ss_-40c_3.63v -- generated by sim/harness, do not edit

Circuit: * comparator-offset-mc @ ss_-40c_3.63v -- generated by sim/harness, do not edit

Doing analysis at TEMP = -40.000000 and TNOM = 27.000000

Using SPARSE 1.3 as Direct Linear Solver

No. of Data Rows : 6
voa = 8.0292784983e-04
ddc = -2.318019145e-07
dde = 2.2876951487e-07
Reset re-loads circuit * comparator-offset-mc @ ss_-40c_3.63v -- generated by sim/harness, do not edit

Circuit: * comparator-offset-mc @ ss_-40c_3.63v -- generated by sim/harness, do not edit

Doing analysis at TEMP = -40.000000 and TNOM = 27.000000

Using SPARSE 1.3 as Direct Linear Solver

No. of Data Rows : 6
voa = 4.0793647258e-06
ddc = 3.1796163425e-08
dde = -3.155400429e-08
Reset re-loads circuit * comparator-offset-mc @ ss_-40c_3.63v -- generated by sim/harness, do not edit

Circuit: * comparator-offset-mc @ ss_-40c_3.63v -- generated by sim/harness, do not edit

Doing analysis at TEMP = -40.000000 and TNOM = 27.000000

Using SPARSE 1.3 as Direct Linear Solver
 Reference value :  0.00000e+00
No. of Data Rows : 6
voa = -1.460352896e-03
ddc = 3.1075703913e-07
dde = -3.048383211e-07
Reset re-loads circuit * comparator-offset-mc @ ss_-40c_3.63v -- generated by sim/harness, do not edit

Circuit: * comparator-offset-mc @ ss_-40c_3.63v -- generated by sim/harness, do not edit

Doing analysis at TEMP = -40.000000 and TNOM = 27.000000

Using SPARSE 1.3 as Direct Linear Solver

No. of Data Rows : 6
voa = 1.0387158179e-03
ddc = -2.147775332e-07
dde = 2.1051606190e-07
Reset re-loads circuit * comparator-offset-mc @ ss_-40c_3.63v -- generated by sim/harness, do not edit

Circuit: * comparator-offset-mc @ ss_-40c_3.63v -- generated by sim/harness, do not edit

Doing analysis at TEMP = -40.000000 and TNOM = 27.000000

Using SPARSE 1.3 as Direct Linear Solver

No. of Data Rows : 6
voa = -1.579402015e-03
ddc = 2.0050200854e-07
dde = -1.951694463e-07
Reset re-loads circuit * comparator-offset-mc @ ss_-40c_3.63v -- generated by sim/harness, do not edit

Circuit: * comparator-offset-mc @ ss_-40c_3.63v -- generated by sim/harness, do not edit

Doing analysis at TEMP = -40.000000 and TNOM = 27.000000

Using SPARSE 1.3 as Direct Linear Solver

No. of Data Rows : 6
voa = 2.4298653558e-03
ddc = -5.645644789e-07
dde = 5.5416942383e-07
Reset re-loads circuit * comparator-offset-mc @ ss_-40c_3.63v -- generated by sim/harness, do not edit

Circuit: * comparator-offset-mc @ ss_-40c_3.63v -- generated by sim/harness, do not edit

Doing analysis at TEMP = -40.000000 and TNOM = 27.000000

Using SPARSE 1.3 as Direct Linear Solver

No. of Data Rows : 6
voa = -1.591315097e-04
ddc = 6.8518414478e-08
dde = -6.818244583e-08
Reset re-loads circuit * comparator-offset-mc @ ss_-40c_3.63v -- generated by sim/harness, do not edit

Circuit: * comparator-offset-mc @ ss_-40c_3.63v -- generated by sim/harness, do not edit

Doing analysis at TEMP = -40.000000 and TNOM = 27.000000

Using SPARSE 1.3 as Direct Linear Solver

No. of Data Rows : 6
voa = -3.977076953e-04
ddc = 1.1013518867e-08
dde = -1.009417935e-08
Reset re-loads circuit * comparator-offset-mc @ ss_-40c_3.63v -- generated by sim/harness, do not edit

Circuit: * comparator-offset-mc @ ss_-40c_3.63v -- generated by sim/harness, do not edit

Doing analysis at TEMP = -40.000000 and TNOM = 27.000000

Using SPARSE 1.3 as Direct Linear Solver

No. of Data Rows : 6
voa = -6.092689169e-04
ddc = 1.1905170376e-07
dde = -1.166707439e-07
Reset re-loads circuit * comparator-offset-mc @ ss_-40c_3.63v -- generated by sim/harness, do not edit

Circuit: * comparator-offset-mc @ ss_-40c_3.63v -- generated by sim/harness, do not edit

Doing analysis at TEMP = -40.000000 and TNOM = 27.000000

Using SPARSE 1.3 as Direct Linear Solver

No. of Data Rows : 6
voa = -1.744247035e-03
ddc = 3.3470712089e-07
dde = -3.281642974e-07
Reset re-loads circuit * comparator-offset-mc @ ss_-40c_3.63v -- generated by sim/harness, do not edit

Circuit: * comparator-offset-mc @ ss_-40c_3.63v -- generated by sim/harness, do not edit

Doing analysis at TEMP = -40.000000 and TNOM = 27.000000

Using SPARSE 1.3 as Direct Linear Solver

No. of Data Rows : 6
voa = -4.090014306e-04
ddc = 8.7870815758e-08
dde = -8.612035891e-08
Reset re-loads circuit * comparator-offset-mc @ ss_-40c_3.63v -- generated by sim/harness, do not edit

Circuit: * comparator-offset-mc @ ss_-40c_3.63v -- generated by sim/harness, do not edit

Doing analysis at TEMP = -40.000000 and TNOM = 27.000000

Using SPARSE 1.3 as Direct Linear Solver

No. of Data Rows : 6
voa = -8.340541661e-05
ddc = 1.5483062628e-08
dde = -1.516537820e-08
Reset re-loads circuit * comparator-offset-mc @ ss_-40c_3.63v -- generated by sim/harness, do not edit

Circuit: * comparator-offset-mc @ ss_-40c_3.63v -- generated by sim/harness, do not edit

Doing analysis at TEMP = -40.000000 and TNOM = 27.000000

Using SPARSE 1.3 as Direct Linear Solver

No. of Data Rows : 6
voa = 1.6274306019e-03
ddc = -3.867240836e-07
dde = 3.7998816812e-07
Reset re-loads circuit * comparator-offset-mc @ ss_-40c_3.63v -- generated by sim/harness, do not edit

Circuit: * comparator-offset-mc @ ss_-40c_3.63v -- generated by sim/harness, do not edit

Doing analysis at TEMP = -40.000000 and TNOM = 27.000000

Using SPARSE 1.3 as Direct Linear Solver

No. of Data Rows : 6
voa = -1.990587063e-04
ddc = 1.3515873432e-07
dde = -1.349900874e-07
Reset re-loads circuit * comparator-offset-mc @ ss_-40c_3.63v -- generated by sim/harness, do not edit

Circuit: * comparator-offset-mc @ ss_-40c_3.63v -- generated by sim/harness, do not edit

Doing analysis at TEMP = -40.000000 and TNOM = 27.000000

Using SPARSE 1.3 as Direct Linear Solver

No. of Data Rows : 6
voa = -7.267754815e-04
ddc = 1.6144552865e-07
dde = -1.585000598e-07
Reset re-loads circuit * comparator-offset-mc @ ss_-40c_3.63v -- generated by sim/harness, do not edit

Circuit: * comparator-offset-mc @ ss_-40c_3.63v -- generated by sim/harness, do not edit

Doing analysis at TEMP = -40.000000 and TNOM = 27.000000

Using SPARSE 1.3 as Direct Linear Solver
 Reference value :  0.00000e+00
No. of Data Rows : 6
voa = -7.956902021e-04
ddc = 1.3246837251e-07
dde = -1.295757791e-07
Reset re-loads circuit * comparator-offset-mc @ ss_-40c_3.63v -- generated by sim/harness, do not edit

Circuit: * comparator-offset-mc @ ss_-40c_3.63v -- generated by sim/harness, do not edit

Doing analysis at TEMP = -40.000000 and TNOM = 27.000000

Using SPARSE 1.3 as Direct Linear Solver

No. of Data Rows : 6
voa = -5.522059730e-04
ddc = 1.4461963646e-07
dde = -1.420798586e-07
Reset re-loads circuit * comparator-offset-mc @ ss_-40c_3.63v -- generated by sim/harness, do not edit

Circuit: * comparator-offset-mc @ ss_-40c_3.63v -- generated by sim/harness, do not edit

Doing analysis at TEMP = -40.000000 and TNOM = 27.000000

Using SPARSE 1.3 as Direct Linear Solver

No. of Data Rows : 6
voa = 8.3434354522e-04
ddc = -1.802627869e-07
dde = 1.7678124846e-07
Reset re-loads circuit * comparator-offset-mc @ ss_-40c_3.63v -- generated by sim/harness, do not edit

Circuit: * comparator-offset-mc @ ss_-40c_3.63v -- generated by sim/harness, do not edit

Doing analysis at TEMP = -40.000000 and TNOM = 27.000000

Using SPARSE 1.3 as Direct Linear Solver

No. of Data Rows : 6
voa = -1.938364803e-04
ddc = 8.0861724753e-08
dde = -7.979422077e-08
Reset re-loads circuit * comparator-offset-mc @ ss_-40c_3.63v -- generated by sim/harness, do not edit

Circuit: * comparator-offset-mc @ ss_-40c_3.63v -- generated by sim/harness, do not edit

Doing analysis at TEMP = -40.000000 and TNOM = 27.000000

Using SPARSE 1.3 as Direct Linear Solver

No. of Data Rows : 6
voa = 1.0164856332e-03
ddc = -2.754251187e-07
dde = 2.7140597046e-07
Reset re-loads circuit * comparator-offset-mc @ ss_-40c_3.63v -- generated by sim/harness, do not edit

Circuit: * comparator-offset-mc @ ss_-40c_3.63v -- generated by sim/harness, do not edit

Doing analysis at TEMP = -40.000000 and TNOM = 27.000000

Using SPARSE 1.3 as Direct Linear Solver

No. of Data Rows : 6
voa = 6.1933990333e-04
ddc = -1.630040798e-07
dde = 1.6058541661e-07
Reset re-loads circuit * comparator-offset-mc @ ss_-40c_3.63v -- generated by sim/harness, do not edit

Circuit: * comparator-offset-mc @ ss_-40c_3.63v -- generated by sim/harness, do not edit

Doing analysis at TEMP = -40.000000 and TNOM = 27.000000

Using SPARSE 1.3 as Direct Linear Solver

No. of Data Rows : 6
voa = -2.426850059e-04
ddc = 1.0298471898e-07
dde = -1.014940732e-07
Reset re-loads circuit * comparator-offset-mc @ ss_-40c_3.63v -- generated by sim/harness, do not edit

Circuit: * comparator-offset-mc @ ss_-40c_3.63v -- generated by sim/harness, do not edit

Doing analysis at TEMP = -40.000000 and TNOM = 27.000000

Using SPARSE 1.3 as Direct Linear Solver

No. of Data Rows : 6
voa = 2.2646073652e-03
ddc = -4.072722640e-07
dde = 3.9848176188e-07
Reset re-loads circuit * comparator-offset-mc @ ss_-40c_3.63v -- generated by sim/harness, do not edit

Circuit: * comparator-offset-mc @ ss_-40c_3.63v -- generated by sim/harness, do not edit

Doing analysis at TEMP = -40.000000 and TNOM = 27.000000

Using SPARSE 1.3 as Direct Linear Solver

No. of Data Rows : 6
voa = -6.477847645e-04
ddc = 2.0191516156e-07
dde = -1.986335055e-07
Reset re-loads circuit * comparator-offset-mc @ ss_-40c_3.63v -- generated by sim/harness, do not edit

Circuit: * comparator-offset-mc @ ss_-40c_3.63v -- generated by sim/harness, do not edit

Doing analysis at TEMP = -40.000000 and TNOM = 27.000000

Using SPARSE 1.3 as Direct Linear Solver

No. of Data Rows : 6
voa = 2.2459664468e-04
ddc = -2.802712057e-08
dde = 2.7314533392e-08
Reset re-loads circuit * comparator-offset-mc @ ss_-40c_3.63v -- generated by sim/harness, do not edit

Circuit: * comparator-offset-mc @ ss_-40c_3.63v -- generated by sim/harness, do not edit

Doing analysis at TEMP = -40.000000 and TNOM = 27.000000

Using SPARSE 1.3 as Direct Linear Solver

No. of Data Rows : 6
voa = 3.3458342356e-04
ddc = -3.357126202e-08
dde = 3.2521394762e-08
Reset re-loads circuit * comparator-offset-mc @ ss_-40c_3.63v -- generated by sim/harness, do not edit

Circuit: * comparator-offset-mc @ ss_-40c_3.63v -- generated by sim/harness, do not edit

Doing analysis at TEMP = -40.000000 and TNOM = 27.000000

Using SPARSE 1.3 as Direct Linear Solver

No. of Data Rows : 6
voa = 5.2060154652e-04
ddc = -1.368982289e-07
dde = 1.3447707566e-07
Reset re-loads circuit * comparator-offset-mc @ ss_-40c_3.63v -- generated by sim/harness, do not edit

Circuit: * comparator-offset-mc @ ss_-40c_3.63v -- generated by sim/harness, do not edit

Doing analysis at TEMP = -40.000000 and TNOM = 27.000000

Using SPARSE 1.3 as Direct Linear Solver
 Reference value :  0.00000e+00
No. of Data Rows : 6
voa = 1.8464394067e-03
ddc = -4.066592297e-07
dde = 3.9871589553e-07
Reset re-loads circuit * comparator-offset-mc @ ss_-40c_3.63v -- generated by sim/harness, do not edit

Circuit: * comparator-offset-mc @ ss_-40c_3.63v -- generated by sim/harness, do not edit

Doing analysis at TEMP = -40.000000 and TNOM = 27.000000

Using SPARSE 1.3 as Direct Linear Solver

No. of Data Rows : 6
voa = -8.989591319e-04
ddc = 2.1610904176e-07
dde = -2.124593404e-07
Reset re-loads circuit * comparator-offset-mc @ ss_-40c_3.63v -- generated by sim/harness, do not edit

Circuit: * comparator-offset-mc @ ss_-40c_3.63v -- generated by sim/harness, do not edit

Doing analysis at TEMP = -40.000000 and TNOM = 27.000000

Using SPARSE 1.3 as Direct Linear Solver

No. of Data Rows : 6
voa = 1.0192419950e-03
ddc = -2.913891552e-07
dde = 2.8648365393e-07
Reset re-loads circuit * comparator-offset-mc @ ss_-40c_3.63v -- generated by sim/harness, do not edit

Circuit: * comparator-offset-mc @ ss_-40c_3.63v -- generated by sim/harness, do not edit

Doing analysis at TEMP = -40.000000 and TNOM = 27.000000

Using SPARSE 1.3 as Direct Linear Solver

No. of Data Rows : 6
voa = 9.2238288502e-04
ddc = -2.387346187e-07
dde = 2.3460923237e-07
Reset re-loads circuit * comparator-offset-mc @ ss_-40c_3.63v -- generated by sim/harness, do not edit

Circuit: * comparator-offset-mc @ ss_-40c_3.63v -- generated by sim/harness, do not edit

Doing analysis at TEMP = -40.000000 and TNOM = 27.000000

Using SPARSE 1.3 as Direct Linear Solver

No. of Data Rows : 6
voa = 2.4242519119e-04
ddc = -5.716769568e-08
dde = 5.6206090795e-08
Reset re-loads circuit * comparator-offset-mc @ ss_-40c_3.63v -- generated by sim/harness, do not edit

Circuit: * comparator-offset-mc @ ss_-40c_3.63v -- generated by sim/harness, do not edit

Doing analysis at TEMP = -40.000000 and TNOM = 27.000000

Using SPARSE 1.3 as Direct Linear Solver

No. of Data Rows : 6
voa = 4.7118556386e-04
ddc = -3.154723672e-08
dde = 3.0249413271e-08
Reset re-loads circuit * comparator-offset-mc @ ss_-40c_3.63v -- generated by sim/harness, do not edit

Circuit: * comparator-offset-mc @ ss_-40c_3.63v -- generated by sim/harness, do not edit

Doing analysis at TEMP = -40.000000 and TNOM = 27.000000

Using SPARSE 1.3 as Direct Linear Solver

No. of Data Rows : 6
voa = 5.9388749986e-04
ddc = -1.981204880e-07
dde = 1.9504994725e-07
Reset re-loads circuit * comparator-offset-mc @ ss_-40c_3.63v -- generated by sim/harness, do not edit

Circuit: * comparator-offset-mc @ ss_-40c_3.63v -- generated by sim/harness, do not edit

Doing analysis at TEMP = -40.000000 and TNOM = 27.000000

Using SPARSE 1.3 as Direct Linear Solver

No. of Data Rows : 6
voa = 1.7121020551e-03
ddc = -2.974364665e-07
dde = 2.9093231039e-07
Reset re-loads circuit * comparator-offset-mc @ ss_-40c_3.63v -- generated by sim/harness, do not edit

Circuit: * comparator-offset-mc @ ss_-40c_3.63v -- generated by sim/harness, do not edit

Doing analysis at TEMP = -40.000000 and TNOM = 27.000000

Using SPARSE 1.3 as Direct Linear Solver

No. of Data Rows : 6
voa = -1.436257565e-03
ddc = 2.3511100693e-07
dde = -2.284169550e-07
Reset re-loads circuit * comparator-offset-mc @ ss_-40c_3.63v -- generated by sim/harness, do not edit

Circuit: * comparator-offset-mc @ ss_-40c_3.63v -- generated by sim/harness, do not edit

Doing analysis at TEMP = -40.000000 and TNOM = 27.000000

Using SPARSE 1.3 as Direct Linear Solver

No. of Data Rows : 6
voa = -5.148095082e-05
ddc = 8.1737650274e-10
dde = -7.130631955e-10
Reset re-loads circuit * comparator-offset-mc @ ss_-40c_3.63v -- generated by sim/harness, do not edit

Circuit: * comparator-offset-mc @ ss_-40c_3.63v -- generated by sim/harness, do not edit

Doing analysis at TEMP = -40.000000 and TNOM = 27.000000

Using SPARSE 1.3 as Direct Linear Solver

No. of Data Rows : 6
voa = -4.780171332e-04
ddc = 5.7413278692e-08
dde = -5.585147179e-08
Reset re-loads circuit * comparator-offset-mc @ ss_-40c_3.63v -- generated by sim/harness, do not edit

Circuit: * comparator-offset-mc @ ss_-40c_3.63v -- generated by sim/harness, do not edit

Doing analysis at TEMP = -40.000000 and TNOM = 27.000000

Using SPARSE 1.3 as Direct Linear Solver

No. of Data Rows : 6
voa = -1.795634468e-03
ddc = 3.5010410716e-07
dde = -3.434817480e-07
Reset re-loads circuit * comparator-offset-mc @ ss_-40c_3.63v -- generated by sim/harness, do not edit

Circuit: * comparator-offset-mc @ ss_-40c_3.63v -- generated by sim/harness, do not edit

Doing analysis at TEMP = -40.000000 and TNOM = 27.000000

Using SPARSE 1.3 as Direct Linear Solver

No. of Data Rows : 6
voa = 7.8005832307e-04
ddc = -1.522843644e-07
dde = 1.4912126154e-07
Reset re-loads circuit * comparator-offset-mc @ ss_-40c_3.63v -- generated by sim/harness, do not edit

Circuit: * comparator-offset-mc @ ss_-40c_3.63v -- generated by sim/harness, do not edit

Doing analysis at TEMP = -40.000000 and TNOM = 27.000000

Using SPARSE 1.3 as Direct Linear Solver

No. of Data Rows : 6
voa = -3.165494124e-04
ddc = -5.720056414e-08
dde = 5.7394754217e-08
Reset re-loads circuit * comparator-offset-mc @ ss_-40c_3.63v -- generated by sim/harness, do not edit

Circuit: * comparator-offset-mc @ ss_-40c_3.63v -- generated by sim/harness, do not edit

Doing analysis at TEMP = -40.000000 and TNOM = 27.000000

Using SPARSE 1.3 as Direct Linear Solver

No. of Data Rows : 6
voa = 2.0997404248e-04
ddc = -1.364103157e-09
dde = 1.4442713540e-10
Reset re-loads circuit * comparator-offset-mc @ ss_-40c_3.63v -- generated by sim/harness, do not edit

Circuit: * comparator-offset-mc @ ss_-40c_3.63v -- generated by sim/harness, do not edit

Doing analysis at TEMP = -40.000000 and TNOM = 27.000000

Using SPARSE 1.3 as Direct Linear Solver
 Reference value :  0.00000e+00
No. of Data Rows : 6
voa = -1.731364887e-03
ddc = 3.9954607477e-07
dde = -3.923979275e-07
Reset re-loads circuit * comparator-offset-mc @ ss_-40c_3.63v -- generated by sim/harness, do not edit

Circuit: * comparator-offset-mc @ ss_-40c_3.63v -- generated by sim/harness, do not edit

Doing analysis at TEMP = -40.000000 and TNOM = 27.000000

Using SPARSE 1.3 as Direct Linear Solver

No. of Data Rows : 6
voa = -5.700416974e-04
ddc = 6.8076886056e-08
dde = -6.625640811e-08
Reset re-loads circuit * comparator-offset-mc @ ss_-40c_3.63v -- generated by sim/harness, do not edit

Circuit: * comparator-offset-mc @ ss_-40c_3.63v -- generated by sim/harness, do not edit

Doing analysis at TEMP = -40.000000 and TNOM = 27.000000

Using SPARSE 1.3 as Direct Linear Solver

No. of Data Rows : 6
voa = 9.8207372630e-04
ddc = -2.614081876e-07
dde = 2.5690270136e-07
Reset re-loads circuit * comparator-offset-mc @ ss_-40c_3.63v -- generated by sim/harness, do not edit

Circuit: * comparator-offset-mc @ ss_-40c_3.63v -- generated by sim/harness, do not edit

Doing analysis at TEMP = -40.000000 and TNOM = 27.000000

Using SPARSE 1.3 as Direct Linear Solver

No. of Data Rows : 6
voa = 1.3884325069e-03
ddc = -2.651558974e-07
dde = 2.5973555923e-07
Reset re-loads circuit * comparator-offset-mc @ ss_-40c_3.63v -- generated by sim/harness, do not edit

Circuit: * comparator-offset-mc @ ss_-40c_3.63v -- generated by sim/harness, do not edit

Doing analysis at TEMP = -40.000000 and TNOM = 27.000000

Using SPARSE 1.3 as Direct Linear Solver

No. of Data Rows : 6
voa = -1.447134573e-04
ddc = 4.9910187594e-08
dde = -4.948461327e-08
Reset re-loads circuit * comparator-offset-mc @ ss_-40c_3.63v -- generated by sim/harness, do not edit

Circuit: * comparator-offset-mc @ ss_-40c_3.63v -- generated by sim/harness, do not edit

Doing analysis at TEMP = -40.000000 and TNOM = 27.000000

Using SPARSE 1.3 as Direct Linear Solver

No. of Data Rows : 6
voa = -2.175709167e-04
ddc = 3.8217067525e-08
dde = -3.721002177e-08
Reset re-loads circuit * comparator-offset-mc @ ss_-40c_3.63v -- generated by sim/harness, do not edit

Circuit: * comparator-offset-mc @ ss_-40c_3.63v -- generated by sim/harness, do not edit

Doing analysis at TEMP = -40.000000 and TNOM = 27.000000

Using SPARSE 1.3 as Direct Linear Solver

No. of Data Rows : 6
voa = 4.5400257563e-04
ddc = -1.011360518e-07
dde = 9.9233037803e-08
Reset re-loads circuit * comparator-offset-mc @ ss_-40c_3.63v -- generated by sim/harness, do not edit

Circuit: * comparator-offset-mc @ ss_-40c_3.63v -- generated by sim/harness, do not edit

Doing analysis at TEMP = -40.000000 and TNOM = 27.000000

Using SPARSE 1.3 as Direct Linear Solver

No. of Data Rows : 6
voa = 7.6420287422e-04
ddc = -1.510018409e-07
dde = 1.4800235579e-07
Reset re-loads circuit * comparator-offset-mc @ ss_-40c_3.63v -- generated by sim/harness, do not edit

Circuit: * comparator-offset-mc @ ss_-40c_3.63v -- generated by sim/harness, do not edit

Doing analysis at TEMP = -40.000000 and TNOM = 27.000000

Using SPARSE 1.3 as Direct Linear Solver

No. of Data Rows : 6
voa = -7.140200413e-04
ddc = 1.8231257562e-07
dde = -1.792971816e-07
Reset re-loads circuit * comparator-offset-mc @ ss_-40c_3.63v -- generated by sim/harness, do not edit

Circuit: * comparator-offset-mc @ ss_-40c_3.63v -- generated by sim/harness, do not edit

Doing analysis at TEMP = -40.000000 and TNOM = 27.000000

Using SPARSE 1.3 as Direct Linear Solver

No. of Data Rows : 6
voa = -4.295052328e-05
ddc = -6.223634457e-08
dde = 6.3311726217e-08
Reset re-loads circuit * comparator-offset-mc @ ss_-40c_3.63v -- generated by sim/harness, do not edit

Circuit: * comparator-offset-mc @ ss_-40c_3.63v -- generated by sim/harness, do not edit

Doing analysis at TEMP = -40.000000 and TNOM = 27.000000

Using SPARSE 1.3 as Direct Linear Solver

No. of Data Rows : 6
voa = -6.016976568e-05
ddc = 5.5522982813e-08
dde = -5.492047912e-08
Reset re-loads circuit * comparator-offset-mc @ ss_-40c_3.63v -- generated by sim/harness, do not edit

Circuit: * comparator-offset-mc @ ss_-40c_3.63v -- generated by sim/harness, do not edit

Doing analysis at TEMP = -40.000000 and TNOM = 27.000000

Using SPARSE 1.3 as Direct Linear Solver

No. of Data Rows : 6
voa = -3.692400931e-04
ddc = 1.4808338627e-07
dde = -1.460559225e-07
Reset re-loads circuit * comparator-offset-mc @ ss_-40c_3.63v -- generated by sim/harness, do not edit

Circuit: * comparator-offset-mc @ ss_-40c_3.63v -- generated by sim/harness, do not edit

Doing analysis at TEMP = -40.000000 and TNOM = 27.000000

Using SPARSE 1.3 as Direct Linear Solver
 Reference value :  0.00000e+00
No. of Data Rows : 6
voa = -2.300079939e-04
ddc = 5.2598462013e-08
dde = -5.163323365e-08
Reset re-loads circuit * comparator-offset-mc @ ss_-40c_3.63v -- generated by sim/harness, do not edit

Circuit: * comparator-offset-mc @ ss_-40c_3.63v -- generated by sim/harness, do not edit

Doing analysis at TEMP = -40.000000 and TNOM = 27.000000

Using SPARSE 1.3 as Direct Linear Solver

No. of Data Rows : 6
voa = -1.611775384e-03
ddc = 3.2950116753e-07
dde = -3.231847704e-07
Reset re-loads circuit * comparator-offset-mc @ ss_-40c_3.63v -- generated by sim/harness, do not edit

Circuit: * comparator-offset-mc @ ss_-40c_3.63v -- generated by sim/harness, do not edit

Doing analysis at TEMP = -40.000000 and TNOM = 27.000000

Using SPARSE 1.3 as Direct Linear Solver

No. of Data Rows : 6
voa = 9.9889375151e-04
ddc = -1.127284467e-07
dde = 1.0943280077e-07
Reset re-loads circuit * comparator-offset-mc @ ss_-40c_3.63v -- generated by sim/harness, do not edit

Circuit: * comparator-offset-mc @ ss_-40c_3.63v -- generated by sim/harness, do not edit

Doing analysis at TEMP = -40.000000 and TNOM = 27.000000

Using SPARSE 1.3 as Direct Linear Solver

No. of Data Rows : 6
voa = 1.2636107700e-03
ddc = -2.165975179e-07
dde = 2.1178816605e-07
Reset re-loads circuit * comparator-offset-mc @ ss_-40c_3.63v -- generated by sim/harness, do not edit

Circuit: * comparator-offset-mc @ ss_-40c_3.63v -- generated by sim/harness, do not edit

Doing analysis at TEMP = -40.000000 and TNOM = 27.000000

Using SPARSE 1.3 as Direct Linear Solver

No. of Data Rows : 6
voa = 2.2083268355e-04
ddc = -7.874113188e-08
dde = 7.7551977607e-08
Reset re-loads circuit * comparator-offset-mc @ ss_-40c_3.63v -- generated by sim/harness, do not edit

Circuit: * comparator-offset-mc @ ss_-40c_3.63v -- generated by sim/harness, do not edit

Doing analysis at TEMP = -40.000000 and TNOM = 27.000000

Using SPARSE 1.3 as Direct Linear Solver

No. of Data Rows : 6
voa = -4.861547608e-04
ddc = 1.5442510973e-07
dde = -1.519501072e-07
Reset re-loads circuit * comparator-offset-mc @ ss_-40c_3.63v -- generated by sim/harness, do not edit

Circuit: * comparator-offset-mc @ ss_-40c_3.63v -- generated by sim/harness, do not edit

Doing analysis at TEMP = -40.000000 and TNOM = 27.000000

Using SPARSE 1.3 as Direct Linear Solver

No. of Data Rows : 6
voa = 1.1360358499e-03
ddc = -2.757392735e-07
dde = 2.7073740283e-07
Reset re-loads circuit * comparator-offset-mc @ ss_-40c_3.63v -- generated by sim/harness, do not edit

Circuit: * comparator-offset-mc @ ss_-40c_3.63v -- generated by sim/harness, do not edit

Doing analysis at TEMP = -40.000000 and TNOM = 27.000000

Using SPARSE 1.3 as Direct Linear Solver

No. of Data Rows : 6
voa = 4.2160880414e-04
ddc = -1.283969856e-07
dde = 1.2635620578e-07
Reset re-loads circuit * comparator-offset-mc @ ss_-40c_3.63v -- generated by sim/harness, do not edit

Circuit: * comparator-offset-mc @ ss_-40c_3.63v -- generated by sim/harness, do not edit

Doing analysis at TEMP = -40.000000 and TNOM = 27.000000

Using SPARSE 1.3 as Direct Linear Solver

No. of Data Rows : 6
voa = 2.3973515346e-04
ddc = -2.805322060e-08
dde = 2.7264039059e-08
Reset re-loads circuit * comparator-offset-mc @ ss_-40c_3.63v -- generated by sim/harness, do not edit

Circuit: * comparator-offset-mc @ ss_-40c_3.63v -- generated by sim/harness, do not edit

Doing analysis at TEMP = -40.000000 and TNOM = 27.000000

Using SPARSE 1.3 as Direct Linear Solver

No. of Data Rows : 6
voa = -6.581045360e-04
ddc = 1.0927358811e-07
dde = -1.061384974e-07
Reset re-loads circuit * comparator-offset-mc @ ss_-40c_3.63v -- generated by sim/harness, do not edit

Circuit: * comparator-offset-mc @ ss_-40c_3.63v -- generated by sim/harness, do not edit

Doing analysis at TEMP = -40.000000 and TNOM = 27.000000

Using SPARSE 1.3 as Direct Linear Solver

No. of Data Rows : 6
voa = -1.894840494e-03
ddc = 4.4725052545e-07
dde = -4.391255910e-07
Reset re-loads circuit * comparator-offset-mc @ ss_-40c_3.63v -- generated by sim/harness, do not edit

Circuit: * comparator-offset-mc @ ss_-40c_3.63v -- generated by sim/harness, do not edit

Doing analysis at TEMP = -40.000000 and TNOM = 27.000000

Using SPARSE 1.3 as Direct Linear Solver
 Reference value :  0.00000e+00
No. of Data Rows : 6
voa = -2.125021122e-04
ddc = 4.0023822525e-08
dde = -3.921345294e-08
Reset re-loads circuit * comparator-offset-mc @ ss_-40c_3.63v -- generated by sim/harness, do not edit

Circuit: * comparator-offset-mc @ ss_-40c_3.63v -- generated by sim/harness, do not edit

Doing analysis at TEMP = -40.000000 and TNOM = 27.000000

Using SPARSE 1.3 as Direct Linear Solver

No. of Data Rows : 6
voa = 5.0701814853e-06
ddc = 1.1955880539e-07
dde = -1.184420087e-07
Reset re-loads circuit * comparator-offset-mc @ ss_-40c_3.63v -- generated by sim/harness, do not edit

Circuit: * comparator-offset-mc @ ss_-40c_3.63v -- generated by sim/harness, do not edit

Doing analysis at TEMP = -40.000000 and TNOM = 27.000000

Using SPARSE 1.3 as Direct Linear Solver

No. of Data Rows : 6
voa = -8.711887343e-04
ddc = 2.1236396217e-07
dde = -2.085637996e-07
Reset re-loads circuit * comparator-offset-mc @ ss_-40c_3.63v -- generated by sim/harness, do not edit

Circuit: * comparator-offset-mc @ ss_-40c_3.63v -- generated by sim/harness, do not edit

Doing analysis at TEMP = -40.000000 and TNOM = 27.000000

Using SPARSE 1.3 as Direct Linear Solver

No. of Data Rows : 6
voa = -8.611688584e-04
ddc = 2.2923746029e-07
dde = -2.252782140e-07
Reset re-loads circuit * comparator-offset-mc @ ss_-40c_3.63v -- generated by sim/harness, do not edit

Circuit: * comparator-offset-mc @ ss_-40c_3.63v -- generated by sim/harness, do not edit

Doing analysis at TEMP = -40.000000 and TNOM = 27.000000

Using SPARSE 1.3 as Direct Linear Solver

No. of Data Rows : 6
voa = 1.3105371326e-03
ddc = -2.867667332e-07
dde = 2.8123253245e-07
Reset re-loads circuit * comparator-offset-mc @ ss_-40c_3.63v -- generated by sim/harness, do not edit

Circuit: * comparator-offset-mc @ ss_-40c_3.63v -- generated by sim/harness, do not edit

Doing analysis at TEMP = -40.000000 and TNOM = 27.000000

Using SPARSE 1.3 as Direct Linear Solver

No. of Data Rows : 6
voa = -8.129270726e-04
ddc = 1.8840722470e-07
dde = -1.850119437e-07
Reset re-loads circuit * comparator-offset-mc @ ss_-40c_3.63v -- generated by sim/harness, do not edit

Circuit: * comparator-offset-mc @ ss_-40c_3.63v -- generated by sim/harness, do not edit

Doing analysis at TEMP = -40.000000 and TNOM = 27.000000

Using SPARSE 1.3 as Direct Linear Solver

No. of Data Rows : 6
voa = 4.7418786709e-04
ddc = -9.443824896e-09
dde = 8.2412504630e-09
Reset re-loads circuit * comparator-offset-mc @ ss_-40c_3.63v -- generated by sim/harness, do not edit

Circuit: * comparator-offset-mc @ ss_-40c_3.63v -- generated by sim/harness, do not edit

Doing analysis at TEMP = -40.000000 and TNOM = 27.000000

Using SPARSE 1.3 as Direct Linear Solver

No. of Data Rows : 6
voa = -4.569571217e-04
ddc = 1.0657048852e-07
dde = -1.047832011e-07
Reset re-loads circuit * comparator-offset-mc @ ss_-40c_3.63v -- generated by sim/harness, do not edit

Circuit: * comparator-offset-mc @ ss_-40c_3.63v -- generated by sim/harness, do not edit

Doing analysis at TEMP = -40.000000 and TNOM = 27.000000

Using SPARSE 1.3 as Direct Linear Solver

No. of Data Rows : 6
voa = -2.054771001e-03
ddc = 4.9504436158e-07
dde = -4.865573170e-07
Reset re-loads circuit * comparator-offset-mc @ ss_-40c_3.63v -- generated by sim/harness, do not edit

Circuit: * comparator-offset-mc @ ss_-40c_3.63v -- generated by sim/harness, do not edit

Doing analysis at TEMP = -40.000000 and TNOM = 27.000000

Using SPARSE 1.3 as Direct Linear Solver

No. of Data Rows : 6
voa = -8.794626990e-04
ddc = 2.3705895323e-07
dde = -2.330158904e-07
Reset re-loads circuit * comparator-offset-mc @ ss_-40c_3.63v -- generated by sim/harness, do not edit

Circuit: * comparator-offset-mc @ ss_-40c_3.63v -- generated by sim/harness, do not edit

Doing analysis at TEMP = -40.000000 and TNOM = 27.000000

Using SPARSE 1.3 as Direct Linear Solver

No. of Data Rows : 6
voa = 8.4521685961e-04
ddc = -1.637947509e-07
dde = 1.6005287420e-07
Reset re-loads circuit * comparator-offset-mc @ ss_-40c_3.63v -- generated by sim/harness, do not edit

Circuit: * comparator-offset-mc @ ss_-40c_3.63v -- generated by sim/harness, do not edit

Doing analysis at TEMP = -40.000000 and TNOM = 27.000000

Using SPARSE 1.3 as Direct Linear Solver
 Reference value :  0.00000e+00
No. of Data Rows : 6
voa = -7.040816241e-04
ddc = 5.4054877625e-08
dde = -5.219252392e-08
Reset re-loads circuit * comparator-offset-mc @ ss_-40c_3.63v -- generated by sim/harness, do not edit

Circuit: * comparator-offset-mc @ ss_-40c_3.63v -- generated by sim/harness, do not edit

Doing analysis at TEMP = -40.000000 and TNOM = 27.000000

Using SPARSE 1.3 as Direct Linear Solver

No. of Data Rows : 6
voa = -5.051317615e-04
ddc = 2.1488759067e-07
dde = -2.119480275e-07
Reset re-loads circuit * comparator-offset-mc @ ss_-40c_3.63v -- generated by sim/harness, do not edit

Circuit: * comparator-offset-mc @ ss_-40c_3.63v -- generated by sim/harness, do not edit

Doing analysis at TEMP = -40.000000 and TNOM = 27.000000

Using SPARSE 1.3 as Direct Linear Solver

No. of Data Rows : 6
voa = -1.969830583e-04
ddc = 6.5120044057e-08
dde = -6.420262111e-08
Reset re-loads circuit * comparator-offset-mc @ ss_-40c_3.63v -- generated by sim/harness, do not edit

Circuit: * comparator-offset-mc @ ss_-40c_3.63v -- generated by sim/harness, do not edit

Doing analysis at TEMP = -40.000000 and TNOM = 27.000000

Using SPARSE 1.3 as Direct Linear Solver

No. of Data Rows : 6
voa = 5.0949534289e-04
ddc = -1.181865520e-07
dde = 1.1597833277e-07
Reset re-loads circuit * comparator-offset-mc @ ss_-40c_3.63v -- generated by sim/harness, do not edit

Circuit: * comparator-offset-mc @ ss_-40c_3.63v -- generated by sim/harness, do not edit

Doing analysis at TEMP = -40.000000 and TNOM = 27.000000

Using SPARSE 1.3 as Direct Linear Solver

No. of Data Rows : 6
voa = 5.5718705100e-04
ddc = -1.444232339e-07
dde = 1.4195599580e-07
Reset re-loads circuit * comparator-offset-mc @ ss_-40c_3.63v -- generated by sim/harness, do not edit

Circuit: * comparator-offset-mc @ ss_-40c_3.63v -- generated by sim/harness, do not edit

Doing analysis at TEMP = -40.000000 and TNOM = 27.000000

Using SPARSE 1.3 as Direct Linear Solver

No. of Data Rows : 6
voa = 7.3657705790e-04
ddc = -1.604216873e-07
dde = 1.5740355170e-07
Reset re-loads circuit * comparator-offset-mc @ ss_-40c_3.63v -- generated by sim/harness, do not edit

Circuit: * comparator-offset-mc @ ss_-40c_3.63v -- generated by sim/harness, do not edit

Doing analysis at TEMP = -40.000000 and TNOM = 27.000000

Using SPARSE 1.3 as Direct Linear Solver

No. of Data Rows : 6
voa = -1.383279891e-03
ddc = 3.1110482131e-07
dde = -3.054837937e-07
Reset re-loads circuit * comparator-offset-mc @ ss_-40c_3.63v -- generated by sim/harness, do not edit

Circuit: * comparator-offset-mc @ ss_-40c_3.63v -- generated by sim/harness, do not edit

Doing analysis at TEMP = -40.000000 and TNOM = 27.000000

Using SPARSE 1.3 as Direct Linear Solver

No. of Data Rows : 6
voa = -1.260148357e-03
ddc = 2.9634983626e-07
dde = -2.908332808e-07
Reset re-loads circuit * comparator-offset-mc @ ss_-40c_3.63v -- generated by sim/harness, do not edit

Circuit: * comparator-offset-mc @ ss_-40c_3.63v -- generated by sim/harness, do not edit

Doing analysis at TEMP = -40.000000 and TNOM = 27.000000

Using SPARSE 1.3 as Direct Linear Solver

No. of Data Rows : 6
voa = 9.9699592925e-05
ddc = 1.3060076631e-08
dde = -1.318685005e-08
Reset re-loads circuit * comparator-offset-mc @ ss_-40c_3.63v -- generated by sim/harness, do not edit

Circuit: * comparator-offset-mc @ ss_-40c_3.63v -- generated by sim/harness, do not edit

Doing analysis at TEMP = -40.000000 and TNOM = 27.000000

Using SPARSE 1.3 as Direct Linear Solver

No. of Data Rows : 6
voa = 7.6808396583e-04
ddc = -2.381767012e-07
dde = 2.3437968098e-07
Reset re-loads circuit * comparator-offset-mc @ ss_-40c_3.63v -- generated by sim/harness, do not edit

Circuit: * comparator-offset-mc @ ss_-40c_3.63v -- generated by sim/harness, do not edit

Doing analysis at TEMP = -40.000000 and TNOM = 27.000000

Using SPARSE 1.3 as Direct Linear Solver
 Reference value :  0.00000e+00
No. of Data Rows : 6
voa = -5.142862389e-04
ddc = 1.2575150017e-07
dde = -1.236160470e-07
Reset re-loads circuit * comparator-offset-mc @ ss_-40c_3.63v -- generated by sim/harness, do not edit

Circuit: * comparator-offset-mc @ ss_-40c_3.63v -- generated by sim/harness, do not edit

Doing analysis at TEMP = -40.000000 and TNOM = 27.000000

Using SPARSE 1.3 as Direct Linear Solver

No. of Data Rows : 6
voa = 7.3275439392e-04
ddc = -1.052489596e-07
dde = 1.0162723789e-07
Reset re-loads circuit * comparator-offset-mc @ ss_-40c_3.63v -- generated by sim/harness, do not edit

Circuit: * comparator-offset-mc @ ss_-40c_3.63v -- generated by sim/harness, do not edit

Doing analysis at TEMP = -40.000000 and TNOM = 27.000000

Using SPARSE 1.3 as Direct Linear Solver

No. of Data Rows : 6
voa = 1.3524191514e-03
ddc = -2.871322494e-07
dde = 2.8153614025e-07
Reset re-loads circuit * comparator-offset-mc @ ss_-40c_3.63v -- generated by sim/harness, do not edit

Circuit: * comparator-offset-mc @ ss_-40c_3.63v -- generated by sim/harness, do not edit

Doing analysis at TEMP = -40.000000 and TNOM = 27.000000

Using SPARSE 1.3 as Direct Linear Solver

No. of Data Rows : 6
voa = -1.521102332e-04
ddc = -2.128792661e-08
dde = 2.1404167580e-08
Reset re-loads circuit * comparator-offset-mc @ ss_-40c_3.63v -- generated by sim/harness, do not edit

Circuit: * comparator-offset-mc @ ss_-40c_3.63v -- generated by sim/harness, do not edit

Doing analysis at TEMP = -40.000000 and TNOM = 27.000000

Using SPARSE 1.3 as Direct Linear Solver

No. of Data Rows : 6
voa = -1.092571080e-03
ddc = 2.3150682413e-07
dde = -2.271386714e-07
Reset re-loads circuit * comparator-offset-mc @ ss_-40c_3.63v -- generated by sim/harness, do not edit

Circuit: * comparator-offset-mc @ ss_-40c_3.63v -- generated by sim/harness, do not edit

Doing analysis at TEMP = -40.000000 and TNOM = 27.000000

Using SPARSE 1.3 as Direct Linear Solver

No. of Data Rows : 6
voa = -3.778355591e-04
ddc = 8.5435757577e-08
dde = -8.378559054e-08
Reset re-loads circuit * comparator-offset-mc @ ss_-40c_3.63v -- generated by sim/harness, do not edit

Circuit: * comparator-offset-mc @ ss_-40c_3.63v -- generated by sim/harness, do not edit

Doing analysis at TEMP = -40.000000 and TNOM = 27.000000

Using SPARSE 1.3 as Direct Linear Solver

No. of Data Rows : 6
voa = 2.5657438110e-03
ddc = -6.255268028e-07
dde = 6.1511364171e-07
Reset re-loads circuit * comparator-offset-mc @ ss_-40c_3.63v -- generated by sim/harness, do not edit

Circuit: * comparator-offset-mc @ ss_-40c_3.63v -- generated by sim/harness, do not edit

Doing analysis at TEMP = -40.000000 and TNOM = 27.000000

Using SPARSE 1.3 as Direct Linear Solver

No. of Data Rows : 6
voa = 1.4289605149e-04
ddc = 3.1096750774e-08
dde = -3.113234389e-08
Reset re-loads circuit * comparator-offset-mc @ ss_-40c_3.63v -- generated by sim/harness, do not edit

Circuit: * comparator-offset-mc @ ss_-40c_3.63v -- generated by sim/harness, do not edit

Doing analysis at TEMP = -40.000000 and TNOM = 27.000000

Using SPARSE 1.3 as Direct Linear Solver

No. of Data Rows : 6
voa = 6.6422141137e-04
ddc = -1.924251000e-07
dde = 1.8926210958e-07
Reset re-loads circuit * comparator-offset-mc @ ss_-40c_3.63v -- generated by sim/harness, do not edit

Circuit: * comparator-offset-mc @ ss_-40c_3.63v -- generated by sim/harness, do not edit

Doing analysis at TEMP = -40.000000 and TNOM = 27.000000

Using SPARSE 1.3 as Direct Linear Solver

No. of Data Rows : 6
voa = -1.241435798e-03
ddc = 2.8947653041e-07
dde = -2.843396929e-07
Reset re-loads circuit * comparator-offset-mc @ ss_-40c_3.63v -- generated by sim/harness, do not edit

Circuit: * comparator-offset-mc @ ss_-40c_3.63v -- generated by sim/harness, do not edit

Doing analysis at TEMP = -40.000000 and TNOM = 27.000000

Using SPARSE 1.3 as Direct Linear Solver

No. of Data Rows : 6
voa = -3.414598998e-04
ddc = 1.3310704129e-07
dde = -1.311540448e-07
Reset re-loads circuit * comparator-offset-mc @ ss_-40c_3.63v -- generated by sim/harness, do not edit

Circuit: * comparator-offset-mc @ ss_-40c_3.63v -- generated by sim/harness, do not edit

Doing analysis at TEMP = -40.000000 and TNOM = 27.000000

Using SPARSE 1.3 as Direct Linear Solver

No. of Data Rows : 6
voa = -7.866673452e-04
ddc = 1.8385633470e-07
dde = -1.805493483e-07
Reset re-loads circuit * comparator-offset-mc @ ss_-40c_3.63v -- generated by sim/harness, do not edit

Circuit: * comparator-offset-mc @ ss_-40c_3.63v -- generated by sim/harness, do not edit

Doing analysis at TEMP = -40.000000 and TNOM = 27.000000

Using SPARSE 1.3 as Direct Linear Solver

No. of Data Rows : 6
voa = -1.294132379e-03
ddc = 2.8167403393e-07
dde = -2.762590486e-07
Reset re-loads circuit * comparator-offset-mc @ ss_-40c_3.63v -- generated by sim/harness, do not edit

Circuit: * comparator-offset-mc @ ss_-40c_3.63v -- generated by sim/harness, do not edit

Doing analysis at TEMP = -40.000000 and TNOM = 27.000000

Using SPARSE 1.3 as Direct Linear Solver
 Reference value :  0.00000e+00
No. of Data Rows : 6
voa = 1.4228804406e-03
ddc = -3.335892766e-07
dde = 3.2743110170e-07
Reset re-loads circuit * comparator-offset-mc @ ss_-40c_3.63v -- generated by sim/harness, do not edit

Circuit: * comparator-offset-mc @ ss_-40c_3.63v -- generated by sim/harness, do not edit

Doing analysis at TEMP = -40.000000 and TNOM = 27.000000

Using SPARSE 1.3 as Direct Linear Solver

No. of Data Rows : 6
voa = 8.6254087656e-04
ddc = -1.721331178e-07
dde = 1.6828759824e-07
Reset re-loads circuit * comparator-offset-mc @ ss_-40c_3.63v -- generated by sim/harness, do not edit

Circuit: * comparator-offset-mc @ ss_-40c_3.63v -- generated by sim/harness, do not edit

Doing analysis at TEMP = -40.000000 and TNOM = 27.000000

Using SPARSE 1.3 as Direct Linear Solver

No. of Data Rows : 6
voa = 6.3870264373e-05
ddc = -5.989420779e-08
dde = 5.9265986728e-08
Reset re-loads circuit * comparator-offset-mc @ ss_-40c_3.63v -- generated by sim/harness, do not edit

Circuit: * comparator-offset-mc @ ss_-40c_3.63v -- generated by sim/harness, do not edit

Doing analysis at TEMP = -40.000000 and TNOM = 27.000000

Using SPARSE 1.3 as Direct Linear Solver

No. of Data Rows : 6
voa = 7.9248864301e-04
ddc = -1.900791298e-07
dde = 1.8663864555e-07
Reset re-loads circuit * comparator-offset-mc @ ss_-40c_3.63v -- generated by sim/harness, do not edit

Circuit: * comparator-offset-mc @ ss_-40c_3.63v -- generated by sim/harness, do not edit

Doing analysis at TEMP = -40.000000 and TNOM = 27.000000

Using SPARSE 1.3 as Direct Linear Solver

No. of Data Rows : 6
voa = 1.6454069147e-06
ddc = -9.767007092e-09
dde = 9.8910263090e-09
Reset re-loads circuit * comparator-offset-mc @ ss_-40c_3.63v -- generated by sim/harness, do not edit

Circuit: * comparator-offset-mc @ ss_-40c_3.63v -- generated by sim/harness, do not edit

Doing analysis at TEMP = -40.000000 and TNOM = 27.000000

Using SPARSE 1.3 as Direct Linear Solver

No. of Data Rows : 6
voa = 8.9111328582e-04
ddc = -1.612621007e-07
dde = 1.5786656671e-07
Reset re-loads circuit * comparator-offset-mc @ ss_-40c_3.63v -- generated by sim/harness, do not edit

Circuit: * comparator-offset-mc @ ss_-40c_3.63v -- generated by sim/harness, do not edit

Doing analysis at TEMP = -40.000000 and TNOM = 27.000000

Using SPARSE 1.3 as Direct Linear Solver

No. of Data Rows : 6
voa = 3.7837667060e-04
ddc = -6.602694721e-08
dde = 6.4570258879e-08
Reset re-loads circuit * comparator-offset-mc @ ss_-40c_3.63v -- generated by sim/harness, do not edit

Circuit: * comparator-offset-mc @ ss_-40c_3.63v -- generated by sim/harness, do not edit

Doing analysis at TEMP = -40.000000 and TNOM = 27.000000

Using SPARSE 1.3 as Direct Linear Solver

No. of Data Rows : 6
voa = 1.7746120511e-03
ddc = -3.449136317e-07
dde = 3.3774596802e-07
Reset re-loads circuit * comparator-offset-mc @ ss_-40c_3.63v -- generated by sim/harness, do not edit

Circuit: * comparator-offset-mc @ ss_-40c_3.63v -- generated by sim/harness, do not edit

Doing analysis at TEMP = -40.000000 and TNOM = 27.000000

Using SPARSE 1.3 as Direct Linear Solver

No. of Data Rows : 6
voa = -4.248814948e-04
ddc = 1.9085540680e-07
dde = -1.882150848e-07
Reset re-loads circuit * comparator-offset-mc @ ss_-40c_3.63v -- generated by sim/harness, do not edit

Circuit: * comparator-offset-mc @ ss_-40c_3.63v -- generated by sim/harness, do not edit

Doing analysis at TEMP = -40.000000 and TNOM = 27.000000

Using SPARSE 1.3 as Direct Linear Solver

No. of Data Rows : 6
voa = 3.5862159915e-04
ddc = -3.938867565e-08
dde = 3.8179385735e-08
Reset re-loads circuit * comparator-offset-mc @ ss_-40c_3.63v -- generated by sim/harness, do not edit

Circuit: * comparator-offset-mc @ ss_-40c_3.63v -- generated by sim/harness, do not edit

Doing analysis at TEMP = -40.000000 and TNOM = 27.000000

Using SPARSE 1.3 as Direct Linear Solver

No. of Data Rows : 6
voa = -5.082876957e-04
ddc = 9.7112760605e-08
dde = -9.488682624e-08
Reset re-loads circuit * comparator-offset-mc @ ss_-40c_3.63v -- generated by sim/harness, do not edit

Circuit: * comparator-offset-mc @ ss_-40c_3.63v -- generated by sim/harness, do not edit

Doing analysis at TEMP = -40.000000 and TNOM = 27.000000

Using SPARSE 1.3 as Direct Linear Solver

No. of Data Rows : 6
voa = 3.4181630441e-04
ddc = -1.042052572e-07
dde = 1.0249954717e-07
Reset re-loads circuit * comparator-offset-mc @ ss_-40c_3.63v -- generated by sim/harness, do not edit

Circuit: * comparator-offset-mc @ ss_-40c_3.63v -- generated by sim/harness, do not edit

Doing analysis at TEMP = -40.000000 and TNOM = 27.000000

Using SPARSE 1.3 as Direct Linear Solver

No. of Data Rows : 6
voa = -8.757021049e-05
ddc = 6.6732563902e-08
dde = -6.594675434e-08
Reset re-loads circuit * comparator-offset-mc @ ss_-40c_3.63v -- generated by sim/harness, do not edit

Circuit: * comparator-offset-mc @ ss_-40c_3.63v -- generated by sim/harness, do not edit

Doing analysis at TEMP = -40.000000 and TNOM = 27.000000

Using SPARSE 1.3 as Direct Linear Solver
 Reference value :  0.00000e+00
No. of Data Rows : 6
voa = -2.058485291e-04
ddc = 2.2945332275e-08
dde = -2.189962682e-08
Reset re-loads circuit * comparator-offset-mc @ ss_-40c_3.63v -- generated by sim/harness, do not edit

Circuit: * comparator-offset-mc @ ss_-40c_3.63v -- generated by sim/harness, do not edit

Doing analysis at TEMP = -40.000000 and TNOM = 27.000000

Using SPARSE 1.3 as Direct Linear Solver

No. of Data Rows : 6
voa = 1.2619688361e-03
ddc = -3.060634020e-07
dde = 3.0056402201e-07
m_n_samples = 2.0000000000e+02
m_sig_vos_mv = 9.3382623080e-01
m_vos_3sig_mv = 2.8014786924e+00
m_mean_vos_uv = 6.7427144109e+01
m_mean_vos_sem = 1.0211362513e+00
m_sig_dvos_dn_uv = 2.0850926779e-01
m_sig_dvos_up_uv = 2.0470304047e-01
m_mean_dvos_dn_uv = -5.509534280e-03
m_mean_dvos_up_uv = 5.2890601313e-03
m_av_mean = 2.6445946909e+01
m_av_sigma_pct = 6.4619530485e-01
m_sig_rpair_uv = 0.0000000000e+00
m_vbias_anchor_mv = 1.1290277080e+03
Note: Simulation executed from .control section 

Warning: m=xx on .subckt line will override multiplier m hierarchy!

