
Note: Compatibility modes selected: hs a


Circuit: * comparator-offset-mc @ ss_125c_3.63v -- generated by sim/harness, do not edit

Reset re-loads circuit * comparator-offset-mc @ ss_125c_3.63v -- generated by sim/harness, do not edit

Circuit: * comparator-offset-mc @ ss_125c_3.63v -- generated by sim/harness, do not edit

Doing analysis at TEMP = 125.000000 and TNOM = 27.000000

Using SPARSE 1.3 as Direct Linear Solver

No. of Data Rows : 6
voa = -3.968181086e-04
ddc = 6.8520540362e-08
dde = -6.767772219e-08
Reset re-loads circuit * comparator-offset-mc @ ss_125c_3.63v -- generated by sim/harness, do not edit

Circuit: * comparator-offset-mc @ ss_125c_3.63v -- generated by sim/harness, do not edit

Doing analysis at TEMP = 125.000000 and TNOM = 27.000000

Using SPARSE 1.3 as Direct Linear Solver
 Reference value :  2.00000e-03
No. of Data Rows : 6
voa = 1.8334343347e-03
ddc = -2.411237209e-07
dde = 2.3598231869e-07
Reset re-loads circuit * comparator-offset-mc @ ss_125c_3.63v -- generated by sim/harness, do not edit

Circuit: * comparator-offset-mc @ ss_125c_3.63v -- generated by sim/harness, do not edit

Doing analysis at TEMP = 125.000000 and TNOM = 27.000000

Using SPARSE 1.3 as Direct Linear Solver

No. of Data Rows : 6
voa = 1.4445221183e-03
ddc = -2.163939836e-07
dde = 2.1271918775e-07
Reset re-loads circuit * comparator-offset-mc @ ss_125c_3.63v -- generated by sim/harness, do not edit

Circuit: * comparator-offset-mc @ ss_125c_3.63v -- generated by sim/harness, do not edit

Doing analysis at TEMP = 125.000000 and TNOM = 27.000000

Using SPARSE 1.3 as Direct Linear Solver

No. of Data Rows : 6
voa = -8.655954550e-07
ddc = 9.0756703635e-09
dde = -9.208522254e-09
Reset re-loads circuit * comparator-offset-mc @ ss_125c_3.63v -- generated by sim/harness, do not edit

Circuit: * comparator-offset-mc @ ss_125c_3.63v -- generated by sim/harness, do not edit

Doing analysis at TEMP = 125.000000 and TNOM = 27.000000

Using SPARSE 1.3 as Direct Linear Solver

No. of Data Rows : 6
voa = 1.8317135858e-03
ddc = -2.555681405e-07
dde = 2.5058814274e-07
Reset re-loads circuit * comparator-offset-mc @ ss_125c_3.63v -- generated by sim/harness, do not edit

Circuit: * comparator-offset-mc @ ss_125c_3.63v -- generated by sim/harness, do not edit

Doing analysis at TEMP = 125.000000 and TNOM = 27.000000

Using SPARSE 1.3 as Direct Linear Solver

No. of Data Rows : 6
voa = -2.673271197e-04
ddc = 5.0762455358e-08
dde = -5.043433164e-08
Reset re-loads circuit * comparator-offset-mc @ ss_125c_3.63v -- generated by sim/harness, do not edit

Circuit: * comparator-offset-mc @ ss_125c_3.63v -- generated by sim/harness, do not edit

Doing analysis at TEMP = 125.000000 and TNOM = 27.000000

Using SPARSE 1.3 as Direct Linear Solver

No. of Data Rows : 6
voa = -1.887610150e-04
ddc = 3.2952710505e-08
dde = -3.246563846e-08
Reset re-loads circuit * comparator-offset-mc @ ss_125c_3.63v -- generated by sim/harness, do not edit

Circuit: * comparator-offset-mc @ ss_125c_3.63v -- generated by sim/harness, do not edit

Doing analysis at TEMP = 125.000000 and TNOM = 27.000000

Using SPARSE 1.3 as Direct Linear Solver

No. of Data Rows : 6
voa = -2.669660564e-04
ddc = 3.8851544030e-08
dde = -3.811285078e-08
Reset re-loads circuit * comparator-offset-mc @ ss_125c_3.63v -- generated by sim/harness, do not edit

Circuit: * comparator-offset-mc @ ss_125c_3.63v -- generated by sim/harness, do not edit

Doing analysis at TEMP = 125.000000 and TNOM = 27.000000

Using SPARSE 1.3 as Direct Linear Solver

No. of Data Rows : 6
voa = 9.4208412099e-04
ddc = -1.530469106e-07
dde = 1.5080883476e-07
Reset re-loads circuit * comparator-offset-mc @ ss_125c_3.63v -- generated by sim/harness, do not edit

Circuit: * comparator-offset-mc @ ss_125c_3.63v -- generated by sim/harness, do not edit

Doing analysis at TEMP = 125.000000 and TNOM = 27.000000

Using SPARSE 1.3 as Direct Linear Solver

No. of Data Rows : 6
voa = 9.9419648718e-04
ddc = -1.555970928e-07
dde = 1.5326446241e-07
Reset re-loads circuit * comparator-offset-mc @ ss_125c_3.63v -- generated by sim/harness, do not edit

Circuit: * comparator-offset-mc @ ss_125c_3.63v -- generated by sim/harness, do not edit

Doing analysis at TEMP = 125.000000 and TNOM = 27.000000

Using SPARSE 1.3 as Direct Linear Solver

No. of Data Rows : 6
voa = -9.377497246e-04
ddc = 1.3566842726e-07
dde = -1.331467327e-07
Reset re-loads circuit * comparator-offset-mc @ ss_125c_3.63v -- generated by sim/harness, do not edit

Circuit: * comparator-offset-mc @ ss_125c_3.63v -- generated by sim/harness, do not edit

Doing analysis at TEMP = 125.000000 and TNOM = 27.000000

Using SPARSE 1.3 as Direct Linear Solver

No. of Data Rows : 6
voa = 4.4788351142e-04
ddc = -6.525005803e-08
dde = 6.4153002182e-08
Reset re-loads circuit * comparator-offset-mc @ ss_125c_3.63v -- generated by sim/harness, do not edit

Circuit: * comparator-offset-mc @ ss_125c_3.63v -- generated by sim/harness, do not edit

Doing analysis at TEMP = 125.000000 and TNOM = 27.000000

Using SPARSE 1.3 as Direct Linear Solver

No. of Data Rows : 6
voa = -7.757234318e-04
ddc = 1.0732279642e-07
dde = -1.052034387e-07
Reset re-loads circuit * comparator-offset-mc @ ss_125c_3.63v -- generated by sim/harness, do not edit

Circuit: * comparator-offset-mc @ ss_125c_3.63v -- generated by sim/harness, do not edit

Doing analysis at TEMP = 125.000000 and TNOM = 27.000000

Using SPARSE 1.3 as Direct Linear Solver

No. of Data Rows : 6
voa = 2.6290363042e-04
ddc = -1.220842122e-08
dde = 1.1078666435e-08
Reset re-loads circuit * comparator-offset-mc @ ss_125c_3.63v -- generated by sim/harness, do not edit

Circuit: * comparator-offset-mc @ ss_125c_3.63v -- generated by sim/harness, do not edit

Doing analysis at TEMP = 125.000000 and TNOM = 27.000000

Using SPARSE 1.3 as Direct Linear Solver

No. of Data Rows : 6
voa = 1.3386017648e-03
ddc = -1.914380592e-07
dde = 1.8793954172e-07
Reset re-loads circuit * comparator-offset-mc @ ss_125c_3.63v -- generated by sim/harness, do not edit

Circuit: * comparator-offset-mc @ ss_125c_3.63v -- generated by sim/harness, do not edit

Doing analysis at TEMP = 125.000000 and TNOM = 27.000000

Using SPARSE 1.3 as Direct Linear Solver

No. of Data Rows : 6
voa = -1.301029568e-03
ddc = 1.9818300631e-07
dde = -1.950352641e-07
Reset re-loads circuit * comparator-offset-mc @ ss_125c_3.63v -- generated by sim/harness, do not edit

Circuit: * comparator-offset-mc @ ss_125c_3.63v -- generated by sim/harness, do not edit

Doing analysis at TEMP = 125.000000 and TNOM = 27.000000

Using SPARSE 1.3 as Direct Linear Solver

No. of Data Rows : 6
voa = 5.6891094160e-04
ddc = -8.114659280e-08
dde = 7.9555476327e-08
Reset re-loads circuit * comparator-offset-mc @ ss_125c_3.63v -- generated by sim/harness, do not edit

Circuit: * comparator-offset-mc @ ss_125c_3.63v -- generated by sim/harness, do not edit

Doing analysis at TEMP = 125.000000 and TNOM = 27.000000

Using SPARSE 1.3 as Direct Linear Solver
 Reference value :  2.00000e-03
No. of Data Rows : 6
voa = -8.708329043e-05
ddc = 8.8986797562e-09
dde = -8.309305440e-09
Reset re-loads circuit * comparator-offset-mc @ ss_125c_3.63v -- generated by sim/harness, do not edit

Circuit: * comparator-offset-mc @ ss_125c_3.63v -- generated by sim/harness, do not edit

Doing analysis at TEMP = 125.000000 and TNOM = 27.000000

Using SPARSE 1.3 as Direct Linear Solver

No. of Data Rows : 6
voa = -5.135800747e-04
ddc = 8.3554572928e-08
dde = -8.222296325e-08
Reset re-loads circuit * comparator-offset-mc @ ss_125c_3.63v -- generated by sim/harness, do not edit

Circuit: * comparator-offset-mc @ ss_125c_3.63v -- generated by sim/harness, do not edit

Doing analysis at TEMP = 125.000000 and TNOM = 27.000000

Using SPARSE 1.3 as Direct Linear Solver

No. of Data Rows : 6
voa = 1.2752767627e-03
ddc = -1.664989952e-07
dde = 1.6279493251e-07
Reset re-loads circuit * comparator-offset-mc @ ss_125c_3.63v -- generated by sim/harness, do not edit

Circuit: * comparator-offset-mc @ ss_125c_3.63v -- generated by sim/harness, do not edit

Doing analysis at TEMP = 125.000000 and TNOM = 27.000000

Using SPARSE 1.3 as Direct Linear Solver

No. of Data Rows : 6
voa = -3.613758479e-04
ddc = 4.9450239317e-08
dde = -4.833215452e-08
Reset re-loads circuit * comparator-offset-mc @ ss_125c_3.63v -- generated by sim/harness, do not edit

Circuit: * comparator-offset-mc @ ss_125c_3.63v -- generated by sim/harness, do not edit

Doing analysis at TEMP = 125.000000 and TNOM = 27.000000

Using SPARSE 1.3 as Direct Linear Solver

No. of Data Rows : 6
voa = -7.294452413e-04
ddc = 1.0519710409e-07
dde = -1.030444620e-07
Reset re-loads circuit * comparator-offset-mc @ ss_125c_3.63v -- generated by sim/harness, do not edit

Circuit: * comparator-offset-mc @ ss_125c_3.63v -- generated by sim/harness, do not edit

Doing analysis at TEMP = 125.000000 and TNOM = 27.000000

Using SPARSE 1.3 as Direct Linear Solver

No. of Data Rows : 6
voa = 6.1473513555e-04
ddc = -7.175713077e-08
dde = 7.0106313621e-08
Reset re-loads circuit * comparator-offset-mc @ ss_125c_3.63v -- generated by sim/harness, do not edit

Circuit: * comparator-offset-mc @ ss_125c_3.63v -- generated by sim/harness, do not edit

Doing analysis at TEMP = 125.000000 and TNOM = 27.000000

Using SPARSE 1.3 as Direct Linear Solver

No. of Data Rows : 6
voa = -1.885782097e-06
ddc = -1.148786976e-08
dde = 1.1706469354e-08
Reset re-loads circuit * comparator-offset-mc @ ss_125c_3.63v -- generated by sim/harness, do not edit

Circuit: * comparator-offset-mc @ ss_125c_3.63v -- generated by sim/harness, do not edit

Doing analysis at TEMP = 125.000000 and TNOM = 27.000000

Using SPARSE 1.3 as Direct Linear Solver

No. of Data Rows : 6
voa = -1.434355000e-03
ddc = 2.0527208888e-07
dde = -2.018815086e-07
Reset re-loads circuit * comparator-offset-mc @ ss_125c_3.63v -- generated by sim/harness, do not edit

Circuit: * comparator-offset-mc @ ss_125c_3.63v -- generated by sim/harness, do not edit

Doing analysis at TEMP = 125.000000 and TNOM = 27.000000

Using SPARSE 1.3 as Direct Linear Solver

No. of Data Rows : 6
voa = -1.082373559e-03
ddc = 1.7112182761e-07
dde = -1.684593723e-07
Reset re-loads circuit * comparator-offset-mc @ ss_125c_3.63v -- generated by sim/harness, do not edit

Circuit: * comparator-offset-mc @ ss_125c_3.63v -- generated by sim/harness, do not edit

Doing analysis at TEMP = 125.000000 and TNOM = 27.000000

Using SPARSE 1.3 as Direct Linear Solver

No. of Data Rows : 6
voa = -5.555238971e-04
ddc = 9.4726780463e-08
dde = -9.350178201e-08
Reset re-loads circuit * comparator-offset-mc @ ss_125c_3.63v -- generated by sim/harness, do not edit

Circuit: * comparator-offset-mc @ ss_125c_3.63v -- generated by sim/harness, do not edit

Doing analysis at TEMP = 125.000000 and TNOM = 27.000000

Using SPARSE 1.3 as Direct Linear Solver

No. of Data Rows : 6
voa = 1.0670528173e-04
ddc = -5.212329773e-09
dde = 4.7821099134e-09
Reset re-loads circuit * comparator-offset-mc @ ss_125c_3.63v -- generated by sim/harness, do not edit

Circuit: * comparator-offset-mc @ ss_125c_3.63v -- generated by sim/harness, do not edit

Doing analysis at TEMP = 125.000000 and TNOM = 27.000000

Using SPARSE 1.3 as Direct Linear Solver

No. of Data Rows : 6
voa = -2.102854549e-04
ddc = 1.5590470625e-08
dde = -1.485064569e-08
Reset re-loads circuit * comparator-offset-mc @ ss_125c_3.63v -- generated by sim/harness, do not edit

Circuit: * comparator-offset-mc @ ss_125c_3.63v -- generated by sim/harness, do not edit

Doing analysis at TEMP = 125.000000 and TNOM = 27.000000

Using SPARSE 1.3 as Direct Linear Solver

No. of Data Rows : 6
voa = 2.3737064045e-04
ddc = -2.337043754e-08
dde = 2.2593920055e-08
Reset re-loads circuit * comparator-offset-mc @ ss_125c_3.63v -- generated by sim/harness, do not edit

Circuit: * comparator-offset-mc @ ss_125c_3.63v -- generated by sim/harness, do not edit

Doing analysis at TEMP = 125.000000 and TNOM = 27.000000

Using SPARSE 1.3 as Direct Linear Solver

No. of Data Rows : 6
voa = 1.8498421988e-03
ddc = -2.858171850e-07
dde = 2.8130819286e-07
Reset re-loads circuit * comparator-offset-mc @ ss_125c_3.63v -- generated by sim/harness, do not edit

Circuit: * comparator-offset-mc @ ss_125c_3.63v -- generated by sim/harness, do not edit

Doing analysis at TEMP = 125.000000 and TNOM = 27.000000

Using SPARSE 1.3 as Direct Linear Solver
 Reference value :  0.00000e+00
No. of Data Rows : 6
voa = -9.992816748e-04
ddc = 1.3476452669e-07
dde = -1.320364263e-07
Reset re-loads circuit * comparator-offset-mc @ ss_125c_3.63v -- generated by sim/harness, do not edit

Circuit: * comparator-offset-mc @ ss_125c_3.63v -- generated by sim/harness, do not edit

Doing analysis at TEMP = 125.000000 and TNOM = 27.000000

Using SPARSE 1.3 as Direct Linear Solver

No. of Data Rows : 6
voa = 4.5649279693e-04
ddc = -6.390746688e-08
dde = 6.1264192338e-08
Reset re-loads circuit * comparator-offset-mc @ ss_125c_3.63v -- generated by sim/harness, do not edit

Circuit: * comparator-offset-mc @ ss_125c_3.63v -- generated by sim/harness, do not edit

Doing analysis at TEMP = 125.000000 and TNOM = 27.000000

Using SPARSE 1.3 as Direct Linear Solver

No. of Data Rows : 6
voa = -1.549547361e-04
ddc = 1.6678353930e-08
dde = -1.606705554e-08
Reset re-loads circuit * comparator-offset-mc @ ss_125c_3.63v -- generated by sim/harness, do not edit

Circuit: * comparator-offset-mc @ ss_125c_3.63v -- generated by sim/harness, do not edit

Doing analysis at TEMP = 125.000000 and TNOM = 27.000000

Using SPARSE 1.3 as Direct Linear Solver

No. of Data Rows : 6
voa = 2.3591620010e-03
ddc = -3.162212029e-07
dde = 3.1455311954e-07
Reset re-loads circuit * comparator-offset-mc @ ss_125c_3.63v -- generated by sim/harness, do not edit

Circuit: * comparator-offset-mc @ ss_125c_3.63v -- generated by sim/harness, do not edit

Doing analysis at TEMP = 125.000000 and TNOM = 27.000000

Using SPARSE 1.3 as Direct Linear Solver

No. of Data Rows : 6
voa = -3.797223530e-04
ddc = 6.2669862615e-08
dde = -6.179810121e-08
Reset re-loads circuit * comparator-offset-mc @ ss_125c_3.63v -- generated by sim/harness, do not edit

Circuit: * comparator-offset-mc @ ss_125c_3.63v -- generated by sim/harness, do not edit

Doing analysis at TEMP = 125.000000 and TNOM = 27.000000

Using SPARSE 1.3 as Direct Linear Solver

No. of Data Rows : 6
voa = 3.0814487389e-04
ddc = -3.106532690e-08
dde = 3.0137281447e-08
Reset re-loads circuit * comparator-offset-mc @ ss_125c_3.63v -- generated by sim/harness, do not edit

Circuit: * comparator-offset-mc @ ss_125c_3.63v -- generated by sim/harness, do not edit

Doing analysis at TEMP = 125.000000 and TNOM = 27.000000

Using SPARSE 1.3 as Direct Linear Solver

No. of Data Rows : 6
voa = 9.4811896528e-04
ddc = -1.420930075e-07
dde = 1.3959305780e-07
Reset re-loads circuit * comparator-offset-mc @ ss_125c_3.63v -- generated by sim/harness, do not edit

Circuit: * comparator-offset-mc @ ss_125c_3.63v -- generated by sim/harness, do not edit

Doing analysis at TEMP = 125.000000 and TNOM = 27.000000

Using SPARSE 1.3 as Direct Linear Solver

No. of Data Rows : 6
voa = 7.0037938394e-04
ddc = -1.026911448e-07
dde = 1.0083975874e-07
Reset re-loads circuit * comparator-offset-mc @ ss_125c_3.63v -- generated by sim/harness, do not edit

Circuit: * comparator-offset-mc @ ss_125c_3.63v -- generated by sim/harness, do not edit

Doing analysis at TEMP = 125.000000 and TNOM = 27.000000

Using SPARSE 1.3 as Direct Linear Solver

No. of Data Rows : 6
voa = -1.781062592e-03
ddc = 2.6634454802e-07
dde = -2.616386496e-07
Reset re-loads circuit * comparator-offset-mc @ ss_125c_3.63v -- generated by sim/harness, do not edit

Circuit: * comparator-offset-mc @ ss_125c_3.63v -- generated by sim/harness, do not edit

Doing analysis at TEMP = 125.000000 and TNOM = 27.000000

Using SPARSE 1.3 as Direct Linear Solver

No. of Data Rows : 6
voa = -4.883207495e-04
ddc = 7.3390975505e-08
dde = -7.234974582e-08
Reset re-loads circuit * comparator-offset-mc @ ss_125c_3.63v -- generated by sim/harness, do not edit

Circuit: * comparator-offset-mc @ ss_125c_3.63v -- generated by sim/harness, do not edit

Doing analysis at TEMP = 125.000000 and TNOM = 27.000000

Using SPARSE 1.3 as Direct Linear Solver

No. of Data Rows : 6
voa = 8.6895369616e-04
ddc = -1.045890194e-07
dde = 1.0142738253e-07
Reset re-loads circuit * comparator-offset-mc @ ss_125c_3.63v -- generated by sim/harness, do not edit

Circuit: * comparator-offset-mc @ ss_125c_3.63v -- generated by sim/harness, do not edit

Doing analysis at TEMP = 125.000000 and TNOM = 27.000000

Using SPARSE 1.3 as Direct Linear Solver

No. of Data Rows : 6
voa = -9.038489993e-04
ddc = 1.3539750566e-07
dde = -1.328007947e-07
Reset re-loads circuit * comparator-offset-mc @ ss_125c_3.63v -- generated by sim/harness, do not edit

Circuit: * comparator-offset-mc @ ss_125c_3.63v -- generated by sim/harness, do not edit

Doing analysis at TEMP = 125.000000 and TNOM = 27.000000

Using SPARSE 1.3 as Direct Linear Solver

No. of Data Rows : 6
voa = -1.178004643e-03
ddc = 1.7593888847e-07
dde = -1.806210576e-07
Reset re-loads circuit * comparator-offset-mc @ ss_125c_3.63v -- generated by sim/harness, do not edit

Circuit: * comparator-offset-mc @ ss_125c_3.63v -- generated by sim/harness, do not edit

Doing analysis at TEMP = 125.000000 and TNOM = 27.000000

Using SPARSE 1.3 as Direct Linear Solver

No. of Data Rows : 6
voa = -1.387798313e-03
ddc = 2.0115583584e-07
dde = -1.974092291e-07
Reset re-loads circuit * comparator-offset-mc @ ss_125c_3.63v -- generated by sim/harness, do not edit

Circuit: * comparator-offset-mc @ ss_125c_3.63v -- generated by sim/harness, do not edit

Doing analysis at TEMP = 125.000000 and TNOM = 27.000000

Using SPARSE 1.3 as Direct Linear Solver

No. of Data Rows : 6
voa = 2.7269370211e-03
ddc = -3.659986028e-07
dde = 3.5875678456e-07
Reset re-loads circuit * comparator-offset-mc @ ss_125c_3.63v -- generated by sim/harness, do not edit

Circuit: * comparator-offset-mc @ ss_125c_3.63v -- generated by sim/harness, do not edit

Doing analysis at TEMP = 125.000000 and TNOM = 27.000000

Using SPARSE 1.3 as Direct Linear Solver
 Reference value :  0.00000e+00
No. of Data Rows : 6
voa = -2.489788267e-04
ddc = 1.5790551316e-08
dde = -1.494702636e-08
Reset re-loads circuit * comparator-offset-mc @ ss_125c_3.63v -- generated by sim/harness, do not edit

Circuit: * comparator-offset-mc @ ss_125c_3.63v -- generated by sim/harness, do not edit

Doing analysis at TEMP = 125.000000 and TNOM = 27.000000

Using SPARSE 1.3 as Direct Linear Solver

No. of Data Rows : 6
voa = 1.1059224867e-03
ddc = -1.604990779e-07
dde = 1.5761893304e-07
Reset re-loads circuit * comparator-offset-mc @ ss_125c_3.63v -- generated by sim/harness, do not edit

Circuit: * comparator-offset-mc @ ss_125c_3.63v -- generated by sim/harness, do not edit

Doing analysis at TEMP = 125.000000 and TNOM = 27.000000

Using SPARSE 1.3 as Direct Linear Solver

No. of Data Rows : 6
voa = -4.338396436e-04
ddc = 7.3966443043e-08
dde = -7.301213065e-08
Reset re-loads circuit * comparator-offset-mc @ ss_125c_3.63v -- generated by sim/harness, do not edit

Circuit: * comparator-offset-mc @ ss_125c_3.63v -- generated by sim/harness, do not edit

Doing analysis at TEMP = 125.000000 and TNOM = 27.000000

Using SPARSE 1.3 as Direct Linear Solver

No. of Data Rows : 6
voa = 8.4377720576e-05
ddc = 2.5071751477e-09
dde = -2.984266916e-09
Reset re-loads circuit * comparator-offset-mc @ ss_125c_3.63v -- generated by sim/harness, do not edit

Circuit: * comparator-offset-mc @ ss_125c_3.63v -- generated by sim/harness, do not edit

Doing analysis at TEMP = 125.000000 and TNOM = 27.000000

Using SPARSE 1.3 as Direct Linear Solver

No. of Data Rows : 6
voa = -4.872021519e-04
ddc = 9.2801193604e-08
dde = -9.166819440e-08
Reset re-loads circuit * comparator-offset-mc @ ss_125c_3.63v -- generated by sim/harness, do not edit

Circuit: * comparator-offset-mc @ ss_125c_3.63v -- generated by sim/harness, do not edit

Doing analysis at TEMP = 125.000000 and TNOM = 27.000000

Using SPARSE 1.3 as Direct Linear Solver

No. of Data Rows : 6
voa = -3.654521328e-04
ddc = 5.5171964114e-08
dde = -5.428842516e-08
Reset re-loads circuit * comparator-offset-mc @ ss_125c_3.63v -- generated by sim/harness, do not edit

Circuit: * comparator-offset-mc @ ss_125c_3.63v -- generated by sim/harness, do not edit

Doing analysis at TEMP = 125.000000 and TNOM = 27.000000

Using SPARSE 1.3 as Direct Linear Solver

No. of Data Rows : 6
voa = 1.0295863284e-03
ddc = -1.563437014e-07
dde = 1.5391162616e-07
Reset re-loads circuit * comparator-offset-mc @ ss_125c_3.63v -- generated by sim/harness, do not edit

Circuit: * comparator-offset-mc @ ss_125c_3.63v -- generated by sim/harness, do not edit

Doing analysis at TEMP = 125.000000 and TNOM = 27.000000

Using SPARSE 1.3 as Direct Linear Solver

No. of Data Rows : 6
voa = 5.9982844822e-04
ddc = -8.987414052e-08
dde = 8.8245935919e-08
Reset re-loads circuit * comparator-offset-mc @ ss_125c_3.63v -- generated by sim/harness, do not edit

Circuit: * comparator-offset-mc @ ss_125c_3.63v -- generated by sim/harness, do not edit

Doing analysis at TEMP = 125.000000 and TNOM = 27.000000

Using SPARSE 1.3 as Direct Linear Solver

No. of Data Rows : 6
voa = -2.363468605e-04
ddc = 1.6273102588e-08
dde = -1.442940027e-08
Reset re-loads circuit * comparator-offset-mc @ ss_125c_3.63v -- generated by sim/harness, do not edit

Circuit: * comparator-offset-mc @ ss_125c_3.63v -- generated by sim/harness, do not edit

Doing analysis at TEMP = 125.000000 and TNOM = 27.000000

Using SPARSE 1.3 as Direct Linear Solver

No. of Data Rows : 6
voa = -6.539964036e-04
ddc = 9.4112408574e-08
dde = -8.897739586e-08
Reset re-loads circuit * comparator-offset-mc @ ss_125c_3.63v -- generated by sim/harness, do not edit

Circuit: * comparator-offset-mc @ ss_125c_3.63v -- generated by sim/harness, do not edit

Doing analysis at TEMP = 125.000000 and TNOM = 27.000000

Using SPARSE 1.3 as Direct Linear Solver

No. of Data Rows : 6
voa = -2.749198588e-04
ddc = 5.3163205982e-08
dde = -5.259804187e-08
Reset re-loads circuit * comparator-offset-mc @ ss_125c_3.63v -- generated by sim/harness, do not edit

Circuit: * comparator-offset-mc @ ss_125c_3.63v -- generated by sim/harness, do not edit

Doing analysis at TEMP = 125.000000 and TNOM = 27.000000

Using SPARSE 1.3 as Direct Linear Solver

No. of Data Rows : 6
voa = 4.4091154257e-04
ddc = -6.242526125e-08
dde = 6.1289086966e-08
Reset re-loads circuit * comparator-offset-mc @ ss_125c_3.63v -- generated by sim/harness, do not edit

Circuit: * comparator-offset-mc @ ss_125c_3.63v -- generated by sim/harness, do not edit

Doing analysis at TEMP = 125.000000 and TNOM = 27.000000

Using SPARSE 1.3 as Direct Linear Solver

No. of Data Rows : 6
voa = -4.035946966e-04
ddc = 7.8736611942e-08
dde = -7.783574099e-08
Reset re-loads circuit * comparator-offset-mc @ ss_125c_3.63v -- generated by sim/harness, do not edit

Circuit: * comparator-offset-mc @ ss_125c_3.63v -- generated by sim/harness, do not edit

Doing analysis at TEMP = 125.000000 and TNOM = 27.000000

Using SPARSE 1.3 as Direct Linear Solver

No. of Data Rows : 6
voa = -8.733229084e-04
ddc = 1.3530433511e-07
dde = -1.329658917e-07
Reset re-loads circuit * comparator-offset-mc @ ss_125c_3.63v -- generated by sim/harness, do not edit

Circuit: * comparator-offset-mc @ ss_125c_3.63v -- generated by sim/harness, do not edit

Doing analysis at TEMP = 125.000000 and TNOM = 27.000000

Using SPARSE 1.3 as Direct Linear Solver
 Reference value :  0.00000e+00
No. of Data Rows : 6
voa = 3.1175877825e-05
ddc = 1.1811540051e-08
dde = -1.210348951e-08
Reset re-loads circuit * comparator-offset-mc @ ss_125c_3.63v -- generated by sim/harness, do not edit

Circuit: * comparator-offset-mc @ ss_125c_3.63v -- generated by sim/harness, do not edit

Doing analysis at TEMP = 125.000000 and TNOM = 27.000000

Using SPARSE 1.3 as Direct Linear Solver

No. of Data Rows : 6
voa = 1.6185927509e-03
ddc = -2.176911317e-07
dde = 2.1316680835e-07
Reset re-loads circuit * comparator-offset-mc @ ss_125c_3.63v -- generated by sim/harness, do not edit

Circuit: * comparator-offset-mc @ ss_125c_3.63v -- generated by sim/harness, do not edit

Doing analysis at TEMP = 125.000000 and TNOM = 27.000000

Using SPARSE 1.3 as Direct Linear Solver

No. of Data Rows : 6
voa = -1.791106057e-03
ddc = 2.7801369273e-07
dde = -2.734161675e-07
Reset re-loads circuit * comparator-offset-mc @ ss_125c_3.63v -- generated by sim/harness, do not edit

Circuit: * comparator-offset-mc @ ss_125c_3.63v -- generated by sim/harness, do not edit

Doing analysis at TEMP = 125.000000 and TNOM = 27.000000

Using SPARSE 1.3 as Direct Linear Solver

No. of Data Rows : 6
voa = 9.9064990454e-04
ddc = -1.397273560e-07
dde = 1.3697149742e-07
Reset re-loads circuit * comparator-offset-mc @ ss_125c_3.63v -- generated by sim/harness, do not edit

Circuit: * comparator-offset-mc @ ss_125c_3.63v -- generated by sim/harness, do not edit

Doing analysis at TEMP = 125.000000 and TNOM = 27.000000

Using SPARSE 1.3 as Direct Linear Solver

No. of Data Rows : 6
voa = -3.909559345e-04
ddc = 6.6501482423e-08
dde = -6.579424016e-08
Reset re-loads circuit * comparator-offset-mc @ ss_125c_3.63v -- generated by sim/harness, do not edit

Circuit: * comparator-offset-mc @ ss_125c_3.63v -- generated by sim/harness, do not edit

Doing analysis at TEMP = 125.000000 and TNOM = 27.000000

Using SPARSE 1.3 as Direct Linear Solver

No. of Data Rows : 6
voa = 1.0593922676e-04
ddc = 3.4117907555e-09
dde = -3.902012321e-09
Reset re-loads circuit * comparator-offset-mc @ ss_125c_3.63v -- generated by sim/harness, do not edit

Circuit: * comparator-offset-mc @ ss_125c_3.63v -- generated by sim/harness, do not edit

Doing analysis at TEMP = 125.000000 and TNOM = 27.000000

Using SPARSE 1.3 as Direct Linear Solver

No. of Data Rows : 6
voa = -1.728044424e-04
ddc = 1.9856898564e-08
dde = -1.948861417e-08
Reset re-loads circuit * comparator-offset-mc @ ss_125c_3.63v -- generated by sim/harness, do not edit

Circuit: * comparator-offset-mc @ ss_125c_3.63v -- generated by sim/harness, do not edit

Doing analysis at TEMP = 125.000000 and TNOM = 27.000000

Using SPARSE 1.3 as Direct Linear Solver

No. of Data Rows : 6
voa = 3.7213301422e-04
ddc = -5.781190759e-08
dde = 5.6848828759e-08
Reset re-loads circuit * comparator-offset-mc @ ss_125c_3.63v -- generated by sim/harness, do not edit

Circuit: * comparator-offset-mc @ ss_125c_3.63v -- generated by sim/harness, do not edit

Doing analysis at TEMP = 125.000000 and TNOM = 27.000000

Using SPARSE 1.3 as Direct Linear Solver

No. of Data Rows : 6
voa = -1.275428439e-04
ddc = 1.5215347959e-08
dde = -1.477712854e-08
Reset re-loads circuit * comparator-offset-mc @ ss_125c_3.63v -- generated by sim/harness, do not edit

Circuit: * comparator-offset-mc @ ss_125c_3.63v -- generated by sim/harness, do not edit

Doing analysis at TEMP = 125.000000 and TNOM = 27.000000

Using SPARSE 1.3 as Direct Linear Solver

No. of Data Rows : 6
voa = -1.032612315e-03
ddc = 1.5392392905e-07
dde = -1.509941998e-07
Reset re-loads circuit * comparator-offset-mc @ ss_125c_3.63v -- generated by sim/harness, do not edit

Circuit: * comparator-offset-mc @ ss_125c_3.63v -- generated by sim/harness, do not edit

Doing analysis at TEMP = 125.000000 and TNOM = 27.000000

Using SPARSE 1.3 as Direct Linear Solver

No. of Data Rows : 6
voa = 1.1593179685e-03
ddc = -1.659386998e-07
dde = 1.6285340949e-07
Reset re-loads circuit * comparator-offset-mc @ ss_125c_3.63v -- generated by sim/harness, do not edit

Circuit: * comparator-offset-mc @ ss_125c_3.63v -- generated by sim/harness, do not edit

Doing analysis at TEMP = 125.000000 and TNOM = 27.000000

Using SPARSE 1.3 as Direct Linear Solver

No. of Data Rows : 6
voa = 6.1394230992e-05
ddc = 1.1344432280e-09
dde = -1.419502338e-09
Reset re-loads circuit * comparator-offset-mc @ ss_125c_3.63v -- generated by sim/harness, do not edit

Circuit: * comparator-offset-mc @ ss_125c_3.63v -- generated by sim/harness, do not edit

Doing analysis at TEMP = 125.000000 and TNOM = 27.000000

Using SPARSE 1.3 as Direct Linear Solver

No. of Data Rows : 6
voa = 3.9758884520e-04
ddc = -4.262302994e-08
dde = 4.1500629585e-08
Reset re-loads circuit * comparator-offset-mc @ ss_125c_3.63v -- generated by sim/harness, do not edit

Circuit: * comparator-offset-mc @ ss_125c_3.63v -- generated by sim/harness, do not edit

Doing analysis at TEMP = 125.000000 and TNOM = 27.000000

Using SPARSE 1.3 as Direct Linear Solver

No. of Data Rows : 6
voa = 3.5700822600e-05
ddc = 3.1742308883e-09
dde = -3.324879769e-09
Reset re-loads circuit * comparator-offset-mc @ ss_125c_3.63v -- generated by sim/harness, do not edit

Circuit: * comparator-offset-mc @ ss_125c_3.63v -- generated by sim/harness, do not edit

Doing analysis at TEMP = 125.000000 and TNOM = 27.000000

Using SPARSE 1.3 as Direct Linear Solver

No. of Data Rows : 6
voa = -1.266668427e-03
ddc = 1.9013973183e-07
dde = -1.870038189e-07
Reset re-loads circuit * comparator-offset-mc @ ss_125c_3.63v -- generated by sim/harness, do not edit

Circuit: * comparator-offset-mc @ ss_125c_3.63v -- generated by sim/harness, do not edit

Doing analysis at TEMP = 125.000000 and TNOM = 27.000000

Using SPARSE 1.3 as Direct Linear Solver
 Reference value :  0.00000e+00
No. of Data Rows : 6
voa = 8.9355175911e-05
ddc = -3.669638157e-08
dde = 3.6733741965e-08
Reset re-loads circuit * comparator-offset-mc @ ss_125c_3.63v -- generated by sim/harness, do not edit

Circuit: * comparator-offset-mc @ ss_125c_3.63v -- generated by sim/harness, do not edit

Doing analysis at TEMP = 125.000000 and TNOM = 27.000000

Using SPARSE 1.3 as Direct Linear Solver

No. of Data Rows : 6
voa = 1.1031821133e-03
ddc = -1.593511695e-07
dde = 1.5641339055e-07
Reset re-loads circuit * comparator-offset-mc @ ss_125c_3.63v -- generated by sim/harness, do not edit

Circuit: * comparator-offset-mc @ ss_125c_3.63v -- generated by sim/harness, do not edit

Doing analysis at TEMP = 125.000000 and TNOM = 27.000000

Using SPARSE 1.3 as Direct Linear Solver

No. of Data Rows : 6
voa = -4.726453569e-04
ddc = 6.1098554523e-08
dde = -5.771570590e-08
Reset re-loads circuit * comparator-offset-mc @ ss_125c_3.63v -- generated by sim/harness, do not edit

Circuit: * comparator-offset-mc @ ss_125c_3.63v -- generated by sim/harness, do not edit

Doing analysis at TEMP = 125.000000 and TNOM = 27.000000

Using SPARSE 1.3 as Direct Linear Solver

No. of Data Rows : 6
voa = 1.9983313675e-04
ddc = -3.260678294e-08
dde = 3.2044835016e-08
Reset re-loads circuit * comparator-offset-mc @ ss_125c_3.63v -- generated by sim/harness, do not edit

Circuit: * comparator-offset-mc @ ss_125c_3.63v -- generated by sim/harness, do not edit

Doing analysis at TEMP = 125.000000 and TNOM = 27.000000

Using SPARSE 1.3 as Direct Linear Solver

No. of Data Rows : 6
voa = -4.288364137e-04
ddc = 4.8557756351e-08
dde = -4.714296702e-08
Reset re-loads circuit * comparator-offset-mc @ ss_125c_3.63v -- generated by sim/harness, do not edit

Circuit: * comparator-offset-mc @ ss_125c_3.63v -- generated by sim/harness, do not edit

Doing analysis at TEMP = 125.000000 and TNOM = 27.000000

Using SPARSE 1.3 as Direct Linear Solver

No. of Data Rows : 6
voa = 1.4219951360e-04
ddc = -9.212801669e-09
dde = 8.7382527247e-09
Reset re-loads circuit * comparator-offset-mc @ ss_125c_3.63v -- generated by sim/harness, do not edit

Circuit: * comparator-offset-mc @ ss_125c_3.63v -- generated by sim/harness, do not edit

Doing analysis at TEMP = 125.000000 and TNOM = 27.000000

Using SPARSE 1.3 as Direct Linear Solver

No. of Data Rows : 6
voa = 8.9983287600e-04
ddc = -1.165919390e-07
dde = 1.1393163374e-07
Reset re-loads circuit * comparator-offset-mc @ ss_125c_3.63v -- generated by sim/harness, do not edit

Circuit: * comparator-offset-mc @ ss_125c_3.63v -- generated by sim/harness, do not edit

Doing analysis at TEMP = 125.000000 and TNOM = 27.000000

Using SPARSE 1.3 as Direct Linear Solver

No. of Data Rows : 6
voa = -2.611274506e-04
ddc = 4.4882113581e-08
dde = -4.440438083e-08
Reset re-loads circuit * comparator-offset-mc @ ss_125c_3.63v -- generated by sim/harness, do not edit

Circuit: * comparator-offset-mc @ ss_125c_3.63v -- generated by sim/harness, do not edit

Doing analysis at TEMP = 125.000000 and TNOM = 27.000000

Using SPARSE 1.3 as Direct Linear Solver

No. of Data Rows : 6
voa = 1.0723111873e-03
ddc = -1.626354146e-07
dde = 1.5994352842e-07
Reset re-loads circuit * comparator-offset-mc @ ss_125c_3.63v -- generated by sim/harness, do not edit

Circuit: * comparator-offset-mc @ ss_125c_3.63v -- generated by sim/harness, do not edit

Doing analysis at TEMP = 125.000000 and TNOM = 27.000000

Using SPARSE 1.3 as Direct Linear Solver

No. of Data Rows : 6
voa = 7.8612743524e-04
ddc = -1.009200770e-07
dde = 9.8576545785e-08
Reset re-loads circuit * comparator-offset-mc @ ss_125c_3.63v -- generated by sim/harness, do not edit

Circuit: * comparator-offset-mc @ ss_125c_3.63v -- generated by sim/harness, do not edit

Doing analysis at TEMP = 125.000000 and TNOM = 27.000000

Using SPARSE 1.3 as Direct Linear Solver

No. of Data Rows : 6
voa = 4.8545412646e-04
ddc = -6.814368869e-08
dde = 6.6919063704e-08
Reset re-loads circuit * comparator-offset-mc @ ss_125c_3.63v -- generated by sim/harness, do not edit

Circuit: * comparator-offset-mc @ ss_125c_3.63v -- generated by sim/harness, do not edit

Doing analysis at TEMP = 125.000000 and TNOM = 27.000000

Using SPARSE 1.3 as Direct Linear Solver

No. of Data Rows : 6
voa = 7.7693137915e-04
ddc = -1.258787843e-07
dde = 1.2401672763e-07
Reset re-loads circuit * comparator-offset-mc @ ss_125c_3.63v -- generated by sim/harness, do not edit

Circuit: * comparator-offset-mc @ ss_125c_3.63v -- generated by sim/harness, do not edit

Doing analysis at TEMP = 125.000000 and TNOM = 27.000000

Using SPARSE 1.3 as Direct Linear Solver

No. of Data Rows : 6
voa = 1.9659733749e-05
ddc = 5.2846361101e-09
dde = -5.434464251e-09
Reset re-loads circuit * comparator-offset-mc @ ss_125c_3.63v -- generated by sim/harness, do not edit

Circuit: * comparator-offset-mc @ ss_125c_3.63v -- generated by sim/harness, do not edit

Doing analysis at TEMP = 125.000000 and TNOM = 27.000000

Using SPARSE 1.3 as Direct Linear Solver
 Reference value :  0.00000e+00
No. of Data Rows : 6
voa = -1.465844339e-03
ddc = 2.0811339106e-07
dde = -2.043856015e-07
Reset re-loads circuit * comparator-offset-mc @ ss_125c_3.63v -- generated by sim/harness, do not edit

Circuit: * comparator-offset-mc @ ss_125c_3.63v -- generated by sim/harness, do not edit

Doing analysis at TEMP = 125.000000 and TNOM = 27.000000

Using SPARSE 1.3 as Direct Linear Solver

No. of Data Rows : 6
voa = 1.0453463016e-03
ddc = -1.471374819e-07
dde = 1.4429559830e-07
Reset re-loads circuit * comparator-offset-mc @ ss_125c_3.63v -- generated by sim/harness, do not edit

Circuit: * comparator-offset-mc @ ss_125c_3.63v -- generated by sim/harness, do not edit

Doing analysis at TEMP = 125.000000 and TNOM = 27.000000

Using SPARSE 1.3 as Direct Linear Solver

No. of Data Rows : 6
voa = -1.650072058e-03
ddc = 2.0028951110e-07
dde = -1.955608941e-07
Reset re-loads circuit * comparator-offset-mc @ ss_125c_3.63v -- generated by sim/harness, do not edit

Circuit: * comparator-offset-mc @ ss_125c_3.63v -- generated by sim/harness, do not edit

Doing analysis at TEMP = 125.000000 and TNOM = 27.000000

Using SPARSE 1.3 as Direct Linear Solver

No. of Data Rows : 6
voa = 2.4161133467e-03
ddc = -3.560448954e-07
dde = 3.4961446892e-07
Reset re-loads circuit * comparator-offset-mc @ ss_125c_3.63v -- generated by sim/harness, do not edit

Circuit: * comparator-offset-mc @ ss_125c_3.63v -- generated by sim/harness, do not edit

Doing analysis at TEMP = 125.000000 and TNOM = 27.000000

Using SPARSE 1.3 as Direct Linear Solver

No. of Data Rows : 6
voa = -1.430039240e-04
ddc = 2.9104612010e-08
dde = -2.881835912e-08
Reset re-loads circuit * comparator-offset-mc @ ss_125c_3.63v -- generated by sim/harness, do not edit

Circuit: * comparator-offset-mc @ ss_125c_3.63v -- generated by sim/harness, do not edit

Doing analysis at TEMP = 125.000000 and TNOM = 27.000000

Using SPARSE 1.3 as Direct Linear Solver

No. of Data Rows : 6
voa = -4.344415443e-04
ddc = 4.2443041811e-08
dde = -3.958306299e-08
Reset re-loads circuit * comparator-offset-mc @ ss_125c_3.63v -- generated by sim/harness, do not edit

Circuit: * comparator-offset-mc @ ss_125c_3.63v -- generated by sim/harness, do not edit

Doing analysis at TEMP = 125.000000 and TNOM = 27.000000

Using SPARSE 1.3 as Direct Linear Solver

No. of Data Rows : 6
voa = -6.166136169e-04
ddc = 8.5012771329e-08
dde = -8.340134367e-08
Reset re-loads circuit * comparator-offset-mc @ ss_125c_3.63v -- generated by sim/harness, do not edit

Circuit: * comparator-offset-mc @ ss_125c_3.63v -- generated by sim/harness, do not edit

Doing analysis at TEMP = 125.000000 and TNOM = 27.000000

Using SPARSE 1.3 as Direct Linear Solver

No. of Data Rows : 6
voa = -1.768016316e-03
ddc = 2.4159467582e-07
dde = -2.368449174e-07
Reset re-loads circuit * comparator-offset-mc @ ss_125c_3.63v -- generated by sim/harness, do not edit

Circuit: * comparator-offset-mc @ ss_125c_3.63v -- generated by sim/harness, do not edit

Doing analysis at TEMP = 125.000000 and TNOM = 27.000000

Using SPARSE 1.3 as Direct Linear Solver

No. of Data Rows : 6
voa = -4.102776845e-04
ddc = 5.8544163646e-08
dde = -5.755926054e-08
Reset re-loads circuit * comparator-offset-mc @ ss_125c_3.63v -- generated by sim/harness, do not edit

Circuit: * comparator-offset-mc @ ss_125c_3.63v -- generated by sim/harness, do not edit

Doing analysis at TEMP = 125.000000 and TNOM = 27.000000

Using SPARSE 1.3 as Direct Linear Solver

No. of Data Rows : 6
voa = -8.479576408e-05
ddc = 1.1431937377e-08
dde = -1.121538016e-08
Reset re-loads circuit * comparator-offset-mc @ ss_125c_3.63v -- generated by sim/harness, do not edit

Circuit: * comparator-offset-mc @ ss_125c_3.63v -- generated by sim/harness, do not edit

Doing analysis at TEMP = 125.000000 and TNOM = 27.000000

Using SPARSE 1.3 as Direct Linear Solver

No. of Data Rows : 6
voa = 1.6144358162e-03
ddc = -2.402057440e-07
dde = 2.3612200101e-07
Reset re-loads circuit * comparator-offset-mc @ ss_125c_3.63v -- generated by sim/harness, do not edit

Circuit: * comparator-offset-mc @ ss_125c_3.63v -- generated by sim/harness, do not edit

Doing analysis at TEMP = 125.000000 and TNOM = 27.000000

Using SPARSE 1.3 as Direct Linear Solver
 Reference value :  2.00000e-03
No. of Data Rows : 6
voa = -1.550956322e-04
ddc = 4.4985767452e-08
dde = -4.503529600e-08
Reset re-loads circuit * comparator-offset-mc @ ss_125c_3.63v -- generated by sim/harness, do not edit

Circuit: * comparator-offset-mc @ ss_125c_3.63v -- generated by sim/harness, do not edit

Doing analysis at TEMP = 125.000000 and TNOM = 27.000000

Using SPARSE 1.3 as Direct Linear Solver

No. of Data Rows : 6
voa = -7.262869192e-04
ddc = 1.0503614175e-07
dde = -1.031037345e-07
Reset re-loads circuit * comparator-offset-mc @ ss_125c_3.63v -- generated by sim/harness, do not edit

Circuit: * comparator-offset-mc @ ss_125c_3.63v -- generated by sim/harness, do not edit

Doing analysis at TEMP = 125.000000 and TNOM = 27.000000

Using SPARSE 1.3 as Direct Linear Solver

No. of Data Rows : 6
voa = -8.161674316e-04
ddc = 1.0658687700e-07
dde = -1.043642520e-07
Reset re-loads circuit * comparator-offset-mc @ ss_125c_3.63v -- generated by sim/harness, do not edit

Circuit: * comparator-offset-mc @ ss_125c_3.63v -- generated by sim/harness, do not edit

Doing analysis at TEMP = 125.000000 and TNOM = 27.000000

Using SPARSE 1.3 as Direct Linear Solver

No. of Data Rows : 6
voa = -5.413740205e-04
ddc = 8.3853937297e-08
dde = -8.234565879e-08
Reset re-loads circuit * comparator-offset-mc @ ss_125c_3.63v -- generated by sim/harness, do not edit

Circuit: * comparator-offset-mc @ ss_125c_3.63v -- generated by sim/harness, do not edit

Doing analysis at TEMP = 125.000000 and TNOM = 27.000000

Using SPARSE 1.3 as Direct Linear Solver

No. of Data Rows : 6
voa = 8.3626995264e-04
ddc = -1.199308144e-07
dde = 1.1764545929e-07
Reset re-loads circuit * comparator-offset-mc @ ss_125c_3.63v -- generated by sim/harness, do not edit

Circuit: * comparator-offset-mc @ ss_125c_3.63v -- generated by sim/harness, do not edit

Doing analysis at TEMP = 125.000000 and TNOM = 27.000000

Using SPARSE 1.3 as Direct Linear Solver

No. of Data Rows : 6
voa = -1.756639859e-04
ddc = 3.4898615104e-08
dde = -3.454052793e-08
Reset re-loads circuit * comparator-offset-mc @ ss_125c_3.63v -- generated by sim/harness, do not edit

Circuit: * comparator-offset-mc @ ss_125c_3.63v -- generated by sim/harness, do not edit

Doing analysis at TEMP = 125.000000 and TNOM = 27.000000

Using SPARSE 1.3 as Direct Linear Solver

No. of Data Rows : 6
voa = 9.9230611983e-04
ddc = -1.562001489e-07
dde = 1.5372209247e-07
Reset re-loads circuit * comparator-offset-mc @ ss_125c_3.63v -- generated by sim/harness, do not edit

Circuit: * comparator-offset-mc @ ss_125c_3.63v -- generated by sim/harness, do not edit

Doing analysis at TEMP = 125.000000 and TNOM = 27.000000

Using SPARSE 1.3 as Direct Linear Solver

No. of Data Rows : 6
voa = 6.0689499607e-04
ddc = -9.427424833e-08
dde = 9.2810531693e-08
Reset re-loads circuit * comparator-offset-mc @ ss_125c_3.63v -- generated by sim/harness, do not edit

Circuit: * comparator-offset-mc @ ss_125c_3.63v -- generated by sim/harness, do not edit

Doing analysis at TEMP = 125.000000 and TNOM = 27.000000

Using SPARSE 1.3 as Direct Linear Solver

No. of Data Rows : 6
voa = -2.191153085e-04
ddc = 4.3993472375e-08
dde = -4.351075731e-08
Reset re-loads circuit * comparator-offset-mc @ ss_125c_3.63v -- generated by sim/harness, do not edit

Circuit: * comparator-offset-mc @ ss_125c_3.63v -- generated by sim/harness, do not edit

Doing analysis at TEMP = 125.000000 and TNOM = 27.000000

Using SPARSE 1.3 as Direct Linear Solver

No. of Data Rows : 6
voa = 2.3086301495e-03
ddc = -3.100041588e-07
dde = 3.0733511778e-07
Reset re-loads circuit * comparator-offset-mc @ ss_125c_3.63v -- generated by sim/harness, do not edit

Circuit: * comparator-offset-mc @ ss_125c_3.63v -- generated by sim/harness, do not edit

Doing analysis at TEMP = 125.000000 and TNOM = 27.000000

Using SPARSE 1.3 as Direct Linear Solver

No. of Data Rows : 6
voa = -6.198519661e-04
ddc = 1.0411467193e-07
dde = -1.026203957e-07
Reset re-loads circuit * comparator-offset-mc @ ss_125c_3.63v -- generated by sim/harness, do not edit

Circuit: * comparator-offset-mc @ ss_125c_3.63v -- generated by sim/harness, do not edit

Doing analysis at TEMP = 125.000000 and TNOM = 27.000000

Using SPARSE 1.3 as Direct Linear Solver

No. of Data Rows : 6
voa = 2.3486160872e-04
ddc = -2.820836890e-08
dde = 2.6711163555e-08
Reset re-loads circuit * comparator-offset-mc @ ss_125c_3.63v -- generated by sim/harness, do not edit

Circuit: * comparator-offset-mc @ ss_125c_3.63v -- generated by sim/harness, do not edit

Doing analysis at TEMP = 125.000000 and TNOM = 27.000000

Using SPARSE 1.3 as Direct Linear Solver

No. of Data Rows : 6
voa = 3.5376774276e-04
ddc = -4.100370455e-08
dde = 3.9974031052e-08
Reset re-loads circuit * comparator-offset-mc @ ss_125c_3.63v -- generated by sim/harness, do not edit

Circuit: * comparator-offset-mc @ ss_125c_3.63v -- generated by sim/harness, do not edit

Doing analysis at TEMP = 125.000000 and TNOM = 27.000000

Using SPARSE 1.3 as Direct Linear Solver
 Reference value :  0.00000e+00
No. of Data Rows : 6
voa = 5.0985032126e-04
ddc = -7.914002908e-08
dde = 7.6447835461e-08
Reset re-loads circuit * comparator-offset-mc @ ss_125c_3.63v -- generated by sim/harness, do not edit

Circuit: * comparator-offset-mc @ ss_125c_3.63v -- generated by sim/harness, do not edit

Doing analysis at TEMP = 125.000000 and TNOM = 27.000000

Using SPARSE 1.3 as Direct Linear Solver

No. of Data Rows : 6
voa = 1.8472699943e-03
ddc = -2.669090373e-07
dde = 2.6192901777e-07
Reset re-loads circuit * comparator-offset-mc @ ss_125c_3.63v -- generated by sim/harness, do not edit

Circuit: * comparator-offset-mc @ ss_125c_3.63v -- generated by sim/harness, do not edit

Doing analysis at TEMP = 125.000000 and TNOM = 27.000000

Using SPARSE 1.3 as Direct Linear Solver

No. of Data Rows : 6
voa = -8.902820374e-04
ddc = 1.3272170635e-07
dde = -1.304135014e-07
Reset re-loads circuit * comparator-offset-mc @ ss_125c_3.63v -- generated by sim/harness, do not edit

Circuit: * comparator-offset-mc @ ss_125c_3.63v -- generated by sim/harness, do not edit

Doing analysis at TEMP = 125.000000 and TNOM = 27.000000

Using SPARSE 1.3 as Direct Linear Solver

No. of Data Rows : 6
voa = 9.8761643299e-04
ddc = -1.591889693e-07
dde = 1.5674856452e-07
Reset re-loads circuit * comparator-offset-mc @ ss_125c_3.63v -- generated by sim/harness, do not edit

Circuit: * comparator-offset-mc @ ss_125c_3.63v -- generated by sim/harness, do not edit

Doing analysis at TEMP = 125.000000 and TNOM = 27.000000

Using SPARSE 1.3 as Direct Linear Solver

No. of Data Rows : 6
voa = 9.0527318123e-04
ddc = -1.396588717e-07
dde = 1.3732586103e-07
Reset re-loads circuit * comparator-offset-mc @ ss_125c_3.63v -- generated by sim/harness, do not edit

Circuit: * comparator-offset-mc @ ss_125c_3.63v -- generated by sim/harness, do not edit

Doing analysis at TEMP = 125.000000 and TNOM = 27.000000

Using SPARSE 1.3 as Direct Linear Solver

No. of Data Rows : 6
voa = 2.4083145003e-04
ddc = -3.582353206e-08
dde = 3.5073076781e-08
Reset re-loads circuit * comparator-offset-mc @ ss_125c_3.63v -- generated by sim/harness, do not edit

Circuit: * comparator-offset-mc @ ss_125c_3.63v -- generated by sim/harness, do not edit

Doing analysis at TEMP = 125.000000 and TNOM = 27.000000

Using SPARSE 1.3 as Direct Linear Solver

No. of Data Rows : 6
voa = 5.0578994595e-04
ddc = -5.438902285e-08
dde = 5.2791765128e-08
Reset re-loads circuit * comparator-offset-mc @ ss_125c_3.63v -- generated by sim/harness, do not edit

Circuit: * comparator-offset-mc @ ss_125c_3.63v -- generated by sim/harness, do not edit

Doing analysis at TEMP = 125.000000 and TNOM = 27.000000

Using SPARSE 1.3 as Direct Linear Solver

No. of Data Rows : 6
voa = 5.6183391221e-04
ddc = -9.796894659e-08
dde = 9.6708139328e-08
Reset re-loads circuit * comparator-offset-mc @ ss_125c_3.63v -- generated by sim/harness, do not edit

Circuit: * comparator-offset-mc @ ss_125c_3.63v -- generated by sim/harness, do not edit

Doing analysis at TEMP = 125.000000 and TNOM = 27.000000

Using SPARSE 1.3 as Direct Linear Solver

No. of Data Rows : 6
voa = 1.7503707959e-03
ddc = -2.325903933e-07
dde = 2.2765092422e-07
Reset re-loads circuit * comparator-offset-mc @ ss_125c_3.63v -- generated by sim/harness, do not edit

Circuit: * comparator-offset-mc @ ss_125c_3.63v -- generated by sim/harness, do not edit

Doing analysis at TEMP = 125.000000 and TNOM = 27.000000

Using SPARSE 1.3 as Direct Linear Solver

No. of Data Rows : 6
voa = -1.476214663e-03
ddc = 1.9245601850e-07
dde = -1.882927359e-07
Reset re-loads circuit * comparator-offset-mc @ ss_125c_3.63v -- generated by sim/harness, do not edit

Circuit: * comparator-offset-mc @ ss_125c_3.63v -- generated by sim/harness, do not edit

Doing analysis at TEMP = 125.000000 and TNOM = 27.000000

Using SPARSE 1.3 as Direct Linear Solver

No. of Data Rows : 6
voa = -5.649051780e-05
ddc = 5.6165046192e-09
dde = -5.409651904e-09
Reset re-loads circuit * comparator-offset-mc @ ss_125c_3.63v -- generated by sim/harness, do not edit

Circuit: * comparator-offset-mc @ ss_125c_3.63v -- generated by sim/harness, do not edit

Doing analysis at TEMP = 125.000000 and TNOM = 27.000000

Using SPARSE 1.3 as Direct Linear Solver
 Reference value :  0.00000e+00
No. of Data Rows : 6
voa = -5.009258014e-04
ddc = 6.0462168188e-08
dde = -5.890515550e-08
Reset re-loads circuit * comparator-offset-mc @ ss_125c_3.63v -- generated by sim/harness, do not edit

Circuit: * comparator-offset-mc @ ss_125c_3.63v -- generated by sim/harness, do not edit

Doing analysis at TEMP = 125.000000 and TNOM = 27.000000

Using SPARSE 1.3 as Direct Linear Solver

No. of Data Rows : 6
voa = -1.817214961e-03
ddc = 2.4939914525e-07
dde = -2.582625618e-07
Reset re-loads circuit * comparator-offset-mc @ ss_125c_3.63v -- generated by sim/harness, do not edit

Circuit: * comparator-offset-mc @ ss_125c_3.63v -- generated by sim/harness, do not edit

Doing analysis at TEMP = 125.000000 and TNOM = 27.000000

Using SPARSE 1.3 as Direct Linear Solver

No. of Data Rows : 6
voa = 7.8950348112e-04
ddc = -1.089964480e-07
dde = 1.0685235581e-07
Reset re-loads circuit * comparator-offset-mc @ ss_125c_3.63v -- generated by sim/harness, do not edit

Circuit: * comparator-offset-mc @ ss_125c_3.63v -- generated by sim/harness, do not edit

Doing analysis at TEMP = 125.000000 and TNOM = 27.000000

Using SPARSE 1.3 as Direct Linear Solver

No. of Data Rows : 6
voa = -3.772251941e-04
ddc = 2.2377390634e-08
dde = -2.089272312e-08
Reset re-loads circuit * comparator-offset-mc @ ss_125c_3.63v -- generated by sim/harness, do not edit

Circuit: * comparator-offset-mc @ ss_125c_3.63v -- generated by sim/harness, do not edit

Doing analysis at TEMP = 125.000000 and TNOM = 27.000000

Using SPARSE 1.3 as Direct Linear Solver

No. of Data Rows : 6
voa = 2.3167231531e-04
ddc = -2.226991309e-08
dde = 2.1551698562e-08
Reset re-loads circuit * comparator-offset-mc @ ss_125c_3.63v -- generated by sim/harness, do not edit

Circuit: * comparator-offset-mc @ ss_125c_3.63v -- generated by sim/harness, do not edit

Doing analysis at TEMP = 125.000000 and TNOM = 27.000000

Using SPARSE 1.3 as Direct Linear Solver

No. of Data Rows : 6
voa = -1.722943042e-03
ddc = 2.5241077224e-07
dde = -2.480168058e-07
Reset re-loads circuit * comparator-offset-mc @ ss_125c_3.63v -- generated by sim/harness, do not edit

Circuit: * comparator-offset-mc @ ss_125c_3.63v -- generated by sim/harness, do not edit

Doing analysis at TEMP = 125.000000 and TNOM = 27.000000

Using SPARSE 1.3 as Direct Linear Solver

No. of Data Rows : 6
voa = -5.975832189e-04
ddc = 7.1445232619e-08
dde = -6.959838861e-08
Reset re-loads circuit * comparator-offset-mc @ ss_125c_3.63v -- generated by sim/harness, do not edit

Circuit: * comparator-offset-mc @ ss_125c_3.63v -- generated by sim/harness, do not edit

Doing analysis at TEMP = 125.000000 and TNOM = 27.000000

Using SPARSE 1.3 as Direct Linear Solver

No. of Data Rows : 6
voa = 9.6094722012e-04
ddc = -1.500984047e-07
dde = 1.4752584042e-07
Reset re-loads circuit * comparator-offset-mc @ ss_125c_3.63v -- generated by sim/harness, do not edit

Circuit: * comparator-offset-mc @ ss_125c_3.63v -- generated by sim/harness, do not edit

Doing analysis at TEMP = 125.000000 and TNOM = 27.000000

Using SPARSE 1.3 as Direct Linear Solver

No. of Data Rows : 6
voa = 1.4078249333e-03
ddc = -1.926038939e-07
dde = 1.8875499956e-07
Reset re-loads circuit * comparator-offset-mc @ ss_125c_3.63v -- generated by sim/harness, do not edit

Circuit: * comparator-offset-mc @ ss_125c_3.63v -- generated by sim/harness, do not edit

Doing analysis at TEMP = 125.000000 and TNOM = 27.000000

Using SPARSE 1.3 as Direct Linear Solver

No. of Data Rows : 6
voa = -1.360308652e-04
ddc = 2.4250550839e-08
dde = -2.383971786e-08
Reset re-loads circuit * comparator-offset-mc @ ss_125c_3.63v -- generated by sim/harness, do not edit

Circuit: * comparator-offset-mc @ ss_125c_3.63v -- generated by sim/harness, do not edit

Doing analysis at TEMP = 125.000000 and TNOM = 27.000000

Using SPARSE 1.3 as Direct Linear Solver
 Reference value :  0.00000e+00
No. of Data Rows : 6
voa = -2.222094938e-04
ddc = 2.9333928375e-08
dde = -2.794681177e-08
Reset re-loads circuit * comparator-offset-mc @ ss_125c_3.63v -- generated by sim/harness, do not edit

Circuit: * comparator-offset-mc @ ss_125c_3.63v -- generated by sim/harness, do not edit

Doing analysis at TEMP = 125.000000 and TNOM = 27.000000

Using SPARSE 1.3 as Direct Linear Solver

No. of Data Rows : 6
voa = 4.5353290059e-04
ddc = -6.574321258e-08
dde = 6.4511422804e-08
Reset re-loads circuit * comparator-offset-mc @ ss_125c_3.63v -- generated by sim/harness, do not edit

Circuit: * comparator-offset-mc @ ss_125c_3.63v -- generated by sim/harness, do not edit

Doing analysis at TEMP = 125.000000 and TNOM = 27.000000

Using SPARSE 1.3 as Direct Linear Solver

No. of Data Rows : 6
voa = 7.7259989633e-04
ddc = -1.072018897e-07
dde = 1.0513777907e-07
Reset re-loads circuit * comparator-offset-mc @ ss_125c_3.63v -- generated by sim/harness, do not edit

Circuit: * comparator-offset-mc @ ss_125c_3.63v -- generated by sim/harness, do not edit

Doing analysis at TEMP = 125.000000 and TNOM = 27.000000

Using SPARSE 1.3 as Direct Linear Solver

No. of Data Rows : 6
voa = -7.022927743e-04
ddc = 1.0765297350e-07
dde = -1.056575373e-07
Reset re-loads circuit * comparator-offset-mc @ ss_125c_3.63v -- generated by sim/harness, do not edit

Circuit: * comparator-offset-mc @ ss_125c_3.63v -- generated by sim/harness, do not edit

Doing analysis at TEMP = 125.000000 and TNOM = 27.000000

Using SPARSE 1.3 as Direct Linear Solver

No. of Data Rows : 6
voa = -7.782096582e-05
ddc = -6.982824399e-09
dde = 7.5558281762e-09
Reset re-loads circuit * comparator-offset-mc @ ss_125c_3.63v -- generated by sim/harness, do not edit

Circuit: * comparator-offset-mc @ ss_125c_3.63v -- generated by sim/harness, do not edit

Doing analysis at TEMP = 125.000000 and TNOM = 27.000000

Using SPARSE 1.3 as Direct Linear Solver

No. of Data Rows : 6
voa = -3.990112930e-05
ddc = 1.6488445758e-08
dde = -1.662861917e-08
Reset re-loads circuit * comparator-offset-mc @ ss_125c_3.63v -- generated by sim/harness, do not edit

Circuit: * comparator-offset-mc @ ss_125c_3.63v -- generated by sim/harness, do not edit

Doing analysis at TEMP = 125.000000 and TNOM = 27.000000

Using SPARSE 1.3 as Direct Linear Solver

No. of Data Rows : 6
voa = -3.372510168e-04
ddc = 6.5486652920e-08
dde = -6.477058852e-08
Reset re-loads circuit * comparator-offset-mc @ ss_125c_3.63v -- generated by sim/harness, do not edit

Circuit: * comparator-offset-mc @ ss_125c_3.63v -- generated by sim/harness, do not edit

Doing analysis at TEMP = 125.000000 and TNOM = 27.000000

Using SPARSE 1.3 as Direct Linear Solver

No. of Data Rows : 6
voa = -2.291491447e-04
ddc = 3.3601568191e-08
dde = -3.294140491e-08
Reset re-loads circuit * comparator-offset-mc @ ss_125c_3.63v -- generated by sim/harness, do not edit

Circuit: * comparator-offset-mc @ ss_125c_3.63v -- generated by sim/harness, do not edit

Doing analysis at TEMP = 125.000000 and TNOM = 27.000000

Using SPARSE 1.3 as Direct Linear Solver

No. of Data Rows : 6
voa = -1.624155943e-03
ddc = 2.2710764132e-07
dde = -2.229197317e-07
Reset re-loads circuit * comparator-offset-mc @ ss_125c_3.63v -- generated by sim/harness, do not edit

Circuit: * comparator-offset-mc @ ss_125c_3.63v -- generated by sim/harness, do not edit

Doing analysis at TEMP = 125.000000 and TNOM = 27.000000

Using SPARSE 1.3 as Direct Linear Solver

No. of Data Rows : 6
voa = 1.0503474784e-03
ddc = -1.243771779e-07
dde = 1.2122038384e-07
Reset re-loads circuit * comparator-offset-mc @ ss_125c_3.63v -- generated by sim/harness, do not edit

Circuit: * comparator-offset-mc @ ss_125c_3.63v -- generated by sim/harness, do not edit

Doing analysis at TEMP = 125.000000 and TNOM = 27.000000

Using SPARSE 1.3 as Direct Linear Solver
 Reference value :  0.00000e+00
No. of Data Rows : 6
voa = 1.2933471938e-03
ddc = -1.713315245e-07
dde = 1.6786907355e-07
Reset re-loads circuit * comparator-offset-mc @ ss_125c_3.63v -- generated by sim/harness, do not edit

Circuit: * comparator-offset-mc @ ss_125c_3.63v -- generated by sim/harness, do not edit

Doing analysis at TEMP = 125.000000 and TNOM = 27.000000

Using SPARSE 1.3 as Direct Linear Solver

No. of Data Rows : 6
voa = 2.0643591950e-04
ddc = -3.732672358e-08
dde = 3.6905466311e-08
Reset re-loads circuit * comparator-offset-mc @ ss_125c_3.63v -- generated by sim/harness, do not edit

Circuit: * comparator-offset-mc @ ss_125c_3.63v -- generated by sim/harness, do not edit

Doing analysis at TEMP = 125.000000 and TNOM = 27.000000

Using SPARSE 1.3 as Direct Linear Solver

No. of Data Rows : 6
voa = -4.637839692e-04
ddc = 7.8561773421e-08
dde = -7.767102770e-08
Reset re-loads circuit * comparator-offset-mc @ ss_125c_3.63v -- generated by sim/harness, do not edit

Circuit: * comparator-offset-mc @ ss_125c_3.63v -- generated by sim/harness, do not edit

Doing analysis at TEMP = 125.000000 and TNOM = 27.000000

Using SPARSE 1.3 as Direct Linear Solver

No. of Data Rows : 6
voa = 1.1241276829e-03
ddc = -1.687094133e-07
dde = 1.6568209502e-07
Reset re-loads circuit * comparator-offset-mc @ ss_125c_3.63v -- generated by sim/harness, do not edit

Circuit: * comparator-offset-mc @ ss_125c_3.63v -- generated by sim/harness, do not edit

Doing analysis at TEMP = 125.000000 and TNOM = 27.000000

Using SPARSE 1.3 as Direct Linear Solver

No. of Data Rows : 6
voa = 4.0462117516e-04
ddc = -6.732048784e-08
dde = 6.6331160898e-08
Reset re-loads circuit * comparator-offset-mc @ ss_125c_3.63v -- generated by sim/harness, do not edit

Circuit: * comparator-offset-mc @ ss_125c_3.63v -- generated by sim/harness, do not edit

Doing analysis at TEMP = 125.000000 and TNOM = 27.000000

Using SPARSE 1.3 as Direct Linear Solver

No. of Data Rows : 6
voa = 2.5160124279e-04
ddc = -2.985172381e-08
dde = 2.8222184337e-08
Reset re-loads circuit * comparator-offset-mc @ ss_125c_3.63v -- generated by sim/harness, do not edit

Circuit: * comparator-offset-mc @ ss_125c_3.63v -- generated by sim/harness, do not edit

Doing analysis at TEMP = 125.000000 and TNOM = 27.000000

Using SPARSE 1.3 as Direct Linear Solver

No. of Data Rows : 6
voa = -6.756893143e-04
ddc = 8.8777622521e-08
dde = -8.681995745e-08
Reset re-loads circuit * comparator-offset-mc @ ss_125c_3.63v -- generated by sim/harness, do not edit

Circuit: * comparator-offset-mc @ ss_125c_3.63v -- generated by sim/harness, do not edit

Doing analysis at TEMP = 125.000000 and TNOM = 27.000000

Using SPARSE 1.3 as Direct Linear Solver

No. of Data Rows : 6
voa = -1.880868255e-03
ddc = 2.7798076410e-07
dde = -2.729764784e-07
Reset re-loads circuit * comparator-offset-mc @ ss_125c_3.63v -- generated by sim/harness, do not edit

Circuit: * comparator-offset-mc @ ss_125c_3.63v -- generated by sim/harness, do not edit

Doing analysis at TEMP = 125.000000 and TNOM = 27.000000

Using SPARSE 1.3 as Direct Linear Solver

No. of Data Rows : 6
voa = -2.157812952e-04
ddc = 2.9582536159e-08
dde = -2.878495219e-08
Reset re-loads circuit * comparator-offset-mc @ ss_125c_3.63v -- generated by sim/harness, do not edit

Circuit: * comparator-offset-mc @ ss_125c_3.63v -- generated by sim/harness, do not edit

Doing analysis at TEMP = 125.000000 and TNOM = 27.000000

Using SPARSE 1.3 as Direct Linear Solver
 Reference value :  0.00000e+00
No. of Data Rows : 6
voa = 6.2671331791e-05
ddc = 2.1179101388e-08
dde = -2.164913507e-08
Reset re-loads circuit * comparator-offset-mc @ ss_125c_3.63v -- generated by sim/harness, do not edit

Circuit: * comparator-offset-mc @ ss_125c_3.63v -- generated by sim/harness, do not edit

Doing analysis at TEMP = 125.000000 and TNOM = 27.000000

Using SPARSE 1.3 as Direct Linear Solver

No. of Data Rows : 6
voa = -8.613779585e-04
ddc = 1.2930958204e-07
dde = -1.270919323e-07
Reset re-loads circuit * comparator-offset-mc @ ss_125c_3.63v -- generated by sim/harness, do not edit

Circuit: * comparator-offset-mc @ ss_125c_3.63v -- generated by sim/harness, do not edit

Doing analysis at TEMP = 125.000000 and TNOM = 27.000000

Using SPARSE 1.3 as Direct Linear Solver

No. of Data Rows : 6
voa = -8.423212598e-04
ddc = 1.3137882196e-07
dde = -1.291587476e-07
Reset re-loads circuit * comparator-offset-mc @ ss_125c_3.63v -- generated by sim/harness, do not edit

Circuit: * comparator-offset-mc @ ss_125c_3.63v -- generated by sim/harness, do not edit

Doing analysis at TEMP = 125.000000 and TNOM = 27.000000

Using SPARSE 1.3 as Direct Linear Solver

No. of Data Rows : 6
voa = 1.3115500729e-03
ddc = -1.887257405e-07
dde = 1.8528187247e-07
Reset re-loads circuit * comparator-offset-mc @ ss_125c_3.63v -- generated by sim/harness, do not edit

Circuit: * comparator-offset-mc @ ss_125c_3.63v -- generated by sim/harness, do not edit

Doing analysis at TEMP = 125.000000 and TNOM = 27.000000

Using SPARSE 1.3 as Direct Linear Solver

No. of Data Rows : 6
voa = -8.089999914e-04
ddc = 1.1918022579e-07
dde = -1.169504259e-07
Reset re-loads circuit * comparator-offset-mc @ ss_125c_3.63v -- generated by sim/harness, do not edit

Circuit: * comparator-offset-mc @ ss_125c_3.63v -- generated by sim/harness, do not edit

Doing analysis at TEMP = 125.000000 and TNOM = 27.000000

Using SPARSE 1.3 as Direct Linear Solver

No. of Data Rows : 6
voa = 5.1979220073e-04
ddc = -5.068613989e-08
dde = 4.9051483342e-08
Reset re-loads circuit * comparator-offset-mc @ ss_125c_3.63v -- generated by sim/harness, do not edit

Circuit: * comparator-offset-mc @ ss_125c_3.63v -- generated by sim/harness, do not edit

Doing analysis at TEMP = 125.000000 and TNOM = 27.000000

Using SPARSE 1.3 as Direct Linear Solver

No. of Data Rows : 6
voa = -4.542205235e-04
ddc = 6.6893626503e-08
dde = -6.583697015e-08
Reset re-loads circuit * comparator-offset-mc @ ss_125c_3.63v -- generated by sim/harness, do not edit

Circuit: * comparator-offset-mc @ ss_125c_3.63v -- generated by sim/harness, do not edit

Doing analysis at TEMP = 125.000000 and TNOM = 27.000000

Using SPARSE 1.3 as Direct Linear Solver

No. of Data Rows : 6
voa = -2.034777879e-03
ddc = 3.0321854362e-07
dde = -2.979291782e-07
Reset re-loads circuit * comparator-offset-mc @ ss_125c_3.63v -- generated by sim/harness, do not edit

Circuit: * comparator-offset-mc @ ss_125c_3.63v -- generated by sim/harness, do not edit

Doing analysis at TEMP = 125.000000 and TNOM = 27.000000

Using SPARSE 1.3 as Direct Linear Solver

No. of Data Rows : 6
voa = -8.586322603e-04
ddc = 1.3465390842e-07
dde = -1.326454225e-07
Reset re-loads circuit * comparator-offset-mc @ ss_125c_3.63v -- generated by sim/harness, do not edit

Circuit: * comparator-offset-mc @ ss_125c_3.63v -- generated by sim/harness, do not edit

Doing analysis at TEMP = 125.000000 and TNOM = 27.000000

Using SPARSE 1.3 as Direct Linear Solver

No. of Data Rows : 6
voa = 8.5643169933e-04
ddc = -1.182375995e-07
dde = 1.1588699457e-07
Reset re-loads circuit * comparator-offset-mc @ ss_125c_3.63v -- generated by sim/harness, do not edit

Circuit: * comparator-offset-mc @ ss_125c_3.63v -- generated by sim/harness, do not edit

Doing analysis at TEMP = 125.000000 and TNOM = 27.000000

Using SPARSE 1.3 as Direct Linear Solver

No. of Data Rows : 6
voa = -7.525420005e-04
ddc = 8.2084599101e-08
dde = -7.884303863e-08
Reset re-loads circuit * comparator-offset-mc @ ss_125c_3.63v -- generated by sim/harness, do not edit

Circuit: * comparator-offset-mc @ ss_125c_3.63v -- generated by sim/harness, do not edit

Doing analysis at TEMP = 125.000000 and TNOM = 27.000000

Using SPARSE 1.3 as Direct Linear Solver

No. of Data Rows : 6
voa = -4.556431161e-04
ddc = 9.1873494270e-08
dde = -9.096571097e-08
Reset re-loads circuit * comparator-offset-mc @ ss_125c_3.63v -- generated by sim/harness, do not edit

Circuit: * comparator-offset-mc @ ss_125c_3.63v -- generated by sim/harness, do not edit

Doing analysis at TEMP = 125.000000 and TNOM = 27.000000

Using SPARSE 1.3 as Direct Linear Solver

No. of Data Rows : 6
voa = -1.866321576e-04
ddc = 3.2322617344e-08
dde = -3.199459283e-08
Reset re-loads circuit * comparator-offset-mc @ ss_125c_3.63v -- generated by sim/harness, do not edit

Circuit: * comparator-offset-mc @ ss_125c_3.63v -- generated by sim/harness, do not edit

Doing analysis at TEMP = 125.000000 and TNOM = 27.000000

Using SPARSE 1.3 as Direct Linear Solver
 Reference value :  0.00000e+00
No. of Data Rows : 6
voa = 5.0667770604e-04
ddc = -7.459724643e-08
dde = 8.1053502389e-08
Reset re-loads circuit * comparator-offset-mc @ ss_125c_3.63v -- generated by sim/harness, do not edit

Circuit: * comparator-offset-mc @ ss_125c_3.63v -- generated by sim/harness, do not edit

Doing analysis at TEMP = 125.000000 and TNOM = 27.000000

Using SPARSE 1.3 as Direct Linear Solver

No. of Data Rows : 6
voa = 5.4679352959e-04
ddc = -8.440519737e-08
dde = 8.2975599074e-08
Reset re-loads circuit * comparator-offset-mc @ ss_125c_3.63v -- generated by sim/harness, do not edit

Circuit: * comparator-offset-mc @ ss_125c_3.63v -- generated by sim/harness, do not edit

Doing analysis at TEMP = 125.000000 and TNOM = 27.000000

Using SPARSE 1.3 as Direct Linear Solver

No. of Data Rows : 6
voa = 7.3749874904e-04
ddc = -1.059871667e-07
dde = 1.0398168452e-07
Reset re-loads circuit * comparator-offset-mc @ ss_125c_3.63v -- generated by sim/harness, do not edit

Circuit: * comparator-offset-mc @ ss_125c_3.63v -- generated by sim/harness, do not edit

Doing analysis at TEMP = 125.000000 and TNOM = 27.000000

Using SPARSE 1.3 as Direct Linear Solver

No. of Data Rows : 6
voa = -1.380448861e-03
ddc = 2.0030333798e-07
dde = -1.966418155e-07
Reset re-loads circuit * comparator-offset-mc @ ss_125c_3.63v -- generated by sim/harness, do not edit

Circuit: * comparator-offset-mc @ ss_125c_3.63v -- generated by sim/harness, do not edit

Doing analysis at TEMP = 125.000000 and TNOM = 27.000000

Using SPARSE 1.3 as Direct Linear Solver

No. of Data Rows : 6
voa = -1.251471395e-03
ddc = 1.8487717018e-07
dde = -1.815185586e-07
Reset re-loads circuit * comparator-offset-mc @ ss_125c_3.63v -- generated by sim/harness, do not edit

Circuit: * comparator-offset-mc @ ss_125c_3.63v -- generated by sim/harness, do not edit

Doing analysis at TEMP = 125.000000 and TNOM = 27.000000

Using SPARSE 1.3 as Direct Linear Solver

No. of Data Rows : 6
voa = 1.1646268595e-04
ddc = -8.061897291e-09
dde = 8.7447729454e-09
Reset re-loads circuit * comparator-offset-mc @ ss_125c_3.63v -- generated by sim/harness, do not edit

Circuit: * comparator-offset-mc @ ss_125c_3.63v -- generated by sim/harness, do not edit

Doing analysis at TEMP = 125.000000 and TNOM = 27.000000

Using SPARSE 1.3 as Direct Linear Solver

No. of Data Rows : 6
voa = 7.3508784326e-04
ddc = -1.235022331e-07
dde = 1.2173821904e-07
Reset re-loads circuit * comparator-offset-mc @ ss_125c_3.63v -- generated by sim/harness, do not edit

Circuit: * comparator-offset-mc @ ss_125c_3.63v -- generated by sim/harness, do not edit

Doing analysis at TEMP = 125.000000 and TNOM = 27.000000

Using SPARSE 1.3 as Direct Linear Solver

No. of Data Rows : 6
voa = -5.084142915e-04
ddc = 7.6260170754e-08
dde = -7.515864412e-08
Reset re-loads circuit * comparator-offset-mc @ ss_125c_3.63v -- generated by sim/harness, do not edit

Circuit: * comparator-offset-mc @ ss_125c_3.63v -- generated by sim/harness, do not edit

Doing analysis at TEMP = 125.000000 and TNOM = 27.000000

Using SPARSE 1.3 as Direct Linear Solver

No. of Data Rows : 6
voa = 7.6021302564e-04
ddc = -9.585267539e-08
dde = 9.3520032181e-08
Reset re-loads circuit * comparator-offset-mc @ ss_125c_3.63v -- generated by sim/harness, do not edit

Circuit: * comparator-offset-mc @ ss_125c_3.63v -- generated by sim/harness, do not edit

Doing analysis at TEMP = 125.000000 and TNOM = 27.000000

Using SPARSE 1.3 as Direct Linear Solver

No. of Data Rows : 6
voa = 1.3577586034e-03
ddc = -1.932544688e-07
dde = 1.8966073433e-07
Reset re-loads circuit * comparator-offset-mc @ ss_125c_3.63v -- generated by sim/harness, do not edit

Circuit: * comparator-offset-mc @ ss_125c_3.63v -- generated by sim/harness, do not edit

Doing analysis at TEMP = 125.000000 and TNOM = 27.000000

Using SPARSE 1.3 as Direct Linear Solver

No. of Data Rows : 6
voa = -1.783782979e-04
ddc = 1.1738936224e-08
dde = -1.109749152e-08
Reset re-loads circuit * comparator-offset-mc @ ss_125c_3.63v -- generated by sim/harness, do not edit

Circuit: * comparator-offset-mc @ ss_125c_3.63v -- generated by sim/harness, do not edit

Doing analysis at TEMP = 125.000000 and TNOM = 27.000000

Using SPARSE 1.3 as Direct Linear Solver

No. of Data Rows : 6
voa = -1.097082643e-03
ddc = 1.5578396981e-07
dde = -1.527490170e-07
Reset re-loads circuit * comparator-offset-mc @ ss_125c_3.63v -- generated by sim/harness, do not edit

Circuit: * comparator-offset-mc @ ss_125c_3.63v -- generated by sim/harness, do not edit

Doing analysis at TEMP = 125.000000 and TNOM = 27.000000

Using SPARSE 1.3 as Direct Linear Solver

No. of Data Rows : 6
voa = -3.768989702e-04
ddc = 5.4794654442e-08
dde = -5.394931525e-08
Reset re-loads circuit * comparator-offset-mc @ ss_125c_3.63v -- generated by sim/harness, do not edit

Circuit: * comparator-offset-mc @ ss_125c_3.63v -- generated by sim/harness, do not edit

Doing analysis at TEMP = 125.000000 and TNOM = 27.000000

Using SPARSE 1.3 as Direct Linear Solver
 Reference value :  0.00000e+00
No. of Data Rows : 6
voa = 2.5375296586e-03
ddc = -3.814813320e-07
dde = 3.7492984299e-07
Reset re-loads circuit * comparator-offset-mc @ ss_125c_3.63v -- generated by sim/harness, do not edit

Circuit: * comparator-offset-mc @ ss_125c_3.63v -- generated by sim/harness, do not edit

Doing analysis at TEMP = 125.000000 and TNOM = 27.000000

Using SPARSE 1.3 as Direct Linear Solver

No. of Data Rows : 6
voa = 1.7282305305e-04
ddc = -9.088164262e-09
dde = 9.8480203390e-09
Reset re-loads circuit * comparator-offset-mc @ ss_125c_3.63v -- generated by sim/harness, do not edit

Circuit: * comparator-offset-mc @ ss_125c_3.63v -- generated by sim/harness, do not edit

Doing analysis at TEMP = 125.000000 and TNOM = 27.000000

Using SPARSE 1.3 as Direct Linear Solver

No. of Data Rows : 6
voa = 6.4197265092e-04
ddc = -1.043597370e-07
dde = 1.0106185385e-07
Reset re-loads circuit * comparator-offset-mc @ ss_125c_3.63v -- generated by sim/harness, do not edit

Circuit: * comparator-offset-mc @ ss_125c_3.63v -- generated by sim/harness, do not edit

Doing analysis at TEMP = 125.000000 and TNOM = 27.000000

Using SPARSE 1.3 as Direct Linear Solver

No. of Data Rows : 6
voa = -1.233779983e-03
ddc = 1.8179718869e-07
dde = -1.785311869e-07
Reset re-loads circuit * comparator-offset-mc @ ss_125c_3.63v -- generated by sim/harness, do not edit

Circuit: * comparator-offset-mc @ ss_125c_3.63v -- generated by sim/harness, do not edit

Doing analysis at TEMP = 125.000000 and TNOM = 27.000000

Using SPARSE 1.3 as Direct Linear Solver

No. of Data Rows : 6
voa = -3.139811412e-04
ddc = 5.9813996145e-08
dde = -5.897092375e-08
Reset re-loads circuit * comparator-offset-mc @ ss_125c_3.63v -- generated by sim/harness, do not edit

Circuit: * comparator-offset-mc @ ss_125c_3.63v -- generated by sim/harness, do not edit

Doing analysis at TEMP = 125.000000 and TNOM = 27.000000

Using SPARSE 1.3 as Direct Linear Solver

No. of Data Rows : 6
voa = -7.820088094e-04
ddc = 1.1532615022e-07
dde = -1.134452546e-07
Reset re-loads circuit * comparator-offset-mc @ ss_125c_3.63v -- generated by sim/harness, do not edit

Circuit: * comparator-offset-mc @ ss_125c_3.63v -- generated by sim/harness, do not edit

Doing analysis at TEMP = 125.000000 and TNOM = 27.000000

Using SPARSE 1.3 as Direct Linear Solver

No. of Data Rows : 6
voa = -1.296448556e-03
ddc = 1.8623699003e-07
dde = -1.826171525e-07
Reset re-loads circuit * comparator-offset-mc @ ss_125c_3.63v -- generated by sim/harness, do not edit

Circuit: * comparator-offset-mc @ ss_125c_3.63v -- generated by sim/harness, do not edit

Doing analysis at TEMP = 125.000000 and TNOM = 27.000000

Using SPARSE 1.3 as Direct Linear Solver

No. of Data Rows : 6
voa = 1.4135312464e-03
ddc = -2.090627892e-07
dde = 2.0547239541e-07
Reset re-loads circuit * comparator-offset-mc @ ss_125c_3.63v -- generated by sim/harness, do not edit

Circuit: * comparator-offset-mc @ ss_125c_3.63v -- generated by sim/harness, do not edit

Doing analysis at TEMP = 125.000000 and TNOM = 27.000000

Using SPARSE 1.3 as Direct Linear Solver
 Reference value :  2.00000e-03
No. of Data Rows : 6
voa = 8.7170096887e-04
ddc = -1.217291370e-07
dde = 1.1934024304e-07
Reset re-loads circuit * comparator-offset-mc @ ss_125c_3.63v -- generated by sim/harness, do not edit

Circuit: * comparator-offset-mc @ ss_125c_3.63v -- generated by sim/harness, do not edit

Doing analysis at TEMP = 125.000000 and TNOM = 27.000000

Using SPARSE 1.3 as Direct Linear Solver

No. of Data Rows : 6
voa = 4.2034549580e-05
ddc = -1.755052101e-08
dde = 1.7495882298e-08
Reset re-loads circuit * comparator-offset-mc @ ss_125c_3.63v -- generated by sim/harness, do not edit

Circuit: * comparator-offset-mc @ ss_125c_3.63v -- generated by sim/harness, do not edit

Doing analysis at TEMP = 125.000000 and TNOM = 27.000000

Using SPARSE 1.3 as Direct Linear Solver

No. of Data Rows : 6
voa = 7.8493689127e-04
ddc = -1.171830071e-07
dde = 1.1312387233e-07
Reset re-loads circuit * comparator-offset-mc @ ss_125c_3.63v -- generated by sim/harness, do not edit

Circuit: * comparator-offset-mc @ ss_125c_3.63v -- generated by sim/harness, do not edit

Doing analysis at TEMP = 125.000000 and TNOM = 27.000000

Using SPARSE 1.3 as Direct Linear Solver

No. of Data Rows : 6
voa = -2.909882849e-06
ddc = -1.954772876e-09
dde = 2.0571598224e-09
Reset re-loads circuit * comparator-offset-mc @ ss_125c_3.63v -- generated by sim/harness, do not edit

Circuit: * comparator-offset-mc @ ss_125c_3.63v -- generated by sim/harness, do not edit

Doing analysis at TEMP = 125.000000 and TNOM = 27.000000

Using SPARSE 1.3 as Direct Linear Solver

No. of Data Rows : 6
voa = 9.0783814856e-04
ddc = -1.219645377e-07
dde = 1.2115842901e-07
Reset re-loads circuit * comparator-offset-mc @ ss_125c_3.63v -- generated by sim/harness, do not edit

Circuit: * comparator-offset-mc @ ss_125c_3.63v -- generated by sim/harness, do not edit

Doing analysis at TEMP = 125.000000 and TNOM = 27.000000

Using SPARSE 1.3 as Direct Linear Solver

No. of Data Rows : 6
voa = 3.8672843039e-04
ddc = -5.150623740e-08
dde = 5.0373637187e-08
Reset re-loads circuit * comparator-offset-mc @ ss_125c_3.63v -- generated by sim/harness, do not edit

Circuit: * comparator-offset-mc @ ss_125c_3.63v -- generated by sim/harness, do not edit

Doing analysis at TEMP = 125.000000 and TNOM = 27.000000

Using SPARSE 1.3 as Direct Linear Solver

No. of Data Rows : 6
voa = 1.7966074453e-03
ddc = -2.472422363e-07
dde = 2.4230162588e-07
Reset re-loads circuit * comparator-offset-mc @ ss_125c_3.63v -- generated by sim/harness, do not edit

Circuit: * comparator-offset-mc @ ss_125c_3.63v -- generated by sim/harness, do not edit

Doing analysis at TEMP = 125.000000 and TNOM = 27.000000

Using SPARSE 1.3 as Direct Linear Solver

No. of Data Rows : 6
voa = -3.785930451e-04
ddc = 7.8886069809e-08
dde = -7.807288854e-08
Reset re-loads circuit * comparator-offset-mc @ ss_125c_3.63v -- generated by sim/harness, do not edit

Circuit: * comparator-offset-mc @ ss_125c_3.63v -- generated by sim/harness, do not edit

Doing analysis at TEMP = 125.000000 and TNOM = 27.000000

Using SPARSE 1.3 as Direct Linear Solver

No. of Data Rows : 6
voa = 3.7761751971e-04
ddc = -4.457657550e-08
dde = 4.3362193293e-08
Reset re-loads circuit * comparator-offset-mc @ ss_125c_3.63v -- generated by sim/harness, do not edit

Circuit: * comparator-offset-mc @ ss_125c_3.63v -- generated by sim/harness, do not edit

Doing analysis at TEMP = 125.000000 and TNOM = 27.000000

Using SPARSE 1.3 as Direct Linear Solver
 Reference value :  0.00000e+00
No. of Data Rows : 6
voa = -5.157375908e-04
ddc = 7.0863890473e-08
dde = -6.933873520e-08
Reset re-loads circuit * comparator-offset-mc @ ss_125c_3.63v -- generated by sim/harness, do not edit

Circuit: * comparator-offset-mc @ ss_125c_3.63v -- generated by sim/harness, do not edit

Doing analysis at TEMP = 125.000000 and TNOM = 27.000000

Using SPARSE 1.3 as Direct Linear Solver

No. of Data Rows : 6
voa = 3.2818389263e-04
ddc = -5.454052376e-08
dde = 5.3742231603e-08
Reset re-loads circuit * comparator-offset-mc @ ss_125c_3.63v -- generated by sim/harness, do not edit

Circuit: * comparator-offset-mc @ ss_125c_3.63v -- generated by sim/harness, do not edit

Doing analysis at TEMP = 125.000000 and TNOM = 27.000000

Using SPARSE 1.3 as Direct Linear Solver

No. of Data Rows : 6
voa = -6.494207312e-05
ddc = 2.1326640636e-08
dde = -2.125661111e-08
Reset re-loads circuit * comparator-offset-mc @ ss_125c_3.63v -- generated by sim/harness, do not edit

Circuit: * comparator-offset-mc @ ss_125c_3.63v -- generated by sim/harness, do not edit

Doing analysis at TEMP = 125.000000 and TNOM = 27.000000

Using SPARSE 1.3 as Direct Linear Solver

No. of Data Rows : 6
voa = -2.167372880e-04
ddc = 2.5705182306e-08
dde = -2.505770925e-08
Reset re-loads circuit * comparator-offset-mc @ ss_125c_3.63v -- generated by sim/harness, do not edit

Circuit: * comparator-offset-mc @ ss_125c_3.63v -- generated by sim/harness, do not edit

Doing analysis at TEMP = 125.000000 and TNOM = 27.000000

Using SPARSE 1.3 as Direct Linear Solver

No. of Data Rows : 6
voa = 1.2488587790e-03
ddc = -1.873298580e-07
dde = 1.8410505004e-07
m_n_samples = 2.0000000000e+02
m_sig_vos_mv = 9.3551733134e-01
m_vos_3sig_mv = 2.8065519940e+00
m_mean_vos_uv = 7.1900948247e+01
m_mean_vos_sem = 1.0869204958e+00
m_sig_dvos_dn_uv = 1.3444405703e-01
m_sig_dvos_up_uv = 1.3224549454e-01
m_mean_dvos_dn_uv = -8.139887209e-03
m_mean_dvos_up_uv = 7.9231340091e-03
m_av_mean = 1.6156177824e+01
m_av_sigma_pct = 4.0940560426e-01
m_sig_rpair_uv = 0.0000000000e+00
m_vbias_anchor_mv = 1.1146377435e+03
Note: Simulation executed from .control section 

Warning: m=xx on .subckt line will override multiplier m hierarchy!

Note: Starting dynamic gmin stepping
Note: Dynamic gmin stepping completed
Note: Starting dynamic gmin stepping
Note: Dynamic gmin stepping completed
Note: Starting dynamic gmin stepping
Note: Dynamic gmin stepping completed
Note: Starting dynamic gmin stepping
Note: Dynamic gmin stepping completed
Note: Starting dynamic gmin stepping
Note: Dynamic gmin stepping completed
Note: Starting dynamic gmin stepping
Note: Dynamic gmin stepping completed
Note: Starting dynamic gmin stepping
Note: Dynamic gmin stepping completed
Note: Starting dynamic gmin stepping
Note: Dynamic gmin stepping completed
Note: Starting dynamic gmin stepping
Note: Dynamic gmin stepping completed
Note: Starting dynamic gmin stepping
Note: Dynamic gmin stepping completed
Note: Starting dynamic gmin stepping
Note: Dynamic gmin stepping completed
Note: Starting dynamic gmin stepping
Note: Dynamic gmin stepping completed
Note: Starting dynamic gmin stepping
Note: Dynamic gmin stepping completed
Note: Starting dynamic gmin stepping
Note: Dynamic gmin stepping completed
Note: Starting dynamic gmin stepping
Note: Dynamic gmin stepping completed
Note: Starting dynamic gmin stepping
Note: Dynamic gmin stepping completed
Note: Starting dynamic gmin stepping
Note: Dynamic gmin stepping completed
Note: Starting dynamic gmin stepping
Note: Dynamic gmin stepping completed
Note: Starting dynamic gmin stepping
Note: Dynamic gmin stepping completed
Note: Starting dynamic gmin stepping
Note: Dynamic gmin stepping completed
Note: Starting dynamic gmin stepping
Note: Dynamic gmin stepping completed
Note: Starting dynamic gmin stepping
Note: Dynamic gmin stepping completed
Note: Starting dynamic gmin stepping
Note: Dynamic gmin stepping completed
Note: Starting dynamic gmin stepping
Note: Dynamic gmin stepping completed
Note: Starting dynamic gmin stepping
Note: Dynamic gmin stepping completed
Note: Starting dynamic gmin stepping
Note: Dynamic gmin stepping completed
Note: Starting dynamic gmin stepping
Note: Dynamic gmin stepping completed
Note: Starting dynamic gmin stepping
Note: Dynamic gmin stepping completed
Note: Starting dynamic gmin stepping
Note: Dynamic gmin stepping completed
Note: Starting dynamic gmin stepping
Note: Dynamic gmin stepping completed
Note: Starting dynamic gmin stepping
Note: Dynamic gmin stepping completed
Note: Starting dynamic gmin stepping
Note: Dynamic gmin stepping completed
Note: Starting dynamic gmin stepping
Note: Dynamic gmin stepping completed
Note: Starting dynamic gmin stepping
Note: Dynamic gmin stepping completed
Note: Starting dynamic gmin stepping
Note: Dynamic gmin stepping completed
Note: Starting dynamic gmin stepping
Note: Dynamic gmin stepping completed
Note: Starting dynamic gmin stepping
Note: Dynamic gmin stepping completed
Note: Starting dynamic gmin stepping
Note: Dynamic gmin stepping completed
Note: Starting dynamic gmin stepping
Note: Dynamic gmin stepping completed
Note: Starting dynamic gmin stepping
Note: Dynamic gmin stepping completed
Note: Starting dynamic gmin stepping
Note: Dynamic gmin stepping completed
Note: Starting dynamic gmin stepping
Note: Dynamic gmin stepping completed
Note: Starting dynamic gmin stepping
Note: Dynamic gmin stepping completed
Note: Starting dynamic gmin stepping
Note: Dynamic gmin stepping completed
Note: Starting dynamic gmin stepping
Note: Dynamic gmin stepping completed
Note: Starting dynamic gmin stepping
Note: Dynamic gmin stepping completed
Note: Starting dynamic gmin stepping
Note: Dynamic gmin stepping completed
Note: Starting dynamic gmin stepping
Note: Dynamic gmin stepping completed
Note: Starting dynamic gmin stepping
Note: Dynamic gmin stepping completed
Note: Starting dynamic gmin stepping
Note: Dynamic gmin stepping completed
Note: Starting dynamic gmin stepping
Note: Dynamic gmin stepping completed
Note: Starting dynamic gmin stepping
Note: Dynamic gmin stepping completed
Note: Starting dynamic gmin stepping
Note: Dynamic gmin stepping completed
Note: Starting dynamic gmin stepping
Note: Dynamic gmin stepping completed
Note: Starting dynamic gmin stepping
Note: Dynamic gmin stepping completed
Note: Starting dynamic gmin stepping
Note: Dynamic gmin stepping completed
Note: Starting dynamic gmin stepping
Note: Dynamic gmin stepping completed
Note: Starting dynamic gmin stepping
Note: Dynamic gmin stepping completed
Note: Starting dynamic gmin stepping
Note: Dynamic gmin stepping completed
Note: Starting dynamic gmin stepping
Note: Dynamic gmin stepping completed
Note: Starting dynamic gmin stepping
Note: Dynamic gmin stepping completed
Note: Starting dynamic gmin stepping
Note: Dynamic gmin stepping completed
Note: Starting dynamic gmin stepping
Note: Dynamic gmin stepping completed
Note: Starting dynamic gmin stepping
Note: Dynamic gmin stepping completed
Note: Starting dynamic gmin stepping
Note: Dynamic gmin stepping completed
Note: Starting dynamic gmin stepping
Note: Dynamic gmin stepping completed
Note: Starting dynamic gmin stepping
Note: Dynamic gmin stepping completed
Note: Starting dynamic gmin stepping
Note: Dynamic gmin stepping completed
Note: Starting dynamic gmin stepping
Note: Dynamic gmin stepping completed
Note: Starting dynamic gmin stepping
Note: Dynamic gmin stepping completed
Note: Starting dynamic gmin stepping
Note: Dynamic gmin stepping completed
Note: Starting dynamic gmin stepping
Note: Dynamic gmin stepping completed
Note: Starting dynamic gmin stepping
Note: Dynamic gmin stepping completed
Note: Starting dynamic gmin stepping
Note: Dynamic gmin stepping completed
Note: Starting dynamic gmin stepping
Note: Dynamic gmin stepping completed
Note: Starting dynamic gmin stepping
Note: Dynamic gmin stepping completed
Note: Starting dynamic gmin stepping
Note: Dynamic gmin stepping completed
Note: Starting dynamic gmin stepping
Note: Dynamic gmin stepping completed
Note: Starting dynamic gmin stepping
Note: Dynamic gmin stepping completed
Note: Starting dynamic gmin stepping
Note: Dynamic gmin stepping completed
Note: Starting dynamic gmin stepping
Note: Dynamic gmin stepping completed
Note: Starting dynamic gmin stepping
Note: Dynamic gmin stepping completed
Note: Starting dynamic gmin stepping
Note: Dynamic gmin stepping completed
Note: Starting dynamic gmin stepping
Note: Dynamic gmin stepping completed
Note: Starting dynamic gmin stepping
Note: Dynamic gmin stepping completed
Note: Starting dynamic gmin stepping
Note: Dynamic gmin stepping completed
Note: Starting dynamic gmin stepping
Note: Dynamic gmin stepping completed
Note: Starting dynamic gmin stepping
Note: Dynamic gmin stepping completed
Note: Starting dynamic gmin stepping
Note: Dynamic gmin stepping completed
Note: Starting dynamic gmin stepping
Note: Dynamic gmin stepping completed
Note: Starting dynamic gmin stepping
Note: Dynamic gmin stepping completed
Note: Starting dynamic gmin stepping
Note: Dynamic gmin stepping completed
Note: Starting dynamic gmin stepping
Note: Dynamic gmin stepping completed
Note: Starting dynamic gmin stepping
Note: Dynamic gmin stepping completed
Note: Starting dynamic gmin stepping
Note: Dynamic gmin stepping completed
Note: Starting dynamic gmin stepping
Note: Dynamic gmin stepping completed
Note: Starting dynamic gmin stepping
Note: Dynamic gmin stepping completed
Note: Starting dynamic gmin stepping
Note: Dynamic gmin stepping completed
Note: Starting dynamic gmin stepping
Note: Dynamic gmin stepping completed
Note: Starting dynamic gmin stepping
Note: Dynamic gmin stepping completed
Note: Starting dynamic gmin stepping
Note: Dynamic gmin stepping completed
Note: Starting dynamic gmin stepping
Note: Dynamic gmin stepping completed
Note: Starting dynamic gmin stepping
Note: Dynamic gmin stepping completed
Note: Starting dynamic gmin stepping
Note: Dynamic gmin stepping completed
Note: Starting dynamic gmin stepping
Note: Dynamic gmin stepping completed
Note: Starting dynamic gmin stepping
Note: Dynamic gmin stepping completed
Note: Starting dynamic gmin stepping
Note: Dynamic gmin stepping completed
Note: Starting dynamic gmin stepping
Note: Dynamic gmin stepping completed
Note: Starting dynamic gmin stepping
Note: Dynamic gmin stepping completed
Note: Starting dynamic gmin stepping
Note: Dynamic gmin stepping completed
Note: Starting dynamic gmin stepping
Note: Dynamic gmin stepping completed
Note: Starting dynamic gmin stepping
Note: Dynamic gmin stepping completed
Note: Starting dynamic gmin stepping
Note: Dynamic gmin stepping completed
Note: Starting dynamic gmin stepping
Note: Dynamic gmin stepping completed
Note: Starting dynamic gmin stepping
Note: Dynamic gmin stepping completed
Note: Starting dynamic gmin stepping
Note: Dynamic gmin stepping completed
Note: Starting dynamic gmin stepping
Note: Dynamic gmin stepping completed
Note: Starting dynamic gmin stepping
Note: Dynamic gmin stepping completed
Note: Starting dynamic gmin stepping
Note: Dynamic gmin stepping completed
