
Note: Compatibility modes selected: hs a


Circuit: * comparator-offset-mc @ ss_27c_3.63v -- generated by sim/harness, do not edit

Reset re-loads circuit * comparator-offset-mc @ ss_27c_3.63v -- generated by sim/harness, do not edit

Circuit: * comparator-offset-mc @ ss_27c_3.63v -- generated by sim/harness, do not edit

Doing analysis at TEMP = 27.000000 and TNOM = 27.000000

Using SPARSE 1.3 as Direct Linear Solver

No. of Data Rows : 6
voa = -4.090443561e-04
ddc = 1.0751741903e-07
dde = -1.057114164e-07
Reset re-loads circuit * comparator-offset-mc @ ss_27c_3.63v -- generated by sim/harness, do not edit

Circuit: * comparator-offset-mc @ ss_27c_3.63v -- generated by sim/harness, do not edit

Doing analysis at TEMP = 27.000000 and TNOM = 27.000000

Using SPARSE 1.3 as Direct Linear Solver

No. of Data Rows : 6
voa = 1.8069738160e-03
ddc = -3.134529141e-07
dde = 3.0782501366e-07
Reset re-loads circuit * comparator-offset-mc @ ss_27c_3.63v -- generated by sim/harness, do not edit

Circuit: * comparator-offset-mc @ ss_27c_3.63v -- generated by sim/harness, do not edit

Doing analysis at TEMP = 27.000000 and TNOM = 27.000000

Using SPARSE 1.3 as Direct Linear Solver

No. of Data Rows : 6
voa = 1.4524665021e-03
ddc = -3.111735011e-07
dde = 3.0563675982e-07
Reset re-loads circuit * comparator-offset-mc @ ss_27c_3.63v -- generated by sim/harness, do not edit

Circuit: * comparator-offset-mc @ ss_27c_3.63v -- generated by sim/harness, do not edit

Doing analysis at TEMP = 27.000000 and TNOM = 27.000000

Using SPARSE 1.3 as Direct Linear Solver
 Reference value :  2.00000e-03
No. of Data Rows : 6
voa = -1.066799609e-05
ddc = 2.1944016518e-08
dde = -2.142115621e-08
Reset re-loads circuit * comparator-offset-mc @ ss_27c_3.63v -- generated by sim/harness, do not edit

Circuit: * comparator-offset-mc @ ss_27c_3.63v -- generated by sim/harness, do not edit

Doing analysis at TEMP = 27.000000 and TNOM = 27.000000

Using SPARSE 1.3 as Direct Linear Solver

No. of Data Rows : 6
voa = 1.8219960881e-03
ddc = -3.495484411e-07
dde = 3.4336469392e-07
Reset re-loads circuit * comparator-offset-mc @ ss_27c_3.63v -- generated by sim/harness, do not edit

Circuit: * comparator-offset-mc @ ss_27c_3.63v -- generated by sim/harness, do not edit

Doing analysis at TEMP = 27.000000 and TNOM = 27.000000

Using SPARSE 1.3 as Direct Linear Solver

No. of Data Rows : 6
voa = -2.807339986e-04
ddc = 8.4120332334e-08
dde = -8.250353870e-08
Reset re-loads circuit * comparator-offset-mc @ ss_27c_3.63v -- generated by sim/harness, do not edit

Circuit: * comparator-offset-mc @ ss_27c_3.63v -- generated by sim/harness, do not edit

Doing analysis at TEMP = 27.000000 and TNOM = 27.000000

Using SPARSE 1.3 as Direct Linear Solver

No. of Data Rows : 6
voa = -1.948747728e-04
ddc = 5.1994880073e-08
dde = -5.107092562e-08
Reset re-loads circuit * comparator-offset-mc @ ss_27c_3.63v -- generated by sim/harness, do not edit

Circuit: * comparator-offset-mc @ ss_27c_3.63v -- generated by sim/harness, do not edit

Doing analysis at TEMP = 27.000000 and TNOM = 27.000000

Using SPARSE 1.3 as Direct Linear Solver

No. of Data Rows : 6
voa = -2.672326471e-04
ddc = 5.4743006147e-08
dde = -5.367500831e-08
Reset re-loads circuit * comparator-offset-mc @ ss_27c_3.63v -- generated by sim/harness, do not edit

Circuit: * comparator-offset-mc @ ss_27c_3.63v -- generated by sim/harness, do not edit

Doing analysis at TEMP = 27.000000 and TNOM = 27.000000

Using SPARSE 1.3 as Direct Linear Solver

No. of Data Rows : 6
voa = 9.6037177347e-04
ddc = -2.332520024e-07
dde = 2.2892012630e-07
Reset re-loads circuit * comparator-offset-mc @ ss_27c_3.63v -- generated by sim/harness, do not edit

Circuit: * comparator-offset-mc @ ss_27c_3.63v -- generated by sim/harness, do not edit

Doing analysis at TEMP = 27.000000 and TNOM = 27.000000

Using SPARSE 1.3 as Direct Linear Solver

No. of Data Rows : 6
voa = 1.0069731114e-03
ddc = -2.310398851e-07
dde = 2.2694575876e-07
Reset re-loads circuit * comparator-offset-mc @ ss_27c_3.63v -- generated by sim/harness, do not edit

Circuit: * comparator-offset-mc @ ss_27c_3.63v -- generated by sim/harness, do not edit

Doing analysis at TEMP = 27.000000 and TNOM = 27.000000

Using SPARSE 1.3 as Direct Linear Solver

No. of Data Rows : 6
voa = -9.382531559e-04
ddc = 1.9099633519e-07
dde = -1.874706617e-07
Reset re-loads circuit * comparator-offset-mc @ ss_27c_3.63v -- generated by sim/harness, do not edit

Circuit: * comparator-offset-mc @ ss_27c_3.63v -- generated by sim/harness, do not edit

Doing analysis at TEMP = 27.000000 and TNOM = 27.000000

Using SPARSE 1.3 as Direct Linear Solver

No. of Data Rows : 6
voa = 4.4857516187e-04
ddc = -9.223538461e-08
dde = 9.0592477758e-08
Reset re-loads circuit * comparator-offset-mc @ ss_27c_3.63v -- generated by sim/harness, do not edit

Circuit: * comparator-offset-mc @ ss_27c_3.63v -- generated by sim/harness, do not edit

Doing analysis at TEMP = 27.000000 and TNOM = 27.000000

Using SPARSE 1.3 as Direct Linear Solver

No. of Data Rows : 6
voa = -7.700362856e-04
ddc = 1.4518594110e-07
dde = -1.426674364e-07
Reset re-loads circuit * comparator-offset-mc @ ss_27c_3.63v -- generated by sim/harness, do not edit

Circuit: * comparator-offset-mc @ ss_27c_3.63v -- generated by sim/harness, do not edit

Doing analysis at TEMP = 27.000000 and TNOM = 27.000000

Using SPARSE 1.3 as Direct Linear Solver

No. of Data Rows : 6
voa = 2.3441886110e-04
ddc = 9.9245502237e-09
dde = -9.692636416e-09
Reset re-loads circuit * comparator-offset-mc @ ss_27c_3.63v -- generated by sim/harness, do not edit

Circuit: * comparator-offset-mc @ ss_27c_3.63v -- generated by sim/harness, do not edit

Doing analysis at TEMP = 27.000000 and TNOM = 27.000000

Using SPARSE 1.3 as Direct Linear Solver

No. of Data Rows : 6
voa = 1.3359776091e-03
ddc = -2.661643991e-07
dde = 2.6137577823e-07
Reset re-loads circuit * comparator-offset-mc @ ss_27c_3.63v -- generated by sim/harness, do not edit

Circuit: * comparator-offset-mc @ ss_27c_3.63v -- generated by sim/harness, do not edit

Doing analysis at TEMP = 27.000000 and TNOM = 27.000000

Using SPARSE 1.3 as Direct Linear Solver

No. of Data Rows : 6
voa = -1.312406387e-03
ddc = 2.8919973940e-07
dde = -2.839467300e-07
Reset re-loads circuit * comparator-offset-mc @ ss_27c_3.63v -- generated by sim/harness, do not edit

Circuit: * comparator-offset-mc @ ss_27c_3.63v -- generated by sim/harness, do not edit

Doing analysis at TEMP = 27.000000 and TNOM = 27.000000

Using SPARSE 1.3 as Direct Linear Solver

No. of Data Rows : 6
voa = 5.6748127568e-04
ddc = -1.124935323e-07
dde = 1.1043624981e-07
Reset re-loads circuit * comparator-offset-mc @ ss_27c_3.63v -- generated by sim/harness, do not edit

Circuit: * comparator-offset-mc @ ss_27c_3.63v -- generated by sim/harness, do not edit

Doing analysis at TEMP = 27.000000 and TNOM = 27.000000

Using SPARSE 1.3 as Direct Linear Solver

No. of Data Rows : 6
voa = -8.320241486e-05
ddc = 9.1221449774e-09
dde = -8.909306009e-09
Reset re-loads circuit * comparator-offset-mc @ ss_27c_3.63v -- generated by sim/harness, do not edit

Circuit: * comparator-offset-mc @ ss_27c_3.63v -- generated by sim/harness, do not edit

Doing analysis at TEMP = 27.000000 and TNOM = 27.000000

Using SPARSE 1.3 as Direct Linear Solver

No. of Data Rows : 6
voa = -5.237951808e-04
ddc = 1.2689496999e-07
dde = -1.246004310e-07
Reset re-loads circuit * comparator-offset-mc @ ss_27c_3.63v -- generated by sim/harness, do not edit

Circuit: * comparator-offset-mc @ ss_27c_3.63v -- generated by sim/harness, do not edit

Doing analysis at TEMP = 27.000000 and TNOM = 27.000000

Using SPARSE 1.3 as Direct Linear Solver

No. of Data Rows : 6
voa = 1.2554674946e-03
ddc = -2.149577258e-07
dde = 2.1109030790e-07
Reset re-loads circuit * comparator-offset-mc @ ss_27c_3.63v -- generated by sim/harness, do not edit

Circuit: * comparator-offset-mc @ ss_27c_3.63v -- generated by sim/harness, do not edit

Doing analysis at TEMP = 27.000000 and TNOM = 27.000000

Using SPARSE 1.3 as Direct Linear Solver

No. of Data Rows : 6
voa = -3.581257357e-04
ddc = 6.6198583685e-08
dde = -6.501633841e-08
Reset re-loads circuit * comparator-offset-mc @ ss_27c_3.63v -- generated by sim/harness, do not edit

Circuit: * comparator-offset-mc @ ss_27c_3.63v -- generated by sim/harness, do not edit

Doing analysis at TEMP = 27.000000 and TNOM = 27.000000

Using SPARSE 1.3 as Direct Linear Solver

No. of Data Rows : 6
voa = -7.292685026e-04
ddc = 1.4736382066e-07
dde = -1.446710267e-07
Reset re-loads circuit * comparator-offset-mc @ ss_27c_3.63v -- generated by sim/harness, do not edit

Circuit: * comparator-offset-mc @ ss_27c_3.63v -- generated by sim/harness, do not edit

Doing analysis at TEMP = 27.000000 and TNOM = 27.000000

Using SPARSE 1.3 as Direct Linear Solver

No. of Data Rows : 6
voa = 5.9643524914e-04
ddc = -8.397665405e-08
dde = 8.2523847892e-08
Reset re-loads circuit * comparator-offset-mc @ ss_27c_3.63v -- generated by sim/harness, do not edit

Circuit: * comparator-offset-mc @ ss_27c_3.63v -- generated by sim/harness, do not edit

Doing analysis at TEMP = 27.000000 and TNOM = 27.000000

Using SPARSE 1.3 as Direct Linear Solver

No. of Data Rows : 6
voa = 1.1127050383e-05
ddc = -2.853789949e-08
dde = 2.8077972724e-08
Reset re-loads circuit * comparator-offset-mc @ ss_27c_3.63v -- generated by sim/harness, do not edit

Circuit: * comparator-offset-mc @ ss_27c_3.63v -- generated by sim/harness, do not edit

Doing analysis at TEMP = 27.000000 and TNOM = 27.000000

Using SPARSE 1.3 as Direct Linear Solver
 Reference value :  0.00000e+00
No. of Data Rows : 6
voa = -1.432018488e-03
ddc = 2.8640361180e-07
dde = -2.813917172e-07
Reset re-loads circuit * comparator-offset-mc @ ss_27c_3.63v -- generated by sim/harness, do not edit

Circuit: * comparator-offset-mc @ ss_27c_3.63v -- generated by sim/harness, do not edit

Doing analysis at TEMP = 27.000000 and TNOM = 27.000000

Using SPARSE 1.3 as Direct Linear Solver

No. of Data Rows : 6
voa = -1.098522444e-03
ddc = 2.5549653802e-07
dde = -2.510186391e-07
Reset re-loads circuit * comparator-offset-mc @ ss_27c_3.63v -- generated by sim/harness, do not edit

Circuit: * comparator-offset-mc @ ss_27c_3.63v -- generated by sim/harness, do not edit

Doing analysis at TEMP = 27.000000 and TNOM = 27.000000

Using SPARSE 1.3 as Direct Linear Solver

No. of Data Rows : 6
voa = -5.713726246e-04
ddc = 1.4742689911e-07
dde = -1.448055125e-07
Reset re-loads circuit * comparator-offset-mc @ ss_27c_3.63v -- generated by sim/harness, do not edit

Circuit: * comparator-offset-mc @ ss_27c_3.63v -- generated by sim/harness, do not edit

Doing analysis at TEMP = 27.000000 and TNOM = 27.000000

Using SPARSE 1.3 as Direct Linear Solver

No. of Data Rows : 6
voa = 9.5645087680e-05
ddc = 2.8048149943e-09
dde = -2.913073046e-09
Reset re-loads circuit * comparator-offset-mc @ ss_27c_3.63v -- generated by sim/harness, do not edit

Circuit: * comparator-offset-mc @ ss_27c_3.63v -- generated by sim/harness, do not edit

Doing analysis at TEMP = 27.000000 and TNOM = 27.000000

Using SPARSE 1.3 as Direct Linear Solver

No. of Data Rows : 6
voa = -1.939745745e-04
ddc = 6.4474202436e-09
dde = -6.284134957e-09
Reset re-loads circuit * comparator-offset-mc @ ss_27c_3.63v -- generated by sim/harness, do not edit

Circuit: * comparator-offset-mc @ ss_27c_3.63v -- generated by sim/harness, do not edit

Doing analysis at TEMP = 27.000000 and TNOM = 27.000000

Using SPARSE 1.3 as Direct Linear Solver

No. of Data Rows : 6
voa = 2.2537510023e-04
ddc = -2.163058532e-08
dde = 2.1170036369e-08
Reset re-loads circuit * comparator-offset-mc @ ss_27c_3.63v -- generated by sim/harness, do not edit

Circuit: * comparator-offset-mc @ ss_27c_3.63v -- generated by sim/harness, do not edit

Doing analysis at TEMP = 27.000000 and TNOM = 27.000000

Using SPARSE 1.3 as Direct Linear Solver

No. of Data Rows : 6
voa = 1.8698749480e-03
ddc = -4.201087161e-07
dde = 4.1244631936e-07
Reset re-loads circuit * comparator-offset-mc @ ss_27c_3.63v -- generated by sim/harness, do not edit

Circuit: * comparator-offset-mc @ ss_27c_3.63v -- generated by sim/harness, do not edit

Doing analysis at TEMP = 27.000000 and TNOM = 27.000000

Using SPARSE 1.3 as Direct Linear Solver

No. of Data Rows : 6
voa = -9.886033763e-04
ddc = 1.7911314233e-07
dde = -1.760988754e-07
Reset re-loads circuit * comparator-offset-mc @ ss_27c_3.63v -- generated by sim/harness, do not edit

Circuit: * comparator-offset-mc @ ss_27c_3.63v -- generated by sim/harness, do not edit

Doing analysis at TEMP = 27.000000 and TNOM = 27.000000

Using SPARSE 1.3 as Direct Linear Solver

No. of Data Rows : 6
voa = 4.5443431788e-04
ddc = -8.767559120e-08
dde = 8.6172979407e-08
Reset re-loads circuit * comparator-offset-mc @ ss_27c_3.63v -- generated by sim/harness, do not edit

Circuit: * comparator-offset-mc @ ss_27c_3.63v -- generated by sim/harness, do not edit

Doing analysis at TEMP = 27.000000 and TNOM = 27.000000

Using SPARSE 1.3 as Direct Linear Solver

No. of Data Rows : 6
voa = -1.485991842e-04
ddc = 1.7299189861e-08
dde = -1.698278759e-08
Reset re-loads circuit * comparator-offset-mc @ ss_27c_3.63v -- generated by sim/harness, do not edit

Circuit: * comparator-offset-mc @ ss_27c_3.63v -- generated by sim/harness, do not edit

Doing analysis at TEMP = 27.000000 and TNOM = 27.000000

Using SPARSE 1.3 as Direct Linear Solver

No. of Data Rows : 6
voa = 2.3322952674e-03
ddc = -4.188367277e-07
dde = 4.1134907106e-07
Reset re-loads circuit * comparator-offset-mc @ ss_27c_3.63v -- generated by sim/harness, do not edit

Circuit: * comparator-offset-mc @ ss_27c_3.63v -- generated by sim/harness, do not edit

Doing analysis at TEMP = 27.000000 and TNOM = 27.000000

Using SPARSE 1.3 as Direct Linear Solver

No. of Data Rows : 6
voa = -3.883036572e-04
ddc = 9.6062732553e-08
dde = -9.422556010e-08
Reset re-loads circuit * comparator-offset-mc @ ss_27c_3.63v -- generated by sim/harness, do not edit

Circuit: * comparator-offset-mc @ ss_27c_3.63v -- generated by sim/harness, do not edit

Doing analysis at TEMP = 27.000000 and TNOM = 27.000000

Using SPARSE 1.3 as Direct Linear Solver

No. of Data Rows : 6
voa = 2.9339466020e-04
ddc = -2.988585180e-08
dde = 2.9309821614e-08
Reset re-loads circuit * comparator-offset-mc @ ss_27c_3.63v -- generated by sim/harness, do not edit

Circuit: * comparator-offset-mc @ ss_27c_3.63v -- generated by sim/harness, do not edit

Doing analysis at TEMP = 27.000000 and TNOM = 27.000000

Using SPARSE 1.3 as Direct Linear Solver

No. of Data Rows : 6
voa = 9.5362975715e-04
ddc = -2.043967129e-07
dde = 2.0077508895e-07
Reset re-loads circuit * comparator-offset-mc @ ss_27c_3.63v -- generated by sim/harness, do not edit

Circuit: * comparator-offset-mc @ ss_27c_3.63v -- generated by sim/harness, do not edit

Doing analysis at TEMP = 27.000000 and TNOM = 27.000000

Using SPARSE 1.3 as Direct Linear Solver

No. of Data Rows : 6
voa = 7.0164644128e-04
ddc = -1.453267523e-07
dde = 1.4273632040e-07
Reset re-loads circuit * comparator-offset-mc @ ss_27c_3.63v -- generated by sim/harness, do not edit

Circuit: * comparator-offset-mc @ ss_27c_3.63v -- generated by sim/harness, do not edit

Doing analysis at TEMP = 27.000000 and TNOM = 27.000000

Using SPARSE 1.3 as Direct Linear Solver

No. of Data Rows : 6
voa = -1.790817145e-03
ddc = 3.8366973685e-07
dde = -3.768420392e-07
Reset re-loads circuit * comparator-offset-mc @ ss_27c_3.63v -- generated by sim/harness, do not edit

Circuit: * comparator-offset-mc @ ss_27c_3.63v -- generated by sim/harness, do not edit

Doing analysis at TEMP = 27.000000 and TNOM = 27.000000

Using SPARSE 1.3 as Direct Linear Solver

No. of Data Rows : 6
voa = -4.915082763e-04
ddc = 1.0619665430e-07
dde = -1.043015261e-07
Reset re-loads circuit * comparator-offset-mc @ ss_27c_3.63v -- generated by sim/harness, do not edit

Circuit: * comparator-offset-mc @ ss_27c_3.63v -- generated by sim/harness, do not edit

Doing analysis at TEMP = 27.000000 and TNOM = 27.000000

Using SPARSE 1.3 as Direct Linear Solver

No. of Data Rows : 6
voa = 8.4663403123e-04
ddc = -1.266393269e-07
dde = 1.2436207937e-07
Reset re-loads circuit * comparator-offset-mc @ ss_27c_3.63v -- generated by sim/harness, do not edit

Circuit: * comparator-offset-mc @ ss_27c_3.63v -- generated by sim/harness, do not edit

Doing analysis at TEMP = 27.000000 and TNOM = 27.000000

Using SPARSE 1.3 as Direct Linear Solver

No. of Data Rows : 6
voa = -9.096914067e-04
ddc = 1.9527147914e-07
dde = -1.915723809e-07
Reset re-loads circuit * comparator-offset-mc @ ss_27c_3.63v -- generated by sim/harness, do not edit

Circuit: * comparator-offset-mc @ ss_27c_3.63v -- generated by sim/harness, do not edit

Doing analysis at TEMP = 27.000000 and TNOM = 27.000000

Using SPARSE 1.3 as Direct Linear Solver
 Reference value :  0.00000e+00
No. of Data Rows : 6
voa = -1.184755187e-03
ddc = 2.5300175846e-07
dde = -2.485693725e-07
Reset re-loads circuit * comparator-offset-mc @ ss_27c_3.63v -- generated by sim/harness, do not edit

Circuit: * comparator-offset-mc @ ss_27c_3.63v -- generated by sim/harness, do not edit

Doing analysis at TEMP = 27.000000 and TNOM = 27.000000

Using SPARSE 1.3 as Direct Linear Solver

No. of Data Rows : 6
voa = -1.388433655e-03
ddc = 2.8294671095e-07
dde = -2.779976778e-07
Reset re-loads circuit * comparator-offset-mc @ ss_27c_3.63v -- generated by sim/harness, do not edit

Circuit: * comparator-offset-mc @ ss_27c_3.63v -- generated by sim/harness, do not edit

Doing analysis at TEMP = 27.000000 and TNOM = 27.000000

Using SPARSE 1.3 as Direct Linear Solver

No. of Data Rows : 6
voa = 2.6963318992e-03
ddc = -4.853324219e-07
dde = 4.7653704576e-07
Reset re-loads circuit * comparator-offset-mc @ ss_27c_3.63v -- generated by sim/harness, do not edit

Circuit: * comparator-offset-mc @ ss_27c_3.63v -- generated by sim/harness, do not edit

Doing analysis at TEMP = 27.000000 and TNOM = 27.000000

Using SPARSE 1.3 as Direct Linear Solver

No. of Data Rows : 6
voa = -2.269246245e-04
ddc = 1.6458368884e-09
dde = -1.698308986e-09
Reset re-loads circuit * comparator-offset-mc @ ss_27c_3.63v -- generated by sim/harness, do not edit

Circuit: * comparator-offset-mc @ ss_27c_3.63v -- generated by sim/harness, do not edit

Doing analysis at TEMP = 27.000000 and TNOM = 27.000000

Using SPARSE 1.3 as Direct Linear Solver

No. of Data Rows : 6
voa = 1.1060893362e-03
ddc = -2.254417990e-07
dde = 2.2143547962e-07
Reset re-loads circuit * comparator-offset-mc @ ss_27c_3.63v -- generated by sim/harness, do not edit

Circuit: * comparator-offset-mc @ ss_27c_3.63v -- generated by sim/harness, do not edit

Doing analysis at TEMP = 27.000000 and TNOM = 27.000000

Using SPARSE 1.3 as Direct Linear Solver

No. of Data Rows : 6
voa = -4.462410064e-04
ddc = 1.1516768777e-07
dde = -1.131423956e-07
Reset re-loads circuit * comparator-offset-mc @ ss_27c_3.63v -- generated by sim/harness, do not edit

Circuit: * comparator-offset-mc @ ss_27c_3.63v -- generated by sim/harness, do not edit

Doing analysis at TEMP = 27.000000 and TNOM = 27.000000

Using SPARSE 1.3 as Direct Linear Solver

No. of Data Rows : 6
voa = 6.8144490283e-05
ddc = 1.8904911676e-08
dde = -1.856610796e-08
Reset re-loads circuit * comparator-offset-mc @ ss_27c_3.63v -- generated by sim/harness, do not edit

Circuit: * comparator-offset-mc @ ss_27c_3.63v -- generated by sim/harness, do not edit

Doing analysis at TEMP = 27.000000 and TNOM = 27.000000

Using SPARSE 1.3 as Direct Linear Solver

No. of Data Rows : 6
voa = -5.115614397e-04
ddc = 1.5286107737e-07
dde = -1.501194928e-07
Reset re-loads circuit * comparator-offset-mc @ ss_27c_3.63v -- generated by sim/harness, do not edit

Circuit: * comparator-offset-mc @ ss_27c_3.63v -- generated by sim/harness, do not edit

Doing analysis at TEMP = 27.000000 and TNOM = 27.000000

Using SPARSE 1.3 as Direct Linear Solver

No. of Data Rows : 6
voa = -3.681088540e-04
ddc = 7.9986344142e-08
dde = -7.840187140e-08
Reset re-loads circuit * comparator-offset-mc @ ss_27c_3.63v -- generated by sim/harness, do not edit

Circuit: * comparator-offset-mc @ ss_27c_3.63v -- generated by sim/harness, do not edit

Doing analysis at TEMP = 27.000000 and TNOM = 27.000000

Using SPARSE 1.3 as Direct Linear Solver

No. of Data Rows : 6
voa = 1.0380128534e-03
ddc = -2.267854007e-07
dde = 2.2280233860e-07
Reset re-loads circuit * comparator-offset-mc @ ss_27c_3.63v -- generated by sim/harness, do not edit

Circuit: * comparator-offset-mc @ ss_27c_3.63v -- generated by sim/harness, do not edit

Doing analysis at TEMP = 27.000000 and TNOM = 27.000000

Using SPARSE 1.3 as Direct Linear Solver

No. of Data Rows : 6
voa = 6.0318709643e-04
ddc = -1.291841711e-07
dde = 1.2683403196e-07
Reset re-loads circuit * comparator-offset-mc @ ss_27c_3.63v -- generated by sim/harness, do not edit

Circuit: * comparator-offset-mc @ ss_27c_3.63v -- generated by sim/harness, do not edit

Doing analysis at TEMP = 27.000000 and TNOM = 27.000000

Using SPARSE 1.3 as Direct Linear Solver

No. of Data Rows : 6
voa = -2.171864777e-04
ddc = 5.5364245732e-09
dde = -5.456062756e-09
Reset re-loads circuit * comparator-offset-mc @ ss_27c_3.63v -- generated by sim/harness, do not edit

Circuit: * comparator-offset-mc @ ss_27c_3.63v -- generated by sim/harness, do not edit

Doing analysis at TEMP = 27.000000 and TNOM = 27.000000

Using SPARSE 1.3 as Direct Linear Solver

No. of Data Rows : 6
voa = -6.539654223e-04
ddc = 1.3216675261e-07
dde = -1.298407359e-07
Reset re-loads circuit * comparator-offset-mc @ ss_27c_3.63v -- generated by sim/harness, do not edit

Circuit: * comparator-offset-mc @ ss_27c_3.63v -- generated by sim/harness, do not edit

Doing analysis at TEMP = 27.000000 and TNOM = 27.000000

Using SPARSE 1.3 as Direct Linear Solver

No. of Data Rows : 6
voa = -2.896135879e-04
ddc = 8.8291012844e-08
dde = -8.670553287e-08
Reset re-loads circuit * comparator-offset-mc @ ss_27c_3.63v -- generated by sim/harness, do not edit

Circuit: * comparator-offset-mc @ ss_27c_3.63v -- generated by sim/harness, do not edit

Doing analysis at TEMP = 27.000000 and TNOM = 27.000000

Using SPARSE 1.3 as Direct Linear Solver

No. of Data Rows : 6
voa = 4.3958400264e-04
ddc = -8.638669674e-08
dde = 8.4866716392e-08
Reset re-loads circuit * comparator-offset-mc @ ss_27c_3.63v -- generated by sim/harness, do not edit

Circuit: * comparator-offset-mc @ ss_27c_3.63v -- generated by sim/harness, do not edit

Doing analysis at TEMP = 27.000000 and TNOM = 27.000000

Using SPARSE 1.3 as Direct Linear Solver

No. of Data Rows : 6
voa = -4.259918138e-04
ddc = 1.3191411722e-07
dde = -1.295268591e-07
Reset re-loads circuit * comparator-offset-mc @ ss_27c_3.63v -- generated by sim/harness, do not edit

Circuit: * comparator-offset-mc @ ss_27c_3.63v -- generated by sim/harness, do not edit

Doing analysis at TEMP = 27.000000 and TNOM = 27.000000

Using SPARSE 1.3 as Direct Linear Solver

No. of Data Rows : 6
voa = -8.834732156e-04
ddc = 1.9884986707e-07
dde = -1.954612393e-07
Reset re-loads circuit * comparator-offset-mc @ ss_27c_3.63v -- generated by sim/harness, do not edit

Circuit: * comparator-offset-mc @ ss_27c_3.63v -- generated by sim/harness, do not edit

Doing analysis at TEMP = 27.000000 and TNOM = 27.000000

Using SPARSE 1.3 as Direct Linear Solver
 Reference value :  2.00000e-03
No. of Data Rows : 6
voa = 1.2706191341e-05
ddc = 3.5038419299e-08
dde = -3.429333726e-08
Reset re-loads circuit * comparator-offset-mc @ ss_27c_3.63v -- generated by sim/harness, do not edit

Circuit: * comparator-offset-mc @ ss_27c_3.63v -- generated by sim/harness, do not edit

Doing analysis at TEMP = 27.000000 and TNOM = 27.000000

Using SPARSE 1.3 as Direct Linear Solver

No. of Data Rows : 6
voa = 1.6006083998e-03
ddc = -2.886304029e-07
dde = 2.8348777856e-07
Reset re-loads circuit * comparator-offset-mc @ ss_27c_3.63v -- generated by sim/harness, do not edit

Circuit: * comparator-offset-mc @ ss_27c_3.63v -- generated by sim/harness, do not edit

Doing analysis at TEMP = 27.000000 and TNOM = 27.000000

Using SPARSE 1.3 as Direct Linear Solver

No. of Data Rows : 6
voa = -1.812931099e-03
ddc = 4.1008354712e-07
dde = -4.026887250e-07
Reset re-loads circuit * comparator-offset-mc @ ss_27c_3.63v -- generated by sim/harness, do not edit

Circuit: * comparator-offset-mc @ ss_27c_3.63v -- generated by sim/harness, do not edit

Doing analysis at TEMP = 27.000000 and TNOM = 27.000000

Using SPARSE 1.3 as Direct Linear Solver

No. of Data Rows : 6
voa = 9.8605535979e-04
ddc = -1.915493378e-07
dde = 1.8815840563e-07
Reset re-loads circuit * comparator-offset-mc @ ss_27c_3.63v -- generated by sim/harness, do not edit

Circuit: * comparator-offset-mc @ ss_27c_3.63v -- generated by sim/harness, do not edit

Doing analysis at TEMP = 27.000000 and TNOM = 27.000000

Using SPARSE 1.3 as Direct Linear Solver

No. of Data Rows : 6
voa = -4.019514619e-04
ddc = 1.0360976748e-07
dde = -1.017224443e-07
Reset re-loads circuit * comparator-offset-mc @ ss_27c_3.63v -- generated by sim/harness, do not edit

Circuit: * comparator-offset-mc @ ss_27c_3.63v -- generated by sim/harness, do not edit

Doing analysis at TEMP = 27.000000 and TNOM = 27.000000

Using SPARSE 1.3 as Direct Linear Solver

No. of Data Rows : 6
voa = 8.5242953745e-05
ddc = 2.4677179130e-08
dde = -2.415973993e-08
Reset re-loads circuit * comparator-offset-mc @ ss_27c_3.63v -- generated by sim/harness, do not edit

Circuit: * comparator-offset-mc @ ss_27c_3.63v -- generated by sim/harness, do not edit

Doing analysis at TEMP = 27.000000 and TNOM = 27.000000

Using SPARSE 1.3 as Direct Linear Solver

No. of Data Rows : 6
voa = -1.672297294e-04
ddc = 2.2821110638e-08
dde = -2.223178834e-08
Reset re-loads circuit * comparator-offset-mc @ ss_27c_3.63v -- generated by sim/harness, do not edit

Circuit: * comparator-offset-mc @ ss_27c_3.63v -- generated by sim/harness, do not edit

Doing analysis at TEMP = 27.000000 and TNOM = 27.000000

Using SPARSE 1.3 as Direct Linear Solver

No. of Data Rows : 6
voa = 3.7631050759e-04
ddc = -8.526036506e-08
dde = 8.3730701286e-08
Reset re-loads circuit * comparator-offset-mc @ ss_27c_3.63v -- generated by sim/harness, do not edit

Circuit: * comparator-offset-mc @ ss_27c_3.63v -- generated by sim/harness, do not edit

Doing analysis at TEMP = 27.000000 and TNOM = 27.000000

Using SPARSE 1.3 as Direct Linear Solver

No. of Data Rows : 6
voa = -1.239144492e-04
ddc = 1.7761686097e-08
dde = -1.755104499e-08
Reset re-loads circuit * comparator-offset-mc @ ss_27c_3.63v -- generated by sim/harness, do not edit

Circuit: * comparator-offset-mc @ ss_27c_3.63v -- generated by sim/harness, do not edit

Doing analysis at TEMP = 27.000000 and TNOM = 27.000000

Using SPARSE 1.3 as Direct Linear Solver

No. of Data Rows : 6
voa = -1.038161162e-03
ddc = 2.2078745518e-07
dde = -2.168320235e-07
Reset re-loads circuit * comparator-offset-mc @ ss_27c_3.63v -- generated by sim/harness, do not edit

Circuit: * comparator-offset-mc @ ss_27c_3.63v -- generated by sim/harness, do not edit

Doing analysis at TEMP = 27.000000 and TNOM = 27.000000

Using SPARSE 1.3 as Direct Linear Solver

No. of Data Rows : 6
voa = 1.1572009840e-03
ddc = -2.308013671e-07
dde = 2.2664523244e-07
Reset re-loads circuit * comparator-offset-mc @ ss_27c_3.63v -- generated by sim/harness, do not edit

Circuit: * comparator-offset-mc @ ss_27c_3.63v -- generated by sim/harness, do not edit

Doing analysis at TEMP = 27.000000 and TNOM = 27.000000

Using SPARSE 1.3 as Direct Linear Solver

No. of Data Rows : 6
voa = 5.0396663737e-05
ddc = 1.1850293045e-08
dde = -1.174750134e-08
Reset re-loads circuit * comparator-offset-mc @ ss_27c_3.63v -- generated by sim/harness, do not edit

Circuit: * comparator-offset-mc @ ss_27c_3.63v -- generated by sim/harness, do not edit

Doing analysis at TEMP = 27.000000 and TNOM = 27.000000

Using SPARSE 1.3 as Direct Linear Solver

No. of Data Rows : 6
voa = 3.8151655132e-04
ddc = -4.505055336e-08
dde = 4.4194706789e-08
Reset re-loads circuit * comparator-offset-mc @ ss_27c_3.63v -- generated by sim/harness, do not edit

Circuit: * comparator-offset-mc @ ss_27c_3.63v -- generated by sim/harness, do not edit

Doing analysis at TEMP = 27.000000 and TNOM = 27.000000

Using SPARSE 1.3 as Direct Linear Solver

No. of Data Rows : 6
voa = 2.6560972958e-05
ddc = 1.3024713413e-08
dde = -1.279890293e-08
Reset re-loads circuit * comparator-offset-mc @ ss_27c_3.63v -- generated by sim/harness, do not edit

Circuit: * comparator-offset-mc @ ss_27c_3.63v -- generated by sim/harness, do not edit

Doing analysis at TEMP = 27.000000 and TNOM = 27.000000

Using SPARSE 1.3 as Direct Linear Solver

No. of Data Rows : 6
voa = -1.274723043e-03
ddc = 2.7475350433e-07
dde = -2.699068148e-07
Reset re-loads circuit * comparator-offset-mc @ ss_27c_3.63v -- generated by sim/harness, do not edit

Circuit: * comparator-offset-mc @ ss_27c_3.63v -- generated by sim/harness, do not edit

Doing analysis at TEMP = 27.000000 and TNOM = 27.000000

Using SPARSE 1.3 as Direct Linear Solver

No. of Data Rows : 6
voa = 1.1581305374e-04
ddc = -7.693402584e-08
dde = 7.5588712363e-08
Reset re-loads circuit * comparator-offset-mc @ ss_27c_3.63v -- generated by sim/harness, do not edit

Circuit: * comparator-offset-mc @ ss_27c_3.63v -- generated by sim/harness, do not edit

Doing analysis at TEMP = 27.000000 and TNOM = 27.000000

Using SPARSE 1.3 as Direct Linear Solver

No. of Data Rows : 6
voa = 1.1032210346e-03
ddc = -2.235708318e-07
dde = 2.1959432657e-07
Reset re-loads circuit * comparator-offset-mc @ ss_27c_3.63v -- generated by sim/harness, do not edit

Circuit: * comparator-offset-mc @ ss_27c_3.63v -- generated by sim/harness, do not edit

Doing analysis at TEMP = 27.000000 and TNOM = 27.000000

Using SPARSE 1.3 as Direct Linear Solver
 Reference value :  2.00000e-03
No. of Data Rows : 6
voa = -4.651878732e-04
ddc = 7.8928951122e-08
dde = -7.775819924e-08
Reset re-loads circuit * comparator-offset-mc @ ss_27c_3.63v -- generated by sim/harness, do not edit

Circuit: * comparator-offset-mc @ ss_27c_3.63v -- generated by sim/harness, do not edit

Doing analysis at TEMP = 27.000000 and TNOM = 27.000000

Using SPARSE 1.3 as Direct Linear Solver

No. of Data Rows : 6
voa = 2.0387938399e-04
ddc = -4.955481895e-08
dde = 4.8664669190e-08
Reset re-loads circuit * comparator-offset-mc @ ss_27c_3.63v -- generated by sim/harness, do not edit

Circuit: * comparator-offset-mc @ ss_27c_3.63v -- generated by sim/harness, do not edit

Doing analysis at TEMP = 27.000000 and TNOM = 27.000000

Using SPARSE 1.3 as Direct Linear Solver

No. of Data Rows : 6
voa = -4.144534619e-04
ddc = 5.5164083334e-08
dde = -5.403304530e-08
Reset re-loads circuit * comparator-offset-mc @ ss_27c_3.63v -- generated by sim/harness, do not edit

Circuit: * comparator-offset-mc @ ss_27c_3.63v -- generated by sim/harness, do not edit

Doing analysis at TEMP = 27.000000 and TNOM = 27.000000

Using SPARSE 1.3 as Direct Linear Solver

No. of Data Rows : 6
voa = 1.2997208753e-04
ddc = -1.878003528e-09
dde = 1.7601883644e-09
Reset re-loads circuit * comparator-offset-mc @ ss_27c_3.63v -- generated by sim/harness, do not edit

Circuit: * comparator-offset-mc @ ss_27c_3.63v -- generated by sim/harness, do not edit

Doing analysis at TEMP = 27.000000 and TNOM = 27.000000

Using SPARSE 1.3 as Direct Linear Solver

No. of Data Rows : 6
voa = 8.8432057806e-04
ddc = -1.485302596e-07
dde = 1.4597112628e-07
Reset re-loads circuit * comparator-offset-mc @ ss_27c_3.63v -- generated by sim/harness, do not edit

Circuit: * comparator-offset-mc @ ss_27c_3.63v -- generated by sim/harness, do not edit

Doing analysis at TEMP = 27.000000 and TNOM = 27.000000

Using SPARSE 1.3 as Direct Linear Solver

No. of Data Rows : 6
voa = -2.689972209e-04
ddc = 7.0257554988e-08
dde = -6.895671482e-08
Reset re-loads circuit * comparator-offset-mc @ ss_27c_3.63v -- generated by sim/harness, do not edit

Circuit: * comparator-offset-mc @ ss_27c_3.63v -- generated by sim/harness, do not edit

Doing analysis at TEMP = 27.000000 and TNOM = 27.000000

Using SPARSE 1.3 as Direct Linear Solver

No. of Data Rows : 6
voa = 1.0807548219e-03
ddc = -2.358788915e-07
dde = 2.3164691795e-07
Reset re-loads circuit * comparator-offset-mc @ ss_27c_3.63v -- generated by sim/harness, do not edit

Circuit: * comparator-offset-mc @ ss_27c_3.63v -- generated by sim/harness, do not edit

Doing analysis at TEMP = 27.000000 and TNOM = 27.000000

Using SPARSE 1.3 as Direct Linear Solver

No. of Data Rows : 6
voa = 7.7235709987e-04
ddc = -1.288261660e-07
dde = 1.2651472645e-07
Reset re-loads circuit * comparator-offset-mc @ ss_27c_3.63v -- generated by sim/harness, do not edit

Circuit: * comparator-offset-mc @ ss_27c_3.63v -- generated by sim/harness, do not edit

Doing analysis at TEMP = 27.000000 and TNOM = 27.000000

Using SPARSE 1.3 as Direct Linear Solver

No. of Data Rows : 6
voa = 4.8325646210e-04
ddc = -9.355816954e-08
dde = 9.1968035075e-08
Reset re-loads circuit * comparator-offset-mc @ ss_27c_3.63v -- generated by sim/harness, do not edit

Circuit: * comparator-offset-mc @ ss_27c_3.63v -- generated by sim/harness, do not edit

Doing analysis at TEMP = 27.000000 and TNOM = 27.000000

Using SPARSE 1.3 as Direct Linear Solver

No. of Data Rows : 6
voa = 7.9168735386e-04
ddc = -1.910173897e-07
dde = 1.8747909913e-07
Reset re-loads circuit * comparator-offset-mc @ ss_27c_3.63v -- generated by sim/harness, do not edit

Circuit: * comparator-offset-mc @ ss_27c_3.63v -- generated by sim/harness, do not edit

Doing analysis at TEMP = 27.000000 and TNOM = 27.000000

Using SPARSE 1.3 as Direct Linear Solver

No. of Data Rows : 6
voa = 1.0711938528e-05
ddc = 1.5824069519e-08
dde = -1.553795994e-08
Reset re-loads circuit * comparator-offset-mc @ ss_27c_3.63v -- generated by sim/harness, do not edit

Circuit: * comparator-offset-mc @ ss_27c_3.63v -- generated by sim/harness, do not edit

Doing analysis at TEMP = 27.000000 and TNOM = 27.000000

Using SPARSE 1.3 as Direct Linear Solver

No. of Data Rows : 6
voa = -1.462358407e-03
ddc = 2.8917888775e-07
dde = -2.839625676e-07
Reset re-loads circuit * comparator-offset-mc @ ss_27c_3.63v -- generated by sim/harness, do not edit

Circuit: * comparator-offset-mc @ ss_27c_3.63v -- generated by sim/harness, do not edit

Doing analysis at TEMP = 27.000000 and TNOM = 27.000000

Using SPARSE 1.3 as Direct Linear Solver

No. of Data Rows : 6
voa = 1.0413218362e-03
ddc = -2.026752918e-07
dde = 1.9908465756e-07
Reset re-loads circuit * comparator-offset-mc @ ss_27c_3.63v -- generated by sim/harness, do not edit

Circuit: * comparator-offset-mc @ ss_27c_3.63v -- generated by sim/harness, do not edit

Doing analysis at TEMP = 27.000000 and TNOM = 27.000000

Using SPARSE 1.3 as Direct Linear Solver

No. of Data Rows : 6
voa = -1.609121958e-03
ddc = 2.4351396312e-07
dde = -2.391217106e-07
Reset re-loads circuit * comparator-offset-mc @ ss_27c_3.63v -- generated by sim/harness, do not edit

Circuit: * comparator-offset-mc @ ss_27c_3.63v -- generated by sim/harness, do not edit

Doing analysis at TEMP = 27.000000 and TNOM = 27.000000

Using SPARSE 1.3 as Direct Linear Solver

No. of Data Rows : 6
voa = 2.4235068527e-03
ddc = -5.063314178e-07
dde = 4.9718447083e-07
Reset re-loads circuit * comparator-offset-mc @ ss_27c_3.63v -- generated by sim/harness, do not edit

Circuit: * comparator-offset-mc @ ss_27c_3.63v -- generated by sim/harness, do not edit

Doing analysis at TEMP = 27.000000 and TNOM = 27.000000

Using SPARSE 1.3 as Direct Linear Solver

No. of Data Rows : 6
voa = -1.522301866e-04
ddc = 4.9481396458e-08
dde = -4.865852390e-08
Reset re-loads circuit * comparator-offset-mc @ ss_27c_3.63v -- generated by sim/harness, do not edit

Circuit: * comparator-offset-mc @ ss_27c_3.63v -- generated by sim/harness, do not edit

Doing analysis at TEMP = 27.000000 and TNOM = 27.000000

Using SPARSE 1.3 as Direct Linear Solver

No. of Data Rows : 6
voa = -4.132452829e-04
ddc = 4.1029221434e-08
dde = -4.035094187e-08
Reset re-loads circuit * comparator-offset-mc @ ss_27c_3.63v -- generated by sim/harness, do not edit

Circuit: * comparator-offset-mc @ ss_27c_3.63v -- generated by sim/harness, do not edit

Doing analysis at TEMP = 27.000000 and TNOM = 27.000000

Using SPARSE 1.3 as Direct Linear Solver

No. of Data Rows : 6
voa = -6.122625517e-04
ddc = 1.1544704045e-07
dde = -1.132399336e-07
Reset re-loads circuit * comparator-offset-mc @ ss_27c_3.63v -- generated by sim/harness, do not edit

Circuit: * comparator-offset-mc @ ss_27c_3.63v -- generated by sim/harness, do not edit

Doing analysis at TEMP = 27.000000 and TNOM = 27.000000

Using SPARSE 1.3 as Direct Linear Solver

No. of Data Rows : 6
voa = -1.753956257e-03
ddc = 3.2649875395e-07
dde = -3.206324911e-07
Reset re-loads circuit * comparator-offset-mc @ ss_27c_3.63v -- generated by sim/harness, do not edit

Circuit: * comparator-offset-mc @ ss_27c_3.63v -- generated by sim/harness, do not edit

Doing analysis at TEMP = 27.000000 and TNOM = 27.000000

Using SPARSE 1.3 as Direct Linear Solver
 Reference value :  0.00000e+00
No. of Data Rows : 6
voa = -4.094569734e-04
ddc = 8.1577529641e-08
dde = -8.007355759e-08
Reset re-loads circuit * comparator-offset-mc @ ss_27c_3.63v -- generated by sim/harness, do not edit

Circuit: * comparator-offset-mc @ ss_27c_3.63v -- generated by sim/harness, do not edit

Doing analysis at TEMP = 27.000000 and TNOM = 27.000000

Using SPARSE 1.3 as Direct Linear Solver

No. of Data Rows : 6
voa = -8.397934402e-05
ddc = 1.5314327971e-08
dde = -1.508779108e-08
Reset re-loads circuit * comparator-offset-mc @ ss_27c_3.63v -- generated by sim/harness, do not edit

Circuit: * comparator-offset-mc @ ss_27c_3.63v -- generated by sim/harness, do not edit

Doing analysis at TEMP = 27.000000 and TNOM = 27.000000

Using SPARSE 1.3 as Direct Linear Solver

No. of Data Rows : 6
voa = 1.6215602169e-03
ddc = -3.440553813e-07
dde = 3.3772884005e-07
Reset re-loads circuit * comparator-offset-mc @ ss_27c_3.63v -- generated by sim/harness, do not edit

Circuit: * comparator-offset-mc @ ss_27c_3.63v -- generated by sim/harness, do not edit

Doing analysis at TEMP = 27.000000 and TNOM = 27.000000

Using SPARSE 1.3 as Direct Linear Solver

No. of Data Rows : 6
voa = -1.802920421e-04
ddc = 8.7615866151e-08
dde = -8.599981710e-08
Reset re-loads circuit * comparator-offset-mc @ ss_27c_3.63v -- generated by sim/harness, do not edit

Circuit: * comparator-offset-mc @ ss_27c_3.63v -- generated by sim/harness, do not edit

Doing analysis at TEMP = 27.000000 and TNOM = 27.000000

Using SPARSE 1.3 as Direct Linear Solver

No. of Data Rows : 6
voa = -7.264090499e-04
ddc = 1.4759065223e-07
dde = -1.449700226e-07
Reset re-loads circuit * comparator-offset-mc @ ss_27c_3.63v -- generated by sim/harness, do not edit

Circuit: * comparator-offset-mc @ ss_27c_3.63v -- generated by sim/harness, do not edit

Doing analysis at TEMP = 27.000000 and TNOM = 27.000000

Using SPARSE 1.3 as Direct Linear Solver

No. of Data Rows : 6
voa = -8.042289620e-04
ddc = 1.3878923576e-07
dde = -1.363093264e-07
Reset re-loads circuit * comparator-offset-mc @ ss_27c_3.63v -- generated by sim/harness, do not edit

Circuit: * comparator-offset-mc @ ss_27c_3.63v -- generated by sim/harness, do not edit

Doing analysis at TEMP = 27.000000 and TNOM = 27.000000

Using SPARSE 1.3 as Direct Linear Solver

No. of Data Rows : 6
voa = -5.474749684e-04
ddc = 1.2333631316e-07
dde = -1.211082634e-07
Reset re-loads circuit * comparator-offset-mc @ ss_27c_3.63v -- generated by sim/harness, do not edit

Circuit: * comparator-offset-mc @ ss_27c_3.63v -- generated by sim/harness, do not edit

Doing analysis at TEMP = 27.000000 and TNOM = 27.000000

Using SPARSE 1.3 as Direct Linear Solver

No. of Data Rows : 6
voa = 8.3499007969e-04
ddc = -1.670385236e-07
dde = 1.6404074058e-07
Reset re-loads circuit * comparator-offset-mc @ ss_27c_3.63v -- generated by sim/harness, do not edit

Circuit: * comparator-offset-mc @ ss_27c_3.63v -- generated by sim/harness, do not edit

Doing analysis at TEMP = 27.000000 and TNOM = 27.000000

Using SPARSE 1.3 as Direct Linear Solver

No. of Data Rows : 6
voa = -1.860590531e-04
ddc = 5.8722506965e-08
dde = -5.753494537e-08
Reset re-loads circuit * comparator-offset-mc @ ss_27c_3.63v -- generated by sim/harness, do not edit

Circuit: * comparator-offset-mc @ ss_27c_3.63v -- generated by sim/harness, do not edit

Doing analysis at TEMP = 27.000000 and TNOM = 27.000000

Using SPARSE 1.3 as Direct Linear Solver

No. of Data Rows : 6
voa = 1.0059745761e-03
ddc = -2.325367990e-07
dde = 2.2835388834e-07
Reset re-loads circuit * comparator-offset-mc @ ss_27c_3.63v -- generated by sim/harness, do not edit

Circuit: * comparator-offset-mc @ ss_27c_3.63v -- generated by sim/harness, do not edit

Doing analysis at TEMP = 27.000000 and TNOM = 27.000000

Using SPARSE 1.3 as Direct Linear Solver

No. of Data Rows : 6
voa = 6.1390934158e-04
ddc = -1.391682934e-07
dde = 1.3659806889e-07
Reset re-loads circuit * comparator-offset-mc @ ss_27c_3.63v -- generated by sim/harness, do not edit

Circuit: * comparator-offset-mc @ ss_27c_3.63v -- generated by sim/harness, do not edit

Doing analysis at TEMP = 27.000000 and TNOM = 27.000000

Using SPARSE 1.3 as Direct Linear Solver

No. of Data Rows : 6
voa = -2.325994176e-04
ddc = 7.4328292061e-08
dde = -7.302971000e-08
Reset re-loads circuit * comparator-offset-mc @ ss_27c_3.63v -- generated by sim/harness, do not edit

Circuit: * comparator-offset-mc @ ss_27c_3.63v -- generated by sim/harness, do not edit

Doing analysis at TEMP = 27.000000 and TNOM = 27.000000

Using SPARSE 1.3 as Direct Linear Solver

No. of Data Rows : 6
voa = 2.2828742241e-03
ddc = -4.111999441e-07
dde = 4.0377204827e-07
Reset re-loads circuit * comparator-offset-mc @ ss_27c_3.63v -- generated by sim/harness, do not edit

Circuit: * comparator-offset-mc @ ss_27c_3.63v -- generated by sim/harness, do not edit

Doing analysis at TEMP = 27.000000 and TNOM = 27.000000

Using SPARSE 1.3 as Direct Linear Solver

No. of Data Rows : 6
voa = -6.357496028e-04
ddc = 1.6124522556e-07
dde = -1.582881928e-07
Reset re-loads circuit * comparator-offset-mc @ ss_27c_3.63v -- generated by sim/harness, do not edit

Circuit: * comparator-offset-mc @ ss_27c_3.63v -- generated by sim/harness, do not edit

Doing analysis at TEMP = 27.000000 and TNOM = 27.000000

Using SPARSE 1.3 as Direct Linear Solver

No. of Data Rows : 6
voa = 2.2891378467e-04
ddc = -3.432863169e-08
dde = 3.3763002723e-08
Reset re-loads circuit * comparator-offset-mc @ ss_27c_3.63v -- generated by sim/harness, do not edit

Circuit: * comparator-offset-mc @ ss_27c_3.63v -- generated by sim/harness, do not edit

Doing analysis at TEMP = 27.000000 and TNOM = 27.000000

Using SPARSE 1.3 as Direct Linear Solver
 Reference value :  0.00000e+00
No. of Data Rows : 6
voa = 3.4268002087e-04
ddc = -4.709931301e-08
dde = 4.6427126635e-08
Reset re-loads circuit * comparator-offset-mc @ ss_27c_3.63v -- generated by sim/harness, do not edit

Circuit: * comparator-offset-mc @ ss_27c_3.63v -- generated by sim/harness, do not edit

Doing analysis at TEMP = 27.000000 and TNOM = 27.000000

Using SPARSE 1.3 as Direct Linear Solver

No. of Data Rows : 6
voa = 5.1592000615e-04
ddc = -1.165162659e-07
dde = 1.1438296550e-07
Reset re-loads circuit * comparator-offset-mc @ ss_27c_3.63v -- generated by sim/harness, do not edit

Circuit: * comparator-offset-mc @ ss_27c_3.63v -- generated by sim/harness, do not edit

Doing analysis at TEMP = 27.000000 and TNOM = 27.000000

Using SPARSE 1.3 as Direct Linear Solver

No. of Data Rows : 6
voa = 1.8464112746e-03
ddc = -3.736145709e-07
dde = 3.6702437119e-07
Reset re-loads circuit * comparator-offset-mc @ ss_27c_3.63v -- generated by sim/harness, do not edit

Circuit: * comparator-offset-mc @ ss_27c_3.63v -- generated by sim/harness, do not edit

Doing analysis at TEMP = 27.000000 and TNOM = 27.000000

Using SPARSE 1.3 as Direct Linear Solver

No. of Data Rows : 6
voa = -8.950685079e-04
ddc = 1.9083257129e-07
dde = -1.875144086e-07
Reset re-loads circuit * comparator-offset-mc @ ss_27c_3.63v -- generated by sim/harness, do not edit

Circuit: * comparator-offset-mc @ ss_27c_3.63v -- generated by sim/harness, do not edit

Doing analysis at TEMP = 27.000000 and TNOM = 27.000000

Using SPARSE 1.3 as Direct Linear Solver

No. of Data Rows : 6
voa = 1.0055680801e-03
ddc = -2.402639024e-07
dde = 2.3600773619e-07
Reset re-loads circuit * comparator-offset-mc @ ss_27c_3.63v -- generated by sim/harness, do not edit

Circuit: * comparator-offset-mc @ ss_27c_3.63v -- generated by sim/harness, do not edit

Doing analysis at TEMP = 27.000000 and TNOM = 27.000000

Using SPARSE 1.3 as Direct Linear Solver

No. of Data Rows : 6
voa = 9.1491184564e-04
ddc = -2.046205088e-07
dde = 2.0093664695e-07
Reset re-loads circuit * comparator-offset-mc @ ss_27c_3.63v -- generated by sim/harness, do not edit

Circuit: * comparator-offset-mc @ ss_27c_3.63v -- generated by sim/harness, do not edit

Doing analysis at TEMP = 27.000000 and TNOM = 27.000000

Using SPARSE 1.3 as Direct Linear Solver

No. of Data Rows : 6
voa = 2.4169474527e-04
ddc = -5.107322222e-08
dde = 5.0148101305e-08
Reset re-loads circuit * comparator-offset-mc @ ss_27c_3.63v -- generated by sim/harness, do not edit

Circuit: * comparator-offset-mc @ ss_27c_3.63v -- generated by sim/harness, do not edit

Doing analysis at TEMP = 27.000000 and TNOM = 27.000000

Using SPARSE 1.3 as Direct Linear Solver

No. of Data Rows : 6
voa = 4.8580789154e-04
ddc = -5.827931512e-08
dde = 5.7176651902e-08
Reset re-loads circuit * comparator-offset-mc @ ss_27c_3.63v -- generated by sim/harness, do not edit

Circuit: * comparator-offset-mc @ ss_27c_3.63v -- generated by sim/harness, do not edit

Doing analysis at TEMP = 27.000000 and TNOM = 27.000000

Using SPARSE 1.3 as Direct Linear Solver

No. of Data Rows : 6
voa = 5.8012034414e-04
ddc = -1.544966531e-07
dde = 1.5168702106e-07
Reset re-loads circuit * comparator-offset-mc @ ss_27c_3.63v -- generated by sim/harness, do not edit

Circuit: * comparator-offset-mc @ ss_27c_3.63v -- generated by sim/harness, do not edit

Doing analysis at TEMP = 27.000000 and TNOM = 27.000000

Using SPARSE 1.3 as Direct Linear Solver

No. of Data Rows : 6
voa = 1.7280369932e-03
ddc = -3.056048680e-07
dde = 3.0006392403e-07
Reset re-loads circuit * comparator-offset-mc @ ss_27c_3.63v -- generated by sim/harness, do not edit

Circuit: * comparator-offset-mc @ ss_27c_3.63v -- generated by sim/harness, do not edit

Doing analysis at TEMP = 27.000000 and TNOM = 27.000000

Using SPARSE 1.3 as Direct Linear Solver

No. of Data Rows : 6
voa = -1.452951502e-03
ddc = 2.4811919490e-07
dde = -2.436253062e-07
Reset re-loads circuit * comparator-offset-mc @ ss_27c_3.63v -- generated by sim/harness, do not edit

Circuit: * comparator-offset-mc @ ss_27c_3.63v -- generated by sim/harness, do not edit

Doing analysis at TEMP = 27.000000 and TNOM = 27.000000

Using SPARSE 1.3 as Direct Linear Solver

No. of Data Rows : 6
voa = -5.360333924e-05
ddc = 4.9939233903e-09
dde = -4.992868370e-09
Reset re-loads circuit * comparator-offset-mc @ ss_27c_3.63v -- generated by sim/harness, do not edit

Circuit: * comparator-offset-mc @ ss_27c_3.63v -- generated by sim/harness, do not edit

Doing analysis at TEMP = 27.000000 and TNOM = 27.000000

Using SPARSE 1.3 as Direct Linear Solver

No. of Data Rows : 6
voa = -4.876687513e-04
ddc = 7.2278736744e-08
dde = -7.103236648e-08
Reset re-loads circuit * comparator-offset-mc @ ss_27c_3.63v -- generated by sim/harness, do not edit

Circuit: * comparator-offset-mc @ ss_27c_3.63v -- generated by sim/harness, do not edit

Doing analysis at TEMP = 27.000000 and TNOM = 27.000000

Using SPARSE 1.3 as Direct Linear Solver

No. of Data Rows : 6
voa = -1.804398885e-03
ddc = 3.3892061135e-07
dde = -3.329184089e-07
Reset re-loads circuit * comparator-offset-mc @ ss_27c_3.63v -- generated by sim/harness, do not edit

Circuit: * comparator-offset-mc @ ss_27c_3.63v -- generated by sim/harness, do not edit

Doing analysis at TEMP = 27.000000 and TNOM = 27.000000

Using SPARSE 1.3 as Direct Linear Solver
 Reference value :  0.00000e+00
No. of Data Rows : 6
voa = 7.8391662289e-04
ddc = -1.477848605e-07
dde = 1.4509528808e-07
Reset re-loads circuit * comparator-offset-mc @ ss_27c_3.63v -- generated by sim/harness, do not edit

Circuit: * comparator-offset-mc @ ss_27c_3.63v -- generated by sim/harness, do not edit

Doing analysis at TEMP = 27.000000 and TNOM = 27.000000

Using SPARSE 1.3 as Direct Linear Solver

No. of Data Rows : 6
voa = -3.423053923e-04
ddc = -1.002445597e-09
dde = 9.2381002755e-10
Reset re-loads circuit * comparator-offset-mc @ ss_27c_3.63v -- generated by sim/harness, do not edit

Circuit: * comparator-offset-mc @ ss_27c_3.63v -- generated by sim/harness, do not edit

Doing analysis at TEMP = 27.000000 and TNOM = 27.000000

Using SPARSE 1.3 as Direct Linear Solver

No. of Data Rows : 6
voa = 2.1917233703e-04
ddc = -1.927623002e-08
dde = 1.8944533614e-08
Reset re-loads circuit * comparator-offset-mc @ ss_27c_3.63v -- generated by sim/harness, do not edit

Circuit: * comparator-offset-mc @ ss_27c_3.63v -- generated by sim/harness, do not edit

Doing analysis at TEMP = 27.000000 and TNOM = 27.000000

Using SPARSE 1.3 as Direct Linear Solver

No. of Data Rows : 6
voa = -1.727379425e-03
ddc = 3.5848456284e-07
dde = -3.522139316e-07
Reset re-loads circuit * comparator-offset-mc @ ss_27c_3.63v -- generated by sim/harness, do not edit

Circuit: * comparator-offset-mc @ ss_27c_3.63v -- generated by sim/harness, do not edit

Doing analysis at TEMP = 27.000000 and TNOM = 27.000000

Using SPARSE 1.3 as Direct Linear Solver

No. of Data Rows : 6
voa = -5.816355199e-04
ddc = 8.5737382615e-08
dde = -8.410967730e-08
Reset re-loads circuit * comparator-offset-mc @ ss_27c_3.63v -- generated by sim/harness, do not edit

Circuit: * comparator-offset-mc @ ss_27c_3.63v -- generated by sim/harness, do not edit

Doing analysis at TEMP = 27.000000 and TNOM = 27.000000

Using SPARSE 1.3 as Direct Linear Solver

No. of Data Rows : 6
voa = 9.7287467693e-04
ddc = -2.217995835e-07
dde = 2.1775990304e-07
Reset re-loads circuit * comparator-offset-mc @ ss_27c_3.63v -- generated by sim/harness, do not edit

Circuit: * comparator-offset-mc @ ss_27c_3.63v -- generated by sim/harness, do not edit

Doing analysis at TEMP = 27.000000 and TNOM = 27.000000

Using SPARSE 1.3 as Direct Linear Solver

No. of Data Rows : 6
voa = 1.3963964799e-03
ddc = -2.597478223e-07
dde = 2.5515068913e-07
Reset re-loads circuit * comparator-offset-mc @ ss_27c_3.63v -- generated by sim/harness, do not edit

Circuit: * comparator-offset-mc @ ss_27c_3.63v -- generated by sim/harness, do not edit

Doing analysis at TEMP = 27.000000 and TNOM = 27.000000

Using SPARSE 1.3 as Direct Linear Solver

No. of Data Rows : 6
voa = -1.409852557e-04
ddc = 3.8612141068e-08
dde = -3.795097213e-08
Reset re-loads circuit * comparator-offset-mc @ ss_27c_3.63v -- generated by sim/harness, do not edit

Circuit: * comparator-offset-mc @ ss_27c_3.63v -- generated by sim/harness, do not edit

Doing analysis at TEMP = 27.000000 and TNOM = 27.000000

Using SPARSE 1.3 as Direct Linear Solver

No. of Data Rows : 6
voa = -2.194959389e-04
ddc = 3.8796800133e-08
dde = -3.825343791e-08
Reset re-loads circuit * comparator-offset-mc @ ss_27c_3.63v -- generated by sim/harness, do not edit

Circuit: * comparator-offset-mc @ ss_27c_3.63v -- generated by sim/harness, do not edit

Doing analysis at TEMP = 27.000000 and TNOM = 27.000000

Using SPARSE 1.3 as Direct Linear Solver

No. of Data Rows : 6
voa = 4.5370784986e-04
ddc = -9.236582555e-08
dde = 9.0690741235e-08
Reset re-loads circuit * comparator-offset-mc @ ss_27c_3.63v -- generated by sim/harness, do not edit

Circuit: * comparator-offset-mc @ ss_27c_3.63v -- generated by sim/harness, do not edit

Doing analysis at TEMP = 27.000000 and TNOM = 27.000000

Using SPARSE 1.3 as Direct Linear Solver

No. of Data Rows : 6
voa = 7.6761885275e-04
ddc = -1.457938504e-07
dde = 1.4316413834e-07
Reset re-loads circuit * comparator-offset-mc @ ss_27c_3.63v -- generated by sim/harness, do not edit

Circuit: * comparator-offset-mc @ ss_27c_3.63v -- generated by sim/harness, do not edit

Doing analysis at TEMP = 27.000000 and TNOM = 27.000000

Using SPARSE 1.3 as Direct Linear Solver

No. of Data Rows : 6
voa = -7.088707962e-04
ddc = 1.5726165721e-07
dde = -1.542699801e-07
Reset re-loads circuit * comparator-offset-mc @ ss_27c_3.63v -- generated by sim/harness, do not edit

Circuit: * comparator-offset-mc @ ss_27c_3.63v -- generated by sim/harness, do not edit

Doing analysis at TEMP = 27.000000 and TNOM = 27.000000

Using SPARSE 1.3 as Direct Linear Solver

No. of Data Rows : 6
voa = -5.778682975e-05
ddc = -2.875906917e-08
dde = 2.8075498849e-08
Reset re-loads circuit * comparator-offset-mc @ ss_27c_3.63v -- generated by sim/harness, do not edit

Circuit: * comparator-offset-mc @ ss_27c_3.63v -- generated by sim/harness, do not edit

Doing analysis at TEMP = 27.000000 and TNOM = 27.000000

Using SPARSE 1.3 as Direct Linear Solver

No. of Data Rows : 6
voa = -5.153340342e-05
ddc = 3.3796993350e-08
dde = -3.309050814e-08
Reset re-loads circuit * comparator-offset-mc @ ss_27c_3.63v -- generated by sim/harness, do not edit

Circuit: * comparator-offset-mc @ ss_27c_3.63v -- generated by sim/harness, do not edit

Doing analysis at TEMP = 27.000000 and TNOM = 27.000000

Using SPARSE 1.3 as Direct Linear Solver

No. of Data Rows : 6
voa = -3.555483247e-04
ddc = 1.0860560957e-07
dde = -1.068434789e-07
Reset re-loads circuit * comparator-offset-mc @ ss_27c_3.63v -- generated by sim/harness, do not edit

Circuit: * comparator-offset-mc @ ss_27c_3.63v -- generated by sim/harness, do not edit

Doing analysis at TEMP = 27.000000 and TNOM = 27.000000

Using SPARSE 1.3 as Direct Linear Solver

No. of Data Rows : 6
voa = -2.295931460e-04
ddc = 4.7479726752e-08
dde = -4.660281583e-08
Reset re-loads circuit * comparator-offset-mc @ ss_27c_3.63v -- generated by sim/harness, do not edit

Circuit: * comparator-offset-mc @ ss_27c_3.63v -- generated by sim/harness, do not edit

Doing analysis at TEMP = 27.000000 and TNOM = 27.000000

Using SPARSE 1.3 as Direct Linear Solver
 Reference value :  0.00000e+00
No. of Data Rows : 6
voa = -1.616674066e-03
ddc = 3.1222301018e-07
dde = -3.067881986e-07
Reset re-loads circuit * comparator-offset-mc @ ss_27c_3.63v -- generated by sim/harness, do not edit

Circuit: * comparator-offset-mc @ ss_27c_3.63v -- generated by sim/harness, do not edit

Doing analysis at TEMP = 27.000000 and TNOM = 27.000000

Using SPARSE 1.3 as Direct Linear Solver

No. of Data Rows : 6
voa = 1.0205797844e-03
ddc = -1.470505492e-07
dde = 1.4442525010e-07
Reset re-loads circuit * comparator-offset-mc @ ss_27c_3.63v -- generated by sim/harness, do not edit

Circuit: * comparator-offset-mc @ ss_27c_3.63v -- generated by sim/harness, do not edit

Doing analysis at TEMP = 27.000000 and TNOM = 27.000000

Using SPARSE 1.3 as Direct Linear Solver

No. of Data Rows : 6
voa = 1.2760097226e-03
ddc = -2.241435257e-07
dde = 2.2011179874e-07
Reset re-loads circuit * comparator-offset-mc @ ss_27c_3.63v -- generated by sim/harness, do not edit

Circuit: * comparator-offset-mc @ ss_27c_3.63v -- generated by sim/harness, do not edit

Doing analysis at TEMP = 27.000000 and TNOM = 27.000000

Using SPARSE 1.3 as Direct Linear Solver

No. of Data Rows : 6
voa = 2.1465953885e-04
ddc = -6.001058772e-08
dde = 5.8919275072e-08
Reset re-loads circuit * comparator-offset-mc @ ss_27c_3.63v -- generated by sim/harness, do not edit

Circuit: * comparator-offset-mc @ ss_27c_3.63v -- generated by sim/harness, do not edit

Doing analysis at TEMP = 27.000000 and TNOM = 27.000000

Using SPARSE 1.3 as Direct Linear Solver

No. of Data Rows : 6
voa = -4.765242376e-04
ddc = 1.2250002978e-07
dde = -1.202934740e-07
Reset re-loads circuit * comparator-offset-mc @ ss_27c_3.63v -- generated by sim/harness, do not edit

Circuit: * comparator-offset-mc @ ss_27c_3.63v -- generated by sim/harness, do not edit

Doing analysis at TEMP = 27.000000 and TNOM = 27.000000

Using SPARSE 1.3 as Direct Linear Solver

No. of Data Rows : 6
voa = 1.1307310010e-03
ddc = -2.428422859e-07
dde = 2.3850053666e-07
Reset re-loads circuit * comparator-offset-mc @ ss_27c_3.63v -- generated by sim/harness, do not edit

Circuit: * comparator-offset-mc @ ss_27c_3.63v -- generated by sim/harness, do not edit

Doing analysis at TEMP = 27.000000 and TNOM = 27.000000

Using SPARSE 1.3 as Direct Linear Solver

No. of Data Rows : 6
voa = 4.1429159725e-04
ddc = -1.034013816e-07
dde = 1.0150472977e-07
Reset re-loads circuit * comparator-offset-mc @ ss_27c_3.63v -- generated by sim/harness, do not edit

Circuit: * comparator-offset-mc @ ss_27c_3.63v -- generated by sim/harness, do not edit

Doing analysis at TEMP = 27.000000 and TNOM = 27.000000

Using SPARSE 1.3 as Direct Linear Solver

No. of Data Rows : 6
voa = 2.4473163248e-04
ddc = -3.568716938e-08
dde = 3.5143336482e-08
Reset re-loads circuit * comparator-offset-mc @ ss_27c_3.63v -- generated by sim/harness, do not edit

Circuit: * comparator-offset-mc @ ss_27c_3.63v -- generated by sim/harness, do not edit

Doing analysis at TEMP = 27.000000 and TNOM = 27.000000

Using SPARSE 1.3 as Direct Linear Solver

No. of Data Rows : 6
voa = -6.654529665e-04
ddc = 1.1465240877e-07
dde = -1.125995871e-07
Reset re-loads circuit * comparator-offset-mc @ ss_27c_3.63v -- generated by sim/harness, do not edit

Circuit: * comparator-offset-mc @ ss_27c_3.63v -- generated by sim/harness, do not edit

Doing analysis at TEMP = 27.000000 and TNOM = 27.000000

Using SPARSE 1.3 as Direct Linear Solver

No. of Data Rows : 6
voa = -1.888450189e-03
ddc = 3.9755594176e-07
dde = -3.905498874e-07
Reset re-loads circuit * comparator-offset-mc @ ss_27c_3.63v -- generated by sim/harness, do not edit

Circuit: * comparator-offset-mc @ ss_27c_3.63v -- generated by sim/harness, do not edit

Doing analysis at TEMP = 27.000000 and TNOM = 27.000000

Using SPARSE 1.3 as Direct Linear Solver

No. of Data Rows : 6
voa = -2.138528123e-04
ddc = 3.9473280673e-08
dde = -3.878871305e-08
Reset re-loads circuit * comparator-offset-mc @ ss_27c_3.63v -- generated by sim/harness, do not edit

Circuit: * comparator-offset-mc @ ss_27c_3.63v -- generated by sim/harness, do not edit

Doing analysis at TEMP = 27.000000 and TNOM = 27.000000

Using SPARSE 1.3 as Direct Linear Solver

No. of Data Rows : 6
voa = 2.9587603249e-05
ddc = 6.0572983265e-08
dde = -5.938983743e-08
Reset re-loads circuit * comparator-offset-mc @ ss_27c_3.63v -- generated by sim/harness, do not edit

Circuit: * comparator-offset-mc @ ss_27c_3.63v -- generated by sim/harness, do not edit

Doing analysis at TEMP = 27.000000 and TNOM = 27.000000

Using SPARSE 1.3 as Direct Linear Solver
 Reference value :  0.00000e+00
No. of Data Rows : 6
voa = -8.668214183e-04
ddc = 1.8638853554e-07
dde = -1.831116205e-07
Reset re-loads circuit * comparator-offset-mc @ ss_27c_3.63v -- generated by sim/harness, do not edit

Circuit: * comparator-offset-mc @ ss_27c_3.63v -- generated by sim/harness, do not edit

Doing analysis at TEMP = 27.000000 and TNOM = 27.000000

Using SPARSE 1.3 as Direct Linear Solver

No. of Data Rows : 6
voa = -8.529583691e-04
ddc = 1.9414377258e-07
dde = -1.906008142e-07
Reset re-loads circuit * comparator-offset-mc @ ss_27c_3.63v -- generated by sim/harness, do not edit

Circuit: * comparator-offset-mc @ ss_27c_3.63v -- generated by sim/harness, do not edit

Doing analysis at TEMP = 27.000000 and TNOM = 27.000000

Using SPARSE 1.3 as Direct Linear Solver

No. of Data Rows : 6
voa = 1.3106974804e-03
ddc = -2.640338972e-07
dde = 2.5921451215e-07
Reset re-loads circuit * comparator-offset-mc @ ss_27c_3.63v -- generated by sim/harness, do not edit

Circuit: * comparator-offset-mc @ ss_27c_3.63v -- generated by sim/harness, do not edit

Doing analysis at TEMP = 27.000000 and TNOM = 27.000000

Using SPARSE 1.3 as Direct Linear Solver

No. of Data Rows : 6
voa = -8.110755587e-04
ddc = 1.6930184048e-07
dde = -1.662814744e-07
Reset re-loads circuit * comparator-offset-mc @ ss_27c_3.63v -- generated by sim/harness, do not edit

Circuit: * comparator-offset-mc @ ss_27c_3.63v -- generated by sim/harness, do not edit

Doing analysis at TEMP = 27.000000 and TNOM = 27.000000

Using SPARSE 1.3 as Direct Linear Solver

No. of Data Rows : 6
voa = 4.9348960273e-04
ddc = -4.719007548e-08
dde = 4.6469732366e-08
Reset re-loads circuit * comparator-offset-mc @ ss_27c_3.63v -- generated by sim/harness, do not edit

Circuit: * comparator-offset-mc @ ss_27c_3.63v -- generated by sim/harness, do not edit

Doing analysis at TEMP = 27.000000 and TNOM = 27.000000

Using SPARSE 1.3 as Direct Linear Solver

No. of Data Rows : 6
voa = -4.556932240e-04
ddc = 9.5407496416e-08
dde = -9.382179439e-08
Reset re-loads circuit * comparator-offset-mc @ ss_27c_3.63v -- generated by sim/harness, do not edit

Circuit: * comparator-offset-mc @ ss_27c_3.63v -- generated by sim/harness, do not edit

Doing analysis at TEMP = 27.000000 and TNOM = 27.000000

Using SPARSE 1.3 as Direct Linear Solver

No. of Data Rows : 6
voa = -2.045775745e-03
ddc = 4.3608806702e-07
dde = -4.283447735e-07
Reset re-loads circuit * comparator-offset-mc @ ss_27c_3.63v -- generated by sim/harness, do not edit

Circuit: * comparator-offset-mc @ ss_27c_3.63v -- generated by sim/harness, do not edit

Doing analysis at TEMP = 27.000000 and TNOM = 27.000000

Using SPARSE 1.3 as Direct Linear Solver

No. of Data Rows : 6
voa = -8.704062568e-04
ddc = 1.9981526955e-07
dde = -1.960246424e-07
Reset re-loads circuit * comparator-offset-mc @ ss_27c_3.63v -- generated by sim/harness, do not edit

Circuit: * comparator-offset-mc @ ss_27c_3.63v -- generated by sim/harness, do not edit

Doing analysis at TEMP = 27.000000 and TNOM = 27.000000

Using SPARSE 1.3 as Direct Linear Solver

No. of Data Rows : 6
voa = 8.4981898487e-04
ddc = -1.594781277e-07
dde = 1.5668198742e-07
Reset re-loads circuit * comparator-offset-mc @ ss_27c_3.63v -- generated by sim/harness, do not edit

Circuit: * comparator-offset-mc @ ss_27c_3.63v -- generated by sim/harness, do not edit

Doing analysis at TEMP = 27.000000 and TNOM = 27.000000

Using SPARSE 1.3 as Direct Linear Solver

No. of Data Rows : 6
voa = -7.245391980e-04
ddc = 9.0375327488e-08
dde = -8.874389428e-08
Reset re-loads circuit * comparator-offset-mc @ ss_27c_3.63v -- generated by sim/harness, do not edit

Circuit: * comparator-offset-mc @ ss_27c_3.63v -- generated by sim/harness, do not edit

Doing analysis at TEMP = 27.000000 and TNOM = 27.000000

Using SPARSE 1.3 as Direct Linear Solver

No. of Data Rows : 6
voa = -4.839602768e-04
ddc = 1.5497116260e-07
dde = -1.523299677e-07
Reset re-loads circuit * comparator-offset-mc @ ss_27c_3.63v -- generated by sim/harness, do not edit

Circuit: * comparator-offset-mc @ ss_27c_3.63v -- generated by sim/harness, do not edit

Doing analysis at TEMP = 27.000000 and TNOM = 27.000000

Using SPARSE 1.3 as Direct Linear Solver
 Reference value :  0.00000e+00
No. of Data Rows : 6
voa = -1.925350576e-04
ddc = 5.0890609669e-08
dde = -5.006402968e-08
Reset re-loads circuit * comparator-offset-mc @ ss_27c_3.63v -- generated by sim/harness, do not edit

Circuit: * comparator-offset-mc @ ss_27c_3.63v -- generated by sim/harness, do not edit

Doing analysis at TEMP = 27.000000 and TNOM = 27.000000

Using SPARSE 1.3 as Direct Linear Solver

No. of Data Rows : 6
voa = 5.0819021385e-04
ddc = -1.060093666e-07
dde = 1.0415097339e-07
Reset re-loads circuit * comparator-offset-mc @ ss_27c_3.63v -- generated by sim/harness, do not edit

Circuit: * comparator-offset-mc @ ss_27c_3.63v -- generated by sim/harness, do not edit

Doing analysis at TEMP = 27.000000 and TNOM = 27.000000

Using SPARSE 1.3 as Direct Linear Solver

No. of Data Rows : 6
voa = 5.5264814909e-04
ddc = -1.237695353e-07
dde = 1.2150746595e-07
Reset re-loads circuit * comparator-offset-mc @ ss_27c_3.63v -- generated by sim/harness, do not edit

Circuit: * comparator-offset-mc @ ss_27c_3.63v -- generated by sim/harness, do not edit

Doing analysis at TEMP = 27.000000 and TNOM = 27.000000

Using SPARSE 1.3 as Direct Linear Solver

No. of Data Rows : 6
voa = 7.3681652380e-04
ddc = -1.480607831e-07
dde = 1.4537908964e-07
Reset re-loads circuit * comparator-offset-mc @ ss_27c_3.63v -- generated by sim/harness, do not edit

Circuit: * comparator-offset-mc @ ss_27c_3.63v -- generated by sim/harness, do not edit

Doing analysis at TEMP = 27.000000 and TNOM = 27.000000

Using SPARSE 1.3 as Direct Linear Solver

No. of Data Rows : 6
voa = -1.381761848e-03
ddc = 2.8271313448e-07
dde = -2.774215153e-07
Reset re-loads circuit * comparator-offset-mc @ ss_27c_3.63v -- generated by sim/harness, do not edit

Circuit: * comparator-offset-mc @ ss_27c_3.63v -- generated by sim/harness, do not edit

Doing analysis at TEMP = 27.000000 and TNOM = 27.000000

Using SPARSE 1.3 as Direct Linear Solver

No. of Data Rows : 6
voa = -1.256171511e-03
ddc = 2.6392432165e-07
dde = -2.593697815e-07
Reset re-loads circuit * comparator-offset-mc @ ss_27c_3.63v -- generated by sim/harness, do not edit

Circuit: * comparator-offset-mc @ ss_27c_3.63v -- generated by sim/harness, do not edit

Doing analysis at TEMP = 27.000000 and TNOM = 27.000000

Using SPARSE 1.3 as Direct Linear Solver

No. of Data Rows : 6
voa = 1.0681270573e-04
ddc = -2.286902609e-09
dde = 2.2382978396e-09
Reset re-loads circuit * comparator-offset-mc @ ss_27c_3.63v -- generated by sim/harness, do not edit

Circuit: * comparator-offset-mc @ ss_27c_3.63v -- generated by sim/harness, do not edit

Doing analysis at TEMP = 27.000000 and TNOM = 27.000000

Using SPARSE 1.3 as Direct Linear Solver

No. of Data Rows : 6
voa = 7.5388316098e-04
ddc = -1.904976282e-07
dde = 1.8712744971e-07
Reset re-loads circuit * comparator-offset-mc @ ss_27c_3.63v -- generated by sim/harness, do not edit

Circuit: * comparator-offset-mc @ ss_27c_3.63v -- generated by sim/harness, do not edit

Doing analysis at TEMP = 27.000000 and TNOM = 27.000000

Using SPARSE 1.3 as Direct Linear Solver

No. of Data Rows : 6
voa = -5.116758556e-04
ddc = 1.1033750018e-07
dde = -1.082517831e-07
Reset re-loads circuit * comparator-offset-mc @ ss_27c_3.63v -- generated by sim/harness, do not edit

Circuit: * comparator-offset-mc @ ss_27c_3.63v -- generated by sim/harness, do not edit

Doing analysis at TEMP = 27.000000 and TNOM = 27.000000

Using SPARSE 1.3 as Direct Linear Solver

No. of Data Rows : 6
voa = 7.4429520429e-04
ddc = -1.192101595e-07
dde = 1.1704694634e-07
Reset re-loads circuit * comparator-offset-mc @ ss_27c_3.63v -- generated by sim/harness, do not edit

Circuit: * comparator-offset-mc @ ss_27c_3.63v -- generated by sim/harness, do not edit

Doing analysis at TEMP = 27.000000 and TNOM = 27.000000

Using SPARSE 1.3 as Direct Linear Solver

No. of Data Rows : 6
voa = 1.3544129678e-03
ddc = -2.680437458e-07
dde = 2.6332177609e-07
Reset re-loads circuit * comparator-offset-mc @ ss_27c_3.63v -- generated by sim/harness, do not edit

Circuit: * comparator-offset-mc @ ss_27c_3.63v -- generated by sim/harness, do not edit

Doing analysis at TEMP = 27.000000 and TNOM = 27.000000

Using SPARSE 1.3 as Direct Linear Solver
 Reference value :  0.00000e+00
No. of Data Rows : 6
voa = -1.632535325e-04
ddc = 2.7609951007e-09
dde = -2.733283018e-09
Reset re-loads circuit * comparator-offset-mc @ ss_27c_3.63v -- generated by sim/harness, do not edit

Circuit: * comparator-offset-mc @ ss_27c_3.63v -- generated by sim/harness, do not edit

Doing analysis at TEMP = 27.000000 and TNOM = 27.000000

Using SPARSE 1.3 as Direct Linear Solver

No. of Data Rows : 6
voa = -1.094247971e-03
ddc = 2.1593244529e-07
dde = -2.121196231e-07
Reset re-loads circuit * comparator-offset-mc @ ss_27c_3.63v -- generated by sim/harness, do not edit

Circuit: * comparator-offset-mc @ ss_27c_3.63v -- generated by sim/harness, do not edit

Doing analysis at TEMP = 27.000000 and TNOM = 27.000000

Using SPARSE 1.3 as Direct Linear Solver

No. of Data Rows : 6
voa = -3.773555129e-04
ddc = 7.7487234435e-08
dde = -7.615534566e-08
Reset re-loads circuit * comparator-offset-mc @ ss_27c_3.63v -- generated by sim/harness, do not edit

Circuit: * comparator-offset-mc @ ss_27c_3.63v -- generated by sim/harness, do not edit

Doing analysis at TEMP = 27.000000 and TNOM = 27.000000

Using SPARSE 1.3 as Direct Linear Solver

No. of Data Rows : 6
voa = 2.5531926530e-03
ddc = -5.503539647e-07
dde = 5.4039992658e-07
Reset re-loads circuit * comparator-offset-mc @ ss_27c_3.63v -- generated by sim/harness, do not edit

Circuit: * comparator-offset-mc @ ss_27c_3.63v -- generated by sim/harness, do not edit

Doing analysis at TEMP = 27.000000 and TNOM = 27.000000

Using SPARSE 1.3 as Direct Linear Solver

No. of Data Rows : 6
voa = 1.5560147405e-04
ddc = 3.1137781600e-09
dde = -2.936929887e-09
Reset re-loads circuit * comparator-offset-mc @ ss_27c_3.63v -- generated by sim/harness, do not edit

Circuit: * comparator-offset-mc @ ss_27c_3.63v -- generated by sim/harness, do not edit

Doing analysis at TEMP = 27.000000 and TNOM = 27.000000

Using SPARSE 1.3 as Direct Linear Solver

No. of Data Rows : 6
voa = 6.5461906239e-04
ddc = -1.577711692e-07
dde = 1.5494705358e-07
Reset re-loads circuit * comparator-offset-mc @ ss_27c_3.63v -- generated by sim/harness, do not edit

Circuit: * comparator-offset-mc @ ss_27c_3.63v -- generated by sim/harness, do not edit

Doing analysis at TEMP = 27.000000 and TNOM = 27.000000

Using SPARSE 1.3 as Direct Linear Solver

No. of Data Rows : 6
voa = -1.237898160e-03
ddc = 2.5883137814e-07
dde = -2.542282605e-07
Reset re-loads circuit * comparator-offset-mc @ ss_27c_3.63v -- generated by sim/harness, do not edit

Circuit: * comparator-offset-mc @ ss_27c_3.63v -- generated by sim/harness, do not edit

Doing analysis at TEMP = 27.000000 and TNOM = 27.000000

Using SPARSE 1.3 as Direct Linear Solver

No. of Data Rows : 6
voa = -3.296878656e-04
ddc = 9.8587313429e-08
dde = -9.682445922e-08
Reset re-loads circuit * comparator-offset-mc @ ss_27c_3.63v -- generated by sim/harness, do not edit

Circuit: * comparator-offset-mc @ ss_27c_3.63v -- generated by sim/harness, do not edit

Doing analysis at TEMP = 27.000000 and TNOM = 27.000000

Using SPARSE 1.3 as Direct Linear Solver

No. of Data Rows : 6
voa = -7.845101197e-04
ddc = 1.6454544220e-07
dde = -1.615545038e-07
Reset re-loads circuit * comparator-offset-mc @ ss_27c_3.63v -- generated by sim/harness, do not edit

Circuit: * comparator-offset-mc @ ss_27c_3.63v -- generated by sim/harness, do not edit

Doing analysis at TEMP = 27.000000 and TNOM = 27.000000

Using SPARSE 1.3 as Direct Linear Solver

No. of Data Rows : 6
voa = -1.294826385e-03
ddc = 2.5972115877e-07
dde = -2.552010560e-07
Reset re-loads circuit * comparator-offset-mc @ ss_27c_3.63v -- generated by sim/harness, do not edit

Circuit: * comparator-offset-mc @ ss_27c_3.63v -- generated by sim/harness, do not edit

Doing analysis at TEMP = 27.000000 and TNOM = 27.000000

Using SPARSE 1.3 as Direct Linear Solver

No. of Data Rows : 6
voa = 1.4186073680e-03
ddc = -2.981271379e-07
dde = 2.9275901330e-07
Reset re-loads circuit * comparator-offset-mc @ ss_27c_3.63v -- generated by sim/harness, do not edit

Circuit: * comparator-offset-mc @ ss_27c_3.63v -- generated by sim/harness, do not edit

Doing analysis at TEMP = 27.000000 and TNOM = 27.000000

Using SPARSE 1.3 as Direct Linear Solver
 Reference value :  0.00000e+00
No. of Data Rows : 6
voa = 8.6626530974e-04
ddc = -1.654863726e-07
dde = 1.6259728475e-07
Reset re-loads circuit * comparator-offset-mc @ ss_27c_3.63v -- generated by sim/harness, do not edit

Circuit: * comparator-offset-mc @ ss_27c_3.63v -- generated by sim/harness, do not edit

Doing analysis at TEMP = 27.000000 and TNOM = 27.000000

Using SPARSE 1.3 as Direct Linear Solver

No. of Data Rows : 6
voa = 5.4561300206e-05
ddc = -3.632798467e-08
dde = 3.5606274917e-08
Reset re-loads circuit * comparator-offset-mc @ ss_27c_3.63v -- generated by sim/harness, do not edit

Circuit: * comparator-offset-mc @ ss_27c_3.63v -- generated by sim/harness, do not edit

Doing analysis at TEMP = 27.000000 and TNOM = 27.000000

Using SPARSE 1.3 as Direct Linear Solver

No. of Data Rows : 6
voa = 7.8911168942e-04
ddc = -1.680577438e-07
dde = 1.6500338916e-07
Reset re-loads circuit * comparator-offset-mc @ ss_27c_3.63v -- generated by sim/harness, do not edit

Circuit: * comparator-offset-mc @ ss_27c_3.63v -- generated by sim/harness, do not edit

Doing analysis at TEMP = 27.000000 and TNOM = 27.000000

Using SPARSE 1.3 as Direct Linear Solver

No. of Data Rows : 6
voa = -2.947288202e-07
ddc = -5.211134709e-09
dde = 5.1123963966e-09
Reset re-loads circuit * comparator-offset-mc @ ss_27c_3.63v -- generated by sim/harness, do not edit

Circuit: * comparator-offset-mc @ ss_27c_3.63v -- generated by sim/harness, do not edit

Doing analysis at TEMP = 27.000000 and TNOM = 27.000000

Using SPARSE 1.3 as Direct Linear Solver

No. of Data Rows : 6
voa = 8.9804471610e-04
ddc = -1.622055093e-07
dde = 1.5922842070e-07
Reset re-loads circuit * comparator-offset-mc @ ss_27c_3.63v -- generated by sim/harness, do not edit

Circuit: * comparator-offset-mc @ ss_27c_3.63v -- generated by sim/harness, do not edit

Doing analysis at TEMP = 27.000000 and TNOM = 27.000000

Using SPARSE 1.3 as Direct Linear Solver

No. of Data Rows : 6
voa = 3.8185305936e-04
ddc = -6.768688785e-08
dde = 6.6478752319e-08
Reset re-loads circuit * comparator-offset-mc @ ss_27c_3.63v -- generated by sim/harness, do not edit

Circuit: * comparator-offset-mc @ ss_27c_3.63v -- generated by sim/harness, do not edit

Doing analysis at TEMP = 27.000000 and TNOM = 27.000000

Using SPARSE 1.3 as Direct Linear Solver

No. of Data Rows : 6
voa = 1.7836018814e-03
ddc = -3.350199223e-07
dde = 3.2901760760e-07
Reset re-loads circuit * comparator-offset-mc @ ss_27c_3.63v -- generated by sim/harness, do not edit

Circuit: * comparator-offset-mc @ ss_27c_3.63v -- generated by sim/harness, do not edit

Doing analysis at TEMP = 27.000000 and TNOM = 27.000000

Using SPARSE 1.3 as Direct Linear Solver

No. of Data Rows : 6
voa = -4.050848560e-04
ddc = 1.3550151902e-07
dde = -1.330723489e-07
Reset re-loads circuit * comparator-offset-mc @ ss_27c_3.63v -- generated by sim/harness, do not edit

Circuit: * comparator-offset-mc @ ss_27c_3.63v -- generated by sim/harness, do not edit

Doing analysis at TEMP = 27.000000 and TNOM = 27.000000

Using SPARSE 1.3 as Direct Linear Solver

No. of Data Rows : 6
voa = 3.6663115832e-04
ddc = -5.232434371e-08
dde = 5.1332719558e-08
Reset re-loads circuit * comparator-offset-mc @ ss_27c_3.63v -- generated by sim/harness, do not edit

Circuit: * comparator-offset-mc @ ss_27c_3.63v -- generated by sim/harness, do not edit

Doing analysis at TEMP = 27.000000 and TNOM = 27.000000

Using SPARSE 1.3 as Direct Linear Solver

No. of Data Rows : 6
voa = -5.113514384e-04
ddc = 9.5128171108e-08
dde = -9.351767553e-08
Reset re-loads circuit * comparator-offset-mc @ ss_27c_3.63v -- generated by sim/harness, do not edit

Circuit: * comparator-offset-mc @ ss_27c_3.63v -- generated by sim/harness, do not edit

Doing analysis at TEMP = 27.000000 and TNOM = 27.000000

Using SPARSE 1.3 as Direct Linear Solver

No. of Data Rows : 6
voa = 3.3594013882e-04
ddc = -8.390270438e-08
dde = 8.2394508371e-08
Reset re-loads circuit * comparator-offset-mc @ ss_27c_3.63v -- generated by sim/harness, do not edit

Circuit: * comparator-offset-mc @ ss_27c_3.63v -- generated by sim/harness, do not edit

Doing analysis at TEMP = 27.000000 and TNOM = 27.000000

Using SPARSE 1.3 as Direct Linear Solver

No. of Data Rows : 6
voa = -7.791941473e-05
ddc = 4.1935722420e-08
dde = -4.114494440e-08
Reset re-loads circuit * comparator-offset-mc @ ss_27c_3.63v -- generated by sim/harness, do not edit

Circuit: * comparator-offset-mc @ ss_27c_3.63v -- generated by sim/harness, do not edit

Doing analysis at TEMP = 27.000000 and TNOM = 27.000000

Using SPARSE 1.3 as Direct Linear Solver

No. of Data Rows : 6
voa = -2.104426431e-04
ddc = 3.0048731144e-08
dde = -2.954875260e-08
Reset re-loads circuit * comparator-offset-mc @ ss_27c_3.63v -- generated by sim/harness, do not edit

Circuit: * comparator-offset-mc @ ss_27c_3.63v -- generated by sim/harness, do not edit

Doing analysis at TEMP = 27.000000 and TNOM = 27.000000

Using SPARSE 1.3 as Direct Linear Solver

No. of Data Rows : 6
voa = 1.2561276610e-03
ddc = -2.696944267e-07
dde = 2.6479911813e-07
m_n_samples = 2.0000000000e+02
m_sig_vos_mv = 9.3427775261e-01
m_vos_3sig_mv = 2.8028332578e+00
m_mean_vos_uv = 6.9322551359e+01
m_mean_vos_sem = 1.0493334775e+00
m_sig_dvos_dn_uv = 1.8896745622e-01
m_sig_dvos_up_uv = 1.8558323441e-01
m_mean_dvos_dn_uv = -8.975253935e-03
m_mean_dvos_up_uv = 8.8074987265e-03
m_av_mean = 2.0899930047e+01
m_av_sigma_pct = 5.1497584346e-01
m_sig_rpair_uv = 0.0000000000e+00
m_vbias_anchor_mv = 1.1238392798e+03
Note: Simulation executed from .control section 

Warning: m=xx on .subckt line will override multiplier m hierarchy!

