
Note: Compatibility modes selected: hs a


Circuit: * comparator-offset-mc @ ss_27c_2.97v -- generated by sim/harness, do not edit

Reset re-loads circuit * comparator-offset-mc @ ss_27c_2.97v -- generated by sim/harness, do not edit

Circuit: * comparator-offset-mc @ ss_27c_2.97v -- generated by sim/harness, do not edit

Doing analysis at TEMP = 27.000000 and TNOM = 27.000000

Using SPARSE 1.3 as Direct Linear Solver

No. of Data Rows : 6
voa = -4.090741295e-04
ddc = 1.0613549664e-07
dde = -1.038559744e-07
Reset re-loads circuit * comparator-offset-mc @ ss_27c_2.97v -- generated by sim/harness, do not edit

Circuit: * comparator-offset-mc @ ss_27c_2.97v -- generated by sim/harness, do not edit

Doing analysis at TEMP = 27.000000 and TNOM = 27.000000

Using SPARSE 1.3 as Direct Linear Solver

No. of Data Rows : 6
voa = 1.8069168570e-03
ddc = -3.173618079e-07
dde = 3.1267988197e-07
Reset re-loads circuit * comparator-offset-mc @ ss_27c_2.97v -- generated by sim/harness, do not edit

Circuit: * comparator-offset-mc @ ss_27c_2.97v -- generated by sim/harness, do not edit

Doing analysis at TEMP = 27.000000 and TNOM = 27.000000

Using SPARSE 1.3 as Direct Linear Solver

No. of Data Rows : 6
voa = 1.4524872458e-03
ddc = -3.100968708e-07
dde = 3.0425193669e-07
Reset re-loads circuit * comparator-offset-mc @ ss_27c_2.97v -- generated by sim/harness, do not edit

Circuit: * comparator-offset-mc @ ss_27c_2.97v -- generated by sim/harness, do not edit

Doing analysis at TEMP = 27.000000 and TNOM = 27.000000

Using SPARSE 1.3 as Direct Linear Solver

No. of Data Rows : 6
voa = -1.069068114e-05
ddc = 2.0464234082e-08
dde = -1.975560931e-08
Reset re-loads circuit * comparator-offset-mc @ ss_27c_2.97v -- generated by sim/harness, do not edit

Circuit: * comparator-offset-mc @ ss_27c_2.97v -- generated by sim/harness, do not edit

Doing analysis at TEMP = 27.000000 and TNOM = 27.000000

Using SPARSE 1.3 as Direct Linear Solver
 Reference value :  0.00000e+00
No. of Data Rows : 6
voa = 1.8219765813e-03
ddc = -3.510544031e-07
dde = 3.4505487532e-07
Reset re-loads circuit * comparator-offset-mc @ ss_27c_2.97v -- generated by sim/harness, do not edit

Circuit: * comparator-offset-mc @ ss_27c_2.97v -- generated by sim/harness, do not edit

Doing analysis at TEMP = 27.000000 and TNOM = 27.000000

Using SPARSE 1.3 as Direct Linear Solver

No. of Data Rows : 6
voa = -2.807654491e-04
ddc = 8.2326138889e-08
dde = -8.041859909e-08
Reset re-loads circuit * comparator-offset-mc @ ss_27c_2.97v -- generated by sim/harness, do not edit

Circuit: * comparator-offset-mc @ ss_27c_2.97v -- generated by sim/harness, do not edit

Doing analysis at TEMP = 27.000000 and TNOM = 27.000000

Using SPARSE 1.3 as Direct Linear Solver

No. of Data Rows : 6
voa = -1.948890710e-04
ddc = 5.1251695800e-08
dde = -5.009452685e-08
Reset re-loads circuit * comparator-offset-mc @ ss_27c_2.97v -- generated by sim/harness, do not edit

Circuit: * comparator-offset-mc @ ss_27c_2.97v -- generated by sim/harness, do not edit

Doing analysis at TEMP = 27.000000 and TNOM = 27.000000

Using SPARSE 1.3 as Direct Linear Solver

No. of Data Rows : 6
voa = -2.672342327e-04
ddc = 5.4872211312e-08
dde = -5.389897811e-08
Reset re-loads circuit * comparator-offset-mc @ ss_27c_2.97v -- generated by sim/harness, do not edit

Circuit: * comparator-offset-mc @ ss_27c_2.97v -- generated by sim/harness, do not edit

Doing analysis at TEMP = 27.000000 and TNOM = 27.000000

Using SPARSE 1.3 as Direct Linear Solver

No. of Data Rows : 6
voa = 9.6041247972e-04
ddc = -2.305898756e-07
dde = 2.2563253586e-07
Reset re-loads circuit * comparator-offset-mc @ ss_27c_2.97v -- generated by sim/harness, do not edit

Circuit: * comparator-offset-mc @ ss_27c_2.97v -- generated by sim/harness, do not edit

Doing analysis at TEMP = 27.000000 and TNOM = 27.000000

Using SPARSE 1.3 as Direct Linear Solver

No. of Data Rows : 6
voa = 1.0070028395e-03
ddc = -2.292751985e-07
dde = 2.2465298408e-07
Reset re-loads circuit * comparator-offset-mc @ ss_27c_2.97v -- generated by sim/harness, do not edit

Circuit: * comparator-offset-mc @ ss_27c_2.97v -- generated by sim/harness, do not edit

Doing analysis at TEMP = 27.000000 and TNOM = 27.000000

Using SPARSE 1.3 as Direct Linear Solver

No. of Data Rows : 6
voa = -9.382588510e-04
ddc = 1.9182005304e-07
dde = -1.886791753e-07
Reset re-loads circuit * comparator-offset-mc @ ss_27c_2.97v -- generated by sim/harness, do not edit

Circuit: * comparator-offset-mc @ ss_27c_2.97v -- generated by sim/harness, do not edit

Doing analysis at TEMP = 27.000000 and TNOM = 27.000000

Using SPARSE 1.3 as Direct Linear Solver

No. of Data Rows : 6
voa = 4.4857783792e-04
ddc = -9.219286679e-08
dde = 9.0598732271e-08
Reset re-loads circuit * comparator-offset-mc @ ss_27c_2.97v -- generated by sim/harness, do not edit

Circuit: * comparator-offset-mc @ ss_27c_2.97v -- generated by sim/harness, do not edit

Doing analysis at TEMP = 27.000000 and TNOM = 27.000000

Using SPARSE 1.3 as Direct Linear Solver

No. of Data Rows : 6
voa = -7.700283812e-04
ddc = 1.4698421048e-07
dde = -1.446320805e-07
Reset re-loads circuit * comparator-offset-mc @ ss_27c_2.97v -- generated by sim/harness, do not edit

Circuit: * comparator-offset-mc @ ss_27c_2.97v -- generated by sim/harness, do not edit

Doing analysis at TEMP = 27.000000 and TNOM = 27.000000

Using SPARSE 1.3 as Direct Linear Solver

No. of Data Rows : 6
voa = 2.3435496065e-04
ddc = 5.7141308196e-09
dde = -4.559994478e-09
Reset re-loads circuit * comparator-offset-mc @ ss_27c_2.97v -- generated by sim/harness, do not edit

Circuit: * comparator-offset-mc @ ss_27c_2.97v -- generated by sim/harness, do not edit

Doing analysis at TEMP = 27.000000 and TNOM = 27.000000

Using SPARSE 1.3 as Direct Linear Solver

No. of Data Rows : 6
voa = 1.3359742770e-03
ddc = -2.665723904e-07
dde = 2.6190539578e-07
Reset re-loads circuit * comparator-offset-mc @ ss_27c_2.97v -- generated by sim/harness, do not edit

Circuit: * comparator-offset-mc @ ss_27c_2.97v -- generated by sim/harness, do not edit

Doing analysis at TEMP = 27.000000 and TNOM = 27.000000

Using SPARSE 1.3 as Direct Linear Solver

No. of Data Rows : 6
voa = -1.312441215e-03
ddc = 2.8972663901e-07
dde = -2.842675699e-07
Reset re-loads circuit * comparator-offset-mc @ ss_27c_2.97v -- generated by sim/harness, do not edit

Circuit: * comparator-offset-mc @ ss_27c_2.97v -- generated by sim/harness, do not edit

Doing analysis at TEMP = 27.000000 and TNOM = 27.000000

Using SPARSE 1.3 as Direct Linear Solver

No. of Data Rows : 6
voa = 5.6747950309e-04
ddc = -1.128295826e-07
dde = 1.1086728219e-07
Reset re-loads circuit * comparator-offset-mc @ ss_27c_2.97v -- generated by sim/harness, do not edit

Circuit: * comparator-offset-mc @ ss_27c_2.97v -- generated by sim/harness, do not edit

Doing analysis at TEMP = 27.000000 and TNOM = 27.000000

Using SPARSE 1.3 as Direct Linear Solver

No. of Data Rows : 6
voa = -8.319325600e-05
ddc = 9.6448940387e-09
dde = -9.575918520e-09
Reset re-loads circuit * comparator-offset-mc @ ss_27c_2.97v -- generated by sim/harness, do not edit

Circuit: * comparator-offset-mc @ ss_27c_2.97v -- generated by sim/harness, do not edit

Doing analysis at TEMP = 27.000000 and TNOM = 27.000000

Using SPARSE 1.3 as Direct Linear Solver

No. of Data Rows : 6
voa = -5.238207722e-04
ddc = 1.2589233592e-07
dde = -1.232800578e-07
Reset re-loads circuit * comparator-offset-mc @ ss_27c_2.97v -- generated by sim/harness, do not edit

Circuit: * comparator-offset-mc @ ss_27c_2.97v -- generated by sim/harness, do not edit

Doing analysis at TEMP = 27.000000 and TNOM = 27.000000

Using SPARSE 1.3 as Direct Linear Solver

No. of Data Rows : 6
voa = 1.2554245853e-03
ddc = -2.178087140e-07
dde = 2.1466771736e-07
Reset re-loads circuit * comparator-offset-mc @ ss_27c_2.97v -- generated by sim/harness, do not edit

Circuit: * comparator-offset-mc @ ss_27c_2.97v -- generated by sim/harness, do not edit

Doing analysis at TEMP = 27.000000 and TNOM = 27.000000

Using SPARSE 1.3 as Direct Linear Solver

No. of Data Rows : 6
voa = -3.581200668e-04
ddc = 6.6983976389e-08
dde = -6.588592350e-08
Reset re-loads circuit * comparator-offset-mc @ ss_27c_2.97v -- generated by sim/harness, do not edit

Circuit: * comparator-offset-mc @ ss_27c_2.97v -- generated by sim/harness, do not edit

Doing analysis at TEMP = 27.000000 and TNOM = 27.000000

Using SPARSE 1.3 as Direct Linear Solver

No. of Data Rows : 6
voa = -7.292713739e-04
ddc = 1.4807040832e-07
dde = -1.455367448e-07
Reset re-loads circuit * comparator-offset-mc @ ss_27c_2.97v -- generated by sim/harness, do not edit

Circuit: * comparator-offset-mc @ ss_27c_2.97v -- generated by sim/harness, do not edit

Doing analysis at TEMP = 27.000000 and TNOM = 27.000000

Using SPARSE 1.3 as Direct Linear Solver

No. of Data Rows : 6
voa = 5.9639360502e-04
ddc = -8.673915492e-08
dde = 8.5789545491e-08
Reset re-loads circuit * comparator-offset-mc @ ss_27c_2.97v -- generated by sim/harness, do not edit

Circuit: * comparator-offset-mc @ ss_27c_2.97v -- generated by sim/harness, do not edit

Doing analysis at TEMP = 27.000000 and TNOM = 27.000000

Using SPARSE 1.3 as Direct Linear Solver

No. of Data Rows : 6
voa = 1.1156230580e-05
ddc = -2.667110916e-08
dde = 2.5728435091e-08
Reset re-loads circuit * comparator-offset-mc @ ss_27c_2.97v -- generated by sim/harness, do not edit

Circuit: * comparator-offset-mc @ ss_27c_2.97v -- generated by sim/harness, do not edit

Doing analysis at TEMP = 27.000000 and TNOM = 27.000000

Using SPARSE 1.3 as Direct Linear Solver
 Reference value :  0.00000e+00
No. of Data Rows : 6
voa = -1.432024773e-03
ddc = 2.8942434665e-07
dde = -2.845781346e-07
Reset re-loads circuit * comparator-offset-mc @ ss_27c_2.97v -- generated by sim/harness, do not edit

Circuit: * comparator-offset-mc @ ss_27c_2.97v -- generated by sim/harness, do not edit

Doing analysis at TEMP = 27.000000 and TNOM = 27.000000

Using SPARSE 1.3 as Direct Linear Solver

No. of Data Rows : 6
voa = -1.098565884e-03
ddc = 2.5481175209e-07
dde = -2.497490662e-07
Reset re-loads circuit * comparator-offset-mc @ ss_27c_2.97v -- generated by sim/harness, do not edit

Circuit: * comparator-offset-mc @ ss_27c_2.97v -- generated by sim/harness, do not edit

Doing analysis at TEMP = 27.000000 and TNOM = 27.000000

Using SPARSE 1.3 as Direct Linear Solver

No. of Data Rows : 6
voa = -5.714125491e-04
ddc = 1.4567479498e-07
dde = -1.426811123e-07
Reset re-loads circuit * comparator-offset-mc @ ss_27c_2.97v -- generated by sim/harness, do not edit

Circuit: * comparator-offset-mc @ ss_27c_2.97v -- generated by sim/harness, do not edit

Doing analysis at TEMP = 27.000000 and TNOM = 27.000000

Using SPARSE 1.3 as Direct Linear Solver

No. of Data Rows : 6
voa = 9.5619326144e-05
ddc = 1.1989790287e-09
dde = -8.936556181e-10
Reset re-loads circuit * comparator-offset-mc @ ss_27c_2.97v -- generated by sim/harness, do not edit

Circuit: * comparator-offset-mc @ ss_27c_2.97v -- generated by sim/harness, do not edit

Doing analysis at TEMP = 27.000000 and TNOM = 27.000000

Using SPARSE 1.3 as Direct Linear Solver

No. of Data Rows : 6
voa = -1.939382343e-04
ddc = 8.9212311866e-09
dde = -9.406436104e-09
Reset re-loads circuit * comparator-offset-mc @ ss_27c_2.97v -- generated by sim/harness, do not edit

Circuit: * comparator-offset-mc @ ss_27c_2.97v -- generated by sim/harness, do not edit

Doing analysis at TEMP = 27.000000 and TNOM = 27.000000

Using SPARSE 1.3 as Direct Linear Solver

No. of Data Rows : 6
voa = 2.2534827819e-04
ddc = -2.336943800e-08
dde = 2.3361394709e-08
Reset re-loads circuit * comparator-offset-mc @ ss_27c_2.97v -- generated by sim/harness, do not edit

Circuit: * comparator-offset-mc @ ss_27c_2.97v -- generated by sim/harness, do not edit

Doing analysis at TEMP = 27.000000 and TNOM = 27.000000

Using SPARSE 1.3 as Direct Linear Solver

No. of Data Rows : 6
voa = 1.8699244398e-03
ddc = -4.172771097e-07
dde = 4.0910564993e-07
Reset re-loads circuit * comparator-offset-mc @ ss_27c_2.97v -- generated by sim/harness, do not edit

Circuit: * comparator-offset-mc @ ss_27c_2.97v -- generated by sim/harness, do not edit

Doing analysis at TEMP = 27.000000 and TNOM = 27.000000

Using SPARSE 1.3 as Direct Linear Solver

No. of Data Rows : 6
voa = -9.885853857e-04
ddc = 1.8211253639e-07
dde = -1.793531898e-07
Reset re-loads circuit * comparator-offset-mc @ ss_27c_2.97v -- generated by sim/harness, do not edit

Circuit: * comparator-offset-mc @ ss_27c_2.97v -- generated by sim/harness, do not edit

Doing analysis at TEMP = 27.000000 and TNOM = 27.000000

Using SPARSE 1.3 as Direct Linear Solver

No. of Data Rows : 6
voa = 4.5443038538e-04
ddc = -8.811561178e-08
dde = 8.6597088154e-08
Reset re-loads circuit * comparator-offset-mc @ ss_27c_2.97v -- generated by sim/harness, do not edit

Circuit: * comparator-offset-mc @ ss_27c_2.97v -- generated by sim/harness, do not edit

Doing analysis at TEMP = 27.000000 and TNOM = 27.000000

Using SPARSE 1.3 as Direct Linear Solver

No. of Data Rows : 6
voa = -1.485852515e-04
ddc = 1.8339817936e-08
dde = -1.823048682e-08
Reset re-loads circuit * comparator-offset-mc @ ss_27c_2.97v -- generated by sim/harness, do not edit

Circuit: * comparator-offset-mc @ ss_27c_2.97v -- generated by sim/harness, do not edit

Doing analysis at TEMP = 27.000000 and TNOM = 27.000000

Using SPARSE 1.3 as Direct Linear Solver

No. of Data Rows : 6
voa = 2.3322376238e-03
ddc = -4.230076678e-07
dde = 4.1635656186e-07
Reset re-loads circuit * comparator-offset-mc @ ss_27c_2.97v -- generated by sim/harness, do not edit

Circuit: * comparator-offset-mc @ ss_27c_2.97v -- generated by sim/harness, do not edit

Doing analysis at TEMP = 27.000000 and TNOM = 27.000000

Using SPARSE 1.3 as Direct Linear Solver

No. of Data Rows : 6
voa = -3.883248384e-04
ddc = 9.5063356638e-08
dde = -9.316483829e-08
Reset re-loads circuit * comparator-offset-mc @ ss_27c_2.97v -- generated by sim/harness, do not edit

Circuit: * comparator-offset-mc @ ss_27c_2.97v -- generated by sim/harness, do not edit

Doing analysis at TEMP = 27.000000 and TNOM = 27.000000

Using SPARSE 1.3 as Direct Linear Solver

No. of Data Rows : 6
voa = 2.9336136389e-04
ddc = -3.204214441e-08
dde = 3.2017292214e-08
Reset re-loads circuit * comparator-offset-mc @ ss_27c_2.97v -- generated by sim/harness, do not edit

Circuit: * comparator-offset-mc @ ss_27c_2.97v -- generated by sim/harness, do not edit

Doing analysis at TEMP = 27.000000 and TNOM = 27.000000

Using SPARSE 1.3 as Direct Linear Solver

No. of Data Rows : 6
voa = 9.5364454337e-04
ddc = -2.037065629e-07
dde = 1.9992225375e-07
Reset re-loads circuit * comparator-offset-mc @ ss_27c_2.97v -- generated by sim/harness, do not edit

Circuit: * comparator-offset-mc @ ss_27c_2.97v -- generated by sim/harness, do not edit

Doing analysis at TEMP = 27.000000 and TNOM = 27.000000

Using SPARSE 1.3 as Direct Linear Solver

No. of Data Rows : 6
voa = 7.0165093756e-04
ddc = -1.452854154e-07
dde = 1.4263560928e-07
Reset re-loads circuit * comparator-offset-mc @ ss_27c_2.97v -- generated by sim/harness, do not edit

Circuit: * comparator-offset-mc @ ss_27c_2.97v -- generated by sim/harness, do not edit

Doing analysis at TEMP = 27.000000 and TNOM = 27.000000

Using SPARSE 1.3 as Direct Linear Solver

No. of Data Rows : 6
voa = -1.790855804e-03
ddc = 3.8654544206e-07
dde = -3.795974134e-07
Reset re-loads circuit * comparator-offset-mc @ ss_27c_2.97v -- generated by sim/harness, do not edit

Circuit: * comparator-offset-mc @ ss_27c_2.97v -- generated by sim/harness, do not edit

Doing analysis at TEMP = 27.000000 and TNOM = 27.000000

Using SPARSE 1.3 as Direct Linear Solver

No. of Data Rows : 6
voa = -4.915176923e-04
ddc = 1.0614361266e-07
dde = -1.041190551e-07
Reset re-loads circuit * comparator-offset-mc @ ss_27c_2.97v -- generated by sim/harness, do not edit

Circuit: * comparator-offset-mc @ ss_27c_2.97v -- generated by sim/harness, do not edit

Doing analysis at TEMP = 27.000000 and TNOM = 27.000000

Using SPARSE 1.3 as Direct Linear Solver

No. of Data Rows : 6
voa = 8.4658203337e-04
ddc = -1.298217181e-07
dde = 1.2822060576e-07
Reset re-loads circuit * comparator-offset-mc @ ss_27c_2.97v -- generated by sim/harness, do not edit

Circuit: * comparator-offset-mc @ ss_27c_2.97v -- generated by sim/harness, do not edit

Doing analysis at TEMP = 27.000000 and TNOM = 27.000000

Using SPARSE 1.3 as Direct Linear Solver

No. of Data Rows : 6
voa = -9.097095647e-04
ddc = 1.9533573051e-07
dde = -1.917851859e-07
Reset re-loads circuit * comparator-offset-mc @ ss_27c_2.97v -- generated by sim/harness, do not edit

Circuit: * comparator-offset-mc @ ss_27c_2.97v -- generated by sim/harness, do not edit

Doing analysis at TEMP = 27.000000 and TNOM = 27.000000

Using SPARSE 1.3 as Direct Linear Solver
 Reference value :  0.00000e+00
No. of Data Rows : 6
voa = -1.184777616e-03
ddc = 2.5360211764e-07
dde = -2.491387040e-07
Reset re-loads circuit * comparator-offset-mc @ ss_27c_2.97v -- generated by sim/harness, do not edit

Circuit: * comparator-offset-mc @ ss_27c_2.97v -- generated by sim/harness, do not edit

Doing analysis at TEMP = 27.000000 and TNOM = 27.000000

Using SPARSE 1.3 as Direct Linear Solver

No. of Data Rows : 6
voa = -1.388445088e-03
ddc = 2.8541270094e-07
dde = -2.805299946e-07
Reset re-loads circuit * comparator-offset-mc @ ss_27c_2.97v -- generated by sim/harness, do not edit

Circuit: * comparator-offset-mc @ ss_27c_2.97v -- generated by sim/harness, do not edit

Doing analysis at TEMP = 27.000000 and TNOM = 27.000000

Using SPARSE 1.3 as Direct Linear Solver

No. of Data Rows : 6
voa = 2.6962677262e-03
ddc = -4.904240446e-07
dde = 4.8274137411e-07
Reset re-loads circuit * comparator-offset-mc @ ss_27c_2.97v -- generated by sim/harness, do not edit

Circuit: * comparator-offset-mc @ ss_27c_2.97v -- generated by sim/harness, do not edit

Doing analysis at TEMP = 27.000000 and TNOM = 27.000000

Using SPARSE 1.3 as Direct Linear Solver

No. of Data Rows : 6
voa = -2.268743554e-04
ddc = 4.9198819855e-09
dde = -5.666192513e-09
Reset re-loads circuit * comparator-offset-mc @ ss_27c_2.97v -- generated by sim/harness, do not edit

Circuit: * comparator-offset-mc @ ss_27c_2.97v -- generated by sim/harness, do not edit

Doing analysis at TEMP = 27.000000 and TNOM = 27.000000

Using SPARSE 1.3 as Direct Linear Solver

No. of Data Rows : 6
voa = 1.1060920159e-03
ddc = -2.255190697e-07
dde = 2.2147657673e-07
Reset re-loads circuit * comparator-offset-mc @ ss_27c_2.97v -- generated by sim/harness, do not edit

Circuit: * comparator-offset-mc @ ss_27c_2.97v -- generated by sim/harness, do not edit

Doing analysis at TEMP = 27.000000 and TNOM = 27.000000

Using SPARSE 1.3 as Direct Linear Solver

No. of Data Rows : 6
voa = -4.462720770e-04
ddc = 1.1367115129e-07
dde = -1.113670320e-07
Reset re-loads circuit * comparator-offset-mc @ ss_27c_2.97v -- generated by sim/harness, do not edit

Circuit: * comparator-offset-mc @ ss_27c_2.97v -- generated by sim/harness, do not edit

Doing analysis at TEMP = 27.000000 and TNOM = 27.000000

Using SPARSE 1.3 as Direct Linear Solver

No. of Data Rows : 6
voa = 6.8107836205e-05
ddc = 1.6503281384e-08
dde = -1.570405314e-08
Reset re-loads circuit * comparator-offset-mc @ ss_27c_2.97v -- generated by sim/harness, do not edit

Circuit: * comparator-offset-mc @ ss_27c_2.97v -- generated by sim/harness, do not edit

Doing analysis at TEMP = 27.000000 and TNOM = 27.000000

Using SPARSE 1.3 as Direct Linear Solver

No. of Data Rows : 6
voa = -5.116197497e-04
ddc = 1.4977464908e-07
dde = -1.463267509e-07
Reset re-loads circuit * comparator-offset-mc @ ss_27c_2.97v -- generated by sim/harness, do not edit

Circuit: * comparator-offset-mc @ ss_27c_2.97v -- generated by sim/harness, do not edit

Doing analysis at TEMP = 27.000000 and TNOM = 27.000000

Using SPARSE 1.3 as Direct Linear Solver

No. of Data Rows : 6
voa = -3.681163572e-04
ddc = 7.9744004683e-08
dde = -7.825666509e-08
Reset re-loads circuit * comparator-offset-mc @ ss_27c_2.97v -- generated by sim/harness, do not edit

Circuit: * comparator-offset-mc @ ss_27c_2.97v -- generated by sim/harness, do not edit

Doing analysis at TEMP = 27.000000 and TNOM = 27.000000

Using SPARSE 1.3 as Direct Linear Solver

No. of Data Rows : 6
voa = 1.0380350334e-03
ddc = -2.256674718e-07
dde = 2.2142565810e-07
Reset re-loads circuit * comparator-offset-mc @ ss_27c_2.97v -- generated by sim/harness, do not edit

Circuit: * comparator-offset-mc @ ss_27c_2.97v -- generated by sim/harness, do not edit

Doing analysis at TEMP = 27.000000 and TNOM = 27.000000

Using SPARSE 1.3 as Direct Linear Solver

No. of Data Rows : 6
voa = 6.0319620856e-04
ddc = -1.288135681e-07
dde = 1.2641148066e-07
Reset re-loads circuit * comparator-offset-mc @ ss_27c_2.97v -- generated by sim/harness, do not edit

Circuit: * comparator-offset-mc @ ss_27c_2.97v -- generated by sim/harness, do not edit

Doing analysis at TEMP = 27.000000 and TNOM = 27.000000

Using SPARSE 1.3 as Direct Linear Solver

No. of Data Rows : 6
voa = -2.171409919e-04
ddc = 8.3716366432e-09
dde = -8.785262802e-09
Reset re-loads circuit * comparator-offset-mc @ ss_27c_2.97v -- generated by sim/harness, do not edit

Circuit: * comparator-offset-mc @ ss_27c_2.97v -- generated by sim/harness, do not edit

Doing analysis at TEMP = 27.000000 and TNOM = 27.000000

Using SPARSE 1.3 as Direct Linear Solver

No. of Data Rows : 6
voa = -6.539679509e-04
ddc = 1.3268911456e-07
dde = -1.304817680e-07
Reset re-loads circuit * comparator-offset-mc @ ss_27c_2.97v -- generated by sim/harness, do not edit

Circuit: * comparator-offset-mc @ ss_27c_2.97v -- generated by sim/harness, do not edit

Doing analysis at TEMP = 27.000000 and TNOM = 27.000000

Using SPARSE 1.3 as Direct Linear Solver

No. of Data Rows : 6
voa = -2.896486800e-04
ddc = 8.6342412167e-08
dde = -8.430216896e-08
Reset re-loads circuit * comparator-offset-mc @ ss_27c_2.97v -- generated by sim/harness, do not edit

Circuit: * comparator-offset-mc @ ss_27c_2.97v -- generated by sim/harness, do not edit

Doing analysis at TEMP = 27.000000 and TNOM = 27.000000

Using SPARSE 1.3 as Direct Linear Solver

No. of Data Rows : 6
voa = 4.3958196202e-04
ddc = -8.670023558e-08
dde = 8.5230137937e-08
Reset re-loads circuit * comparator-offset-mc @ ss_27c_2.97v -- generated by sim/harness, do not edit

Circuit: * comparator-offset-mc @ ss_27c_2.97v -- generated by sim/harness, do not edit

Doing analysis at TEMP = 27.000000 and TNOM = 27.000000

Using SPARSE 1.3 as Direct Linear Solver

No. of Data Rows : 6
voa = -4.260437653e-04
ddc = 1.2891495264e-07
dde = -1.259097891e-07
Reset re-loads circuit * comparator-offset-mc @ ss_27c_2.97v -- generated by sim/harness, do not edit

Circuit: * comparator-offset-mc @ ss_27c_2.97v -- generated by sim/harness, do not edit

Doing analysis at TEMP = 27.000000 and TNOM = 27.000000

Using SPARSE 1.3 as Direct Linear Solver

No. of Data Rows : 6
voa = -8.835015965e-04
ddc = 1.9853705628e-07
dde = -1.947621339e-07
Reset re-loads circuit * comparator-offset-mc @ ss_27c_2.97v -- generated by sim/harness, do not edit

Circuit: * comparator-offset-mc @ ss_27c_2.97v -- generated by sim/harness, do not edit

Doing analysis at TEMP = 27.000000 and TNOM = 27.000000

Using SPARSE 1.3 as Direct Linear Solver

No. of Data Rows : 6
voa = 1.2667199389e-05
ddc = 3.2241283979e-08
dde = -3.087736540e-08
Reset re-loads circuit * comparator-offset-mc @ ss_27c_2.97v -- generated by sim/harness, do not edit

Circuit: * comparator-offset-mc @ ss_27c_2.97v -- generated by sim/harness, do not edit

Doing analysis at TEMP = 27.000000 and TNOM = 27.000000

Using SPARSE 1.3 as Direct Linear Solver
 Reference value :  0.00000e+00
No. of Data Rows : 6
voa = 1.6005700880e-03
ddc = -2.912486333e-07
dde = 2.8670307232e-07
Reset re-loads circuit * comparator-offset-mc @ ss_27c_2.97v -- generated by sim/harness, do not edit

Circuit: * comparator-offset-mc @ ss_27c_2.97v -- generated by sim/harness, do not edit

Doing analysis at TEMP = 27.000000 and TNOM = 27.000000

Using SPARSE 1.3 as Direct Linear Solver

No. of Data Rows : 6
voa = -1.812996449e-03
ddc = 4.1080171121e-07
dde = -4.032654840e-07
Reset re-loads circuit * comparator-offset-mc @ ss_27c_2.97v -- generated by sim/harness, do not edit

Circuit: * comparator-offset-mc @ ss_27c_2.97v -- generated by sim/harness, do not edit

Doing analysis at TEMP = 27.000000 and TNOM = 27.000000

Using SPARSE 1.3 as Direct Linear Solver

No. of Data Rows : 6
voa = 9.8604766523e-04
ddc = -1.923575354e-07
dde = 1.8906993425e-07
Reset re-loads circuit * comparator-offset-mc @ ss_27c_2.97v -- generated by sim/harness, do not edit

Circuit: * comparator-offset-mc @ ss_27c_2.97v -- generated by sim/harness, do not edit

Doing analysis at TEMP = 27.000000 and TNOM = 27.000000

Using SPARSE 1.3 as Direct Linear Solver

No. of Data Rows : 6
voa = -4.019786813e-04
ddc = 1.0239741205e-07
dde = -1.001762293e-07
Reset re-loads circuit * comparator-offset-mc @ ss_27c_2.97v -- generated by sim/harness, do not edit

Circuit: * comparator-offset-mc @ ss_27c_2.97v -- generated by sim/harness, do not edit

Doing analysis at TEMP = 27.000000 and TNOM = 27.000000

Using SPARSE 1.3 as Direct Linear Solver

No. of Data Rows : 6
voa = 8.5197492825e-05
ddc = 2.1525748543e-08
dde = -2.043339462e-08
Reset re-loads circuit * comparator-offset-mc @ ss_27c_2.97v -- generated by sim/harness, do not edit

Circuit: * comparator-offset-mc @ ss_27c_2.97v -- generated by sim/harness, do not edit

Doing analysis at TEMP = 27.000000 and TNOM = 27.000000

Using SPARSE 1.3 as Direct Linear Solver

No. of Data Rows : 6
voa = -1.672175088e-04
ddc = 2.3614997346e-08
dde = -2.338814182e-08
Reset re-loads circuit * comparator-offset-mc @ ss_27c_2.97v -- generated by sim/harness, do not edit

Circuit: * comparator-offset-mc @ ss_27c_2.97v -- generated by sim/harness, do not edit

Doing analysis at TEMP = 27.000000 and TNOM = 27.000000

Using SPARSE 1.3 as Direct Linear Solver

No. of Data Rows : 6
voa = 3.7632053565e-04
ddc = -8.480800854e-08
dde = 8.3079766274e-08
Reset re-loads circuit * comparator-offset-mc @ ss_27c_2.97v -- generated by sim/harness, do not edit

Circuit: * comparator-offset-mc @ ss_27c_2.97v -- generated by sim/harness, do not edit

Doing analysis at TEMP = 27.000000 and TNOM = 27.000000

Using SPARSE 1.3 as Direct Linear Solver

No. of Data Rows : 6
voa = -1.239068542e-04
ddc = 1.8476857996e-08
dde = -1.822384004e-08
Reset re-loads circuit * comparator-offset-mc @ ss_27c_2.97v -- generated by sim/harness, do not edit

Circuit: * comparator-offset-mc @ ss_27c_2.97v -- generated by sim/harness, do not edit

Doing analysis at TEMP = 27.000000 and TNOM = 27.000000

Using SPARSE 1.3 as Direct Linear Solver

No. of Data Rows : 6
voa = -1.038179393e-03
ddc = 2.2114272432e-07
dde = -2.173028467e-07
Reset re-loads circuit * comparator-offset-mc @ ss_27c_2.97v -- generated by sim/harness, do not edit

Circuit: * comparator-offset-mc @ ss_27c_2.97v -- generated by sim/harness, do not edit

Doing analysis at TEMP = 27.000000 and TNOM = 27.000000

Using SPARSE 1.3 as Direct Linear Solver

No. of Data Rows : 6
voa = 1.1571984918e-03
ddc = -2.311461523e-07
dde = 2.2711040026e-07
Reset re-loads circuit * comparator-offset-mc @ ss_27c_2.97v -- generated by sim/harness, do not edit

Circuit: * comparator-offset-mc @ ss_27c_2.97v -- generated by sim/harness, do not edit

Doing analysis at TEMP = 27.000000 and TNOM = 27.000000

Using SPARSE 1.3 as Direct Linear Solver

No. of Data Rows : 6
voa = 5.0371660657e-05
ddc = 1.0351278369e-08
dde = -9.698193220e-09
Reset re-loads circuit * comparator-offset-mc @ ss_27c_2.97v -- generated by sim/harness, do not edit

Circuit: * comparator-offset-mc @ ss_27c_2.97v -- generated by sim/harness, do not edit

Doing analysis at TEMP = 27.000000 and TNOM = 27.000000

Using SPARSE 1.3 as Direct Linear Solver

No. of Data Rows : 6
voa = 3.8147993600e-04
ddc = -4.749658161e-08
dde = 4.7100626554e-08
Reset re-loads circuit * comparator-offset-mc @ ss_27c_2.97v -- generated by sim/harness, do not edit

Circuit: * comparator-offset-mc @ ss_27c_2.97v -- generated by sim/harness, do not edit

Doing analysis at TEMP = 27.000000 and TNOM = 27.000000

Using SPARSE 1.3 as Direct Linear Solver

No. of Data Rows : 6
voa = 2.6540454129e-05
ddc = 1.1698484566e-08
dde = -1.116848589e-08
Reset re-loads circuit * comparator-offset-mc @ ss_27c_2.97v -- generated by sim/harness, do not edit

Circuit: * comparator-offset-mc @ ss_27c_2.97v -- generated by sim/harness, do not edit

Doing analysis at TEMP = 27.000000 and TNOM = 27.000000

Using SPARSE 1.3 as Direct Linear Solver

No. of Data Rows : 6
voa = -1.274749978e-03
ddc = 2.7568639593e-07
dde = -2.706196208e-07
Reset re-loads circuit * comparator-offset-mc @ ss_27c_2.97v -- generated by sim/harness, do not edit

Circuit: * comparator-offset-mc @ ss_27c_2.97v -- generated by sim/harness, do not edit

Doing analysis at TEMP = 27.000000 and TNOM = 27.000000

Using SPARSE 1.3 as Direct Linear Solver

No. of Data Rows : 6
voa = 1.1587231215e-04
ddc = -7.319746632e-08
dde = 7.0843899450e-08
Reset re-loads circuit * comparator-offset-mc @ ss_27c_2.97v -- generated by sim/harness, do not edit

Circuit: * comparator-offset-mc @ ss_27c_2.97v -- generated by sim/harness, do not edit

Doing analysis at TEMP = 27.000000 and TNOM = 27.000000

Using SPARSE 1.3 as Direct Linear Solver

No. of Data Rows : 6
voa = 1.1032232061e-03
ddc = -2.235978739e-07
dde = 2.1963218162e-07
Reset re-loads circuit * comparator-offset-mc @ ss_27c_2.97v -- generated by sim/harness, do not edit

Circuit: * comparator-offset-mc @ ss_27c_2.97v -- generated by sim/harness, do not edit

Doing analysis at TEMP = 27.000000 and TNOM = 27.000000

Using SPARSE 1.3 as Direct Linear Solver

No. of Data Rows : 6
voa = -4.651715888e-04
ddc = 8.0492260388e-08
dde = -7.926443966e-08
Reset re-loads circuit * comparator-offset-mc @ ss_27c_2.97v -- generated by sim/harness, do not edit

Circuit: * comparator-offset-mc @ ss_27c_2.97v -- generated by sim/harness, do not edit

Doing analysis at TEMP = 27.000000 and TNOM = 27.000000

Using SPARSE 1.3 as Direct Linear Solver
 Reference value :  0.00000e+00
No. of Data Rows : 6
voa = 2.0388926234e-04
ddc = -4.901646910e-08
dde = 4.8036190275e-08
Reset re-loads circuit * comparator-offset-mc @ ss_27c_2.97v -- generated by sim/harness, do not edit

Circuit: * comparator-offset-mc @ ss_27c_2.97v -- generated by sim/harness, do not edit

Doing analysis at TEMP = 27.000000 and TNOM = 27.000000

Using SPARSE 1.3 as Direct Linear Solver

No. of Data Rows : 6
voa = -4.144207734e-04
ddc = 5.7340334920e-08
dde = -5.689334593e-08
Reset re-loads circuit * comparator-offset-mc @ ss_27c_2.97v -- generated by sim/harness, do not edit

Circuit: * comparator-offset-mc @ ss_27c_2.97v -- generated by sim/harness, do not edit

Doing analysis at TEMP = 27.000000 and TNOM = 27.000000

Using SPARSE 1.3 as Direct Linear Solver

No. of Data Rows : 6
voa = 1.2994357592e-04
ddc = -3.581074012e-09
dde = 3.8954826531e-09
Reset re-loads circuit * comparator-offset-mc @ ss_27c_2.97v -- generated by sim/harness, do not edit

Circuit: * comparator-offset-mc @ ss_27c_2.97v -- generated by sim/harness, do not edit

Doing analysis at TEMP = 27.000000 and TNOM = 27.000000

Using SPARSE 1.3 as Direct Linear Solver

No. of Data Rows : 6
voa = 8.8428839762e-04
ddc = -1.509286205e-07
dde = 1.4881912694e-07
Reset re-loads circuit * comparator-offset-mc @ ss_27c_2.97v -- generated by sim/harness, do not edit

Circuit: * comparator-offset-mc @ ss_27c_2.97v -- generated by sim/harness, do not edit

Doing analysis at TEMP = 27.000000 and TNOM = 27.000000

Using SPARSE 1.3 as Direct Linear Solver

No. of Data Rows : 6
voa = -2.690166699e-04
ddc = 6.9271408636e-08
dde = -6.783537774e-08
Reset re-loads circuit * comparator-offset-mc @ ss_27c_2.97v -- generated by sim/harness, do not edit

Circuit: * comparator-offset-mc @ ss_27c_2.97v -- generated by sim/harness, do not edit

Doing analysis at TEMP = 27.000000 and TNOM = 27.000000

Using SPARSE 1.3 as Direct Linear Solver

No. of Data Rows : 6
voa = 1.0807768005e-03
ddc = -2.347305898e-07
dde = 2.3028522555e-07
Reset re-loads circuit * comparator-offset-mc @ ss_27c_2.97v -- generated by sim/harness, do not edit

Circuit: * comparator-offset-mc @ ss_27c_2.97v -- generated by sim/harness, do not edit

Doing analysis at TEMP = 27.000000 and TNOM = 27.000000

Using SPARSE 1.3 as Direct Linear Solver

No. of Data Rows : 6
voa = 7.7232653676e-04
ddc = -1.309024618e-07
dde = 1.2900876774e-07
Reset re-loads circuit * comparator-offset-mc @ ss_27c_2.97v -- generated by sim/harness, do not edit

Circuit: * comparator-offset-mc @ ss_27c_2.97v -- generated by sim/harness, do not edit

Doing analysis at TEMP = 27.000000 and TNOM = 27.000000

Using SPARSE 1.3 as Direct Linear Solver

No. of Data Rows : 6
voa = 4.8325265816e-04
ddc = -9.406525681e-08
dde = 9.2453059614e-08
Reset re-loads circuit * comparator-offset-mc @ ss_27c_2.97v -- generated by sim/harness, do not edit

Circuit: * comparator-offset-mc @ ss_27c_2.97v -- generated by sim/harness, do not edit

Doing analysis at TEMP = 27.000000 and TNOM = 27.000000

Using SPARSE 1.3 as Direct Linear Solver

No. of Data Rows : 6
voa = 7.9172162868e-04
ddc = -1.889672119e-07
dde = 1.8498062408e-07
Reset re-loads circuit * comparator-offset-mc @ ss_27c_2.97v -- generated by sim/harness, do not edit

Circuit: * comparator-offset-mc @ ss_27c_2.97v -- generated by sim/harness, do not edit

Doing analysis at TEMP = 27.000000 and TNOM = 27.000000

Using SPARSE 1.3 as Direct Linear Solver

No. of Data Rows : 6
voa = 1.0691586573e-05
ddc = 1.4553473016e-08
dde = -1.398216287e-08
Reset re-loads circuit * comparator-offset-mc @ ss_27c_2.97v -- generated by sim/harness, do not edit

Circuit: * comparator-offset-mc @ ss_27c_2.97v -- generated by sim/harness, do not edit

Doing analysis at TEMP = 27.000000 and TNOM = 27.000000

Using SPARSE 1.3 as Direct Linear Solver

No. of Data Rows : 6
voa = -1.462360327e-03
ddc = 2.9220795270e-07
dde = -2.874620401e-07
Reset re-loads circuit * comparator-offset-mc @ ss_27c_2.97v -- generated by sim/harness, do not edit

Circuit: * comparator-offset-mc @ ss_27c_2.97v -- generated by sim/harness, do not edit

Doing analysis at TEMP = 27.000000 and TNOM = 27.000000

Using SPARSE 1.3 as Direct Linear Solver

No. of Data Rows : 6
voa = 1.0413142101e-03
ddc = -2.033233672e-07
dde = 1.9983260131e-07
Reset re-loads circuit * comparator-offset-mc @ ss_27c_2.97v -- generated by sim/harness, do not edit

Circuit: * comparator-offset-mc @ ss_27c_2.97v -- generated by sim/harness, do not edit

Doing analysis at TEMP = 27.000000 and TNOM = 27.000000

Using SPARSE 1.3 as Direct Linear Solver

No. of Data Rows : 6
voa = -1.609038274e-03
ddc = 2.5234134904e-07
dde = -2.496290311e-07
Reset re-loads circuit * comparator-offset-mc @ ss_27c_2.97v -- generated by sim/harness, do not edit

Circuit: * comparator-offset-mc @ ss_27c_2.97v -- generated by sim/harness, do not edit

Doing analysis at TEMP = 27.000000 and TNOM = 27.000000

Using SPARSE 1.3 as Direct Linear Solver

No. of Data Rows : 6
voa = 2.4235296392e-03
ddc = -5.057911013e-07
dde = 4.9651477216e-07
Reset re-loads circuit * comparator-offset-mc @ ss_27c_2.97v -- generated by sim/harness, do not edit

Circuit: * comparator-offset-mc @ ss_27c_2.97v -- generated by sim/harness, do not edit

Doing analysis at TEMP = 27.000000 and TNOM = 27.000000

Using SPARSE 1.3 as Direct Linear Solver

No. of Data Rows : 6
voa = -1.522516083e-04
ddc = 4.8244917598e-08
dde = -4.712617314e-08
Reset re-loads circuit * comparator-offset-mc @ ss_27c_2.97v -- generated by sim/harness, do not edit

Circuit: * comparator-offset-mc @ ss_27c_2.97v -- generated by sim/harness, do not edit

Doing analysis at TEMP = 27.000000 and TNOM = 27.000000

Using SPARSE 1.3 as Direct Linear Solver

No. of Data Rows : 6
voa = -4.131953128e-04
ddc = 4.4327865532e-08
dde = -4.411283604e-08
Reset re-loads circuit * comparator-offset-mc @ ss_27c_2.97v -- generated by sim/harness, do not edit

Circuit: * comparator-offset-mc @ ss_27c_2.97v -- generated by sim/harness, do not edit

Doing analysis at TEMP = 27.000000 and TNOM = 27.000000

Using SPARSE 1.3 as Direct Linear Solver

No. of Data Rows : 6
voa = -6.122551637e-04
ddc = 1.1657119369e-07
dde = -1.145943322e-07
Reset re-loads circuit * comparator-offset-mc @ ss_27c_2.97v -- generated by sim/harness, do not edit

Circuit: * comparator-offset-mc @ ss_27c_2.97v -- generated by sim/harness, do not edit

Doing analysis at TEMP = 27.000000 and TNOM = 27.000000

Using SPARSE 1.3 as Direct Linear Solver

No. of Data Rows : 6
voa = -1.753936068e-03
ddc = 3.3205349848e-07
dde = -3.270174350e-07
Reset re-loads circuit * comparator-offset-mc @ ss_27c_2.97v -- generated by sim/harness, do not edit

Circuit: * comparator-offset-mc @ ss_27c_2.97v -- generated by sim/harness, do not edit

Doing analysis at TEMP = 27.000000 and TNOM = 27.000000

Using SPARSE 1.3 as Direct Linear Solver

No. of Data Rows : 6
voa = -4.094569777e-04
ddc = 8.2014923855e-08
dde = -8.061219368e-08
Reset re-loads circuit * comparator-offset-mc @ ss_27c_2.97v -- generated by sim/harness, do not edit

Circuit: * comparator-offset-mc @ ss_27c_2.97v -- generated by sim/harness, do not edit

Doing analysis at TEMP = 27.000000 and TNOM = 27.000000

Using SPARSE 1.3 as Direct Linear Solver
 Reference value :  0.00000e+00
No. of Data Rows : 6
voa = -8.397777003e-05
ddc = 1.5592573177e-08
dde = -1.524136089e-08
Reset re-loads circuit * comparator-offset-mc @ ss_27c_2.97v -- generated by sim/harness, do not edit

Circuit: * comparator-offset-mc @ ss_27c_2.97v -- generated by sim/harness, do not edit

Doing analysis at TEMP = 27.000000 and TNOM = 27.000000

Using SPARSE 1.3 as Direct Linear Solver

No. of Data Rows : 6
voa = 1.6215793548e-03
ddc = -3.429522180e-07
dde = 3.3658407737e-07
Reset re-loads circuit * comparator-offset-mc @ ss_27c_2.97v -- generated by sim/harness, do not edit

Circuit: * comparator-offset-mc @ ss_27c_2.97v -- generated by sim/harness, do not edit

Doing analysis at TEMP = 27.000000 and TNOM = 27.000000

Using SPARSE 1.3 as Direct Linear Solver

No. of Data Rows : 6
voa = -1.803485409e-04
ddc = 8.4024935347e-08
dde = -8.161503938e-08
Reset re-loads circuit * comparator-offset-mc @ ss_27c_2.97v -- generated by sim/harness, do not edit

Circuit: * comparator-offset-mc @ ss_27c_2.97v -- generated by sim/harness, do not edit

Doing analysis at TEMP = 27.000000 and TNOM = 27.000000

Using SPARSE 1.3 as Direct Linear Solver

No. of Data Rows : 6
voa = -7.264128667e-04
ddc = 1.4832700926e-07
dde = -1.457688177e-07
Reset re-loads circuit * comparator-offset-mc @ ss_27c_2.97v -- generated by sim/harness, do not edit

Circuit: * comparator-offset-mc @ ss_27c_2.97v -- generated by sim/harness, do not edit

Doing analysis at TEMP = 27.000000 and TNOM = 27.000000

Using SPARSE 1.3 as Direct Linear Solver

No. of Data Rows : 6
voa = -8.042045091e-04
ddc = 1.4130794369e-07
dde = -1.393098300e-07
Reset re-loads circuit * comparator-offset-mc @ ss_27c_2.97v -- generated by sim/harness, do not edit

Circuit: * comparator-offset-mc @ ss_27c_2.97v -- generated by sim/harness, do not edit

Doing analysis at TEMP = 27.000000 and TNOM = 27.000000

Using SPARSE 1.3 as Direct Linear Solver

No. of Data Rows : 6
voa = -5.474913741e-04
ddc = 1.2287135374e-07
dde = -1.205440014e-07
Reset re-loads circuit * comparator-offset-mc @ ss_27c_2.97v -- generated by sim/harness, do not edit

Circuit: * comparator-offset-mc @ ss_27c_2.97v -- generated by sim/harness, do not edit

Doing analysis at TEMP = 27.000000 and TNOM = 27.000000

Using SPARSE 1.3 as Direct Linear Solver

No. of Data Rows : 6
voa = 8.3498901622e-04
ddc = -1.672850677e-07
dde = 1.6437361434e-07
Reset re-loads circuit * comparator-offset-mc @ ss_27c_2.97v -- generated by sim/harness, do not edit

Circuit: * comparator-offset-mc @ ss_27c_2.97v -- generated by sim/harness, do not edit

Doing analysis at TEMP = 27.000000 and TNOM = 27.000000

Using SPARSE 1.3 as Direct Linear Solver

No. of Data Rows : 6
voa = -1.860835742e-04
ddc = 5.7290674619e-08
dde = -5.591488763e-08
Reset re-loads circuit * comparator-offset-mc @ ss_27c_2.97v -- generated by sim/harness, do not edit

Circuit: * comparator-offset-mc @ ss_27c_2.97v -- generated by sim/harness, do not edit

Doing analysis at TEMP = 27.000000 and TNOM = 27.000000

Using SPARSE 1.3 as Direct Linear Solver

No. of Data Rows : 6
voa = 1.0060066317e-03
ddc = -2.305655209e-07
dde = 2.2596591044e-07
Reset re-loads circuit * comparator-offset-mc @ ss_27c_2.97v -- generated by sim/harness, do not edit

Circuit: * comparator-offset-mc @ ss_27c_2.97v -- generated by sim/harness, do not edit

Doing analysis at TEMP = 27.000000 and TNOM = 27.000000

Using SPARSE 1.3 as Direct Linear Solver

No. of Data Rows : 6
voa = 6.1392631805e-04
ddc = -1.382312457e-07
dde = 1.3550554037e-07
Reset re-loads circuit * comparator-offset-mc @ ss_27c_2.97v -- generated by sim/harness, do not edit

Circuit: * comparator-offset-mc @ ss_27c_2.97v -- generated by sim/harness, do not edit

Doing analysis at TEMP = 27.000000 and TNOM = 27.000000

Using SPARSE 1.3 as Direct Linear Solver

No. of Data Rows : 6
voa = -2.326311244e-04
ddc = 7.2529865176e-08
dde = -7.081282723e-08
Reset re-loads circuit * comparator-offset-mc @ ss_27c_2.97v -- generated by sim/harness, do not edit

Circuit: * comparator-offset-mc @ ss_27c_2.97v -- generated by sim/harness, do not edit

Doing analysis at TEMP = 27.000000 and TNOM = 27.000000

Using SPARSE 1.3 as Direct Linear Solver

No. of Data Rows : 6
voa = 2.2828194107e-03
ddc = -4.151278756e-07
dde = 4.0864085085e-07
Reset re-loads circuit * comparator-offset-mc @ ss_27c_2.97v -- generated by sim/harness, do not edit

Circuit: * comparator-offset-mc @ ss_27c_2.97v -- generated by sim/harness, do not edit

Doing analysis at TEMP = 27.000000 and TNOM = 27.000000

Using SPARSE 1.3 as Direct Linear Solver

No. of Data Rows : 6
voa = -6.357885413e-04
ddc = 1.5946300072e-07
dde = -1.561593944e-07
Reset re-loads circuit * comparator-offset-mc @ ss_27c_2.97v -- generated by sim/harness, do not edit

Circuit: * comparator-offset-mc @ ss_27c_2.97v -- generated by sim/harness, do not edit

Doing analysis at TEMP = 27.000000 and TNOM = 27.000000

Using SPARSE 1.3 as Direct Linear Solver

No. of Data Rows : 6
voa = 2.2889967945e-04
ddc = -3.524647907e-08
dde = 3.4819554049e-08
Reset re-loads circuit * comparator-offset-mc @ ss_27c_2.97v -- generated by sim/harness, do not edit

Circuit: * comparator-offset-mc @ ss_27c_2.97v -- generated by sim/harness, do not edit

Doing analysis at TEMP = 27.000000 and TNOM = 27.000000

Using SPARSE 1.3 as Direct Linear Solver
 Reference value :  0.00000e+00
No. of Data Rows : 6
voa = 3.4265541083e-04
ddc = -4.886112731e-08
dde = 4.8415659154e-08
Reset re-loads circuit * comparator-offset-mc @ ss_27c_2.97v -- generated by sim/harness, do not edit

Circuit: * comparator-offset-mc @ ss_27c_2.97v -- generated by sim/harness, do not edit

Doing analysis at TEMP = 27.000000 and TNOM = 27.000000

Using SPARSE 1.3 as Direct Linear Solver

No. of Data Rows : 6
voa = 5.1593568608e-04
ddc = -1.157385906e-07
dde = 1.1351662115e-07
Reset re-loads circuit * comparator-offset-mc @ ss_27c_2.97v -- generated by sim/harness, do not edit

Circuit: * comparator-offset-mc @ ss_27c_2.97v -- generated by sim/harness, do not edit

Doing analysis at TEMP = 27.000000 and TNOM = 27.000000

Using SPARSE 1.3 as Direct Linear Solver

No. of Data Rows : 6
voa = 1.8464130948e-03
ddc = -3.739029464e-07
dde = 3.6728170679e-07
Reset re-loads circuit * comparator-offset-mc @ ss_27c_2.97v -- generated by sim/harness, do not edit

Circuit: * comparator-offset-mc @ ss_27c_2.97v -- generated by sim/harness, do not edit

Doing analysis at TEMP = 27.000000 and TNOM = 27.000000

Using SPARSE 1.3 as Direct Linear Solver

No. of Data Rows : 6
voa = -8.950840771e-04
ddc = 1.9106439788e-07
dde = -1.877736487e-07
Reset re-loads circuit * comparator-offset-mc @ ss_27c_2.97v -- generated by sim/harness, do not edit

Circuit: * comparator-offset-mc @ ss_27c_2.97v -- generated by sim/harness, do not edit

Doing analysis at TEMP = 27.000000 and TNOM = 27.000000

Using SPARSE 1.3 as Direct Linear Solver

No. of Data Rows : 6
voa = 1.0056110039e-03
ddc = -2.378415309e-07
dde = 2.3288296818e-07
Reset re-loads circuit * comparator-offset-mc @ ss_27c_2.97v -- generated by sim/harness, do not edit

Circuit: * comparator-offset-mc @ ss_27c_2.97v -- generated by sim/harness, do not edit

Doing analysis at TEMP = 27.000000 and TNOM = 27.000000

Using SPARSE 1.3 as Direct Linear Solver

No. of Data Rows : 6
voa = 9.1493647903e-04
ddc = -2.033152626e-07
dde = 1.9944623650e-07
Reset re-loads circuit * comparator-offset-mc @ ss_27c_2.97v -- generated by sim/harness, do not edit

Circuit: * comparator-offset-mc @ ss_27c_2.97v -- generated by sim/harness, do not edit

Doing analysis at TEMP = 27.000000 and TNOM = 27.000000

Using SPARSE 1.3 as Direct Linear Solver

No. of Data Rows : 6
voa = 2.4169733507e-04
ddc = -5.104324757e-08
dde = 5.0143850360e-08
Reset re-loads circuit * comparator-offset-mc @ ss_27c_2.97v -- generated by sim/harness, do not edit

Circuit: * comparator-offset-mc @ ss_27c_2.97v -- generated by sim/harness, do not edit

Doing analysis at TEMP = 27.000000 and TNOM = 27.000000

Using SPARSE 1.3 as Direct Linear Solver

No. of Data Rows : 6
voa = 4.8576136761e-04
ddc = -6.114077060e-08
dde = 6.0732585315e-08
Reset re-loads circuit * comparator-offset-mc @ ss_27c_2.97v -- generated by sim/harness, do not edit

Circuit: * comparator-offset-mc @ ss_27c_2.97v -- generated by sim/harness, do not edit

Doing analysis at TEMP = 27.000000 and TNOM = 27.000000

Using SPARSE 1.3 as Direct Linear Solver

No. of Data Rows : 6
voa = 5.8016391347e-04
ddc = -1.519339730e-07
dde = 1.4864396518e-07
Reset re-loads circuit * comparator-offset-mc @ ss_27c_2.97v -- generated by sim/harness, do not edit

Circuit: * comparator-offset-mc @ ss_27c_2.97v -- generated by sim/harness, do not edit

Doing analysis at TEMP = 27.000000 and TNOM = 27.000000

Using SPARSE 1.3 as Direct Linear Solver

No. of Data Rows : 6
voa = 1.7279883245e-03
ddc = -3.087351952e-07
dde = 3.0406115879e-07
Reset re-loads circuit * comparator-offset-mc @ ss_27c_2.97v -- generated by sim/harness, do not edit

Circuit: * comparator-offset-mc @ ss_27c_2.97v -- generated by sim/harness, do not edit

Doing analysis at TEMP = 27.000000 and TNOM = 27.000000

Using SPARSE 1.3 as Direct Linear Solver

No. of Data Rows : 6
voa = -1.452910709e-03
ddc = 2.5419350707e-07
dde = -2.508544476e-07
Reset re-loads circuit * comparator-offset-mc @ ss_27c_2.97v -- generated by sim/harness, do not edit

Circuit: * comparator-offset-mc @ ss_27c_2.97v -- generated by sim/harness, do not edit

Doing analysis at TEMP = 27.000000 and TNOM = 27.000000

Using SPARSE 1.3 as Direct Linear Solver

No. of Data Rows : 6
voa = -5.359711355e-05
ddc = 5.4866758286e-09
dde = -5.495322571e-09
Reset re-loads circuit * comparator-offset-mc @ ss_27c_2.97v -- generated by sim/harness, do not edit

Circuit: * comparator-offset-mc @ ss_27c_2.97v -- generated by sim/harness, do not edit

Doing analysis at TEMP = 27.000000 and TNOM = 27.000000

Using SPARSE 1.3 as Direct Linear Solver

No. of Data Rows : 6
voa = -4.876410205e-04
ddc = 7.4568040508e-08
dde = -7.372648245e-08
Reset re-loads circuit * comparator-offset-mc @ ss_27c_2.97v -- generated by sim/harness, do not edit

Circuit: * comparator-offset-mc @ ss_27c_2.97v -- generated by sim/harness, do not edit

Doing analysis at TEMP = 27.000000 and TNOM = 27.000000

Using SPARSE 1.3 as Direct Linear Solver

No. of Data Rows : 6
voa = -1.804381232e-03
ddc = 3.4441522293e-07
dde = -3.391005873e-07
Reset re-loads circuit * comparator-offset-mc @ ss_27c_2.97v -- generated by sim/harness, do not edit

Circuit: * comparator-offset-mc @ ss_27c_2.97v -- generated by sim/harness, do not edit

Doing analysis at TEMP = 27.000000 and TNOM = 27.000000

Using SPARSE 1.3 as Direct Linear Solver

No. of Data Rows : 6
voa = 7.8390534927e-04
ddc = -1.486405384e-07
dde = 1.4618040838e-07
Reset re-loads circuit * comparator-offset-mc @ ss_27c_2.97v -- generated by sim/harness, do not edit

Circuit: * comparator-offset-mc @ ss_27c_2.97v -- generated by sim/harness, do not edit

Doing analysis at TEMP = 27.000000 and TNOM = 27.000000

Using SPARSE 1.3 as Direct Linear Solver
 Reference value :  0.00000e+00
No. of Data Rows : 6
voa = -3.422253369e-04
ddc = 4.3535495725e-09
dde = -5.346216674e-09
Reset re-loads circuit * comparator-offset-mc @ ss_27c_2.97v -- generated by sim/harness, do not edit

Circuit: * comparator-offset-mc @ ss_27c_2.97v -- generated by sim/harness, do not edit

Doing analysis at TEMP = 27.000000 and TNOM = 27.000000

Using SPARSE 1.3 as Direct Linear Solver

No. of Data Rows : 6
voa = 2.1914541371e-04
ddc = -2.116896919e-08
dde = 2.1268459295e-08
Reset re-loads circuit * comparator-offset-mc @ ss_27c_2.97v -- generated by sim/harness, do not edit

Circuit: * comparator-offset-mc @ ss_27c_2.97v -- generated by sim/harness, do not edit

Doing analysis at TEMP = 27.000000 and TNOM = 27.000000

Using SPARSE 1.3 as Direct Linear Solver

No. of Data Rows : 6
voa = -1.727403066e-03
ddc = 3.6146577143e-07
dde = -3.554204345e-07
Reset re-loads circuit * comparator-offset-mc @ ss_27c_2.97v -- generated by sim/harness, do not edit

Circuit: * comparator-offset-mc @ ss_27c_2.97v -- generated by sim/harness, do not edit

Doing analysis at TEMP = 27.000000 and TNOM = 27.000000

Using SPARSE 1.3 as Direct Linear Solver

No. of Data Rows : 6
voa = -5.815998192e-04
ddc = 8.8374868456e-08
dde = -8.740584309e-08
Reset re-loads circuit * comparator-offset-mc @ ss_27c_2.97v -- generated by sim/harness, do not edit

Circuit: * comparator-offset-mc @ ss_27c_2.97v -- generated by sim/harness, do not edit

Doing analysis at TEMP = 27.000000 and TNOM = 27.000000

Using SPARSE 1.3 as Direct Linear Solver

No. of Data Rows : 6
voa = 9.7290359426e-04
ddc = -2.201139889e-07
dde = 2.1581683164e-07
Reset re-loads circuit * comparator-offset-mc @ ss_27c_2.97v -- generated by sim/harness, do not edit

Circuit: * comparator-offset-mc @ ss_27c_2.97v -- generated by sim/harness, do not edit

Doing analysis at TEMP = 27.000000 and TNOM = 27.000000

Using SPARSE 1.3 as Direct Linear Solver

No. of Data Rows : 6
voa = 1.3963717853e-03
ddc = -2.614329700e-07
dde = 2.5711598322e-07
Reset re-loads circuit * comparator-offset-mc @ ss_27c_2.97v -- generated by sim/harness, do not edit

Circuit: * comparator-offset-mc @ ss_27c_2.97v -- generated by sim/harness, do not edit

Doing analysis at TEMP = 27.000000 and TNOM = 27.000000

Using SPARSE 1.3 as Direct Linear Solver

No. of Data Rows : 6
voa = -1.409968804e-04
ddc = 3.8040141378e-08
dde = -3.716493949e-08
Reset re-loads circuit * comparator-offset-mc @ ss_27c_2.97v -- generated by sim/harness, do not edit

Circuit: * comparator-offset-mc @ ss_27c_2.97v -- generated by sim/harness, do not edit

Doing analysis at TEMP = 27.000000 and TNOM = 27.000000

Using SPARSE 1.3 as Direct Linear Solver

No. of Data Rows : 6
voa = -2.194898042e-04
ddc = 3.9332393308e-08
dde = -3.869263098e-08
Reset re-loads circuit * comparator-offset-mc @ ss_27c_2.97v -- generated by sim/harness, do not edit

Circuit: * comparator-offset-mc @ ss_27c_2.97v -- generated by sim/harness, do not edit

Doing analysis at TEMP = 27.000000 and TNOM = 27.000000

Using SPARSE 1.3 as Direct Linear Solver

No. of Data Rows : 6
voa = 4.5370936145e-04
ddc = -9.246834274e-08
dde = 9.0809998050e-08
Reset re-loads circuit * comparator-offset-mc @ ss_27c_2.97v -- generated by sim/harness, do not edit

Circuit: * comparator-offset-mc @ ss_27c_2.97v -- generated by sim/harness, do not edit

Doing analysis at TEMP = 27.000000 and TNOM = 27.000000

Using SPARSE 1.3 as Direct Linear Solver

No. of Data Rows : 6
voa = 7.6760910628e-04
ddc = -1.465606495e-07
dde = 1.4413586268e-07
Reset re-loads circuit * comparator-offset-mc @ ss_27c_2.97v -- generated by sim/harness, do not edit

Circuit: * comparator-offset-mc @ ss_27c_2.97v -- generated by sim/harness, do not edit

Doing analysis at TEMP = 27.000000 and TNOM = 27.000000

Using SPARSE 1.3 as Direct Linear Solver

No. of Data Rows : 6
voa = -7.088892168e-04
ddc = 1.5688182077e-07
dde = -1.539892345e-07
Reset re-loads circuit * comparator-offset-mc @ ss_27c_2.97v -- generated by sim/harness, do not edit

Circuit: * comparator-offset-mc @ ss_27c_2.97v -- generated by sim/harness, do not edit

Doing analysis at TEMP = 27.000000 and TNOM = 27.000000

Using SPARSE 1.3 as Direct Linear Solver

No. of Data Rows : 6
voa = -5.774123005e-05
ddc = -2.571638486e-08
dde = 2.4611430186e-08
Reset re-loads circuit * comparator-offset-mc @ ss_27c_2.97v -- generated by sim/harness, do not edit

Circuit: * comparator-offset-mc @ ss_27c_2.97v -- generated by sim/harness, do not edit

Doing analysis at TEMP = 27.000000 and TNOM = 27.000000

Using SPARSE 1.3 as Direct Linear Solver

No. of Data Rows : 6
voa = -5.156110608e-05
ddc = 3.2144929983e-08
dde = -3.119208307e-08
Reset re-loads circuit * comparator-offset-mc @ ss_27c_2.97v -- generated by sim/harness, do not edit

Circuit: * comparator-offset-mc @ ss_27c_2.97v -- generated by sim/harness, do not edit

Doing analysis at TEMP = 27.000000 and TNOM = 27.000000

Using SPARSE 1.3 as Direct Linear Solver

No. of Data Rows : 6
voa = -3.555925524e-04
ddc = 1.0636393376e-07
dde = -1.038673902e-07
Reset re-loads circuit * comparator-offset-mc @ ss_27c_2.97v -- generated by sim/harness, do not edit

Circuit: * comparator-offset-mc @ ss_27c_2.97v -- generated by sim/harness, do not edit

Doing analysis at TEMP = 27.000000 and TNOM = 27.000000

Using SPARSE 1.3 as Direct Linear Solver

No. of Data Rows : 6
voa = -2.295950631e-04
ddc = 4.7628914886e-08
dde = -4.669879961e-08
Reset re-loads circuit * comparator-offset-mc @ ss_27c_2.97v -- generated by sim/harness, do not edit

Circuit: * comparator-offset-mc @ ss_27c_2.97v -- generated by sim/harness, do not edit

Doing analysis at TEMP = 27.000000 and TNOM = 27.000000

Using SPARSE 1.3 as Direct Linear Solver
 Reference value :  0.00000e+00
No. of Data Rows : 6
voa = -1.616668413e-03
ddc = 3.1643318562e-07
dde = -3.114041577e-07
Reset re-loads circuit * comparator-offset-mc @ ss_27c_2.97v -- generated by sim/harness, do not edit

Circuit: * comparator-offset-mc @ ss_27c_2.97v -- generated by sim/harness, do not edit

Doing analysis at TEMP = 27.000000 and TNOM = 27.000000

Using SPARSE 1.3 as Direct Linear Solver

No. of Data Rows : 6
voa = 1.0205120392e-03
ddc = -1.513081745e-07
dde = 1.4958757683e-07
Reset re-loads circuit * comparator-offset-mc @ ss_27c_2.97v -- generated by sim/harness, do not edit

Circuit: * comparator-offset-mc @ ss_27c_2.97v -- generated by sim/harness, do not edit

Doing analysis at TEMP = 27.000000 and TNOM = 27.000000

Using SPARSE 1.3 as Direct Linear Solver

No. of Data Rows : 6
voa = 1.2759726288e-03
ddc = -2.266760682e-07
dde = 2.2327043946e-07
Reset re-loads circuit * comparator-offset-mc @ ss_27c_2.97v -- generated by sim/harness, do not edit

Circuit: * comparator-offset-mc @ ss_27c_2.97v -- generated by sim/harness, do not edit

Doing analysis at TEMP = 27.000000 and TNOM = 27.000000

Using SPARSE 1.3 as Direct Linear Solver

No. of Data Rows : 6
voa = 2.1467921871e-04
ddc = -5.893922085e-08
dde = 5.7576912325e-08
Reset re-loads circuit * comparator-offset-mc @ ss_27c_2.97v -- generated by sim/harness, do not edit

Circuit: * comparator-offset-mc @ ss_27c_2.97v -- generated by sim/harness, do not edit

Doing analysis at TEMP = 27.000000 and TNOM = 27.000000

Using SPARSE 1.3 as Direct Linear Solver

No. of Data Rows : 6
voa = -4.765550987e-04
ddc = 1.2107194166e-07
dde = -1.184086815e-07
Reset re-loads circuit * comparator-offset-mc @ ss_27c_2.97v -- generated by sim/harness, do not edit

Circuit: * comparator-offset-mc @ ss_27c_2.97v -- generated by sim/harness, do not edit

Doing analysis at TEMP = 27.000000 and TNOM = 27.000000

Using SPARSE 1.3 as Direct Linear Solver

No. of Data Rows : 6
voa = 1.1307483575e-03
ddc = -2.419044584e-07
dde = 2.3742936685e-07
Reset re-loads circuit * comparator-offset-mc @ ss_27c_2.97v -- generated by sim/harness, do not edit

Circuit: * comparator-offset-mc @ ss_27c_2.97v -- generated by sim/harness, do not edit

Doing analysis at TEMP = 27.000000 and TNOM = 27.000000

Using SPARSE 1.3 as Direct Linear Solver

No. of Data Rows : 6
voa = 4.1431515392e-04
ddc = -1.021220870e-07
dde = 9.9993769015e-08
Reset re-loads circuit * comparator-offset-mc @ ss_27c_2.97v -- generated by sim/harness, do not edit

Circuit: * comparator-offset-mc @ ss_27c_2.97v -- generated by sim/harness, do not edit

Doing analysis at TEMP = 27.000000 and TNOM = 27.000000

Using SPARSE 1.3 as Direct Linear Solver

No. of Data Rows : 6
voa = 2.4471567785e-04
ddc = -3.675979889e-08
dde = 3.6357773577e-08
Reset re-loads circuit * comparator-offset-mc @ ss_27c_2.97v -- generated by sim/harness, do not edit

Circuit: * comparator-offset-mc @ ss_27c_2.97v -- generated by sim/harness, do not edit

Doing analysis at TEMP = 27.000000 and TNOM = 27.000000

Using SPARSE 1.3 as Direct Linear Solver

No. of Data Rows : 6
voa = -6.654341275e-04
ddc = 1.1683271884e-07
dde = -1.152771793e-07
Reset re-loads circuit * comparator-offset-mc @ ss_27c_2.97v -- generated by sim/harness, do not edit

Circuit: * comparator-offset-mc @ ss_27c_2.97v -- generated by sim/harness, do not edit

Doing analysis at TEMP = 27.000000 and TNOM = 27.000000

Using SPARSE 1.3 as Direct Linear Solver

No. of Data Rows : 6
voa = -1.888483579e-03
ddc = 4.0078627523e-07
dde = -3.938879694e-07
Reset re-loads circuit * comparator-offset-mc @ ss_27c_2.97v -- generated by sim/harness, do not edit

Circuit: * comparator-offset-mc @ ss_27c_2.97v -- generated by sim/harness, do not edit

Doing analysis at TEMP = 27.000000 and TNOM = 27.000000

Using SPARSE 1.3 as Direct Linear Solver

No. of Data Rows : 6
voa = -2.138492036e-04
ddc = 3.9936676233e-08
dde = -3.930219054e-08
Reset re-loads circuit * comparator-offset-mc @ ss_27c_2.97v -- generated by sim/harness, do not edit

Circuit: * comparator-offset-mc @ ss_27c_2.97v -- generated by sim/harness, do not edit

Doing analysis at TEMP = 27.000000 and TNOM = 27.000000

Using SPARSE 1.3 as Direct Linear Solver

No. of Data Rows : 6
voa = 2.9511548662e-05
ddc = 5.5802908815e-08
dde = -5.369725850e-08
Reset re-loads circuit * comparator-offset-mc @ ss_27c_2.97v -- generated by sim/harness, do not edit

Circuit: * comparator-offset-mc @ ss_27c_2.97v -- generated by sim/harness, do not edit

Doing analysis at TEMP = 27.000000 and TNOM = 27.000000

Using SPARSE 1.3 as Direct Linear Solver
 Reference value :  0.00000e+00
No. of Data Rows : 6
voa = -8.668384087e-04
ddc = 1.8643732768e-07
dde = -1.832565223e-07
Reset re-loads circuit * comparator-offset-mc @ ss_27c_2.97v -- generated by sim/harness, do not edit

Circuit: * comparator-offset-mc @ ss_27c_2.97v -- generated by sim/harness, do not edit

Doing analysis at TEMP = 27.000000 and TNOM = 27.000000

Using SPARSE 1.3 as Direct Linear Solver

No. of Data Rows : 6
voa = -8.529873161e-04
ddc = 1.9352205219e-07
dde = -1.899403627e-07
Reset re-loads circuit * comparator-offset-mc @ ss_27c_2.97v -- generated by sim/harness, do not edit

Circuit: * comparator-offset-mc @ ss_27c_2.97v -- generated by sim/harness, do not edit

Doing analysis at TEMP = 27.000000 and TNOM = 27.000000

Using SPARSE 1.3 as Direct Linear Solver

No. of Data Rows : 6
voa = 1.3106978988e-03
ddc = -2.641329349e-07
dde = 2.5946140088e-07
Reset re-loads circuit * comparator-offset-mc @ ss_27c_2.97v -- generated by sim/harness, do not edit

Circuit: * comparator-offset-mc @ ss_27c_2.97v -- generated by sim/harness, do not edit

Doing analysis at TEMP = 27.000000 and TNOM = 27.000000

Using SPARSE 1.3 as Direct Linear Solver

No. of Data Rows : 6
voa = -8.110848874e-04
ddc = 1.7002913536e-07
dde = -1.669484697e-07
Reset re-loads circuit * comparator-offset-mc @ ss_27c_2.97v -- generated by sim/harness, do not edit

Circuit: * comparator-offset-mc @ ss_27c_2.97v -- generated by sim/harness, do not edit

Doing analysis at TEMP = 27.000000 and TNOM = 27.000000

Using SPARSE 1.3 as Direct Linear Solver

No. of Data Rows : 6
voa = 4.9342783106e-04
ddc = -5.100561482e-08
dde = 5.1022925836e-08
Reset re-loads circuit * comparator-offset-mc @ ss_27c_2.97v -- generated by sim/harness, do not edit

Circuit: * comparator-offset-mc @ ss_27c_2.97v -- generated by sim/harness, do not edit

Doing analysis at TEMP = 27.000000 and TNOM = 27.000000

Using SPARSE 1.3 as Direct Linear Solver

No. of Data Rows : 6
voa = -4.556985652e-04
ddc = 9.5595434350e-08
dde = -9.386617280e-08
Reset re-loads circuit * comparator-offset-mc @ ss_27c_2.97v -- generated by sim/harness, do not edit

Circuit: * comparator-offset-mc @ ss_27c_2.97v -- generated by sim/harness, do not edit

Doing analysis at TEMP = 27.000000 and TNOM = 27.000000

Using SPARSE 1.3 as Direct Linear Solver

No. of Data Rows : 6
voa = -2.045819789e-03
ddc = 4.3990224869e-07
dde = -4.320181663e-07
Reset re-loads circuit * comparator-offset-mc @ ss_27c_2.97v -- generated by sim/harness, do not edit

Circuit: * comparator-offset-mc @ ss_27c_2.97v -- generated by sim/harness, do not edit

Doing analysis at TEMP = 27.000000 and TNOM = 27.000000

Using SPARSE 1.3 as Direct Linear Solver

No. of Data Rows : 6
voa = -8.704382467e-04
ddc = 1.9894550088e-07
dde = -1.951948577e-07
Reset re-loads circuit * comparator-offset-mc @ ss_27c_2.97v -- generated by sim/harness, do not edit

Circuit: * comparator-offset-mc @ ss_27c_2.97v -- generated by sim/harness, do not edit

Doing analysis at TEMP = 27.000000 and TNOM = 27.000000

Using SPARSE 1.3 as Direct Linear Solver

No. of Data Rows : 6
voa = 8.4980636342e-04
ddc = -1.606169235e-07
dde = 1.5800380994e-07
Reset re-loads circuit * comparator-offset-mc @ ss_27c_2.97v -- generated by sim/harness, do not edit

Circuit: * comparator-offset-mc @ ss_27c_2.97v -- generated by sim/harness, do not edit

Doing analysis at TEMP = 27.000000 and TNOM = 27.000000

Using SPARSE 1.3 as Direct Linear Solver

No. of Data Rows : 6
voa = -7.244741636e-04
ddc = 9.4979034470e-08
dde = -9.410314359e-08
Reset re-loads circuit * comparator-offset-mc @ ss_27c_2.97v -- generated by sim/harness, do not edit

Circuit: * comparator-offset-mc @ ss_27c_2.97v -- generated by sim/harness, do not edit

Doing analysis at TEMP = 27.000000 and TNOM = 27.000000

Using SPARSE 1.3 as Direct Linear Solver

No. of Data Rows : 6
voa = -4.840284735e-04
ddc = 1.5140979959e-07
dde = -1.477560057e-07
Reset re-loads circuit * comparator-offset-mc @ ss_27c_2.97v -- generated by sim/harness, do not edit

Circuit: * comparator-offset-mc @ ss_27c_2.97v -- generated by sim/harness, do not edit

Doing analysis at TEMP = 27.000000 and TNOM = 27.000000

Using SPARSE 1.3 as Direct Linear Solver

No. of Data Rows : 6
voa = -1.925494132e-04
ddc = 5.0193780309e-08
dde = -4.908297384e-08
Reset re-loads circuit * comparator-offset-mc @ ss_27c_2.97v -- generated by sim/harness, do not edit

Circuit: * comparator-offset-mc @ ss_27c_2.97v -- generated by sim/harness, do not edit

Doing analysis at TEMP = 27.000000 and TNOM = 27.000000

Using SPARSE 1.3 as Direct Linear Solver
 Reference value :  0.00000e+00
No. of Data Rows : 6
voa = 5.0819494508e-04
ddc = -1.059071464e-07
dde = 1.0402237282e-07
Reset re-loads circuit * comparator-offset-mc @ ss_27c_2.97v -- generated by sim/harness, do not edit

Circuit: * comparator-offset-mc @ ss_27c_2.97v -- generated by sim/harness, do not edit

Doing analysis at TEMP = 27.000000 and TNOM = 27.000000

Using SPARSE 1.3 as Direct Linear Solver

No. of Data Rows : 6
voa = 5.5266315225e-04
ddc = -1.229835895e-07
dde = 1.2063792641e-07
Reset re-loads circuit * comparator-offset-mc @ ss_27c_2.97v -- generated by sim/harness, do not edit

Circuit: * comparator-offset-mc @ ss_27c_2.97v -- generated by sim/harness, do not edit

Doing analysis at TEMP = 27.000000 and TNOM = 27.000000

Using SPARSE 1.3 as Direct Linear Solver

No. of Data Rows : 6
voa = 7.3681647180e-04
ddc = -1.482304267e-07
dde = 1.4560759179e-07
Reset re-loads circuit * comparator-offset-mc @ ss_27c_2.97v -- generated by sim/harness, do not edit

Circuit: * comparator-offset-mc @ ss_27c_2.97v -- generated by sim/harness, do not edit

Doing analysis at TEMP = 27.000000 and TNOM = 27.000000

Using SPARSE 1.3 as Direct Linear Solver

No. of Data Rows : 6
voa = -1.381773861e-03
ddc = 2.8459491346e-07
dde = -2.798843389e-07
Reset re-loads circuit * comparator-offset-mc @ ss_27c_2.97v -- generated by sim/harness, do not edit

Circuit: * comparator-offset-mc @ ss_27c_2.97v -- generated by sim/harness, do not edit

Doing analysis at TEMP = 27.000000 and TNOM = 27.000000

Using SPARSE 1.3 as Direct Linear Solver

No. of Data Rows : 6
voa = -1.256190258e-03
ddc = 2.6519858656e-07
dde = -2.605476572e-07
Reset re-loads circuit * comparator-offset-mc @ ss_27c_2.97v -- generated by sim/harness, do not edit

Circuit: * comparator-offset-mc @ ss_27c_2.97v -- generated by sim/harness, do not edit

Doing analysis at TEMP = 27.000000 and TNOM = 27.000000

Using SPARSE 1.3 as Direct Linear Solver

No. of Data Rows : 6
voa = 1.0679062904e-04
ddc = -3.683153056e-09
dde = 3.9222950713e-09
Reset re-loads circuit * comparator-offset-mc @ ss_27c_2.97v -- generated by sim/harness, do not edit

Circuit: * comparator-offset-mc @ ss_27c_2.97v -- generated by sim/harness, do not edit

Doing analysis at TEMP = 27.000000 and TNOM = 27.000000

Using SPARSE 1.3 as Direct Linear Solver

No. of Data Rows : 6
voa = 7.5392871498e-04
ddc = -1.878951826e-07
dde = 1.8404423780e-07
Reset re-loads circuit * comparator-offset-mc @ ss_27c_2.97v -- generated by sim/harness, do not edit

Circuit: * comparator-offset-mc @ ss_27c_2.97v -- generated by sim/harness, do not edit

Doing analysis at TEMP = 27.000000 and TNOM = 27.000000

Using SPARSE 1.3 as Direct Linear Solver

No. of Data Rows : 6
voa = -5.116855293e-04
ddc = 1.1028660208e-07
dde = -1.082131362e-07
Reset re-loads circuit * comparator-offset-mc @ ss_27c_2.97v -- generated by sim/harness, do not edit

Circuit: * comparator-offset-mc @ ss_27c_2.97v -- generated by sim/harness, do not edit

Doing analysis at TEMP = 27.000000 and TNOM = 27.000000

Using SPARSE 1.3 as Direct Linear Solver

No. of Data Rows : 6
voa = 7.4426128890e-04
ddc = -1.216049809e-07
dde = 1.2002004085e-07
Reset re-loads circuit * comparator-offset-mc @ ss_27c_2.97v -- generated by sim/harness, do not edit

Circuit: * comparator-offset-mc @ ss_27c_2.97v -- generated by sim/harness, do not edit

Doing analysis at TEMP = 27.000000 and TNOM = 27.000000

Using SPARSE 1.3 as Direct Linear Solver

No. of Data Rows : 6
voa = 1.3544077914e-03
ddc = -2.685233729e-07
dde = 2.6396739751e-07
Reset re-loads circuit * comparator-offset-mc @ ss_27c_2.97v -- generated by sim/harness, do not edit

Circuit: * comparator-offset-mc @ ss_27c_2.97v -- generated by sim/harness, do not edit

Doing analysis at TEMP = 27.000000 and TNOM = 27.000000

Using SPARSE 1.3 as Direct Linear Solver

No. of Data Rows : 6
voa = -1.632181044e-04
ddc = 4.9360623415e-09
dde = -5.376563608e-09
Reset re-loads circuit * comparator-offset-mc @ ss_27c_2.97v -- generated by sim/harness, do not edit

Circuit: * comparator-offset-mc @ ss_27c_2.97v -- generated by sim/harness, do not edit

Doing analysis at TEMP = 27.000000 and TNOM = 27.000000

Using SPARSE 1.3 as Direct Linear Solver
 Reference value :  0.00000e+00
No. of Data Rows : 6
voa = -1.094247583e-03
ddc = 2.1784760547e-07
dde = -2.142068866e-07
Reset re-loads circuit * comparator-offset-mc @ ss_27c_2.97v -- generated by sim/harness, do not edit

Circuit: * comparator-offset-mc @ ss_27c_2.97v -- generated by sim/harness, do not edit

Doing analysis at TEMP = 27.000000 and TNOM = 27.000000

Using SPARSE 1.3 as Direct Linear Solver

No. of Data Rows : 6
voa = -3.773580974e-04
ddc = 7.7697694271e-08
dde = -7.631322151e-08
Reset re-loads circuit * comparator-offset-mc @ ss_27c_2.97v -- generated by sim/harness, do not edit

Circuit: * comparator-offset-mc @ ss_27c_2.97v -- generated by sim/harness, do not edit

Doing analysis at TEMP = 27.000000 and TNOM = 27.000000

Using SPARSE 1.3 as Direct Linear Solver

No. of Data Rows : 6
voa = 2.5532347418e-03
ddc = -5.485935045e-07
dde = 5.3833620958e-07
Reset re-loads circuit * comparator-offset-mc @ ss_27c_2.97v -- generated by sim/harness, do not edit

Circuit: * comparator-offset-mc @ ss_27c_2.97v -- generated by sim/harness, do not edit

Doing analysis at TEMP = 27.000000 and TNOM = 27.000000

Using SPARSE 1.3 as Direct Linear Solver

No. of Data Rows : 6
voa = 1.5556155122e-04
ddc = 5.5200601886e-10
dde = -3.498009589e-11
Reset re-loads circuit * comparator-offset-mc @ ss_27c_2.97v -- generated by sim/harness, do not edit

Circuit: * comparator-offset-mc @ ss_27c_2.97v -- generated by sim/harness, do not edit

Doing analysis at TEMP = 27.000000 and TNOM = 27.000000

Using SPARSE 1.3 as Direct Linear Solver

No. of Data Rows : 6
voa = 6.5465065158e-04
ddc = -1.560309577e-07
dde = 1.5296386042e-07
Reset re-loads circuit * comparator-offset-mc @ ss_27c_2.97v -- generated by sim/harness, do not edit

Circuit: * comparator-offset-mc @ ss_27c_2.97v -- generated by sim/harness, do not edit

Doing analysis at TEMP = 27.000000 and TNOM = 27.000000

Using SPARSE 1.3 as Direct Linear Solver

No. of Data Rows : 6
voa = -1.237915073e-03
ddc = 2.6007398089e-07
dde = -2.554992218e-07
Reset re-loads circuit * comparator-offset-mc @ ss_27c_2.97v -- generated by sim/harness, do not edit

Circuit: * comparator-offset-mc @ ss_27c_2.97v -- generated by sim/harness, do not edit

Doing analysis at TEMP = 27.000000 and TNOM = 27.000000

Using SPARSE 1.3 as Direct Linear Solver

No. of Data Rows : 6
voa = -3.297251200e-04
ddc = 9.6524071141e-08
dde = -9.431786325e-08
Reset re-loads circuit * comparator-offset-mc @ ss_27c_2.97v -- generated by sim/harness, do not edit

Circuit: * comparator-offset-mc @ ss_27c_2.97v -- generated by sim/harness, do not edit

Doing analysis at TEMP = 27.000000 and TNOM = 27.000000

Using SPARSE 1.3 as Direct Linear Solver

No. of Data Rows : 6
voa = -7.845199766e-04
ddc = 1.6501380777e-07
dde = -1.620474319e-07
Reset re-loads circuit * comparator-offset-mc @ ss_27c_2.97v -- generated by sim/harness, do not edit

Circuit: * comparator-offset-mc @ ss_27c_2.97v -- generated by sim/harness, do not edit

Doing analysis at TEMP = 27.000000 and TNOM = 27.000000

Using SPARSE 1.3 as Direct Linear Solver

No. of Data Rows : 6
voa = -1.294832214e-03
ddc = 2.6220662395e-07
dde = -2.577236099e-07
Reset re-loads circuit * comparator-offset-mc @ ss_27c_2.97v -- generated by sim/harness, do not edit

Circuit: * comparator-offset-mc @ ss_27c_2.97v -- generated by sim/harness, do not edit

Doing analysis at TEMP = 27.000000 and TNOM = 27.000000

Using SPARSE 1.3 as Direct Linear Solver

No. of Data Rows : 6
voa = 1.4186216360e-03
ddc = -2.973648040e-07
dde = 2.9196721064e-07
Reset re-loads circuit * comparator-offset-mc @ ss_27c_2.97v -- generated by sim/harness, do not edit

Circuit: * comparator-offset-mc @ ss_27c_2.97v -- generated by sim/harness, do not edit

Doing analysis at TEMP = 27.000000 and TNOM = 27.000000

Using SPARSE 1.3 as Direct Linear Solver

No. of Data Rows : 6
voa = 8.6625562779e-04
ddc = -1.663997017e-07
dde = 1.6365537313e-07
Reset re-loads circuit * comparator-offset-mc @ ss_27c_2.97v -- generated by sim/harness, do not edit

Circuit: * comparator-offset-mc @ ss_27c_2.97v -- generated by sim/harness, do not edit

Doing analysis at TEMP = 27.000000 and TNOM = 27.000000

Using SPARSE 1.3 as Direct Linear Solver
 Reference value :  0.00000e+00
No. of Data Rows : 6
voa = 5.4590212919e-05
ddc = -3.451350764e-08
dde = 3.3493303781e-08
Reset re-loads circuit * comparator-offset-mc @ ss_27c_2.97v -- generated by sim/harness, do not edit

Circuit: * comparator-offset-mc @ ss_27c_2.97v -- generated by sim/harness, do not edit

Doing analysis at TEMP = 27.000000 and TNOM = 27.000000

Using SPARSE 1.3 as Direct Linear Solver

No. of Data Rows : 6
voa = 7.8912321305e-04
ddc = -1.675053398e-07
dde = 1.6448432194e-07
Reset re-loads circuit * comparator-offset-mc @ ss_27c_2.97v -- generated by sim/harness, do not edit

Circuit: * comparator-offset-mc @ ss_27c_2.97v -- generated by sim/harness, do not edit

Doing analysis at TEMP = 27.000000 and TNOM = 27.000000

Using SPARSE 1.3 as Direct Linear Solver

No. of Data Rows : 6
voa = -2.888385492e-07
ddc = -4.862525399e-09
dde = 4.6429593488e-09
Reset re-loads circuit * comparator-offset-mc @ ss_27c_2.97v -- generated by sim/harness, do not edit

Circuit: * comparator-offset-mc @ ss_27c_2.97v -- generated by sim/harness, do not edit

Doing analysis at TEMP = 27.000000 and TNOM = 27.000000

Using SPARSE 1.3 as Direct Linear Solver

No. of Data Rows : 6
voa = 8.9802315480e-04
ddc = -1.636306445e-07
dde = 1.6101219383e-07
Reset re-loads circuit * comparator-offset-mc @ ss_27c_2.97v -- generated by sim/harness, do not edit

Circuit: * comparator-offset-mc @ ss_27c_2.97v -- generated by sim/harness, do not edit

Doing analysis at TEMP = 27.000000 and TNOM = 27.000000

Using SPARSE 1.3 as Direct Linear Solver

No. of Data Rows : 6
voa = 3.8184301501e-04
ddc = -6.846784919e-08
dde = 6.7465070332e-08
Reset re-loads circuit * comparator-offset-mc @ ss_27c_2.97v -- generated by sim/harness, do not edit

Circuit: * comparator-offset-mc @ ss_27c_2.97v -- generated by sim/harness, do not edit

Doing analysis at TEMP = 27.000000 and TNOM = 27.000000

Using SPARSE 1.3 as Direct Linear Solver

No. of Data Rows : 6
voa = 1.7835743119e-03
ddc = -3.369362979e-07
dde = 3.3126457349e-07
Reset re-loads circuit * comparator-offset-mc @ ss_27c_2.97v -- generated by sim/harness, do not edit

Circuit: * comparator-offset-mc @ ss_27c_2.97v -- generated by sim/harness, do not edit

Doing analysis at TEMP = 27.000000 and TNOM = 27.000000

Using SPARSE 1.3 as Direct Linear Solver

No. of Data Rows : 6
voa = -4.051472675e-04
ddc = 1.3200578213e-07
dde = -1.287490935e-07
Reset re-loads circuit * comparator-offset-mc @ ss_27c_2.97v -- generated by sim/harness, do not edit

Circuit: * comparator-offset-mc @ ss_27c_2.97v -- generated by sim/harness, do not edit

Doing analysis at TEMP = 27.000000 and TNOM = 27.000000

Using SPARSE 1.3 as Direct Linear Solver

No. of Data Rows : 6
voa = 3.6660674811e-04
ddc = -5.394521205e-08
dde = 5.3337690936e-08
Reset re-loads circuit * comparator-offset-mc @ ss_27c_2.97v -- generated by sim/harness, do not edit

Circuit: * comparator-offset-mc @ ss_27c_2.97v -- generated by sim/harness, do not edit

Doing analysis at TEMP = 27.000000 and TNOM = 27.000000

Using SPARSE 1.3 as Direct Linear Solver

No. of Data Rows : 6
voa = -5.113443487e-04
ddc = 9.6248738252e-08
dde = -9.477563381e-08
Reset re-loads circuit * comparator-offset-mc @ ss_27c_2.97v -- generated by sim/harness, do not edit

Circuit: * comparator-offset-mc @ ss_27c_2.97v -- generated by sim/harness, do not edit

Doing analysis at TEMP = 27.000000 and TNOM = 27.000000

Using SPARSE 1.3 as Direct Linear Solver

No. of Data Rows : 6
voa = 3.3595866344e-04
ddc = -8.287000313e-08
dde = 8.1108448316e-08
Reset re-loads circuit * comparator-offset-mc @ ss_27c_2.97v -- generated by sim/harness, do not edit

Circuit: * comparator-offset-mc @ ss_27c_2.97v -- generated by sim/harness, do not edit

Doing analysis at TEMP = 27.000000 and TNOM = 27.000000

Using SPARSE 1.3 as Direct Linear Solver

No. of Data Rows : 6
voa = -7.794956775e-05
ddc = 4.0137368320e-08
dde = -3.896822820e-08
Reset re-loads circuit * comparator-offset-mc @ ss_27c_2.97v -- generated by sim/harness, do not edit

Circuit: * comparator-offset-mc @ ss_27c_2.97v -- generated by sim/harness, do not edit

Doing analysis at TEMP = 27.000000 and TNOM = 27.000000

Using SPARSE 1.3 as Direct Linear Solver

No. of Data Rows : 6
voa = -2.104295132e-04
ddc = 3.1108259812e-08
dde = -3.082460923e-08
Reset re-loads circuit * comparator-offset-mc @ ss_27c_2.97v -- generated by sim/harness, do not edit

Circuit: * comparator-offset-mc @ ss_27c_2.97v -- generated by sim/harness, do not edit

Doing analysis at TEMP = 27.000000 and TNOM = 27.000000

Using SPARSE 1.3 as Direct Linear Solver

No. of Data Rows : 6
voa = 1.2561466298e-03
ddc = -2.686588363e-07
dde = 2.6364484723e-07
m_n_samples = 2.0000000000e+02
m_sig_vos_mv = 9.3427878816e-01
m_vos_3sig_mv = 2.8028363645e+00
m_mean_vos_uv = 6.9315493420e+01
m_mean_vos_sem = 1.0492254787e+00
m_sig_dvos_dn_uv = 1.8959544306e-01
m_sig_dvos_up_uv = 1.8627527310e-01
m_mean_dvos_dn_uv = -8.924334723e-03
m_mean_dvos_up_uv = 8.8065894554e-03
m_av_mean = 2.0831911936e+01
m_av_sigma_pct = 5.0203243095e-01
m_sig_rpair_uv = 0.0000000000e+00
m_vbias_anchor_mv = 1.1238395638e+03
Note: Simulation executed from .control section 

Warning: m=xx on .subckt line will override multiplier m hierarchy!

