
Note: Compatibility modes selected: hs a


Circuit: * comparator-offset-mc @ ss_27c_3.30v -- generated by sim/harness, do not edit

Reset re-loads circuit * comparator-offset-mc @ ss_27c_3.30v -- generated by sim/harness, do not edit

Circuit: * comparator-offset-mc @ ss_27c_3.30v -- generated by sim/harness, do not edit

Doing analysis at TEMP = 27.000000 and TNOM = 27.000000

Using SPARSE 1.3 as Direct Linear Solver

No. of Data Rows : 6
voa = -4.090614007e-04
ddc = 1.0673053004e-07
dde = -1.052568385e-07
Reset re-loads circuit * comparator-offset-mc @ ss_27c_3.30v -- generated by sim/harness, do not edit

Circuit: * comparator-offset-mc @ ss_27c_3.30v -- generated by sim/harness, do not edit

Doing analysis at TEMP = 27.000000 and TNOM = 27.000000

Using SPARSE 1.3 as Direct Linear Solver

No. of Data Rows : 6
voa = 1.8069390936e-03
ddc = -3.157558309e-07
dde = 3.0886909641e-07
Reset re-loads circuit * comparator-offset-mc @ ss_27c_3.30v -- generated by sim/harness, do not edit

Circuit: * comparator-offset-mc @ ss_27c_3.30v -- generated by sim/harness, do not edit

Doing analysis at TEMP = 27.000000 and TNOM = 27.000000

Using SPARSE 1.3 as Direct Linear Solver
 Reference value :  2.00000e-03
No. of Data Rows : 6
voa = 1.4524783743e-03
ddc = -3.105303684e-07
dde = 3.0527714951e-07
Reset re-loads circuit * comparator-offset-mc @ ss_27c_3.30v -- generated by sim/harness, do not edit

Circuit: * comparator-offset-mc @ ss_27c_3.30v -- generated by sim/harness, do not edit

Doing analysis at TEMP = 27.000000 and TNOM = 27.000000

Using SPARSE 1.3 as Direct Linear Solver

No. of Data Rows : 6
voa = -1.068141388e-05
ddc = 2.1027353823e-08
dde = -2.112680302e-08
Reset re-loads circuit * comparator-offset-mc @ ss_27c_3.30v -- generated by sim/harness, do not edit

Circuit: * comparator-offset-mc @ ss_27c_3.30v -- generated by sim/harness, do not edit

Doing analysis at TEMP = 27.000000 and TNOM = 27.000000

Using SPARSE 1.3 as Direct Linear Solver

No. of Data Rows : 6
voa = 1.8219838140e-03
ddc = -3.503780173e-07
dde = 3.4368761621e-07
Reset re-loads circuit * comparator-offset-mc @ ss_27c_3.30v -- generated by sim/harness, do not edit

Circuit: * comparator-offset-mc @ ss_27c_3.30v -- generated by sim/harness, do not edit

Doing analysis at TEMP = 27.000000 and TNOM = 27.000000

Using SPARSE 1.3 as Direct Linear Solver

No. of Data Rows : 6
voa = -2.807523745e-04
ddc = 8.3022884465e-08
dde = -8.204830751e-08
Reset re-loads circuit * comparator-offset-mc @ ss_27c_3.30v -- generated by sim/harness, do not edit

Circuit: * comparator-offset-mc @ ss_27c_3.30v -- generated by sim/harness, do not edit

Doing analysis at TEMP = 27.000000 and TNOM = 27.000000

Using SPARSE 1.3 as Direct Linear Solver

No. of Data Rows : 6
voa = -1.948830377e-04
ddc = 5.1525882217e-08
dde = -5.086264707e-08
Reset re-loads circuit * comparator-offset-mc @ ss_27c_3.30v -- generated by sim/harness, do not edit

Circuit: * comparator-offset-mc @ ss_27c_3.30v -- generated by sim/harness, do not edit

Doing analysis at TEMP = 27.000000 and TNOM = 27.000000

Using SPARSE 1.3 as Direct Linear Solver

No. of Data Rows : 6
voa = -2.672331136e-04
ddc = 5.4698385972e-08
dde = -5.382824311e-08
Reset re-loads circuit * comparator-offset-mc @ ss_27c_3.30v -- generated by sim/harness, do not edit

Circuit: * comparator-offset-mc @ ss_27c_3.30v -- generated by sim/harness, do not edit

Doing analysis at TEMP = 27.000000 and TNOM = 27.000000

Using SPARSE 1.3 as Direct Linear Solver

No. of Data Rows : 6
voa = 9.6039607205e-04
ddc = -2.315472913e-07
dde = 2.2830447900e-07
Reset re-loads circuit * comparator-offset-mc @ ss_27c_3.30v -- generated by sim/harness, do not edit

Circuit: * comparator-offset-mc @ ss_27c_3.30v -- generated by sim/harness, do not edit

Doing analysis at TEMP = 27.000000 and TNOM = 27.000000

Using SPARSE 1.3 as Direct Linear Solver

No. of Data Rows : 6
voa = 1.0069906310e-03
ddc = -2.299566035e-07
dde = 2.2642488120e-07
Reset re-loads circuit * comparator-offset-mc @ ss_27c_3.30v -- generated by sim/harness, do not edit

Circuit: * comparator-offset-mc @ ss_27c_3.30v -- generated by sim/harness, do not edit

Doing analysis at TEMP = 27.000000 and TNOM = 27.000000

Using SPARSE 1.3 as Direct Linear Solver

No. of Data Rows : 6
voa = -9.382539866e-04
ddc = 1.9112391158e-07
dde = -1.879876019e-07
Reset re-loads circuit * comparator-offset-mc @ ss_27c_3.30v -- generated by sim/harness, do not edit

Circuit: * comparator-offset-mc @ ss_27c_3.30v -- generated by sim/harness, do not edit

Doing analysis at TEMP = 27.000000 and TNOM = 27.000000

Using SPARSE 1.3 as Direct Linear Solver

No. of Data Rows : 6
voa = 4.4857639576e-04
ddc = -9.215804209e-08
dde = 9.0615802105e-08
Reset re-loads circuit * comparator-offset-mc @ ss_27c_3.30v -- generated by sim/harness, do not edit

Circuit: * comparator-offset-mc @ ss_27c_3.30v -- generated by sim/harness, do not edit

Doing analysis at TEMP = 27.000000 and TNOM = 27.000000

Using SPARSE 1.3 as Direct Linear Solver

No. of Data Rows : 6
voa = -7.700293720e-04
ddc = 1.4602819789e-07
dde = -1.430947291e-07
Reset re-loads circuit * comparator-offset-mc @ ss_27c_3.30v -- generated by sim/harness, do not edit

Circuit: * comparator-offset-mc @ ss_27c_3.30v -- generated by sim/harness, do not edit

Doing analysis at TEMP = 27.000000 and TNOM = 27.000000

Using SPARSE 1.3 as Direct Linear Solver

No. of Data Rows : 6
voa = 2.3438044607e-04
ddc = 7.3631307624e-09
dde = -8.594751953e-09
Reset re-loads circuit * comparator-offset-mc @ ss_27c_3.30v -- generated by sim/harness, do not edit

Circuit: * comparator-offset-mc @ ss_27c_3.30v -- generated by sim/harness, do not edit

Doing analysis at TEMP = 27.000000 and TNOM = 27.000000

Using SPARSE 1.3 as Direct Linear Solver

No. of Data Rows : 6
voa = 1.3359750769e-03
ddc = -2.663289524e-07
dde = 2.6141986065e-07
Reset re-loads circuit * comparator-offset-mc @ ss_27c_3.30v -- generated by sim/harness, do not edit

Circuit: * comparator-offset-mc @ ss_27c_3.30v -- generated by sim/harness, do not edit

Doing analysis at TEMP = 27.000000 and TNOM = 27.000000

Using SPARSE 1.3 as Direct Linear Solver

No. of Data Rows : 6
voa = -1.312422228e-03
ddc = 2.8881158130e-07
dde = -2.843588524e-07
Reset re-loads circuit * comparator-offset-mc @ ss_27c_3.30v -- generated by sim/harness, do not edit

Circuit: * comparator-offset-mc @ ss_27c_3.30v -- generated by sim/harness, do not edit

Doing analysis at TEMP = 27.000000 and TNOM = 27.000000

Using SPARSE 1.3 as Direct Linear Solver

No. of Data Rows : 6
voa = 5.6747975033e-04
ddc = -1.126546369e-07
dde = 1.1056360381e-07
Reset re-loads circuit * comparator-offset-mc @ ss_27c_3.30v -- generated by sim/harness, do not edit

Circuit: * comparator-offset-mc @ ss_27c_3.30v -- generated by sim/harness, do not edit

Doing analysis at TEMP = 27.000000 and TNOM = 27.000000

Using SPARSE 1.3 as Direct Linear Solver

No. of Data Rows : 6
voa = -8.319693708e-05
ddc = 9.3760846447e-09
dde = -8.692459691e-09
Reset re-loads circuit * comparator-offset-mc @ ss_27c_3.30v -- generated by sim/harness, do not edit

Circuit: * comparator-offset-mc @ ss_27c_3.30v -- generated by sim/harness, do not edit

Doing analysis at TEMP = 27.000000 and TNOM = 27.000000

Using SPARSE 1.3 as Direct Linear Solver

No. of Data Rows : 6
voa = -5.238093158e-04
ddc = 1.2615171646e-07
dde = -1.244453679e-07
Reset re-loads circuit * comparator-offset-mc @ ss_27c_3.30v -- generated by sim/harness, do not edit

Circuit: * comparator-offset-mc @ ss_27c_3.30v -- generated by sim/harness, do not edit

Doing analysis at TEMP = 27.000000 and TNOM = 27.000000

Using SPARSE 1.3 as Direct Linear Solver

No. of Data Rows : 6
voa = 1.2554414030e-03
ddc = -2.166233694e-07
dde = 2.1181157796e-07
Reset re-loads circuit * comparator-offset-mc @ ss_27c_3.30v -- generated by sim/harness, do not edit

Circuit: * comparator-offset-mc @ ss_27c_3.30v -- generated by sim/harness, do not edit

Doing analysis at TEMP = 27.000000 and TNOM = 27.000000

Using SPARSE 1.3 as Direct Linear Solver

No. of Data Rows : 6
voa = -3.581216660e-04
ddc = 6.6634241897e-08
dde = -6.519767319e-08
Reset re-loads circuit * comparator-offset-mc @ ss_27c_3.30v -- generated by sim/harness, do not edit

Circuit: * comparator-offset-mc @ ss_27c_3.30v -- generated by sim/harness, do not edit

Doing analysis at TEMP = 27.000000 and TNOM = 27.000000

Using SPARSE 1.3 as Direct Linear Solver

No. of Data Rows : 6
voa = -7.292684893e-04
ddc = 1.4759972227e-07
dde = -1.449117678e-07
Reset re-loads circuit * comparator-offset-mc @ ss_27c_3.30v -- generated by sim/harness, do not edit

Circuit: * comparator-offset-mc @ ss_27c_3.30v -- generated by sim/harness, do not edit

Doing analysis at TEMP = 27.000000 and TNOM = 27.000000

Using SPARSE 1.3 as Direct Linear Solver

No. of Data Rows : 6
voa = 5.9641023755e-04
ddc = -8.562474397e-08
dde = 8.3226034521e-08
Reset re-loads circuit * comparator-offset-mc @ ss_27c_3.30v -- generated by sim/harness, do not edit

Circuit: * comparator-offset-mc @ ss_27c_3.30v -- generated by sim/harness, do not edit

Doing analysis at TEMP = 27.000000 and TNOM = 27.000000

Using SPARSE 1.3 as Direct Linear Solver
 Reference value :  0.00000e+00
No. of Data Rows : 6
voa = 1.1144535617e-05
ddc = -2.745052349e-08
dde = 2.7566593758e-08
Reset re-loads circuit * comparator-offset-mc @ ss_27c_3.30v -- generated by sim/harness, do not edit

Circuit: * comparator-offset-mc @ ss_27c_3.30v -- generated by sim/harness, do not edit

Doing analysis at TEMP = 27.000000 and TNOM = 27.000000

Using SPARSE 1.3 as Direct Linear Solver

No. of Data Rows : 6
voa = -1.432016200e-03
ddc = 2.8736899171e-07
dde = -2.822243915e-07
Reset re-loads circuit * comparator-offset-mc @ ss_27c_3.30v -- generated by sim/harness, do not edit

Circuit: * comparator-offset-mc @ ss_27c_3.30v -- generated by sim/harness, do not edit

Doing analysis at TEMP = 27.000000 and TNOM = 27.000000

Using SPARSE 1.3 as Direct Linear Solver

No. of Data Rows : 6
voa = -1.098544918e-03
ddc = 2.5480384678e-07
dde = -2.507950087e-07
Reset re-loads circuit * comparator-offset-mc @ ss_27c_3.30v -- generated by sim/harness, do not edit

Circuit: * comparator-offset-mc @ ss_27c_3.30v -- generated by sim/harness, do not edit

Doing analysis at TEMP = 27.000000 and TNOM = 27.000000

Using SPARSE 1.3 as Direct Linear Solver

No. of Data Rows : 6
voa = -5.713951143e-04
ddc = 1.4636337984e-07
dde = -1.266469869e-07
Reset re-loads circuit * comparator-offset-mc @ ss_27c_3.30v -- generated by sim/harness, do not edit

Circuit: * comparator-offset-mc @ ss_27c_3.30v -- generated by sim/harness, do not edit

Doing analysis at TEMP = 27.000000 and TNOM = 27.000000

Using SPARSE 1.3 as Direct Linear Solver

No. of Data Rows : 6
voa = 9.5629665510e-05
ddc = 1.9431433315e-09
dde = -3.543234163e-09
Reset re-loads circuit * comparator-offset-mc @ ss_27c_3.30v -- generated by sim/harness, do not edit

Circuit: * comparator-offset-mc @ ss_27c_3.30v -- generated by sim/harness, do not edit

Doing analysis at TEMP = 27.000000 and TNOM = 27.000000

Using SPARSE 1.3 as Direct Linear Solver

No. of Data Rows : 6
voa = -1.939525020e-04
ddc = 7.9075264408e-09
dde = -7.039011095e-09
Reset re-loads circuit * comparator-offset-mc @ ss_27c_3.30v -- generated by sim/harness, do not edit

Circuit: * comparator-offset-mc @ ss_27c_3.30v -- generated by sim/harness, do not edit

Doing analysis at TEMP = 27.000000 and TNOM = 27.000000

Using SPARSE 1.3 as Direct Linear Solver

No. of Data Rows : 6
voa = 2.2535891832e-04
ddc = -2.265101800e-08
dde = 2.1585288719e-08
Reset re-loads circuit * comparator-offset-mc @ ss_27c_3.30v -- generated by sim/harness, do not edit

Circuit: * comparator-offset-mc @ ss_27c_3.30v -- generated by sim/harness, do not edit

Doing analysis at TEMP = 27.000000 and TNOM = 27.000000

Using SPARSE 1.3 as Direct Linear Solver

No. of Data Rows : 6
voa = 1.8699036669e-03
ddc = -4.183332239e-07
dde = 4.1168815945e-07
Reset re-loads circuit * comparator-offset-mc @ ss_27c_3.30v -- generated by sim/harness, do not edit

Circuit: * comparator-offset-mc @ ss_27c_3.30v -- generated by sim/harness, do not edit

Doing analysis at TEMP = 27.000000 and TNOM = 27.000000

Using SPARSE 1.3 as Direct Linear Solver

No. of Data Rows : 6
voa = -9.885895671e-04
ddc = 1.8059215233e-07
dde = -1.768758604e-07
Reset re-loads circuit * comparator-offset-mc @ ss_27c_3.30v -- generated by sim/harness, do not edit

Circuit: * comparator-offset-mc @ ss_27c_3.30v -- generated by sim/harness, do not edit

Doing analysis at TEMP = 27.000000 and TNOM = 27.000000

Using SPARSE 1.3 as Direct Linear Solver

No. of Data Rows : 6
voa = 4.5443170134e-04
ddc = -8.792643492e-08
dde = 8.6054187428e-08
Reset re-loads circuit * comparator-offset-mc @ ss_27c_3.30v -- generated by sim/harness, do not edit

Circuit: * comparator-offset-mc @ ss_27c_3.30v -- generated by sim/harness, do not edit

Doing analysis at TEMP = 27.000000 and TNOM = 27.000000

Using SPARSE 1.3 as Direct Linear Solver

No. of Data Rows : 6
voa = -1.485906347e-04
ddc = 1.7861811999e-08
dde = -1.731246591e-08
Reset re-loads circuit * comparator-offset-mc @ ss_27c_3.30v -- generated by sim/harness, do not edit

Circuit: * comparator-offset-mc @ ss_27c_3.30v -- generated by sim/harness, do not edit

Doing analysis at TEMP = 27.000000 and TNOM = 27.000000

Using SPARSE 1.3 as Direct Linear Solver

No. of Data Rows : 6
voa = 2.3322596823e-03
ddc = -4.212281435e-07
dde = 4.1243560129e-07
Reset re-loads circuit * comparator-offset-mc @ ss_27c_3.30v -- generated by sim/harness, do not edit

Circuit: * comparator-offset-mc @ ss_27c_3.30v -- generated by sim/harness, do not edit

Doing analysis at TEMP = 27.000000 and TNOM = 27.000000

Using SPARSE 1.3 as Direct Linear Solver

No. of Data Rows : 6
voa = -3.883155767e-04
ddc = 9.5422722574e-08
dde = -9.403898428e-08
Reset re-loads circuit * comparator-offset-mc @ ss_27c_3.30v -- generated by sim/harness, do not edit

Circuit: * comparator-offset-mc @ ss_27c_3.30v -- generated by sim/harness, do not edit

Doing analysis at TEMP = 27.000000 and TNOM = 27.000000

Using SPARSE 1.3 as Direct Linear Solver

No. of Data Rows : 6
voa = 2.9337457220e-04
ddc = -3.106986006e-08
dde = 2.9955966687e-08
Reset re-loads circuit * comparator-offset-mc @ ss_27c_3.30v -- generated by sim/harness, do not edit

Circuit: * comparator-offset-mc @ ss_27c_3.30v -- generated by sim/harness, do not edit

Doing analysis at TEMP = 27.000000 and TNOM = 27.000000

Using SPARSE 1.3 as Direct Linear Solver

No. of Data Rows : 6
voa = 9.5363810570e-04
ddc = -2.039932394e-07
dde = 2.0056224151e-07
Reset re-loads circuit * comparator-offset-mc @ ss_27c_3.30v -- generated by sim/harness, do not edit

Circuit: * comparator-offset-mc @ ss_27c_3.30v -- generated by sim/harness, do not edit

Doing analysis at TEMP = 27.000000 and TNOM = 27.000000

Using SPARSE 1.3 as Direct Linear Solver

No. of Data Rows : 6
voa = 7.0164870135e-04
ddc = -1.452934999e-07
dde = 1.4267818301e-07
Reset re-loads circuit * comparator-offset-mc @ ss_27c_3.30v -- generated by sim/harness, do not edit

Circuit: * comparator-offset-mc @ ss_27c_3.30v -- generated by sim/harness, do not edit

Doing analysis at TEMP = 27.000000 and TNOM = 27.000000

Using SPARSE 1.3 as Direct Linear Solver

No. of Data Rows : 6
voa = -1.790831022e-03
ddc = 3.8407027114e-07
dde = -3.778961515e-07
Reset re-loads circuit * comparator-offset-mc @ ss_27c_3.30v -- generated by sim/harness, do not edit

Circuit: * comparator-offset-mc @ ss_27c_3.30v -- generated by sim/harness, do not edit

Doing analysis at TEMP = 27.000000 and TNOM = 27.000000

Using SPARSE 1.3 as Direct Linear Solver

No. of Data Rows : 6
voa = -4.915129222e-04
ddc = 1.0613470151e-07
dde = -1.042568681e-07
Reset re-loads circuit * comparator-offset-mc @ ss_27c_3.30v -- generated by sim/harness, do not edit

Circuit: * comparator-offset-mc @ ss_27c_3.30v -- generated by sim/harness, do not edit

Doing analysis at TEMP = 27.000000 and TNOM = 27.000000

Using SPARSE 1.3 as Direct Linear Solver

No. of Data Rows : 6
voa = 8.4660313847e-04
ddc = -1.285364273e-07
dde = 1.2269786274e-07
Reset re-loads circuit * comparator-offset-mc @ ss_27c_3.30v -- generated by sim/harness, do not edit

Circuit: * comparator-offset-mc @ ss_27c_3.30v -- generated by sim/harness, do not edit

Doing analysis at TEMP = 27.000000 and TNOM = 27.000000

Using SPARSE 1.3 as Direct Linear Solver
 Reference value :  0.00000e+00
No. of Data Rows : 6
voa = -9.096998501e-04
ddc = 1.9509194159e-07
dde = -1.924088813e-07
Reset re-loads circuit * comparator-offset-mc @ ss_27c_3.30v -- generated by sim/harness, do not edit

Circuit: * comparator-offset-mc @ ss_27c_3.30v -- generated by sim/harness, do not edit

Doing analysis at TEMP = 27.000000 and TNOM = 27.000000

Using SPARSE 1.3 as Direct Linear Solver

No. of Data Rows : 6
voa = -1.184764864e-03
ddc = 2.5309254941e-07
dde = -2.494071566e-07
Reset re-loads circuit * comparator-offset-mc @ ss_27c_3.30v -- generated by sim/harness, do not edit

Circuit: * comparator-offset-mc @ ss_27c_3.30v -- generated by sim/harness, do not edit

Doing analysis at TEMP = 27.000000 and TNOM = 27.000000

Using SPARSE 1.3 as Direct Linear Solver

No. of Data Rows : 6
voa = -1.388435084e-03
ddc = 2.8387080876e-07
dde = -2.787725263e-07
Reset re-loads circuit * comparator-offset-mc @ ss_27c_3.30v -- generated by sim/harness, do not edit

Circuit: * comparator-offset-mc @ ss_27c_3.30v -- generated by sim/harness, do not edit

Doing analysis at TEMP = 27.000000 and TNOM = 27.000000

Using SPARSE 1.3 as Direct Linear Solver

No. of Data Rows : 6
voa = 2.6962913051e-03
ddc = -4.880831547e-07
dde = 4.7794991868e-07
Reset re-loads circuit * comparator-offset-mc @ ss_27c_3.30v -- generated by sim/harness, do not edit

Circuit: * comparator-offset-mc @ ss_27c_3.30v -- generated by sim/harness, do not edit

Doing analysis at TEMP = 27.000000 and TNOM = 27.000000

Using SPARSE 1.3 as Direct Linear Solver

No. of Data Rows : 6
voa = -2.268944285e-04
ddc = 3.6181860085e-09
dde = -2.536979466e-09
Reset re-loads circuit * comparator-offset-mc @ ss_27c_3.30v -- generated by sim/harness, do not edit

Circuit: * comparator-offset-mc @ ss_27c_3.30v -- generated by sim/harness, do not edit

Doing analysis at TEMP = 27.000000 and TNOM = 27.000000

Using SPARSE 1.3 as Direct Linear Solver

No. of Data Rows : 6
voa = 1.1060904352e-03
ddc = -2.254811921e-07
dde = 2.2137821482e-07
Reset re-loads circuit * comparator-offset-mc @ ss_27c_3.30v -- generated by sim/harness, do not edit

Circuit: * comparator-offset-mc @ ss_27c_3.30v -- generated by sim/harness, do not edit

Doing analysis at TEMP = 27.000000 and TNOM = 27.000000

Using SPARSE 1.3 as Direct Linear Solver

No. of Data Rows : 6
voa = -4.462585758e-04
ddc = 1.1420923908e-07
dde = -1.140246461e-07
Reset re-loads circuit * comparator-offset-mc @ ss_27c_3.30v -- generated by sim/harness, do not edit

Circuit: * comparator-offset-mc @ ss_27c_3.30v -- generated by sim/harness, do not edit

Doing analysis at TEMP = 27.000000 and TNOM = 27.000000

Using SPARSE 1.3 as Direct Linear Solver

No. of Data Rows : 6
voa = 6.8122489194e-05
ddc = 1.7455014289e-08
dde = -1.793362782e-08
Reset re-loads circuit * comparator-offset-mc @ ss_27c_3.30v -- generated by sim/harness, do not edit

Circuit: * comparator-offset-mc @ ss_27c_3.30v -- generated by sim/harness, do not edit

Doing analysis at TEMP = 27.000000 and TNOM = 27.000000

Using SPARSE 1.3 as Direct Linear Solver

No. of Data Rows : 6
voa = -5.115951307e-04
ddc = 1.5093364671e-07
dde = -1.493168612e-07
Reset re-loads circuit * comparator-offset-mc @ ss_27c_3.30v -- generated by sim/harness, do not edit

Circuit: * comparator-offset-mc @ ss_27c_3.30v -- generated by sim/harness, do not edit

Doing analysis at TEMP = 27.000000 and TNOM = 27.000000

Using SPARSE 1.3 as Direct Linear Solver

No. of Data Rows : 6
voa = -3.681126144e-04
ddc = 7.9756222757e-08
dde = -7.864233516e-08
Reset re-loads circuit * comparator-offset-mc @ ss_27c_3.30v -- generated by sim/harness, do not edit

Circuit: * comparator-offset-mc @ ss_27c_3.30v -- generated by sim/harness, do not edit

Doing analysis at TEMP = 27.000000 and TNOM = 27.000000

Using SPARSE 1.3 as Direct Linear Solver

No. of Data Rows : 6
voa = 1.0380254269e-03
ddc = -2.260610005e-07
dde = 2.2329865627e-07
Reset re-loads circuit * comparator-offset-mc @ ss_27c_3.30v -- generated by sim/harness, do not edit

Circuit: * comparator-offset-mc @ ss_27c_3.30v -- generated by sim/harness, do not edit

Doing analysis at TEMP = 27.000000 and TNOM = 27.000000

Using SPARSE 1.3 as Direct Linear Solver

No. of Data Rows : 6
voa = 6.0319210566e-04
ddc = -1.289888065e-07
dde = 1.2676104425e-07
Reset re-loads circuit * comparator-offset-mc @ ss_27c_3.30v -- generated by sim/harness, do not edit

Circuit: * comparator-offset-mc @ ss_27c_3.30v -- generated by sim/harness, do not edit

Doing analysis at TEMP = 27.000000 and TNOM = 27.000000

Using SPARSE 1.3 as Direct Linear Solver

No. of Data Rows : 6
voa = -2.171594559e-04
ddc = 7.2179375364e-09
dde = -4.305329290e-09
Reset re-loads circuit * comparator-offset-mc @ ss_27c_3.30v -- generated by sim/harness, do not edit

Circuit: * comparator-offset-mc @ ss_27c_3.30v -- generated by sim/harness, do not edit

Doing analysis at TEMP = 27.000000 and TNOM = 27.000000

Using SPARSE 1.3 as Direct Linear Solver

No. of Data Rows : 6
voa = -6.539655643e-04
ddc = 1.3240401335e-07
dde = -1.300026485e-07
Reset re-loads circuit * comparator-offset-mc @ ss_27c_3.30v -- generated by sim/harness, do not edit

Circuit: * comparator-offset-mc @ ss_27c_3.30v -- generated by sim/harness, do not edit

Doing analysis at TEMP = 27.000000 and TNOM = 27.000000

Using SPARSE 1.3 as Direct Linear Solver

No. of Data Rows : 6
voa = -2.896339042e-04
ddc = 8.7037819546e-08
dde = -8.627024437e-08
Reset re-loads circuit * comparator-offset-mc @ ss_27c_3.30v -- generated by sim/harness, do not edit

Circuit: * comparator-offset-mc @ ss_27c_3.30v -- generated by sim/harness, do not edit

Doing analysis at TEMP = 27.000000 and TNOM = 27.000000

Using SPARSE 1.3 as Direct Linear Solver

No. of Data Rows : 6
voa = 4.3958248248e-04
ddc = -8.658796387e-08
dde = 8.4922630494e-08
Reset re-loads circuit * comparator-offset-mc @ ss_27c_3.30v -- generated by sim/harness, do not edit

Circuit: * comparator-offset-mc @ ss_27c_3.30v -- generated by sim/harness, do not edit

Doing analysis at TEMP = 27.000000 and TNOM = 27.000000

Using SPARSE 1.3 as Direct Linear Solver

No. of Data Rows : 6
voa = -4.260222347e-04
ddc = 1.3017292385e-07
dde = -1.287022705e-07
Reset re-loads circuit * comparator-offset-mc @ ss_27c_3.30v -- generated by sim/harness, do not edit

Circuit: * comparator-offset-mc @ ss_27c_3.30v -- generated by sim/harness, do not edit

Doing analysis at TEMP = 27.000000 and TNOM = 27.000000

Using SPARSE 1.3 as Direct Linear Solver

No. of Data Rows : 6
voa = -8.834877457e-04
ddc = 1.9853414325e-07
dde = -1.964000527e-07
Reset re-loads circuit * comparator-offset-mc @ ss_27c_3.30v -- generated by sim/harness, do not edit

Circuit: * comparator-offset-mc @ ss_27c_3.30v -- generated by sim/harness, do not edit

Doing analysis at TEMP = 27.000000 and TNOM = 27.000000

Using SPARSE 1.3 as Direct Linear Solver

No. of Data Rows : 6
voa = 1.2682359792e-05
ddc = 3.3295771724e-08
dde = -3.365960807e-08
Reset re-loads circuit * comparator-offset-mc @ ss_27c_3.30v -- generated by sim/harness, do not edit

Circuit: * comparator-offset-mc @ ss_27c_3.30v -- generated by sim/harness, do not edit

Doing analysis at TEMP = 27.000000 and TNOM = 27.000000

Using SPARSE 1.3 as Direct Linear Solver
 Reference value :  0.00000e+00
No. of Data Rows : 6
voa = 1.6005849660e-03
ddc = -2.901519634e-07
dde = 2.8413557080e-07
Reset re-loads circuit * comparator-offset-mc @ ss_27c_3.30v -- generated by sim/harness, do not edit

Circuit: * comparator-offset-mc @ ss_27c_3.30v -- generated by sim/harness, do not edit

Doing analysis at TEMP = 27.000000 and TNOM = 27.000000

Using SPARSE 1.3 as Direct Linear Solver

No. of Data Rows : 6
voa = -1.812961468e-03
ddc = 4.0968740249e-07
dde = -3.207636812e-07
Reset re-loads circuit * comparator-offset-mc @ ss_27c_3.30v -- generated by sim/harness, do not edit

Circuit: * comparator-offset-mc @ ss_27c_3.30v -- generated by sim/harness, do not edit

Doing analysis at TEMP = 27.000000 and TNOM = 27.000000

Using SPARSE 1.3 as Direct Linear Solver

No. of Data Rows : 6
voa = 9.8605016687e-04
ddc = -1.920114679e-07
dde = 1.8828671626e-07
Reset re-loads circuit * comparator-offset-mc @ ss_27c_3.30v -- generated by sim/harness, do not edit

Circuit: * comparator-offset-mc @ ss_27c_3.30v -- generated by sim/harness, do not edit

Doing analysis at TEMP = 27.000000 and TNOM = 27.000000

Using SPARSE 1.3 as Direct Linear Solver

No. of Data Rows : 6
voa = -4.019669043e-04
ddc = 1.0281458059e-07
dde = -1.025173831e-07
Reset re-loads circuit * comparator-offset-mc @ ss_27c_3.30v -- generated by sim/harness, do not edit

Circuit: * comparator-offset-mc @ ss_27c_3.30v -- generated by sim/harness, do not edit

Doing analysis at TEMP = 27.000000 and TNOM = 27.000000

Using SPARSE 1.3 as Direct Linear Solver

No. of Data Rows : 6
voa = 8.5215419556e-05
ddc = 2.2804412345e-08
dde = -2.336460783e-08
Reset re-loads circuit * comparator-offset-mc @ ss_27c_3.30v -- generated by sim/harness, do not edit

Circuit: * comparator-offset-mc @ ss_27c_3.30v -- generated by sim/harness, do not edit

Doing analysis at TEMP = 27.000000 and TNOM = 27.000000

Using SPARSE 1.3 as Direct Linear Solver

No. of Data Rows : 6
voa = -1.672221628e-04
ddc = 2.3193471207e-08
dde = -2.251883795e-08
Reset re-loads circuit * comparator-offset-mc @ ss_27c_3.30v -- generated by sim/harness, do not edit

Circuit: * comparator-offset-mc @ ss_27c_3.30v -- generated by sim/harness, do not edit

Doing analysis at TEMP = 27.000000 and TNOM = 27.000000

Using SPARSE 1.3 as Direct Linear Solver

No. of Data Rows : 6
voa = 3.7631623296e-04
ddc = -8.492895883e-08
dde = 8.3581935721e-08
Reset re-loads circuit * comparator-offset-mc @ ss_27c_3.30v -- generated by sim/harness, do not edit

Circuit: * comparator-offset-mc @ ss_27c_3.30v -- generated by sim/harness, do not edit

Doing analysis at TEMP = 27.000000 and TNOM = 27.000000

Using SPARSE 1.3 as Direct Linear Solver

No. of Data Rows : 6
voa = -1.239096899e-04
ddc = 1.8178939598e-08
dde = -1.767148378e-08
Reset re-loads circuit * comparator-offset-mc @ ss_27c_3.30v -- generated by sim/harness, do not edit

Circuit: * comparator-offset-mc @ ss_27c_3.30v -- generated by sim/harness, do not edit

Doing analysis at TEMP = 27.000000 and TNOM = 27.000000

Using SPARSE 1.3 as Direct Linear Solver

No. of Data Rows : 6
voa = -1.038169091e-03
ddc = 2.2081210379e-07
dde = -2.175526704e-07
Reset re-loads circuit * comparator-offset-mc @ ss_27c_3.30v -- generated by sim/harness, do not edit

Circuit: * comparator-offset-mc @ ss_27c_3.30v -- generated by sim/harness, do not edit

Doing analysis at TEMP = 27.000000 and TNOM = 27.000000

Using SPARSE 1.3 as Direct Linear Solver

No. of Data Rows : 6
voa = 1.1571990281e-03
ddc = -2.309808399e-07
dde = 2.2669883362e-07
Reset re-loads circuit * comparator-offset-mc @ ss_27c_3.30v -- generated by sim/harness, do not edit

Circuit: * comparator-offset-mc @ ss_27c_3.30v -- generated by sim/harness, do not edit

Doing analysis at TEMP = 27.000000 and TNOM = 27.000000

Using SPARSE 1.3 as Direct Linear Solver

No. of Data Rows : 6
voa = 5.0381699263e-05
ddc = 1.0967388770e-08
dde = -1.130206564e-08
Reset re-loads circuit * comparator-offset-mc @ ss_27c_3.30v -- generated by sim/harness, do not edit

Circuit: * comparator-offset-mc @ ss_27c_3.30v -- generated by sim/harness, do not edit

Doing analysis at TEMP = 27.000000 and TNOM = 27.000000

Using SPARSE 1.3 as Direct Linear Solver

No. of Data Rows : 6
voa = 3.8149454664e-04
ddc = -4.643421381e-08
dde = 4.3098306924e-08
Reset re-loads circuit * comparator-offset-mc @ ss_27c_3.30v -- generated by sim/harness, do not edit

Circuit: * comparator-offset-mc @ ss_27c_3.30v -- generated by sim/harness, do not edit

Doing analysis at TEMP = 27.000000 and TNOM = 27.000000

Using SPARSE 1.3 as Direct Linear Solver

No. of Data Rows : 6
voa = 2.6548696862e-05
ddc = 1.2197821011e-08
dde = -1.249343172e-08
Reset re-loads circuit * comparator-offset-mc @ ss_27c_3.30v -- generated by sim/harness, do not edit

Circuit: * comparator-offset-mc @ ss_27c_3.30v -- generated by sim/harness, do not edit

Doing analysis at TEMP = 27.000000 and TNOM = 27.000000

Using SPARSE 1.3 as Direct Linear Solver

No. of Data Rows : 6
voa = -1.274734506e-03
ddc = 2.7464608754e-07
dde = -2.702784520e-07
Reset re-loads circuit * comparator-offset-mc @ ss_27c_3.30v -- generated by sim/harness, do not edit

Circuit: * comparator-offset-mc @ ss_27c_3.30v -- generated by sim/harness, do not edit

Doing analysis at TEMP = 27.000000 and TNOM = 27.000000

Using SPARSE 1.3 as Direct Linear Solver

No. of Data Rows : 6
voa = 1.1584852265e-04
ddc = -7.459582158e-08
dde = 7.4603564303e-08
Reset re-loads circuit * comparator-offset-mc @ ss_27c_3.30v -- generated by sim/harness, do not edit

Circuit: * comparator-offset-mc @ ss_27c_3.30v -- generated by sim/harness, do not edit

Doing analysis at TEMP = 27.000000 and TNOM = 27.000000

Using SPARSE 1.3 as Direct Linear Solver

No. of Data Rows : 6
voa = 1.1032218510e-03
ddc = -2.235726599e-07
dde = 2.1958123578e-07
Reset re-loads circuit * comparator-offset-mc @ ss_27c_3.30v -- generated by sim/harness, do not edit

Circuit: * comparator-offset-mc @ ss_27c_3.30v -- generated by sim/harness, do not edit

Doing analysis at TEMP = 27.000000 and TNOM = 27.000000

Using SPARSE 1.3 as Direct Linear Solver
 Reference value :  2.00000e-03
No. of Data Rows : 6
voa = -4.651775292e-04
ddc = 7.9849616644e-08
dde = -7.726862278e-08
Reset re-loads circuit * comparator-offset-mc @ ss_27c_3.30v -- generated by sim/harness, do not edit

Circuit: * comparator-offset-mc @ ss_27c_3.30v -- generated by sim/harness, do not edit

Doing analysis at TEMP = 27.000000 and TNOM = 27.000000

Using SPARSE 1.3 as Direct Linear Solver

No. of Data Rows : 6
voa = 2.0388503033e-04
ddc = -4.915430740e-08
dde = 4.8514499175e-08
Reset re-loads circuit * comparator-offset-mc @ ss_27c_3.30v -- generated by sim/harness, do not edit

Circuit: * comparator-offset-mc @ ss_27c_3.30v -- generated by sim/harness, do not edit

Doing analysis at TEMP = 27.000000 and TNOM = 27.000000

Using SPARSE 1.3 as Direct Linear Solver

No. of Data Rows : 6
voa = -4.144335092e-04
ddc = 5.6484933999e-08
dde = -5.312389909e-08
Reset re-loads circuit * comparator-offset-mc @ ss_27c_3.30v -- generated by sim/harness, do not edit

Circuit: * comparator-offset-mc @ ss_27c_3.30v -- generated by sim/harness, do not edit

Doing analysis at TEMP = 27.000000 and TNOM = 27.000000

Using SPARSE 1.3 as Direct Linear Solver

No. of Data Rows : 6
voa = 1.2995507403e-04
ddc = -2.848904654e-09
dde = 9.0067314400e-10
Reset re-loads circuit * comparator-offset-mc @ ss_27c_3.30v -- generated by sim/harness, do not edit

Circuit: * comparator-offset-mc @ ss_27c_3.30v -- generated by sim/harness, do not edit

Doing analysis at TEMP = 27.000000 and TNOM = 27.000000

Using SPARSE 1.3 as Direct Linear Solver

No. of Data Rows : 6
voa = 8.8430069092e-04
ddc = -1.499335920e-07
dde = 1.4648944857e-07
Reset re-loads circuit * comparator-offset-mc @ ss_27c_3.30v -- generated by sim/harness, do not edit

Circuit: * comparator-offset-mc @ ss_27c_3.30v -- generated by sim/harness, do not edit

Doing analysis at TEMP = 27.000000 and TNOM = 27.000000

Using SPARSE 1.3 as Direct Linear Solver

No. of Data Rows : 6
voa = -2.690082410e-04
ddc = 6.9676263402e-08
dde = -6.878365691e-08
Reset re-loads circuit * comparator-offset-mc @ ss_27c_3.30v -- generated by sim/harness, do not edit

Circuit: * comparator-offset-mc @ ss_27c_3.30v -- generated by sim/harness, do not edit

Doing analysis at TEMP = 27.000000 and TNOM = 27.000000

Using SPARSE 1.3 as Direct Linear Solver

No. of Data Rows : 6
voa = 1.0807673585e-03
ddc = -2.351544549e-07
dde = 2.3130030474e-07
Reset re-loads circuit * comparator-offset-mc @ ss_27c_3.30v -- generated by sim/harness, do not edit

Circuit: * comparator-offset-mc @ ss_27c_3.30v -- generated by sim/harness, do not edit

Doing analysis at TEMP = 27.000000 and TNOM = 27.000000

Using SPARSE 1.3 as Direct Linear Solver

No. of Data Rows : 6
voa = 7.7233857786e-04
ddc = -1.300460091e-07
dde = 1.2549517820e-07
Reset re-loads circuit * comparator-offset-mc @ ss_27c_3.30v -- generated by sim/harness, do not edit

Circuit: * comparator-offset-mc @ ss_27c_3.30v -- generated by sim/harness, do not edit

Doing analysis at TEMP = 27.000000 and TNOM = 27.000000

Using SPARSE 1.3 as Direct Linear Solver

No. of Data Rows : 6
voa = 4.8325381498e-04
ddc = -9.389379688e-08
dde = 9.2029192725e-08
Reset re-loads circuit * comparator-offset-mc @ ss_27c_3.30v -- generated by sim/harness, do not edit

Circuit: * comparator-offset-mc @ ss_27c_3.30v -- generated by sim/harness, do not edit

Doing analysis at TEMP = 27.000000 and TNOM = 27.000000

Using SPARSE 1.3 as Direct Linear Solver

No. of Data Rows : 6
voa = 7.9170752713e-04
ddc = -1.897522515e-07
dde = 1.8699015868e-07
Reset re-loads circuit * comparator-offset-mc @ ss_27c_3.30v -- generated by sim/harness, do not edit

Circuit: * comparator-offset-mc @ ss_27c_3.30v -- generated by sim/harness, do not edit

Doing analysis at TEMP = 27.000000 and TNOM = 27.000000

Using SPARSE 1.3 as Direct Linear Solver

No. of Data Rows : 6
voa = 1.0699778149e-05
ddc = 1.5026978764e-08
dde = -1.523688030e-08
Reset re-loads circuit * comparator-offset-mc @ ss_27c_3.30v -- generated by sim/harness, do not edit

Circuit: * comparator-offset-mc @ ss_27c_3.30v -- generated by sim/harness, do not edit

Doing analysis at TEMP = 27.000000 and TNOM = 27.000000

Using SPARSE 1.3 as Direct Linear Solver

No. of Data Rows : 6
voa = -1.462353819e-03
ddc = 2.9030277021e-07
dde = -2.851326808e-07
Reset re-loads circuit * comparator-offset-mc @ ss_27c_3.30v -- generated by sim/harness, do not edit

Circuit: * comparator-offset-mc @ ss_27c_3.30v -- generated by sim/harness, do not edit

Doing analysis at TEMP = 27.000000 and TNOM = 27.000000

Using SPARSE 1.3 as Direct Linear Solver

No. of Data Rows : 6
voa = 1.0413168929e-03
ddc = -2.030282864e-07
dde = 1.9921334407e-07
Reset re-loads circuit * comparator-offset-mc @ ss_27c_3.30v -- generated by sim/harness, do not edit

Circuit: * comparator-offset-mc @ ss_27c_3.30v -- generated by sim/harness, do not edit

Doing analysis at TEMP = 27.000000 and TNOM = 27.000000

Using SPARSE 1.3 as Direct Linear Solver

No. of Data Rows : 6
voa = -1.609065589e-03
ddc = 2.4809375581e-07
dde = -2.417790736e-07
Reset re-loads circuit * comparator-offset-mc @ ss_27c_3.30v -- generated by sim/harness, do not edit

Circuit: * comparator-offset-mc @ ss_27c_3.30v -- generated by sim/harness, do not edit

Doing analysis at TEMP = 27.000000 and TNOM = 27.000000

Using SPARSE 1.3 as Direct Linear Solver

No. of Data Rows : 6
voa = 2.4235186271e-03
ddc = -5.058438292e-07
dde = 4.9708763433e-07
Reset re-loads circuit * comparator-offset-mc @ ss_27c_3.30v -- generated by sim/harness, do not edit

Circuit: * comparator-offset-mc @ ss_27c_3.30v -- generated by sim/harness, do not edit

Doing analysis at TEMP = 27.000000 and TNOM = 27.000000

Using SPARSE 1.3 as Direct Linear Solver

No. of Data Rows : 6
voa = -1.522427561e-04
ddc = 4.8725972680e-08
dde = -4.836870542e-08
Reset re-loads circuit * comparator-offset-mc @ ss_27c_3.30v -- generated by sim/harness, do not edit

Circuit: * comparator-offset-mc @ ss_27c_3.30v -- generated by sim/harness, do not edit

Doing analysis at TEMP = 27.000000 and TNOM = 27.000000

Using SPARSE 1.3 as Direct Linear Solver

No. of Data Rows : 6
voa = -4.132152893e-04
ddc = 4.2892867242e-08
dde = -3.917821475e-08
Reset re-loads circuit * comparator-offset-mc @ ss_27c_3.30v -- generated by sim/harness, do not edit

Circuit: * comparator-offset-mc @ ss_27c_3.30v -- generated by sim/harness, do not edit

Doing analysis at TEMP = 27.000000 and TNOM = 27.000000

Using SPARSE 1.3 as Direct Linear Solver

No. of Data Rows : 6
voa = -6.122567368e-04
ddc = 1.1591945615e-07
dde = -1.131480496e-07
Reset re-loads circuit * comparator-offset-mc @ ss_27c_3.30v -- generated by sim/harness, do not edit

Circuit: * comparator-offset-mc @ ss_27c_3.30v -- generated by sim/harness, do not edit

Doing analysis at TEMP = 27.000000 and TNOM = 27.000000

Using SPARSE 1.3 as Direct Linear Solver

No. of Data Rows : 6
voa = -1.753936549e-03
ddc = 3.2900998765e-07
dde = -3.212132513e-07
Reset re-loads circuit * comparator-offset-mc @ ss_27c_3.30v -- generated by sim/harness, do not edit

Circuit: * comparator-offset-mc @ ss_27c_3.30v -- generated by sim/harness, do not edit

Doing analysis at TEMP = 27.000000 and TNOM = 27.000000

Using SPARSE 1.3 as Direct Linear Solver

No. of Data Rows : 6
voa = -4.094561816e-04
ddc = 8.1819418868e-08
dde = -8.020151552e-08
Reset re-loads circuit * comparator-offset-mc @ ss_27c_3.30v -- generated by sim/harness, do not edit

Circuit: * comparator-offset-mc @ ss_27c_3.30v -- generated by sim/harness, do not edit

Doing analysis at TEMP = 27.000000 and TNOM = 27.000000

Using SPARSE 1.3 as Direct Linear Solver
 Reference value :  0.00000e+00
No. of Data Rows : 6
voa = -8.397831376e-05
ddc = 1.5505418805e-08
dde = -1.506809411e-08
Reset re-loads circuit * comparator-offset-mc @ ss_27c_3.30v -- generated by sim/harness, do not edit

Circuit: * comparator-offset-mc @ ss_27c_3.30v -- generated by sim/harness, do not edit

Doing analysis at TEMP = 27.000000 and TNOM = 27.000000

Using SPARSE 1.3 as Direct Linear Solver

No. of Data Rows : 6
voa = 1.6215710860e-03
ddc = -3.433869734e-07
dde = 3.3743435676e-07
Reset re-loads circuit * comparator-offset-mc @ ss_27c_3.30v -- generated by sim/harness, do not edit

Circuit: * comparator-offset-mc @ ss_27c_3.30v -- generated by sim/harness, do not edit

Doing analysis at TEMP = 27.000000 and TNOM = 27.000000

Using SPARSE 1.3 as Direct Linear Solver

No. of Data Rows : 6
voa = -1.803256989e-04
ddc = 8.5349359166e-08
dde = -8.515959494e-08
Reset re-loads circuit * comparator-offset-mc @ ss_27c_3.30v -- generated by sim/harness, do not edit

Circuit: * comparator-offset-mc @ ss_27c_3.30v -- generated by sim/harness, do not edit

Doing analysis at TEMP = 27.000000 and TNOM = 27.000000

Using SPARSE 1.3 as Direct Linear Solver

No. of Data Rows : 6
voa = -7.264095542e-04
ddc = 1.4781392720e-07
dde = -1.452215916e-07
Reset re-loads circuit * comparator-offset-mc @ ss_27c_3.30v -- generated by sim/harness, do not edit

Circuit: * comparator-offset-mc @ ss_27c_3.30v -- generated by sim/harness, do not edit

Doing analysis at TEMP = 27.000000 and TNOM = 27.000000

Using SPARSE 1.3 as Direct Linear Solver

No. of Data Rows : 6
voa = -8.042126173e-04
ddc = 1.4007894463e-07
dde = -1.370885631e-07
Reset re-loads circuit * comparator-offset-mc @ ss_27c_3.30v -- generated by sim/harness, do not edit

Circuit: * comparator-offset-mc @ ss_27c_3.30v -- generated by sim/harness, do not edit

Doing analysis at TEMP = 27.000000 and TNOM = 27.000000

Using SPARSE 1.3 as Direct Linear Solver

No. of Data Rows : 6
voa = -5.474835431e-04
ddc = 1.2297027728e-07
dde = -1.210777834e-07
Reset re-loads circuit * comparator-offset-mc @ ss_27c_3.30v -- generated by sim/harness, do not edit

Circuit: * comparator-offset-mc @ ss_27c_3.30v -- generated by sim/harness, do not edit

Doing analysis at TEMP = 27.000000 and TNOM = 27.000000

Using SPARSE 1.3 as Direct Linear Solver

No. of Data Rows : 6
voa = 8.3498900900e-04
ddc = -1.672286877e-07
dde = 1.6405213834e-07
Reset re-loads circuit * comparator-offset-mc @ ss_27c_3.30v -- generated by sim/harness, do not edit

Circuit: * comparator-offset-mc @ ss_27c_3.30v -- generated by sim/harness, do not edit

Doing analysis at TEMP = 27.000000 and TNOM = 27.000000

Using SPARSE 1.3 as Direct Linear Solver

No. of Data Rows : 6
voa = -1.860733377e-04
ddc = 5.7798965139e-08
dde = -5.728516747e-08
Reset re-loads circuit * comparator-offset-mc @ ss_27c_3.30v -- generated by sim/harness, do not edit

Circuit: * comparator-offset-mc @ ss_27c_3.30v -- generated by sim/harness, do not edit

Doing analysis at TEMP = 27.000000 and TNOM = 27.000000

Using SPARSE 1.3 as Direct Linear Solver

No. of Data Rows : 6
voa = 1.0059934585e-03
ddc = -2.313480520e-07
dde = 2.2778456972e-07
Reset re-loads circuit * comparator-offset-mc @ ss_27c_3.30v -- generated by sim/harness, do not edit

Circuit: * comparator-offset-mc @ ss_27c_3.30v -- generated by sim/harness, do not edit

Doing analysis at TEMP = 27.000000 and TNOM = 27.000000

Using SPARSE 1.3 as Direct Linear Solver

No. of Data Rows : 6
voa = 6.1391908866e-04
ddc = -1.385642738e-07
dde = 1.3639827869e-07
Reset re-loads circuit * comparator-offset-mc @ ss_27c_3.30v -- generated by sim/harness, do not edit

Circuit: * comparator-offset-mc @ ss_27c_3.30v -- generated by sim/harness, do not edit

Doing analysis at TEMP = 27.000000 and TNOM = 27.000000

Using SPARSE 1.3 as Direct Linear Solver

No. of Data Rows : 6
voa = -2.326179550e-04
ddc = 7.3250768174e-08
dde = -7.253604783e-08
Reset re-loads circuit * comparator-offset-mc @ ss_27c_3.30v -- generated by sim/harness, do not edit

Circuit: * comparator-offset-mc @ ss_27c_3.30v -- generated by sim/harness, do not edit

Doing analysis at TEMP = 27.000000 and TNOM = 27.000000

Using SPARSE 1.3 as Direct Linear Solver

No. of Data Rows : 6
voa = 2.2828402912e-03
ddc = -4.133978949e-07
dde = 4.0479279620e-07
Reset re-loads circuit * comparator-offset-mc @ ss_27c_3.30v -- generated by sim/harness, do not edit

Circuit: * comparator-offset-mc @ ss_27c_3.30v -- generated by sim/harness, do not edit

Doing analysis at TEMP = 27.000000 and TNOM = 27.000000

Using SPARSE 1.3 as Direct Linear Solver

No. of Data Rows : 6
voa = -6.357714670e-04
ddc = 1.6003781450e-07
dde = -1.579121852e-07
Reset re-loads circuit * comparator-offset-mc @ ss_27c_3.30v -- generated by sim/harness, do not edit

Circuit: * comparator-offset-mc @ ss_27c_3.30v -- generated by sim/harness, do not edit

Doing analysis at TEMP = 27.000000 and TNOM = 27.000000

Using SPARSE 1.3 as Direct Linear Solver

No. of Data Rows : 6
voa = 2.2890535649e-04
ddc = -3.489009041e-08
dde = 3.3380866002e-08
Reset re-loads circuit * comparator-offset-mc @ ss_27c_3.30v -- generated by sim/harness, do not edit

Circuit: * comparator-offset-mc @ ss_27c_3.30v -- generated by sim/harness, do not edit

Doing analysis at TEMP = 27.000000 and TNOM = 27.000000

Using SPARSE 1.3 as Direct Linear Solver

No. of Data Rows : 6
voa = 3.4266514862e-04
ddc = -4.823587640e-08
dde = 4.6770241841e-08
Reset re-loads circuit * comparator-offset-mc @ ss_27c_3.30v -- generated by sim/harness, do not edit

Circuit: * comparator-offset-mc @ ss_27c_3.30v -- generated by sim/harness, do not edit

Doing analysis at TEMP = 27.000000 and TNOM = 27.000000

Using SPARSE 1.3 as Direct Linear Solver
 Reference value :  0.00000e+00
No. of Data Rows : 6
voa = 5.1592888744e-04
ddc = -1.160534307e-07
dde = 1.1474139565e-07
Reset re-loads circuit * comparator-offset-mc @ ss_27c_3.30v -- generated by sim/harness, do not edit

Circuit: * comparator-offset-mc @ ss_27c_3.30v -- generated by sim/harness, do not edit

Doing analysis at TEMP = 27.000000 and TNOM = 27.000000

Using SPARSE 1.3 as Direct Linear Solver

No. of Data Rows : 6
voa = 1.8464115656e-03
ddc = -3.737467075e-07
dde = 3.6698382554e-07
Reset re-loads circuit * comparator-offset-mc @ ss_27c_3.30v -- generated by sim/harness, do not edit

Circuit: * comparator-offset-mc @ ss_27c_3.30v -- generated by sim/harness, do not edit

Doing analysis at TEMP = 27.000000 and TNOM = 27.000000

Using SPARSE 1.3 as Direct Linear Solver

No. of Data Rows : 6
voa = -8.950754704e-04
ddc = 1.9075820650e-07
dde = -1.571079576e-07
Reset re-loads circuit * comparator-offset-mc @ ss_27c_3.30v -- generated by sim/harness, do not edit

Circuit: * comparator-offset-mc @ ss_27c_3.30v -- generated by sim/harness, do not edit

Doing analysis at TEMP = 27.000000 and TNOM = 27.000000

Using SPARSE 1.3 as Direct Linear Solver

No. of Data Rows : 6
voa = 1.0055932086e-03
ddc = -2.387713669e-07
dde = 2.3532794282e-07
Reset re-loads circuit * comparator-offset-mc @ ss_27c_3.30v -- generated by sim/harness, do not edit

Circuit: * comparator-offset-mc @ ss_27c_3.30v -- generated by sim/harness, do not edit

Doing analysis at TEMP = 27.000000 and TNOM = 27.000000

Using SPARSE 1.3 as Direct Linear Solver

No. of Data Rows : 6
voa = 9.1492593157e-04
ddc = -2.038050184e-07
dde = 2.0153295510e-07
Reset re-loads circuit * comparator-offset-mc @ ss_27c_3.30v -- generated by sim/harness, do not edit

Circuit: * comparator-offset-mc @ ss_27c_3.30v -- generated by sim/harness, do not edit

Doing analysis at TEMP = 27.000000 and TNOM = 27.000000

Using SPARSE 1.3 as Direct Linear Solver

No. of Data Rows : 6
voa = 2.4169600738e-04
ddc = -5.100617353e-08
dde = 5.0168798000e-08
Reset re-loads circuit * comparator-offset-mc @ ss_27c_3.30v -- generated by sim/harness, do not edit

Circuit: * comparator-offset-mc @ ss_27c_3.30v -- generated by sim/harness, do not edit

Doing analysis at TEMP = 27.000000 and TNOM = 27.000000

Using SPARSE 1.3 as Direct Linear Solver

No. of Data Rows : 6
voa = 4.8578009849e-04
ddc = -5.991787520e-08
dde = 5.5857546850e-08
Reset re-loads circuit * comparator-offset-mc @ ss_27c_3.30v -- generated by sim/harness, do not edit

Circuit: * comparator-offset-mc @ ss_27c_3.30v -- generated by sim/harness, do not edit

Doing analysis at TEMP = 27.000000 and TNOM = 27.000000

Using SPARSE 1.3 as Direct Linear Solver

No. of Data Rows : 6
voa = 5.8014584351e-04
ddc = -1.529225384e-07
dde = 1.5100627944e-07
Reset re-loads circuit * comparator-offset-mc @ ss_27c_3.30v -- generated by sim/harness, do not edit

Circuit: * comparator-offset-mc @ ss_27c_3.30v -- generated by sim/harness, do not edit

Doing analysis at TEMP = 27.000000 and TNOM = 27.000000

Using SPARSE 1.3 as Direct Linear Solver

No. of Data Rows : 6
voa = 1.7280074573e-03
ddc = -3.075004021e-07
dde = 3.0087108613e-07
Reset re-loads circuit * comparator-offset-mc @ ss_27c_3.30v -- generated by sim/harness, do not edit

Circuit: * comparator-offset-mc @ ss_27c_3.30v -- generated by sim/harness, do not edit

Doing analysis at TEMP = 27.000000 and TNOM = 27.000000

Using SPARSE 1.3 as Direct Linear Solver

No. of Data Rows : 6
voa = -1.452920924e-03
ddc = 2.5107929096e-07
dde = -2.455080315e-07
Reset re-loads circuit * comparator-offset-mc @ ss_27c_3.30v -- generated by sim/harness, do not edit

Circuit: * comparator-offset-mc @ ss_27c_3.30v -- generated by sim/harness, do not edit

Doing analysis at TEMP = 27.000000 and TNOM = 27.000000

Using SPARSE 1.3 as Direct Linear Solver

No. of Data Rows : 6
voa = -5.359954003e-05
ddc = 5.3065602279e-09
dde = -5.103005613e-09
Reset re-loads circuit * comparator-offset-mc @ ss_27c_3.30v -- generated by sim/harness, do not edit

Circuit: * comparator-offset-mc @ ss_27c_3.30v -- generated by sim/harness, do not edit

Doing analysis at TEMP = 27.000000 and TNOM = 27.000000

Using SPARSE 1.3 as Direct Linear Solver

No. of Data Rows : 6
voa = -4.876510736e-04
ddc = 7.3490278671e-08
dde = -7.163845729e-08
Reset re-loads circuit * comparator-offset-mc @ ss_27c_3.30v -- generated by sim/harness, do not edit

Circuit: * comparator-offset-mc @ ss_27c_3.30v -- generated by sim/harness, do not edit

Doing analysis at TEMP = 27.000000 and TNOM = 27.000000

Using SPARSE 1.3 as Direct Linear Solver

No. of Data Rows : 6
voa = -1.804380360e-03
ddc = 3.4125050513e-07
dde = -3.335502140e-07
Reset re-loads circuit * comparator-offset-mc @ ss_27c_3.30v -- generated by sim/harness, do not edit

Circuit: * comparator-offset-mc @ ss_27c_3.30v -- generated by sim/harness, do not edit

Doing analysis at TEMP = 27.000000 and TNOM = 27.000000

Using SPARSE 1.3 as Direct Linear Solver

No. of Data Rows : 6
voa = 7.8390948103e-04
ddc = -1.482461711e-07
dde = 1.4529930430e-07
Reset re-loads circuit * comparator-offset-mc @ ss_27c_3.30v -- generated by sim/harness, do not edit

Circuit: * comparator-offset-mc @ ss_27c_3.30v -- generated by sim/harness, do not edit

Doing analysis at TEMP = 27.000000 and TNOM = 27.000000

Using SPARSE 1.3 as Direct Linear Solver

No. of Data Rows : 6
voa = -3.422573770e-04
ddc = 2.1576672579e-09
dde = -4.369474807e-10
Reset re-loads circuit * comparator-offset-mc @ ss_27c_3.30v -- generated by sim/harness, do not edit

Circuit: * comparator-offset-mc @ ss_27c_3.30v -- generated by sim/harness, do not edit

Doing analysis at TEMP = 27.000000 and TNOM = 27.000000

Using SPARSE 1.3 as Direct Linear Solver

No. of Data Rows : 6
voa = 2.1915592413e-04
ddc = -2.044056514e-08
dde = 1.9349939554e-08
Reset re-loads circuit * comparator-offset-mc @ ss_27c_3.30v -- generated by sim/harness, do not edit

Circuit: * comparator-offset-mc @ ss_27c_3.30v -- generated by sim/harness, do not edit

Doing analysis at TEMP = 27.000000 and TNOM = 27.000000

Using SPARSE 1.3 as Direct Linear Solver

No. of Data Rows : 6
voa = -1.727385758e-03
ddc = 3.5941453698e-07
dde = -3.534027946e-07
Reset re-loads circuit * comparator-offset-mc @ ss_27c_3.30v -- generated by sim/harness, do not edit

Circuit: * comparator-offset-mc @ ss_27c_3.30v -- generated by sim/harness, do not edit

Doing analysis at TEMP = 27.000000 and TNOM = 27.000000

Using SPARSE 1.3 as Direct Linear Solver
 Reference value :  0.00000e+00
No. of Data Rows : 6
voa = -5.816133013e-04
ddc = 8.7163338475e-08
dde = -8.331005941e-08
Reset re-loads circuit * comparator-offset-mc @ ss_27c_3.30v -- generated by sim/harness, do not edit

Circuit: * comparator-offset-mc @ ss_27c_3.30v -- generated by sim/harness, do not edit

Doing analysis at TEMP = 27.000000 and TNOM = 27.000000

Using SPARSE 1.3 as Direct Linear Solver

No. of Data Rows : 6
voa = 9.7289152156e-04
ddc = -2.207793005e-07
dde = 2.1733826593e-07
Reset re-loads circuit * comparator-offset-mc @ ss_27c_3.30v -- generated by sim/harness, do not edit

Circuit: * comparator-offset-mc @ ss_27c_3.30v -- generated by sim/harness, do not edit

Doing analysis at TEMP = 27.000000 and TNOM = 27.000000

Using SPARSE 1.3 as Direct Linear Solver

No. of Data Rows : 6
voa = 1.3963814477e-03
ddc = -2.607417586e-07
dde = 2.5550616020e-07
Reset re-loads circuit * comparator-offset-mc @ ss_27c_3.30v -- generated by sim/harness, do not edit

Circuit: * comparator-offset-mc @ ss_27c_3.30v -- generated by sim/harness, do not edit

Doing analysis at TEMP = 27.000000 and TNOM = 27.000000

Using SPARSE 1.3 as Direct Linear Solver

No. of Data Rows : 6
voa = -1.409920158e-04
ddc = 3.8254652295e-08
dde = -3.775848290e-08
Reset re-loads circuit * comparator-offset-mc @ ss_27c_3.30v -- generated by sim/harness, do not edit

Circuit: * comparator-offset-mc @ ss_27c_3.30v -- generated by sim/harness, do not edit

Doing analysis at TEMP = 27.000000 and TNOM = 27.000000

Using SPARSE 1.3 as Direct Linear Solver

No. of Data Rows : 6
voa = -2.194921073e-04
ddc = 3.9131593840e-08
dde = -3.795421517e-08
Reset re-loads circuit * comparator-offset-mc @ ss_27c_3.30v -- generated by sim/harness, do not edit

Circuit: * comparator-offset-mc @ ss_27c_3.30v -- generated by sim/harness, do not edit

Doing analysis at TEMP = 27.000000 and TNOM = 27.000000

Using SPARSE 1.3 as Direct Linear Solver

No. of Data Rows : 6
voa = 4.5370837596e-04
ddc = -9.237442964e-08
dde = 9.0764739658e-08
Reset re-loads circuit * comparator-offset-mc @ ss_27c_3.30v -- generated by sim/harness, do not edit

Circuit: * comparator-offset-mc @ ss_27c_3.30v -- generated by sim/harness, do not edit

Doing analysis at TEMP = 27.000000 and TNOM = 27.000000

Using SPARSE 1.3 as Direct Linear Solver

No. of Data Rows : 6
voa = 7.6761255980e-04
ddc = -1.462016619e-07
dde = 1.4337120837e-07
Reset re-loads circuit * comparator-offset-mc @ ss_27c_3.30v -- generated by sim/harness, do not edit

Circuit: * comparator-offset-mc @ ss_27c_3.30v -- generated by sim/harness, do not edit

Doing analysis at TEMP = 27.000000 and TNOM = 27.000000

Using SPARSE 1.3 as Direct Linear Solver

No. of Data Rows : 6
voa = -7.088800782e-04
ddc = 1.5689034374e-07
dde = -1.543027063e-07
Reset re-loads circuit * comparator-offset-mc @ ss_27c_3.30v -- generated by sim/harness, do not edit

Circuit: * comparator-offset-mc @ ss_27c_3.30v -- generated by sim/harness, do not edit

Doing analysis at TEMP = 27.000000 and TNOM = 27.000000

Using SPARSE 1.3 as Direct Linear Solver

No. of Data Rows : 6
voa = -5.775960428e-05
ddc = -2.694287353e-08
dde = 2.7449488922e-08
Reset re-loads circuit * comparator-offset-mc @ ss_27c_3.30v -- generated by sim/harness, do not edit

Circuit: * comparator-offset-mc @ ss_27c_3.30v -- generated by sim/harness, do not edit

Doing analysis at TEMP = 27.000000 and TNOM = 27.000000

Using SPARSE 1.3 as Direct Linear Solver

No. of Data Rows : 6
voa = -5.154962722e-05
ddc = 3.2738929312e-08
dde = -3.274609273e-08
Reset re-loads circuit * comparator-offset-mc @ ss_27c_3.30v -- generated by sim/harness, do not edit

Circuit: * comparator-offset-mc @ ss_27c_3.30v -- generated by sim/harness, do not edit

Doing analysis at TEMP = 27.000000 and TNOM = 27.000000

Using SPARSE 1.3 as Direct Linear Solver

No. of Data Rows : 6
voa = -3.555739148e-04
ddc = 1.0724703778e-07
dde = -1.060755455e-07
Reset re-loads circuit * comparator-offset-mc @ ss_27c_3.30v -- generated by sim/harness, do not edit

Circuit: * comparator-offset-mc @ ss_27c_3.30v -- generated by sim/harness, do not edit

Doing analysis at TEMP = 27.000000 and TNOM = 27.000000

Using SPARSE 1.3 as Direct Linear Solver

No. of Data Rows : 6
voa = -2.295939191e-04
ddc = 4.7573846284e-08
dde = -4.667253981e-08
Reset re-loads circuit * comparator-offset-mc @ ss_27c_3.30v -- generated by sim/harness, do not edit

Circuit: * comparator-offset-mc @ ss_27c_3.30v -- generated by sim/harness, do not edit

Doing analysis at TEMP = 27.000000 and TNOM = 27.000000

Using SPARSE 1.3 as Direct Linear Solver

No. of Data Rows : 6
voa = -1.616663998e-03
ddc = 3.1409194538e-07
dde = -3.080157328e-07
Reset re-loads circuit * comparator-offset-mc @ ss_27c_3.30v -- generated by sim/harness, do not edit

Circuit: * comparator-offset-mc @ ss_27c_3.30v -- generated by sim/harness, do not edit

Doing analysis at TEMP = 27.000000 and TNOM = 27.000000

Using SPARSE 1.3 as Direct Linear Solver
 Reference value :  0.00000e+00
No. of Data Rows : 6
voa = 1.0205392413e-03
ddc = -1.495678865e-07
dde = 1.4225509644e-07
Reset re-loads circuit * comparator-offset-mc @ ss_27c_3.30v -- generated by sim/harness, do not edit

Circuit: * comparator-offset-mc @ ss_27c_3.30v -- generated by sim/harness, do not edit

Doing analysis at TEMP = 27.000000 and TNOM = 27.000000

Using SPARSE 1.3 as Direct Linear Solver

No. of Data Rows : 6
voa = 1.2759871164e-03
ddc = -2.256591413e-07
dde = 2.2073687362e-07
Reset re-loads circuit * comparator-offset-mc @ ss_27c_3.30v -- generated by sim/harness, do not edit

Circuit: * comparator-offset-mc @ ss_27c_3.30v -- generated by sim/harness, do not edit

Doing analysis at TEMP = 27.000000 and TNOM = 27.000000

Using SPARSE 1.3 as Direct Linear Solver

No. of Data Rows : 6
voa = 2.1467096879e-04
ddc = -5.930241310e-08
dde = 5.8637820416e-08
Reset re-loads circuit * comparator-offset-mc @ ss_27c_3.30v -- generated by sim/harness, do not edit

Circuit: * comparator-offset-mc @ ss_27c_3.30v -- generated by sim/harness, do not edit

Doing analysis at TEMP = 27.000000 and TNOM = 27.000000

Using SPARSE 1.3 as Direct Linear Solver

No. of Data Rows : 6
voa = -4.765417687e-04
ddc = 1.2152394355e-07
dde = -1.198740019e-07
Reset re-loads circuit * comparator-offset-mc @ ss_27c_3.30v -- generated by sim/harness, do not edit

Circuit: * comparator-offset-mc @ ss_27c_3.30v -- generated by sim/harness, do not edit

Doing analysis at TEMP = 27.000000 and TNOM = 27.000000

Using SPARSE 1.3 as Direct Linear Solver

No. of Data Rows : 6
voa = 1.1307408780e-03
ddc = -2.422500733e-07
dde = 2.3819503344e-07
Reset re-loads circuit * comparator-offset-mc @ ss_27c_3.30v -- generated by sim/harness, do not edit

Circuit: * comparator-offset-mc @ ss_27c_3.30v -- generated by sim/harness, do not edit

Doing analysis at TEMP = 27.000000 and TNOM = 27.000000

Using SPARSE 1.3 as Direct Linear Solver

No. of Data Rows : 6
voa = 4.1430519943e-04
ddc = -1.025586322e-07
dde = 1.0121591283e-07
Reset re-loads circuit * comparator-offset-mc @ ss_27c_3.30v -- generated by sim/harness, do not edit

Circuit: * comparator-offset-mc @ ss_27c_3.30v -- generated by sim/harness, do not edit

Doing analysis at TEMP = 27.000000 and TNOM = 27.000000

Using SPARSE 1.3 as Direct Linear Solver

No. of Data Rows : 6
voa = 2.4472208241e-04
ddc = -3.635310042e-08
dde = 3.4646842248e-08
Reset re-loads circuit * comparator-offset-mc @ ss_27c_3.30v -- generated by sim/harness, do not edit

Circuit: * comparator-offset-mc @ ss_27c_3.30v -- generated by sim/harness, do not edit

Doing analysis at TEMP = 27.000000 and TNOM = 27.000000

Using SPARSE 1.3 as Direct Linear Solver

No. of Data Rows : 6
voa = -6.654398687e-04
ddc = 1.1572349950e-07
dde = -1.132761790e-07
Reset re-loads circuit * comparator-offset-mc @ ss_27c_3.30v -- generated by sim/harness, do not edit

Circuit: * comparator-offset-mc @ ss_27c_3.30v -- generated by sim/harness, do not edit

Doing analysis at TEMP = 27.000000 and TNOM = 27.000000

Using SPARSE 1.3 as Direct Linear Solver

No. of Data Rows : 6
voa = -1.888460647e-03
ddc = 3.9834784693e-07
dde = -3.917829821e-07
Reset re-loads circuit * comparator-offset-mc @ ss_27c_3.30v -- generated by sim/harness, do not edit

Circuit: * comparator-offset-mc @ ss_27c_3.30v -- generated by sim/harness, do not edit

Doing analysis at TEMP = 27.000000 and TNOM = 27.000000

Using SPARSE 1.3 as Direct Linear Solver

No. of Data Rows : 6
voa = -2.138503259e-04
ddc = 3.9698457503e-08
dde = -3.893108121e-08
Reset re-loads circuit * comparator-offset-mc @ ss_27c_3.30v -- generated by sim/harness, do not edit

Circuit: * comparator-offset-mc @ ss_27c_3.30v -- generated by sim/harness, do not edit

Doing analysis at TEMP = 27.000000 and TNOM = 27.000000

Using SPARSE 1.3 as Direct Linear Solver

No. of Data Rows : 6
voa = 2.9542379224e-05
ddc = 5.7649684118e-08
dde = -5.825314202e-08
Reset re-loads circuit * comparator-offset-mc @ ss_27c_3.30v -- generated by sim/harness, do not edit

Circuit: * comparator-offset-mc @ ss_27c_3.30v -- generated by sim/harness, do not edit

Doing analysis at TEMP = 27.000000 and TNOM = 27.000000

Using SPARSE 1.3 as Direct Linear Solver

No. of Data Rows : 6
voa = -8.668293979e-04
ddc = 1.8621143057e-07
dde = -1.836124884e-07
Reset re-loads circuit * comparator-offset-mc @ ss_27c_3.30v -- generated by sim/harness, do not edit

Circuit: * comparator-offset-mc @ ss_27c_3.30v -- generated by sim/harness, do not edit

Doing analysis at TEMP = 27.000000 and TNOM = 27.000000

Using SPARSE 1.3 as Direct Linear Solver
 Reference value :  0.00000e+00
No. of Data Rows : 6
voa = -8.529733521e-04
ddc = 1.9354496386e-07
dde = -1.905516363e-07
Reset re-loads circuit * comparator-offset-mc @ ss_27c_3.30v -- generated by sim/harness, do not edit

Circuit: * comparator-offset-mc @ ss_27c_3.30v -- generated by sim/harness, do not edit

Doing analysis at TEMP = 27.000000 and TNOM = 27.000000

Using SPARSE 1.3 as Direct Linear Solver

No. of Data Rows : 6
voa = 1.3106972379e-03
ddc = -2.640417133e-07
dde = 2.5922068348e-07
Reset re-loads circuit * comparator-offset-mc @ ss_27c_3.30v -- generated by sim/harness, do not edit

Circuit: * comparator-offset-mc @ ss_27c_3.30v -- generated by sim/harness, do not edit

Doing analysis at TEMP = 27.000000 and TNOM = 27.000000

Using SPARSE 1.3 as Direct Linear Solver

No. of Data Rows : 6
voa = -8.110788704e-04
ddc = 1.6936067400e-07
dde = -1.665197212e-07
Reset re-loads circuit * comparator-offset-mc @ ss_27c_3.30v -- generated by sim/harness, do not edit

Circuit: * comparator-offset-mc @ ss_27c_3.30v -- generated by sim/harness, do not edit

Doing analysis at TEMP = 27.000000 and TNOM = 27.000000

Using SPARSE 1.3 as Direct Linear Solver

No. of Data Rows : 6
voa = 4.9345296231e-04
ddc = -4.952394906e-08
dde = 4.7419621811e-08
Reset re-loads circuit * comparator-offset-mc @ ss_27c_3.30v -- generated by sim/harness, do not edit

Circuit: * comparator-offset-mc @ ss_27c_3.30v -- generated by sim/harness, do not edit

Doing analysis at TEMP = 27.000000 and TNOM = 27.000000

Using SPARSE 1.3 as Direct Linear Solver

No. of Data Rows : 6
voa = -4.556955748e-04
ddc = 9.5471967150e-08
dde = -9.372331085e-08
Reset re-loads circuit * comparator-offset-mc @ ss_27c_3.30v -- generated by sim/harness, do not edit

Circuit: * comparator-offset-mc @ ss_27c_3.30v -- generated by sim/harness, do not edit

Doing analysis at TEMP = 27.000000 and TNOM = 27.000000

Using SPARSE 1.3 as Direct Linear Solver

No. of Data Rows : 6
voa = -2.045790787e-03
ddc = 4.3708186338e-07
dde = -4.297944160e-07
Reset re-loads circuit * comparator-offset-mc @ ss_27c_3.30v -- generated by sim/harness, do not edit

Circuit: * comparator-offset-mc @ ss_27c_3.30v -- generated by sim/harness, do not edit

Doing analysis at TEMP = 27.000000 and TNOM = 27.000000

Using SPARSE 1.3 as Direct Linear Solver

No. of Data Rows : 6
voa = -8.704228930e-04
ddc = 1.9903822955e-07
dde = -1.972871493e-07
Reset re-loads circuit * comparator-offset-mc @ ss_27c_3.30v -- generated by sim/harness, do not edit

Circuit: * comparator-offset-mc @ ss_27c_3.30v -- generated by sim/harness, do not edit

Doing analysis at TEMP = 27.000000 and TNOM = 27.000000

Using SPARSE 1.3 as Direct Linear Solver

No. of Data Rows : 6
voa = 8.4981088587e-04
ddc = -1.601849243e-07
dde = 1.5692409509e-07
Reset re-loads circuit * comparator-offset-mc @ ss_27c_3.30v -- generated by sim/harness, do not edit

Circuit: * comparator-offset-mc @ ss_27c_3.30v -- generated by sim/harness, do not edit

Doing analysis at TEMP = 27.000000 and TNOM = 27.000000

Using SPARSE 1.3 as Direct Linear Solver

No. of Data Rows : 6
voa = -7.244995432e-04
ddc = 9.3055802821e-08
dde = -8.715968031e-08
Reset re-loads circuit * comparator-offset-mc @ ss_27c_3.30v -- generated by sim/harness, do not edit

Circuit: * comparator-offset-mc @ ss_27c_3.30v -- generated by sim/harness, do not edit

Doing analysis at TEMP = 27.000000 and TNOM = 27.000000

Using SPARSE 1.3 as Direct Linear Solver

No. of Data Rows : 6
voa = -4.839997534e-04
ddc = 1.5269828916e-07
dde = -1.513297038e-07
Reset re-loads circuit * comparator-offset-mc @ ss_27c_3.30v -- generated by sim/harness, do not edit

Circuit: * comparator-offset-mc @ ss_27c_3.30v -- generated by sim/harness, do not edit

Doing analysis at TEMP = 27.000000 and TNOM = 27.000000

Using SPARSE 1.3 as Direct Linear Solver

No. of Data Rows : 6
voa = -1.925432851e-04
ddc = 5.0422836450e-08
dde = -4.981782167e-08
Reset re-loads circuit * comparator-offset-mc @ ss_27c_3.30v -- generated by sim/harness, do not edit

Circuit: * comparator-offset-mc @ ss_27c_3.30v -- generated by sim/harness, do not edit

Doing analysis at TEMP = 27.000000 and TNOM = 27.000000

Using SPARSE 1.3 as Direct Linear Solver

No. of Data Rows : 6
voa = 5.0819262285e-04
ddc = -1.059143240e-07
dde = 1.0414121143e-07
Reset re-loads circuit * comparator-offset-mc @ ss_27c_3.30v -- generated by sim/harness, do not edit

Circuit: * comparator-offset-mc @ ss_27c_3.30v -- generated by sim/harness, do not edit

Doing analysis at TEMP = 27.000000 and TNOM = 27.000000

Using SPARSE 1.3 as Direct Linear Solver
 Reference value :  0.00000e+00
No. of Data Rows : 6
voa = 5.5265663863e-04
ddc = -1.232831284e-07
dde = 1.2126203825e-07
Reset re-loads circuit * comparator-offset-mc @ ss_27c_3.30v -- generated by sim/harness, do not edit

Circuit: * comparator-offset-mc @ ss_27c_3.30v -- generated by sim/harness, do not edit

Doing analysis at TEMP = 27.000000 and TNOM = 27.000000

Using SPARSE 1.3 as Direct Linear Solver

No. of Data Rows : 6
voa = 7.3681603675e-04
ddc = -1.481042648e-07
dde = 1.4543502850e-07
Reset re-loads circuit * comparator-offset-mc @ ss_27c_3.30v -- generated by sim/harness, do not edit

Circuit: * comparator-offset-mc @ ss_27c_3.30v -- generated by sim/harness, do not edit

Doing analysis at TEMP = 27.000000 and TNOM = 27.000000

Using SPARSE 1.3 as Direct Linear Solver

No. of Data Rows : 6
voa = -1.381763865e-03
ddc = 2.8328189775e-07
dde = -2.782268809e-07
Reset re-loads circuit * comparator-offset-mc @ ss_27c_3.30v -- generated by sim/harness, do not edit

Circuit: * comparator-offset-mc @ ss_27c_3.30v -- generated by sim/harness, do not edit

Doing analysis at TEMP = 27.000000 and TNOM = 27.000000

Using SPARSE 1.3 as Direct Linear Solver

No. of Data Rows : 6
voa = -1.256178366e-03
ddc = 2.6426830178e-07
dde = -2.597427133e-07
Reset re-loads circuit * comparator-offset-mc @ ss_27c_3.30v -- generated by sim/harness, do not edit

Circuit: * comparator-offset-mc @ ss_27c_3.30v -- generated by sim/harness, do not edit

Doing analysis at TEMP = 27.000000 and TNOM = 27.000000

Using SPARSE 1.3 as Direct Linear Solver

No. of Data Rows : 6
voa = 1.0679947826e-04
ddc = -3.119089429e-09
dde = 2.6371924928e-09
Reset re-loads circuit * comparator-offset-mc @ ss_27c_3.30v -- generated by sim/harness, do not edit

Circuit: * comparator-offset-mc @ ss_27c_3.30v -- generated by sim/harness, do not edit

Doing analysis at TEMP = 27.000000 and TNOM = 27.000000

Using SPARSE 1.3 as Direct Linear Solver

No. of Data Rows : 6
voa = 7.5390975254e-04
ddc = -1.889900977e-07
dde = 1.8838219309e-07
Reset re-loads circuit * comparator-offset-mc @ ss_27c_3.30v -- generated by sim/harness, do not edit

Circuit: * comparator-offset-mc @ ss_27c_3.30v -- generated by sim/harness, do not edit

Doing analysis at TEMP = 27.000000 and TNOM = 27.000000

Using SPARSE 1.3 as Direct Linear Solver

No. of Data Rows : 6
voa = -5.116806166e-04
ddc = 1.1022911816e-07
dde = -1.082898428e-07
Reset re-loads circuit * comparator-offset-mc @ ss_27c_3.30v -- generated by sim/harness, do not edit

Circuit: * comparator-offset-mc @ ss_27c_3.30v -- generated by sim/harness, do not edit

Doing analysis at TEMP = 27.000000 and TNOM = 27.000000

Using SPARSE 1.3 as Direct Linear Solver

No. of Data Rows : 6
voa = 7.4427439911e-04
ddc = -1.206478205e-07
dde = 1.1762385429e-07
Reset re-loads circuit * comparator-offset-mc @ ss_27c_3.30v -- generated by sim/harness, do not edit

Circuit: * comparator-offset-mc @ ss_27c_3.30v -- generated by sim/harness, do not edit

Doing analysis at TEMP = 27.000000 and TNOM = 27.000000

Using SPARSE 1.3 as Direct Linear Solver

No. of Data Rows : 6
voa = 1.3544094128e-03
ddc = -2.683404664e-07
dde = 2.6335325182e-07
Reset re-loads circuit * comparator-offset-mc @ ss_27c_3.30v -- generated by sim/harness, do not edit

Circuit: * comparator-offset-mc @ ss_27c_3.30v -- generated by sim/harness, do not edit

Doing analysis at TEMP = 27.000000 and TNOM = 27.000000

Using SPARSE 1.3 as Direct Linear Solver

No. of Data Rows : 6
voa = -1.632324474e-04
ddc = 4.0501624821e-09
dde = -1.636740112e-09
Reset re-loads circuit * comparator-offset-mc @ ss_27c_3.30v -- generated by sim/harness, do not edit

Circuit: * comparator-offset-mc @ ss_27c_3.30v -- generated by sim/harness, do not edit

Doing analysis at TEMP = 27.000000 and TNOM = 27.000000

Using SPARSE 1.3 as Direct Linear Solver

No. of Data Rows : 6
voa = -1.094244362e-03
ddc = 2.1675874172e-07
dde = -2.127805968e-07
Reset re-loads circuit * comparator-offset-mc @ ss_27c_3.30v -- generated by sim/harness, do not edit

Circuit: * comparator-offset-mc @ ss_27c_3.30v -- generated by sim/harness, do not edit

Doing analysis at TEMP = 27.000000 and TNOM = 27.000000

Using SPARSE 1.3 as Direct Linear Solver
 Reference value :  0.00000e+00
No. of Data Rows : 6
voa = -3.773563405e-04
ddc = 7.7530207135e-08
dde = -7.618528377e-08
Reset re-loads circuit * comparator-offset-mc @ ss_27c_3.30v -- generated by sim/harness, do not edit

Circuit: * comparator-offset-mc @ ss_27c_3.30v -- generated by sim/harness, do not edit

Doing analysis at TEMP = 27.000000 and TNOM = 27.000000

Using SPARSE 1.3 as Direct Linear Solver

No. of Data Rows : 6
voa = 2.5532156357e-03
ddc = -5.491103620e-07
dde = 5.3988515678e-07
Reset re-loads circuit * comparator-offset-mc @ ss_27c_3.30v -- generated by sim/harness, do not edit

Circuit: * comparator-offset-mc @ ss_27c_3.30v -- generated by sim/harness, do not edit

Doing analysis at TEMP = 27.000000 and TNOM = 27.000000

Using SPARSE 1.3 as Direct Linear Solver

No. of Data Rows : 6
voa = 1.5557771252e-04
ddc = 1.6011968515e-09
dde = -2.351266409e-09
Reset re-loads circuit * comparator-offset-mc @ ss_27c_3.30v -- generated by sim/harness, do not edit

Circuit: * comparator-offset-mc @ ss_27c_3.30v -- generated by sim/harness, do not edit

Doing analysis at TEMP = 27.000000 and TNOM = 27.000000

Using SPARSE 1.3 as Direct Linear Solver

No. of Data Rows : 6
voa = 6.5463727627e-04
ddc = -1.567197478e-07
dde = 1.5576137855e-07
Reset re-loads circuit * comparator-offset-mc @ ss_27c_3.30v -- generated by sim/harness, do not edit

Circuit: * comparator-offset-mc @ ss_27c_3.30v -- generated by sim/harness, do not edit

Doing analysis at TEMP = 27.000000 and TNOM = 27.000000

Using SPARSE 1.3 as Direct Linear Solver

No. of Data Rows : 6
voa = -1.237904100e-03
ddc = 2.5911845277e-07
dde = -2.551490673e-07
Reset re-loads circuit * comparator-offset-mc @ ss_27c_3.30v -- generated by sim/harness, do not edit

Circuit: * comparator-offset-mc @ ss_27c_3.30v -- generated by sim/harness, do not edit

Doing analysis at TEMP = 27.000000 and TNOM = 27.000000

Using SPARSE 1.3 as Direct Linear Solver

No. of Data Rows : 6
voa = -3.297095544e-04
ddc = 9.7364984846e-08
dde = -9.630301580e-08
Reset re-loads circuit * comparator-offset-mc @ ss_27c_3.30v -- generated by sim/harness, do not edit

Circuit: * comparator-offset-mc @ ss_27c_3.30v -- generated by sim/harness, do not edit

Doing analysis at TEMP = 27.000000 and TNOM = 27.000000

Using SPARSE 1.3 as Direct Linear Solver

No. of Data Rows : 6
voa = -7.845139537e-04
ddc = 1.6463345164e-07
dde = -1.617286700e-07
Reset re-loads circuit * comparator-offset-mc @ ss_27c_3.30v -- generated by sim/harness, do not edit

Circuit: * comparator-offset-mc @ ss_27c_3.30v -- generated by sim/harness, do not edit

Doing analysis at TEMP = 27.000000 and TNOM = 27.000000

Using SPARSE 1.3 as Direct Linear Solver

No. of Data Rows : 6
voa = -1.294824909e-03
ddc = 2.6058134656e-07
dde = -2.560076632e-07
Reset re-loads circuit * comparator-offset-mc @ ss_27c_3.30v -- generated by sim/harness, do not edit

Circuit: * comparator-offset-mc @ ss_27c_3.30v -- generated by sim/harness, do not edit

Doing analysis at TEMP = 27.000000 and TNOM = 27.000000

Using SPARSE 1.3 as Direct Linear Solver

No. of Data Rows : 6
voa = 1.4186153517e-03
ddc = -2.976709741e-07
dde = 2.9257173426e-07
Reset re-loads circuit * comparator-offset-mc @ ss_27c_3.30v -- generated by sim/harness, do not edit

Circuit: * comparator-offset-mc @ ss_27c_3.30v -- generated by sim/harness, do not edit

Doing analysis at TEMP = 27.000000 and TNOM = 27.000000

Using SPARSE 1.3 as Direct Linear Solver

No. of Data Rows : 6
voa = 8.6625890147e-04
ddc = -1.659842354e-07
dde = 1.6278520407e-07
Reset re-loads circuit * comparator-offset-mc @ ss_27c_3.30v -- generated by sim/harness, do not edit

Circuit: * comparator-offset-mc @ ss_27c_3.30v -- generated by sim/harness, do not edit

Doing analysis at TEMP = 27.000000 and TNOM = 27.000000

Using SPARSE 1.3 as Direct Linear Solver
 Reference value :  0.00000e+00
No. of Data Rows : 6
voa = 5.4578455390e-05
ddc = -3.522437722e-08
dde = 3.5215350220e-08
Reset re-loads circuit * comparator-offset-mc @ ss_27c_3.30v -- generated by sim/harness, do not edit

Circuit: * comparator-offset-mc @ ss_27c_3.30v -- generated by sim/harness, do not edit

Doing analysis at TEMP = 27.000000 and TNOM = 27.000000

Using SPARSE 1.3 as Direct Linear Solver

No. of Data Rows : 6
voa = 7.8911806247e-04
ddc = -1.677105572e-07
dde = 1.6523830759e-07
Reset re-loads circuit * comparator-offset-mc @ ss_27c_3.30v -- generated by sim/harness, do not edit

Circuit: * comparator-offset-mc @ ss_27c_3.30v -- generated by sim/harness, do not edit

Doing analysis at TEMP = 27.000000 and TNOM = 27.000000

Using SPARSE 1.3 as Direct Linear Solver

No. of Data Rows : 6
voa = -2.912645599e-07
ddc = -4.939774099e-09
dde = 5.0778657344e-09
Reset re-loads circuit * comparator-offset-mc @ ss_27c_3.30v -- generated by sim/harness, do not edit

Circuit: * comparator-offset-mc @ ss_27c_3.30v -- generated by sim/harness, do not edit

Doing analysis at TEMP = 27.000000 and TNOM = 27.000000

Using SPARSE 1.3 as Direct Linear Solver

No. of Data Rows : 6
voa = 8.9803158613e-04
ddc = -1.630286102e-07
dde = 1.5965769410e-07
Reset re-loads circuit * comparator-offset-mc @ ss_27c_3.30v -- generated by sim/harness, do not edit

Circuit: * comparator-offset-mc @ ss_27c_3.30v -- generated by sim/harness, do not edit

Doing analysis at TEMP = 27.000000 and TNOM = 27.000000

Using SPARSE 1.3 as Direct Linear Solver

No. of Data Rows : 6
voa = 3.8184677278e-04
ddc = -6.818428312e-08
dde = 6.6662129830e-08
Reset re-loads circuit * comparator-offset-mc @ ss_27c_3.30v -- generated by sim/harness, do not edit

Circuit: * comparator-offset-mc @ ss_27c_3.30v -- generated by sim/harness, do not edit

Doing analysis at TEMP = 27.000000 and TNOM = 27.000000

Using SPARSE 1.3 as Direct Linear Solver

No. of Data Rows : 6
voa = 1.7835849391e-03
ddc = -3.361306407e-07
dde = 3.2789742685e-07
Reset re-loads circuit * comparator-offset-mc @ ss_27c_3.30v -- generated by sim/harness, do not edit

Circuit: * comparator-offset-mc @ ss_27c_3.30v -- generated by sim/harness, do not edit

Doing analysis at TEMP = 27.000000 and TNOM = 27.000000

Using SPARSE 1.3 as Direct Linear Solver

No. of Data Rows : 6
voa = -4.051212599e-04
ddc = 1.3331581409e-07
dde = -1.321852589e-07
Reset re-loads circuit * comparator-offset-mc @ ss_27c_3.30v -- generated by sim/harness, do not edit

Circuit: * comparator-offset-mc @ ss_27c_3.30v -- generated by sim/harness, do not edit

Doing analysis at TEMP = 27.000000 and TNOM = 27.000000

Using SPARSE 1.3 as Direct Linear Solver

No. of Data Rows : 6
voa = 3.6661632529e-04
ddc = -5.328162589e-08
dde = 5.1746086129e-08
Reset re-loads circuit * comparator-offset-mc @ ss_27c_3.30v -- generated by sim/harness, do not edit

Circuit: * comparator-offset-mc @ ss_27c_3.30v -- generated by sim/harness, do not edit

Doing analysis at TEMP = 27.000000 and TNOM = 27.000000

Using SPARSE 1.3 as Direct Linear Solver

No. of Data Rows : 6
voa = -5.113460045e-04
ddc = 9.5665033786e-08
dde = -9.379331054e-08
Reset re-loads circuit * comparator-offset-mc @ ss_27c_3.30v -- generated by sim/harness, do not edit

Circuit: * comparator-offset-mc @ ss_27c_3.30v -- generated by sim/harness, do not edit

Doing analysis at TEMP = 27.000000 and TNOM = 27.000000

Using SPARSE 1.3 as Direct Linear Solver

No. of Data Rows : 6
voa = 3.3595090445e-04
ddc = -8.330012438e-08
dde = 8.2110631639e-08
Reset re-loads circuit * comparator-offset-mc @ ss_27c_3.30v -- generated by sim/harness, do not edit

Circuit: * comparator-offset-mc @ ss_27c_3.30v -- generated by sim/harness, do not edit

Doing analysis at TEMP = 27.000000 and TNOM = 27.000000

Using SPARSE 1.3 as Direct Linear Solver

No. of Data Rows : 6
voa = -7.793724273e-05
ddc = 4.0860565245e-08
dde = -4.071751696e-08
Reset re-loads circuit * comparator-offset-mc @ ss_27c_3.30v -- generated by sim/harness, do not edit

Circuit: * comparator-offset-mc @ ss_27c_3.30v -- generated by sim/harness, do not edit

Doing analysis at TEMP = 27.000000 and TNOM = 27.000000

Using SPARSE 1.3 as Direct Linear Solver

No. of Data Rows : 6
voa = -2.104343709e-04
ddc = 3.0653302348e-08
dde = -2.983507254e-08
Reset re-loads circuit * comparator-offset-mc @ ss_27c_3.30v -- generated by sim/harness, do not edit

Circuit: * comparator-offset-mc @ ss_27c_3.30v -- generated by sim/harness, do not edit

Doing analysis at TEMP = 27.000000 and TNOM = 27.000000

Using SPARSE 1.3 as Direct Linear Solver

No. of Data Rows : 6
voa = 1.2561384847e-03
ddc = -2.690330542e-07
dde = 2.6453322812e-07
m_n_samples = 2.0000000000e+02
m_sig_vos_mv = 9.3427660658e-01
m_vos_3sig_mv = 2.8028298197e+00
m_mean_vos_uv = 6.9319184957e+01
m_mean_vos_sem = 1.0492838075e+00
m_sig_dvos_dn_uv = 1.8915518149e-01
m_sig_dvos_up_uv = 1.8472548277e-01
m_mean_dvos_dn_uv = -9.043911617e-03
m_mean_dvos_up_uv = 9.3902950706e-03
m_av_mean = 2.0878906978e+01
m_av_sigma_pct = 5.1047103042e-01
m_sig_rpair_uv = 0.0000000000e+00
m_vbias_anchor_mv = 1.1238392798e+03
Note: Simulation executed from .control section 

Warning: m=xx on .subckt line will override multiplier m hierarchy!

