
Note: Compatibility modes selected: hs a


Circuit: * comparator-kickback @ ff_125c_3.30v -- generated by sim/harness, do not edit

Doing analysis at TEMP = 125.000000 and TNOM = 27.000000

Using SPARSE 1.3 as Direct Linear Solver

Initial Transient Solution
--------------------------

Node                                   Voltage
----                                   -------
vdd                                        3.3
cm                                        1.65
clk                                          0
sa                                       0.001
asp                                     1.6505
asn                                     1.6495
apa                                     1.6505
ana                                     1.6495
ibna                                  0.861999
xa.xa.atail                           0.850617
xa.aon                                 2.36339
xa.aop                                  2.3749
xa.xa.xrn.11                           2.36395
xa.xa.xrn.21                           3.29943
xa.xa.xrp.11                           2.37546
xa.xa.xrp.21                           3.29944
xa.xl.ltail                            1.87309
xa.xl.mn                                   3.3
xa.xl.mp                                   3.3
xa.xl.qn                                   3.3
xa.xl.qp                                   3.3
xa.xl.sp                           4.44331e-08
xa.xl.sn                           4.44331e-08
xa.xl.na                               3.12716
douta                                  1.64613
doutba                                 1.64613
xa.xl.nb                               3.12716
sb                                       0.001
bsp                                     1.6505
bsn                                     1.6495
bpp                                     1.6505
bpn                                     1.6495
ibnb                                  0.861999
xb.xa.atail                           0.850617
xb.aon                                 2.36339
xb.aop                                  2.3749
xb.xa.xrn.11                           2.36395
xb.xa.xrn.21                           3.29943
xb.xa.xrp.11                           2.37546
xb.xa.xrp.21                           3.29944
xb.xl.ltail                            1.87309
xb.xl.mn                                   3.3
xb.xl.mp                                   3.3
xb.xl.qn                                   3.3
xb.xl.qp                                   3.3
xb.xl.sp                           4.44331e-08
xb.xl.sn                           4.44331e-08
xb.xl.na                               3.12716
doutb                                  1.64613
doutbb                                 1.64613
xb.xl.nb                               3.12716
sc                                         0.1
csp                                        1.7
csn                                        1.6
cpp                                        1.7
cpn                                        1.6
ibnc                                  0.861999
xc.xa.atail                           0.859171
xc.aon                                 1.84072
xc.aop                                 2.89728
xc.xa.xrn.11                            1.8416
xc.xa.xrn.21                           3.29912
xc.xa.xrp.11                           2.89753
xc.xa.xrp.21                           3.29976
xc.xl.ltail                            2.29084
xc.xl.mn                                   3.3
xc.xl.mp                                   3.3
xc.xl.qn                                   3.3
xc.xl.qp                                   3.3
xc.xl.sp                           4.44331e-08
xc.xl.sn                           4.44331e-08
xc.xl.na                               3.12716
doutc                                  1.64613
doutbc                                 1.64613
xc.xl.nb                               3.12716
ad                                           0
bd                                       0.001
cd                                         0.1
bc                                           0
dan                                   0.498827
dbn                                   0.498827
dcn                                   0.498827
bdcn#branch                                  0
bdbn#branch                                  0
bdan#branch                                  0
bbc#branch                                   0
bcd#branch                                   0
bbd#branch                                   0
bad#branch                                   0
ecsn#branch                       -7.66183e-26
ecsp#branch                        -4.9839e-26
ebsn#branch                       -6.16181e-26
ebsp#branch                       -6.48391e-26
easn#branch                        8.11747e-20
easp#branch                        5.51746e-20
vsc#branch                                   0
vsb#branch                                   0
vsa#branch                                   0
vclk#branch                                  0
vcm#branch                         1.36349e-19
vsup#branch                        -0.00130008

 Reference value :  0.00000e+00
 Reference value :  8.50150e-10
 Reference value :  1.70453e-09
 Reference value :  3.43952e-09
 Reference value :  4.69952e-09
 Reference value :  6.21952e-09
 Reference value :  8.28952e-09
 Reference value :  1.01545e-08
 Reference value :  1.19195e-08
 Reference value :  1.37995e-08
 Reference value :  1.56845e-08
 Reference value :  1.85695e-08
 Reference value :  2.14395e-08
 Reference value :  2.45495e-08
 Reference value :  2.67145e-08
 Reference value :  2.84195e-08
 Reference value :  3.01976e-08
 Reference value :  3.23662e-08
 Reference value :  3.42912e-08
 Reference value :  3.65612e-08
 Reference value :  3.88212e-08
 Reference value :  4.08661e-08
 Reference value :  4.23761e-08
 Reference value :  4.36611e-08
 Reference value :  4.54011e-08
 Reference value :  4.75961e-08
 Reference value :  5.00061e-08
 Reference value :  5.23311e-08
 Reference value :  5.48061e-08
 Reference value :  5.66111e-08
 Reference value :  5.83861e-08
No. of Data Rows : 12048
ad_pos              =  6.86569e-03 at=  4.04511e-08
ad_neg              =  -5.87362e-03 at=  3.01193e-08
ap0                 =  1.65050e+00
apmax               =  1.65737e+00 at=  4.04511e-08
apmin               =  1.64463e+00 at=  3.01193e-08
bd0                 =  1.00000e-03
bd1                 =  1.00005e-03
cd0                 =  1.00000e-01
cd1                 =  1.00004e-01
bc0                 =  -2.51958e-09
bc1                 =  2.36557e-05
bp0                 =  1.65050e+00
bn0                 =  1.64950e+00
bp1                 =  1.65052e+00
bn1                 =  1.64952e+00
da_end              =  1.00000e+00
db_end              =  1.00000e+00
dc_end              =  1.00000e+00
m_kick_1k_peak_mv = 6.8656880000e+00
m_kick_1k_pos_mv = 6.8656880000e+00
m_kick_1k_neg_mv = -5.873617000e+00
m_kick_1k_raw_mv = 6.8660000000e+00
m_kick_resid_small_nv = 4.9000000000e+01
m_kick_resid_big_nv = 3.9000000000e+03
m_kick_sigdep_nv = 3.8510000000e+03
m_kick_cm_nv = 2.3658229577e+04
m_kick_resid_raw_uv = -2.220446049e-10
m_q_resid_small_ac = 4.9000000000e-02
m_dout_1k_end = 9.9999990000e-01
m_dout_float_small_end = 9.9999990000e-01
m_dout_float_big_end = 9.9999990000e-01
Note: Simulation executed from .control section 

Warning: m=xx on .subckt line will override multiplier m hierarchy!

Note: Starting dynamic gmin stepping
Note: Dynamic gmin stepping completed
