
Note: Compatibility modes selected: hs a


Circuit: * comparator-kickback @ ff_125c_2.97v -- generated by sim/harness, do not edit

Doing analysis at TEMP = 125.000000 and TNOM = 27.000000

Using SPARSE 1.3 as Direct Linear Solver

Initial Transient Solution
--------------------------

Node                                   Voltage
----                                   -------
vdd                                       2.97
cm                                        1.65
clk                                          0
sa                                       0.001
asp                                     1.6505
asn                                     1.6495
apa                                     1.6505
ana                                     1.6495
ibna                                  0.861999
xa.xa.atail                           0.850228
xa.aon                                  2.0334
xa.aop                                  2.0449
xa.xa.xrn.11                           2.03396
xa.xa.xrn.21                           2.96943
xa.xa.xrp.11                           2.04546
xa.xa.xrp.21                           2.96944
xa.xl.ltail                            1.59874
xa.xl.mn                                  2.97
xa.xl.mp                                  2.97
xa.xl.qn                                  2.97
xa.xl.qp                                  2.97
xa.xl.sp                           4.54513e-08
xa.xl.sn                           4.54513e-08
xa.xl.na                               2.82575
douta                                  1.47141
doutba                                 1.47141
xa.xl.nb                               2.82575
sb                                       0.001
bsp                                     1.6505
bsn                                     1.6495
bpp                                     1.6505
bpn                                     1.6495
ibnb                                  0.861999
xb.xa.atail                           0.850228
xb.aon                                  2.0334
xb.aop                                  2.0449
xb.xa.xrn.11                           2.03396
xb.xa.xrn.21                           2.96943
xb.xa.xrp.11                           2.04546
xb.xa.xrp.21                           2.96944
xb.xl.ltail                            1.59874
xb.xl.mn                                  2.97
xb.xl.mp                                  2.97
xb.xl.qn                                  2.97
xb.xl.qp                                  2.97
xb.xl.sp                           4.54513e-08
xb.xl.sn                           4.54513e-08
xb.xl.na                               2.82575
doutb                                  1.47141
doutbb                                 1.47141
xb.xl.nb                               2.82575
sc                                         0.1
csp                                        1.7
csn                                        1.6
cpp                                        1.7
cpn                                        1.6
ibnc                                  0.861999
xc.xa.atail                           0.858736
xc.aon                                 1.51112
xc.aop                                 2.56702
xc.xa.xrn.11                             1.512
xc.xa.xrn.21                           2.96912
xc.xa.xrp.11                           2.56726
xc.xa.xrp.21                           2.96976
xc.xl.ltail                            2.01191
xc.xl.mn                                  2.97
xc.xl.mp                                  2.97
xc.xl.qn                                  2.97
xc.xl.qp                                  2.97
xc.xl.sp                           4.54513e-08
xc.xl.sn                           4.54513e-08
xc.xl.na                               2.82575
doutc                                  1.47141
doutbc                                 1.47141
xc.xl.nb                               2.82575
ad                                           0
bd                                       0.001
cd                                         0.1
bc                                           0
dan                                   0.495425
dbn                                   0.495425
dcn                                   0.495425
bdcn#branch                                  0
bdbn#branch                                  0
bdan#branch                                  0
bbc#branch                                   0
bcd#branch                                   0
bbd#branch                                   0
bad#branch                                   0
ecsn#branch                       -7.66183e-26
ecsp#branch                        -4.9839e-26
ebsn#branch                       -6.16181e-26
ebsp#branch                       -6.48391e-26
easn#branch                        8.11747e-20
easp#branch                        5.51746e-20
vsc#branch                                   0
vsb#branch                                   0
vsa#branch                                   0
vclk#branch                                  0
vcm#branch                         1.36349e-19
vsup#branch                        -0.00102537

 Reference value :  0.00000e+00
 Reference value :  1.03140e-09
 Reference value :  1.82578e-09
 Reference value :  3.47577e-09
 Reference value :  4.98577e-09
 Reference value :  6.96077e-09
 Reference value :  9.08578e-09
 Reference value :  1.10108e-08
 Reference value :  1.27558e-08
 Reference value :  1.44408e-08
 Reference value :  1.63558e-08
 Reference value :  1.84808e-08
 Reference value :  2.15158e-08
 Reference value :  2.42158e-08
 Reference value :  2.71708e-08
 Reference value :  2.89158e-08
 Reference value :  2.97801e-08
 Reference value :  3.15134e-08
 Reference value :  3.33684e-08
 Reference value :  3.53334e-08
 Reference value :  3.83184e-08
 Reference value :  4.04325e-08
 Reference value :  4.21375e-08
 Reference value :  4.34175e-08
 Reference value :  4.48925e-08
 Reference value :  4.71925e-08
 Reference value :  4.94875e-08
 Reference value :  5.18725e-08
 Reference value :  5.48325e-08
 Reference value :  5.66225e-08
 Reference value :  5.84925e-08
No. of Data Rows : 12042
ad_pos              =  5.86766e-03 at=  4.04525e-08
ad_neg              =  -5.23391e-03 at=  3.01207e-08
ap0                 =  1.65050e+00
apmax               =  1.65637e+00 at=  4.04525e-08
apmin               =  1.64527e+00 at=  3.01207e-08
bd0                 =  1.00000e-03
bd1                 =  1.00009e-03
cd0                 =  1.00000e-01
cd1                 =  1.00005e-01
bc0                 =  -2.51345e-09
bc1                 =  2.41290e-05
bp0                 =  1.65050e+00
bn0                 =  1.64950e+00
bp1                 =  1.65052e+00
bn1                 =  1.64952e+00
da_end              =  1.00000e+00
db_end              =  1.00000e+00
dc_end              =  1.00000e+00
m_kick_1k_peak_mv = 5.8676620000e+00
m_kick_1k_pos_mv = 5.8676620000e+00
m_kick_1k_neg_mv = -5.233913000e+00
m_kick_1k_raw_mv = 5.8680000000e+00
m_kick_resid_small_nv = 9.1000000000e+01
m_kick_resid_big_nv = 5.2000000000e+03
m_kick_sigdep_nv = 5.1090000000e+03
m_kick_cm_nv = 2.4131553450e+04
m_kick_resid_raw_uv = -2.220446049e-10
m_q_resid_small_ac = 9.1000000000e-02
m_dout_1k_end = 9.9999990000e-01
m_dout_float_small_end = 9.9999990000e-01
m_dout_float_big_end = 9.9999990000e-01
Note: Simulation executed from .control section 

Warning: m=xx on .subckt line will override multiplier m hierarchy!

Note: Starting dynamic gmin stepping
Note: Dynamic gmin stepping completed
