
Note: Compatibility modes selected: hs a


Circuit: * comparator-kickback @ ff_27c_3.63v -- generated by sim/harness, do not edit

Doing analysis at TEMP = 27.000000 and TNOM = 27.000000

Using SPARSE 1.3 as Direct Linear Solver

Initial Transient Solution
--------------------------

Node                                   Voltage
----                                   -------
vdd                                       3.63
cm                                        1.65
clk                                          0
sa                                       0.001
asp                                     1.6505
asn                                     1.6495
apa                                     1.6505
ana                                     1.6495
ibna                                  0.879769
xa.xa.atail                            0.78768
xa.aon                                 2.61753
xa.aop                                 2.63244
xa.xa.xrn.11                           2.61842
xa.xa.xrn.21                           3.62911
xa.xa.xrp.11                           2.63331
xa.xa.xrp.21                           3.62913
xa.xl.ltail                            2.05572
xa.xl.mn                                  3.63
xa.xl.mp                                  3.63
xa.xl.qn                                  3.63
xa.xl.qp                                  3.63
xa.xl.sp                            5.4621e-09
xa.xl.sn                            5.4621e-09
xa.xl.na                               3.44143
douta                                  1.80035
doutba                                 1.80035
xa.xl.nb                               3.44143
sb                                       0.001
bsp                                     1.6505
bsn                                     1.6495
bpp                                     1.6505
bpn                                     1.6495
ibnb                                  0.879769
xb.xa.atail                            0.78768
xb.aon                                 2.61753
xb.aop                                 2.63244
xb.xa.xrn.11                           2.61842
xb.xa.xrn.21                           3.62911
xb.xa.xrp.11                           2.63331
xb.xa.xrp.21                           3.62913
xb.xl.ltail                            2.05572
xb.xl.mn                                  3.63
xb.xl.mp                                  3.63
xb.xl.qn                                  3.63
xb.xl.qp                                  3.63
xb.xl.sp                            5.4621e-09
xb.xl.sn                            5.4621e-09
xb.xl.na                               3.44143
doutb                                  1.80035
doutbb                                 1.80035
xb.xl.nb                               3.44143
sc                                         0.1
csp                                        1.7
csn                                        1.6
cpp                                        1.7
cpn                                        1.6
ibnc                                  0.879769
xc.xa.atail                           0.798032
xc.aon                                 1.96502
xc.aop                                 3.28339
xc.xa.xrn.11                           1.96648
xc.xa.xrn.21                           3.62854
xc.xa.xrp.11                            3.2837
xc.xa.xrp.21                            3.6297
xc.xl.ltail                            2.59239
xc.xl.mn                                  3.63
xc.xl.mp                                  3.63
xc.xl.qn                                  3.63
xc.xl.qp                                  3.63
xc.xl.sp                            5.4621e-09
xc.xl.sn                            5.4621e-09
xc.xl.na                               3.44143
doutc                                  1.80035
doutbc                                 1.80035
xc.xl.nb                               3.44143
ad                                           0
bd                                       0.001
cd                                         0.1
bc                                           0
dan                                   0.495965
dbn                                   0.495965
dcn                                   0.495965
bdcn#branch                                  0
bdbn#branch                                  0
bdan#branch                                  0
bbc#branch                                   0
bcd#branch                                   0
bbd#branch                                   0
bad#branch                                   0
ecsn#branch                       -7.66183e-26
ecsp#branch                        -4.9839e-26
ebsn#branch                       -6.16181e-26
ebsp#branch                       -6.48391e-26
easn#branch                        8.11747e-20
easp#branch                        5.51746e-20
vsc#branch                                   0
vsb#branch                                   0
vsa#branch                                   0
vclk#branch                                  0
vcm#branch                         1.36349e-19
vsup#branch                        -0.00182323

 Reference value :  0.00000e+00
 Reference value :  5.61400e-10
 Reference value :  1.16890e-09
 Reference value :  2.62827e-09
 Reference value :  3.96827e-09
 Reference value :  5.69827e-09
 Reference value :  7.82827e-09
 Reference value :  9.84828e-09
 Reference value :  1.16933e-08
 Reference value :  1.34883e-08
 Reference value :  1.55333e-08
 Reference value :  1.83483e-08
 Reference value :  2.15933e-08
 Reference value :  2.47683e-08
 Reference value :  2.70433e-08
 Reference value :  2.88333e-08
 Reference value :  3.08320e-08
 Reference value :  3.29170e-08
 Reference value :  3.49420e-08
 Reference value :  3.75620e-08
 Reference value :  3.95320e-08
 Reference value :  4.12188e-08
 Reference value :  4.25338e-08
 Reference value :  4.38988e-08
 Reference value :  4.57838e-08
 Reference value :  4.77238e-08
 Reference value :  4.96288e-08
 Reference value :  5.18988e-08
 Reference value :  5.40488e-08
 Reference value :  5.59288e-08
 Reference value :  5.80088e-08
No. of Data Rows : 12071
ad_pos              =  8.81961e-03 at=  4.03988e-08
ad_neg              =  -6.55187e-03 at=  3.01118e-08
ap0                 =  1.65050e+00
apmax               =  1.65932e+00 at=  4.03988e-08
apmin               =  1.64395e+00 at=  3.01118e-08
bd0                 =  1.00000e-03
bd1                 =  1.00004e-03
cd0                 =  1.00000e-01
cd1                 =  1.00003e-01
bc0                 =  -2.40403e-12
bc1                 =  2.87301e-05
bp0                 =  1.65050e+00
bn0                 =  1.64950e+00
bp1                 =  1.65053e+00
bn1                 =  1.64953e+00
da_end              =  1.00000e+00
db_end              =  1.00000e+00
dc_end              =  1.00000e+00
m_kick_1k_peak_mv = 8.8196150000e+00
m_kick_1k_pos_mv = 8.8196150000e+00
m_kick_1k_neg_mv = -6.551874000e+00
m_kick_1k_raw_mv = 8.8200000000e+00
m_kick_resid_small_nv = 4.3000000000e+01
m_kick_resid_big_nv = 3.5000000000e+03
m_kick_sigdep_nv = 3.4570000000e+03
m_kick_cm_nv = 2.8730122404e+04
m_kick_resid_raw_uv = -2.220446049e-10
m_q_resid_small_ac = 4.3000000000e-02
m_dout_1k_end = 1.0000000000e+00
m_dout_float_small_end = 1.0000000000e+00
m_dout_float_big_end = 1.0000000000e+00
Note: Simulation executed from .control section 

Warning: m=xx on .subckt line will override multiplier m hierarchy!

Note: Starting dynamic gmin stepping
Note: Dynamic gmin stepping completed
