
Note: Compatibility modes selected: hs a


Circuit: * comparator-kickback @ ff_27c_2.97v -- generated by sim/harness, do not edit

Doing analysis at TEMP = 27.000000 and TNOM = 27.000000

Using SPARSE 1.3 as Direct Linear Solver

Initial Transient Solution
--------------------------

Node                                   Voltage
----                                   -------
vdd                                       2.97
cm                                        1.65
clk                                          0
sa                                       0.001
asp                                     1.6505
asn                                     1.6495
apa                                     1.6505
ana                                     1.6495
ibna                                  0.879769
xa.xa.atail                           0.786886
xa.aon                                 1.95762
xa.aop                                 1.97252
xa.xa.xrn.11                           1.95851
xa.xa.xrn.21                           2.96911
xa.xa.xrp.11                            1.9734
xa.xa.xrp.21                           2.96913
xa.xl.ltail                            1.50786
xa.xl.mn                                  2.97
xa.xl.mp                                  2.97
xa.xl.qn                                  2.97
xa.xl.qp                                  2.97
xa.xl.sp                           3.62025e-09
xa.xl.sn                           3.62025e-09
xa.xl.na                               2.84175
douta                                   1.4525
doutba                                  1.4525
xa.xl.nb                               2.84175
sb                                       0.001
bsp                                     1.6505
bsn                                     1.6495
bpp                                     1.6505
bpn                                     1.6495
ibnb                                  0.879769
xb.xa.atail                           0.786886
xb.aon                                 1.95762
xb.aop                                 1.97252
xb.xa.xrn.11                           1.95851
xb.xa.xrn.21                           2.96911
xb.xa.xrp.11                            1.9734
xb.xa.xrp.21                           2.96913
xb.xl.ltail                            1.50786
xb.xl.mn                                  2.97
xb.xl.mp                                  2.97
xb.xl.qn                                  2.97
xb.xl.qp                                  2.97
xb.xl.sp                           3.62025e-09
xb.xl.sn                           3.62025e-09
xb.xl.na                               2.84175
doutb                                   1.4525
doutbb                                  1.4525
xb.xl.nb                               2.84175
sc                                         0.1
csp                                        1.7
csn                                        1.6
cpp                                        1.7
cpn                                        1.6
ibnc                                  0.879769
xc.xa.atail                           0.797148
xc.aon                                 1.30562
xc.aop                                 2.62428
xc.xa.xrn.11                           1.30708
xc.xa.xrn.21                           2.96854
xc.xa.xrp.11                           2.62458
xc.xa.xrp.21                            2.9697
xc.xl.ltail                            2.03331
xc.xl.mn                                  2.97
xc.xl.mp                                  2.97
xc.xl.qn                                  2.97
xc.xl.qp                                  2.97
xc.xl.sp                           3.62025e-09
xc.xl.sn                           3.62025e-09
xc.xl.na                               2.84175
doutc                                   1.4525
doutbc                                  1.4525
xc.xl.nb                               2.84175
ad                                           0
bd                                       0.001
cd                                         0.1
bc                                           0
dan                                   0.489058
dbn                                   0.489058
dcn                                   0.489058
bdcn#branch                                  0
bdbn#branch                                  0
bdan#branch                                  0
bbc#branch                                   0
bcd#branch                                   0
bbd#branch                                   0
bad#branch                                   0
ecsn#branch                       -7.66183e-26
ecsp#branch                        -4.9839e-26
ebsn#branch                       -6.16181e-26
ebsp#branch                       -6.48391e-26
easn#branch                        8.11747e-20
easp#branch                        5.51746e-20
vsc#branch                                   0
vsb#branch                                   0
vsa#branch                                   0
vclk#branch                                  0
vcm#branch                         1.36349e-19
vsup#branch                        -0.00112577

 Reference value :  0.00000e+00
 Reference value :  6.60150e-10
 Reference value :  1.46203e-09
 Reference value :  3.03702e-09
 Reference value :  4.50702e-09
 Reference value :  6.86702e-09
 Reference value :  8.96203e-09
 Reference value :  1.08270e-08
 Reference value :  1.26370e-08
 Reference value :  1.45870e-08
 Reference value :  1.64070e-08
 Reference value :  1.91520e-08
 Reference value :  2.20370e-08
 Reference value :  2.51020e-08
 Reference value :  2.72570e-08
 Reference value :  2.90470e-08
 Reference value :  3.05514e-08
 Reference value :  3.25603e-08
 Reference value :  3.45053e-08
 Reference value :  3.67253e-08
 Reference value :  3.92403e-08
 Reference value :  4.12248e-08
 Reference value :  4.30148e-08
 Reference value :  4.49098e-08
 Reference value :  4.69848e-08
 Reference value :  4.97198e-08
 Reference value :  5.25148e-08
 Reference value :  5.48648e-08
 Reference value :  5.75748e-08
 Reference value :  5.93598e-08
No. of Data Rows : 12064
ad_pos              =  6.39715e-03 at=  4.03898e-08
ad_neg              =  -5.14990e-03 at=  3.01178e-08
ap0                 =  1.65050e+00
apmax               =  1.65690e+00 at=  4.03898e-08
apmin               =  1.64535e+00 at=  3.01178e-08
bd0                 =  1.00000e-03
bd1                 =  1.00013e-03
cd0                 =  1.00000e-01
cd1                 =  1.00003e-01
bc0                 =  -6.35553e-14
bc1                 =  2.84519e-05
bp0                 =  1.65050e+00
bn0                 =  1.64950e+00
bp1                 =  1.65053e+00
bn1                 =  1.64953e+00
da_end              =  1.00000e+00
db_end              =  1.00000e+00
dc_end              =  1.00000e+00
m_kick_1k_peak_mv = 6.3971450000e+00
m_kick_1k_pos_mv = 6.3971450000e+00
m_kick_1k_neg_mv = -5.149900000e+00
m_kick_1k_raw_mv = 6.3970000000e+00
m_kick_resid_small_nv = 1.2600000000e+02
m_kick_resid_big_nv = 3.2000000000e+03
m_kick_sigdep_nv = 3.0740000000e+03
m_kick_cm_nv = 2.8451880064e+04
m_kick_resid_raw_uv = 9.9999999992e-01
m_q_resid_small_ac = 1.2600000000e-01
m_dout_1k_end = 1.0000000000e+00
m_dout_float_small_end = 1.0000000000e+00
m_dout_float_big_end = 1.0000000000e+00
Note: Simulation executed from .control section 

Warning: m=xx on .subckt line will override multiplier m hierarchy!

Note: Starting dynamic gmin stepping
Note: Dynamic gmin stepping completed
