
Note: Compatibility modes selected: hs a


Circuit: * comparator-kickback @ fs_-40c_3.30v -- generated by sim/harness, do not edit

Doing analysis at TEMP = -40.000000 and TNOM = 27.000000

Using SPARSE 1.3 as Direct Linear Solver

Initial Transient Solution
--------------------------

Node                                   Voltage
----                                   -------
vdd                                        3.3
cm                                        1.65
clk                                          0
sa                                       0.001
asp                                     1.6505
asn                                     1.6495
apa                                     1.6505
ana                                     1.6495
ibna                                  0.924461
xa.xa.atail                           0.713033
xa.aon                                 1.93015
xa.aop                                 1.95333
xa.xa.xrn.11                           1.93169
xa.xa.xrn.21                           3.29846
xa.xa.xrp.11                           1.95485
xa.xa.xrp.21                           3.29849
xa.xl.ltail                            1.33727
xa.xl.mn                                   3.3
xa.xl.mp                                   3.3
xa.xl.qn                                   3.3
xa.xl.qp                                   3.3
xa.xl.sp                           3.16802e-09
xa.xl.sn                           3.16802e-09
xa.xl.na                               3.17223
douta                                  1.48993
doutba                                 1.48993
xa.xl.nb                               3.17223
sb                                       0.001
bsp                                     1.6505
bsn                                     1.6495
bpp                                     1.6505
bpn                                     1.6495
ibnb                                  0.924461
xb.xa.atail                           0.713033
xb.aon                                 1.93015
xb.aop                                 1.95333
xb.xa.xrn.11                           1.93169
xb.xa.xrn.21                           3.29846
xb.xa.xrp.11                           1.95485
xb.xa.xrp.21                           3.29849
xb.xl.ltail                            1.33726
xb.xl.mn                                   3.3
xb.xl.mp                                   3.3
xb.xl.qn                                   3.3
xb.xl.qp                                   3.3
xb.xl.sp                           3.16802e-09
xb.xl.sn                           3.16802e-09
xb.xl.na                               3.17223
doutb                                  1.48993
doutbb                                 1.48993
xb.xl.nb                               3.17223
sc                                         0.1
csp                                        1.7
csn                                        1.6
cpp                                        1.7
cpn                                        1.6
ibnc                                  0.924461
xc.xa.atail                           0.724747
xc.aon                                0.958671
xc.aop                                 2.92397
xc.xa.xrn.11                          0.961301
xc.xa.xrn.21                           3.29737
xc.xa.xrp.11                            2.9244
xc.xa.xrp.21                           3.29958
xc.xl.ltail                            2.13182
xc.xl.mn                                   3.3
xc.xl.mp                                   3.3
xc.xl.qn                                   3.3
xc.xl.qp                                   3.3
xc.xl.sp                           3.16802e-09
xc.xl.sn                           3.16802e-09
xc.xl.na                               3.17223
doutc                                  1.48993
doutbc                                 1.48993
xc.xl.nb                               3.17223
ad                                           0
bd                                       0.001
cd                                         0.1
bc                                           0
dan                                   0.451494
dbn                                   0.451494
dcn                                   0.451494
bdcn#branch                                  0
bdbn#branch                                  0
bdan#branch                                  0
bbc#branch                                   0
bcd#branch                                   0
bbd#branch                                   0
bad#branch                                   0
ecsn#branch                       -7.66183e-26
ecsp#branch                        -4.9839e-26
ebsn#branch                       -6.16181e-26
ebsp#branch                       -6.48391e-26
easn#branch                        8.11747e-20
easp#branch                        5.51746e-20
vsc#branch                                   0
vsb#branch                                   0
vsa#branch                                   0
vclk#branch                                  0
vcm#branch                         1.36349e-19
vsup#branch                        -0.00123029

 Reference value :  0.00000e+00
 Reference value :  3.84837e-10
 Reference value :  7.52181e-10
 Reference value :  1.21906e-09
 Reference value :  2.54343e-09
 Reference value :  3.81843e-09
 Reference value :  5.13343e-09
 Reference value :  6.76843e-09
 Reference value :  8.46843e-09
 Reference value :  1.10334e-08
 Reference value :  1.32634e-08
 Reference value :  1.51134e-08
 Reference value :  1.69434e-08
 Reference value :  1.88284e-08
 Reference value :  2.06734e-08
 Reference value :  2.24834e-08
 Reference value :  2.42534e-08
 Reference value :  2.60734e-08
 Reference value :  2.78734e-08
 Reference value :  2.96334e-08
 Reference value :  3.09320e-08
 Reference value :  3.26920e-08
 Reference value :  3.46320e-08
 Reference value :  3.79620e-08
 Reference value :  4.04477e-08
 Reference value :  4.26658e-08
 Reference value :  4.45408e-08
 Reference value :  4.67508e-08
 Reference value :  4.91358e-08
 Reference value :  5.17158e-08
 Reference value :  5.45858e-08
 Reference value :  5.73608e-08
 Reference value :  5.91358e-08
No. of Data Rows : 12102
ad_pos              =  7.26040e-03 at=  4.03577e-08
ad_neg              =  -5.48871e-03 at=  3.01123e-08
ap0                 =  1.65050e+00
apmax               =  1.65776e+00 at=  4.03577e-08
apmin               =  1.64501e+00 at=  3.01123e-08
bd0                 =  1.00000e-03
bd1                 =  1.00028e-03
cd0                 =  1.00000e-01
cd1                 =  9.99877e-02
bc0                 =  -1.91092e-12
bc1                 =  8.18746e-05
bp0                 =  1.65050e+00
bn0                 =  1.64950e+00
bp1                 =  1.65058e+00
bn1                 =  1.64958e+00
da_end              =  1.00000e+00
db_end              =  1.00000e+00
dc_end              =  1.00000e+00
m_kick_1k_peak_mv = 7.2603980000e+00
m_kick_1k_pos_mv = 7.2603980000e+00
m_kick_1k_neg_mv = -5.488710000e+00
m_kick_1k_raw_mv = 7.2600000000e+00
m_kick_resid_small_nv = 2.7900000000e+02
m_kick_resid_big_nv = -1.232000000e+04
m_kick_sigdep_nv = 1.2599000000e+04
m_kick_cm_nv = 8.1874611911e+04
m_kick_resid_raw_uv = 0.0000000000e+00
m_q_resid_small_ac = 2.7900000000e-01
m_dout_1k_end = 1.0000000000e+00
m_dout_float_small_end = 1.0000000000e+00
m_dout_float_big_end = 1.0000000000e+00
Note: Simulation executed from .control section 

Warning: m=xx on .subckt line will override multiplier m hierarchy!

Note: Starting dynamic gmin stepping
Note: Dynamic gmin stepping completed
