
Note: Compatibility modes selected: hs a


Circuit: * comparator-kickback @ fs_125c_3.63v -- generated by sim/harness, do not edit

Doing analysis at TEMP = 125.000000 and TNOM = 27.000000

Using SPARSE 1.3 as Direct Linear Solver

Initial Transient Solution
--------------------------

Node                                   Voltage
----                                   -------
vdd                                       3.63
cm                                        1.65
clk                                          0
sa                                       0.001
asp                                     1.6505
asn                                     1.6495
apa                                     1.6505
ana                                     1.6495
ibna                                  0.898919
xa.xa.atail                           0.820957
xa.aon                                 2.45967
xa.aop                                 2.47382
xa.xa.xrn.11                           2.46024
xa.xa.xrn.21                           3.62943
xa.xa.xrp.11                           2.47438
xa.xa.xrp.21                           3.62944
xa.xl.ltail                            1.94238
xa.xl.mn                                  3.63
xa.xl.mp                                  3.63
xa.xl.qn                                  3.63
xa.xl.qp                                  3.63
xa.xl.sp                           7.21703e-09
xa.xl.sn                           7.21703e-09
xa.xl.na                               3.44521
douta                                    1.682
doutba                                   1.682
xa.xl.nb                               3.44521
sb                                       0.001
bsp                                     1.6505
bsn                                     1.6495
bpp                                     1.6505
bpn                                     1.6495
ibnb                                  0.898919
xb.xa.atail                           0.820957
xb.aon                                 2.45967
xb.aop                                 2.47382
xb.xa.xrn.11                           2.46024
xb.xa.xrn.21                           3.62943
xb.xa.xrp.11                           2.47438
xb.xa.xrp.21                           3.62944
xb.xl.ltail                            1.94238
xb.xl.mn                                  3.63
xb.xl.mp                                  3.63
xb.xl.qn                                  3.63
xb.xl.qp                                  3.63
xb.xl.sp                           7.21703e-09
xb.xl.sn                           7.21703e-09
xb.xl.na                               3.44521
doutb                                    1.682
doutbb                                   1.682
xb.xl.nb                               3.44521
sc                                         0.1
csp                                        1.7
csn                                        1.6
cpp                                        1.7
cpn                                        1.6
ibnc                                  0.898919
xc.xa.atail                           0.829254
xc.aon                                 1.81492
xc.aop                                 3.11765
xc.xa.xrn.11                            1.8158
xc.xa.xrn.21                           3.62912
xc.xa.xrp.11                            3.1179
xc.xa.xrp.21                           3.62975
xc.xl.ltail                            2.46259
xc.xl.mn                                  3.63
xc.xl.mp                                  3.63
xc.xl.qn                                  3.63
xc.xl.qp                                  3.63
xc.xl.sp                           7.21703e-09
xc.xl.sn                           7.21703e-09
xc.xl.na                               3.44521
doutc                                    1.682
doutbc                                   1.682
xc.xl.nb                               3.44521
ad                                           0
bd                                       0.001
cd                                         0.1
bc                                           0
dan                                    0.46336
dbn                                    0.46336
dcn                                    0.46336
bdcn#branch                                  0
bdbn#branch                                  0
bdan#branch                                  0
bbc#branch                                   0
bcd#branch                                   0
bbd#branch                                   0
bad#branch                                   0
ecsn#branch                       -7.66183e-26
ecsp#branch                        -4.9839e-26
ebsn#branch                       -6.16181e-26
ebsp#branch                       -6.48391e-26
easn#branch                        8.11747e-20
easp#branch                        5.51746e-20
vsc#branch                                   0
vsb#branch                                   0
vsa#branch                                   0
vclk#branch                                  0
vcm#branch                         1.36349e-19
vsup#branch                        -0.00126395

 Reference value :  3.01400e-10
 Reference value :  1.22640e-09
 Reference value :  2.03078e-09
 Reference value :  3.70577e-09
 Reference value :  5.16077e-09
 Reference value :  6.48077e-09
 Reference value :  7.93077e-09
 Reference value :  9.75578e-09
 Reference value :  1.14008e-08
 Reference value :  1.29558e-08
 Reference value :  1.41958e-08
 Reference value :  1.54458e-08
 Reference value :  1.69208e-08
 Reference value :  1.84408e-08
 Reference value :  2.01708e-08
 Reference value :  2.19908e-08
 Reference value :  2.37708e-08
 Reference value :  2.55458e-08
 Reference value :  2.73958e-08
 Reference value :  2.90908e-08
 Reference value :  3.05443e-08
 Reference value :  3.22073e-08
 Reference value :  3.43623e-08
 Reference value :  3.73173e-08
 Reference value :  3.99573e-08
 Reference value :  4.22962e-08
 Reference value :  4.40512e-08
 Reference value :  4.63462e-08
 Reference value :  4.88062e-08
 Reference value :  5.12762e-08
 Reference value :  5.38412e-08
 Reference value :  5.63712e-08
 Reference value :  5.81312e-08
 Reference value :  5.99562e-08
No. of Data Rows : 12043
ad_pos              =  7.60689e-03 at=  4.04762e-08
ad_neg              =  -6.66167e-03 at=  3.01165e-08
ap0                 =  1.65050e+00
apmax               =  1.65811e+00 at=  4.04762e-08
apmin               =  1.64384e+00 at=  3.01165e-08
bd0                 =  1.00000e-03
bd1                 =  1.00007e-03
cd0                 =  1.00000e-01
cd1                 =  1.00005e-01
bc0                 =  -2.68733e-09
bc1                 =  6.72555e-05
bp0                 =  1.65050e+00
bn0                 =  1.64950e+00
bp1                 =  1.65057e+00
bn1                 =  1.64957e+00
da_end              =  1.00000e+00
db_end              =  1.00000e+00
dc_end              =  1.00000e+00
m_kick_1k_peak_mv = 7.6068860000e+00
m_kick_1k_pos_mv = 7.6068860000e+00
m_kick_1k_neg_mv = -6.661671000e+00
m_kick_1k_raw_mv = 7.6070000000e+00
m_kick_resid_small_nv = 6.6000000000e+01
m_kick_resid_big_nv = 5.1000000000e+03
m_kick_sigdep_nv = 5.0340000000e+03
m_kick_cm_nv = 6.7258157330e+04
m_kick_resid_raw_uv = -2.220446049e-10
m_q_resid_small_ac = 6.6000000000e-02
m_dout_1k_end = 9.9999990000e-01
m_dout_float_small_end = 9.9999990000e-01
m_dout_float_big_end = 9.9999990000e-01
Note: Simulation executed from .control section 

Warning: m=xx on .subckt line will override multiplier m hierarchy!

Note: Starting dynamic gmin stepping
Note: Dynamic gmin stepping completed
