
Note: Compatibility modes selected: hs a


Circuit: * comparator-kickback @ fs_27c_3.63v -- generated by sim/harness, do not edit

Doing analysis at TEMP = 27.000000 and TNOM = 27.000000

Using SPARSE 1.3 as Direct Linear Solver

Initial Transient Solution
--------------------------

Node                                   Voltage
----                                   -------
vdd                                       3.63
cm                                        1.65
clk                                          0
sa                                       0.001
asp                                     1.6505
asn                                     1.6495
apa                                     1.6505
ana                                     1.6495
ibna                                   0.91486
xa.xa.atail                           0.758334
xa.aon                                 2.36534
xa.aop                                 2.38365
xa.xa.xrn.11                           2.36623
xa.xa.xrn.21                           3.62911
xa.xa.xrp.11                           2.38452
xa.xa.xrp.21                           3.62913
xa.xl.ltail                            1.81932
xa.xl.mn                                  3.63
xa.xl.mp                                  3.63
xa.xl.qn                                  3.63
xa.xl.qp                                  3.63
xa.xl.sp                           4.66895e-09
xa.xl.sn                           4.66895e-09
xa.xl.na                               3.45974
douta                                  1.66329
doutba                                 1.66329
xa.xl.nb                               3.45974
sb                                       0.001
bsp                                     1.6505
bsn                                     1.6495
bpp                                     1.6505
bpn                                     1.6495
ibnb                                   0.91486
xb.xa.atail                           0.758334
xb.aon                                 2.36534
xb.aop                                 2.38365
xb.xa.xrn.11                           2.36623
xb.xa.xrn.21                           3.62911
xb.xa.xrp.11                           2.38452
xb.xa.xrp.21                           3.62913
xb.xl.ltail                            1.81932
xb.xl.mn                                  3.63
xb.xl.mp                                  3.63
xb.xl.qn                                  3.63
xb.xl.qp                                  3.63
xb.xl.sp                           4.66895e-09
xb.xl.sn                           4.66895e-09
xb.xl.na                               3.45974
doutb                                  1.66329
doutbb                                 1.66329
xb.xl.nb                               3.45974
sc                                         0.1
csp                                        1.7
csn                                        1.6
cpp                                        1.7
cpn                                        1.6
ibnc                                   0.91486
xc.xa.atail                           0.768335
xc.aon                                 1.56012
xc.aop                                  3.1872
xc.xa.xrn.11                           1.56157
xc.xa.xrn.21                           3.62855
xc.xa.xrp.11                           3.18752
xc.xa.xrp.21                           3.62969
xc.xl.ltail                             2.4782
xc.xl.mn                                  3.63
xc.xl.mp                                  3.63
xc.xl.qn                                  3.63
xc.xl.qp                                  3.63
xc.xl.sp                           4.66895e-09
xc.xl.sn                           4.66895e-09
xc.xl.na                               3.45974
doutc                                  1.66329
doutbc                                 1.66329
xc.xl.nb                               3.45974
ad                                           0
bd                                       0.001
cd                                         0.1
bc                                           0
dan                                   0.458207
dbn                                   0.458207
dcn                                   0.458207
bdcn#branch                                  0
bdbn#branch                                  0
bdan#branch                                  0
bbc#branch                                   0
bcd#branch                                   0
bbd#branch                                   0
bad#branch                                   0
ecsn#branch                       -7.66183e-26
ecsp#branch                        -4.9839e-26
ebsn#branch                       -6.16181e-26
ebsp#branch                       -6.48391e-26
easn#branch                        8.11747e-20
easp#branch                        5.51746e-20
vsc#branch                                   0
vsb#branch                                   0
vsa#branch                                   0
vclk#branch                                  0
vcm#branch                         1.36349e-19
vsup#branch                        -0.00142745

 Reference value :  9.70250e-11
 Reference value :  5.28431e-10
 Reference value :  9.19056e-10
 Reference value :  1.21773e-09
 Reference value :  2.05148e-09
 Reference value :  3.52648e-09
 Reference value :  4.86148e-09
 Reference value :  6.29148e-09
 Reference value :  8.45148e-09
 Reference value :  1.11115e-08
 Reference value :  1.30015e-08
 Reference value :  1.48065e-08
 Reference value :  1.67065e-08
 Reference value :  1.86065e-08
 Reference value :  2.04665e-08
 Reference value :  2.21965e-08
 Reference value :  2.39315e-08
 Reference value :  2.57415e-08
 Reference value :  2.75465e-08
 Reference value :  2.92915e-08
 Reference value :  3.05884e-08
 Reference value :  3.23184e-08
 Reference value :  3.41034e-08
 Reference value :  3.69334e-08
 Reference value :  3.93884e-08
 Reference value :  4.16682e-08
 Reference value :  4.36682e-08
 Reference value :  4.57882e-08
 Reference value :  4.77182e-08
 Reference value :  4.95832e-08
 Reference value :  5.19082e-08
 Reference value :  5.49382e-08
 Reference value :  5.67582e-08
 Reference value :  5.85632e-08
No. of Data Rows : 12091
ad_pos              =  8.27779e-03 at=  4.04132e-08
ad_neg              =  -6.50130e-03 at=  3.01122e-08
ap0                 =  1.65050e+00
apmax               =  1.65878e+00 at=  4.04132e-08
apmin               =  1.64400e+00 at=  3.01122e-08
bd0                 =  1.00000e-03
bd1                 =  1.00005e-03
cd0                 =  1.00000e-01
cd1                 =  1.00006e-01
bc0                 =  -1.18571e-14
bc1                 =  7.56809e-05
bp0                 =  1.65050e+00
bn0                 =  1.64950e+00
bp1                 =  1.65058e+00
bn1                 =  1.64958e+00
da_end              =  1.00000e+00
db_end              =  1.00000e+00
dc_end              =  1.00000e+00
m_kick_1k_peak_mv = 8.2777870000e+00
m_kick_1k_pos_mv = 8.2777870000e+00
m_kick_1k_neg_mv = -6.501303000e+00
m_kick_1k_raw_mv = 8.2780000000e+00
m_kick_resid_small_nv = 4.7000000000e+01
m_kick_resid_big_nv = 6.2000000000e+03
m_kick_sigdep_nv = 6.1530000000e+03
m_kick_cm_nv = 7.5680890012e+04
m_kick_resid_raw_uv = 0.0000000000e+00
m_q_resid_small_ac = 4.7000000000e-02
m_dout_1k_end = 1.0000000000e+00
m_dout_float_small_end = 1.0000000000e+00
m_dout_float_big_end = 1.0000000000e+00
Note: Simulation executed from .control section 

Warning: m=xx on .subckt line will override multiplier m hierarchy!

Note: Starting dynamic gmin stepping
Note: Dynamic gmin stepping completed
