
Note: Compatibility modes selected: hs a


Circuit: * comparator-kickback @ sf_125c_3.30v -- generated by sim/harness, do not edit

Doing analysis at TEMP = 125.000000 and TNOM = 27.000000

Using SPARSE 1.3 as Direct Linear Solver

Initial Transient Solution
--------------------------

Node                                   Voltage
----                                   -------
vdd                                        3.3
cm                                        1.65
clk                                          0
sa                                       0.001
asp                                     1.6505
asn                                     1.6495
apa                                     1.6505
ana                                     1.6495
ibna                                   1.07704
xa.xa.atail                           0.684675
xa.aon                                 2.13264
xa.aop                                 2.14632
xa.xa.xrn.11                            2.1332
xa.xa.xrn.21                           3.29944
xa.xa.xrp.11                           2.14688
xa.xa.xrp.21                           3.29944
xa.xl.ltail                            1.62614
xa.xl.mn                                   3.3
xa.xl.mp                                   3.3
xa.xl.qn                                   3.3
xa.xl.qp                                   3.3
xa.xl.sp                           3.12334e-08
xa.xl.sn                           3.12334e-08
xa.xl.na                               3.16345
douta                                  1.76431
doutba                                 1.76431
xa.xl.nb                               3.16345
sb                                       0.001
bsp                                     1.6505
bsn                                     1.6495
bpp                                     1.6505
bpn                                     1.6495
ibnb                                   1.07704
xb.xa.atail                           0.684675
xb.aon                                 2.13264
xb.aop                                 2.14632
xb.xa.xrn.11                            2.1332
xb.xa.xrn.21                           3.29944
xb.xa.xrp.11                           2.14688
xb.xa.xrp.21                           3.29944
xb.xl.ltail                            1.62614
xb.xl.mn                                   3.3
xb.xl.mp                                   3.3
xb.xl.qn                                   3.3
xb.xl.qp                                   3.3
xb.xl.sp                           3.12334e-08
xb.xl.sn                           3.12334e-08
xb.xl.na                               3.16345
doutb                                  1.76431
doutbb                                 1.76431
xb.xl.nb                               3.16345
sc                                         0.1
csp                                        1.7
csn                                        1.6
cpp                                        1.7
cpn                                        1.6
ibnc                                   1.07704
xc.xa.atail                           0.692454
xc.aon                                 1.50556
xc.aop                                 2.77295
xc.xa.xrn.11                           1.50642
xc.xa.xrn.21                           3.29913
xc.xa.xrp.11                           2.77321
xc.xa.xrp.21                           3.29975
xc.xl.ltail                            2.11892
xc.xl.mn                                   3.3
xc.xl.mp                                   3.3
xc.xl.qn                                   3.3
xc.xl.qp                                   3.3
xc.xl.sp                           3.12334e-08
xc.xl.sn                           3.12334e-08
xc.xl.na                               3.16345
doutc                                  1.76431
doutbc                                 1.76431
xc.xl.nb                               3.16345
ad                                           0
bd                                       0.001
cd                                         0.1
bc                                           0
dan                                   0.534639
dbn                                   0.534639
dcn                                   0.534639
bdcn#branch                                  0
bdbn#branch                                  0
bdan#branch                                  0
bbc#branch                                   0
bcd#branch                                   0
bbd#branch                                   0
bad#branch                                   0
ecsn#branch                       -7.66183e-26
ecsp#branch                        -4.9839e-26
ebsn#branch                       -6.16181e-26
ebsp#branch                       -6.48391e-26
easn#branch                        8.11747e-20
easp#branch                        5.51746e-20
vsc#branch                                   0
vsb#branch                                   0
vsa#branch                                   0
vclk#branch                                  0
vcm#branch                         1.36349e-19
vsup#branch                        -0.00102147

 Reference value :  1.31400e-10
 Reference value :  1.02640e-09
 Reference value :  1.73078e-09
 Reference value :  2.49577e-09
 Reference value :  3.19015e-09
 Reference value :  3.90452e-09
 Reference value :  4.74452e-09
 Reference value :  5.72452e-09
 Reference value :  6.65390e-09
 Reference value :  7.50390e-09
 Reference value :  8.20390e-09
 Reference value :  8.90390e-09
 Reference value :  9.64828e-09
 Reference value :  1.04983e-08
 Reference value :  1.13533e-08
 Reference value :  1.20233e-08
 Reference value :  1.28383e-08
 Reference value :  1.36627e-08
 Reference value :  1.44127e-08
 Reference value :  1.52377e-08
 Reference value :  1.60027e-08
 Reference value :  1.72627e-08
 Reference value :  1.83120e-08
 Reference value :  1.95970e-08
 Reference value :  2.08570e-08
 Reference value :  2.20370e-08
 Reference value :  2.29870e-08
 Reference value :  2.40620e-08
 Reference value :  2.50020e-08
 Reference value :  2.62220e-08
 Reference value :  2.78120e-08
 Reference value :  2.94770e-08
 Reference value :  3.08970e-08
 Reference value :  3.26020e-08
 Reference value :  3.43920e-08
 Reference value :  3.61470e-08
 Reference value :  3.79320e-08
 Reference value :  3.96570e-08
 Reference value :  4.14721e-08
 Reference value :  4.28271e-08
 Reference value :  4.41121e-08
 Reference value :  4.59621e-08
 Reference value :  4.81421e-08
 Reference value :  4.99421e-08
 Reference value :  5.20021e-08
 Reference value :  5.44071e-08
 Reference value :  5.67971e-08
 Reference value :  5.99521e-08
No. of Data Rows : 12052
ad_pos              =  7.85667e-03 at=  4.04071e-08
ad_neg              =  -6.24214e-03 at=  3.01326e-08
ap0                 =  1.65050e+00
apmax               =  1.65836e+00 at=  4.04071e-08
apmin               =  1.64426e+00 at=  3.01326e-08
bd0                 =  1.00000e-03
bd1                 =  1.00015e-03
cd0                 =  1.00000e-01
cd1                 =  1.00004e-01
bc0                 =  -1.50859e-12
bc1                 =  8.03301e-05
bp0                 =  1.65050e+00
bn0                 =  1.64950e+00
bp1                 =  1.65058e+00
bn1                 =  1.64958e+00
da_end              =  1.00000e+00
db_end              =  1.00000e+00
dc_end              =  1.00000e+00
m_kick_1k_peak_mv = 7.8566650000e+00
m_kick_1k_pos_mv = 7.8566650000e+00
m_kick_1k_neg_mv = -6.242142000e+00
m_kick_1k_raw_mv = 7.8570000000e+00
m_kick_resid_small_nv = 1.4600000000e+02
m_kick_resid_big_nv = 3.6000000000e+03
m_kick_sigdep_nv = 3.4540000000e+03
m_kick_cm_nv = 8.0330101509e+04
m_kick_resid_raw_uv = -2.220446049e-10
m_q_resid_small_ac = 1.4600000000e-01
m_dout_1k_end = 1.0000000000e+00
m_dout_float_small_end = 1.0000000000e+00
m_dout_float_big_end = 1.0000000000e+00
Note: Simulation executed from .control section 

Warning: m=xx on .subckt line will override multiplier m hierarchy!

