
Note: Compatibility modes selected: hs a


Circuit: * comparator-kickback @ sf_125c_3.63v -- generated by sim/harness, do not edit

Doing analysis at TEMP = 125.000000 and TNOM = 27.000000

Using SPARSE 1.3 as Direct Linear Solver

Initial Transient Solution
--------------------------

Node                                   Voltage
----                                   -------
vdd                                       3.63
cm                                        1.65
clk                                          0
sa                                       0.001
asp                                     1.6505
asn                                     1.6495
apa                                     1.6505
ana                                     1.6495
ibna                                   1.07704
xa.xa.atail                           0.685057
xa.aon                                 2.46258
xa.aop                                 2.47627
xa.xa.xrn.11                           2.46315
xa.xa.xrn.21                           3.62944
xa.xa.xrp.11                           2.47683
xa.xa.xrp.21                           3.62944
xa.xl.ltail                            1.89554
xa.xl.mn                                  3.63
xa.xl.mp                                  3.63
xa.xl.qn                                  3.63
xa.xl.qp                                  3.63
xa.xl.sp                           3.16396e-08
xa.xl.sn                           3.16396e-08
xa.xl.na                               3.46736
douta                                  1.94814
doutba                                 1.94814
xa.xl.nb                               3.46736
sb                                       0.001
bsp                                     1.6505
bsn                                     1.6495
bpp                                     1.6505
bpn                                     1.6495
ibnb                                   1.07704
xb.xa.atail                           0.685057
xb.aon                                 2.46258
xb.aop                                 2.47627
xb.xa.xrn.11                           2.46315
xb.xa.xrn.21                           3.62944
xb.xa.xrp.11                           2.47683
xb.xa.xrp.21                           3.62944
xb.xl.ltail                            1.89554
xb.xl.mn                                  3.63
xb.xl.mp                                  3.63
xb.xl.qn                                  3.63
xb.xl.qp                                  3.63
xb.xl.sp                           3.16396e-08
xb.xl.sn                           3.16396e-08
xb.xl.na                               3.46736
doutb                                  1.94814
doutbb                                 1.94814
xb.xl.nb                               3.46736
sc                                         0.1
csp                                        1.7
csn                                        1.6
cpp                                        1.7
cpn                                        1.6
ibnc                                   1.07704
xc.xa.atail                           0.692872
xc.aon                                 1.83515
xc.aop                                 3.10219
xc.xa.xrn.11                           1.83602
xc.xa.xrn.21                           3.62913
xc.xa.xrp.11                           3.10244
xc.xa.xrp.21                           3.62974
xc.xl.ltail                            2.39332
xc.xl.mn                                  3.63
xc.xl.mp                                  3.63
xc.xl.qn                                  3.63
xc.xl.qp                                  3.63
xc.xl.sp                           3.16396e-08
xc.xl.sn                           3.16396e-08
xc.xl.na                               3.46736
doutc                                  1.94814
doutbc                                 1.94814
xc.xl.nb                               3.46736
ad                                           0
bd                                       0.001
cd                                         0.1
bc                                           0
dan                                   0.536677
dbn                                   0.536677
dcn                                   0.536677
bdcn#branch                                  0
bdbn#branch                                  0
bdan#branch                                  0
bbc#branch                                   0
bcd#branch                                   0
bbd#branch                                   0
bad#branch                                   0
ecsn#branch                       -7.66183e-26
ecsp#branch                        -4.9839e-26
ebsn#branch                       -6.16181e-26
ebsp#branch                       -6.48391e-26
easn#branch                        8.11747e-20
easp#branch                        5.51746e-20
vsc#branch                                   0
vsb#branch                                   0
vsa#branch                                   0
vclk#branch                                  0
vcm#branch                         1.36349e-19
vsup#branch                        -0.00127565

 Reference value :  1.14000e-11
 Reference value :  6.65775e-10
 Reference value :  1.37578e-09
 Reference value :  2.45015e-09
 Reference value :  4.07515e-09
 Reference value :  5.32015e-09
 Reference value :  6.92015e-09
 Reference value :  9.34015e-09
 Reference value :  1.19802e-08
 Reference value :  1.38152e-08
 Reference value :  1.56702e-08
 Reference value :  1.75152e-08
 Reference value :  1.93502e-08
 Reference value :  2.11551e-08
 Reference value :  2.29001e-08
 Reference value :  2.46651e-08
 Reference value :  2.64601e-08
 Reference value :  2.82901e-08
 Reference value :  3.00370e-08
 Reference value :  3.15079e-08
 Reference value :  3.30679e-08
 Reference value :  3.57679e-08
 Reference value :  3.81779e-08
 Reference value :  4.08898e-08
 Reference value :  4.29248e-08
 Reference value :  4.49048e-08
 Reference value :  4.72098e-08
 Reference value :  4.94898e-08
 Reference value :  5.18748e-08
 Reference value :  5.48898e-08
 Reference value :  5.67298e-08
 Reference value :  5.85448e-08
No. of Data Rows : 12046
ad_pos              =  9.42909e-03 at=  4.04098e-08
ad_neg              =  -7.32258e-03 at=  3.01253e-08
ap0                 =  1.65050e+00
apmax               =  1.65993e+00 at=  4.04098e-08
apmin               =  1.64318e+00 at=  3.01253e-08
bd0                 =  1.00000e-03
bd1                 =  1.00008e-03
cd0                 =  1.00000e-01
cd1                 =  1.00004e-01
bc0                 =  -1.25514e-12
bc1                 =  8.46007e-05
bp0                 =  1.65050e+00
bn0                 =  1.64950e+00
bp1                 =  1.65058e+00
bn1                 =  1.64958e+00
da_end              =  1.00000e+00
db_end              =  1.00000e+00
dc_end              =  1.00000e+00
m_kick_1k_peak_mv = 9.4290930000e+00
m_kick_1k_pos_mv = 9.4290930000e+00
m_kick_1k_neg_mv = -7.322575000e+00
m_kick_1k_raw_mv = 9.4290000000e+00
m_kick_resid_small_nv = 8.1000000000e+01
m_kick_resid_big_nv = 3.6000000000e+03
m_kick_sigdep_nv = 3.5190000000e+03
m_kick_cm_nv = 8.4600741255e+04
m_kick_resid_raw_uv = -2.220446049e-10
m_q_resid_small_ac = 8.1000000000e-02
m_dout_1k_end = 1.0000000000e+00
m_dout_float_small_end = 1.0000000000e+00
m_dout_float_big_end = 1.0000000000e+00
Note: Simulation executed from .control section 

Warning: m=xx on .subckt line will override multiplier m hierarchy!

