
Note: Compatibility modes selected: hs a


Circuit: * comparator-kickback @ ss_125c_3.30v -- generated by sim/harness, do not edit

Doing analysis at TEMP = 125.000000 and TNOM = 27.000000

Using SPARSE 1.3 as Direct Linear Solver

Initial Transient Solution
--------------------------

Node                                   Voltage
----                                   -------
vdd                                        3.3
cm                                        1.65
clk                                          0
sa                                       0.001
asp                                     1.6505
asn                                     1.6495
apa                                     1.6505
ana                                     1.6495
ibna                                   1.11401
xa.xa.atail                           0.656377
xa.aon                                 1.89965
xa.aop                                  1.9158
xa.xa.xrn.11                           1.90022
xa.xa.xrn.21                           3.29944
xa.xa.xrp.11                           1.91636
xa.xa.xrp.21                           3.29944
xa.xl.ltail                            1.42268
xa.xl.mn                                   3.3
xa.xl.mp                                   3.3
xa.xl.qn                                   3.3
xa.xl.qp                                   3.3
xa.xl.sp                           7.05062e-09
xa.xl.sn                           7.05062e-09
xa.xl.na                               3.17947
douta                                  1.63083
doutba                                 1.63083
xa.xl.nb                               3.17947
sb                                       0.001
bsp                                     1.6505
bsn                                     1.6495
bpp                                     1.6505
bpn                                     1.6495
ibnb                                   1.11401
xb.xa.atail                           0.656377
xb.aon                                 1.89965
xb.aop                                  1.9158
xb.xa.xrn.11                           1.90022
xb.xa.xrn.21                           3.29944
xb.xa.xrp.11                           1.91636
xb.xa.xrp.21                           3.29944
xb.xl.ltail                            1.42268
xb.xl.mn                                   3.3
xb.xl.mp                                   3.3
xb.xl.qn                                   3.3
xb.xl.qp                                   3.3
xb.xl.sp                           7.05062e-09
xb.xl.sn                           7.05062e-09
xb.xl.na                               3.17947
doutb                                  1.63083
doutbb                                 1.63083
xb.xl.nb                               3.17947
sc                                         0.1
csp                                        1.7
csn                                        1.6
cpp                                        1.7
cpn                                        1.6
ibnc                                   1.11401
xc.xa.atail                           0.663834
xc.aon                                 1.15814
xc.aop                                 2.65688
xc.xa.xrn.11                           1.15901
xc.xa.xrn.21                           3.29914
xc.xa.xrp.11                           2.65714
xc.xa.xrp.21                           3.29974
xc.xl.ltail                             2.0018
xc.xl.mn                                   3.3
xc.xl.mp                                   3.3
xc.xl.qn                                   3.3
xc.xl.qp                                   3.3
xc.xl.sp                           7.05062e-09
xc.xl.sn                           7.05062e-09
xc.xl.na                               3.17947
doutc                                  1.63083
doutbc                                 1.63083
xc.xl.nb                               3.17947
ad                                           0
bd                                       0.001
cd                                         0.1
bc                                           0
dan                                    0.49419
dbn                                    0.49419
dcn                                    0.49419
bdcn#branch                                  0
bdbn#branch                                  0
bdan#branch                                  0
bbc#branch                                   0
bcd#branch                                   0
bbd#branch                                   0
bad#branch                                   0
ecsn#branch                       -7.66183e-26
ecsp#branch                        -4.9839e-26
ebsn#branch                       -6.16181e-26
ebsp#branch                       -6.48391e-26
easn#branch                        8.11747e-20
easp#branch                        5.51746e-20
vsc#branch                                   0
vsb#branch                                   0
vsa#branch                                   0
vclk#branch                                  0
vcm#branch                         1.36349e-19
vsup#branch                       -0.000781426

 Reference value :  1.14000e-11
 Reference value :  8.55150e-10
 Reference value :  1.65453e-09
 Reference value :  2.63452e-09
 Reference value :  4.32952e-09
 Reference value :  6.11452e-09
 Reference value :  8.13452e-09
 Reference value :  1.00195e-08
 Reference value :  1.18095e-08
 Reference value :  1.35795e-08
 Reference value :  1.53995e-08
 Reference value :  1.82395e-08
 Reference value :  2.12845e-08
 Reference value :  2.43295e-08
 Reference value :  2.67095e-08
 Reference value :  2.85345e-08
 Reference value :  3.03398e-08
 Reference value :  3.26398e-08
 Reference value :  3.46198e-08
 Reference value :  3.70398e-08
 Reference value :  3.95298e-08
 Reference value :  4.13925e-08
 Reference value :  4.28325e-08
 Reference value :  4.41225e-08
 Reference value :  4.58525e-08
 Reference value :  4.82625e-08
 Reference value :  5.10825e-08
 Reference value :  5.35625e-08
 Reference value :  5.60675e-08
 Reference value :  5.78425e-08
 Reference value :  5.96525e-08
No. of Data Rows : 12043
ad_pos              =  6.90193e-03 at=  4.04275e-08
ad_neg              =  -5.79905e-03 at=  3.01398e-08
ap0                 =  1.65050e+00
apmax               =  1.65740e+00 at=  4.04275e-08
apmin               =  1.64470e+00 at=  3.01398e-08
bd0                 =  1.00000e-03
bd1                 =  1.00039e-03
cd0                 =  1.00000e-01
cd1                 =  9.99739e-02
bc0                 =  -3.24359e-12
bc1                 =  1.44120e-04
bp0                 =  1.65050e+00
bn0                 =  1.64950e+00
bp1                 =  1.65064e+00
bn1                 =  1.64964e+00
da_end              =  1.00000e+00
db_end              =  1.00000e+00
dc_end              =  1.00000e+00
m_kick_1k_peak_mv = 6.9019250000e+00
m_kick_1k_pos_mv = 6.9019250000e+00
m_kick_1k_neg_mv = -5.799048000e+00
m_kick_1k_raw_mv = 6.9020000000e+00
m_kick_resid_small_nv = 3.8800000000e+02
m_kick_resid_big_nv = -2.615000000e+04
m_kick_sigdep_nv = 2.6538000000e+04
m_kick_cm_nv = 1.4412020324e+05
m_kick_resid_raw_uv = 0.0000000000e+00
m_q_resid_small_ac = 3.8800000000e-01
m_dout_1k_end = 1.0000000000e+00
m_dout_float_small_end = 1.0000000000e+00
m_dout_float_big_end = 1.0000000000e+00
Note: Simulation executed from .control section 

Warning: m=xx on .subckt line will override multiplier m hierarchy!

Note: Starting dynamic gmin stepping
Note: Dynamic gmin stepping completed
