
Note: Compatibility modes selected: hs a


Circuit: * comparator-kickback @ tt_27c_2.97v -- generated by sim/harness, do not edit

Doing analysis at TEMP = 27.000000 and TNOM = 27.000000

Using SPARSE 1.3 as Direct Linear Solver

Initial Transient Solution
--------------------------

Node                                   Voltage
----                                   -------
vdd                                       2.97
cm                                        1.65
clk                                          0
sa                                       0.001
asp                                     1.6505
asn                                     1.6495
apa                                     1.6505
ana                                     1.6495
ibna                                   1.00132
xa.xa.atail                           0.689913
xa.aon                                 1.70719
xa.aop                                 1.72518
xa.xa.xrn.11                           1.70808
xa.xa.xrn.21                           2.96911
xa.xa.xrp.11                           1.72605
xa.xa.xrp.21                           2.96913
xa.xl.ltail                            1.21887
xa.xl.mn                                  2.97
xa.xl.mp                                  2.97
xa.xl.qn                                  2.97
xa.xl.qp                                  2.97
xa.xl.sp                           3.84535e-09
xa.xl.sn                           3.84535e-09
xa.xl.na                               2.86716
douta                                  1.44562
doutba                                 1.44562
xa.xl.nb                               2.86716
sb                                       0.001
bsp                                     1.6505
bsn                                     1.6495
bpp                                     1.6505
bpn                                     1.6495
ibnb                                   1.00132
xb.xa.atail                           0.689913
xb.aon                                 1.70719
xb.aop                                 1.72518
xb.xa.xrn.11                           1.70808
xb.xa.xrn.21                           2.96911
xb.xa.xrp.11                           1.72605
xb.xa.xrp.21                           2.96913
xb.xl.ltail                            1.21887
xb.xl.mn                                  2.97
xb.xl.mp                                  2.97
xb.xl.qn                                  2.97
xb.xl.qp                                  2.97
xb.xl.sp                           3.84535e-09
xb.xl.sn                           3.84535e-09
xb.xl.na                               2.86716
doutb                                  1.44562
doutbb                                 1.44562
xb.xl.nb                               2.86716
sc                                         0.1
csp                                        1.7
csn                                        1.6
cpp                                        1.7
cpn                                        1.6
ibnc                                   1.00132
xc.xa.atail                           0.699291
xc.aon                                0.915266
xc.aop                                  2.5168
xc.xa.xrn.11                          0.916707
xc.xa.xrn.21                           2.96856
xc.xa.xrp.11                           2.51711
xc.xa.xrp.21                           2.96968
xc.xl.ltail                            1.84458
xc.xl.mn                                  2.97
xc.xl.mp                                  2.97
xc.xl.qn                                  2.97
xc.xl.qp                                  2.97
xc.xl.sp                           3.84535e-09
xc.xl.sn                           3.84535e-09
xc.xl.na                               2.86716
doutc                                  1.44562
doutbc                                 1.44562
xc.xl.nb                               2.86716
ad                                           0
bd                                       0.001
cd                                         0.1
bc                                           0
dan                                    0.48674
dbn                                    0.48674
dcn                                    0.48674
bdcn#branch                                  0
bdbn#branch                                  0
bdan#branch                                  0
bbc#branch                                   0
bcd#branch                                   0
bbd#branch                                   0
bad#branch                                   0
ecsn#branch                       -7.66183e-26
ecsp#branch                        -4.9839e-26
ebsn#branch                       -6.16181e-26
ebsp#branch                       -6.48391e-26
easn#branch                        8.11747e-20
easp#branch                        5.51746e-20
vsc#branch                                   0
vsb#branch                                   0
vsa#branch                                   0
vclk#branch                                  0
vcm#branch                         1.36349e-19
vsup#branch                        -0.00083811

 Reference value :  0.00000e+00
 Reference value :  3.79525e-10
 Reference value :  5.54095e-10
 Reference value :  8.52962e-10
 Reference value :  1.21078e-09
 Reference value :  2.27828e-09
 Reference value :  3.85265e-09
 Reference value :  4.32140e-09
 Reference value :  4.61702e-09
 Reference value :  4.93687e-09
 Reference value :  5.28437e-09
 Reference value :  5.60609e-09
 Reference value :  6.27234e-09
 Reference value :  6.76734e-09
 Reference value :  7.19859e-09
 Reference value :  7.67734e-09
 Reference value :  7.89577e-09
 Reference value :  8.21640e-09
 Reference value :  8.41507e-09
 Reference value :  8.83413e-09
 Reference value :  9.09976e-09
 Reference value :  9.52163e-09
 Reference value :  9.91476e-09
 Reference value :  1.02639e-08
 Reference value :  1.06172e-08
 Reference value :  1.28166e-08
 Reference value :  1.52716e-08
 Reference value :  1.80366e-08
 Reference value :  2.01016e-08
 Reference value :  2.18816e-08
 Reference value :  2.37616e-08
 Reference value :  2.65916e-08
 Reference value :  2.96216e-08
 Reference value :  3.10546e-08
 Reference value :  3.28846e-08
 Reference value :  3.43396e-08
 Reference value :  3.57796e-08
 Reference value :  3.73096e-08
 Reference value :  3.88196e-08
 Reference value :  4.08892e-08
 Reference value :  4.29792e-08
 Reference value :  4.49492e-08
 Reference value :  4.67942e-08
 Reference value :  4.86592e-08
 Reference value :  5.05342e-08
 Reference value :  5.24642e-08
 Reference value :  5.41892e-08
 Reference value :  5.59142e-08
 Reference value :  5.76892e-08
 Reference value :  5.94742e-08
No. of Data Rows : 12330
ad_pos              =  6.29395e-03 at=  4.03742e-08
ad_neg              =  -4.84932e-03 at=  3.01320e-08
ap0                 =  1.65050e+00
apmax               =  1.65679e+00 at=  4.03742e-08
apmin               =  1.64565e+00 at=  3.01320e-08
bd0                 =  1.00000e-03
bd1                 =  1.00024e-03
cd0                 =  1.00000e-01
cd1                 =  9.99918e-02
bc0                 =  5.91135e-14
bc1                 =  7.92702e-05
bp0                 =  1.65050e+00
bn0                 =  1.64950e+00
bp1                 =  1.65058e+00
bn1                 =  1.64958e+00
da_end              =  1.00000e+00
db_end              =  1.00000e+00
dc_end              =  1.00000e+00
m_kick_1k_peak_mv = 6.2939480000e+00
m_kick_1k_pos_mv = 6.2939480000e+00
m_kick_1k_neg_mv = -4.849325000e+00
m_kick_1k_raw_mv = 6.2940000000e+00
m_kick_resid_small_nv = 2.4000000000e+02
m_kick_resid_big_nv = -8.230000000e+03
m_kick_sigdep_nv = 8.4700000000e+03
m_kick_cm_nv = 7.9270249941e+04
m_kick_resid_raw_uv = 0.0000000000e+00
m_q_resid_small_ac = 2.4000000000e-01
m_dout_1k_end = 1.0000000000e+00
m_dout_float_small_end = 1.0000000000e+00
m_dout_float_big_end = 1.0000000000e+00
Note: Simulation executed from .control section 

Warning: m=xx on .subckt line will override multiplier m hierarchy!

Note: Starting dynamic gmin stepping
Note: Dynamic gmin stepping completed
