
Note: Compatibility modes selected: hs a


Circuit: * comparator-kickback @ tt_27c_3.30v -- generated by sim/harness, do not edit

Doing analysis at TEMP = 27.000000 and TNOM = 27.000000

Using SPARSE 1.3 as Direct Linear Solver

Initial Transient Solution
--------------------------

Node                                   Voltage
----                                   -------
vdd                                        3.3
cm                                        1.65
clk                                          0
sa                                       0.001
asp                                     1.6505
asn                                     1.6495
apa                                     1.6505
ana                                     1.6495
ibna                                   1.00132
xa.xa.atail                           0.690327
xa.aon                                 2.03717
xa.aop                                 2.05519
xa.xa.xrn.11                           2.03806
xa.xa.xrn.21                           3.29911
xa.xa.xrp.11                           2.05606
xa.xa.xrp.21                           3.29913
xa.xl.ltail                            1.48296
xa.xl.mn                                   3.3
xa.xl.mp                                   3.3
xa.xl.qn                                   3.3
xa.xl.qp                                   3.3
xa.xl.sp                           4.28079e-09
xa.xl.sn                           4.28079e-09
xa.xl.na                               3.16867
douta                                  1.61718
doutba                                 1.61718
xa.xl.nb                               3.16867
sb                                       0.001
bsp                                     1.6505
bsn                                     1.6495
bpp                                     1.6505
bpn                                     1.6495
ibnb                                   1.00132
xb.xa.atail                           0.690327
xb.aon                                 2.03717
xb.aop                                 2.05519
xb.xa.xrn.11                           2.03806
xb.xa.xrn.21                           3.29911
xb.xa.xrp.11                           2.05606
xb.xa.xrp.21                           3.29913
xb.xl.ltail                            1.48295
xb.xl.mn                                   3.3
xb.xl.mp                                   3.3
xb.xl.qn                                   3.3
xb.xl.qp                                   3.3
xb.xl.sp                           4.28079e-09
xb.xl.sn                           4.28079e-09
xb.xl.na                               3.16867
doutb                                  1.61718
doutbb                                 1.61718
xb.xl.nb                               3.16867
sc                                         0.1
csp                                        1.7
csn                                        1.6
cpp                                        1.7
cpn                                        1.6
ibnc                                   1.00132
xc.xa.atail                           0.699983
xc.aon                                 1.24221
xc.aop                                 2.84951
xc.xa.xrn.11                           1.24365
xc.xa.xrn.21                           3.29856
xc.xa.xrp.11                           2.84982
xc.xa.xrp.21                           3.29968
xc.xl.ltail                            2.12047
xc.xl.mn                                   3.3
xc.xl.mp                                   3.3
xc.xl.qn                                   3.3
xc.xl.qp                                   3.3
xc.xl.sp                           4.28079e-09
xc.xl.sn                           4.28079e-09
xc.xl.na                               3.16867
doutc                                  1.61718
doutbc                                 1.61718
xc.xl.nb                               3.16867
ad                                           0
bd                                       0.001
cd                                         0.1
bc                                           0
dan                                   0.490054
dbn                                   0.490054
dcn                                   0.490054
bdcn#branch                                  0
bdbn#branch                                  0
bdan#branch                                  0
bbc#branch                                   0
bcd#branch                                   0
bbd#branch                                   0
bad#branch                                   0
ecsn#branch                       -7.66183e-26
ecsp#branch                        -4.9839e-26
ebsn#branch                       -6.16181e-26
ebsp#branch                       -6.48391e-26
easn#branch                        8.11747e-20
easp#branch                        5.51746e-20
vsc#branch                                   0
vsb#branch                                   0
vsa#branch                                   0
vclk#branch                                  0
vcm#branch                         1.36349e-19
vsup#branch                        -0.00112517

 Reference value :  0.00000e+00
 Reference value :  4.45072e-10
 Reference value :  8.52025e-10
 Reference value :  1.31117e-09
 Reference value :  1.70726e-09
 Reference value :  3.42757e-09
 Reference value :  5.18257e-09
 Reference value :  6.49257e-09
 Reference value :  8.06257e-09
 Reference value :  9.74257e-09
 Reference value :  1.13876e-08
 Reference value :  1.44476e-08
 Reference value :  1.72326e-08
 Reference value :  2.04426e-08
 Reference value :  2.23226e-08
 Reference value :  2.40576e-08
 Reference value :  2.62026e-08
 Reference value :  2.82226e-08
 Reference value :  3.01000e-08
 Reference value :  3.22510e-08
 Reference value :  3.37660e-08
 Reference value :  3.53560e-08
 Reference value :  3.70660e-08
 Reference value :  3.90010e-08
 Reference value :  4.14398e-08
 Reference value :  4.37448e-08
 Reference value :  4.59148e-08
 Reference value :  4.86098e-08
 Reference value :  5.06198e-08
 Reference value :  5.24198e-08
 Reference value :  5.43748e-08
 Reference value :  5.76948e-08
No. of Data Rows : 12095
ad_pos              =  7.59853e-03 at=  4.03798e-08
ad_neg              =  -5.89573e-03 at=  3.01211e-08
ap0                 =  1.65050e+00
apmax               =  1.65810e+00 at=  4.03798e-08
apmin               =  1.64460e+00 at=  3.01211e-08
bd0                 =  1.00000e-03
bd1                 =  1.00016e-03
cd0                 =  1.00000e-01
cd1                 =  9.99938e-02
bc0                 =  -1.31139e-12
bc1                 =  8.04938e-05
bp0                 =  1.65050e+00
bn0                 =  1.64950e+00
bp1                 =  1.65058e+00
bn1                 =  1.64958e+00
da_end              =  1.00000e+00
db_end              =  1.00000e+00
dc_end              =  1.00000e+00
m_kick_1k_peak_mv = 7.5985330000e+00
m_kick_1k_pos_mv = 7.5985330000e+00
m_kick_1k_neg_mv = -5.895731000e+00
m_kick_1k_raw_mv = 7.5990000000e+00
m_kick_resid_small_nv = 1.5800000000e+02
m_kick_resid_big_nv = -6.210000000e+03
m_kick_sigdep_nv = 6.3680000000e+03
m_kick_cm_nv = 8.0493821311e+04
m_kick_resid_raw_uv = 9.9999999992e-01
m_q_resid_small_ac = 1.5800000000e-01
m_dout_1k_end = 1.0000000000e+00
m_dout_float_small_end = 1.0000000000e+00
m_dout_float_big_end = 1.0000000000e+00
Note: Simulation executed from .control section 

Warning: m=xx on .subckt line will override multiplier m hierarchy!

Note: Starting dynamic gmin stepping
Note: Dynamic gmin stepping completed
