
Note: No compatibility mode selected!


Circuit: * comparator-regeneration @ ff_125c_3.63v -- generated by sim/harness, do not edit

Doing analysis at TEMP = 125.000000 and TNOM = 27.000000

Using SPARSE 1.3 as Direct Linear Solver

Initial Transient Solution
--------------------------

Node                                   Voltage
----                                   -------
vdd                                       3.63
vdda                                      3.63
clk                                          0
cm                                         1.2
sa                                       -0.05
apa                                      1.175
ana                                      1.225
ibna                                  0.575229
xa.xa.atail                           0.554739
xa.aon                                 3.38935
xa.aop                                 3.10013
xa.xa.xrlp.11                          3.62962
xa.xa.xrlp.21                          3.10051
xa.xa.xrln.11                          3.62983
xa.xa.xrln.21                          3.38953
xa.xl.ken                                    0
xa.xl.qp                                 1.815
xa.xl.qn                                 1.815
xa.xl.h                                      0
douta                                        0
doutba                                    3.63
sb                                      -0.001
apb                                     1.1995
anb                                     1.2005
ibnb                                  0.575229
xb.xa.atail                           0.551612
xb.aon                                 3.24767
xb.aop                                 3.24165
xb.xa.xrlp.11                          3.62972
xb.xa.xrlp.21                          3.24193
xb.xa.xrln.11                          3.62972
xb.xa.xrln.21                          3.24795
xb.xl.ken                                    0
xb.xl.qp                                 1.815
xb.xl.qn                                 1.815
xb.xl.h                                      0
doutb                                        0
doutbb                                    3.63
sc                                     -0.0001
apc                                    1.19995
anc                                    1.20005
ibnc                                  0.575229
xc.xa.atail                           0.551611
xc.aon                                 3.24496
xc.aop                                 3.24436
xc.xa.xrlp.11                          3.62972
xc.xa.xrlp.21                          3.24464
xc.xa.xrln.11                          3.62972
xc.xa.xrln.21                          3.24524
xc.xl.ken                                    0
xc.xl.qp                                 1.815
xc.xl.qn                                 1.815
xc.xl.h                                      0
doutc                                        0
doutbc                                    3.63
clkn                                         0
dan                                          0
dbn                                          0
dcn                                          0
bdcn#branch                                  0
bdbn#branch                                  0
bdan#branch                                  0
bclkn#branch                                 0
b.xc.xl.bdob#branch                          0
b.xc.xl.bdo#branch                           0
b.xc.xl.ben#branch                           0
b.xb.xl.bdob#branch                          0
b.xb.xl.bdo#branch                           0
b.xb.xl.ben#branch                           0
b.xa.xl.bdob#branch                          0
b.xa.xl.bdo#branch                           0
b.xa.xl.ben#branch                           0
eanc#branch                                  0
eapc#branch                                  0
eanb#branch                                  0
eapb#branch                                  0
eana#branch                                  0
eapa#branch                                  0
vsc#branch                                   0
vsb#branch                                   0
vsa#branch                                   0
vcm#branch                                   0
vclk#branch                                  0
vsupa#branch                      -2.00224e-05
vsup#branch                        -4.0049e-05

 Reference value :  5.96140e-09
 Reference value :  1.37191e-08
 Reference value :  2.11975e-08
 Reference value :  2.89475e-08
 Reference value :  3.66625e-08
 Reference value :  4.36210e-08
 Reference value :  5.11075e-08
 Reference value :  5.87675e-08
No. of Data Rows : 12114
vsup_v              =  3.63000e+00
td_a                =  8.04712e-11 targ=  4.01305e-08 trig=  4.00500e-08
td_b                =  2.34338e-10 targ=  4.02843e-08 trig=  4.00500e-08
td_c                =  3.26222e-10 targ=  4.03762e-08 trig=  4.00500e-08
da_first            =  2.92620e-179
db_first            =  1.86612e-175
dc_first            =  2.43343e-173
da_end              =  9.99951e-01
db_end              =  9.99951e-01
dc_end              =  9.99951e-01
i_stat              =  -2.00245e-05 from=  2.50000e-08 to=  2.90025e-08
q_dec               =  -1.62205e-13 from=  3.99000e-08 to=  4.80000e-08
m_td_od50_ns = 8.0471180000e-02
m_td_od1_ns = 2.3433840000e-01
m_td_od01_ns = 3.2622240000e-01
m_tau_ps = 3.9904714175e+01
m_resolve_decades = 5.8724490287e+00
m_dout_od50_end = 9.9995130000e-01
m_dout_od1_end = 9.9995130000e-01
m_dout_od01_end = 9.9995130000e-01
m_dout_od50_first = 2.9261950000e-179
m_dout_od1_first = 1.8661160000e-175
m_dout_od01_first = 2.4334350000e-173
m_i_static_ua = 2.0024460000e+01
m_e_dec_fj = 2.6041620000e-02
Note: Simulation executed from .control section 

Note: Starting dynamic gmin stepping
Note: Dynamic gmin stepping completed
