
Note: No compatibility mode selected!


Circuit: * comparator-regeneration @ fs_-40c_2.97v -- generated by sim/harness, do not edit

Doing analysis at TEMP = -40.000000 and TNOM = 27.000000

Using SPARSE 1.3 as Direct Linear Solver

Initial Transient Solution
--------------------------

Node                                   Voltage
----                                   -------
vdd                                       2.97
vdda                                      2.97
clk                                          0
cm                                         1.2
sa                                       -0.05
apa                                      1.175
ana                                      1.225
ibna                                  0.738486
xa.xa.atail                           0.406336
xa.aon                                 2.69957
xa.aop                                 2.15243
xa.xa.xrlp.11                           2.9689
xa.xa.xrlp.21                          2.15353
xa.xa.xrln.11                          2.96964
xa.xa.xrln.21                          2.69993
xa.xl.ken                                    0
xa.xl.qp                                 1.485
xa.xl.qn                                 1.485
xa.xl.h                                      0
douta                                        0
doutba                                    2.97
sb                                      -0.001
apb                                     1.1995
anb                                     1.2005
ibnb                                  0.738486
xb.xa.atail                           0.402296
xb.aon                                 2.43203
xb.aop                                 2.42028
xb.xa.xrlp.11                          2.96926
xb.xa.xrlp.21                          2.42102
xb.xa.xrln.11                          2.96928
xb.xa.xrln.21                          2.43276
xb.xl.ken                                    0
xb.xl.qp                                 1.485
xb.xl.qn                                 1.485
xb.xl.h                                      0
doutb                                        0
doutbb                                    2.97
sc                                     -0.0001
apc                                    1.19995
anc                                    1.20005
ibnc                                  0.738486
xc.xa.atail                           0.402295
xc.aon                                 2.42674
xc.aop                                 2.42557
xc.xa.xrlp.11                          2.96927
xc.xa.xrlp.21                           2.4263
xc.xa.xrln.11                          2.96927
xc.xa.xrln.21                          2.42747
xc.xl.ken                                    0
xc.xl.qp                                 1.485
xc.xl.qn                                 1.485
xc.xl.h                                      0
doutc                                        0
doutbc                                    2.97
clkn                                         0
dan                                          0
dbn                                          0
dcn                                          0
bdcn#branch                                  0
bdbn#branch                                  0
bdan#branch                                  0
bclkn#branch                                 0
b.xc.xl.bdob#branch                          0
b.xc.xl.bdo#branch                           0
b.xc.xl.ben#branch                           0
b.xb.xl.bdob#branch                          0
b.xb.xl.bdo#branch                           0
b.xb.xl.ben#branch                           0
b.xa.xl.bdob#branch                          0
b.xa.xl.bdo#branch                           0
b.xa.xl.ben#branch                           0
eanc#branch                                  0
eapc#branch                                  0
eanb#branch                                  0
eapb#branch                                  0
eana#branch                                  0
eapa#branch                                  0
vsc#branch                                   0
vsb#branch                                   0
vsa#branch                                   0
vcm#branch                                   0
vclk#branch                                  0
vsupa#branch                      -1.98256e-05
vsup#branch                       -3.96456e-05

 Reference value :  6.88640e-09
 Reference value :  1.43342e-08
 Reference value :  2.19725e-08
 Reference value :  2.96725e-08
 Reference value :  3.78475e-08
 Reference value :  4.61689e-08
 Reference value :  5.47375e-08
No. of Data Rows : 12110
vsup_v              =  2.97000e+00
td_a                =  5.97040e-11 targ=  4.01097e-08 trig=  4.00500e-08
td_b                =  2.08039e-10 targ=  4.02580e-08 trig=  4.00500e-08
td_c                =  2.99187e-10 targ=  4.03492e-08 trig=  4.00500e-08
da_first            =  7.06147e-180
db_first            =  4.58060e-176
dc_first            =  6.32048e-174
da_end              =  9.99951e-01
db_end              =  9.99951e-01
dc_end              =  9.99951e-01
i_stat              =  -1.98219e-05 from=  2.50000e-08 to=  2.90025e-08
q_dec               =  -1.60573e-13 from=  3.99000e-08 to=  4.80000e-08
m_td_od50_ns = 5.9704020000e-02
m_td_od1_ns = 2.0803910000e-01
m_td_od01_ns = 2.9918720000e-01
m_tau_ps = 3.9585116866e+01
m_resolve_decades = 5.2554878316e+00
m_dout_od50_end = 9.9995130000e-01
m_dout_od1_end = 9.9995130000e-01
m_dout_od01_end = 9.9995130000e-01
m_dout_od50_first = 7.0614730000e-180
m_dout_od1_first = 4.5806040000e-176
m_dout_od01_first = 6.3204770000e-174
m_i_static_ua = 1.9821920000e+01
m_e_dec_fj = 4.5880560000e-02
Note: Simulation executed from .control section 

