
Note: No compatibility mode selected!


Circuit: * comparator-regeneration @ fs_125c_2.97v -- generated by sim/harness, do not edit

Doing analysis at TEMP = 125.000000 and TNOM = 27.000000

Using SPARSE 1.3 as Direct Linear Solver

Initial Transient Solution
--------------------------

Node                                   Voltage
----                                   -------
vdd                                       2.97
vdda                                      2.97
clk                                          0
cm                                         1.2
sa                                       -0.05
apa                                      1.175
ana                                      1.225
ibna                                   0.60681
xa.xa.atail                           0.526541
xa.aon                                 2.66979
xa.aop                                 2.31248
xa.xa.xrlp.11                          2.96962
xa.xa.xrlp.21                          2.31286
xa.xa.xrln.11                          2.96983
xa.xa.xrln.21                          2.66996
xa.xl.ken                                    0
xa.xl.qp                                 1.485
xa.xl.qn                                 1.485
xa.xl.h                                      0
douta                                        0
doutba                                    2.97
sb                                      -0.001
apb                                     1.1995
anb                                     1.2005
ibnb                                   0.60681
xb.xa.atail                           0.523493
xb.aon                                 2.49492
xb.aop                                 2.48748
xb.xa.xrlp.11                          2.96972
xb.xa.xrlp.21                          2.48776
xb.xa.xrln.11                          2.96972
xb.xa.xrln.21                           2.4952
xb.xl.ken                                    0
xb.xl.qp                                 1.485
xb.xl.qn                                 1.485
xb.xl.h                                      0
doutb                                        0
doutbb                                    2.97
sc                                     -0.0001
apc                                    1.19995
anc                                    1.20005
ibnc                                   0.60681
xc.xa.atail                           0.523491
xc.aon                                 2.49157
xc.aop                                 2.49083
xc.xa.xrlp.11                          2.96972
xc.xa.xrlp.21                          2.49111
xc.xa.xrln.11                          2.96972
xc.xa.xrln.21                          2.49185
xc.xl.ken                                    0
xc.xl.qp                                 1.485
xc.xl.qn                                 1.485
xc.xl.h                                      0
doutc                                        0
doutbc                                    2.97
clkn                                         0
dan                                          0
dbn                                          0
dcn                                          0
bdcn#branch                                  0
bdbn#branch                                  0
bdan#branch                                  0
bclkn#branch                                 0
b.xc.xl.bdob#branch                          0
b.xc.xl.bdo#branch                           0
b.xc.xl.ben#branch                           0
b.xb.xl.bdob#branch                          0
b.xb.xl.bdo#branch                           0
b.xb.xl.ben#branch                           0
b.xa.xl.bdob#branch                          0
b.xa.xl.bdo#branch                           0
b.xa.xl.ben#branch                           0
eanc#branch                                  0
eapc#branch                                  0
eanb#branch                                  0
eapb#branch                                  0
eana#branch                                  0
eapa#branch                                  0
vsc#branch                                   0
vsb#branch                                   0
vsa#branch                                   0
vcm#branch                                   0
vclk#branch                                  0
vsupa#branch                      -1.99689e-05
vsup#branch                        -3.9935e-05

 Reference value :  6.19140e-09
 Reference value :  1.35602e-08
 Reference value :  2.12575e-08
 Reference value :  2.92725e-08
 Reference value :  3.72425e-08
 Reference value :  4.46054e-08
 Reference value :  5.23525e-08
No. of Data Rows : 12109
vsup_v              =  2.97000e+00
td_a                =  7.34378e-11 targ=  4.01234e-08 trig=  4.00500e-08
td_b                =  2.27543e-10 targ=  4.02775e-08 trig=  4.00500e-08
td_c                =  3.19620e-10 targ=  4.03696e-08 trig=  4.00500e-08
da_first            =  1.85283e-179
db_first            =  1.30282e-175
dc_first            =  1.78798e-173
da_end              =  9.99951e-01
db_end              =  9.99951e-01
dc_end              =  9.99951e-01
i_stat              =  -1.99697e-05 from=  2.50000e-08 to=  2.90025e-08
q_dec               =  -1.61741e-13 from=  3.99000e-08 to=  4.80000e-08
m_td_od50_ns = 7.3437820000e-02
m_td_od1_ns = 2.2754350000e-01
m_td_od01_ns = 3.1962030000e-01
m_tau_ps = 3.9988446151e+01
m_resolve_decades = 5.6902311017e+00
m_dout_od50_end = 9.9995130000e-01
m_dout_od1_end = 9.9995130000e-01
m_dout_od01_end = 9.9995130000e-01
m_dout_od50_first = 1.8528280000e-179
m_dout_od1_first = 1.3028160000e-175
m_dout_od01_first = 1.7879780000e-173
m_i_static_ua = 1.9969650000e+01
m_e_dec_fj = 3.9694050000e-02
Note: Simulation executed from .control section 

Note: Starting dynamic gmin stepping
Note: Dynamic gmin stepping completed
