
Note: No compatibility mode selected!


Circuit: * comparator-regeneration @ sf_-40c_3.63v -- generated by sim/harness, do not edit

Doing analysis at TEMP = -40.000000 and TNOM = 27.000000

Using SPARSE 1.3 as Direct Linear Solver

Initial Transient Solution
--------------------------

Node                                   Voltage
----                                   -------
vdd                                       3.63
vdda                                      3.63
clk                                          0
cm                                         1.2
sa                                       -0.05
apa                                      1.175
ana                                      1.225
ibna                                  0.900843
xa.xa.atail                           0.282443
xa.aon                                 3.35535
xa.aop                                 2.82881
xa.xa.xrlp.11                          3.62892
xa.xa.xrlp.21                          2.82989
xa.xa.xrln.11                          3.62963
xa.xa.xrln.21                          3.35573
xa.xl.ken                                    0
xa.xl.qp                                 1.815
xa.xl.qn                                 1.815
xa.xl.h                                      0
douta                                        0
doutba                                    3.63
sb                                      -0.001
apb                                     1.1995
anb                                     1.2005
ibnb                                  0.900843
xb.xa.atail                           0.278606
xb.aon                                 3.09739
xb.aop                                 3.08613
xb.xa.xrlp.11                          3.62927
xb.xa.xrlp.21                          3.08687
xb.xa.xrln.11                          3.62928
xb.xa.xrln.21                          3.09811
xb.xl.ken                                    0
xb.xl.qp                                 1.815
xb.xl.qn                                 1.815
xb.xl.h                                      0
doutb                                        0
doutbb                                    3.63
sc                                     -0.0001
apc                                    1.19995
anc                                    1.20005
ibnc                                  0.900843
xc.xa.atail                           0.278605
xc.aon                                 3.09233
xc.aop                                  3.0912
xc.xa.xrlp.11                          3.62927
xc.xa.xrlp.21                          3.09193
xc.xa.xrln.11                          3.62928
xc.xa.xrln.21                          3.09305
xc.xl.ken                                    0
xc.xl.qp                                 1.815
xc.xl.qn                                 1.815
xc.xl.h                                      0
doutc                                        0
doutbc                                    3.63
clkn                                         0
dan                                          0
dbn                                          0
dcn                                          0
bdcn#branch                                  0
bdbn#branch                                  0
bdan#branch                                  0
bclkn#branch                                 0
b.xc.xl.bdob#branch                          0
b.xc.xl.bdo#branch                           0
b.xc.xl.ben#branch                           0
b.xb.xl.bdob#branch                          0
b.xb.xl.bdo#branch                           0
b.xb.xl.ben#branch                           0
b.xa.xl.bdob#branch                          0
b.xa.xl.bdo#branch                           0
b.xa.xl.ben#branch                           0
eanc#branch                                  0
eapc#branch                                  0
eanb#branch                                  0
eapb#branch                                  0
eana#branch                                  0
eapa#branch                                  0
vsc#branch                                   0
vsb#branch                                   0
vsa#branch                                   0
vcm#branch                                   0
vclk#branch                                  0
vsupa#branch                      -1.97157e-05
vsup#branch                        -3.9443e-05

 Reference value :  6.13140e-09
 Reference value :  1.35777e-08
 Reference value :  2.11925e-08
 Reference value :  2.90375e-08
 Reference value :  3.70375e-08
 Reference value :  4.44166e-08
 Reference value :  5.22925e-08
No. of Data Rows : 12111
vsup_v              =  3.63000e+00
td_a                =  6.08183e-11 targ=  4.01108e-08 trig=  4.00500e-08
td_b                =  2.09658e-10 targ=  4.02597e-08 trig=  4.00500e-08
td_c                =  3.00513e-10 targ=  4.03505e-08 trig=  4.00500e-08
da_first            =  7.68750e-180
db_first            =  5.03324e-176
dc_first            =  6.91666e-174
da_end              =  9.99951e-01
db_end              =  9.99951e-01
dc_end              =  9.99951e-01
i_stat              =  -1.97151e-05 from=  2.50000e-08 to=  2.90025e-08
q_dec               =  -1.59732e-13 from=  3.99000e-08 to=  4.80000e-08
m_td_od50_ns = 6.0818320000e-02
m_td_od1_ns = 2.0965760000e-01
m_td_od01_ns = 3.0051350000e-01
m_tau_ps = 3.9458216018e+01
m_resolve_decades = 5.3134079833e+00
m_dout_od50_end = 9.9995130000e-01
m_dout_od1_end = 9.9995130000e-01
m_dout_od01_end = 9.9995130000e-01
m_dout_od50_first = 7.6874980000e-180
m_dout_od1_first = 5.0332410000e-176
m_dout_od01_first = 6.9166600000e-174
m_i_static_ua = 1.9715120000e+01
m_e_dec_fj = 1.4457564000e-01
Note: Simulation executed from .control section 

