
Note: No compatibility mode selected!


Circuit: * comparator-regeneration @ sf_125c_3.30v -- generated by sim/harness, do not edit

Doing analysis at TEMP = 125.000000 and TNOM = 27.000000

Using SPARSE 1.3 as Direct Linear Solver

Initial Transient Solution
--------------------------

Node                                   Voltage
----                                   -------
vdd                                        3.3
vdda                                       3.3
clk                                          0
cm                                         1.2
sa                                       -0.05
apa                                      1.175
ana                                      1.225
ibna                                  0.771641
xa.xa.atail                           0.398811
xa.aon                                 2.99863
xa.aop                                 2.65393
xa.xa.xrlp.11                          3.29963
xa.xa.xrlp.21                          2.65431
xa.xa.xrln.11                          3.29983
xa.xa.xrln.21                           2.9988
xa.xl.ken                                    0
xa.xl.qp                                  1.65
xa.xl.qn                                  1.65
xa.xl.h                                      0
douta                                        0
doutba                                     3.3
sb                                      -0.001
apb                                     1.1995
anb                                     1.2005
ibnb                                  0.771641
xb.xa.atail                           0.395914
xb.aon                                  2.8299
xb.aop                                 2.82274
xb.xa.xrlp.11                          3.29972
xb.xa.xrlp.21                          2.82302
xb.xa.xrln.11                          3.29973
xb.xa.xrln.21                          2.83018
xb.xl.ken                                    0
xb.xl.qp                                  1.65
xb.xl.qn                                  1.65
xb.xl.h                                      0
doutb                                        0
doutbb                                     3.3
sc                                     -0.0001
apc                                    1.19995
anc                                    1.20005
ibnc                                  0.771641
xc.xa.atail                           0.395913
xc.aon                                 2.82668
xc.aop                                 2.82596
xc.xa.xrlp.11                          3.29972
xc.xa.xrlp.21                          2.82624
xc.xa.xrln.11                          3.29973
xc.xa.xrln.21                          2.82696
xc.xl.ken                                    0
xc.xl.qp                                  1.65
xc.xl.qn                                  1.65
xc.xl.h                                      0
doutc                                        0
doutbc                                     3.3
clkn                                         0
dan                                          0
dbn                                          0
dcn                                          0
bdcn#branch                                  0
bdbn#branch                                  0
bdan#branch                                  0
bclkn#branch                                 0
b.xc.xl.bdob#branch                          0
b.xc.xl.bdo#branch                           0
b.xc.xl.ben#branch                           0
b.xb.xl.bdob#branch                          0
b.xb.xl.bdo#branch                           0
b.xb.xl.ben#branch                           0
b.xa.xl.bdob#branch                          0
b.xa.xl.bdo#branch                           0
b.xa.xl.ben#branch                           0
eanc#branch                                  0
eapc#branch                                  0
eanb#branch                                  0
eapb#branch                                  0
eana#branch                                  0
eapa#branch                                  0
vsc#branch                                   0
vsb#branch                                   0
vsa#branch                                   0
vcm#branch                                   0
vclk#branch                                  0
vsupa#branch                      -1.98618e-05
vsup#branch                       -3.97218e-05

 Reference value :  6.21640e-09
 Reference value :  1.35034e-08
 Reference value :  2.09775e-08
 Reference value :  2.85125e-08
 Reference value :  3.63725e-08
 Reference value :  4.96954e-08
No. of Data Rows : 12105
vsup_v              =  3.30000e+00
td_a                =  7.47680e-11 targ=  4.01248e-08 trig=  4.00500e-08
td_b                =  2.29452e-10 targ=  4.02795e-08 trig=  4.00500e-08
td_c                =  3.21546e-10 targ=  4.03715e-08 trig=  4.00500e-08
da_first            =  2.02619e-179
db_first            =  1.45386e-175
dc_first            =  2.01030e-173
da_end              =  9.99951e-01
db_end              =  9.99951e-01
dc_end              =  9.99951e-01
i_stat              =  -1.98635e-05 from=  2.50000e-08 to=  2.90025e-08
q_dec               =  -1.60889e-13 from=  3.99000e-08 to=  4.80000e-08
m_td_od50_ns = 7.4768050000e-02
m_td_od1_ns = 2.2945230000e-01
m_td_od01_ns = 3.2154610000e-01
m_tau_ps = 3.9995829158e+01
m_resolve_decades = 5.7369056933e+00
m_dout_od50_end = 9.9995130000e-01
m_dout_od1_end = 9.9995130000e-01
m_dout_od01_end = 9.9995130000e-01
m_dout_od50_first = 2.0261920000e-179
m_dout_od1_first = 1.4538590000e-175
m_dout_od01_first = 2.0103010000e-173
m_i_static_ua = 1.9863470000e+01
m_e_dec_fj = 1.5533100000e-02
Note: Simulation executed from .control section 

