
Note: No compatibility mode selected!


Circuit: * comparator-regeneration @ sf_27c_3.30v -- generated by sim/harness, do not edit

Doing analysis at TEMP = 27.000000 and TNOM = 27.000000

Using SPARSE 1.3 as Direct Linear Solver

Initial Transient Solution
--------------------------

Node                                   Voltage
----                                   -------
vdd                                        3.3
vdda                                       3.3
clk                                          0
cm                                         1.2
sa                                       -0.05
apa                                      1.175
ana                                      1.225
ibna                                  0.847144
xa.xa.atail                           0.330184
xa.aon                                  3.0146
xa.aop                                 2.57832
xa.xa.xrlp.11                          3.29939
xa.xa.xrlp.21                          2.57892
xa.xa.xrln.11                          3.29976
xa.xa.xrln.21                          3.01484
xa.xl.ken                                    0
xa.xl.qp                                  1.65
xa.xl.qn                                  1.65
xa.xl.h                                      0
douta                                        0
doutba                                     3.3
sb                                      -0.001
apb                                     1.1995
anb                                     1.2005
ibnb                                  0.847144
xb.xa.atail                            0.32679
xb.aon                                  2.8011
xb.aop                                  2.7919
xb.xa.xrlp.11                          3.29957
xb.xa.xrlp.21                          2.79233
xb.xa.xrln.11                          3.29958
xb.xa.xrln.21                          2.80152
xb.xl.ken                                    0
xb.xl.qp                                  1.65
xb.xl.qn                                  1.65
xb.xl.h                                      0
doutb                                        0
doutbb                                     3.3
sc                                     -0.0001
apc                                    1.19995
anc                                    1.20005
ibnc                                  0.847144
xc.xa.atail                           0.326788
xc.aon                                 2.79696
xc.aop                                 2.79604
xc.xa.xrlp.11                          3.29958
xc.xa.xrlp.21                          2.79647
xc.xa.xrln.11                          3.29958
xc.xa.xrln.21                          2.79739
xc.xl.ken                                    0
xc.xl.qp                                  1.65
xc.xl.qn                                  1.65
xc.xl.h                                      0
doutc                                        0
doutbc                                     3.3
clkn                                         0
dan                                          0
dbn                                          0
dcn                                          0
bdcn#branch                                  0
bdbn#branch                                  0
bdan#branch                                  0
bclkn#branch                                 0
b.xc.xl.bdob#branch                          0
b.xc.xl.bdo#branch                           0
b.xc.xl.ben#branch                           0
b.xb.xl.bdob#branch                          0
b.xb.xl.bdo#branch                           0
b.xb.xl.ben#branch                           0
b.xa.xl.bdob#branch                          0
b.xa.xl.bdo#branch                           0
b.xa.xl.ben#branch                           0
eanc#branch                                  0
eapc#branch                                  0
eanb#branch                                  0
eapb#branch                                  0
eana#branch                                  0
eapa#branch                                  0
vsc#branch                                   0
vsb#branch                                   0
vsa#branch                                   0
vcm#branch                                   0
vclk#branch                                  0
vsupa#branch                      -1.97746e-05
vsup#branch                       -3.95474e-05

 Reference value :  6.06640e-09
 Reference value :  1.34401e-08
 Reference value :  2.10575e-08
 Reference value :  2.86675e-08
 Reference value :  3.62625e-08
 Reference value :  4.32606e-08
 Reference value :  5.34125e-08
No. of Data Rows : 12111
vsup_v              =  3.30000e+00
td_a                =  6.68541e-11 targ=  4.01169e-08 trig=  4.00500e-08
td_b                =  2.18876e-10 targ=  4.02689e-08 trig=  4.00500e-08
td_c                =  3.10482e-10 targ=  4.03605e-08 trig=  4.00500e-08
da_first            =  1.17864e-179
db_first            =  8.18650e-176
dc_first            =  1.13727e-173
da_end              =  9.99951e-01
db_end              =  9.99951e-01
dc_end              =  9.99951e-01
i_stat              =  -1.97747e-05 from=  2.50000e-08 to=  2.90025e-08
q_dec               =  -1.60184e-13 from=  3.99000e-08 to=  4.80000e-08
m_td_od50_ns = 6.6854060000e-02
m_td_od1_ns = 2.1887590000e-01
m_td_od01_ns = 3.1048190000e-01
m_tau_ps = 3.9783980309e+01
m_resolve_decades = 5.5016088963e+00
m_dout_od50_end = 9.9995130000e-01
m_dout_od1_end = 9.9995130000e-01
m_dout_od01_end = 9.9995130000e-01
m_dout_od50_first = 1.1786430000e-179
m_dout_od1_first = 8.1864950000e-176
m_dout_od01_first = 1.1372740000e-173
m_i_static_ua = 1.9774680000e+01
m_e_dec_fj = 3.0993600000e-02
Note: Simulation executed from .control section 

