
Note: No compatibility mode selected!


Circuit: * comparator-regeneration @ ss_-40c_2.97v -- generated by sim/harness, do not edit

Doing analysis at TEMP = -40.000000 and TNOM = 27.000000

Using SPARSE 1.3 as Direct Linear Solver

Initial Transient Solution
--------------------------

Node                                   Voltage
----                                   -------
vdd                                       2.97
vdda                                      2.97
clk                                          0
cm                                         1.2
sa                                       -0.05
apa                                      1.175
ana                                      1.225
ibna                                   0.93149
xa.xa.atail                           0.257077
xa.aon                                 2.64209
xa.aop                                 2.01752
xa.xa.xrlp.11                          2.96893
xa.xa.xrlp.21                          2.01859
xa.xa.xrln.11                          2.96963
xa.xa.xrln.21                          2.64246
xa.xl.ken                                    0
xa.xl.qp                                 1.485
xa.xl.qn                                 1.485
xa.xl.h                                      0
douta                                        0
doutba                                    2.97
sb                                      -0.001
apb                                     1.1995
anb                                     1.2005
ibnb                                   0.93149
xb.xa.atail                           0.253345
xb.aon                                 2.33675
xb.aop                                 2.32341
xb.xa.xrlp.11                          2.96927
xb.xa.xrlp.21                          2.32413
xb.xa.xrln.11                          2.96929
xb.xa.xrln.21                          2.33746
xb.xl.ken                                    0
xb.xl.qp                                 1.485
xb.xl.qn                                 1.485
xb.xl.h                                      0
doutb                                        0
doutbb                                    2.97
sc                                     -0.0001
apc                                    1.19995
anc                                    1.20005
ibnc                                   0.93149
xc.xa.atail                           0.253344
xc.aon                                 2.33075
xc.aop                                 2.32941
xc.xa.xrlp.11                          2.96928
xc.xa.xrlp.21                          2.33013
xc.xa.xrln.11                          2.96928
xc.xa.xrln.21                          2.33147
xc.xl.ken                                    0
xc.xl.qp                                 1.485
xc.xl.qn                                 1.485
xc.xl.h                                      0
doutc                                        0
doutbc                                    2.97
clkn                                         0
dan                                          0
dbn                                          0
dcn                                          0
bdcn#branch                                  0
bdbn#branch                                  0
bdan#branch                                  0
bclkn#branch                                 0
b.xc.xl.bdob#branch                          0
b.xc.xl.bdo#branch                           0
b.xc.xl.ben#branch                           0
b.xb.xl.bdob#branch                          0
b.xb.xl.bdo#branch                           0
b.xb.xl.ben#branch                           0
b.xa.xl.bdob#branch                          0
b.xa.xl.bdo#branch                           0
b.xa.xl.ben#branch                           0
eanc#branch                                  0
eapc#branch                                  0
eanb#branch                                  0
eapb#branch                                  0
eana#branch                                  0
eapa#branch                                  0
vsc#branch                                   0
vsb#branch                                   0
vsa#branch                                   0
vcm#branch                                   0
vclk#branch                                  0
vsupa#branch                      -1.96402e-05
vsup#branch                       -3.92721e-05

 Reference value :  6.73140e-09
 Reference value :  1.50257e-08
 Reference value :  2.35675e-08
 Reference value :  3.17825e-08
 Reference value :  3.97225e-08
 Reference value :  4.72439e-08
 Reference value :  5.49325e-08
No. of Data Rows : 12117
vsup_v              =  2.97000e+00
td_a                =  5.59856e-11 targ=  4.01060e-08 trig=  4.00500e-08
td_b                =  2.03755e-10 targ=  4.02538e-08 trig=  4.00500e-08
td_c                =  2.89903e-10 targ=  4.03399e-08 trig=  4.00500e-08
da_first            =  5.42458e-180
db_first            =  3.77916e-176
dc_first            =  5.48353e-174
da_end              =  9.99951e-01
db_end              =  9.99951e-01
dc_end              =  9.99951e-01
i_stat              =  -1.96342e-05 from=  2.50000e-08 to=  2.90025e-08
q_dec               =  -1.59050e-13 from=  3.99000e-08 to=  4.80000e-08
m_td_od50_ns = 5.5985590000e-02
m_td_od1_ns = 2.0375460000e-01
m_td_od01_ns = 2.8990300000e-01
m_tau_ps = 3.7413774745e+01
m_resolve_decades = 5.4459781562e+00
m_dout_od50_end = 9.9995130000e-01
m_dout_od1_end = 9.9995130000e-01
m_dout_od01_end = 9.9995130000e-01
m_dout_od50_first = 5.4245790000e-180
m_dout_od1_first = 3.7791620000e-176
m_dout_od01_first = 5.4835310000e-174
m_i_static_ua = 1.9634250000e+01
m_e_dec_fj = 3.7050750000e-02
Note: Simulation executed from .control section 

