
Note: No compatibility mode selected!


Circuit: * comparator-regeneration @ ss_125c_2.97v -- generated by sim/harness, do not edit

Doing analysis at TEMP = 125.000000 and TNOM = 27.000000

Using SPARSE 1.3 as Direct Linear Solver

Initial Transient Solution
--------------------------

Node                                   Voltage
----                                   -------
vdd                                       2.97
vdda                                      2.97
clk                                          0
cm                                         1.2
sa                                       -0.05
apa                                      1.175
ana                                      1.225
ibna                                  0.803253
xa.xa.atail                           0.372946
xa.aon                                 2.60778
xa.aop                                 2.19938
xa.xa.xrlp.11                          2.96963
xa.xa.xrlp.21                          2.19975
xa.xa.xrln.11                          2.96982
xa.xa.xrln.21                          2.60795
xa.xl.ken                                    0
xa.xl.qp                                 1.485
xa.xl.qn                                 1.485
xa.xl.h                                      0
douta                                        0
doutba                                    2.97
sb                                      -0.001
apb                                     1.1995
anb                                     1.2005
ibnb                                  0.803253
xb.xa.atail                           0.370124
xb.aon                                 2.40793
xb.aop                                 2.39945
xb.xa.xrlp.11                          2.96972
xb.xa.xrlp.21                          2.39973
xb.xa.xrln.11                          2.96973
xb.xa.xrln.21                           2.4082
xb.xl.ken                                    0
xb.xl.qp                                 1.485
xb.xl.qn                                 1.485
xb.xl.h                                      0
doutb                                        0
doutbb                                    2.97
sc                                     -0.0001
apc                                    1.19995
anc                                    1.20005
ibnc                                  0.803253
xc.xa.atail                           0.370123
xc.aon                                 2.40411
xc.aop                                 2.40326
xc.xa.xrlp.11                          2.96973
xc.xa.xrlp.21                          2.40354
xc.xa.xrln.11                          2.96973
xc.xa.xrln.21                          2.40439
xc.xl.ken                                    0
xc.xl.qp                                 1.485
xc.xl.qn                                 1.485
xc.xl.h                                      0
doutc                                        0
doutbc                                    2.97
clkn                                         0
dan                                          0
dbn                                          0
dcn                                          0
bdcn#branch                                  0
bdbn#branch                                  0
bdan#branch                                  0
bclkn#branch                                 0
b.xc.xl.bdob#branch                          0
b.xc.xl.bdo#branch                           0
b.xc.xl.ben#branch                           0
b.xb.xl.bdob#branch                          0
b.xb.xl.bdo#branch                           0
b.xb.xl.ben#branch                           0
b.xa.xl.bdob#branch                          0
b.xa.xl.bdo#branch                           0
b.xa.xl.ben#branch                           0
eanc#branch                                  0
eapc#branch                                  0
eanb#branch                                  0
eapb#branch                                  0
eana#branch                                  0
eapa#branch                                  0
vsc#branch                                   0
vsb#branch                                   0
vsa#branch                                   0
vcm#branch                                   0
vclk#branch                                  0
vsupa#branch                      -1.98283e-05
vsup#branch                       -3.96527e-05

 Reference value :  5.75140e-09
 Reference value :  1.34970e-08
 Reference value :  2.11025e-08
 Reference value :  2.89825e-08
 Reference value :  3.69475e-08
 Reference value :  4.43757e-08
 Reference value :  5.21325e-08
No. of Data Rows : 12108
vsup_v              =  2.97000e+00
td_a                =  6.92910e-11 targ=  4.01193e-08 trig=  4.00500e-08
td_b                =  2.23344e-10 targ=  4.02733e-08 trig=  4.00500e-08
td_c                =  3.12082e-10 targ=  4.03621e-08 trig=  4.00500e-08
da_first            =  1.40695e-179
db_first            =  1.07769e-175
dc_first            =  1.54818e-173
da_end              =  9.99951e-01
db_end              =  9.99951e-01
dc_end              =  9.99951e-01
i_stat              =  -1.98279e-05 from=  2.50000e-08 to=  2.90025e-08
q_dec               =  -1.60589e-13 from=  3.99000e-08 to=  4.80000e-08
m_td_od50_ns = 6.9291010000e-02
m_td_od1_ns = 2.2334430000e-01
m_td_od01_ns = 3.1208160000e-01
m_tau_ps = 3.8538119729e+01
m_resolve_decades = 5.7954124791e+00
m_dout_od50_end = 9.9995130000e-01
m_dout_od1_end = 9.9995130000e-01
m_dout_od01_end = 9.9995130000e-01
m_dout_od50_first = 1.4069520000e-179
m_dout_od1_first = 1.0776920000e-175
m_dout_od01_first = 1.5481800000e-173
m_i_static_ua = 1.9827950000e+01
m_e_dec_fj = 5.0772150000e-02
Note: Simulation executed from .control section 

Note: Starting dynamic gmin stepping
Note: Dynamic gmin stepping completed
