
Note: No compatibility mode selected!


Circuit: * comparator-kickback @ ff_-40c_3.30v -- generated by sim/harness, do not edit

Doing analysis at TEMP = -40.000000 and TNOM = 27.000000

Using SPARSE 1.3 as Direct Linear Solver

Initial Transient Solution
--------------------------

Node                                   Voltage
----                                   -------
vdd                                        3.3
cm                                         1.2
clk                                          0
sa                                       0.001
asp                                     1.2005
asn                                     1.1995
apa                                     1.2005
ana                                     1.1995
ibna                                  0.707856
xa.xa.atail                           0.428733
xa.aon                                 2.85797
xa.aop                                 2.86753
xa.xa.xrlp.11                          3.29927
xa.xa.xrlp.21                          2.86826
xa.xa.xrln.11                          3.29926
xa.xa.xrln.21                          2.85872
xa.xl.ken                                    0
xa.xl.qp                                  1.65
xa.xl.qn                                  1.65
xa.xl.h                                      0
douta                                        0
doutba                                     3.3
sb                                       0.001
bsp                                     1.2005
bsn                                     1.1995
bpp                                     1.2005
bpn                                     1.1995
ibnb                                  0.707856
xb.xa.atail                           0.428733
xb.aon                                 2.85797
xb.aop                                 2.86753
xb.xa.xrlp.11                          3.29927
xb.xa.xrlp.21                          2.86826
xb.xa.xrln.11                          3.29926
xb.xa.xrln.21                          2.85872
xb.xl.ken                                    0
xb.xl.qp                                  1.65
xb.xl.qn                                  1.65
xb.xl.h                                      0
doutb                                        0
doutbb                                     3.3
sc                                         0.1
csp                                       1.25
csn                                       1.15
cpp                                       1.25
cpn                                       1.15
ibnc                                  0.707856
xc.xa.atail                           0.444484
xc.aon                                 2.49897
xc.aop                                 3.22643
xc.xa.xrlp.11                          3.29988
xc.xa.xrlp.21                          3.22656
xc.xa.xrln.11                          3.29865
xc.xa.xrln.21                          2.50031
xc.xl.ken                                    0
xc.xl.qp                                  1.65
xc.xl.qn                                  1.65
xc.xl.h                                      0
doutc                                        0
doutbc                                     3.3
ad                                           0
bd                                       0.001
cd                                         0.1
bc                                -2.22045e-16
dan                                          0
dbn                                          0
dcn                                          0
bdcn#branch                                  0
bdbn#branch                                  0
bdan#branch                                  0
bbc#branch                                   0
bcd#branch                                   0
bbd#branch                                   0
bad#branch                                   0
b.xc.xl.bdob#branch                          0
b.xc.xl.bdo#branch                           0
b.xc.xl.ben#branch                           0
b.xb.xl.bdob#branch                          0
b.xb.xl.bdo#branch                           0
b.xb.xl.ben#branch                           0
b.xa.xl.bdob#branch                          0
b.xa.xl.bdo#branch                           0
b.xa.xl.ben#branch                           0
ecsn#branch                                  0
ecsp#branch                       -2.06795e-25
ebsn#branch                       -2.06795e-25
ebsp#branch                       -2.06795e-25
easn#branch                                  0
easp#branch                                  0
vsc#branch                                   0
vsb#branch                                   0
vsa#branch                                   0
vclk#branch                                  0
vcm#branch                        -6.20385e-25
vsup#branch                       -5.95967e-05

 Reference value :  5.92640e-09
 Reference value :  1.35464e-08
 Reference value :  2.11664e-08
 Reference value :  2.89414e-08
 Reference value :  3.61851e-08
 Reference value :  4.36575e-08
 Reference value :  5.17975e-08
 Reference value :  5.94925e-08
No. of Data Rows : 12092
ad_pos              =  3.64510e-03 at=  4.02275e-08
ad_neg              =  -3.63608e-03 at=  3.03918e-08
ap0                 =  1.20050e+00
apmax               =  1.20415e+00 at=  4.02275e-08
apmin               =  1.19686e+00 at=  3.03918e-08
bd0                 =  1.00000e-03
bd1                 =  1.00013e-03
cd0                 =  1.00000e-01
cd1                 =  1.00000e-01
bc0                 =  8.39792e-11
bc1                 =  2.30923e-09
bp0                 =  1.20050e+00
bn0                 =  1.19950e+00
bp1                 =  1.20050e+00
bn1                 =  1.19950e+00
da_end              =  9.99851e-01
db_end              =  9.99851e-01
dc_end              =  9.99851e-01
m_kick_1k_peak_mv = 3.6451040000e+00
m_kick_1k_pos_mv = 3.6451040000e+00
m_kick_1k_neg_mv = -3.636082000e+00
m_kick_1k_raw_mv = 3.6450000000e+00
m_kick_resid_small_nv = 1.2900000000e+02
m_kick_resid_big_nv = 2.0000000001e+02
m_kick_sigdep_nv = 7.1000000006e+01
m_kick_cm_nv = 2.2252468100e+00
m_kick_resid_raw_uv = 0.0000000000e+00
m_q_resid_small_ac = 1.2900000000e-01
m_dout_1k_end = 9.9985130000e-01
m_dout_float_small_end = 9.9985130000e-01
m_dout_float_big_end = 9.9985130000e-01
Note: Simulation executed from .control section 

