
Note: No compatibility mode selected!


Circuit: * comparator-kickback @ fs_27c_3.63v -- generated by sim/harness, do not edit

Doing analysis at TEMP = 27.000000 and TNOM = 27.000000

Using SPARSE 1.3 as Direct Linear Solver

Initial Transient Solution
--------------------------

Node                                   Voltage
----                                   -------
vdd                                       3.63
cm                                         1.2
clk                                          0
sa                                       0.001
asp                                     1.2005
asn                                     1.1995
apa                                     1.2005
ana                                     1.1995
ibna                                  0.683798
xa.xa.atail                           0.453775
xa.aon                                 3.11385
xa.aop                                 3.12338
xa.xa.xrlp.11                          3.62957
xa.xa.xrlp.21                          3.12381
xa.xa.xrln.11                          3.62957
xa.xa.xrln.21                          3.11428
xa.xl.ken                                    0
xa.xl.qp                                 1.815
xa.xl.qn                                 1.815
xa.xl.h                                      0
douta                                        0
doutba                                    3.63
sb                                       0.001
bsp                                     1.2005
bsn                                     1.1995
bpp                                     1.2005
bpn                                     1.1995
ibnb                                  0.683798
xb.xa.atail                           0.453775
xb.aon                                 3.11385
xb.aop                                 3.12338
xb.xa.xrlp.11                          3.62957
xb.xa.xrlp.21                          3.12381
xb.xa.xrln.11                          3.62957
xb.xa.xrln.21                          3.11428
xb.xl.ken                                    0
xb.xl.qp                                 1.815
xb.xl.qn                                 1.815
xb.xl.h                                      0
doutb                                        0
doutbb                                    3.63
sc                                         0.1
csp                                       1.25
csn                                       1.15
cpp                                       1.25
cpn                                       1.15
ibnc                                  0.683798
xc.xa.atail                           0.467529
xc.aon                                 2.73241
xc.aop                                 3.50559
xc.xa.xrlp.11                           3.6299
xc.xa.xrlp.21                          3.50569
xc.xa.xrln.11                          3.62924
xc.xa.xrln.21                          2.73316
xc.xl.ken                                    0
xc.xl.qp                                 1.815
xc.xl.qn                                 1.815
xc.xl.h                                      0
doutc                                        0
doutbc                                    3.63
ad                                           0
bd                                       0.001
cd                                         0.1
bc                                -2.22045e-16
dan                                          0
dbn                                          0
dcn                                          0
bdcn#branch                                  0
bdbn#branch                                  0
bdan#branch                                  0
bbc#branch                                   0
bcd#branch                                   0
bbd#branch                                   0
bad#branch                                   0
b.xc.xl.bdob#branch                          0
b.xc.xl.bdo#branch                           0
b.xc.xl.ben#branch                           0
b.xb.xl.bdob#branch                          0
b.xb.xl.bdo#branch                           0
b.xb.xl.ben#branch                           0
b.xa.xl.bdob#branch                          0
b.xa.xl.bdo#branch                           0
b.xa.xl.ben#branch                           0
ecsn#branch                                  0
ecsp#branch                       -2.06795e-25
ebsn#branch                       -2.06795e-25
ebsp#branch                       -2.06795e-25
easn#branch                                  0
easp#branch                                  0
vsc#branch                                   0
vsb#branch                                   0
vsa#branch                                   0
vclk#branch                                  0
vcm#branch                        -6.20385e-25
vsup#branch                        -5.9773e-05

 Reference value :  5.96140e-09
 Reference value :  1.38064e-08
 Reference value :  2.22114e-08
 Reference value :  3.02273e-08
 Reference value :  3.87952e-08
 Reference value :  4.71125e-08
 Reference value :  5.56825e-08
No. of Data Rows : 12094
ad_pos              =  4.37016e-03 at=  4.02275e-08
ad_neg              =  -4.25595e-03 at=  3.04055e-08
ap0                 =  1.20050e+00
apmax               =  1.20487e+00 at=  4.02275e-08
apmin               =  1.19624e+00 at=  3.04055e-08
bd0                 =  1.00000e-03
bd1                 =  1.00065e-03
cd0                 =  1.00000e-01
cd1                 =  1.00001e-01
bc0                 =  -5.87354e-11
bc1                 =  -9.38587e-10
bp0                 =  1.20050e+00
bn0                 =  1.19950e+00
bp1                 =  1.20050e+00
bn1                 =  1.19950e+00
da_end              =  9.99851e-01
db_end              =  9.99851e-01
dc_end              =  9.99851e-01
m_kick_1k_peak_mv = 4.3701570000e+00
m_kick_1k_pos_mv = 4.3701570000e+00
m_kick_1k_neg_mv = -4.255949000e+00
m_kick_1k_raw_mv = 4.3700000000e+00
m_kick_resid_small_nv = 6.4800000000e+02
m_kick_resid_big_nv = 8.0000000000e+02
m_kick_sigdep_nv = 1.5200000000e+02
m_kick_cm_nv = -8.798515500e-01
m_kick_resid_raw_uv = 0.0000000000e+00
m_q_resid_small_ac = 6.4800000000e-01
m_dout_1k_end = 9.9985130000e-01
m_dout_float_small_end = 9.9985130000e-01
m_dout_float_big_end = 9.9985130000e-01
Note: Simulation executed from .control section 

Note: Starting dynamic gmin stepping
Note: Dynamic gmin stepping completed
