
Note: Compatibility modes selected: hs a


Circuit: * comparator-regeneration @ ff_125c_3.63v -- generated by sim/harness, do not edit

Doing analysis at TEMP = 125.000000 and TNOM = 27.000000

Using SPARSE 1.3 as Direct Linear Solver

Initial Transient Solution
--------------------------

Node                                   Voltage
----                                   -------
vdd                                       3.63
vdda                                      3.63
clk                                          0
cm                                        1.65
sa                                       -0.05
apa                                      1.625
ana                                      1.675
ibna                                  0.861999
xa.xa.atail                           0.853132
xa.aon                                 2.98054
xa.aop                                 2.41734
xa.xa.xrn.11                           2.98093
xa.xa.xrn.21                           3.62961
xa.xa.xrp.11                           2.41807
xa.xa.xrp.21                           3.62927
xa.xl.ltail                            2.36264
xa.xl.mn                                  3.63
xa.xl.mp                                  3.63
xa.xl.qn                                  3.63
xa.xl.qp                                  3.63
xa.xl.sp                           4.49087e-08
xa.xl.sn                           4.49087e-08
xa.xl.na                               3.42834
douta                                  1.82299
doutba                                 1.82299
xa.xl.nb                               3.42834
sb                                      -0.001
apb                                     1.6495
anb                                     1.6505
ibnb                                  0.861999
xb.xa.atail                           0.850991
xb.aon                                 2.70483
xb.aop                                 2.69332
xb.xa.xrn.11                           2.70539
xb.xa.xrn.21                           3.62944
xb.xa.xrp.11                           2.69389
xb.xa.xrp.21                           3.62943
xb.xl.ltail                            2.15025
xb.xl.mn                                  3.63
xb.xl.mp                                  3.63
xb.xl.qn                                  3.63
xb.xl.qp                                  3.63
xb.xl.sp                           4.49087e-08
xb.xl.sn                           4.49087e-08
xb.xl.na                               3.42834
doutb                                  1.82299
doutbb                                 1.82299
xb.xl.nb                               3.42834
sc                                     -0.0001
apc                                    1.64995
anc                                    1.65005
ibnc                                  0.861999
xc.xa.atail                            0.85099
xc.aon                                 2.69965
xc.aop                                  2.6985
xc.xa.xrn.11                           2.70021
xc.xa.xrn.21                           3.62944
xc.xa.xrp.11                           2.69906
xc.xa.xrp.21                           3.62944
xc.xl.ltail                            2.14992
xc.xl.mn                                  3.63
xc.xl.mp                                  3.63
xc.xl.qn                                  3.63
xc.xl.qp                                  3.63
xc.xl.sp                           4.49087e-08
xc.xl.sn                           4.49087e-08
xc.xl.na                               3.42834
doutc                                  1.82299
doutbc                                 1.82299
xc.xl.nb                               3.42834
clkn                                         0
dan                                   0.502202
dbn                                   0.502202
dcn                                   0.502202
bdcn#branch                                  0
bdbn#branch                                  0
bdan#branch                                  0
bclkn#branch                                 0
eanc#branch                                  0
eapc#branch                                  0
eanb#branch                                  0
eapb#branch                                  0
eana#branch                                  0
eapa#branch                                  0
vsc#branch                                   0
vsb#branch                                   0
vsa#branch                                   0
vcm#branch                                   0
vclk#branch                                  0
vsupa#branch                       -0.00053207
vsup#branch                        -0.00106413

 Reference value :  2.56400e-10
 Reference value :  2.04640e-09
 Reference value :  3.69640e-09
 Reference value :  5.17140e-09
 Reference value :  6.93140e-09
 Reference value :  9.94640e-09
 Reference value :  1.16855e-08
 Reference value :  1.38455e-08
 Reference value :  1.68005e-08
 Reference value :  1.90555e-08
 Reference value :  2.14275e-08
 Reference value :  2.38925e-08
 Reference value :  2.59625e-08
 Reference value :  2.87125e-08
 Reference value :  3.09875e-08
 Reference value :  3.33725e-08
 Reference value :  3.56025e-08
 Reference value :  3.79575e-08
 Reference value :  4.02875e-08
 Reference value :  4.24575e-08
 Reference value :  4.48025e-08
 Reference value :  4.72175e-08
 Reference value :  4.98475e-08
 Reference value :  5.24052e-08
 Reference value :  5.44102e-08
 Reference value :  5.67002e-08
 Reference value :  5.87052e-08
No. of Data Rows : 12040
vsup_v              =  3.63000e+00
td_a                =  7.00147e-10 targ=  4.07501e-08 trig=  4.00500e-08
td_b                =  8.94895e-10 targ=  4.09449e-08 trig=  4.00500e-08
td_c                =  1.03070e-09 targ=  4.10807e-08 trig=  4.00500e-08
da_first            =  1.59694e-06
db_first            =  9.55159e-06
dc_first            =  2.10281e-05
da_end              =  1.00000e+00
db_end              =  1.00000e+00
dc_end              =  1.00000e+00
i_stat              =  -2.78245e-05 from=  2.50000e-08 to=  2.90025e-08
q_dec               =  -7.18026e-13 from=  3.99000e-08 to=  4.80000e-08
m_td_od50_ns = 7.0014740000e-01
m_td_od1_ns = 8.9489550000e-01
m_td_od01_ns = 1.0307030000e+00
m_tau_ps = 5.8980447851e+01
m_resolve_decades = 1.5172748472e+01
m_dout_od50_end = 9.9999990000e-01
m_dout_od1_end = 9.9999990000e-01
m_dout_od01_end = 9.9999990000e-01
m_dout_od50_first = 1.5969360000e-06
m_dout_od1_first = 9.5515930000e-06
m_dout_od01_first = 2.1028070000e-05
m_i_static_ua = 2.7824480000e+01
m_e_dec_fj = 1.7883097426e+03
Note: Simulation executed from .control section 

Warning: m=xx on .subckt line will override multiplier m hierarchy!

Note: Starting dynamic gmin stepping
Note: Dynamic gmin stepping completed
