
Note: Compatibility modes selected: hs a


Circuit: * comparator-regeneration @ ff_125c_3.30v -- generated by sim/harness, do not edit

Doing analysis at TEMP = 125.000000 and TNOM = 27.000000

Using SPARSE 1.3 as Direct Linear Solver

Initial Transient Solution
--------------------------

Node                                   Voltage
----                                   -------
vdd                                        3.3
vdda                                       3.3
clk                                          0
cm                                        1.65
sa                                       -0.05
apa                                      1.625
ana                                      1.675
ibna                                  0.861999
xa.xa.atail                           0.852751
xa.aon                                 2.65076
xa.aop                                 2.08746
xa.xa.xrn.11                           2.65116
xa.xa.xrn.21                           3.29961
xa.xa.xrp.11                           2.08819
xa.xa.xrp.21                           3.29927
xa.xl.ltail                            2.08352
xa.xl.mn                                   3.3
xa.xl.mp                                   3.3
xa.xl.qn                                   3.3
xa.xl.qp                                   3.3
xa.xl.sp                           4.44331e-08
xa.xl.sn                           4.44331e-08
xa.xl.na                               3.12716
douta                                  1.64613
doutba                                 1.64613
xa.xl.nb                               3.12716
sb                                      -0.001
apb                                     1.6495
anb                                     1.6505
ibnb                                  0.861999
xb.xa.atail                           0.850617
xb.aon                                  2.3749
xb.aop                                 2.36339
xb.xa.xrn.11                           2.37546
xb.xa.xrn.21                           3.29944
xb.xa.xrp.11                           2.36395
xb.xa.xrp.21                           3.29943
xb.xl.ltail                            1.87309
xb.xl.mn                                   3.3
xb.xl.mp                                   3.3
xb.xl.qn                                   3.3
xb.xl.qp                                   3.3
xb.xl.sp                           4.44331e-08
xb.xl.sn                           4.44331e-08
xb.xl.na                               3.12716
doutb                                  1.64613
doutbb                                 1.64613
xb.xl.nb                               3.12716
sc                                     -0.0001
apc                                    1.64995
anc                                    1.65005
ibnc                                  0.861999
xc.xa.atail                           0.850616
xc.aon                                 2.36972
xc.aop                                 2.36857
xc.xa.xrn.11                           2.37028
xc.xa.xrn.21                           3.29944
xc.xa.xrp.11                           2.36913
xc.xa.xrp.21                           3.29944
xc.xl.ltail                            1.87277
xc.xl.mn                                   3.3
xc.xl.mp                                   3.3
xc.xl.qn                                   3.3
xc.xl.qp                                   3.3
xc.xl.sp                           4.44331e-08
xc.xl.sn                           4.44331e-08
xc.xl.na                               3.12716
doutc                                  1.64613
doutbc                                 1.64613
xc.xl.nb                               3.12716
clkn                                         0
dan                                   0.498827
dbn                                   0.498827
dcn                                   0.498827
bdcn#branch                                  0
bdbn#branch                                  0
bdan#branch                                  0
bclkn#branch                                 0
eanc#branch                                  0
eapc#branch                                  0
eanb#branch                                  0
eapb#branch                                  0
eana#branch                                  0
eapa#branch                                  0
vsc#branch                                   0
vsb#branch                                   0
vsa#branch                                   0
vcm#branch                                   0
vclk#branch                                  0
vsupa#branch                      -0.000433359
vsup#branch                       -0.000866717

 Reference value :  4.01400e-10
 Reference value :  2.22640e-09
 Reference value :  3.89640e-09
 Reference value :  5.43140e-09
 Reference value :  7.35140e-09
 Reference value :  1.00105e-08
 Reference value :  1.17075e-08
 Reference value :  1.39675e-08
 Reference value :  1.67375e-08
 Reference value :  1.89525e-08
 Reference value :  2.12625e-08
 Reference value :  2.38775e-08
 Reference value :  2.58925e-08
 Reference value :  2.88025e-08
 Reference value :  3.11225e-08
 Reference value :  3.34925e-08
 Reference value :  3.59325e-08
 Reference value :  3.81475e-08
 Reference value :  4.06066e-08
 Reference value :  4.28166e-08
 Reference value :  4.53316e-08
 Reference value :  4.77816e-08
 Reference value :  5.04807e-08
 Reference value :  5.34607e-08
 Reference value :  5.62407e-08
 Reference value :  5.86507e-08
No. of Data Rows : 12039
vsup_v              =  3.30000e+00
td_a                =  7.52659e-10 targ=  4.08027e-08 trig=  4.00500e-08
td_b                =  9.62432e-10 targ=  4.10124e-08 trig=  4.00500e-08
td_c                =  1.11161e-09 targ=  4.11616e-08 trig=  4.00500e-08
da_first            =  1.69774e-09
db_first            =  1.79841e-09
dc_first            =  1.88354e-09
da_end              =  1.00000e+00
db_end              =  1.00000e+00
dc_end              =  1.00000e+00
i_stat              =  -2.81041e-05 from=  2.50000e-08 to=  2.90025e-08
q_dec               =  -6.56782e-13 from=  3.99000e-08 to=  4.80000e-08
m_td_od50_ns = 7.5265890000e-01
m_td_od1_ns = 9.6243180000e-01
m_td_od01_ns = 1.1116130000e+00
m_tau_ps = 6.4788571964e+01
m_resolve_decades = 1.4854962393e+01
m_dout_od50_end = 9.9999990000e-01
m_dout_od1_end = 9.9999990000e-01
m_dout_od01_end = 9.9999990000e-01
m_dout_od50_first = 1.6977390000e-09
m_dout_od1_first = 1.7984140000e-09
m_dout_od01_first = 1.8835390000e-09
m_i_static_ua = 2.8104100000e+01
m_e_dec_fj = 1.4161566870e+03
Note: Simulation executed from .control section 

Warning: m=xx on .subckt line will override multiplier m hierarchy!

Note: Starting dynamic gmin stepping
Note: Dynamic gmin stepping completed
