
Note: Compatibility modes selected: hs a


Circuit: * comparator-regeneration @ ff_27c_3.30v -- generated by sim/harness, do not edit

Doing analysis at TEMP = 27.000000 and TNOM = 27.000000

Using SPARSE 1.3 as Direct Linear Solver

Initial Transient Solution
--------------------------

Node                                   Voltage
----                                   -------
vdd                                        3.3
vdda                                       3.3
clk                                          0
cm                                        1.65
sa                                       -0.05
apa                                      1.625
ana                                      1.675
ibna                                  0.879769
xa.xa.atail                           0.789878
xa.aon                                 2.65644
xa.aop                                 1.93357
xa.xa.xrn.11                             2.657
xa.xa.xrn.21                           3.29944
xa.xa.xrp.11                           1.93477
xa.xa.xrp.21                            3.2988
xa.xl.ltail                            2.06161
xa.xl.mn                                   3.3
xa.xl.mp                                   3.3
xa.xl.qn                                   3.3
xa.xl.qp                                   3.3
xa.xl.sp                           4.22463e-09
xa.xl.sn                           4.22463e-09
xa.xl.na                               3.14184
douta                                  1.62508
doutba                                 1.62508
xa.xl.nb                               3.14184
sb                                      -0.001
apb                                     1.6495
anb                                     1.6505
ibnb                                  0.879769
xb.xa.atail                           0.787289
xb.aon                                 2.30252
xb.aop                                 2.28761
xb.xa.xrn.11                            2.3034
xb.xa.xrn.21                           3.29913
xb.xa.xrp.11                            2.2885
xb.xa.xrp.21                           3.29911
xb.xl.ltail                             1.7801
xb.xl.mn                                   3.3
xb.xl.mp                                   3.3
xb.xl.qn                                   3.3
xb.xl.qp                                   3.3
xb.xl.sp                           4.22463e-09
xb.xl.sn                           4.22463e-09
xb.xl.na                               3.14184
doutb                                  1.62508
doutbb                                 1.62508
xb.xl.nb                               3.14184
sc                                     -0.0001
apc                                    1.64995
anc                                    1.65005
ibnc                                  0.879769
xc.xa.atail                           0.787288
xc.aon                                 2.29581
xc.aop                                 2.29432
xc.xa.xrn.11                           2.29669
xc.xa.xrn.21                           3.29912
xc.xa.xrp.11                            2.2952
xc.xa.xrp.21                           3.29912
xc.xl.ltail                             1.7794
xc.xl.mn                                   3.3
xc.xl.mp                                   3.3
xc.xl.qn                                   3.3
xc.xl.qp                                   3.3
xc.xl.sp                           4.22463e-09
xc.xl.sn                           4.22463e-09
xc.xl.na                               3.14184
doutc                                  1.62508
doutbc                                 1.62508
xc.xl.nb                               3.14184
clkn                                         0
dan                                   0.492449
dbn                                   0.492449
dcn                                   0.492449
bdcn#branch                                  0
bdbn#branch                                  0
bdan#branch                                  0
bclkn#branch                                 0
eanc#branch                                  0
eapc#branch                                  0
eanb#branch                                  0
eapb#branch                                  0
eana#branch                                  0
eapa#branch                                  0
vsc#branch                                   0
vsb#branch                                   0
vsa#branch                                   0
vcm#branch                                   0
vclk#branch                                  0
vsupa#branch                      -0.000487285
vsup#branch                       -0.000974568

 Reference value :  0.00000e+00
 Reference value :  1.74640e-09
 Reference value :  3.27640e-09
 Reference value :  4.74140e-09
 Reference value :  7.05640e-09
 Reference value :  9.65640e-09
 Reference value :  1.12375e-08
 Reference value :  1.31275e-08
 Reference value :  1.54775e-08
 Reference value :  1.76525e-08
 Reference value :  2.03504e-08
 Reference value :  2.26475e-08
 Reference value :  2.48375e-08
 Reference value :  2.76575e-08
 Reference value :  2.96875e-08
 Reference value :  3.22325e-08
 Reference value :  3.44175e-08
 Reference value :  3.67175e-08
 Reference value :  3.93525e-08
 Reference value :  4.14375e-08
 Reference value :  4.32175e-08
 Reference value :  4.51675e-08
 Reference value :  4.75225e-08
 Reference value :  5.03354e-08
 Reference value :  5.27554e-08
 Reference value :  5.50654e-08
 Reference value :  5.71554e-08
 Reference value :  5.91254e-08
No. of Data Rows : 12040
vsup_v              =  3.30000e+00
td_a                =  6.00185e-10 targ=  4.06502e-08 trig=  4.00500e-08
td_b                =  7.59116e-10 targ=  4.08091e-08 trig=  4.00500e-08
td_c                =  8.77218e-10 targ=  4.09272e-08 trig=  4.00500e-08
da_first            =  3.24653e-09
db_first            =  2.86926e-09
dc_first            =  3.49053e-09
da_end              =  1.00000e+00
db_end              =  1.00000e+00
dc_end              =  1.00000e+00
i_stat              =  -2.83378e-05 from=  2.50000e-08 to=  2.90025e-08
q_dec               =  -6.21040e-13 from=  3.99000e-08 to=  4.80000e-08
m_td_od50_ns = 6.0018500000e-01
m_td_od1_ns = 7.5911580000e-01
m_td_od01_ns = 8.7721780000e-01
m_tau_ps = 5.1291046902e+01
m_resolve_decades = 1.4800161936e+01
m_dout_od50_end = 1.0000000000e+00
m_dout_od1_end = 1.0000000000e+00
m_dout_od01_end = 1.0000000000e+00
m_dout_od50_first = 3.2465290000e-09
m_dout_od1_first = 2.8692610000e-09
m_dout_od01_first = 3.4905320000e-09
m_i_static_ua = 2.8337820000e+01
m_e_dec_fj = 1.2919630614e+03
Note: Simulation executed from .control section 

Warning: m=xx on .subckt line will override multiplier m hierarchy!

Note: Starting dynamic gmin stepping
Note: Dynamic gmin stepping completed
