
Note: Compatibility modes selected: hs a


Circuit: * comparator-regeneration @ ff_27c_2.97v -- generated by sim/harness, do not edit

Doing analysis at TEMP = 27.000000 and TNOM = 27.000000

Using SPARSE 1.3 as Direct Linear Solver

Initial Transient Solution
--------------------------

Node                                   Voltage
----                                   -------
vdd                                       2.97
vdda                                      2.97
clk                                          0
cm                                        1.65
sa                                       -0.05
apa                                      1.625
ana                                      1.675
ibna                                  0.879769
xa.xa.atail                           0.789461
xa.aon                                 2.32629
xa.aop                                 1.60381
xa.xa.xrn.11                           2.32685
xa.xa.xrn.21                           2.96944
xa.xa.xrp.11                             1.605
xa.xa.xrp.21                            2.9688
xa.xl.ltail                             1.7856
xa.xl.mn                                  2.97
xa.xl.mp                                  2.97
xa.xl.qn                                  2.97
xa.xl.qp                                  2.97
xa.xl.sp                           3.62025e-09
xa.xl.sn                           3.62025e-09
xa.xl.na                               2.84175
douta                                   1.4525
doutba                                  1.4525
xa.xl.nb                               2.84175
sb                                      -0.001
apb                                     1.6495
anb                                     1.6505
ibnb                                  0.879769
xb.xa.atail                           0.786886
xb.aon                                 1.97252
xb.aop                                 1.95762
xb.xa.xrn.11                            1.9734
xb.xa.xrn.21                           2.96913
xb.xa.xrp.11                           1.95851
xb.xa.xrp.21                           2.96911
xb.xl.ltail                            1.50785
xb.xl.mn                                  2.97
xb.xl.mp                                  2.97
xb.xl.qn                                  2.97
xb.xl.qp                                  2.97
xb.xl.sp                           3.62025e-09
xb.xl.sn                           3.62025e-09
xb.xl.na                               2.84175
doutb                                   1.4525
doutbb                                  1.4525
xb.xl.nb                               2.84175
sc                                     -0.0001
apc                                    1.64995
anc                                    1.65005
ibnc                                  0.879769
xc.xa.atail                           0.786885
xc.aon                                 1.96582
xc.aop                                 1.96433
xc.xa.xrn.11                            1.9667
xc.xa.xrn.21                           2.96912
xc.xa.xrp.11                           1.96521
xc.xa.xrp.21                           2.96912
xc.xl.ltail                            1.50716
xc.xl.mn                                  2.97
xc.xl.mp                                  2.97
xc.xl.qn                                  2.97
xc.xl.qp                                  2.97
xc.xl.sp                           3.62025e-09
xc.xl.sn                           3.62025e-09
xc.xl.na                               2.84175
doutc                                   1.4525
doutbc                                  1.4525
xc.xl.nb                               2.84175
clkn                                         0
dan                                   0.489058
dbn                                   0.489058
dcn                                   0.489058
bdcn#branch                                  0
bdbn#branch                                  0
bdan#branch                                  0
bclkn#branch                                 0
eanc#branch                                  0
eapc#branch                                  0
eanb#branch                                  0
eapb#branch                                  0
eana#branch                                  0
eapa#branch                                  0
vsc#branch                                   0
vsb#branch                                   0
vsa#branch                                   0
vcm#branch                                   0
vclk#branch                                  0
vsupa#branch                      -0.000375257
vsup#branch                       -0.000750512

 Reference value :  4.06400e-10
 Reference value :  2.13140e-09
 Reference value :  3.70140e-09
 Reference value :  5.10640e-09
 Reference value :  7.35640e-09
 Reference value :  1.00606e-08
 Reference value :  1.17175e-08
 Reference value :  1.39925e-08
 Reference value :  1.65925e-08
 Reference value :  1.87625e-08
 Reference value :  2.13025e-08
 Reference value :  2.36825e-08
 Reference value :  2.58025e-08
 Reference value :  2.82575e-08
 Reference value :  3.04925e-08
 Reference value :  3.26425e-08
 Reference value :  3.49925e-08
 Reference value :  3.71425e-08
 Reference value :  3.99962e-08
 Reference value :  4.20075e-08
 Reference value :  4.40875e-08
 Reference value :  4.62475e-08
 Reference value :  4.88575e-08
 Reference value :  5.15560e-08
 Reference value :  5.45860e-08
 Reference value :  5.69660e-08
 Reference value :  5.91360e-08
No. of Data Rows : 12039
vsup_v              =  2.97000e+00
td_a                =  6.57605e-10 targ=  4.07076e-08 trig=  4.00500e-08
td_b                =  8.34189e-10 targ=  4.08842e-08 trig=  4.00500e-08
td_c                =  9.67308e-10 targ=  4.10173e-08 trig=  4.00500e-08
da_first            =  1.40395e-05
db_first            =  1.26345e-05
dc_first            =  1.17027e-05
da_end              =  1.00000e+00
db_end              =  1.00000e+00
dc_end              =  1.00000e+00
i_stat              =  -2.86595e-05 from=  2.50000e-08 to=  2.90025e-08
q_dec               =  -5.66540e-13 from=  3.99000e-08 to=  4.80000e-08
m_td_od50_ns = 6.5760480000e-01
m_td_od1_ns = 8.3418920000e-01
m_td_od01_ns = 9.6730770000e-01
m_tau_ps = 5.7812629989e+01
m_resolve_decades = 1.4429186151e+01
m_dout_od50_end = 1.0000000000e+00
m_dout_od1_end = 1.0000000000e+00
m_dout_od01_end = 1.0000000000e+00
m_dout_od50_first = 1.4039490000e-05
m_dout_od1_first = 1.2634470000e-05
m_dout_od01_first = 1.1702660000e-05
m_i_static_ua = 2.8659480000e+01
m_e_dec_fj = 9.9316358064e+02
Note: Simulation executed from .control section 

Warning: m=xx on .subckt line will override multiplier m hierarchy!

Note: Starting dynamic gmin stepping
Note: Dynamic gmin stepping completed
