
Note: Compatibility modes selected: hs a


Circuit: * comparator-regeneration @ fs_27c_3.30v -- generated by sim/harness, do not edit

Doing analysis at TEMP = 27.000000 and TNOM = 27.000000

Using SPARSE 1.3 as Direct Linear Solver

Initial Transient Solution
--------------------------

Node                                   Voltage
----                                   -------
vdd                                        3.3
vdda                                       3.3
clk                                          0
cm                                        1.65
sa                                       -0.05
apa                                      1.625
ana                                      1.675
ibna                                   0.91486
xa.xa.atail                           0.760425
xa.aon                                 2.48872
xa.aop                                 1.60021
xa.xa.xrn.11                           2.48928
xa.xa.xrn.21                           3.29943
xa.xa.xrp.11                           1.60141
xa.xa.xrp.21                           3.29881
xa.xl.ltail                            1.89289
xa.xl.mn                                   3.3
xa.xl.mp                                   3.3
xa.xl.qn                                   3.3
xa.xl.qp                                   3.3
xa.xl.sp                           3.96393e-09
xa.xl.sn                           3.96393e-09
xa.xl.na                               3.16033
douta                                  1.49614
doutba                                 1.49614
xa.xl.nb                               3.16033
sb                                      -0.001
apb                                     1.6495
anb                                     1.6505
ibnb                                   0.91486
xb.xa.atail                           0.757935
xb.aon                                 2.05366
xb.aop                                 2.03536
xb.xa.xrn.11                           2.05454
xb.xa.xrn.21                           3.29913
xb.xa.xrp.11                           2.03625
xb.xa.xrp.21                           3.29911
xb.xl.ltail                            1.54815
xb.xl.mn                                   3.3
xb.xl.mp                                   3.3
xb.xl.qn                                   3.3
xb.xl.qp                                   3.3
xb.xl.sp                           3.96393e-09
xb.xl.sn                           3.96393e-09
xb.xl.na                               3.16033
doutb                                  1.49614
doutbb                                 1.49614
xb.xl.nb                               3.16033
sc                                     -0.0001
apc                                    1.64995
anc                                    1.65005
ibnc                                   0.91486
xc.xa.atail                           0.757934
xc.aon                                 2.04543
xc.aop                                  2.0436
xc.xa.xrn.11                           2.04631
xc.xa.xrn.21                           3.29912
xc.xa.xrp.11                           2.04448
xc.xa.xrp.21                           3.29912
xc.xl.ltail                            1.54712
xc.xl.mn                                   3.3
xc.xl.mp                                   3.3
xc.xl.qn                                   3.3
xc.xl.qp                                   3.3
xc.xl.sp                           3.96393e-09
xc.xl.sn                           3.96393e-09
xc.xl.na                               3.16033
doutc                                  1.49614
doutbc                                 1.49614
xc.xl.nb                               3.16033
clkn                                         0
dan                                   0.453375
dbn                                   0.453375
dcn                                   0.453375
bdcn#branch                                  0
bdbn#branch                                  0
bdan#branch                                  0
bclkn#branch                                 0
eanc#branch                                  0
eapc#branch                                  0
eanb#branch                                  0
eapb#branch                                  0
eana#branch                                  0
eapa#branch                                  0
vsc#branch                                   0
vsb#branch                                   0
vsa#branch                                   0
vcm#branch                                   0
vclk#branch                                  0
vsupa#branch                      -0.000370831
vsup#branch                       -0.000741661

 Reference value :  0.00000e+00
 Reference value :  1.87640e-09
 Reference value :  3.48640e-09
 Reference value :  4.76140e-09
 Reference value :  6.34640e-09
 Reference value :  8.19140e-09
 Reference value :  1.00196e-08
 Reference value :  1.14925e-08
 Reference value :  1.34025e-08
 Reference value :  1.51975e-08
 Reference value :  1.70475e-08
 Reference value :  1.88525e-08
 Reference value :  2.05652e-08
 Reference value :  2.24125e-08
 Reference value :  2.42525e-08
 Reference value :  2.61725e-08
 Reference value :  2.80625e-08
 Reference value :  3.00425e-08
 Reference value :  3.18925e-08
 Reference value :  3.38025e-08
 Reference value :  3.56925e-08
 Reference value :  3.75925e-08
 Reference value :  3.95325e-08
 Reference value :  4.13325e-08
 Reference value :  4.29725e-08
 Reference value :  4.44875e-08
 Reference value :  4.60225e-08
 Reference value :  4.77775e-08
 Reference value :  4.97175e-08
 Reference value :  5.14802e-08
 Reference value :  5.32352e-08
 Reference value :  5.51352e-08
 Reference value :  5.70752e-08
 Reference value :  5.90202e-08
No. of Data Rows : 12040
vsup_v              =  3.30000e+00
td_a                =  6.86416e-10 targ=  4.07364e-08 trig=  4.00500e-08
td_b                =  8.67475e-10 targ=  4.09175e-08 trig=  4.00500e-08
td_c                =  1.00717e-09 targ=  4.10572e-08 trig=  4.00500e-08
da_first            =  7.87822e-06
db_first            =  5.79830e-06
dc_first            =  4.63747e-06
da_end              =  1.00000e+00
db_end              =  1.00000e+00
dc_end              =  1.00000e+00
i_stat              =  -2.84175e-05 from=  2.50000e-08 to=  2.90025e-08
q_dec               =  -5.87446e-13 from=  3.99000e-08 to=  4.80000e-08
m_td_od50_ns = 6.8641640000e-01
m_td_od1_ns = 8.6747510000e-01
m_td_od01_ns = 1.0071750000e+00
m_tau_ps = 6.0670895692e+01
m_resolve_decades = 1.4298043404e+01
m_dout_od50_end = 1.0000000000e+00
m_dout_od1_end = 1.0000000000e+00
m_dout_od01_end = 1.0000000000e+00
m_dout_od50_first = 7.8782190000e-06
m_dout_od1_first = 5.7983040000e-06
m_dout_od01_first = 4.6374700000e-06
m_i_static_ua = 2.8417470000e+01
m_e_dec_fj = 1.1789724969e+03
Note: Simulation executed from .control section 

Warning: m=xx on .subckt line will override multiplier m hierarchy!

Note: Starting dynamic gmin stepping
Note: Dynamic gmin stepping completed
