
Note: Compatibility modes selected: hs a


Circuit: * comparator-regeneration @ sf_125c_2.97v -- generated by sim/harness, do not edit

Doing analysis at TEMP = 125.000000 and TNOM = 27.000000

Using SPARSE 1.3 as Direct Linear Solver

Initial Transient Solution
--------------------------

Node                                   Voltage
----                                   -------
vdd                                       2.97
vdda                                      2.97
clk                                          0
cm                                        1.65
sa                                       -0.05
apa                                      1.625
ana                                      1.675
ibna                                   1.07704
xa.xa.atail                           0.686198
xa.aon                                 2.14471
xa.aop                                 1.47421
xa.xa.xrn.11                           2.14511
xa.xa.xrn.21                            2.9696
xa.xa.xrp.11                           1.47493
xa.xa.xrp.21                           2.96928
xa.xl.ltail                            1.60458
xa.xl.mn                                  2.97
xa.xl.mp                                  2.97
xa.xl.qn                                  2.97
xa.xl.qp                                  2.97
xa.xl.sp                           3.20799e-08
xa.xl.sn                           3.20799e-08
xa.xl.na                               2.85927
douta                                  1.58283
doutba                                 1.58283
xa.xl.nb                               2.85927
sb                                      -0.001
apb                                     1.6495
anb                                     1.6505
ibnb                                   1.07704
xb.xa.atail                           0.684276
xb.aon                                 1.81632
xb.aop                                 1.80265
xb.xa.xrn.11                           1.81688
xb.xa.xrn.21                           2.96944
xb.xa.xrp.11                           1.80321
xb.xa.xrp.21                           2.96944
xb.xl.ltail                            1.36025
xb.xl.mn                                  2.97
xb.xl.mp                                  2.97
xb.xl.qn                                  2.97
xb.xl.qp                                  2.97
xb.xl.sp                           3.20799e-08
xb.xl.sn                           3.20799e-08
xb.xl.na                               2.85927
doutb                                  1.58283
doutbb                                 1.58283
xb.xl.nb                               2.85927
sc                                     -0.0001
apc                                    1.64995
anc                                    1.65005
ibnc                                   1.07704
xc.xa.atail                           0.684275
xc.aon                                 1.81017
xc.aop                                  1.8088
xc.xa.xrn.11                           1.81073
xc.xa.xrn.21                           2.96944
xc.xa.xrp.11                           1.80936
xc.xa.xrp.21                           2.96944
xc.xl.ltail                            1.35983
xc.xl.mn                                  2.97
xc.xl.mp                                  2.97
xc.xl.qn                                  2.97
xc.xl.qp                                  2.97
xc.xl.sp                           3.20799e-08
xc.xl.sn                           3.20799e-08
xc.xl.na                               2.85927
doutc                                  1.58283
doutbc                                 1.58283
xc.xl.nb                               2.85927
clkn                                         0
dan                                   0.532941
dbn                                   0.532941
dcn                                   0.532941
bdcn#branch                                  0
bdbn#branch                                  0
bdan#branch                                  0
bclkn#branch                                 0
eanc#branch                                  0
eapc#branch                                  0
eanb#branch                                  0
eapb#branch                                  0
eana#branch                                  0
eapa#branch                                  0
vsc#branch                                   0
vsb#branch                                   0
vsa#branch                                   0
vcm#branch                                   0
vclk#branch                                  0
vsupa#branch                       -0.00026271
vsup#branch                       -0.000525419

 Reference value :  0.00000e+00
 Reference value :  1.74640e-09
 Reference value :  3.48140e-09
 Reference value :  5.08640e-09
 Reference value :  6.80640e-09
 Reference value :  8.61640e-09
 Reference value :  1.03025e-08
 Reference value :  1.19675e-08
 Reference value :  1.37775e-08
 Reference value :  1.56325e-08
 Reference value :  1.74725e-08
 Reference value :  1.93425e-08
 Reference value :  2.10325e-08
 Reference value :  2.29275e-08
 Reference value :  2.47875e-08
 Reference value :  2.67225e-08
 Reference value :  2.85925e-08
 Reference value :  3.04725e-08
 Reference value :  3.23575e-08
 Reference value :  3.42125e-08
 Reference value :  3.60775e-08
 Reference value :  3.80025e-08
 Reference value :  4.00888e-08
 Reference value :  4.17625e-08
 Reference value :  4.36875e-08
 Reference value :  4.56075e-08
 Reference value :  4.74975e-08
 Reference value :  4.94225e-08
 Reference value :  5.12404e-08
 Reference value :  5.31004e-08
 Reference value :  5.50054e-08
 Reference value :  5.68404e-08
 Reference value :  5.88004e-08
No. of Data Rows : 12040
vsup_v              =  2.97000e+00
td_a                =  1.03358e-09 targ=  4.10836e-08 trig=  4.00500e-08
td_b                =  1.34962e-09 targ=  4.13996e-08 trig=  4.00500e-08
td_c                =  1.57484e-09 targ=  4.16248e-08 trig=  4.00500e-08
da_first            =  3.02451e-05
db_first            =  2.90413e-05
dc_first            =  1.33449e-09
da_end              =  1.00000e+00
db_end              =  1.00000e+00
dc_end              =  1.00000e+00
i_stat              =  -2.85435e-05 from=  2.50000e-08 to=  2.90025e-08
q_dec               =  -5.67800e-13 from=  3.99000e-08 to=  4.80000e-08
m_td_od50_ns = 1.0335780000e+00
m_td_od1_ns = 1.3496250000e+00
m_td_od01_ns = 1.5748420000e+00
m_tau_ps = 9.7810500331e+01
m_resolve_decades = 1.3798365160e+01
m_dout_od50_end = 1.0000000000e+00
m_dout_od1_end = 1.0000000000e+00
m_dout_od01_end = 1.0000000000e+00
m_dout_od50_first = 3.0245150000e-05
m_dout_od1_first = 2.9041270000e-05
m_dout_od01_first = 1.3344930000e-09
m_i_static_ua = 2.8543500000e+01
m_e_dec_fj = 9.9969620850e+02
Note: Simulation executed from .control section 

Warning: m=xx on .subckt line will override multiplier m hierarchy!

Note: Starting dynamic gmin stepping
Note: Dynamic gmin stepping completed
