
Note: Compatibility modes selected: hs a


Circuit: * comparator-regeneration @ sf_125c_3.30v -- generated by sim/harness, do not edit

Doing analysis at TEMP = 125.000000 and TNOM = 27.000000

Using SPARSE 1.3 as Direct Linear Solver

Initial Transient Solution
--------------------------

Node                                   Voltage
----                                   -------
vdd                                        3.3
vdda                                       3.3
clk                                          0
cm                                        1.65
sa                                       -0.05
apa                                      1.625
ana                                      1.675
ibna                                   1.07704
xa.xa.atail                           0.686613
xa.aon                                 2.47508
xa.aop                                 1.80379
xa.xa.xrn.11                           2.47548
xa.xa.xrn.21                            3.2996
xa.xa.xrp.11                           1.80451
xa.xa.xrp.21                           3.29928
xa.xl.ltail                            1.87429
xa.xl.mn                                   3.3
xa.xl.mp                                   3.3
xa.xl.qn                                   3.3
xa.xl.qp                                   3.3
xa.xl.sp                           3.12334e-08
xa.xl.sn                           3.12334e-08
xa.xl.na                               3.16345
douta                                  1.76431
doutba                                 1.76431
xa.xl.nb                               3.16345
sb                                      -0.001
apb                                     1.6495
anb                                     1.6505
ibnb                                   1.07704
xb.xa.atail                           0.684675
xb.aon                                 2.14632
xb.aop                                 2.13264
xb.xa.xrn.11                           2.14688
xb.xa.xrn.21                           3.29944
xb.xa.xrp.11                            2.1332
xb.xa.xrp.21                           3.29944
xb.xl.ltail                            1.62614
xb.xl.mn                                   3.3
xb.xl.mp                                   3.3
xb.xl.qn                                   3.3
xb.xl.qp                                   3.3
xb.xl.sp                           3.12334e-08
xb.xl.sn                           3.12334e-08
xb.xl.na                               3.16345
doutb                                  1.76431
doutbb                                 1.76431
xb.xl.nb                               3.16345
sc                                     -0.0001
apc                                    1.64995
anc                                    1.65005
ibnc                                   1.07704
xc.xa.atail                           0.684674
xc.aon                                 2.14016
xc.aop                                 2.13879
xc.xa.xrn.11                           2.14072
xc.xa.xrn.21                           3.29944
xc.xa.xrp.11                           2.13936
xc.xa.xrp.21                           3.29944
xc.xl.ltail                            1.62571
xc.xl.mn                                   3.3
xc.xl.mp                                   3.3
xc.xl.qn                                   3.3
xc.xl.qp                                   3.3
xc.xl.sp                           3.12334e-08
xc.xl.sn                           3.12334e-08
xc.xl.na                               3.16345
doutc                                  1.76431
doutbc                                 1.76431
xc.xl.nb                               3.16345
clkn                                         0
dan                                   0.534639
dbn                                   0.534639
dcn                                   0.534639
bdcn#branch                                  0
bdbn#branch                                  0
bdan#branch                                  0
bclkn#branch                                 0
eanc#branch                                  0
eapc#branch                                  0
eanb#branch                                  0
eapb#branch                                  0
eana#branch                                  0
eapa#branch                                  0
vsc#branch                                   0
vsb#branch                                   0
vsa#branch                                   0
vcm#branch                                   0
vclk#branch                                  0
vsupa#branch                      -0.000340488
vsup#branch                       -0.000680975

 Reference value :  0.00000e+00
 Reference value :  1.78640e-09
 Reference value :  3.42640e-09
 Reference value :  4.96140e-09
 Reference value :  6.41640e-09
 Reference value :  8.27140e-09
 Reference value :  1.00684e-08
 Reference value :  1.16625e-08
 Reference value :  1.35125e-08
 Reference value :  1.53475e-08
 Reference value :  1.71975e-08
 Reference value :  1.90525e-08
 Reference value :  2.06999e-08
 Reference value :  2.25975e-08
 Reference value :  2.44775e-08
 Reference value :  2.63275e-08
 Reference value :  2.82475e-08
 Reference value :  3.00975e-08
 Reference value :  3.19475e-08
 Reference value :  3.38175e-08
 Reference value :  3.60525e-08
 Reference value :  3.79775e-08
 Reference value :  3.98775e-08
 Reference value :  4.13675e-08
 Reference value :  4.31975e-08
 Reference value :  4.50725e-08
 Reference value :  4.69825e-08
 Reference value :  4.88325e-08
 Reference value :  5.06949e-08
 Reference value :  5.25749e-08
 Reference value :  5.44299e-08
 Reference value :  5.63099e-08
 Reference value :  5.81899e-08
No. of Data Rows : 12042
vsup_v              =  3.30000e+00
td_a                =  9.18480e-10 targ=  4.09685e-08 trig=  4.00500e-08
td_b                =  1.18906e-09 targ=  4.12391e-08 trig=  4.00500e-08
td_c                =  1.38310e-09 targ=  4.14331e-08 trig=  4.00500e-08
da_first            =  1.43432e-09
db_first            =  2.62036e-05
dc_first            =  2.58974e-05
da_end              =  1.00000e+00
db_end              =  1.00000e+00
dc_end              =  1.00000e+00
i_stat              =  -2.81441e-05 from=  2.50000e-08 to=  2.90025e-08
q_dec               =  -6.19388e-13 from=  3.99000e-08 to=  4.80000e-08
m_td_od50_ns = 9.1847980000e-01
m_td_od1_ns = 1.1890600000e+00
m_td_od01_ns = 1.3830960000e+00
m_tau_ps = 8.4268764091e+01
m_resolve_decades = 1.4110329169e+01
m_dout_od50_end = 1.0000000000e+00
m_dout_od1_end = 1.0000000000e+00
m_dout_od01_end = 1.0000000000e+00
m_dout_od50_first = 1.4343170000e-09
m_dout_od1_first = 2.6203610000e-05
m_dout_od01_first = 2.5897410000e-05
m_i_static_ua = 2.8144140000e+01
m_e_dec_fj = 1.2916865478e+03
Note: Simulation executed from .control section 

Warning: m=xx on .subckt line will override multiplier m hierarchy!

