
Note: Compatibility modes selected: hs a


Circuit: * comparator-regeneration @ ss_-40c_3.30v -- generated by sim/harness, do not edit

Doing analysis at TEMP = -40.000000 and TNOM = 27.000000

Using SPARSE 1.3 as Direct Linear Solver

Initial Transient Solution
--------------------------

Node                                   Voltage
----                                   -------
vdd                                        3.3
vdda                                       3.3
clk                                          0
cm                                        1.65
sa                                       -0.05
apa                                      1.625
ana                                      1.675
ibna                                   1.12848
xa.xa.atail                           0.555805
xa.aon                                  2.3125
xa.aop                                 1.04011
xa.xa.xrn.11                           2.31343
xa.xa.xrn.21                           3.29908
xa.xa.xrp.11                           1.04222
xa.xa.xrp.21                           3.29788
xa.xl.ltail                            1.44884
xa.xl.mn                                   3.3
xa.xl.mp                                   3.3
xa.xl.qn                                   3.3
xa.xl.qp                                   3.3
xa.xl.sp                           3.54401e-09
xa.xl.sn                           3.54401e-09
xa.xl.na                               3.20493
douta                                  1.60262
doutba                                 1.60262
xa.xl.nb                               3.20493
sb                                      -0.001
apb                                     1.6495
anb                                     1.6505
ibnb                                   1.12848
xb.xa.atail                           0.553121
xb.aon                                 1.68962
xb.aop                                 1.66318
xb.xa.xrn.11                           1.69112
xb.xa.xrn.21                           3.29849
xb.xa.xrp.11                           1.66471
xb.xa.xrp.21                           3.29847
xb.xl.ltail                           0.963372
xb.xl.mn                                   3.3
xb.xl.mp                                   3.3
xb.xl.qn                                   3.3
xb.xl.qp                                   3.3
xb.xl.sp                           3.54401e-09
xb.xl.sn                           3.54401e-09
xb.xl.na                               3.20493
doutb                                  1.60262
doutbb                                 1.60262
xb.xl.nb                               3.20493
sc                                     -0.0001
apc                                    1.64995
anc                                    1.65005
ibnc                                   1.12848
xc.xa.atail                            0.55312
xc.aon                                 1.67772
xc.aop                                 1.67507
xc.xa.xrn.11                           1.67924
xc.xa.xrn.21                           3.29848
xc.xa.xrp.11                            1.6766
xc.xa.xrp.21                           3.29848
xc.xl.ltail                           0.960914
xc.xl.mn                                   3.3
xc.xl.mp                                   3.3
xc.xl.qn                                   3.3
xc.xl.qp                                   3.3
xc.xl.sp                           3.54401e-09
xc.xl.sn                           3.54401e-09
xc.xl.na                               3.20493
doutc                                  1.60262
doutbc                                 1.60262
xc.xl.nb                               3.20493
clkn                                         0
dan                                   0.485642
dbn                                   0.485642
dcn                                   0.485642
bdcn#branch                                  0
bdbn#branch                                  0
bdan#branch                                  0
bclkn#branch                                 0
eanc#branch                                  0
eapc#branch                                  0
eanb#branch                                  0
eapb#branch                                  0
eana#branch                                  0
eapa#branch                                  0
vsc#branch                                   0
vsb#branch                                   0
vsa#branch                                   0
vcm#branch                                   0
vclk#branch                                  0
vsupa#branch                      -0.000306691
vsup#branch                        -0.00061338

 Reference value :  0.00000e+00
 Reference value :  1.81140e-09
 Reference value :  3.40140e-09
 Reference value :  4.75640e-09
 Reference value :  6.92140e-09
 Reference value :  9.52640e-09
 Reference value :  1.11623e-08
 Reference value :  1.31123e-08
 Reference value :  1.51573e-08
 Reference value :  1.72323e-08
 Reference value :  1.97023e-08
 Reference value :  2.20225e-08
 Reference value :  2.40125e-08
 Reference value :  2.69875e-08
 Reference value :  2.91075e-08
 Reference value :  3.15825e-08
 Reference value :  3.39725e-08
 Reference value :  3.62025e-08
 Reference value :  3.89525e-08
 Reference value :  4.10619e-08
 Reference value :  4.30769e-08
 Reference value :  4.51919e-08
 Reference value :  4.78119e-08
 Reference value :  5.05081e-08
 Reference value :  5.31481e-08
 Reference value :  5.57831e-08
 Reference value :  5.75631e-08
 Reference value :  5.95381e-08
No. of Data Rows : 12042
vsup_v              =  3.30000e+00
td_a                =  7.24797e-10 targ=  4.07748e-08 trig=  4.00500e-08
td_b                =  1.01217e-09 targ=  4.10622e-08 trig=  4.00500e-08
td_c                =  1.17440e-09 targ=  4.12244e-08 trig=  4.00500e-08
da_first            =  2.22404e-09
db_first            =  2.91906e-09
dc_first            =  2.54912e-09
da_end              =  1.00000e+00
db_end              =  1.00000e+00
dc_end              =  1.00000e+00
i_stat              =  -2.92106e-05 from=  2.50000e-08 to=  2.90025e-08
q_dec               =  -5.63114e-13 from=  3.99000e-08 to=  4.80000e-08
m_td_od50_ns = 7.2479750000e-01
m_td_od1_ns = 1.0121710000e+00
m_td_od01_ns = 1.1743950000e+00
m_tau_ps = 7.0452988032e+01
m_resolve_decades = 1.4366615644e+01
m_dout_od50_end = 1.0000000000e+00
m_dout_od1_end = 1.0000000000e+00
m_dout_od01_end = 1.0000000000e+00
m_dout_od50_first = 2.2240390000e-09
m_dout_od1_first = 2.9190580000e-09
m_dout_od01_first = 2.5491230000e-09
m_i_static_ua = 2.9210590000e+01
m_e_dec_fj = 1.0774764693e+03
Note: Simulation executed from .control section 

Warning: m=xx on .subckt line will override multiplier m hierarchy!

Note: Starting dynamic gmin stepping
Note: Dynamic gmin stepping completed
