
Note: Compatibility modes selected: hs a


Circuit: * comparator-regeneration @ tt_125c_3.63v -- generated by sim/harness, do not edit

Doing analysis at TEMP = 125.000000 and TNOM = 27.000000

Using SPARSE 1.3 as Direct Linear Solver

Initial Transient Solution
--------------------------

Node                                   Voltage
----                                   -------
vdd                                       3.63
vdda                                      3.63
clk                                          0
cm                                        1.65
sa                                       -0.05
apa                                      1.625
ana                                      1.675
ibna                                  0.987842
xa.xa.atail                           0.754494
xa.aon                                 2.80903
xa.aop                                 2.12682
xa.xa.xrn.11                           2.80942
xa.xa.xrn.21                            3.6296
xa.xa.xrp.11                           2.12755
xa.xa.xrp.21                           3.62927
xa.xl.ltail                            2.18063
xa.xl.mn                                  3.63
xa.xl.mp                                  3.63
xa.xl.qn                                  3.63
xa.xl.qp                                  3.63
xa.xl.sp                           1.10999e-08
xa.xl.sn                           1.10999e-08
xa.xl.na                               3.45618
douta                                  1.81379
doutba                                 1.81379
xa.xl.nb                               3.45618
sb                                      -0.001
apb                                     1.6495
anb                                     1.6505
ibnb                                  0.987842
xb.xa.atail                           0.752486
xb.aon                                 2.47503
xb.aop                                 2.46111
xb.xa.xrn.11                           2.47558
xb.xa.xrn.21                           3.62944
xb.xa.xrp.11                           2.46167
xb.xa.xrp.21                           3.62943
xb.xl.ltail                            1.92284
xb.xl.mn                                  3.63
xb.xl.mp                                  3.63
xb.xl.qn                                  3.63
xb.xl.qp                                  3.63
xb.xl.sp                           1.10999e-08
xb.xl.sn                           1.10999e-08
xb.xl.na                               3.45618
doutb                                  1.81379
doutbb                                 1.81379
xb.xl.nb                               3.45618
sc                                     -0.0001
apc                                    1.64995
anc                                    1.65005
ibnc                                  0.987842
xc.xa.atail                           0.752486
xc.aon                                 2.46876
xc.aop                                 2.46737
xc.xa.xrn.11                           2.46932
xc.xa.xrn.21                           3.62944
xc.xa.xrp.11                           2.46793
xc.xa.xrp.21                           3.62944
xc.xl.ltail                            1.92237
xc.xl.mn                                  3.63
xc.xl.mp                                  3.63
xc.xl.qn                                  3.63
xc.xl.qp                                  3.63
xc.xl.sp                           1.10999e-08
xc.xl.sn                           1.10999e-08
xc.xl.na                               3.45618
doutc                                  1.81379
doutbc                                 1.81379
xc.xl.nb                               3.45618
clkn                                         0
dan                                   0.499666
dbn                                   0.499666
dcn                                   0.499666
bdcn#branch                                  0
bdbn#branch                                  0
bdan#branch                                  0
bclkn#branch                                 0
eanc#branch                                  0
eapc#branch                                  0
eanb#branch                                  0
eapb#branch                                  0
eana#branch                                  0
eapa#branch                                  0
vsc#branch                                   0
vsb#branch                                   0
vsa#branch                                   0
vcm#branch                                   0
vclk#branch                                  0
vsupa#branch                      -0.000424507
vsup#branch                       -0.000849009

 Reference value :  2.66400e-10
 Reference value :  2.17140e-09
 Reference value :  3.88640e-09
 Reference value :  5.35140e-09
 Reference value :  7.38140e-09
 Reference value :  9.88140e-09
 Reference value :  1.15075e-08
 Reference value :  1.35675e-08
 Reference value :  1.59775e-08
 Reference value :  1.82225e-08
 Reference value :  2.07697e-08
 Reference value :  2.31575e-08
 Reference value :  2.52925e-08
 Reference value :  2.80175e-08
 Reference value :  3.01525e-08
 Reference value :  3.24825e-08
 Reference value :  3.47775e-08
 Reference value :  3.69175e-08
 Reference value :  3.95675e-08
 Reference value :  4.16575e-08
 Reference value :  4.37475e-08
 Reference value :  4.55025e-08
 Reference value :  4.78775e-08
 Reference value :  5.05747e-08
 Reference value :  5.30997e-08
 Reference value :  5.55897e-08
 Reference value :  5.76347e-08
 Reference value :  5.95697e-08
No. of Data Rows : 12042
vsup_v              =  3.63000e+00
td_a                =  8.06775e-10 targ=  4.08568e-08 trig=  4.00500e-08
td_b                =  1.03507e-09 targ=  4.10851e-08 trig=  4.00500e-08
td_c                =  1.19949e-09 targ=  4.12495e-08 trig=  4.00500e-08
da_first            =  1.47835e-09
db_first            =  1.51343e-09
dc_first            =  1.04786e-05
da_end              =  1.00000e+00
db_end              =  1.00000e+00
dc_end              =  1.00000e+00
i_stat              =  -2.77273e-05 from=  2.50000e-08 to=  2.90025e-08
q_dec               =  -6.74315e-13 from=  3.99000e-08 to=  4.80000e-08
m_td_od50_ns = 8.0677470000e-01
m_td_od1_ns = 1.0350650000e+00
m_td_od01_ns = 1.1994930000e+00
m_tau_ps = 7.1410173070e+01
m_resolve_decades = 1.4494643487e+01
m_dout_od50_end = 1.0000000000e+00
m_dout_od1_end = 1.0000000000e+00
m_dout_od01_end = 1.0000000000e+00
m_dout_od50_first = 1.4783500000e-09
m_dout_od1_first = 1.5134320000e-09
m_dout_od01_first = 1.0478640000e-05
m_i_static_ua = 2.7727340000e+01
m_e_dec_fj = 1.6324964720e+03
Note: Simulation executed from .control section 

Warning: m=xx on .subckt line will override multiplier m hierarchy!

Note: Starting dynamic gmin stepping
Note: Dynamic gmin stepping completed
