
Note: Compatibility modes selected: hs a


Circuit: * comparator-regeneration @ tt_125c_3.30v -- generated by sim/harness, do not edit

Doing analysis at TEMP = 125.000000 and TNOM = 27.000000

Using SPARSE 1.3 as Direct Linear Solver

Initial Transient Solution
--------------------------

Node                                   Voltage
----                                   -------
vdd                                        3.3
vdda                                       3.3
clk                                          0
cm                                        1.65
sa                                       -0.05
apa                                      1.625
ana                                      1.675
ibna                                  0.987842
xa.xa.atail                           0.754101
xa.aon                                 2.47905
xa.aop                                 1.79707
xa.xa.xrn.11                           2.47945
xa.xa.xrn.21                            3.2996
xa.xa.xrp.11                           1.79779
xa.xa.xrp.21                           3.29927
xa.xl.ltail                            1.90584
xa.xl.mn                                   3.3
xa.xl.mp                                   3.3
xa.xl.qn                                   3.3
xa.xl.qp                                   3.3
xa.xl.sp                           1.02073e-08
xa.xl.sn                           1.02073e-08
xa.xl.na                               3.15388
douta                                  1.63734
doutba                                 1.63734
xa.xl.nb                               3.15388
sb                                      -0.001
apb                                     1.6495
anb                                     1.6505
ibnb                                  0.987842
xb.xa.atail                           0.752104
xb.aon                                 2.14505
xb.aop                                 2.13114
xb.xa.xrn.11                           2.14561
xb.xa.xrn.21                           3.29944
xb.xa.xrp.11                            2.1317
xb.xa.xrp.21                           3.29943
xb.xl.ltail                            1.65102
xb.xl.mn                                   3.3
xb.xl.mp                                   3.3
xb.xl.qn                                   3.3
xb.xl.qp                                   3.3
xb.xl.sp                           1.02073e-08
xb.xl.sn                           1.02073e-08
xb.xl.na                               3.15388
doutb                                  1.63734
doutbb                                 1.63734
xb.xl.nb                               3.15388
sc                                     -0.0001
apc                                    1.64995
anc                                    1.65005
ibnc                                  0.987842
xc.xa.atail                           0.752103
xc.aon                                 2.13879
xc.aop                                  2.1374
xc.xa.xrn.11                           2.13935
xc.xa.xrn.21                           3.29944
xc.xa.xrp.11                           2.13796
xc.xa.xrp.21                           3.29944
xc.xl.ltail                            1.65057
xc.xl.mn                                   3.3
xc.xl.mp                                   3.3
xc.xl.qn                                   3.3
xc.xl.qp                                   3.3
xc.xl.sp                           1.02073e-08
xc.xl.sn                           1.02073e-08
xc.xl.na                               3.15388
doutc                                  1.63734
doutbc                                 1.63734
xc.xl.nb                               3.15388
clkn                                         0
dan                                   0.496164
dbn                                   0.496164
dcn                                   0.496164
bdcn#branch                                  0
bdbn#branch                                  0
bdan#branch                                  0
bclkn#branch                                 0
eanc#branch                                  0
eapc#branch                                  0
eanb#branch                                  0
eapb#branch                                  0
eana#branch                                  0
eapa#branch                                  0
vsc#branch                                   0
vsb#branch                                   0
vsa#branch                                   0
vcm#branch                                   0
vclk#branch                                  0
vsupa#branch                      -0.000338895
vsup#branch                       -0.000677788

 Reference value :  1.21400e-10
 Reference value :  1.95140e-09
 Reference value :  3.67140e-09
 Reference value :  5.07140e-09
 Reference value :  7.16140e-09
 Reference value :  1.00003e-08
 Reference value :  1.16425e-08
 Reference value :  1.37075e-08
 Reference value :  1.60825e-08
 Reference value :  1.82975e-08
 Reference value :  2.07852e-08
 Reference value :  2.32575e-08
 Reference value :  2.51975e-08
 Reference value :  2.78725e-08
 Reference value :  3.02425e-08
 Reference value :  3.24475e-08
 Reference value :  3.51325e-08
 Reference value :  3.72425e-08
 Reference value :  4.00003e-08
 Reference value :  4.20075e-08
 Reference value :  4.43375e-08
 Reference value :  4.62925e-08
 Reference value :  4.91375e-08
 Reference value :  5.17602e-08
 Reference value :  5.46952e-08
 Reference value :  5.71902e-08
 Reference value :  5.94002e-08
No. of Data Rows : 12040
vsup_v              =  3.30000e+00
td_a                =  8.81178e-10 targ=  4.09312e-08 trig=  4.00500e-08
td_b                =  1.13353e-09 targ=  4.11835e-08 trig=  4.00500e-08
td_c                =  1.31776e-09 targ=  4.13678e-08 trig=  4.00500e-08
da_first            =  1.35441e-09
db_first            =  1.53145e-09
dc_first            =  1.50760e-09
da_end              =  1.00000e+00
db_end              =  1.00000e+00
dc_end              =  1.00000e+00
i_stat              =  -2.81110e-05 from=  2.50000e-08 to=  2.90025e-08
q_dec               =  -6.17751e-13 from=  3.99000e-08 to=  4.80000e-08
m_td_od50_ns = 8.8117830000e-01
m_td_od1_ns = 1.1335290000e+00
m_td_od01_ns = 1.3177620000e+00
m_tau_ps = 8.0011375284e+01
m_resolve_decades = 1.4167098065e+01
m_dout_od50_end = 1.0000000000e+00
m_dout_od1_end = 1.0000000000e+00
m_dout_od01_end = 1.0000000000e+00
m_dout_od50_first = 1.3544060000e-09
m_dout_od1_first = 1.5314550000e-09
m_dout_od01_first = 1.5075970000e-09
m_i_static_ua = 2.8111030000e+01
m_e_dec_fj = 1.2871688181e+03
Note: Simulation executed from .control section 

Warning: m=xx on .subckt line will override multiplier m hierarchy!

Note: Starting dynamic gmin stepping
Note: Dynamic gmin stepping completed
