
Note: Compatibility modes selected: hs a


Circuit: * comparator-regeneration @ tt_125c_2.97v -- generated by sim/harness, do not edit

Doing analysis at TEMP = 125.000000 and TNOM = 27.000000

Using SPARSE 1.3 as Direct Linear Solver

Initial Transient Solution
--------------------------

Node                                   Voltage
----                                   -------
vdd                                       2.97
vdda                                      2.97
clk                                          0
cm                                        1.65
sa                                       -0.05
apa                                      1.625
ana                                      1.675
ibna                                  0.987842
xa.xa.atail                           0.753681
xa.aon                                  2.1486
xa.aop                                 1.46755
xa.xa.xrn.11                           2.14899
xa.xa.xrn.21                            2.9696
xa.xa.xrp.11                           1.46828
xa.xa.xrp.21                           2.96927
xa.xl.ltail                            1.63361
xa.xl.mn                                  2.97
xa.xl.mp                                  2.97
xa.xl.qn                                  2.97
xa.xl.qp                                  2.97
xa.xl.sp                           9.95136e-09
xa.xl.sn                           9.95136e-09
xa.xl.na                               2.85129
douta                                  1.46319
doutba                                 1.46319
xa.xl.nb                               2.85129
sb                                      -0.001
apb                                     1.6495
anb                                     1.6505
ibnb                                  0.987842
xb.xa.atail                           0.751702
xb.aon                                 1.81505
xb.aop                                 1.80115
xb.xa.xrn.11                           1.81561
xb.xa.xrn.21                           2.96944
xb.xa.xrp.11                           1.80172
xb.xa.xrp.21                           2.96943
xb.xl.ltail                            1.38256
xb.xl.mn                                  2.97
xb.xl.mp                                  2.97
xb.xl.qn                                  2.97
xb.xl.qp                                  2.97
xb.xl.sp                           9.95136e-09
xb.xl.sn                           9.95136e-09
xb.xl.na                               2.85129
doutb                                  1.46319
doutbb                                 1.46319
xb.xl.nb                               2.85129
sc                                     -0.0001
apc                                    1.64995
anc                                    1.65005
ibnc                                  0.987842
xc.xa.atail                           0.751702
xc.aon                                 1.80879
xc.aop                                  1.8074
xc.xa.xrn.11                           1.80936
xc.xa.xrn.21                           2.96944
xc.xa.xrp.11                           1.80797
xc.xa.xrp.21                           2.96944
xc.xl.ltail                            1.38212
xc.xl.mn                                  2.97
xc.xl.mp                                  2.97
xc.xl.qn                                  2.97
xc.xl.qp                                  2.97
xc.xl.sp                           9.95136e-09
xc.xl.sn                           9.95136e-09
xc.xl.na                               2.85129
doutc                                  1.46319
doutbc                                 1.46319
xc.xl.nb                               2.85129
clkn                                         0
dan                                   0.492656
dbn                                   0.492656
dcn                                   0.492656
bdcn#branch                                  0
bdbn#branch                                  0
bdan#branch                                  0
bclkn#branch                                 0
eanc#branch                                  0
eapc#branch                                  0
eanb#branch                                  0
eapb#branch                                  0
eana#branch                                  0
eapa#branch                                  0
vsc#branch                                   0
vsb#branch                                   0
vsa#branch                                   0
vcm#branch                                   0
vclk#branch                                  0
vsupa#branch                      -0.000260607
vsup#branch                       -0.000521214

 Reference value :  7.14000e-11
 Reference value :  1.93640e-09
 Reference value :  3.69140e-09
 Reference value :  5.46140e-09
 Reference value :  7.53640e-09
 Reference value :  1.00853e-08
 Reference value :  1.18425e-08
 Reference value :  1.40725e-08
 Reference value :  1.70175e-08
 Reference value :  1.93575e-08
 Reference value :  2.19325e-08
 Reference value :  2.44375e-08
 Reference value :  2.66275e-08
 Reference value :  2.94375e-08
 Reference value :  3.16525e-08
 Reference value :  3.40075e-08
 Reference value :  3.63575e-08
 Reference value :  3.87425e-08
 Reference value :  4.10125e-08
 Reference value :  4.33025e-08
 Reference value :  4.51625e-08
 Reference value :  4.75875e-08
 Reference value :  5.02708e-08
 Reference value :  5.33508e-08
 Reference value :  5.61108e-08
 Reference value :  5.85358e-08
No. of Data Rows : 12039
vsup_v              =  2.97000e+00
td_a                =  9.86719e-10 targ=  4.10367e-08 trig=  4.00500e-08
td_b                =  1.27717e-09 targ=  4.13272e-08 trig=  4.00500e-08
td_c                =  1.48984e-09 targ=  4.15398e-08 trig=  4.00500e-08
da_first            =  2.35610e-05
db_first            =  2.15432e-05
dc_first            =  5.07602e-07
da_end              =  1.00000e+00
db_end              =  1.00000e+00
dc_end              =  1.00000e+00
i_stat              =  -2.85046e-05 from=  2.50000e-08 to=  2.90025e-08
q_dec               =  -5.64668e-13 from=  3.99000e-08 to=  4.80000e-08
m_td_od50_ns = 9.8671920000e-01
m_td_od1_ns = 1.2771740000e+00
m_td_od01_ns = 1.4898370000e+00
m_tau_ps = 9.2358367405e+01
m_resolve_decades = 1.3828460116e+01
m_dout_od50_end = 1.0000000000e+00
m_dout_od1_end = 1.0000000000e+00
m_dout_od01_end = 1.0000000000e+00
m_dout_od50_first = 2.3560980000e-05
m_dout_od1_first = 2.1543210000e-05
m_dout_od01_first = 5.0760210000e-07
m_i_static_ua = 2.8504570000e+01
m_e_dec_fj = 9.9133011351e+02
Note: Simulation executed from .control section 

Warning: m=xx on .subckt line will override multiplier m hierarchy!

Note: Starting dynamic gmin stepping
Note: Dynamic gmin stepping completed
