
Note: Compatibility modes selected: hs a


Circuit: * comparator-regeneration @ tt_27c_2.97v -- generated by sim/harness, do not edit

Doing analysis at TEMP = 27.000000 and TNOM = 27.000000

Using SPARSE 1.3 as Direct Linear Solver

Initial Transient Solution
--------------------------

Node                                   Voltage
----                                   -------
vdd                                       2.97
vdda                                      2.97
clk                                          0
cm                                        1.65
sa                                       -0.05
apa                                      1.625
ana                                      1.675
ibna                                   1.00132
xa.xa.atail                           0.692305
xa.aon                                 2.15318
xa.aop                                 1.27912
xa.xa.xrn.11                           2.15376
xa.xa.xrn.21                           2.96943
xa.xa.xrp.11                            1.2803
xa.xa.xrp.21                           2.96881
xa.xl.ltail                            1.54875
xa.xl.mn                                  2.97
xa.xl.mp                                  2.97
xa.xl.qn                                  2.97
xa.xl.qp                                  2.97
xa.xl.sp                           3.84535e-09
xa.xl.sn                           3.84535e-09
xa.xl.na                               2.86716
douta                                  1.44562
doutba                                 1.44562
xa.xl.nb                               2.86716
sb                                      -0.001
apb                                     1.6495
anb                                     1.6505
ibnb                                   1.00132
xb.xa.atail                           0.689913
xb.aon                                 1.72518
xb.aop                                 1.70719
xb.xa.xrn.11                           1.72605
xb.xa.xrn.21                           2.96913
xb.xa.xrp.11                           1.70808
xb.xa.xrp.21                           2.96911
xb.xl.ltail                            1.21887
xb.xl.mn                                  2.97
xb.xl.mp                                  2.97
xb.xl.qn                                  2.97
xb.xl.qp                                  2.97
xb.xl.sp                           3.84535e-09
xb.xl.sn                           3.84535e-09
xb.xl.na                               2.86716
doutb                                  1.44562
doutbb                                 1.44562
xb.xl.nb                               2.86716
sc                                     -0.0001
apc                                    1.64995
anc                                    1.65005
ibnc                                   1.00132
xc.xa.atail                           0.689912
xc.aon                                 1.71709
xc.aop                                 1.71529
xc.xa.xrn.11                           1.71796
xc.xa.xrn.21                           2.96912
xc.xa.xrp.11                           1.71617
xc.xa.xrp.21                           2.96912
xc.xl.ltail                            1.21792
xc.xl.mn                                  2.97
xc.xl.mp                                  2.97
xc.xl.qn                                  2.97
xc.xl.qp                                  2.97
xc.xl.sp                           3.84535e-09
xc.xl.sn                           3.84535e-09
xc.xl.na                               2.86716
doutc                                  1.44562
doutbc                                 1.44562
xc.xl.nb                               2.86716
clkn                                         0
dan                                    0.48674
dbn                                    0.48674
dcn                                    0.48674
bdcn#branch                                  0
bdbn#branch                                  0
bdan#branch                                  0
bclkn#branch                                 0
eanc#branch                                  0
eapc#branch                                  0
eanb#branch                                  0
eapb#branch                                  0
eana#branch                                  0
eapa#branch                                  0
vsc#branch                                   0
vsb#branch                                   0
vsa#branch                                   0
vcm#branch                                   0
vclk#branch                                  0
vsupa#branch                       -0.00027937
vsup#branch                       -0.000558738

 Reference value :  1.14000e-11
 Reference value :  1.86140e-09
 Reference value :  3.53640e-09
 Reference value :  4.91640e-09
 Reference value :  6.92640e-09
 Reference value :  9.59640e-09
 Reference value :  1.11425e-08
 Reference value :  1.30925e-08
 Reference value :  1.52125e-08
 Reference value :  1.70575e-08
 Reference value :  1.94525e-08
 Reference value :  2.17125e-08
 Reference value :  2.37325e-08
 Reference value :  2.65175e-08
 Reference value :  2.86875e-08
 Reference value :  3.10975e-08
 Reference value :  3.34525e-08
 Reference value :  3.57375e-08
 Reference value :  3.84525e-08
 Reference value :  4.06575e-08
 Reference value :  4.30275e-08
 Reference value :  4.49575e-08
 Reference value :  4.74825e-08
 Reference value :  5.02025e-08
 Reference value :  5.30753e-08
 Reference value :  5.57303e-08
 Reference value :  5.75953e-08
 Reference value :  5.96253e-08
No. of Data Rows : 12040
vsup_v              =  2.97000e+00
td_a                =  7.94496e-10 targ=  4.08445e-08 trig=  4.00500e-08
td_b                =  1.03512e-09 targ=  4.10851e-08 trig=  4.00500e-08
td_c                =  1.20702e-09 targ=  4.12570e-08 trig=  4.00500e-08
da_first            =  2.31555e-09
db_first            =  2.30363e-09
dc_first            =  3.95315e-09
da_end              =  1.00000e+00
db_end              =  1.00000e+00
dc_end              =  1.00000e+00
i_stat              =  -2.88468e-05 from=  2.50000e-08 to=  2.90025e-08
q_dec               =  -5.47590e-13 from=  3.99000e-08 to=  4.80000e-08
m_td_od50_ns = 7.9449640000e-01
m_td_od1_ns = 1.0351210000e+00
m_td_od01_ns = 1.2070240000e+00
m_tau_ps = 7.4656524323e+01
m_resolve_decades = 1.3865111045e+01
m_dout_od50_end = 1.0000000000e+00
m_dout_od1_end = 1.0000000000e+00
m_dout_od01_end = 1.0000000000e+00
m_dout_od50_first = 2.3155500000e-09
m_dout_od1_first = 2.3036320000e-09
m_dout_od01_first = 3.9531460000e-09
m_i_static_ua = 2.8846820000e+01
m_e_dec_fj = 9.3237524226e+02
Note: Simulation executed from .control section 

Warning: m=xx on .subckt line will override multiplier m hierarchy!

Note: Starting dynamic gmin stepping
Note: Dynamic gmin stepping completed
