
Note: Compatibility modes selected: hs a


Circuit: * comparator-kickback @ ff_-40c_3.63v -- generated by sim/harness, do not edit

Doing analysis at TEMP = -40.000000 and TNOM = 27.000000

Using SPARSE 1.3 as Direct Linear Solver

Initial Transient Solution
--------------------------

Node                                   Voltage
----                                   -------
vdd                                       3.63
cm                                        1.65
clk                                          0
sa                                  -0.0112787
asp                                    1.64436
asn                                    1.65564
apa                                    1.64436
ana                                    1.65564
ibna                                  0.890958
xa.xlayout_dut.sp__t2              4.43802e-09
xa.xlayout_dut.qp__t6                     3.63
xa.xlayout_dut.vss__t17            4.89734e-11
xa.xlayout_dut.vss__t2             4.24686e-20
xa.xlayout_dut.dout__t3                   3.63
xa.xlayout_dut.sp__t3              4.54723e-09
xa.xlayout_dut.vss__t25            3.82125e-15
xa.xlayout_dut.vss__t3             4.07317e-11
xa.xlayout_dut.dout__t2                   3.63
xa.xlayout_dut.doutb__t0           6.02681e-09
xa.xlayout_dut.vss__t24             4.0184e-15
xa.xlayout_dut.vss__t4             4.28332e-11
xa.xlayout_dut.ibias__t0               0.88968
xa.xlayout_dut.ibias__t1              0.890958
xa.xlayout_dut.vss__t20            0.000254896
xa.xlayout_dut.vss__t8              2.2684e-11
xa.xlayout_dut.sn__t2              4.43793e-09
xa.xlayout_dut.qn__t6                     3.63
xa.xlayout_dut.vss__t23            4.88822e-11
xa.xlayout_dut.vss__t5             4.23878e-20
xa.xlayout_dut.doutb__t1           6.02681e-09
xa.xlayout_dut.sn__t3              4.60357e-09
xa.xlayout_dut.vss__t22            4.40965e-22
xa.xlayout_dut.vss__t6             6.73944e-20
xa.xlayout_dut.doutb__t4           5.77415e-09
xa.xlayout_dut.dout__t4                   3.63
xa.xlayout_dut.vss__t21            7.89632e-11
xa.xlayout_dut.vss__t7             6.88377e-20
xa.xlayout_dut.qn__t4                     3.63
xa.xlayout_dut.qp__t0                     3.63
xa.xlayout_dut.mn__t0                     3.63
xa.xlayout_dut.vss__t9              4.7653e-11
xa.xlayout_dut.mn__t1                     3.63
xa.xlayout_dut.aop__t2                 2.44105
xa.xlayout_dut.ltail__t0               1.93407
xa.xlayout_dut.vss__t11            3.32749e-11
xa.xlayout_dut.atail__t0              0.741792
xa.xlayout_dut.ibias__t2              0.890958
xa.xlayout_dut.vss__t19             0.00050019
xa.xlayout_dut.vss__t13            1.81884e-11
xa.xlayout_dut.qp__t1                     3.63
xa.xlayout_dut.qn__t5                     3.63
xa.xlayout_dut.mp__t2                     3.63
xa.xlayout_dut.vss__t10            4.77387e-11
xa.xlayout_dut.ltail__t1               1.93407
xa.xlayout_dut.clk__t2                       0
xa.xlayout_dut.vss__t18            1.37504e-14
xa.xlayout_dut.vss__t14            1.04454e-11
xa.xlayout_dut.mp__t1                     3.63
xa.xlayout_dut.aon__t0                 2.64609
xa.xlayout_dut.ltail__t2               1.93407
xa.xlayout_dut.vss__t12            3.36092e-11
xa.xlayout_dut.aon__t1                 2.64534
xa.xlayout_dut.vinp__t0                1.64436
xa.xlayout_dut.atail__t1              0.742392
xa.xlayout_dut.vss__t15            3.58458e-08
xa.xlayout_dut.aop__t1                 2.43967
xa.xlayout_dut.vinn__t0                1.65564
xa.xlayout_dut.atail__t2              0.742672
xa.xlayout_dut.vss__t16            7.79845e-09
xa.xlayout_dut.mn__t2                     3.63
xa.xlayout_dut.clk__t0                       0
xa.xlayout_dut.vdd__t0                    3.63
xa.xlayout_dut.vdd__t1                    3.63
xa.xlayout_dut.qn__t1                     3.63
xa.xlayout_dut.clk__t1                       0
xa.xlayout_dut.vdd__t2                    3.63
xa.xlayout_dut.vdd__t3                    3.63
xa.xlayout_dut.sp__t0              4.78651e-09
xa.xlayout_dut.qp__t2                     3.63
xa.xlayout_dut.vdd__t4                    3.63
xa.xlayout_dut.vdd__t5                    3.63
xa.xlayout_dut.mp__t0                     3.63
xa.xlayout_dut.clk__t4                       0
xa.xlayout_dut.vdd__t21                   3.63
xa.xlayout_dut.vdd__t20                   3.63
xa.xlayout_dut.qn__t0                     3.63
xa.xlayout_dut.qp__t3                     3.63
xa.xlayout_dut.vdd__t6                    3.63
xa.xlayout_dut.vdd__t7                    3.63
xa.xlayout_dut.qp__t4                     3.63
xa.xlayout_dut.clk__t3                       0
xa.xlayout_dut.vdd__t19                   3.63
xa.xlayout_dut.vdd__t18                   3.63
xa.xlayout_dut.na__t1                     3.63
xa.xlayout_dut.sp__t1              4.54723e-09
xa.xlayout_dut.vdd__t23                   3.63
xa.xlayout_dut.vdd__t8                    3.63
xa.xlayout_dut.dout__t0                   3.63
xa.xlayout_dut.doutb__t2           6.02681e-09
xa.xlayout_dut.na__t0                     3.63
xa.xlayout_dut.vdd__t13                   3.63
xa.xlayout_dut.sn__t0              4.86379e-09
xa.xlayout_dut.qn__t3                     3.63
xa.xlayout_dut.vdd__t17                   3.63
xa.xlayout_dut.vdd__t16                   3.63
xa.xlayout_dut.qp__t5                     3.63
xa.xlayout_dut.qn__t2                     3.63
xa.xlayout_dut.vdd__t15                   3.63
xa.xlayout_dut.vdd__t14                   3.63
xa.xlayout_dut.nb__t1                     3.63
xa.xlayout_dut.sn__t1              4.60357e-09
xa.xlayout_dut.vdd__t22                   3.63
xa.xlayout_dut.vdd__t12                   3.63
xa.xlayout_dut.doutb__t3            6.5767e-09
xa.xlayout_dut.dout__t1                   3.63
xa.xlayout_dut.nb__t0                     3.63
xa.xlayout_dut.vdd__t11                   3.63
xa.xlayout_dut.aon__t2                 2.64638
xa.xlayout_dut.x$28.11                 2.64776
xa.xlayout_dut.vss__t0                       0
xa.xlayout_dut.x$28.21                 3.62744
xa.xlayout_dut.vdd__t10                3.62882
xa.xlayout_dut.aop__t0                 2.44144
xa.xlayout_dut.x$29.11                 2.44311
xa.xlayout_dut.vss__t1                       0
xa.xlayout_dut.x$29.21                 3.62777
xa.xlayout_dut.vdd__t9                 3.62943
xa.xlayout_dut.aon                     2.64609
vsubs                                        0
xa.xlayout_dut.aop                     2.44105
xa.xlayout_dut.atail                  0.742294
douta                                     3.63
doutba                             6.02681e-09
xa.xlayout_dut.ltail                   1.93407
xa.xlayout_dut.mn                         3.63
xa.xlayout_dut.mp                         3.63
xa.xlayout_dut.na                         3.63
xa.xlayout_dut.nb                         3.63
xa.xlayout_dut.qn                         3.63
xa.xlayout_dut.qp                         3.63
xa.xlayout_dut.sn                  4.60357e-09
xa.xlayout_dut.sp                  4.54723e-09
sb                                  -0.0112787
bsp                                    1.64436
bsn                                    1.65564
bpp                                    1.64436
bpn                                    1.65564
ibnb                                  0.890958
xb.xlayout_dut.sp__t2              4.43802e-09
xb.xlayout_dut.qp__t6                     3.63
xb.xlayout_dut.vss__t17            4.89734e-11
xb.xlayout_dut.vss__t2             4.24686e-20
xb.xlayout_dut.dout__t3                   3.63
xb.xlayout_dut.sp__t3              4.54724e-09
xb.xlayout_dut.vss__t25            3.82125e-15
xb.xlayout_dut.vss__t3             4.07317e-11
xb.xlayout_dut.dout__t2                   3.63
xb.xlayout_dut.doutb__t0           6.02681e-09
xb.xlayout_dut.vss__t24             4.0184e-15
xb.xlayout_dut.vss__t4             4.28332e-11
xb.xlayout_dut.ibias__t0               0.88968
xb.xlayout_dut.ibias__t1              0.890958
xb.xlayout_dut.vss__t20            0.000254896
xb.xlayout_dut.vss__t8              2.2684e-11
xb.xlayout_dut.sn__t2              4.43793e-09
xb.xlayout_dut.qn__t6                     3.63
xb.xlayout_dut.vss__t23            4.88822e-11
xb.xlayout_dut.vss__t5             4.23878e-20
xb.xlayout_dut.doutb__t1           6.02681e-09
xb.xlayout_dut.sn__t3              4.60357e-09
xb.xlayout_dut.vss__t22            4.40965e-22
xb.xlayout_dut.vss__t6             6.73944e-20
xb.xlayout_dut.doutb__t4           5.77415e-09
xb.xlayout_dut.dout__t4                   3.63
xb.xlayout_dut.vss__t21            7.89632e-11
xb.xlayout_dut.vss__t7             6.88377e-20
xb.xlayout_dut.qn__t4                     3.63
xb.xlayout_dut.qp__t0                     3.63
xb.xlayout_dut.mn__t0                     3.63
xb.xlayout_dut.vss__t9              4.7653e-11
xb.xlayout_dut.mn__t1                     3.63
xb.xlayout_dut.aop__t2                 2.44105
xb.xlayout_dut.ltail__t0               1.93407
xb.xlayout_dut.vss__t11            3.32749e-11
xb.xlayout_dut.atail__t0              0.741792
xb.xlayout_dut.ibias__t2              0.890958
xb.xlayout_dut.vss__t19             0.00050019
xb.xlayout_dut.vss__t13            1.81884e-11
xb.xlayout_dut.qp__t1                     3.63
xb.xlayout_dut.qn__t5                     3.63
xb.xlayout_dut.mp__t2                     3.63
xb.xlayout_dut.vss__t10            4.77387e-11
xb.xlayout_dut.ltail__t1               1.93407
xb.xlayout_dut.clk__t2                       0
xb.xlayout_dut.vss__t18            1.37504e-14
xb.xlayout_dut.vss__t14            1.04454e-11
xb.xlayout_dut.mp__t1                     3.63
xb.xlayout_dut.aon__t0                 2.64609
xb.xlayout_dut.ltail__t2               1.93407
xb.xlayout_dut.vss__t12            3.36092e-11
xb.xlayout_dut.aon__t1                 2.64534
xb.xlayout_dut.vinp__t0                1.64436
xb.xlayout_dut.atail__t1              0.742392
xb.xlayout_dut.vss__t15            3.58458e-08
xb.xlayout_dut.aop__t1                 2.43967
xb.xlayout_dut.vinn__t0                1.65564
xb.xlayout_dut.atail__t2              0.742672
xb.xlayout_dut.vss__t16            7.79845e-09
xb.xlayout_dut.mn__t2                     3.63
xb.xlayout_dut.clk__t0                       0
xb.xlayout_dut.vdd__t0                    3.63
xb.xlayout_dut.vdd__t1                    3.63
xb.xlayout_dut.qn__t1                     3.63
xb.xlayout_dut.clk__t1                       0
xb.xlayout_dut.vdd__t2                    3.63
xb.xlayout_dut.vdd__t3                    3.63
xb.xlayout_dut.sp__t0              4.78651e-09
xb.xlayout_dut.qp__t2                     3.63
xb.xlayout_dut.vdd__t4                    3.63
xb.xlayout_dut.vdd__t5                    3.63
xb.xlayout_dut.mp__t0                     3.63
xb.xlayout_dut.clk__t4                       0
xb.xlayout_dut.vdd__t21                   3.63
xb.xlayout_dut.vdd__t20                   3.63
xb.xlayout_dut.qn__t0                     3.63
xb.xlayout_dut.qp__t3                     3.63
xb.xlayout_dut.vdd__t6                    3.63
xb.xlayout_dut.vdd__t7                    3.63
xb.xlayout_dut.qp__t4                     3.63
xb.xlayout_dut.clk__t3                       0
xb.xlayout_dut.vdd__t19                   3.63
xb.xlayout_dut.vdd__t18                   3.63
xb.xlayout_dut.na__t1                     3.63
xb.xlayout_dut.sp__t1              4.54724e-09
xb.xlayout_dut.vdd__t23                   3.63
xb.xlayout_dut.vdd__t8                    3.63
xb.xlayout_dut.dout__t0                   3.63
xb.xlayout_dut.doutb__t2           6.02681e-09
xb.xlayout_dut.na__t0                     3.63
xb.xlayout_dut.vdd__t13                   3.63
xb.xlayout_dut.sn__t0              4.86379e-09
xb.xlayout_dut.qn__t3                     3.63
xb.xlayout_dut.vdd__t17                   3.63
xb.xlayout_dut.vdd__t16                   3.63
xb.xlayout_dut.qp__t5                     3.63
xb.xlayout_dut.qn__t2                     3.63
xb.xlayout_dut.vdd__t15                   3.63
xb.xlayout_dut.vdd__t14                   3.63
xb.xlayout_dut.nb__t1                     3.63
xb.xlayout_dut.sn__t1              4.60357e-09
xb.xlayout_dut.vdd__t22                   3.63
xb.xlayout_dut.vdd__t12                   3.63
xb.xlayout_dut.doutb__t3            6.5767e-09
xb.xlayout_dut.dout__t1                   3.63
xb.xlayout_dut.nb__t0                     3.63
xb.xlayout_dut.vdd__t11                   3.63
xb.xlayout_dut.aon__t2                 2.64638
xb.xlayout_dut.x$28.11                 2.64776
xb.xlayout_dut.vss__t0                       0
xb.xlayout_dut.x$28.21                 3.62744
xb.xlayout_dut.vdd__t10                3.62882
xb.xlayout_dut.aop__t0                 2.44144
xb.xlayout_dut.x$29.11                 2.44311
xb.xlayout_dut.vss__t1                       0
xb.xlayout_dut.x$29.21                 3.62777
xb.xlayout_dut.vdd__t9                 3.62943
xb.xlayout_dut.aon                     2.64609
xb.xlayout_dut.aop                     2.44105
xb.xlayout_dut.atail                  0.742294
doutb                                     3.63
doutbb                             6.02681e-09
xb.xlayout_dut.ltail                   1.93407
xb.xlayout_dut.mn                         3.63
xb.xlayout_dut.mp                         3.63
xb.xlayout_dut.na                         3.63
xb.xlayout_dut.nb                         3.63
xb.xlayout_dut.qn                         3.63
xb.xlayout_dut.qp                         3.63
xb.xlayout_dut.sn                  4.60357e-09
xb.xlayout_dut.sp                  4.54724e-09
sc                                   0.0877213
csp                                    1.69386
csn                                    1.60614
cpp                                    1.69386
cpn                                    1.60614
ibnc                                  0.890958
xc.xlayout_dut.sp__t2              4.43802e-09
xc.xlayout_dut.qp__t6                     3.63
xc.xlayout_dut.vss__t17            4.89734e-11
xc.xlayout_dut.vss__t2             4.24686e-20
xc.xlayout_dut.dout__t3                   3.63
xc.xlayout_dut.sp__t3              4.54724e-09
xc.xlayout_dut.vss__t25            3.82125e-15
xc.xlayout_dut.vss__t3             4.07317e-11
xc.xlayout_dut.dout__t2                   3.63
xc.xlayout_dut.doutb__t0           6.02681e-09
xc.xlayout_dut.vss__t24             4.0184e-15
xc.xlayout_dut.vss__t4             4.28332e-11
xc.xlayout_dut.ibias__t0               0.88968
xc.xlayout_dut.ibias__t1              0.890958
xc.xlayout_dut.vss__t20            0.000254896
xc.xlayout_dut.vss__t8              2.2684e-11
xc.xlayout_dut.sn__t2              4.43793e-09
xc.xlayout_dut.qn__t6                     3.63
xc.xlayout_dut.vss__t23            4.88822e-11
xc.xlayout_dut.vss__t5             4.23878e-20
xc.xlayout_dut.doutb__t1           6.02681e-09
xc.xlayout_dut.sn__t3              4.60357e-09
xc.xlayout_dut.vss__t22            4.40965e-22
xc.xlayout_dut.vss__t6             6.73944e-20
xc.xlayout_dut.doutb__t4           5.77415e-09
xc.xlayout_dut.dout__t4                   3.63
xc.xlayout_dut.vss__t21            7.89632e-11
xc.xlayout_dut.vss__t7             6.88377e-20
xc.xlayout_dut.qn__t4                     3.63
xc.xlayout_dut.qp__t0                     3.63
xc.xlayout_dut.mn__t0                     3.63
xc.xlayout_dut.vss__t9              4.7653e-11
xc.xlayout_dut.mn__t1                     3.63
xc.xlayout_dut.aop__t2                 3.26737
xc.xlayout_dut.ltail__t0               2.45954
xc.xlayout_dut.vss__t11            3.64174e-11
xc.xlayout_dut.atail__t0               0.75127
xc.xlayout_dut.ibias__t2              0.890958
xc.xlayout_dut.vss__t19            0.000500245
xc.xlayout_dut.vss__t13            1.84206e-11
xc.xlayout_dut.qp__t1                     3.63
xc.xlayout_dut.qn__t5                     3.63
xc.xlayout_dut.mp__t2                     3.63
xc.xlayout_dut.vss__t10            4.77387e-11
xc.xlayout_dut.ltail__t1               2.45954
xc.xlayout_dut.clk__t2                       0
xc.xlayout_dut.vss__t18             1.5098e-14
xc.xlayout_dut.vss__t14            1.32834e-11
xc.xlayout_dut.mp__t1                     3.63
xc.xlayout_dut.aon__t0                 1.81723
xc.xlayout_dut.ltail__t2               2.45954
xc.xlayout_dut.vss__t12            3.67825e-11
xc.xlayout_dut.aon__t1                 1.81586
xc.xlayout_dut.vinp__t0                1.69386
xc.xlayout_dut.atail__t1              0.751953
xc.xlayout_dut.vss__t15            6.13285e-11
xc.xlayout_dut.aop__t1                 3.26695
xc.xlayout_dut.vinn__t0                1.60614
xc.xlayout_dut.atail__t2              0.751888
xc.xlayout_dut.vss__t16            4.32162e-07
xc.xlayout_dut.mn__t2                     3.63
xc.xlayout_dut.clk__t0                       0
xc.xlayout_dut.vdd__t0                    3.63
xc.xlayout_dut.vdd__t1                    3.63
xc.xlayout_dut.qn__t1                     3.63
xc.xlayout_dut.clk__t1                       0
xc.xlayout_dut.vdd__t2                    3.63
xc.xlayout_dut.vdd__t3                    3.63
xc.xlayout_dut.sp__t0              4.78651e-09
xc.xlayout_dut.qp__t2                     3.63
xc.xlayout_dut.vdd__t4                    3.63
xc.xlayout_dut.vdd__t5                    3.63
xc.xlayout_dut.mp__t0                     3.63
xc.xlayout_dut.clk__t4                       0
xc.xlayout_dut.vdd__t21                   3.63
xc.xlayout_dut.vdd__t20                   3.63
xc.xlayout_dut.qn__t0                     3.63
xc.xlayout_dut.qp__t3                     3.63
xc.xlayout_dut.vdd__t6                    3.63
xc.xlayout_dut.vdd__t7                    3.63
xc.xlayout_dut.qp__t4                     3.63
xc.xlayout_dut.clk__t3                       0
xc.xlayout_dut.vdd__t19                   3.63
xc.xlayout_dut.vdd__t18                   3.63
xc.xlayout_dut.na__t1                     3.63
xc.xlayout_dut.sp__t1              4.54724e-09
xc.xlayout_dut.vdd__t23                   3.63
xc.xlayout_dut.vdd__t8                    3.63
xc.xlayout_dut.dout__t0                   3.63
xc.xlayout_dut.doutb__t2           6.02681e-09
xc.xlayout_dut.na__t0                     3.63
xc.xlayout_dut.vdd__t13                   3.63
xc.xlayout_dut.sn__t0              4.86379e-09
xc.xlayout_dut.qn__t3                     3.63
xc.xlayout_dut.vdd__t17                   3.63
xc.xlayout_dut.vdd__t16                   3.63
xc.xlayout_dut.qp__t5                     3.63
xc.xlayout_dut.qn__t2                     3.63
xc.xlayout_dut.vdd__t15                   3.63
xc.xlayout_dut.vdd__t14                   3.63
xc.xlayout_dut.nb__t1                     3.63
xc.xlayout_dut.sn__t1              4.60357e-09
xc.xlayout_dut.vdd__t22                   3.63
xc.xlayout_dut.vdd__t12                   3.63
xc.xlayout_dut.doutb__t3            6.5767e-09
xc.xlayout_dut.dout__t1                   3.63
xc.xlayout_dut.nb__t0                     3.63
xc.xlayout_dut.vdd__t11                   3.63
xc.xlayout_dut.aon__t2                 1.81779
xc.xlayout_dut.x$28.11                 1.82033
xc.xlayout_dut.vss__t0                       0
xc.xlayout_dut.x$28.21                 3.62528
xc.xlayout_dut.vdd__t10                3.62782
xc.xlayout_dut.aop__t0                 3.26749
xc.xlayout_dut.x$29.11                   3.268
xc.xlayout_dut.vss__t1                       0
xc.xlayout_dut.x$29.21                 3.62932
xc.xlayout_dut.vdd__t9                 3.62983
xc.xlayout_dut.aon                     1.81723
xc.xlayout_dut.aop                     3.26737
xc.xlayout_dut.atail                  0.751773
doutc                                     3.63
doutbc                             6.02681e-09
xc.xlayout_dut.ltail                   2.45954
xc.xlayout_dut.mn                         3.63
xc.xlayout_dut.mp                         3.63
xc.xlayout_dut.na                         3.63
xc.xlayout_dut.nb                         3.63
xc.xlayout_dut.qn                         3.63
xc.xlayout_dut.qp                         3.63
xc.xlayout_dut.sn                  4.60357e-09
xc.xlayout_dut.sp                  4.54724e-09
ad                                -2.22045e-15
bd                                  -0.0112787
cd                                   0.0877213
bc                                  2.7682e-10
dan                                          1
dbn                                          1
dcn                                          1
bdcn#branch                                  0
bdbn#branch                                  0
bdan#branch                                  0
bbc#branch                                   0
bcd#branch                                   0
bbd#branch                                   0
bad#branch                                   0
ecsn#branch                        2.69461e-19
ecsp#branch                        2.84178e-19
ebsn#branch                        2.77766e-19
ebsp#branch                        2.75874e-19
easn#branch                       -1.91016e-18
easp#branch                       -2.17234e-18
vsc#branch                                   0
vsb#branch                                   0
vsa#branch                                   0
vclk#branch                                  0
vcm#branch                        -2.97522e-18
vsup#branch                       -9.12643e-05

 Reference value :  1.07140e-09
 Reference value :  4.56140e-09
 Reference value :  7.31140e-09
 Reference value :  1.01514e-08
 Reference value :  1.29114e-08
 Reference value :  1.57764e-08
 Reference value :  1.86314e-08
 Reference value :  2.14614e-08
 Reference value :  2.42814e-08
 Reference value :  2.72714e-08
 Reference value :  3.00051e-08
 Reference value :  3.24915e-08
 Reference value :  3.51965e-08
 Reference value :  3.80015e-08
 Reference value :  4.05153e-08
 Reference value :  4.33153e-08
 Reference value :  4.61403e-08
 Reference value :  4.90403e-08
 Reference value :  5.21603e-08
 Reference value :  5.52003e-08
 Reference value :  5.83053e-08
No. of Data Rows : 12060
ad_pos              =  1.21789e-02 at=  4.04303e-08
ad_neg              =  -1.45813e-02 at=  3.02366e-08
ap0                 =  1.64436e+00
apmax               =  1.65654e+00 at=  4.04303e-08
apmin               =  1.62978e+00 at=  3.02366e-08
bd0                 =  -1.12787e-02
bd1                 =  -1.12785e-02
cd0                 =  8.77213e-02
cd1                 =  8.76728e-02
bc0                 =  2.76818e-10
bc1                 =  1.50643e-04
bp0                 =  1.64436e+00
bn0                 =  1.65564e+00
bp1                 =  1.64451e+00
bn1                 =  1.65579e+00
da_end              =  9.99993e-01
db_end              =  9.99993e-01
dc_end              =  9.99993e-01
m_kick_1k_peak_mv = 1.4581290000e+01
m_kick_1k_pos_mv = 1.2178900000e+01
m_kick_1k_neg_mv = -1.458129000e+01
m_kick_1k_raw_mv = 1.4582000000e+01
m_kick_resid_small_nv = 2.2000000000e+02
m_kick_resid_big_nv = -4.844000000e+04
m_kick_sigdep_nv = 4.8660000000e+04
m_kick_cm_nv = 1.5064272318e+05
m_kick_resid_raw_uv = -9.999999999e-01
m_q_resid_small_ac = 2.2000000000e-01
m_dout_1k_end = 9.9999320000e-01
m_dout_float_small_end = 9.9999320000e-01
m_dout_float_big_end = 9.9999320000e-01
Note: Simulation executed from .control section 

Warning: m=xx on .subckt line will override multiplier m hierarchy!

