
Note: Compatibility modes selected: hs a


Circuit: * comparator-kickback-vosprobe @ ff_-40c_3.30v -- generated by sim/harness, do not edit

Doing analysis at TEMP = -40.000000 and TNOM = 27.000000

Using SPARSE 1.3 as Direct Linear Solver

Initial Transient Solution
--------------------------

Node                                   Voltage
----                                   -------
vdd                                        3.3
cm                                        1.65
clk                                          0
rmp                                      -0.04
vp                                        1.63
vn                                        1.67
ibn                                   0.890958
xdut.xlayout_dut.sp__t2            3.39681e-09
xdut.xlayout_dut.qp__t6                    3.3
xdut.xlayout_dut.vss__t17          3.63674e-11
xdut.xlayout_dut.vss__t2           3.24944e-20
xdut.xlayout_dut.dout__t3                  3.3
xdut.xlayout_dut.sp__t3            3.47791e-09
xdut.xlayout_dut.vss__t25          3.58633e-15
xdut.xlayout_dut.vss__t3           3.69612e-11
xdut.xlayout_dut.dout__t2                  3.3
xdut.xlayout_dut.doutb__t0         4.04948e-09
xdut.xlayout_dut.vss__t24          3.77135e-15
xdut.xlayout_dut.vss__t4           3.88682e-11
xdut.xlayout_dut.ibias__t0             0.88968
xdut.xlayout_dut.ibias__t1            0.890958
xdut.xlayout_dut.vss__t20          0.000254896
xdut.xlayout_dut.vss__t8            2.2684e-11
xdut.xlayout_dut.sn__t2            3.39674e-09
xdut.xlayout_dut.qn__t6                    3.3
xdut.xlayout_dut.vss__t23          3.62997e-11
xdut.xlayout_dut.vss__t5           3.24327e-20
xdut.xlayout_dut.doutb__t1         4.04948e-09
xdut.xlayout_dut.sn__t3            3.51974e-09
xdut.xlayout_dut.vss__t22          2.96289e-22
xdut.xlayout_dut.vss__t6            4.5283e-20
xdut.xlayout_dut.doutb__t4         3.88455e-09
xdut.xlayout_dut.dout__t4                  3.3
xdut.xlayout_dut.vss__t21          5.15444e-11
xdut.xlayout_dut.vss__t7           4.62919e-20
xdut.xlayout_dut.qn__t4                    3.3
xdut.xlayout_dut.qp__t0                    3.3
xdut.xlayout_dut.mn__t0                    3.3
xdut.xlayout_dut.vss__t9           4.33209e-11
xdut.xlayout_dut.mn__t1                    3.3
xdut.xlayout_dut.aop__t2               1.85092
xdut.xlayout_dut.ltail__t0             1.87452
xdut.xlayout_dut.vss__t11          3.09453e-11
xdut.xlayout_dut.atail__t0            0.743161
xdut.xlayout_dut.ibias__t2            0.890958
xdut.xlayout_dut.vss__t19          0.000500198
xdut.xlayout_dut.vss__t13          1.82219e-11
xdut.xlayout_dut.qp__t1                    3.3
xdut.xlayout_dut.qn__t5                    3.3
xdut.xlayout_dut.mp__t2                    3.3
xdut.xlayout_dut.vss__t10          4.33989e-11
xdut.xlayout_dut.ltail__t1             1.87452
xdut.xlayout_dut.clk__t2                     0
xdut.xlayout_dut.vss__t18          1.36009e-14
xdut.xlayout_dut.vss__t14          1.01238e-11
xdut.xlayout_dut.mp__t1                    3.3
xdut.xlayout_dut.aon__t0               2.57649
xdut.xlayout_dut.ltail__t2             1.87452
xdut.xlayout_dut.vss__t12          3.12556e-11
xdut.xlayout_dut.aon__t1               2.57594
xdut.xlayout_dut.vinp__t0                 1.63
xdut.xlayout_dut.atail__t1            0.743735
xdut.xlayout_dut.vss__t15          1.64773e-08
xdut.xlayout_dut.aop__t1               1.84924
xdut.xlayout_dut.vinn__t0                 1.67
xdut.xlayout_dut.atail__t2            0.744124
xdut.xlayout_dut.vss__t16          6.40631e-11
xdut.xlayout_dut.mn__t2                    3.3
xdut.xlayout_dut.clk__t0                     0
xdut.xlayout_dut.vdd__t0                   3.3
xdut.xlayout_dut.vdd__t1                   3.3
xdut.xlayout_dut.qn__t1                    3.3
xdut.xlayout_dut.clk__t1                     0
xdut.xlayout_dut.vdd__t2                   3.3
xdut.xlayout_dut.vdd__t3                   3.3
xdut.xlayout_dut.sp__t0             3.6556e-09
xdut.xlayout_dut.qp__t2                    3.3
xdut.xlayout_dut.vdd__t4                   3.3
xdut.xlayout_dut.vdd__t5                   3.3
xdut.xlayout_dut.mp__t0                    3.3
xdut.xlayout_dut.clk__t4                     0
xdut.xlayout_dut.vdd__t21                  3.3
xdut.xlayout_dut.vdd__t20                  3.3
xdut.xlayout_dut.qn__t0                    3.3
xdut.xlayout_dut.qp__t3                    3.3
xdut.xlayout_dut.vdd__t6                   3.3
xdut.xlayout_dut.vdd__t7                   3.3
xdut.xlayout_dut.qp__t4                    3.3
xdut.xlayout_dut.clk__t3                     0
xdut.xlayout_dut.vdd__t19                  3.3
xdut.xlayout_dut.vdd__t18                  3.3
xdut.xlayout_dut.na__t1                    3.3
xdut.xlayout_dut.sp__t1            3.47791e-09
xdut.xlayout_dut.vdd__t23                  3.3
xdut.xlayout_dut.vdd__t8                   3.3
xdut.xlayout_dut.dout__t0                  3.3
xdut.xlayout_dut.doutb__t2         4.04948e-09
xdut.xlayout_dut.na__t0                    3.3
xdut.xlayout_dut.vdd__t13                  3.3
xdut.xlayout_dut.sn__t0            3.71298e-09
xdut.xlayout_dut.qn__t3                    3.3
xdut.xlayout_dut.vdd__t17                  3.3
xdut.xlayout_dut.vdd__t16                  3.3
xdut.xlayout_dut.qp__t5                    3.3
xdut.xlayout_dut.qn__t2                    3.3
xdut.xlayout_dut.vdd__t15                  3.3
xdut.xlayout_dut.vdd__t14                  3.3
xdut.xlayout_dut.nb__t1                    3.3
xdut.xlayout_dut.sn__t1            3.51974e-09
xdut.xlayout_dut.vdd__t22                  3.3
xdut.xlayout_dut.vdd__t12                  3.3
xdut.xlayout_dut.doutb__t3         4.40842e-09
xdut.xlayout_dut.dout__t1                  3.3
xdut.xlayout_dut.nb__t0                    3.3
xdut.xlayout_dut.vdd__t11                  3.3
xdut.xlayout_dut.aon__t2               2.57671
xdut.xlayout_dut.x$28.11               2.57772
xdut.xlayout_dut.vss__t0                     0
xdut.xlayout_dut.x$28.21               3.29812
xdut.xlayout_dut.vdd__t10              3.29913
xdut.xlayout_dut.aop__t0                1.8514
xdut.xlayout_dut.x$29.11               1.85343
xdut.xlayout_dut.vss__t1                     0
xdut.xlayout_dut.x$29.21               3.29728
xdut.xlayout_dut.vdd__t9               3.29931
xdut.xlayout_dut.aon                   2.57649
vsubs                                        0
xdut.xlayout_dut.aop                   1.85092
xdut.xlayout_dut.atail                0.743664
dout                                       3.3
doutb                              4.04948e-09
xdut.xlayout_dut.ltail                 1.87452
xdut.xlayout_dut.mn                        3.3
xdut.xlayout_dut.mp                        3.3
xdut.xlayout_dut.na                        3.3
xdut.xlayout_dut.nb                        3.3
xdut.xlayout_dut.qn                        3.3
xdut.xlayout_dut.qp                        3.3
xdut.xlayout_dut.sn                3.51974e-09
xdut.xlayout_dut.sp                3.47791e-09
dn                                           1
bdn#branch                                   0
bnn#branch                         1.17161e-18
bpp#branch                          3.4199e-19
vrmp#branch                                  0
vclk#branch                                  0
vcm#branch                                   0
vsup#branch                       -3.04145e-05

 Reference value :  1.00103e-07
 Reference value :  2.70093e-07
 Reference value :  4.20975e-07
 Reference value :  6.00102e-07
 Reference value :  7.60670e-07
 Reference value :  9.26463e-07
 Reference value :  1.08123e-06
 Reference value :  1.24029e-06
 Reference value :  1.41015e-06
 Reference value :  1.57022e-06
 Reference value :  1.72128e-06
 Reference value :  1.89029e-06
 Reference value :  2.04010e-06
 Reference value :  2.20052e-06
 Reference value :  2.35052e-06
 Reference value :  2.50102e-06
 Reference value :  2.67023e-06
 Reference value :  2.83021e-06
 Reference value :  2.98066e-06
 Reference value :  3.15007e-06
 Reference value :  3.31012e-06
 Reference value :  3.46153e-06
 Reference value :  3.63012e-06
 Reference value :  3.78086e-06
 Reference value :  3.96027e-06
 Reference value :  4.11011e-06
 Reference value :  4.26060e-06
 Reference value :  4.42066e-06
 Reference value :  4.56067e-06
 Reference value :  4.72063e-06
 Reference value :  4.88782e-06
 Reference value :  5.04072e-06
 Reference value :  5.20056e-06
 Reference value :  5.35166e-06
 Reference value :  5.52008e-06
 Reference value :  5.66027e-06
 Reference value :  5.82104e-06
 Reference value :  5.98018e-06
 Reference value :  6.13036e-06
 Reference value :  6.28077e-06
 Reference value :  6.45008e-06
 Reference value :  6.60045e-06
 Reference value :  6.75030e-06
 Reference value :  6.91073e-06
 Reference value :  7.06066e-06
 Reference value :  7.23014e-06
 Reference value :  7.38013e-06
 Reference value :  7.54080e-06
 Reference value :  7.69017e-06
 Reference value :  7.84035e-06
 Reference value :  8.01011e-06
 Reference value :  8.16077e-06
 Reference value :  8.31096e-06
 Reference value :  8.46055e-06
 Reference value :  8.62030e-06
 Reference value :  8.77046e-06
 Reference value :  8.91096e-06
 Reference value :  9.09005e-06
 Reference value :  9.24007e-06
 Reference value :  9.39019e-06
 Reference value :  9.54032e-06
 Reference value :  9.69086e-06
 Reference value :  9.85038e-06
 Reference value :  1.00008e-05
 Reference value :  1.02015e-05
 Reference value :  1.03801e-05
 Reference value :  1.05301e-05
 Reference value :  1.06812e-05
 Reference value :  1.08607e-05
 Reference value :  1.10705e-05
 Reference value :  1.12602e-05
 Reference value :  1.14300e-05
 Reference value :  1.15801e-05
 Reference value :  1.17107e-05
 Reference value :  1.18633e-05
 Reference value :  1.20301e-05
 Reference value :  1.21802e-05
 Reference value :  1.23403e-05
 Reference value :  1.24905e-05
 Reference value :  1.26408e-05
 Reference value :  1.27917e-05
 Reference value :  1.29603e-05
 Reference value :  1.31203e-05
 Reference value :  1.32702e-05
 Reference value :  1.34201e-05
 Reference value :  1.35834e-05
 Reference value :  1.37402e-05
 Reference value :  1.39002e-05
 Reference value :  1.40502e-05
 Reference value :  1.42006e-05
 Reference value :  1.43504e-05
 Reference value :  1.45007e-05
 Reference value :  1.46700e-05
 Reference value :  1.48302e-05
 Reference value :  1.49708e-05
 Reference value :  1.51208e-05
 Reference value :  1.52808e-05
 Reference value :  1.54310e-05
 Reference value :  1.55807e-05
 Reference value :  1.57306e-05
 Reference value :  1.58807e-05
 Reference value :  1.60604e-05
 Reference value :  1.62104e-05
 Reference value :  1.63605e-05
 Reference value :  1.65103e-05
 Reference value :  1.66606e-05
 Reference value :  1.68113e-05
 Reference value :  1.69800e-05
 Reference value :  1.71301e-05
 Reference value :  1.72801e-05
 Reference value :  1.74301e-05
 Reference value :  1.75821e-05
 Reference value :  1.77402e-05
 Reference value :  1.78904e-05
 Reference value :  1.80301e-05
 Reference value :  1.81801e-05
 Reference value :  1.83303e-05
 Reference value :  1.84803e-05
 Reference value :  1.86300e-05
 Reference value :  1.87800e-05
 Reference value :  1.89301e-05
 Reference value :  1.90818e-05
 Reference value :  1.92401e-05
 Reference value :  1.93904e-05
 Reference value :  1.95404e-05
 Reference value :  1.96806e-05
 Reference value :  1.98305e-05
 Reference value :  2.00203e-05
 Reference value :  2.01701e-05
 Reference value :  2.03202e-05
 Reference value :  2.04787e-05
 Reference value :  2.06401e-05
 Reference value :  2.07901e-05
 Reference value :  2.09502e-05
 Reference value :  2.10907e-05
 Reference value :  2.12403e-05
 Reference value :  2.13903e-05
 Reference value :  2.15415e-05
 Reference value :  2.17001e-05
 Reference value :  2.18509e-05
 Reference value :  2.20006e-05
 Reference value :  2.21507e-05
 Reference value :  2.23121e-05
 Reference value :  2.24701e-05
 Reference value :  2.26201e-05
 Reference value :  2.27701e-05
 Reference value :  2.29205e-05
 Reference value :  2.30801e-05
 Reference value :  2.32505e-05
 Reference value :  2.34102e-05
 Reference value :  2.35801e-05
 Reference value :  2.37401e-05
 Reference value :  2.39100e-05
 Reference value :  2.40601e-05
 Reference value :  2.42102e-05
 Reference value :  2.43705e-05
 Reference value :  2.45206e-05
 Reference value :  2.46705e-05
 Reference value :  2.48633e-05
 Reference value :  2.50201e-05
 Reference value :  2.51701e-05
 Reference value :  2.53206e-05
 Reference value :  2.54715e-05
 Reference value :  2.56302e-05
 Reference value :  2.58001e-05
 Reference value :  2.59501e-05
 Reference value :  2.61013e-05
 Reference value :  2.62602e-05
 Reference value :  2.64106e-05
 Reference value :  2.65801e-05
 Reference value :  2.67301e-05
 Reference value :  2.68801e-05
 Reference value :  2.70433e-05
 Reference value :  2.72101e-05
 Reference value :  2.73606e-05
 Reference value :  2.75201e-05
 Reference value :  2.76703e-05
 Reference value :  2.78207e-05
 Reference value :  2.79707e-05
 Reference value :  2.81212e-05
 Reference value :  2.82904e-05
 Reference value :  2.84403e-05
 Reference value :  2.85906e-05
 Reference value :  2.87408e-05
 Reference value :  2.88909e-05
 Reference value :  2.90505e-05
 Reference value :  2.92008e-05
 Reference value :  2.93511e-05
 Reference value :  2.95013e-05
 Reference value :  2.96706e-05
 Reference value :  2.98206e-05
 Reference value :  2.99707e-05
 Reference value :  3.01501e-05
 Reference value :  3.02805e-05
 Reference value :  3.04307e-05
 Reference value :  3.05808e-05
 Reference value :  3.07308e-05
 Reference value :  3.09006e-05
 Reference value :  3.10602e-05
 Reference value :  3.12213e-05
 Reference value :  3.13800e-05
 Reference value :  3.15303e-05
 Reference value :  3.16908e-05
 Reference value :  3.18407e-05
 Reference value :  3.19909e-05
 Reference value :  3.21406e-05
 Reference value :  3.23104e-05
 Reference value :  3.24609e-05
 Reference value :  3.26209e-05
 Reference value :  3.27907e-05
 Reference value :  3.29405e-05
 Reference value :  3.31001e-05
 Reference value :  3.32505e-05
 Reference value :  3.34005e-05
 Reference value :  3.35702e-05
 Reference value :  3.37302e-05
 Reference value :  3.38807e-05
 Reference value :  3.40350e-05
 Reference value :  3.42004e-05
 Reference value :  3.43604e-05
 Reference value :  3.45109e-05
 Reference value :  3.46806e-05
 Reference value :  3.48402e-05
 Reference value :  3.50101e-05
 Reference value :  3.51902e-05
 Reference value :  3.53502e-05
 Reference value :  3.55013e-05
 Reference value :  3.56807e-05
 Reference value :  3.58307e-05
 Reference value :  3.60001e-05
 Reference value :  3.61613e-05
 Reference value :  3.63301e-05
 Reference value :  3.64908e-05
 Reference value :  3.66701e-05
 Reference value :  3.68209e-05
 Reference value :  3.69779e-05
 Reference value :  3.71401e-05
 Reference value :  3.72904e-05
 Reference value :  3.74507e-05
 Reference value :  3.76202e-05
 Reference value :  3.77709e-05
 Reference value :  3.79307e-05
 Reference value :  3.81006e-05
 Reference value :  3.82609e-05
 Reference value :  3.84301e-05
 Reference value :  3.85832e-05
 Reference value :  3.87426e-05
 Reference value :  3.89101e-05
 Reference value :  3.90601e-05
 Reference value :  3.92102e-05
 Reference value :  3.93601e-05
 Reference value :  3.95201e-05
 Reference value :  3.96707e-05
 Reference value :  3.98401e-05
 Reference value :  3.99903e-05
 Reference value :  4.01501e-05
 Reference value :  4.02908e-05
 Reference value :  4.04501e-05
 Reference value :  4.06002e-05
 Reference value :  4.07668e-05
 Reference value :  4.09202e-05
 Reference value :  4.10700e-05
 Reference value :  4.12304e-05
 Reference value :  4.13809e-05
 Reference value :  4.15307e-05
 Reference value :  4.16810e-05
 Reference value :  4.18606e-05
 Reference value :  4.20705e-05
 Reference value :  4.22409e-05
 Reference value :  4.23908e-05
 Reference value :  4.25405e-05
 Reference value :  4.26907e-05
 Reference value :  4.28402e-05
 Reference value :  4.29905e-05
 Reference value :  4.31548e-05
 Reference value :  4.33024e-05
 Reference value :  4.34702e-05
 Reference value :  4.36301e-05
 Reference value :  4.37802e-05
 Reference value :  4.39302e-05
 Reference value :  4.40806e-05
 Reference value :  4.42306e-05
 Reference value :  4.44000e-05
 Reference value :  4.45501e-05
 Reference value :  4.47105e-05
 Reference value :  4.48801e-05
 Reference value :  4.50303e-05
 Reference value :  4.51808e-05
 Reference value :  4.53439e-05
 Reference value :  4.55101e-05
 Reference value :  4.56601e-05
 Reference value :  4.58102e-05
 Reference value :  4.59420e-05
 Reference value :  4.60908e-05
 Reference value :  4.62414e-05
 Reference value :  4.64105e-05
 Reference value :  4.65604e-05
 Reference value :  4.67101e-05
 Reference value :  4.68607e-05
 Reference value :  4.70111e-05
 Reference value :  4.71603e-05
 Reference value :  4.73104e-05
 Reference value :  4.74616e-05
 Reference value :  4.76204e-05
 Reference value :  4.77608e-05
 Reference value :  4.79108e-05
 Reference value :  4.80701e-05
 Reference value :  4.82400e-05
 Reference value :  4.83901e-05
 Reference value :  4.85402e-05
 Reference value :  4.87204e-05
 Reference value :  4.88701e-05
 Reference value :  4.90201e-05
 Reference value :  4.91700e-05
 Reference value :  4.93007e-05
 Reference value :  4.94501e-05
 Reference value :  4.96001e-05
 Reference value :  4.97801e-05
 Reference value :  4.99504e-05
 Reference value :  5.01101e-05
 Reference value :  5.02509e-05
 Reference value :  5.04001e-05
 Reference value :  5.05323e-05
 Reference value :  5.07000e-05
 Reference value :  5.08501e-05
 Reference value :  5.09807e-05
 Reference value :  5.11302e-05
 Reference value :  5.12706e-05
 Reference value :  5.14308e-05
 Reference value :  5.15809e-05
 Reference value :  5.17309e-05
 Reference value :  5.19009e-05
 Reference value :  5.20602e-05
 Reference value :  5.22101e-05
 Reference value :  5.23602e-05
 Reference value :  5.25006e-05
 Reference value :  5.26502e-05
 Reference value :  5.28002e-05
 Reference value :  5.29501e-05
 Reference value :  5.31108e-05
 Reference value :  5.32608e-05
 Reference value :  5.34102e-05
 Reference value :  5.35601e-05
 Reference value :  5.37067e-05
 Reference value :  5.38509e-05
 Reference value :  5.40003e-05
 Reference value :  5.41603e-05
 Reference value :  5.43101e-05
 Reference value :  5.44504e-05
 Reference value :  5.46002e-05
 Reference value :  5.47503e-05
 Reference value :  5.49003e-05
 Reference value :  5.50902e-05
 Reference value :  5.52901e-05
 Reference value :  5.54802e-05
 Reference value :  5.56301e-05
 Reference value :  5.57801e-05
 Reference value :  5.59205e-05
 Reference value :  5.60702e-05
 Reference value :  5.62201e-05
 Reference value :  5.63801e-05
 Reference value :  5.65510e-05
 Reference value :  5.67102e-05
 Reference value :  5.68608e-05
 Reference value :  5.70107e-05
 Reference value :  5.71609e-05
 Reference value :  5.73301e-05
 Reference value :  5.74802e-05
 Reference value :  5.76407e-05
 Reference value :  5.77907e-05
 Reference value :  5.79410e-05
 Reference value :  5.81101e-05
 Reference value :  5.82606e-05
 Reference value :  5.84202e-05
 Reference value :  5.85715e-05
 Reference value :  5.87406e-05
 Reference value :  5.88915e-05
 Reference value :  5.90506e-05
 Reference value :  5.92007e-05
 Reference value :  5.93505e-05
 Reference value :  5.95020e-05
 Reference value :  5.96709e-05
 Reference value :  5.98472e-05
 Reference value :  6.00000e-05
 Reference value :  6.01500e-05
 Reference value :  6.03001e-05
 Reference value :  6.04514e-05
 Reference value :  6.06103e-05
 Reference value :  6.07607e-05
 Reference value :  6.09300e-05
 Reference value :  6.10802e-05
 Reference value :  6.12402e-05
 Reference value :  6.14101e-05
 Reference value :  6.15605e-05
 Reference value :  6.17118e-05
 Reference value :  6.18707e-05
 Reference value :  6.20701e-05
 Reference value :  6.22032e-05
 Reference value :  6.23701e-05
 Reference value :  6.25201e-05
 Reference value :  6.26701e-05
 Reference value :  6.28201e-05
 Reference value :  6.29802e-05
 Reference value :  6.31503e-05
 Reference value :  6.33103e-05
 Reference value :  6.34609e-05
 Reference value :  6.36111e-05
 Reference value :  6.37800e-05
 Reference value :  6.39301e-05
 Reference value :  6.40901e-05
 Reference value :  6.42305e-05
 Reference value :  6.44101e-05
 Reference value :  6.45710e-05
 Reference value :  6.47502e-05
 Reference value :  6.49001e-05
 Reference value :  6.50512e-05
 Reference value :  6.52207e-05
 Reference value :  6.53703e-05
 Reference value :  6.55302e-05
 Reference value :  6.56706e-05
 Reference value :  6.58203e-05
 Reference value :  6.59702e-05
 Reference value :  6.61205e-05
 Reference value :  6.62802e-05
 Reference value :  6.64203e-05
 Reference value :  6.65702e-05
 Reference value :  6.67308e-05
 Reference value :  6.69000e-05
 Reference value :  6.70501e-05
 Reference value :  6.72003e-05
 Reference value :  6.73501e-05
 Reference value :  6.75001e-05
 Reference value :  6.76503e-05
 Reference value :  6.78007e-05
 Reference value :  6.79501e-05
 Reference value :  6.81301e-05
 Reference value :  6.82801e-05
 Reference value :  6.84301e-05
 Reference value :  6.85626e-05
 Reference value :  6.87110e-05
 Reference value :  6.88610e-05
 Reference value :  6.90305e-05
 Reference value :  6.91902e-05
 Reference value :  6.93601e-05
 Reference value :  6.95102e-05
 Reference value :  6.96603e-05
 Reference value :  6.98112e-05
 Reference value :  6.99701e-05
 Reference value :  7.01142e-05
 Reference value :  7.02701e-05
 Reference value :  7.04205e-05
 Reference value :  7.06004e-05
 Reference value :  7.07507e-05
 Reference value :  7.09200e-05
 Reference value :  7.10702e-05
 Reference value :  7.12202e-05
 Reference value :  7.13801e-05
 Reference value :  7.15303e-05
 Reference value :  7.16801e-05
 Reference value :  7.18207e-05
 Reference value :  7.20000e-05
 Reference value :  7.21501e-05
 Reference value :  7.22970e-05
 Reference value :  7.24501e-05
 Reference value :  7.26001e-05
 Reference value :  7.27501e-05
 Reference value :  7.29008e-05
 Reference value :  7.30607e-05
 Reference value :  7.32105e-05
 Reference value :  7.33605e-05
 Reference value :  7.35303e-05
 Reference value :  7.36902e-05
 Reference value :  7.38401e-05
 Reference value :  7.39908e-05
 Reference value :  7.41702e-05
 Reference value :  7.43505e-05
 Reference value :  7.45009e-05
 Reference value :  7.46700e-05
 Reference value :  7.48009e-05
 Reference value :  7.49511e-05
 Reference value :  7.51009e-05
 Reference value :  7.52702e-05
 Reference value :  7.54302e-05
 Reference value :  7.55810e-05
 Reference value :  7.57500e-05
 Reference value :  7.58808e-05
 Reference value :  7.60302e-05
 Reference value :  7.61804e-05
 Reference value :  7.63301e-05
 Reference value :  7.64711e-05
 Reference value :  7.66209e-05
 Reference value :  7.67801e-05
 Reference value :  7.69503e-05
 Reference value :  7.71102e-05
 Reference value :  7.72607e-05
 Reference value :  7.74303e-05
 Reference value :  7.76101e-05
 Reference value :  7.77619e-05
 Reference value :  7.79202e-05
 Reference value :  7.80705e-05
 Reference value :  7.82205e-05
 Reference value :  7.83709e-05
 Reference value :  7.85404e-05
 Reference value :  7.86903e-05
 Reference value :  7.88402e-05
 Reference value :  7.89902e-05
 Reference value :  7.91401e-05
 Reference value :  7.92903e-05
 Reference value :  7.94504e-05
 Reference value :  7.96200e-05
 Reference value :  7.97700e-05
 Reference value :  7.99202e-05
No. of Data Rows : 507784
t_flip              =  3.01513e-05
vos_v               =  -9.84868e-03
m_dut_vos = -9.848680000e-03
Note: Simulation executed from .control section 

Warning: m=xx on .subckt line will override multiplier m hierarchy!

