
Note: Compatibility modes selected: hs a


Circuit: * comparator-kickback @ ff_125c_3.30v -- generated by sim/harness, do not edit

Doing analysis at TEMP = 125.000000 and TNOM = 27.000000

Using SPARSE 1.3 as Direct Linear Solver

Initial Transient Solution
--------------------------

Node                                   Voltage
----                                   -------
vdd                                        3.3
cm                                        1.65
clk                                          0
sa                                  -0.0169781
asp                                    1.64151
asn                                    1.65849
apa                                    1.64151
ana                                    1.65849
ibna                                  0.862347
xa.xlayout_dut.sp__t2              4.48668e-08
xa.xlayout_dut.qp__t6                      3.3
xa.xlayout_dut.vss__t17            2.97984e-10
xa.xlayout_dut.vss__t2             3.31201e-18
xa.xlayout_dut.dout__t3                1.63963
xa.xlayout_dut.sp__t3              4.55313e-08
xa.xlayout_dut.vss__t25             1.0783e-09
xa.xlayout_dut.vss__t3             2.09907e-11
xa.xlayout_dut.dout__t2                1.63136
xa.xlayout_dut.doutb__t0               1.64334
xa.xlayout_dut.vss__t24             0.00235429
xa.xlayout_dut.vss__t4             2.21754e-11
xa.xlayout_dut.ibias__t0              0.861069
xa.xlayout_dut.ibias__t1              0.862347
xa.xlayout_dut.vss__t20            0.000254896
xa.xlayout_dut.vss__t8             3.47751e-11
xa.xlayout_dut.sn__t2              4.48662e-08
xa.xlayout_dut.qn__t6                      3.3
xa.xlayout_dut.vss__t23             2.9743e-10
xa.xlayout_dut.vss__t5             3.30577e-18
xa.xlayout_dut.doutb__t1               1.64334
xa.xlayout_dut.sn__t3               4.5874e-08
xa.xlayout_dut.vss__t22            1.07738e-09
xa.xlayout_dut.vss__t6             2.10046e-11
xa.xlayout_dut.doutb__t4               1.63585
xa.xlayout_dut.dout__t4                1.63963
xa.xlayout_dut.vss__t21             0.00234038
xa.xlayout_dut.vss__t7             2.22016e-11
xa.xlayout_dut.qn__t4                      3.3
xa.xlayout_dut.qp__t0                      3.3
xa.xlayout_dut.mn__t0                      3.3
xa.xlayout_dut.vss__t9             5.10372e-11
xa.xlayout_dut.mn__t1                      3.3
xa.xlayout_dut.aop__t2                 2.27421
xa.xlayout_dut.ltail__t0               1.92802
xa.xlayout_dut.vss__t11            4.04125e-11
xa.xlayout_dut.atail__t0              0.850209
xa.xlayout_dut.ibias__t2              0.862347
xa.xlayout_dut.vss__t19            0.000493877
xa.xlayout_dut.vss__t13            4.42475e-11
xa.xlayout_dut.qp__t1                      3.3
xa.xlayout_dut.qn__t5                      3.3
xa.xlayout_dut.mp__t2                      3.3
xa.xlayout_dut.vss__t10            5.11291e-11
xa.xlayout_dut.ltail__t1               1.92802
xa.xlayout_dut.clk__t2                       0
xa.xlayout_dut.vss__t18             4.0095e-09
xa.xlayout_dut.vss__t14            1.87571e-11
xa.xlayout_dut.mp__t1                      3.3
xa.xlayout_dut.aon__t0                 2.46435
xa.xlayout_dut.ltail__t2               1.92802
xa.xlayout_dut.vss__t12            4.08199e-11
xa.xlayout_dut.aon__t1                 2.46362
xa.xlayout_dut.vinp__t0                1.64151
xa.xlayout_dut.atail__t1              0.850801
xa.xlayout_dut.vss__t15            1.88065e-09
xa.xlayout_dut.aop__t1                 2.27283
xa.xlayout_dut.vinn__t0                1.65849
xa.xlayout_dut.atail__t2              0.851081
xa.xlayout_dut.vss__t16            3.73775e-10
xa.xlayout_dut.mn__t2                      3.3
xa.xlayout_dut.clk__t0                       0
xa.xlayout_dut.vdd__t0                     3.3
xa.xlayout_dut.vdd__t1                     3.3
xa.xlayout_dut.qn__t1                      3.3
xa.xlayout_dut.clk__t1                       0
xa.xlayout_dut.vdd__t2                     3.3
xa.xlayout_dut.vdd__t3                     3.3
xa.xlayout_dut.sp__t0              4.69872e-08
xa.xlayout_dut.qp__t2                      3.3
xa.xlayout_dut.vdd__t4                     3.3
xa.xlayout_dut.vdd__t5                     3.3
xa.xlayout_dut.mp__t0                      3.3
xa.xlayout_dut.clk__t4                       0
xa.xlayout_dut.vdd__t21                    3.3
xa.xlayout_dut.vdd__t20                    3.3
xa.xlayout_dut.qn__t0                      3.3
xa.xlayout_dut.qp__t3                      3.3
xa.xlayout_dut.vdd__t6                     3.3
xa.xlayout_dut.vdd__t7                     3.3
xa.xlayout_dut.qp__t4                      3.3
xa.xlayout_dut.clk__t3                       0
xa.xlayout_dut.vdd__t19                    3.3
xa.xlayout_dut.vdd__t18                    3.3
xa.xlayout_dut.na__t1                  3.12526
xa.xlayout_dut.sp__t1              4.55313e-08
xa.xlayout_dut.vdd__t23                3.29681
xa.xlayout_dut.vdd__t8                     3.3
xa.xlayout_dut.dout__t0                1.64571
xa.xlayout_dut.doutb__t2               1.64334
xa.xlayout_dut.na__t0                   3.1223
xa.xlayout_dut.vdd__t13                    3.3
xa.xlayout_dut.sn__t0              4.74574e-08
xa.xlayout_dut.qn__t3                      3.3
xa.xlayout_dut.vdd__t17                    3.3
xa.xlayout_dut.vdd__t16                    3.3
xa.xlayout_dut.qp__t5                      3.3
xa.xlayout_dut.qn__t2                      3.3
xa.xlayout_dut.vdd__t15                    3.3
xa.xlayout_dut.vdd__t14                    3.3
xa.xlayout_dut.nb__t1                  3.12583
xa.xlayout_dut.sn__t1               4.5874e-08
xa.xlayout_dut.vdd__t22                3.29656
xa.xlayout_dut.vdd__t12                    3.3
xa.xlayout_dut.doutb__t3               1.65964
xa.xlayout_dut.dout__t1                1.63963
xa.xlayout_dut.nb__t0                  3.11821
xa.xlayout_dut.vdd__t11                    3.3
xa.xlayout_dut.aon__t2                 2.46464
xa.xlayout_dut.x$28.11                 2.46514
xa.xlayout_dut.vss__t0                       0
xa.xlayout_dut.x$28.21                 3.29834
xa.xlayout_dut.vdd__t10                3.29884
xa.xlayout_dut.aop__t0                 2.27459
xa.xlayout_dut.x$29.11                 2.27521
xa.xlayout_dut.vss__t1                       0
xa.xlayout_dut.x$29.21                 3.29882
xa.xlayout_dut.vdd__t9                 3.29944
xa.xlayout_dut.aon                     2.46435
vsubs                                        0
xa.xlayout_dut.aop                     2.27421
xa.xlayout_dut.atail                  0.850705
douta                                  1.63963
doutba                                 1.64334
xa.xlayout_dut.ltail                   1.92802
xa.xlayout_dut.mn                          3.3
xa.xlayout_dut.mp                          3.3
xa.xlayout_dut.na                      3.12378
xa.xlayout_dut.nb                      3.12202
xa.xlayout_dut.qn                          3.3
xa.xlayout_dut.qp                          3.3
xa.xlayout_dut.sn                   4.5874e-08
xa.xlayout_dut.sp                  4.55313e-08
sb                                  -0.0169781
bsp                                    1.64151
bsn                                    1.65849
bpp                                    1.64151
bpn                                    1.65849
ibnb                                  0.862347
xb.xlayout_dut.sp__t2              4.48668e-08
xb.xlayout_dut.qp__t6                      3.3
xb.xlayout_dut.vss__t17            2.97984e-10
xb.xlayout_dut.vss__t2             3.31201e-18
xb.xlayout_dut.dout__t3                1.63963
xb.xlayout_dut.sp__t3              4.55313e-08
xb.xlayout_dut.vss__t25             1.0783e-09
xb.xlayout_dut.vss__t3             2.09907e-11
xb.xlayout_dut.dout__t2                1.63136
xb.xlayout_dut.doutb__t0               1.64334
xb.xlayout_dut.vss__t24             0.00235429
xb.xlayout_dut.vss__t4             2.21754e-11
xb.xlayout_dut.ibias__t0              0.861069
xb.xlayout_dut.ibias__t1              0.862347
xb.xlayout_dut.vss__t20            0.000254896
xb.xlayout_dut.vss__t8             3.47751e-11
xb.xlayout_dut.sn__t2              4.48662e-08
xb.xlayout_dut.qn__t6                      3.3
xb.xlayout_dut.vss__t23             2.9743e-10
xb.xlayout_dut.vss__t5             3.30577e-18
xb.xlayout_dut.doutb__t1               1.64334
xb.xlayout_dut.sn__t3               4.5874e-08
xb.xlayout_dut.vss__t22            1.07738e-09
xb.xlayout_dut.vss__t6             2.10046e-11
xb.xlayout_dut.doutb__t4               1.63585
xb.xlayout_dut.dout__t4                1.63963
xb.xlayout_dut.vss__t21             0.00234038
xb.xlayout_dut.vss__t7             2.22016e-11
xb.xlayout_dut.qn__t4                      3.3
xb.xlayout_dut.qp__t0                      3.3
xb.xlayout_dut.mn__t0                      3.3
xb.xlayout_dut.vss__t9             5.10372e-11
xb.xlayout_dut.mn__t1                      3.3
xb.xlayout_dut.aop__t2                 2.27421
xb.xlayout_dut.ltail__t0               1.92802
xb.xlayout_dut.vss__t11            4.04125e-11
xb.xlayout_dut.atail__t0              0.850209
xb.xlayout_dut.ibias__t2              0.862347
xb.xlayout_dut.vss__t19            0.000493877
xb.xlayout_dut.vss__t13            4.42475e-11
xb.xlayout_dut.qp__t1                      3.3
xb.xlayout_dut.qn__t5                      3.3
xb.xlayout_dut.mp__t2                      3.3
xb.xlayout_dut.vss__t10            5.11291e-11
xb.xlayout_dut.ltail__t1               1.92802
xb.xlayout_dut.clk__t2                       0
xb.xlayout_dut.vss__t18             4.0095e-09
xb.xlayout_dut.vss__t14            1.87571e-11
xb.xlayout_dut.mp__t1                      3.3
xb.xlayout_dut.aon__t0                 2.46435
xb.xlayout_dut.ltail__t2               1.92802
xb.xlayout_dut.vss__t12            4.08199e-11
xb.xlayout_dut.aon__t1                 2.46362
xb.xlayout_dut.vinp__t0                1.64151
xb.xlayout_dut.atail__t1              0.850801
xb.xlayout_dut.vss__t15            1.88013e-09
xb.xlayout_dut.aop__t1                 2.27283
xb.xlayout_dut.vinn__t0                1.65849
xb.xlayout_dut.atail__t2              0.851081
xb.xlayout_dut.vss__t16            3.73648e-10
xb.xlayout_dut.mn__t2                      3.3
xb.xlayout_dut.clk__t0                       0
xb.xlayout_dut.vdd__t0                     3.3
xb.xlayout_dut.vdd__t1                     3.3
xb.xlayout_dut.qn__t1                      3.3
xb.xlayout_dut.clk__t1                       0
xb.xlayout_dut.vdd__t2                     3.3
xb.xlayout_dut.vdd__t3                     3.3
xb.xlayout_dut.sp__t0              4.69872e-08
xb.xlayout_dut.qp__t2                      3.3
xb.xlayout_dut.vdd__t4                     3.3
xb.xlayout_dut.vdd__t5                     3.3
xb.xlayout_dut.mp__t0                      3.3
xb.xlayout_dut.clk__t4                       0
xb.xlayout_dut.vdd__t21                    3.3
xb.xlayout_dut.vdd__t20                    3.3
xb.xlayout_dut.qn__t0                      3.3
xb.xlayout_dut.qp__t3                      3.3
xb.xlayout_dut.vdd__t6                     3.3
xb.xlayout_dut.vdd__t7                     3.3
xb.xlayout_dut.qp__t4                      3.3
xb.xlayout_dut.clk__t3                       0
xb.xlayout_dut.vdd__t19                    3.3
xb.xlayout_dut.vdd__t18                    3.3
xb.xlayout_dut.na__t1                  3.12526
xb.xlayout_dut.sp__t1              4.55313e-08
xb.xlayout_dut.vdd__t23                3.29681
xb.xlayout_dut.vdd__t8                     3.3
xb.xlayout_dut.dout__t0                1.64571
xb.xlayout_dut.doutb__t2               1.64334
xb.xlayout_dut.na__t0                   3.1223
xb.xlayout_dut.vdd__t13                    3.3
xb.xlayout_dut.sn__t0              4.74574e-08
xb.xlayout_dut.qn__t3                      3.3
xb.xlayout_dut.vdd__t17                    3.3
xb.xlayout_dut.vdd__t16                    3.3
xb.xlayout_dut.qp__t5                      3.3
xb.xlayout_dut.qn__t2                      3.3
xb.xlayout_dut.vdd__t15                    3.3
xb.xlayout_dut.vdd__t14                    3.3
xb.xlayout_dut.nb__t1                  3.12583
xb.xlayout_dut.sn__t1               4.5874e-08
xb.xlayout_dut.vdd__t22                3.29656
xb.xlayout_dut.vdd__t12                    3.3
xb.xlayout_dut.doutb__t3               1.65964
xb.xlayout_dut.dout__t1                1.63963
xb.xlayout_dut.nb__t0                  3.11821
xb.xlayout_dut.vdd__t11                    3.3
xb.xlayout_dut.aon__t2                 2.46464
xb.xlayout_dut.x$28.11                 2.46514
xb.xlayout_dut.vss__t0                       0
xb.xlayout_dut.x$28.21                 3.29834
xb.xlayout_dut.vdd__t10                3.29884
xb.xlayout_dut.aop__t0                 2.27459
xb.xlayout_dut.x$29.11                 2.27521
xb.xlayout_dut.vss__t1                       0
xb.xlayout_dut.x$29.21                 3.29882
xb.xlayout_dut.vdd__t9                 3.29944
xb.xlayout_dut.aon                     2.46435
xb.xlayout_dut.aop                     2.27421
xb.xlayout_dut.atail                  0.850705
doutb                                  1.63963
doutbb                                 1.64334
xb.xlayout_dut.ltail                   1.92802
xb.xlayout_dut.mn                          3.3
xb.xlayout_dut.mp                          3.3
xb.xlayout_dut.na                      3.12378
xb.xlayout_dut.nb                      3.12202
xb.xlayout_dut.qn                          3.3
xb.xlayout_dut.qp                          3.3
xb.xlayout_dut.sn                   4.5874e-08
xb.xlayout_dut.sp                  4.55313e-08
sc                                    0.082022
csp                                    1.69101
csn                                    1.60899
cpp                                    1.69101
cpn                                    1.60899
ibnc                                  0.862347
xc.xlayout_dut.sp__t2              4.48668e-08
xc.xlayout_dut.qp__t6                      3.3
xc.xlayout_dut.vss__t17            2.97984e-10
xc.xlayout_dut.vss__t2             3.31201e-18
xc.xlayout_dut.dout__t3                1.63963
xc.xlayout_dut.sp__t3              4.55313e-08
xc.xlayout_dut.vss__t25             1.0783e-09
xc.xlayout_dut.vss__t3             2.09907e-11
xc.xlayout_dut.dout__t2                1.63136
xc.xlayout_dut.doutb__t0               1.64334
xc.xlayout_dut.vss__t24             0.00235429
xc.xlayout_dut.vss__t4             2.21754e-11
xc.xlayout_dut.ibias__t0              0.861069
xc.xlayout_dut.ibias__t1              0.862347
xc.xlayout_dut.vss__t20            0.000254896
xc.xlayout_dut.vss__t8             3.47751e-11
xc.xlayout_dut.sn__t2              4.48662e-08
xc.xlayout_dut.qn__t6                      3.3
xc.xlayout_dut.vss__t23             2.9743e-10
xc.xlayout_dut.vss__t5             3.30577e-18
xc.xlayout_dut.doutb__t1               1.64334
xc.xlayout_dut.sn__t3               4.5874e-08
xc.xlayout_dut.vss__t22            1.07738e-09
xc.xlayout_dut.vss__t6             2.10046e-11
xc.xlayout_dut.doutb__t4               1.63585
xc.xlayout_dut.dout__t4                1.63963
xc.xlayout_dut.vss__t21             0.00234038
xc.xlayout_dut.vss__t7             2.22016e-11
xc.xlayout_dut.qn__t4                      3.3
xc.xlayout_dut.qp__t0                      3.3
xc.xlayout_dut.mn__t0                      3.3
xc.xlayout_dut.vss__t9             5.10372e-11
xc.xlayout_dut.mn__t1                      3.3
xc.xlayout_dut.aop__t2                 2.81517
xc.xlayout_dut.ltail__t0                2.2216
xc.xlayout_dut.vss__t11            4.21682e-11
xc.xlayout_dut.atail__t0              0.855802
xc.xlayout_dut.ibias__t2              0.862347
xc.xlayout_dut.vss__t19            0.000493902
xc.xlayout_dut.vss__t13            4.43846e-11
xc.xlayout_dut.qp__t1                      3.3
xc.xlayout_dut.qn__t5                      3.3
xc.xlayout_dut.mp__t2                      3.3
xc.xlayout_dut.vss__t10            5.11291e-11
xc.xlayout_dut.ltail__t1                2.2216
xc.xlayout_dut.clk__t2                       0
xc.xlayout_dut.vss__t18            4.15132e-09
xc.xlayout_dut.vss__t14             2.2137e-11
xc.xlayout_dut.mp__t1                      3.3
xc.xlayout_dut.aon__t0                 1.92276
xc.xlayout_dut.ltail__t2                2.2216
xc.xlayout_dut.vss__t12             4.2591e-11
xc.xlayout_dut.aon__t1                 1.92156
xc.xlayout_dut.vinp__t0                1.69101
xc.xlayout_dut.atail__t1              0.856455
xc.xlayout_dut.vss__t15            1.94133e-10
xc.xlayout_dut.aop__t1                 2.81452
xc.xlayout_dut.vinn__t0                1.60899
xc.xlayout_dut.atail__t2              0.856476
xc.xlayout_dut.vss__t16            2.51477e-08
xc.xlayout_dut.mn__t2                      3.3
xc.xlayout_dut.clk__t0                       0
xc.xlayout_dut.vdd__t0                     3.3
xc.xlayout_dut.vdd__t1                     3.3
xc.xlayout_dut.qn__t1                      3.3
xc.xlayout_dut.clk__t1                       0
xc.xlayout_dut.vdd__t2                     3.3
xc.xlayout_dut.vdd__t3                     3.3
xc.xlayout_dut.sp__t0              4.69872e-08
xc.xlayout_dut.qp__t2                      3.3
xc.xlayout_dut.vdd__t4                     3.3
xc.xlayout_dut.vdd__t5                     3.3
xc.xlayout_dut.mp__t0                      3.3
xc.xlayout_dut.clk__t4                       0
xc.xlayout_dut.vdd__t21                    3.3
xc.xlayout_dut.vdd__t20                    3.3
xc.xlayout_dut.qn__t0                      3.3
xc.xlayout_dut.qp__t3                      3.3
xc.xlayout_dut.vdd__t6                     3.3
xc.xlayout_dut.vdd__t7                     3.3
xc.xlayout_dut.qp__t4                      3.3
xc.xlayout_dut.clk__t3                       0
xc.xlayout_dut.vdd__t19                    3.3
xc.xlayout_dut.vdd__t18                    3.3
xc.xlayout_dut.na__t1                  3.12526
xc.xlayout_dut.sp__t1              4.55313e-08
xc.xlayout_dut.vdd__t23                3.29681
xc.xlayout_dut.vdd__t8                     3.3
xc.xlayout_dut.dout__t0                1.64571
xc.xlayout_dut.doutb__t2               1.64334
xc.xlayout_dut.na__t0                   3.1223
xc.xlayout_dut.vdd__t13                    3.3
xc.xlayout_dut.sn__t0              4.74574e-08
xc.xlayout_dut.qn__t3                      3.3
xc.xlayout_dut.vdd__t17                    3.3
xc.xlayout_dut.vdd__t16                    3.3
xc.xlayout_dut.qp__t5                      3.3
xc.xlayout_dut.qn__t2                      3.3
xc.xlayout_dut.vdd__t15                    3.3
xc.xlayout_dut.vdd__t14                    3.3
xc.xlayout_dut.nb__t1                  3.12583
xc.xlayout_dut.sn__t1               4.5874e-08
xc.xlayout_dut.vdd__t22                3.29656
xc.xlayout_dut.vdd__t12                    3.3
xc.xlayout_dut.doutb__t3               1.65964
xc.xlayout_dut.dout__t1                1.63963
xc.xlayout_dut.nb__t0                  3.11821
xc.xlayout_dut.vdd__t11                    3.3
xc.xlayout_dut.aon__t2                 1.92324
xc.xlayout_dut.x$28.11                 1.92408
xc.xlayout_dut.vss__t0                       0
xc.xlayout_dut.x$28.21                 3.29726
xc.xlayout_dut.vdd__t10                3.29809
xc.xlayout_dut.aop__t0                 2.81535
xc.xlayout_dut.x$29.11                 2.81565
xc.xlayout_dut.vss__t1                       0
xc.xlayout_dut.x$29.21                 3.29944
xc.xlayout_dut.vdd__t9                 3.29973
xc.xlayout_dut.aon                     1.92276
xc.xlayout_dut.aop                     2.81517
xc.xlayout_dut.atail                  0.856298
doutc                                  1.63963
doutbc                                 1.64334
xc.xlayout_dut.ltail                    2.2216
xc.xlayout_dut.mn                          3.3
xc.xlayout_dut.mp                          3.3
xc.xlayout_dut.na                      3.12378
xc.xlayout_dut.nb                      3.12202
xc.xlayout_dut.qn                          3.3
xc.xlayout_dut.qp                          3.3
xc.xlayout_dut.sn                   4.5874e-08
xc.xlayout_dut.sp                  4.55313e-08
ad                                -2.22045e-15
bd                                  -0.0169781
cd                                    0.082022
bc                                  2.7682e-10
dan                                   0.496859
dbn                                   0.496859
dcn                                   0.496859
bdcn#branch                                  0
bdbn#branch                                  0
bdan#branch                                  0
bbc#branch                                   0
bcd#branch                                   0
bbd#branch                                   0
bad#branch                                   0
ecsn#branch                        2.69939e-19
ecsp#branch                          2.837e-19
ebsn#branch                        2.78244e-19
ebsp#branch                        2.75396e-19
easn#branch                       -2.09572e-18
easp#branch                       -2.20362e-18
vsc#branch                                   0
vsb#branch                                   0
vsa#branch                                   0
vclk#branch                                  0
vcm#branch                        -3.19206e-18
vsup#branch                        -0.00128728

 Reference value :  3.96400e-10
 Reference value :  3.28140e-09
 Reference value :  6.17140e-09
 Reference value :  8.88640e-09
 Reference value :  1.16064e-08
 Reference value :  1.43864e-08
 Reference value :  1.71564e-08
 Reference value :  1.99164e-08
 Reference value :  2.27714e-08
 Reference value :  2.55364e-08
 Reference value :  2.83414e-08
 Reference value :  3.07209e-08
 Reference value :  3.36559e-08
 Reference value :  3.64759e-08
 Reference value :  3.93959e-08
 Reference value :  4.24356e-08
 Reference value :  4.51456e-08
 Reference value :  4.79406e-08
 Reference value :  5.08756e-08
 Reference value :  5.34806e-08
 Reference value :  5.62556e-08
 Reference value :  5.90956e-08
No. of Data Rows : 12042
ad_pos              =  9.09210e-03 at=  4.05356e-08
ad_neg              =  -1.15250e-02 at=  3.03009e-08
ap0                 =  1.64151e+00
apmax               =  1.65060e+00 at=  4.05356e-08
apmin               =  1.62999e+00 at=  3.03009e-08
bd0                 =  -1.69780e-02
bd1                 =  -1.69781e-02
cd0                 =  8.20222e-02
cd1                 =  8.19868e-02
bc0                 =  -6.93084e-06
bc1                 =  1.01806e-04
bp0                 =  1.64150e+00
bn0                 =  1.65848e+00
bp1                 =  1.64161e+00
bn1                 =  1.65859e+00
da_end              =  9.99989e-01
db_end              =  9.99989e-01
dc_end              =  9.99989e-01
m_kick_1k_peak_mv = 1.1524980000e+01
m_kick_1k_pos_mv = 9.0920980000e+00
m_kick_1k_neg_mv = -1.152498000e+01
m_kick_1k_raw_mv = 1.1525000000e+01
m_kick_resid_small_nv = -1.000000000e+02
m_kick_resid_big_nv = -3.540000000e+04
m_kick_sigdep_nv = 3.5300000000e+04
m_kick_cm_nv = 1.0873703600e+05
m_kick_resid_raw_uv = 0.0000000000e+00
m_q_resid_small_ac = -1.000000000e-01
m_dout_1k_end = 9.9998930000e-01
m_dout_float_small_end = 9.9998930000e-01
m_dout_float_big_end = 9.9998930000e-01
Note: Simulation executed from .control section 

Warning: m=xx on .subckt line will override multiplier m hierarchy!

Note: Starting dynamic gmin stepping
Note: Dynamic gmin stepping completed
