
Note: Compatibility modes selected: hs a


Circuit: * comparator-kickback-vosprobe @ ff_125c_2.97v -- generated by sim/harness, do not edit

Doing analysis at TEMP = 125.000000 and TNOM = 27.000000

Using SPARSE 1.3 as Direct Linear Solver

Initial Transient Solution
--------------------------

Node                                   Voltage
----                                   -------
vdd                                       2.97
cm                                        1.65
clk                                          0
rmp                                      -0.04
vp                                        1.63
vn                                        1.67
ibn                                   0.862347
xdut.xlayout_dut.sp__t2            4.58857e-08
xdut.xlayout_dut.qp__t6                   2.97
xdut.xlayout_dut.vss__t17          2.86014e-10
xdut.xlayout_dut.vss__t2           3.38586e-18
xdut.xlayout_dut.dout__t3              1.46646
xdut.xlayout_dut.sp__t3            4.65235e-08
xdut.xlayout_dut.vss__t25          1.05453e-09
xdut.xlayout_dut.vss__t3           1.90409e-11
xdut.xlayout_dut.dout__t2              1.46006
xdut.xlayout_dut.doutb__t0             1.46929
xdut.xlayout_dut.vss__t24           0.00182076
xdut.xlayout_dut.vss__t4           2.01082e-11
xdut.xlayout_dut.ibias__t0            0.861069
xdut.xlayout_dut.ibias__t1            0.862347
xdut.xlayout_dut.vss__t20          0.000254896
xdut.xlayout_dut.vss__t8           3.47751e-11
xdut.xlayout_dut.sn__t2            4.58852e-08
xdut.xlayout_dut.qn__t6                   2.97
xdut.xlayout_dut.vss__t23          2.85482e-10
xdut.xlayout_dut.vss__t5           3.37948e-18
xdut.xlayout_dut.doutb__t1             1.46929
xdut.xlayout_dut.sn__t3            4.68525e-08
xdut.xlayout_dut.vss__t22          1.05352e-09
xdut.xlayout_dut.vss__t6           1.90473e-11
xdut.xlayout_dut.doutb__t4              1.4635
xdut.xlayout_dut.dout__t4              1.46646
xdut.xlayout_dut.vss__t21           0.00181067
xdut.xlayout_dut.vss__t7           2.01236e-11
xdut.xlayout_dut.qn__t4                   2.97
xdut.xlayout_dut.qp__t0                   2.97
xdut.xlayout_dut.mn__t0                   2.97
xdut.xlayout_dut.vss__t9           4.67051e-11
xdut.xlayout_dut.mn__t1                   2.97
xdut.xlayout_dut.aop__t2               1.81515
xdut.xlayout_dut.ltail__t0             1.75925
xdut.xlayout_dut.vss__t11          3.74297e-11
xdut.xlayout_dut.atail__t0            0.850898
xdut.xlayout_dut.ibias__t2            0.862347
xdut.xlayout_dut.vss__t19           0.00049388
xdut.xlayout_dut.vss__t13          4.42644e-11
xdut.xlayout_dut.qp__t1                   2.97
xdut.xlayout_dut.qn__t5                   2.97
xdut.xlayout_dut.mp__t2                   2.97
xdut.xlayout_dut.vss__t10          4.67892e-11
xdut.xlayout_dut.ltail__t1             1.75925
xdut.xlayout_dut.clk__t2                     0
xdut.xlayout_dut.vss__t18           3.9284e-09
xdut.xlayout_dut.vss__t14          1.75678e-11
xdut.xlayout_dut.mp__t1                   2.97
xdut.xlayout_dut.aon__t0                2.2635
xdut.xlayout_dut.ltail__t2             1.75925
xdut.xlayout_dut.vss__t12          3.78052e-11
xdut.xlayout_dut.aon__t1               2.26288
xdut.xlayout_dut.vinp__t0                 1.63
xdut.xlayout_dut.atail__t1            0.851475
xdut.xlayout_dut.vss__t15          3.27649e-10
xdut.xlayout_dut.aop__t1               1.81361
xdut.xlayout_dut.vinn__t0                 1.67
xdut.xlayout_dut.atail__t2            0.851818
xdut.xlayout_dut.vss__t16          1.94929e-10
xdut.xlayout_dut.mn__t2                   2.97
xdut.xlayout_dut.clk__t0                     0
xdut.xlayout_dut.vdd__t0                  2.97
xdut.xlayout_dut.vdd__t1                  2.97
xdut.xlayout_dut.qn__t1                   2.97
xdut.xlayout_dut.clk__t1                     0
xdut.xlayout_dut.vdd__t2                  2.97
xdut.xlayout_dut.vdd__t3                  2.97
xdut.xlayout_dut.sp__t0             4.7921e-08
xdut.xlayout_dut.qp__t2                   2.97
xdut.xlayout_dut.vdd__t4                  2.97
xdut.xlayout_dut.vdd__t5                  2.97
xdut.xlayout_dut.mp__t0                   2.97
xdut.xlayout_dut.clk__t4                     0
xdut.xlayout_dut.vdd__t21                 2.97
xdut.xlayout_dut.vdd__t20                 2.97
xdut.xlayout_dut.qn__t0                   2.97
xdut.xlayout_dut.qp__t3                   2.97
xdut.xlayout_dut.vdd__t6                  2.97
xdut.xlayout_dut.vdd__t7                  2.97
xdut.xlayout_dut.qp__t4                   2.97
xdut.xlayout_dut.clk__t3                     0
xdut.xlayout_dut.vdd__t19                 2.97
xdut.xlayout_dut.vdd__t18                 2.97
xdut.xlayout_dut.na__t1                2.82428
xdut.xlayout_dut.sp__t1            4.65235e-08
xdut.xlayout_dut.vdd__t23              2.96753
xdut.xlayout_dut.vdd__t8                  2.97
xdut.xlayout_dut.dout__t0              1.47116
xdut.xlayout_dut.doutb__t2             1.46929
xdut.xlayout_dut.na__t0                2.82198
xdut.xlayout_dut.vdd__t13                 2.97
xdut.xlayout_dut.sn__t0            4.83722e-08
xdut.xlayout_dut.qn__t3                   2.97
xdut.xlayout_dut.vdd__t17                 2.97
xdut.xlayout_dut.vdd__t16                 2.97
xdut.xlayout_dut.qp__t5                   2.97
xdut.xlayout_dut.qn__t2                   2.97
xdut.xlayout_dut.vdd__t15                 2.97
xdut.xlayout_dut.vdd__t14                 2.97
xdut.xlayout_dut.nb__t1                2.82471
xdut.xlayout_dut.sn__t1            4.68525e-08
xdut.xlayout_dut.vdd__t22              2.96734
xdut.xlayout_dut.vdd__t12                 2.97
xdut.xlayout_dut.doutb__t3              1.4819
xdut.xlayout_dut.dout__t1              1.46646
xdut.xlayout_dut.nb__t0                2.81882
xdut.xlayout_dut.vdd__t11                 2.97
xdut.xlayout_dut.aon__t2               2.26375
xdut.xlayout_dut.x$28.11               2.26417
xdut.xlayout_dut.vss__t0                     0
xdut.xlayout_dut.x$28.21                2.9686
xdut.xlayout_dut.vdd__t10              2.96902
xdut.xlayout_dut.aop__t0               1.81559
xdut.xlayout_dut.x$29.11               1.81629
xdut.xlayout_dut.vss__t1                     0
xdut.xlayout_dut.x$29.21               2.96867
xdut.xlayout_dut.vdd__t9               2.96937
xdut.xlayout_dut.aon                    2.2635
vsubs                                        0
xdut.xlayout_dut.aop                   1.81515
xdut.xlayout_dut.atail                0.851395
dout                                   1.46646
doutb                                  1.46929
xdut.xlayout_dut.ltail                 1.75925
xdut.xlayout_dut.mn                       2.97
xdut.xlayout_dut.mp                       2.97
xdut.xlayout_dut.na                    2.82313
xdut.xlayout_dut.nb                    2.82177
xdut.xlayout_dut.qn                       2.97
xdut.xlayout_dut.qp                       2.97
xdut.xlayout_dut.sn                4.68525e-08
xdut.xlayout_dut.sp                4.65235e-08
dn                                    0.493759
bdn#branch                                   0
bnn#branch                         1.17161e-18
bpp#branch                          3.4199e-19
vrmp#branch                                  0
vclk#branch                                  0
vcm#branch                                   0
vsup#branch                       -0.000338744

 Reference value :  9.20501e-08
 Reference value :  2.81110e-07
 Reference value :  4.80503e-07
 Reference value :  6.60101e-07
 Reference value :  8.40094e-07
 Reference value :  1.03098e-06
 Reference value :  1.21686e-06
 Reference value :  1.39127e-06
 Reference value :  1.57057e-06
 Reference value :  1.75020e-06
 Reference value :  1.93010e-06
 Reference value :  2.11180e-06
 Reference value :  2.29079e-06
 Reference value :  2.47020e-06
 Reference value :  2.64062e-06
 Reference value :  2.82008e-06
 Reference value :  3.00010e-06
 Reference value :  3.18063e-06
 Reference value :  3.36099e-06
 Reference value :  3.55013e-06
 Reference value :  3.73019e-06
 Reference value :  3.91389e-06
 Reference value :  4.09141e-06
 Reference value :  4.27088e-06
 Reference value :  4.45013e-06
 Reference value :  4.66100e-06
 Reference value :  4.83256e-06
 Reference value :  5.01523e-06
 Reference value :  5.19050e-06
 Reference value :  5.35387e-06
 Reference value :  5.53172e-06
 Reference value :  5.71107e-06
 Reference value :  5.89057e-06
 Reference value :  6.07019e-06
 Reference value :  6.25026e-06
 Reference value :  6.42204e-06
 Reference value :  6.60026e-06
 Reference value :  6.77096e-06
 Reference value :  6.94375e-06
 Reference value :  7.12088e-06
 Reference value :  7.30021e-06
 Reference value :  7.48116e-06
 Reference value :  7.68000e-06
 Reference value :  7.87088e-06
 Reference value :  8.07010e-06
 Reference value :  8.25008e-06
 Reference value :  8.43005e-06
 Reference value :  8.61005e-06
 Reference value :  8.77119e-06
 Reference value :  8.94254e-06
 Reference value :  9.12058e-06
 Reference value :  9.30093e-06
 Reference value :  9.48045e-06
 Reference value :  9.64105e-06
 Reference value :  9.82020e-06
 Reference value :  1.00002e-05
 Reference value :  1.01801e-05
 Reference value :  1.03603e-05
 Reference value :  1.05405e-05
 Reference value :  1.07205e-05
 Reference value :  1.09140e-05
 Reference value :  1.11005e-05
 Reference value :  1.12904e-05
 Reference value :  1.14701e-05
 Reference value :  1.16502e-05
 Reference value :  1.18802e-05
 Reference value :  1.20702e-05
 Reference value :  1.22711e-05
 Reference value :  1.25101e-05
 Reference value :  1.26902e-05
 Reference value :  1.28701e-05
 Reference value :  1.30602e-05
 Reference value :  1.32496e-05
 Reference value :  1.34401e-05
 Reference value :  1.36201e-05
 Reference value :  1.37812e-05
 Reference value :  1.39603e-05
 Reference value :  1.41339e-05
 Reference value :  1.43201e-05
 Reference value :  1.44902e-05
 Reference value :  1.46601e-05
 Reference value :  1.48307e-05
 Reference value :  1.50301e-05
 Reference value :  1.52102e-05
 Reference value :  1.53902e-05
 Reference value :  1.55802e-05
 Reference value :  1.57602e-05
 Reference value :  1.59309e-05
 Reference value :  1.61207e-05
 Reference value :  1.63002e-05
 Reference value :  1.64702e-05
 Reference value :  1.66508e-05
 Reference value :  1.68402e-05
 Reference value :  1.70103e-05
 Reference value :  1.71709e-05
 Reference value :  1.73501e-05
 Reference value :  1.75220e-05
 Reference value :  1.77001e-05
 Reference value :  1.78810e-05
 Reference value :  1.80708e-05
 Reference value :  1.82407e-05
 Reference value :  1.84201e-05
 Reference value :  1.85810e-05
 Reference value :  1.87609e-05
 Reference value :  1.89413e-05
 Reference value :  1.91510e-05
 Reference value :  1.93313e-05
 Reference value :  1.95110e-05
 Reference value :  1.96908e-05
 Reference value :  1.98709e-05
 Reference value :  2.00511e-05
 Reference value :  2.02308e-05
 Reference value :  2.04147e-05
 Reference value :  2.06100e-05
 Reference value :  2.07902e-05
 Reference value :  2.09675e-05
 Reference value :  2.11309e-05
 Reference value :  2.13111e-05
 Reference value :  2.15101e-05
 Reference value :  2.16901e-05
 Reference value :  2.18703e-05
 Reference value :  2.20480e-05
 Reference value :  2.22110e-05
 Reference value :  2.24202e-05
 Reference value :  2.26010e-05
 Reference value :  2.28000e-05
 Reference value :  2.29802e-05
 Reference value :  2.31601e-05
 Reference value :  2.33449e-05
 Reference value :  2.35201e-05
 Reference value :  2.36808e-05
 Reference value :  2.38601e-05
 Reference value :  2.40316e-05
 Reference value :  2.42228e-05
 Reference value :  2.44210e-05
 Reference value :  2.46301e-05
 Reference value :  2.48104e-05
 Reference value :  2.49711e-05
 Reference value :  2.51507e-05
 Reference value :  2.53310e-05
 Reference value :  2.55102e-05
 Reference value :  2.56808e-05
 Reference value :  2.58601e-05
 Reference value :  2.60405e-05
 Reference value :  2.62202e-05
 Reference value :  2.64006e-05
 Reference value :  2.65801e-05
 Reference value :  2.67702e-05
 Reference value :  2.69812e-05
 Reference value :  2.71609e-05
 Reference value :  2.73401e-05
 Reference value :  2.75201e-05
 Reference value :  2.77001e-05
 Reference value :  2.78725e-05
 Reference value :  2.80611e-05
 Reference value :  2.82614e-05
 Reference value :  2.84701e-05
 Reference value :  2.86614e-05
 Reference value :  2.88601e-05
 Reference value :  2.90217e-05
 Reference value :  2.92011e-05
 Reference value :  2.93806e-05
 Reference value :  2.95605e-05
 Reference value :  2.97309e-05
 Reference value :  2.98913e-05
 Reference value :  3.00701e-05
 Reference value :  3.02512e-05
 Reference value :  3.04501e-05
 Reference value :  3.06111e-05
 Reference value :  3.07913e-05
 Reference value :  3.09907e-05
 Reference value :  3.11703e-05
 Reference value :  3.13505e-05
 Reference value :  3.15301e-05
 Reference value :  3.16913e-05
 Reference value :  3.18701e-05
 Reference value :  3.20437e-05
 Reference value :  3.22306e-05
 Reference value :  3.24110e-05
 Reference value :  3.25911e-05
 Reference value :  3.27702e-05
 Reference value :  3.29424e-05
 Reference value :  3.31201e-05
 Reference value :  3.33103e-05
 Reference value :  3.34906e-05
 Reference value :  3.36702e-05
 Reference value :  3.38502e-05
 Reference value :  3.40307e-05
 Reference value :  3.42105e-05
 Reference value :  3.43901e-05
 Reference value :  3.45681e-05
 Reference value :  3.47965e-05
 Reference value :  3.49613e-05
 Reference value :  3.51402e-05
 Reference value :  3.53201e-05
 Reference value :  3.54909e-05
 Reference value :  3.56707e-05
 Reference value :  3.58502e-05
 Reference value :  3.60405e-05
 Reference value :  3.62401e-05
 Reference value :  3.64202e-05
 Reference value :  3.66009e-05
 Reference value :  3.67813e-05
 Reference value :  3.69601e-05
 Reference value :  3.71401e-05
 Reference value :  3.73200e-05
 Reference value :  3.75001e-05
 Reference value :  3.76801e-05
 Reference value :  3.78413e-05
 Reference value :  3.80203e-05
 Reference value :  3.82201e-05
 Reference value :  3.84004e-05
 Reference value :  3.85801e-05
 Reference value :  3.87604e-05
 Reference value :  3.89230e-05
 Reference value :  3.91007e-05
 Reference value :  3.92810e-05
 Reference value :  3.94601e-05
 Reference value :  3.96310e-05
 Reference value :  3.98202e-05
 Reference value :  4.00013e-05
 Reference value :  4.01812e-05
 Reference value :  4.03611e-05
 Reference value :  4.05410e-05
 Reference value :  4.07204e-05
 Reference value :  4.09010e-05
 Reference value :  4.11004e-05
 Reference value :  4.12916e-05
 Reference value :  4.14711e-05
 Reference value :  4.16525e-05
 Reference value :  4.18501e-05
 Reference value :  4.20301e-05
 Reference value :  4.22106e-05
 Reference value :  4.23901e-05
 Reference value :  4.26102e-05
 Reference value :  4.27902e-05
 Reference value :  4.29614e-05
 Reference value :  4.31502e-05
 Reference value :  4.33221e-05
 Reference value :  4.35109e-05
 Reference value :  4.36952e-05
 Reference value :  4.38902e-05
 Reference value :  4.40701e-05
 Reference value :  4.42525e-05
 Reference value :  4.44401e-05
 Reference value :  4.46202e-05
 Reference value :  4.47906e-05
 Reference value :  4.49708e-05
 Reference value :  4.51608e-05
 Reference value :  4.53321e-05
 Reference value :  4.55110e-05
 Reference value :  4.56901e-05
 Reference value :  4.58810e-05
 Reference value :  4.60620e-05
 Reference value :  4.62603e-05
 Reference value :  4.64413e-05
 Reference value :  4.66303e-05
 Reference value :  4.68101e-05
 Reference value :  4.69901e-05
 Reference value :  4.71613e-05
 Reference value :  4.73405e-05
 Reference value :  4.75201e-05
 Reference value :  4.77001e-05
 Reference value :  4.79100e-05
 Reference value :  4.80855e-05
 Reference value :  4.82703e-05
 Reference value :  4.84501e-05
 Reference value :  4.86121e-05
 Reference value :  4.88102e-05
 Reference value :  4.90011e-05
 Reference value :  4.92001e-05
 Reference value :  4.93801e-05
 Reference value :  4.95600e-05
 Reference value :  4.97502e-05
 Reference value :  4.99208e-05
 Reference value :  5.01101e-05
 Reference value :  5.03247e-05
 Reference value :  5.05307e-05
 Reference value :  5.07005e-05
 Reference value :  5.08803e-05
 Reference value :  5.10605e-05
 Reference value :  5.12403e-05
 Reference value :  5.14202e-05
 Reference value :  5.16102e-05
 Reference value :  5.17820e-05
 Reference value :  5.19837e-05
 Reference value :  5.21701e-05
 Reference value :  5.23501e-05
 Reference value :  5.25302e-05
 Reference value :  5.27102e-05
 Reference value :  5.28901e-05
 Reference value :  5.30504e-05
 Reference value :  5.32205e-05
 Reference value :  5.34044e-05
 Reference value :  5.35808e-05
 Reference value :  5.37702e-05
 Reference value :  5.39502e-05
 Reference value :  5.41209e-05
 Reference value :  5.43002e-05
 Reference value :  5.44610e-05
 Reference value :  5.46403e-05
 Reference value :  5.48105e-05
 Reference value :  5.49902e-05
 Reference value :  5.51509e-05
 Reference value :  5.53304e-05
 Reference value :  5.55003e-05
 Reference value :  5.56802e-05
 Reference value :  5.58605e-05
 Reference value :  5.60413e-05
 Reference value :  5.62202e-05
 Reference value :  5.63879e-05
 Reference value :  5.65803e-05
 Reference value :  5.67602e-05
 Reference value :  5.69401e-05
 Reference value :  5.71201e-05
 Reference value :  5.73301e-05
 Reference value :  5.74902e-05
 Reference value :  5.76602e-05
 Reference value :  5.78400e-05
 Reference value :  5.80011e-05
 Reference value :  5.81810e-05
 Reference value :  5.83801e-05
 Reference value :  5.85415e-05
 Reference value :  5.87201e-05
 Reference value :  5.88914e-05
 Reference value :  5.90701e-05
 Reference value :  5.92502e-05
 Reference value :  5.94300e-05
 Reference value :  5.95901e-05
 Reference value :  5.97616e-05
 Reference value :  5.99401e-05
 Reference value :  6.01202e-05
 Reference value :  6.03101e-05
 Reference value :  6.04812e-05
 Reference value :  6.06901e-05
 Reference value :  6.08701e-05
 Reference value :  6.10314e-05
 Reference value :  6.12115e-05
 Reference value :  6.13913e-05
 Reference value :  6.15706e-05
 Reference value :  6.17700e-05
 Reference value :  6.19500e-05
 Reference value :  6.21110e-05
 Reference value :  6.22908e-05
 Reference value :  6.24902e-05
 Reference value :  6.26701e-05
 Reference value :  6.28501e-05
 Reference value :  6.30413e-05
 Reference value :  6.32406e-05
 Reference value :  6.34203e-05
 Reference value :  6.36003e-05
 Reference value :  6.37806e-05
 Reference value :  6.39722e-05
 Reference value :  6.41648e-05
 Reference value :  6.43619e-05
 Reference value :  6.45604e-05
 Reference value :  6.47401e-05
 Reference value :  6.49019e-05
 Reference value :  6.51000e-05
 Reference value :  6.52620e-05
 Reference value :  6.54413e-05
 Reference value :  6.56403e-05
 Reference value :  6.58202e-05
 Reference value :  6.60101e-05
 Reference value :  6.61808e-05
 Reference value :  6.63619e-05
 Reference value :  6.65405e-05
 Reference value :  6.67209e-05
 Reference value :  6.69101e-05
 Reference value :  6.70805e-05
 Reference value :  6.72609e-05
 Reference value :  6.74521e-05
 Reference value :  6.76501e-05
 Reference value :  6.78304e-05
 Reference value :  6.80210e-05
 Reference value :  6.82012e-05
 Reference value :  6.84002e-05
 Reference value :  6.85801e-05
 Reference value :  6.87458e-05
 Reference value :  6.89202e-05
 Reference value :  6.91024e-05
 Reference value :  6.92744e-05
 Reference value :  6.94503e-05
 Reference value :  6.96305e-05
 Reference value :  6.98107e-05
 Reference value :  7.00015e-05
 Reference value :  7.02001e-05
 Reference value :  7.03801e-05
 Reference value :  7.05600e-05
 Reference value :  7.07401e-05
 Reference value :  7.09202e-05
 Reference value :  7.11001e-05
 Reference value :  7.13105e-05
 Reference value :  7.15201e-05
 Reference value :  7.16900e-05
 Reference value :  7.18612e-05
 Reference value :  7.20407e-05
 Reference value :  7.22208e-05
 Reference value :  7.24201e-05
 Reference value :  7.26002e-05
 Reference value :  7.27802e-05
 Reference value :  7.29609e-05
 Reference value :  7.31506e-05
 Reference value :  7.33219e-05
 Reference value :  7.35101e-05
 Reference value :  7.36907e-05
 Reference value :  7.38707e-05
 Reference value :  7.40405e-05
 Reference value :  7.42201e-05
 Reference value :  7.44102e-05
 Reference value :  7.45901e-05
 Reference value :  7.47805e-05
 Reference value :  7.49801e-05
 Reference value :  7.51509e-05
 Reference value :  7.53319e-05
 Reference value :  7.55102e-05
 Reference value :  7.56902e-05
 Reference value :  7.58702e-05
 Reference value :  7.60500e-05
 Reference value :  7.62302e-05
 Reference value :  7.64101e-05
 Reference value :  7.65730e-05
 Reference value :  7.67702e-05
 Reference value :  7.69412e-05
 Reference value :  7.71302e-05
 Reference value :  7.73115e-05
 Reference value :  7.75001e-05
 Reference value :  7.76704e-05
 Reference value :  7.78601e-05
 Reference value :  7.80411e-05
 Reference value :  7.82209e-05
 Reference value :  7.84201e-05
 Reference value :  7.86413e-05
 Reference value :  7.88211e-05
 Reference value :  7.89902e-05
 Reference value :  7.91705e-05
 Reference value :  7.93501e-05
 Reference value :  7.95305e-05
 Reference value :  7.97308e-05
 Reference value :  7.99219e-05
No. of Data Rows : 438206
t_flip              =  2.55322e-05
vos_v               =  -1.44678e-02
m_dut_vos = -1.446781000e-02
Note: Simulation executed from .control section 

Warning: m=xx on .subckt line will override multiplier m hierarchy!

Note: Starting dynamic gmin stepping
Note: Dynamic gmin stepping completed
