
Note: Compatibility modes selected: hs a


Circuit: * comparator-kickback-vosprobe @ ff_27c_3.30v -- generated by sim/harness, do not edit

Doing analysis at TEMP = 27.000000 and TNOM = 27.000000

Using SPARSE 1.3 as Direct Linear Solver

Initial Transient Solution
--------------------------

Node                                   Voltage
----                                   -------
vdd                                        3.3
cm                                        1.65
clk                                          0
rmp                                      -0.04
vp                                        1.63
vn                                        1.67
ibn                                   0.880116
xdut.xlayout_dut.sp__t2            4.25729e-09
xdut.xlayout_dut.qp__t6                    3.3
xdut.xlayout_dut.vss__t17          3.66618e-11
xdut.xlayout_dut.vss__t2           4.06433e-20
xdut.xlayout_dut.dout__t3              1.61781
xdut.xlayout_dut.sp__t3            4.33904e-09
xdut.xlayout_dut.vss__t25          2.75948e-12
xdut.xlayout_dut.vss__t3           1.81152e-11
xdut.xlayout_dut.dout__t2              1.60845
xdut.xlayout_dut.doutb__t0             1.62194
xdut.xlayout_dut.vss__t24           0.00266361
xdut.xlayout_dut.vss__t4           1.92772e-11
xdut.xlayout_dut.ibias__t0            0.878838
xdut.xlayout_dut.ibias__t1            0.880116
xdut.xlayout_dut.vss__t20          0.000254896
xdut.xlayout_dut.vss__t8           2.24078e-11
xdut.xlayout_dut.sn__t2            4.25722e-09
xdut.xlayout_dut.qn__t6                    3.3
xdut.xlayout_dut.vss__t23          3.65936e-11
xdut.xlayout_dut.vss__t5           4.05663e-20
xdut.xlayout_dut.doutb__t1             1.62194
xdut.xlayout_dut.sn__t3            4.38121e-09
xdut.xlayout_dut.vss__t22          2.75762e-12
xdut.xlayout_dut.vss__t6           1.81373e-11
xdut.xlayout_dut.doutb__t4             1.61348
xdut.xlayout_dut.dout__t4              1.61781
xdut.xlayout_dut.vss__t21           0.00264504
xdut.xlayout_dut.vss__t7           1.93823e-11
xdut.xlayout_dut.qn__t4                    3.3
xdut.xlayout_dut.qp__t0                    3.3
xdut.xlayout_dut.mn__t0                    3.3
xdut.xlayout_dut.vss__t9           4.33209e-11
xdut.xlayout_dut.mn__t1                    3.3
xdut.xlayout_dut.aop__t2               2.00708
xdut.xlayout_dut.ltail__t0             2.00143
xdut.xlayout_dut.vss__t11          3.17043e-11
xdut.xlayout_dut.atail__t0            0.788245
xdut.xlayout_dut.ibias__t2            0.880116
xdut.xlayout_dut.vss__t19           0.00049696
xdut.xlayout_dut.vss__t13          1.93267e-11
xdut.xlayout_dut.qp__t1                    3.3
xdut.xlayout_dut.qn__t5                    3.3
xdut.xlayout_dut.mp__t2                    3.3
xdut.xlayout_dut.vss__t10          4.33989e-11
xdut.xlayout_dut.ltail__t1             2.00143
xdut.xlayout_dut.clk__t2                     0
xdut.xlayout_dut.vss__t18          1.21513e-11
xdut.xlayout_dut.vss__t14          1.08113e-11
xdut.xlayout_dut.mp__t1                    3.3
xdut.xlayout_dut.aon__t0                2.5844
xdut.xlayout_dut.ltail__t2             2.00143
xdut.xlayout_dut.vss__t12          3.20222e-11
xdut.xlayout_dut.aon__t1               2.58382
xdut.xlayout_dut.vinp__t0                 1.63
xdut.xlayout_dut.atail__t1             0.78882
xdut.xlayout_dut.vss__t15          1.09845e-08
xdut.xlayout_dut.aop__t1               2.00547
xdut.xlayout_dut.vinn__t0                 1.67
xdut.xlayout_dut.atail__t2            0.789186
xdut.xlayout_dut.vss__t16           7.7115e-11
xdut.xlayout_dut.mn__t2                    3.3
xdut.xlayout_dut.clk__t0                     0
xdut.xlayout_dut.vdd__t0                   3.3
xdut.xlayout_dut.vdd__t1                   3.3
xdut.xlayout_dut.qn__t1                    3.3
xdut.xlayout_dut.clk__t1                     0
xdut.xlayout_dut.vdd__t2                   3.3
xdut.xlayout_dut.vdd__t3                   3.3
xdut.xlayout_dut.sp__t0            4.51817e-09
xdut.xlayout_dut.qp__t2                    3.3
xdut.xlayout_dut.vdd__t4                   3.3
xdut.xlayout_dut.vdd__t5                   3.3
xdut.xlayout_dut.mp__t0                    3.3
xdut.xlayout_dut.clk__t4                     0
xdut.xlayout_dut.vdd__t21                  3.3
xdut.xlayout_dut.vdd__t20                  3.3
xdut.xlayout_dut.qn__t0                    3.3
xdut.xlayout_dut.qp__t3                    3.3
xdut.xlayout_dut.vdd__t6                   3.3
xdut.xlayout_dut.vdd__t7                   3.3
xdut.xlayout_dut.qp__t4                    3.3
xdut.xlayout_dut.clk__t3                     0
xdut.xlayout_dut.vdd__t19                  3.3
xdut.xlayout_dut.vdd__t18                  3.3
xdut.xlayout_dut.na__t1                3.13969
xdut.xlayout_dut.sp__t1            4.33904e-09
xdut.xlayout_dut.vdd__t23              3.29639
xdut.xlayout_dut.vdd__t8                   3.3
xdut.xlayout_dut.dout__t0              1.62469
xdut.xlayout_dut.doutb__t2             1.62194
xdut.xlayout_dut.na__t0                3.13633
xdut.xlayout_dut.vdd__t13                  3.3
xdut.xlayout_dut.sn__t0            4.57601e-09
xdut.xlayout_dut.qn__t3                    3.3
xdut.xlayout_dut.vdd__t17                  3.3
xdut.xlayout_dut.vdd__t16                  3.3
xdut.xlayout_dut.qp__t5                    3.3
xdut.xlayout_dut.qn__t2                    3.3
xdut.xlayout_dut.vdd__t15                  3.3
xdut.xlayout_dut.vdd__t14                  3.3
xdut.xlayout_dut.nb__t1                3.14033
xdut.xlayout_dut.sn__t1            4.38121e-09
xdut.xlayout_dut.vdd__t22              3.29611
xdut.xlayout_dut.vdd__t12                  3.3
xdut.xlayout_dut.doutb__t3             1.64036
xdut.xlayout_dut.dout__t1              1.61781
xdut.xlayout_dut.nb__t0                3.13172
xdut.xlayout_dut.vdd__t11                  3.3
xdut.xlayout_dut.aon__t2               2.58464
xdut.xlayout_dut.x$28.11               2.58526
xdut.xlayout_dut.vss__t0                     0
xdut.xlayout_dut.x$28.21               3.29845
xdut.xlayout_dut.vdd__t10              3.29908
xdut.xlayout_dut.aop__t0               2.00754
xdut.xlayout_dut.x$29.11               2.00867
xdut.xlayout_dut.vss__t1                     0
xdut.xlayout_dut.x$29.21               3.29821
xdut.xlayout_dut.vdd__t9               3.29934
xdut.xlayout_dut.aon                    2.5844
vsubs                                        0
xdut.xlayout_dut.aop                   2.00708
xdut.xlayout_dut.atail                0.788744
dout                                   1.61781
doutb                                  1.62194
xdut.xlayout_dut.ltail                 2.00143
xdut.xlayout_dut.mn                        3.3
xdut.xlayout_dut.mp                        3.3
xdut.xlayout_dut.na                    3.13801
xdut.xlayout_dut.nb                    3.13602
xdut.xlayout_dut.qn                        3.3
xdut.xlayout_dut.qp                        3.3
xdut.xlayout_dut.sn                4.38121e-09
xdut.xlayout_dut.sp                4.33904e-09
dn                                    0.490246
bdn#branch                                   0
bnn#branch                         1.17161e-18
bpp#branch                          3.4199e-19
vrmp#branch                                  0
vclk#branch                                  0
vcm#branch                                   0
vsup#branch                       -0.000481393

 Reference value :  7.12958e-08
 Reference value :  2.21732e-07
 Reference value :  3.90472e-07
 Reference value :  5.50100e-07
 Reference value :  7.00204e-07
 Reference value :  8.50849e-07
 Reference value :  1.03024e-06
 Reference value :  1.20008e-06
 Reference value :  1.35059e-06
 Reference value :  1.51016e-06
 Reference value :  1.71153e-06
 Reference value :  1.88003e-06
 Reference value :  2.04018e-06
 Reference value :  2.19033e-06
 Reference value :  2.35020e-06
 Reference value :  2.50033e-06
 Reference value :  2.67022e-06
 Reference value :  2.83094e-06
 Reference value :  3.00040e-06
 Reference value :  3.16020e-06
 Reference value :  3.31038e-06
 Reference value :  3.46057e-06
 Reference value :  3.61154e-06
 Reference value :  3.78015e-06
 Reference value :  3.93018e-06
 Reference value :  4.08037e-06
 Reference value :  4.23080e-06
 Reference value :  4.41036e-06
 Reference value :  4.57059e-06
 Reference value :  4.72089e-06
 Reference value :  4.89016e-06
 Reference value :  5.07008e-06
 Reference value :  5.22808e-06
 Reference value :  5.38076e-06
 Reference value :  5.54509e-06
 Reference value :  5.70010e-06
 Reference value :  5.86017e-06
 Reference value :  6.03004e-06
 Reference value :  6.18009e-06
 Reference value :  6.33039e-06
 Reference value :  6.49020e-06
 Reference value :  6.64077e-06
 Reference value :  6.81009e-06
 Reference value :  6.96119e-06
 Reference value :  7.12076e-06
 Reference value :  7.29010e-06
 Reference value :  7.45086e-06
 Reference value :  7.62044e-06
 Reference value :  7.78018e-06
 Reference value :  7.93095e-06
 Reference value :  8.13043e-06
 Reference value :  8.29018e-06
 Reference value :  8.44435e-06
 Reference value :  8.61026e-06
 Reference value :  8.77024e-06
 Reference value :  8.94009e-06
 Reference value :  9.10014e-06
 Reference value :  9.27008e-06
 Reference value :  9.43019e-06
 Reference value :  9.60012e-06
 Reference value :  9.75050e-06
 Reference value :  9.91022e-06
 Reference value :  1.00614e-05
 Reference value :  1.02305e-05
 Reference value :  1.03906e-05
 Reference value :  1.05601e-05
 Reference value :  1.07211e-05
 Reference value :  1.09006e-05
 Reference value :  1.10807e-05
 Reference value :  1.12507e-05
 Reference value :  1.14110e-05
 Reference value :  1.15802e-05
 Reference value :  1.17406e-05
 Reference value :  1.18998e-05
 Reference value :  1.20602e-05
 Reference value :  1.22161e-05
 Reference value :  1.23901e-05
 Reference value :  1.25405e-05
 Reference value :  1.27006e-05
 Reference value :  1.28700e-05
 Reference value :  1.30302e-05
 Reference value :  1.32001e-05
 Reference value :  1.33615e-05
 Reference value :  1.35406e-05
 Reference value :  1.37101e-05
 Reference value :  1.38707e-05
 Reference value :  1.40506e-05
 Reference value :  1.42202e-05
 Reference value :  1.43804e-05
 Reference value :  1.45812e-05
 Reference value :  1.47702e-05
 Reference value :  1.49401e-05
 Reference value :  1.51309e-05
 Reference value :  1.53300e-05
 Reference value :  1.54808e-05
 Reference value :  1.56423e-05
 Reference value :  1.58209e-05
 Reference value :  1.60002e-05
 Reference value :  1.61701e-05
 Reference value :  1.63223e-05
 Reference value :  1.64805e-05
 Reference value :  1.66317e-05
 Reference value :  1.68027e-05
 Reference value :  1.69613e-05
 Reference value :  1.71304e-05
 Reference value :  1.72903e-05
 Reference value :  1.74601e-05
 Reference value :  1.76205e-05
 Reference value :  1.77901e-05
 Reference value :  1.79504e-05
 Reference value :  1.81307e-05
 Reference value :  1.83004e-05
 Reference value :  1.84609e-05
 Reference value :  1.86401e-05
 Reference value :  1.87909e-05
 Reference value :  1.89601e-05
 Reference value :  1.91209e-05
 Reference value :  1.93007e-05
 Reference value :  1.94507e-05
 Reference value :  1.96201e-05
 Reference value :  1.97802e-05
 Reference value :  1.99505e-05
 Reference value :  2.01106e-05
 Reference value :  2.02902e-05
 Reference value :  2.04702e-05
 Reference value :  2.06401e-05
 Reference value :  2.08001e-05
 Reference value :  2.09701e-05
 Reference value :  2.11309e-05
 Reference value :  2.13007e-05
 Reference value :  2.14800e-05
 Reference value :  2.16703e-05
 Reference value :  2.18270e-05
 Reference value :  2.19905e-05
 Reference value :  2.21508e-05
 Reference value :  2.23209e-05
 Reference value :  2.24879e-05
 Reference value :  2.26773e-05
 Reference value :  2.28402e-05
 Reference value :  2.30105e-05
 Reference value :  2.31901e-05
 Reference value :  2.33502e-05
 Reference value :  2.35032e-05
 Reference value :  2.36806e-05
 Reference value :  2.38504e-05
 Reference value :  2.40102e-05
 Reference value :  2.41737e-05
 Reference value :  2.43380e-05
 Reference value :  2.45109e-05
 Reference value :  2.46900e-05
 Reference value :  2.48520e-05
 Reference value :  2.50301e-05
 Reference value :  2.51822e-05
 Reference value :  2.53606e-05
 Reference value :  2.55300e-05
 Reference value :  2.56807e-05
 Reference value :  2.58445e-05
 Reference value :  2.60107e-05
 Reference value :  2.61911e-05
 Reference value :  2.63553e-05
 Reference value :  2.65501e-05
 Reference value :  2.67103e-05
 Reference value :  2.68519e-05
 Reference value :  2.70105e-05
 Reference value :  2.71801e-05
 Reference value :  2.73405e-05
 Reference value :  2.75102e-05
 Reference value :  2.76708e-05
 Reference value :  2.78401e-05
 Reference value :  2.80206e-05
 Reference value :  2.82001e-05
 Reference value :  2.83603e-05
 Reference value :  2.85601e-05
 Reference value :  2.87403e-05
 Reference value :  2.89002e-05
 Reference value :  2.90664e-05
 Reference value :  2.92210e-05
 Reference value :  2.93810e-05
 Reference value :  2.95501e-05
 Reference value :  2.97300e-05
 Reference value :  2.99201e-05
 Reference value :  3.00910e-05
 Reference value :  3.02707e-05
 Reference value :  3.04307e-05
 Reference value :  3.06001e-05
 Reference value :  3.07602e-05
 Reference value :  3.09301e-05
 Reference value :  3.10910e-05
 Reference value :  3.12602e-05
 Reference value :  3.14201e-05
 Reference value :  3.15900e-05
 Reference value :  3.17701e-05
 Reference value :  3.19501e-05
 Reference value :  3.21109e-05
 Reference value :  3.22828e-05
 Reference value :  3.24701e-05
 Reference value :  3.26402e-05
 Reference value :  3.28011e-05
 Reference value :  3.29708e-05
 Reference value :  3.31308e-05
 Reference value :  3.33005e-05
 Reference value :  3.34800e-05
 Reference value :  3.36405e-05
 Reference value :  3.38107e-05
 Reference value :  3.39711e-05
 Reference value :  3.41502e-05
 Reference value :  3.43201e-05
 Reference value :  3.44807e-05
 Reference value :  3.46801e-05
 Reference value :  3.48410e-05
 Reference value :  3.50201e-05
 Reference value :  3.52001e-05
 Reference value :  3.53810e-05
 Reference value :  3.55601e-05
 Reference value :  3.57305e-05
 Reference value :  3.59206e-05
 Reference value :  3.61201e-05
 Reference value :  3.62802e-05
 Reference value :  3.64501e-05
 Reference value :  3.66102e-05
 Reference value :  3.67800e-05
 Reference value :  3.69308e-05
 Reference value :  3.70910e-05
 Reference value :  3.72900e-05
 Reference value :  3.74701e-05
 Reference value :  3.76276e-05
 Reference value :  3.78001e-05
 Reference value :  3.79601e-05
 Reference value :  3.81110e-05
 Reference value :  3.82810e-05
 Reference value :  3.84408e-05
 Reference value :  3.86107e-05
 Reference value :  3.87702e-05
 Reference value :  3.89228e-05
 Reference value :  3.91002e-05
 Reference value :  3.92801e-05
 Reference value :  3.94500e-05
 Reference value :  3.96110e-05
 Reference value :  3.97812e-05
 Reference value :  3.99408e-05
 Reference value :  4.01202e-05
 Reference value :  4.02710e-05
 Reference value :  4.04404e-05
 Reference value :  4.06201e-05
 Reference value :  4.07810e-05
 Reference value :  4.09602e-05
 Reference value :  4.11301e-05
 Reference value :  4.12905e-05
 Reference value :  4.14601e-05
 Reference value :  4.16210e-05
 Reference value :  4.17916e-05
 Reference value :  4.19810e-05
 Reference value :  4.21503e-05
 Reference value :  4.23102e-05
 Reference value :  4.24803e-05
 Reference value :  4.26601e-05
 Reference value :  4.28103e-05
 Reference value :  4.29708e-05
 Reference value :  4.31704e-05
 Reference value :  4.33306e-05
 Reference value :  4.35000e-05
 Reference value :  4.36503e-05
 Reference value :  4.38103e-05
 Reference value :  4.39801e-05
 Reference value :  4.41305e-05
 Reference value :  4.43110e-05
 Reference value :  4.44901e-05
 Reference value :  4.46510e-05
 Reference value :  4.48210e-05
 Reference value :  4.49810e-05
 Reference value :  4.51601e-05
 Reference value :  4.53300e-05
 Reference value :  4.54910e-05
 Reference value :  4.56702e-05
 Reference value :  4.58208e-05
 Reference value :  4.59901e-05
 Reference value :  4.61519e-05
 Reference value :  4.63301e-05
 Reference value :  4.65001e-05
 Reference value :  4.66602e-05
 Reference value :  4.68303e-05
 Reference value :  4.69905e-05
 Reference value :  4.71600e-05
 Reference value :  4.73102e-05
 Reference value :  4.74603e-05
 Reference value :  4.76108e-05
 Reference value :  4.77711e-05
 Reference value :  4.79402e-05
 Reference value :  4.81200e-05
 Reference value :  4.82704e-05
 Reference value :  4.84305e-05
 Reference value :  4.85805e-05
 Reference value :  4.87500e-05
 Reference value :  4.89101e-05
 Reference value :  4.90803e-05
 Reference value :  4.92415e-05
 Reference value :  4.94101e-05
 Reference value :  4.95705e-05
 Reference value :  4.97211e-05
 Reference value :  4.99002e-05
 Reference value :  5.00512e-05
 Reference value :  5.02206e-05
 Reference value :  5.04174e-05
 Reference value :  5.05904e-05
 Reference value :  5.07310e-05
 Reference value :  5.08902e-05
 Reference value :  5.10436e-05
 Reference value :  5.12102e-05
 Reference value :  5.13604e-05
 Reference value :  5.15209e-05
 Reference value :  5.16808e-05
 Reference value :  5.18404e-05
 Reference value :  5.20010e-05
 Reference value :  5.21684e-05
 Reference value :  5.23204e-05
 Reference value :  5.24706e-05
 Reference value :  5.26307e-05
 Reference value :  5.27805e-05
 Reference value :  5.29307e-05
 Reference value :  5.31001e-05
 Reference value :  5.32601e-05
 Reference value :  5.34107e-05
 Reference value :  5.35619e-05
 Reference value :  5.37301e-05
 Reference value :  5.38801e-05
 Reference value :  5.40110e-05
 Reference value :  5.41800e-05
 Reference value :  5.43121e-05
 Reference value :  5.44801e-05
 Reference value :  5.46301e-05
 Reference value :  5.47802e-05
 Reference value :  5.49304e-05
 Reference value :  5.50828e-05
 Reference value :  5.52413e-05
 Reference value :  5.54102e-05
 Reference value :  5.55702e-05
 Reference value :  5.57117e-05
 Reference value :  5.58702e-05
 Reference value :  5.60401e-05
 Reference value :  5.61901e-05
 Reference value :  5.63402e-05
 Reference value :  5.65200e-05
 Reference value :  5.66709e-05
 Reference value :  5.68204e-05
 Reference value :  5.69707e-05
 Reference value :  5.71214e-05
 Reference value :  5.72706e-05
 Reference value :  5.74302e-05
 Reference value :  5.76001e-05
 Reference value :  5.77503e-05
 Reference value :  5.79005e-05
 Reference value :  5.80602e-05
 Reference value :  5.82102e-05
 Reference value :  5.83615e-05
 Reference value :  5.85306e-05
 Reference value :  5.86902e-05
 Reference value :  5.88408e-05
 Reference value :  5.89907e-05
 Reference value :  5.91410e-05
 Reference value :  5.93106e-05
 Reference value :  5.94709e-05
 Reference value :  5.96502e-05
 Reference value :  5.98202e-05
 Reference value :  5.99804e-05
 Reference value :  6.01500e-05
 Reference value :  6.03001e-05
 Reference value :  6.04509e-05
 Reference value :  6.06301e-05
 Reference value :  6.07908e-05
 Reference value :  6.09601e-05
 Reference value :  6.11202e-05
 Reference value :  6.12902e-05
 Reference value :  6.14507e-05
 Reference value :  6.16201e-05
 Reference value :  6.18001e-05
 Reference value :  6.19806e-05
 Reference value :  6.21601e-05
 Reference value :  6.23202e-05
 Reference value :  6.24902e-05
 Reference value :  6.26702e-05
 Reference value :  6.28330e-05
 Reference value :  6.30106e-05
 Reference value :  6.32701e-05
 Reference value :  6.34304e-05
 Reference value :  6.35933e-05
 Reference value :  6.37514e-05
 Reference value :  6.39105e-05
 Reference value :  6.40807e-05
 Reference value :  6.42600e-05
 Reference value :  6.44401e-05
 Reference value :  6.46001e-05
 Reference value :  6.47700e-05
 Reference value :  6.49302e-05
 Reference value :  6.50845e-05
 Reference value :  6.52506e-05
 Reference value :  6.54107e-05
 Reference value :  6.55901e-05
 Reference value :  6.57402e-05
 Reference value :  6.58907e-05
 Reference value :  6.60702e-05
 Reference value :  6.62401e-05
 Reference value :  6.64005e-05
 Reference value :  6.65707e-05
 Reference value :  6.67309e-05
 Reference value :  6.69003e-05
 Reference value :  6.70801e-05
 Reference value :  6.72303e-05
 Reference value :  6.73903e-05
 Reference value :  6.75600e-05
 Reference value :  6.77150e-05
 Reference value :  6.78706e-05
 Reference value :  6.80403e-05
 Reference value :  6.82011e-05
 Reference value :  6.83802e-05
 Reference value :  6.85501e-05
 Reference value :  6.87108e-05
 Reference value :  6.88801e-05
 Reference value :  6.90401e-05
 Reference value :  6.92101e-05
 Reference value :  6.93706e-05
 Reference value :  6.95404e-05
 Reference value :  6.97502e-05
 Reference value :  6.99106e-05
 Reference value :  7.00801e-05
 Reference value :  7.02401e-05
 Reference value :  7.03902e-05
 Reference value :  7.05603e-05
 Reference value :  7.07209e-05
 Reference value :  7.08904e-05
 Reference value :  7.10557e-05
 Reference value :  7.12307e-05
 Reference value :  7.14000e-05
 Reference value :  7.15510e-05
 Reference value :  7.17111e-05
 Reference value :  7.18821e-05
 Reference value :  7.20402e-05
 Reference value :  7.21904e-05
 Reference value :  7.23410e-05
 Reference value :  7.25202e-05
 Reference value :  7.26709e-05
 Reference value :  7.28411e-05
 Reference value :  7.30201e-05
 Reference value :  7.31707e-05
 Reference value :  7.33309e-05
 Reference value :  7.34856e-05
 Reference value :  7.36501e-05
 Reference value :  7.38004e-05
 Reference value :  7.39800e-05
 Reference value :  7.41301e-05
 Reference value :  7.42901e-05
 Reference value :  7.44488e-05
 Reference value :  7.46101e-05
 Reference value :  7.47701e-05
 Reference value :  7.49401e-05
 Reference value :  7.51002e-05
 Reference value :  7.52510e-05
 Reference value :  7.54202e-05
 Reference value :  7.55808e-05
 Reference value :  7.57501e-05
 Reference value :  7.59101e-05
 Reference value :  7.61401e-05
 Reference value :  7.62906e-05
 Reference value :  7.64507e-05
 Reference value :  7.66201e-05
 Reference value :  7.67702e-05
 Reference value :  7.69305e-05
 Reference value :  7.71006e-05
 Reference value :  7.72803e-05
 Reference value :  7.74602e-05
 Reference value :  7.76211e-05
 Reference value :  7.77906e-05
 Reference value :  7.79509e-05
 Reference value :  7.81205e-05
 Reference value :  7.82804e-05
 Reference value :  7.84501e-05
 Reference value :  7.86001e-05
 Reference value :  7.87606e-05
 Reference value :  7.89113e-05
 Reference value :  7.90804e-05
 Reference value :  7.92410e-05
 Reference value :  7.94102e-05
 Reference value :  7.95702e-05
 Reference value :  7.97213e-05
 Reference value :  7.98901e-05
No. of Data Rows : 475919
t_flip              =  2.67916e-05
vos_v               =  -1.32084e-02
m_dut_vos = -1.320838000e-02
Note: Simulation executed from .control section 

Warning: m=xx on .subckt line will override multiplier m hierarchy!

Note: Starting dynamic gmin stepping
Note: Dynamic gmin stepping completed
