
Note: Compatibility modes selected: hs a


Circuit: * comparator-kickback @ ff_27c_3.30v -- generated by sim/harness, do not edit

Doing analysis at TEMP = 27.000000 and TNOM = 27.000000

Using SPARSE 1.3 as Direct Linear Solver

Initial Transient Solution
--------------------------

Node                                   Voltage
----                                   -------
vdd                                        3.3
cm                                        1.65
clk                                          0
sa                                  -0.0122084
asp                                     1.6439
asn                                     1.6561
apa                                     1.6439
ana                                     1.6561
ibna                                  0.880116
xa.xlayout_dut.sp__t2              4.25729e-09
xa.xlayout_dut.qp__t6                      3.3
xa.xlayout_dut.vss__t17            3.66618e-11
xa.xlayout_dut.vss__t2             4.06433e-20
xa.xlayout_dut.dout__t3                1.61781
xa.xlayout_dut.sp__t3              4.33904e-09
xa.xlayout_dut.vss__t25            2.75948e-12
xa.xlayout_dut.vss__t3             1.81152e-11
xa.xlayout_dut.dout__t2                1.60845
xa.xlayout_dut.doutb__t0               1.62194
xa.xlayout_dut.vss__t24             0.00266361
xa.xlayout_dut.vss__t4             1.92772e-11
xa.xlayout_dut.ibias__t0              0.878838
xa.xlayout_dut.ibias__t1              0.880116
xa.xlayout_dut.vss__t20            0.000254896
xa.xlayout_dut.vss__t8             2.24078e-11
xa.xlayout_dut.sn__t2              4.25722e-09
xa.xlayout_dut.qn__t6                      3.3
xa.xlayout_dut.vss__t23            3.65936e-11
xa.xlayout_dut.vss__t5             4.05663e-20
xa.xlayout_dut.doutb__t1               1.62194
xa.xlayout_dut.sn__t3              4.38121e-09
xa.xlayout_dut.vss__t22            2.75762e-12
xa.xlayout_dut.vss__t6             1.81373e-11
xa.xlayout_dut.doutb__t4               1.61348
xa.xlayout_dut.dout__t4                1.61781
xa.xlayout_dut.vss__t21             0.00264504
xa.xlayout_dut.vss__t7             1.93823e-11
xa.xlayout_dut.qn__t4                      3.3
xa.xlayout_dut.qp__t0                      3.3
xa.xlayout_dut.mn__t0                      3.3
xa.xlayout_dut.vss__t9             4.33209e-11
xa.xlayout_dut.mn__t1                      3.3
xa.xlayout_dut.aop__t2                 2.20786
xa.xlayout_dut.ltail__t0               1.83448
xa.xlayout_dut.vss__t11            3.07059e-11
xa.xlayout_dut.atail__t0              0.786794
xa.xlayout_dut.ibias__t2              0.880116
xa.xlayout_dut.vss__t19            0.000496952
xa.xlayout_dut.vss__t13            1.92911e-11
xa.xlayout_dut.qp__t1                      3.3
xa.xlayout_dut.qn__t5                      3.3
xa.xlayout_dut.mp__t2                      3.3
xa.xlayout_dut.vss__t10            4.33989e-11
xa.xlayout_dut.ltail__t1               1.83448
xa.xlayout_dut.clk__t2                       0
xa.xlayout_dut.vss__t18            1.18496e-11
xa.xlayout_dut.vss__t14            9.90827e-12
xa.xlayout_dut.mp__t1                      3.3
xa.xlayout_dut.aon__t0                 2.38354
xa.xlayout_dut.ltail__t2               1.83448
xa.xlayout_dut.vss__t12            3.10138e-11
xa.xlayout_dut.aon__t1                 2.38279
xa.xlayout_dut.vinp__t0                 1.6439
xa.xlayout_dut.atail__t1              0.787391
xa.xlayout_dut.vss__t15            2.03182e-09
xa.xlayout_dut.aop__t1                  2.2065
xa.xlayout_dut.vinn__t0                 1.6561
xa.xlayout_dut.atail__t2              0.787666
xa.xlayout_dut.vss__t16            3.27604e-10
xa.xlayout_dut.mn__t2                      3.3
xa.xlayout_dut.clk__t0                       0
xa.xlayout_dut.vdd__t0                     3.3
xa.xlayout_dut.vdd__t1                     3.3
xa.xlayout_dut.qn__t1                      3.3
xa.xlayout_dut.clk__t1                       0
xa.xlayout_dut.vdd__t2                     3.3
xa.xlayout_dut.vdd__t3                     3.3
xa.xlayout_dut.sp__t0              4.51817e-09
xa.xlayout_dut.qp__t2                      3.3
xa.xlayout_dut.vdd__t4                     3.3
xa.xlayout_dut.vdd__t5                     3.3
xa.xlayout_dut.mp__t0                      3.3
xa.xlayout_dut.clk__t4                       0
xa.xlayout_dut.vdd__t21                    3.3
xa.xlayout_dut.vdd__t20                    3.3
xa.xlayout_dut.qn__t0                      3.3
xa.xlayout_dut.qp__t3                      3.3
xa.xlayout_dut.vdd__t6                     3.3
xa.xlayout_dut.vdd__t7                     3.3
xa.xlayout_dut.qp__t4                      3.3
xa.xlayout_dut.clk__t3                       0
xa.xlayout_dut.vdd__t19                    3.3
xa.xlayout_dut.vdd__t18                    3.3
xa.xlayout_dut.na__t1                  3.13969
xa.xlayout_dut.sp__t1              4.33904e-09
xa.xlayout_dut.vdd__t23                3.29639
xa.xlayout_dut.vdd__t8                     3.3
xa.xlayout_dut.dout__t0                1.62469
xa.xlayout_dut.doutb__t2               1.62194
xa.xlayout_dut.na__t0                  3.13633
xa.xlayout_dut.vdd__t13                    3.3
xa.xlayout_dut.sn__t0              4.57601e-09
xa.xlayout_dut.qn__t3                      3.3
xa.xlayout_dut.vdd__t17                    3.3
xa.xlayout_dut.vdd__t16                    3.3
xa.xlayout_dut.qp__t5                      3.3
xa.xlayout_dut.qn__t2                      3.3
xa.xlayout_dut.vdd__t15                    3.3
xa.xlayout_dut.vdd__t14                    3.3
xa.xlayout_dut.nb__t1                  3.14033
xa.xlayout_dut.sn__t1              4.38121e-09
xa.xlayout_dut.vdd__t22                3.29611
xa.xlayout_dut.vdd__t12                    3.3
xa.xlayout_dut.doutb__t3               1.64036
xa.xlayout_dut.dout__t1                1.61781
xa.xlayout_dut.nb__t0                  3.13172
xa.xlayout_dut.vdd__t11                    3.3
xa.xlayout_dut.aon__t2                 2.38384
xa.xlayout_dut.x$28.11                 2.38464
xa.xlayout_dut.vss__t0                       0
xa.xlayout_dut.x$28.21                 3.29802
xa.xlayout_dut.vdd__t10                3.29882
xa.xlayout_dut.aop__t0                 2.20825
xa.xlayout_dut.x$29.11                  2.2092
xa.xlayout_dut.vss__t1                       0
xa.xlayout_dut.x$29.21                 3.29848
xa.xlayout_dut.vdd__t9                 3.29944
xa.xlayout_dut.aon                     2.38354
vsubs                                        0
xa.xlayout_dut.aop                     2.20786
xa.xlayout_dut.atail                  0.787294
douta                                  1.61781
doutba                                 1.62194
xa.xlayout_dut.ltail                   1.83448
xa.xlayout_dut.mn                          3.3
xa.xlayout_dut.mp                          3.3
xa.xlayout_dut.na                      3.13801
xa.xlayout_dut.nb                      3.13602
xa.xlayout_dut.qn                          3.3
xa.xlayout_dut.qp                          3.3
xa.xlayout_dut.sn                  4.38121e-09
xa.xlayout_dut.sp                  4.33904e-09
sb                                  -0.0122084
bsp                                     1.6439
bsn                                     1.6561
bpp                                     1.6439
bpn                                     1.6561
ibnb                                  0.880116
xb.xlayout_dut.sp__t2              4.25729e-09
xb.xlayout_dut.qp__t6                      3.3
xb.xlayout_dut.vss__t17            3.66618e-11
xb.xlayout_dut.vss__t2             4.06433e-20
xb.xlayout_dut.dout__t3                1.61781
xb.xlayout_dut.sp__t3              4.33904e-09
xb.xlayout_dut.vss__t25            2.75948e-12
xb.xlayout_dut.vss__t3             1.81152e-11
xb.xlayout_dut.dout__t2                1.60845
xb.xlayout_dut.doutb__t0               1.62194
xb.xlayout_dut.vss__t24             0.00266361
xb.xlayout_dut.vss__t4             1.92772e-11
xb.xlayout_dut.ibias__t0              0.878838
xb.xlayout_dut.ibias__t1              0.880116
xb.xlayout_dut.vss__t20            0.000254896
xb.xlayout_dut.vss__t8             2.24078e-11
xb.xlayout_dut.sn__t2              4.25722e-09
xb.xlayout_dut.qn__t6                      3.3
xb.xlayout_dut.vss__t23            3.65936e-11
xb.xlayout_dut.vss__t5             4.05663e-20
xb.xlayout_dut.doutb__t1               1.62194
xb.xlayout_dut.sn__t3              4.38121e-09
xb.xlayout_dut.vss__t22            2.75762e-12
xb.xlayout_dut.vss__t6             1.81373e-11
xb.xlayout_dut.doutb__t4               1.61348
xb.xlayout_dut.dout__t4                1.61781
xb.xlayout_dut.vss__t21             0.00264504
xb.xlayout_dut.vss__t7             1.93823e-11
xb.xlayout_dut.qn__t4                      3.3
xb.xlayout_dut.qp__t0                      3.3
xb.xlayout_dut.mn__t0                      3.3
xb.xlayout_dut.vss__t9             4.33209e-11
xb.xlayout_dut.mn__t1                      3.3
xb.xlayout_dut.aop__t2                 2.20786
xb.xlayout_dut.ltail__t0               1.83448
xb.xlayout_dut.vss__t11            3.07059e-11
xb.xlayout_dut.atail__t0              0.786794
xb.xlayout_dut.ibias__t2              0.880116
xb.xlayout_dut.vss__t19            0.000496952
xb.xlayout_dut.vss__t13            1.92911e-11
xb.xlayout_dut.qp__t1                      3.3
xb.xlayout_dut.qn__t5                      3.3
xb.xlayout_dut.mp__t2                      3.3
xb.xlayout_dut.vss__t10            4.33989e-11
xb.xlayout_dut.ltail__t1               1.83448
xb.xlayout_dut.clk__t2                       0
xb.xlayout_dut.vss__t18            1.18496e-11
xb.xlayout_dut.vss__t14            9.90827e-12
xb.xlayout_dut.mp__t1                      3.3
xb.xlayout_dut.aon__t0                 2.38354
xb.xlayout_dut.ltail__t2               1.83448
xb.xlayout_dut.vss__t12            3.10138e-11
xb.xlayout_dut.aon__t1                 2.38279
xb.xlayout_dut.vinp__t0                 1.6439
xb.xlayout_dut.atail__t1              0.787391
xb.xlayout_dut.vss__t15            2.03182e-09
xb.xlayout_dut.aop__t1                  2.2065
xb.xlayout_dut.vinn__t0                 1.6561
xb.xlayout_dut.atail__t2              0.787666
xb.xlayout_dut.vss__t16            3.27604e-10
xb.xlayout_dut.mn__t2                      3.3
xb.xlayout_dut.clk__t0                       0
xb.xlayout_dut.vdd__t0                     3.3
xb.xlayout_dut.vdd__t1                     3.3
xb.xlayout_dut.qn__t1                      3.3
xb.xlayout_dut.clk__t1                       0
xb.xlayout_dut.vdd__t2                     3.3
xb.xlayout_dut.vdd__t3                     3.3
xb.xlayout_dut.sp__t0              4.51817e-09
xb.xlayout_dut.qp__t2                      3.3
xb.xlayout_dut.vdd__t4                     3.3
xb.xlayout_dut.vdd__t5                     3.3
xb.xlayout_dut.mp__t0                      3.3
xb.xlayout_dut.clk__t4                       0
xb.xlayout_dut.vdd__t21                    3.3
xb.xlayout_dut.vdd__t20                    3.3
xb.xlayout_dut.qn__t0                      3.3
xb.xlayout_dut.qp__t3                      3.3
xb.xlayout_dut.vdd__t6                     3.3
xb.xlayout_dut.vdd__t7                     3.3
xb.xlayout_dut.qp__t4                      3.3
xb.xlayout_dut.clk__t3                       0
xb.xlayout_dut.vdd__t19                    3.3
xb.xlayout_dut.vdd__t18                    3.3
xb.xlayout_dut.na__t1                  3.13969
xb.xlayout_dut.sp__t1              4.33904e-09
xb.xlayout_dut.vdd__t23                3.29639
xb.xlayout_dut.vdd__t8                     3.3
xb.xlayout_dut.dout__t0                1.62469
xb.xlayout_dut.doutb__t2               1.62194
xb.xlayout_dut.na__t0                  3.13633
xb.xlayout_dut.vdd__t13                    3.3
xb.xlayout_dut.sn__t0              4.57601e-09
xb.xlayout_dut.qn__t3                      3.3
xb.xlayout_dut.vdd__t17                    3.3
xb.xlayout_dut.vdd__t16                    3.3
xb.xlayout_dut.qp__t5                      3.3
xb.xlayout_dut.qn__t2                      3.3
xb.xlayout_dut.vdd__t15                    3.3
xb.xlayout_dut.vdd__t14                    3.3
xb.xlayout_dut.nb__t1                  3.14033
xb.xlayout_dut.sn__t1              4.38121e-09
xb.xlayout_dut.vdd__t22                3.29611
xb.xlayout_dut.vdd__t12                    3.3
xb.xlayout_dut.doutb__t3               1.64036
xb.xlayout_dut.dout__t1                1.61781
xb.xlayout_dut.nb__t0                  3.13172
xb.xlayout_dut.vdd__t11                    3.3
xb.xlayout_dut.aon__t2                 2.38384
xb.xlayout_dut.x$28.11                 2.38464
xb.xlayout_dut.vss__t0                       0
xb.xlayout_dut.x$28.21                 3.29802
xb.xlayout_dut.vdd__t10                3.29882
xb.xlayout_dut.aop__t0                 2.20825
xb.xlayout_dut.x$29.11                  2.2092
xb.xlayout_dut.vss__t1                       0
xb.xlayout_dut.x$29.21                 3.29848
xb.xlayout_dut.vdd__t9                 3.29944
xb.xlayout_dut.aon                     2.38354
xb.xlayout_dut.aop                     2.20786
xb.xlayout_dut.atail                  0.787294
doutb                                  1.61781
doutbb                                 1.62194
xb.xlayout_dut.ltail                   1.83448
xb.xlayout_dut.mn                          3.3
xb.xlayout_dut.mp                          3.3
xb.xlayout_dut.na                      3.13801
xb.xlayout_dut.nb                      3.13602
xb.xlayout_dut.qn                          3.3
xb.xlayout_dut.qp                          3.3
xb.xlayout_dut.sn                  4.38121e-09
xb.xlayout_dut.sp                  4.33904e-09
sc                                   0.0867916
csp                                     1.6934
csn                                     1.6066
cpp                                     1.6934
cpn                                     1.6066
ibnc                                  0.880116
xc.xlayout_dut.sp__t2              4.25729e-09
xc.xlayout_dut.qp__t6                      3.3
xc.xlayout_dut.vss__t17            3.66618e-11
xc.xlayout_dut.vss__t2             4.06433e-20
xc.xlayout_dut.dout__t3                1.61781
xc.xlayout_dut.sp__t3              4.33904e-09
xc.xlayout_dut.vss__t25            2.75948e-12
xc.xlayout_dut.vss__t3             1.81152e-11
xc.xlayout_dut.dout__t2                1.60845
xc.xlayout_dut.doutb__t0               1.62194
xc.xlayout_dut.vss__t24             0.00266361
xc.xlayout_dut.vss__t4             1.92772e-11
xc.xlayout_dut.ibias__t0              0.878838
xc.xlayout_dut.ibias__t1              0.880116
xc.xlayout_dut.vss__t20            0.000254896
xc.xlayout_dut.vss__t8             2.24078e-11
xc.xlayout_dut.sn__t2              4.25722e-09
xc.xlayout_dut.qn__t6                      3.3
xc.xlayout_dut.vss__t23            3.65936e-11
xc.xlayout_dut.vss__t5             4.05663e-20
xc.xlayout_dut.doutb__t1               1.62194
xc.xlayout_dut.sn__t3              4.38121e-09
xc.xlayout_dut.vss__t22            2.75762e-12
xc.xlayout_dut.vss__t6             1.81373e-11
xc.xlayout_dut.doutb__t4               1.61348
xc.xlayout_dut.dout__t4                1.61781
xc.xlayout_dut.vss__t21             0.00264504
xc.xlayout_dut.vss__t7             1.93823e-11
xc.xlayout_dut.qn__t4                      3.3
xc.xlayout_dut.qp__t0                      3.3
xc.xlayout_dut.mn__t0                      3.3
xc.xlayout_dut.vss__t9             4.33209e-11
xc.xlayout_dut.mn__t1                      3.3
xc.xlayout_dut.aop__t2                 2.88521
xc.xlayout_dut.ltail__t0               2.25366
xc.xlayout_dut.vss__t11            3.32127e-11
xc.xlayout_dut.atail__t0              0.794516
xc.xlayout_dut.ibias__t2              0.880116
xc.xlayout_dut.vss__t19            0.000496992
xc.xlayout_dut.vss__t13            1.94803e-11
xc.xlayout_dut.qp__t1                      3.3
xc.xlayout_dut.qn__t5                      3.3
xc.xlayout_dut.mp__t2                      3.3
xc.xlayout_dut.vss__t10            4.33989e-11
xc.xlayout_dut.ltail__t1               2.25366
xc.xlayout_dut.clk__t2                       0
xc.xlayout_dut.vss__t18            1.26115e-11
xc.xlayout_dut.vss__t14            1.21799e-11
xc.xlayout_dut.mp__t1                      3.3
xc.xlayout_dut.aon__t0                  1.7053
xc.xlayout_dut.ltail__t2               2.25366
xc.xlayout_dut.vss__t12            3.35457e-11
xc.xlayout_dut.aon__t1                 1.70399
xc.xlayout_dut.vinp__t0                 1.6934
xc.xlayout_dut.atail__t1              0.795186
xc.xlayout_dut.vss__t15            5.91259e-11
xc.xlayout_dut.aop__t1                 2.88469
xc.xlayout_dut.vinn__t0                 1.6066
xc.xlayout_dut.atail__t2              0.795158
xc.xlayout_dut.vss__t16              5.786e-08
xc.xlayout_dut.mn__t2                      3.3
xc.xlayout_dut.clk__t0                       0
xc.xlayout_dut.vdd__t0                     3.3
xc.xlayout_dut.vdd__t1                     3.3
xc.xlayout_dut.qn__t1                      3.3
xc.xlayout_dut.clk__t1                       0
xc.xlayout_dut.vdd__t2                     3.3
xc.xlayout_dut.vdd__t3                     3.3
xc.xlayout_dut.sp__t0              4.51817e-09
xc.xlayout_dut.qp__t2                      3.3
xc.xlayout_dut.vdd__t4                     3.3
xc.xlayout_dut.vdd__t5                     3.3
xc.xlayout_dut.mp__t0                      3.3
xc.xlayout_dut.clk__t4                       0
xc.xlayout_dut.vdd__t21                    3.3
xc.xlayout_dut.vdd__t20                    3.3
xc.xlayout_dut.qn__t0                      3.3
xc.xlayout_dut.qp__t3                      3.3
xc.xlayout_dut.vdd__t6                     3.3
xc.xlayout_dut.vdd__t7                     3.3
xc.xlayout_dut.qp__t4                      3.3
xc.xlayout_dut.clk__t3                       0
xc.xlayout_dut.vdd__t19                    3.3
xc.xlayout_dut.vdd__t18                    3.3
xc.xlayout_dut.na__t1                  3.13969
xc.xlayout_dut.sp__t1              4.33904e-09
xc.xlayout_dut.vdd__t23                3.29639
xc.xlayout_dut.vdd__t8                     3.3
xc.xlayout_dut.dout__t0                1.62469
xc.xlayout_dut.doutb__t2               1.62194
xc.xlayout_dut.na__t0                  3.13633
xc.xlayout_dut.vdd__t13                    3.3
xc.xlayout_dut.sn__t0              4.57601e-09
xc.xlayout_dut.qn__t3                      3.3
xc.xlayout_dut.vdd__t17                    3.3
xc.xlayout_dut.vdd__t16                    3.3
xc.xlayout_dut.qp__t5                      3.3
xc.xlayout_dut.qn__t2                      3.3
xc.xlayout_dut.vdd__t15                    3.3
xc.xlayout_dut.vdd__t14                    3.3
xc.xlayout_dut.nb__t1                  3.14033
xc.xlayout_dut.sn__t1              4.38121e-09
xc.xlayout_dut.vdd__t22                3.29611
xc.xlayout_dut.vdd__t12                    3.3
xc.xlayout_dut.doutb__t3               1.64036
xc.xlayout_dut.dout__t1                1.61781
xc.xlayout_dut.nb__t0                  3.13172
xc.xlayout_dut.vdd__t11                    3.3
xc.xlayout_dut.aon__t2                 1.70582
xc.xlayout_dut.x$28.11                 1.70721
xc.xlayout_dut.vss__t0                       0
xc.xlayout_dut.x$28.21                 3.29655
xc.xlayout_dut.vdd__t10                3.29794
xc.xlayout_dut.aop__t0                 2.88535
xc.xlayout_dut.x$29.11                 2.88572
xc.xlayout_dut.vss__t1                       0
xc.xlayout_dut.x$29.21                 3.29942
xc.xlayout_dut.vdd__t9                 3.29979
xc.xlayout_dut.aon                      1.7053
xc.xlayout_dut.aop                     2.88521
xc.xlayout_dut.atail                  0.795016
doutc                                  1.61781
doutbc                                 1.62194
xc.xlayout_dut.ltail                   2.25366
xc.xlayout_dut.mn                          3.3
xc.xlayout_dut.mp                          3.3
xc.xlayout_dut.na                      3.13801
xc.xlayout_dut.nb                      3.13602
xc.xlayout_dut.qn                          3.3
xc.xlayout_dut.qp                          3.3
xc.xlayout_dut.sn                  4.38121e-09
xc.xlayout_dut.sp                  4.33904e-09
ad                                 -1.9984e-15
bd                                  -0.0122084
cd                                   0.0867916
bc                                  2.7682e-10
dan                                   0.490246
dbn                                   0.490246
dcn                                   0.490246
bdcn#branch                                  0
bdbn#branch                                  0
bdan#branch                                  0
bbc#branch                                   0
bcd#branch                                   0
bbd#branch                                   0
bad#branch                                   0
ecsn#branch                        2.69539e-19
ecsp#branch                          2.841e-19
ebsn#branch                        2.77844e-19
ebsp#branch                        2.75796e-19
easn#branch                       -2.13566e-18
easp#branch                       -1.94683e-18
vsc#branch                                   0
vsb#branch                                   0
vsa#branch                                   0
vclk#branch                                  0
vcm#branch                        -2.97522e-18
vsup#branch                        -0.00144418

 Reference value :  1.91400e-10
 Reference value :  2.88140e-09
 Reference value :  5.54640e-09
 Reference value :  8.41140e-09
 Reference value :  1.11314e-08
 Reference value :  1.38814e-08
 Reference value :  1.67814e-08
 Reference value :  1.95914e-08
 Reference value :  2.23464e-08
 Reference value :  2.50964e-08
 Reference value :  2.79464e-08
 Reference value :  3.03666e-08
 Reference value :  3.30216e-08
 Reference value :  3.62766e-08
 Reference value :  3.90416e-08
 Reference value :  4.15910e-08
 Reference value :  4.44760e-08
 Reference value :  4.72160e-08
 Reference value :  4.99760e-08
 Reference value :  5.28660e-08
 Reference value :  5.56610e-08
 Reference value :  5.84710e-08
No. of Data Rows : 12048
ad_pos              =  9.91716e-03 at=  4.04810e-08
ad_neg              =  -1.21912e-02 at=  3.02766e-08
ap0                 =  1.64390e+00
apmax               =  1.65381e+00 at=  4.04810e-08
apmin               =  1.63170e+00 at=  3.02766e-08
bd0                 =  -1.22085e-02
bd1                 =  -1.22093e-02
cd0                 =  8.67912e-02
cd1                 =  8.67525e-02
bc0                 =  1.01512e-05
bc1                 =  1.15754e-04
bp0                 =  1.64391e+00
bn0                 =  1.65611e+00
bp1                 =  1.64401e+00
bn1                 =  1.65622e+00
da_end              =  9.99992e-01
db_end              =  9.99992e-01
dc_end              =  9.99992e-01
m_kick_1k_peak_mv = 1.2191230000e+01
m_kick_1k_pos_mv = 9.9171620000e+00
m_kick_1k_neg_mv = -1.219123000e+01
m_kick_1k_raw_mv = 1.2191000000e+01
m_kick_resid_small_nv = -8.100000000e+02
m_kick_resid_big_nv = -3.872000000e+04
m_kick_sigdep_nv = 3.7910000000e+04
m_kick_cm_nv = 1.0560314000e+05
m_kick_resid_raw_uv = -1.000000000e+00
m_q_resid_small_ac = -8.100000000e-01
m_dout_1k_end = 9.9999170000e-01
m_dout_float_small_end = 9.9999170000e-01
m_dout_float_big_end = 9.9999170000e-01
Note: Simulation executed from .control section 

Warning: m=xx on .subckt line will override multiplier m hierarchy!

Note: Starting dynamic gmin stepping
Note: Dynamic gmin stepping completed
