
Note: Compatibility modes selected: hs a


Circuit: * comparator-kickback-vosprobe @ fs_-40c_2.97v -- generated by sim/harness, do not edit

Doing analysis at TEMP = -40.000000 and TNOM = 27.000000

Using SPARSE 1.3 as Direct Linear Solver

Initial Transient Solution
--------------------------

Node                                   Voltage
----                                   -------
vdd                                       2.97
cm                                        1.65
clk                                          0
rmp                                      -0.04
vp                                        1.63
vn                                        1.67
ibn                                    0.92481
xdut.xlayout_dut.sp__t2            2.87044e-09
xdut.xlayout_dut.qp__t6                   2.97
xdut.xlayout_dut.vss__t17          2.87117e-11
xdut.xlayout_dut.vss__t2             2.744e-20
xdut.xlayout_dut.dout__t3          3.06524e-09
xdut.xlayout_dut.sp__t3            2.93447e-09
xdut.xlayout_dut.vss__t25           8.8658e-23
xdut.xlayout_dut.vss__t3           3.43225e-20
xdut.xlayout_dut.dout__t2          2.93712e-09
xdut.xlayout_dut.doutb__t0                2.97
xdut.xlayout_dut.vss__t24          3.64603e-11
xdut.xlayout_dut.vss__t4           3.50139e-20
xdut.xlayout_dut.ibias__t0            0.923532
xdut.xlayout_dut.ibias__t1             0.92481
xdut.xlayout_dut.vss__t20          0.000254896
xdut.xlayout_dut.vss__t8           2.35469e-11
xdut.xlayout_dut.sn__t2            2.87039e-09
xdut.xlayout_dut.qn__t6                   2.97
xdut.xlayout_dut.vss__t23          2.86582e-11
xdut.xlayout_dut.vss__t5           2.73879e-20
xdut.xlayout_dut.doutb__t1                2.97
xdut.xlayout_dut.sn__t3             2.9675e-09
xdut.xlayout_dut.vss__t22          1.33486e-15
xdut.xlayout_dut.vss__t6           3.32122e-11
xdut.xlayout_dut.doutb__t4                2.97
xdut.xlayout_dut.dout__t4          3.06524e-09
xdut.xlayout_dut.vss__t21          1.40391e-15
xdut.xlayout_dut.vss__t7           3.49301e-11
xdut.xlayout_dut.qn__t4                   2.97
xdut.xlayout_dut.qp__t0                   2.97
xdut.xlayout_dut.mn__t0                   2.97
xdut.xlayout_dut.vss__t9           3.89888e-11
xdut.xlayout_dut.mn__t1                   2.97
xdut.xlayout_dut.aop__t2               1.16914
xdut.xlayout_dut.ltail__t0             1.41411
xdut.xlayout_dut.vss__t11          2.62184e-11
xdut.xlayout_dut.atail__t0            0.713777
xdut.xlayout_dut.ibias__t2             0.92481
xdut.xlayout_dut.vss__t19          0.000500027
xdut.xlayout_dut.vss__t13          1.75019e-11
xdut.xlayout_dut.qp__t1                   2.97
xdut.xlayout_dut.qn__t5                   2.97
xdut.xlayout_dut.mp__t2                   2.97
xdut.xlayout_dut.vss__t10           3.9059e-11
xdut.xlayout_dut.ltail__t1             1.41411
xdut.xlayout_dut.clk__t2                     0
xdut.xlayout_dut.vss__t18          4.92308e-15
xdut.xlayout_dut.vss__t14          7.63724e-12
xdut.xlayout_dut.mp__t1                   2.97
xdut.xlayout_dut.aon__t0               2.05822
xdut.xlayout_dut.ltail__t2             1.41411
xdut.xlayout_dut.vss__t12          2.64814e-11
xdut.xlayout_dut.aon__t1               2.05766
xdut.xlayout_dut.vinp__t0                 1.63
xdut.xlayout_dut.atail__t1            0.714352
xdut.xlayout_dut.vss__t15          1.53405e-10
xdut.xlayout_dut.aop__t1               1.16747
xdut.xlayout_dut.vinn__t0                 1.67
xdut.xlayout_dut.atail__t2            0.714738
xdut.xlayout_dut.vss__t16           4.5358e-11
xdut.xlayout_dut.mn__t2                   2.97
xdut.xlayout_dut.clk__t0                     0
xdut.xlayout_dut.vdd__t0                  2.97
xdut.xlayout_dut.vdd__t1                  2.97
xdut.xlayout_dut.qn__t1                   2.97
xdut.xlayout_dut.clk__t1                     0
xdut.xlayout_dut.vdd__t2                  2.97
xdut.xlayout_dut.vdd__t3                  2.97
xdut.xlayout_dut.sp__t0            3.07475e-09
xdut.xlayout_dut.qp__t2                   2.97
xdut.xlayout_dut.vdd__t4                  2.97
xdut.xlayout_dut.vdd__t5                  2.97
xdut.xlayout_dut.mp__t0                   2.97
xdut.xlayout_dut.clk__t4                     0
xdut.xlayout_dut.vdd__t21                 2.97
xdut.xlayout_dut.vdd__t20                 2.97
xdut.xlayout_dut.qn__t0                   2.97
xdut.xlayout_dut.qp__t3                   2.97
xdut.xlayout_dut.vdd__t6                  2.97
xdut.xlayout_dut.vdd__t7                  2.97
xdut.xlayout_dut.qp__t4                   2.97
xdut.xlayout_dut.clk__t3                     0
xdut.xlayout_dut.vdd__t19                 2.97
xdut.xlayout_dut.vdd__t18                 2.97
xdut.xlayout_dut.na__t1                   2.97
xdut.xlayout_dut.sp__t1            2.93447e-09
xdut.xlayout_dut.vdd__t23                 2.97
xdut.xlayout_dut.vdd__t8                  2.97
xdut.xlayout_dut.dout__t0          3.15932e-09
xdut.xlayout_dut.doutb__t2                2.97
xdut.xlayout_dut.na__t0                   2.97
xdut.xlayout_dut.vdd__t13                 2.97
xdut.xlayout_dut.sn__t0            3.12006e-09
xdut.xlayout_dut.qn__t3                   2.97
xdut.xlayout_dut.vdd__t17                 2.97
xdut.xlayout_dut.vdd__t16                 2.97
xdut.xlayout_dut.qp__t5                   2.97
xdut.xlayout_dut.qn__t2                   2.97
xdut.xlayout_dut.vdd__t15                 2.97
xdut.xlayout_dut.vdd__t14                 2.97
xdut.xlayout_dut.nb__t1                   2.97
xdut.xlayout_dut.sn__t1             2.9675e-09
xdut.xlayout_dut.vdd__t22                 2.97
xdut.xlayout_dut.vdd__t12                 2.97
xdut.xlayout_dut.doutb__t3                2.97
xdut.xlayout_dut.dout__t1          3.06524e-09
xdut.xlayout_dut.nb__t0                   2.97
xdut.xlayout_dut.vdd__t11                 2.97
xdut.xlayout_dut.aon__t2               2.05844
xdut.xlayout_dut.x$28.11               2.05946
xdut.xlayout_dut.vss__t0                     0
xdut.xlayout_dut.x$28.21                2.9681
xdut.xlayout_dut.vdd__t10              2.96912
xdut.xlayout_dut.aop__t0               1.16962
xdut.xlayout_dut.x$29.11               1.17164
xdut.xlayout_dut.vss__t1                     0
xdut.xlayout_dut.x$29.21               2.96729
xdut.xlayout_dut.vdd__t9               2.96931
xdut.xlayout_dut.aon                   2.05822
vsubs                                        0
xdut.xlayout_dut.aop                   1.16914
xdut.xlayout_dut.atail                 0.71428
dout                               3.06524e-09
doutb                                     2.97
xdut.xlayout_dut.ltail                 1.41411
xdut.xlayout_dut.mn                       2.97
xdut.xlayout_dut.mp                       2.97
xdut.xlayout_dut.na                       2.97
xdut.xlayout_dut.nb                       2.97
xdut.xlayout_dut.qn                       2.97
xdut.xlayout_dut.qp                       2.97
xdut.xlayout_dut.sn                 2.9675e-09
xdut.xlayout_dut.sp                2.93447e-09
dn                                 1.03207e-09
bdn#branch                                   0
bnn#branch                         1.17161e-18
bpp#branch                          3.4199e-19
vrmp#branch                                  0
vclk#branch                                  0
vcm#branch                                   0
vsup#branch                       -3.04068e-05

 Reference value :  1.00595e-07
 Reference value :  2.50205e-07
 Reference value :  4.00457e-07
 Reference value :  5.50818e-07
 Reference value :  7.20287e-07
 Reference value :  8.70252e-07
 Reference value :  1.02028e-06
 Reference value :  1.17116e-06
 Reference value :  1.35003e-06
 Reference value :  1.50007e-06
 Reference value :  1.66013e-06
 Reference value :  1.83008e-06
 Reference value :  1.98010e-06
 Reference value :  2.13033e-06
 Reference value :  2.29014e-06
 Reference value :  2.44011e-06
 Reference value :  2.58279e-06
 Reference value :  2.74070e-06
 Reference value :  2.91007e-06
 Reference value :  3.06002e-06
 Reference value :  3.21003e-06
 Reference value :  3.36008e-06
 Reference value :  3.51061e-06
 Reference value :  3.67013e-06
 Reference value :  3.84006e-06
 Reference value :  4.00027e-06
 Reference value :  4.15038e-06
 Reference value :  4.30242e-06
 Reference value :  4.47048e-06
 Reference value :  4.63010e-06
 Reference value :  4.77048e-06
 Reference value :  4.92057e-06
 Reference value :  5.11061e-06
 Reference value :  5.26095e-06
 Reference value :  5.41094e-06
 Reference value :  5.56020e-06
 Reference value :  5.71015e-06
 Reference value :  5.86013e-06
 Reference value :  6.01020e-06
 Reference value :  6.17054e-06
 Reference value :  6.34022e-06
 Reference value :  6.48155e-06
 Reference value :  6.64011e-06
 Reference value :  6.79053e-06
 Reference value :  6.94060e-06
 Reference value :  7.09020e-06
 Reference value :  7.23095e-06
 Reference value :  7.39069e-06
 Reference value :  7.54075e-06
 Reference value :  7.68771e-06
 Reference value :  7.84080e-06
 Reference value :  8.01031e-06
 Reference value :  8.16020e-06
 Reference value :  8.32064e-06
 Reference value :  8.49016e-06
 Reference value :  8.64020e-06
 Reference value :  8.79349e-06
 Reference value :  8.94018e-06
 Reference value :  9.09020e-06
 Reference value :  9.25024e-06
 Reference value :  9.40055e-06
 Reference value :  9.55047e-06
 Reference value :  9.70054e-06
 Reference value :  9.85082e-06
 Reference value :  1.00008e-05
 Reference value :  1.01703e-05
 Reference value :  1.03306e-05
 Reference value :  1.05000e-05
 Reference value :  1.06501e-05
 Reference value :  1.08001e-05
 Reference value :  1.09503e-05
 Reference value :  1.11005e-05
 Reference value :  1.12607e-05
 Reference value :  1.14109e-05
 Reference value :  1.15802e-05
 Reference value :  1.17607e-05
 Reference value :  1.19206e-05
 Reference value :  1.20709e-05
 Reference value :  1.22400e-05
 Reference value :  1.23742e-05
 Reference value :  1.25400e-05
 Reference value :  1.26902e-05
 Reference value :  1.28414e-05
 Reference value :  1.30101e-05
 Reference value :  1.31703e-05
 Reference value :  1.33302e-05
 Reference value :  1.34808e-05
 Reference value :  1.36317e-05
 Reference value :  1.37822e-05
 Reference value :  1.39318e-05
 Reference value :  1.41001e-05
 Reference value :  1.42501e-05
 Reference value :  1.44001e-05
 Reference value :  1.45501e-05
 Reference value :  1.47008e-05
 Reference value :  1.48607e-05
 Reference value :  1.50301e-05
 Reference value :  1.51827e-05
 Reference value :  1.53409e-05
 Reference value :  1.55105e-05
 Reference value :  1.56701e-05
 Reference value :  1.58202e-05
 Reference value :  1.59702e-05
 Reference value :  1.61208e-05
 Reference value :  1.62871e-05
 Reference value :  1.64407e-05
 Reference value :  1.66002e-05
 Reference value :  1.67516e-05
 Reference value :  1.69207e-05
 Reference value :  1.70806e-05
 Reference value :  1.72505e-05
 Reference value :  1.74301e-05
 Reference value :  1.75805e-05
 Reference value :  1.77305e-05
 Reference value :  1.78907e-05
 Reference value :  1.80675e-05
 Reference value :  1.82203e-05
 Reference value :  1.83708e-05
 Reference value :  1.85501e-05
 Reference value :  1.87011e-05
 Reference value :  1.88701e-05
 Reference value :  1.90202e-05
 Reference value :  1.91701e-05
 Reference value :  1.93302e-05
 Reference value :  1.95001e-05
 Reference value :  1.96602e-05
 Reference value :  1.98108e-05
 Reference value :  1.99802e-05
 Reference value :  2.01401e-05
 Reference value :  2.02904e-05
 Reference value :  2.04410e-05
 Reference value :  2.06100e-05
 Reference value :  2.07706e-05
 Reference value :  2.09290e-05
 Reference value :  2.10900e-05
 Reference value :  2.12501e-05
 Reference value :  2.14006e-05
 Reference value :  2.15701e-05
 Reference value :  2.17305e-05
 Reference value :  2.18808e-05
 Reference value :  2.20312e-05
 Reference value :  2.21820e-05
 Reference value :  2.23386e-05
 Reference value :  2.25001e-05
 Reference value :  2.26506e-05
 Reference value :  2.28107e-05
 Reference value :  2.29801e-05
 Reference value :  2.31301e-05
 Reference value :  2.32635e-05
 Reference value :  2.34302e-05
 Reference value :  2.35902e-05
 Reference value :  2.37601e-05
 Reference value :  2.39112e-05
 Reference value :  2.40678e-05
 Reference value :  2.42203e-05
 Reference value :  2.43709e-05
 Reference value :  2.45401e-05
 Reference value :  2.46901e-05
 Reference value :  2.48706e-05
 Reference value :  2.50301e-05
 Reference value :  2.51801e-05
 Reference value :  2.53215e-05
 Reference value :  2.54705e-05
 Reference value :  2.56205e-05
 Reference value :  2.57803e-05
 Reference value :  2.59343e-05
 Reference value :  2.61000e-05
 Reference value :  2.62503e-05
 Reference value :  2.64004e-05
 Reference value :  2.65503e-05
 Reference value :  2.67005e-05
 Reference value :  2.68801e-05
 Reference value :  2.70307e-05
 Reference value :  2.71803e-05
 Reference value :  2.73301e-05
 Reference value :  2.74906e-05
 Reference value :  2.76610e-05
 Reference value :  2.78202e-05
 Reference value :  2.79901e-05
 Reference value :  2.81501e-05
 Reference value :  2.83006e-05
 Reference value :  2.84510e-05
 Reference value :  2.86015e-05
 Reference value :  2.87513e-05
 Reference value :  2.89201e-05
 Reference value :  2.90706e-05
 Reference value :  2.92502e-05
 Reference value :  2.94001e-05
 Reference value :  2.95505e-05
 Reference value :  2.97101e-05
 Reference value :  2.98643e-05
 Reference value :  3.00402e-05
 Reference value :  3.01912e-05
 Reference value :  3.03602e-05
 Reference value :  3.05106e-05
 Reference value :  3.06900e-05
 Reference value :  3.08299e-05
 Reference value :  3.10202e-05
 Reference value :  3.11823e-05
 Reference value :  3.13607e-05
 Reference value :  3.15300e-05
 Reference value :  3.16806e-05
 Reference value :  3.18408e-05
 Reference value :  3.20101e-05
 Reference value :  3.21811e-05
 Reference value :  3.23502e-05
 Reference value :  3.25202e-05
 Reference value :  3.26809e-05
 Reference value :  3.28602e-05
 Reference value :  3.30106e-05
 Reference value :  3.31809e-05
 Reference value :  3.33406e-05
 Reference value :  3.35102e-05
 Reference value :  3.36606e-05
 Reference value :  3.38205e-05
 Reference value :  3.39901e-05
 Reference value :  3.41478e-05
 Reference value :  3.43201e-05
 Reference value :  3.44801e-05
 Reference value :  3.46501e-05
 Reference value :  3.48008e-05
 Reference value :  3.49608e-05
 Reference value :  3.51301e-05
 Reference value :  3.52905e-05
 Reference value :  3.54491e-05
 Reference value :  3.56111e-05
 Reference value :  3.57625e-05
 Reference value :  3.58944e-05
 Reference value :  3.60448e-05
 Reference value :  3.62202e-05
 Reference value :  3.63911e-05
 Reference value :  3.65700e-05
 Reference value :  3.67210e-05
 Reference value :  3.68808e-05
 Reference value :  3.70515e-05
 Reference value :  3.72302e-05
 Reference value :  3.73905e-05
 Reference value :  3.75913e-05
 Reference value :  3.77506e-05
 Reference value :  3.79012e-05
 Reference value :  3.80618e-05
 Reference value :  3.82201e-05
 Reference value :  3.83710e-05
 Reference value :  3.85500e-05
 Reference value :  3.87005e-05
 Reference value :  3.88528e-05
 Reference value :  3.90108e-05
 Reference value :  3.91691e-05
 Reference value :  3.93305e-05
 Reference value :  3.94803e-05
 Reference value :  3.96401e-05
 Reference value :  3.98201e-05
 Reference value :  3.99701e-05
 Reference value :  4.01401e-05
 Reference value :  4.03009e-05
 Reference value :  4.04701e-05
 Reference value :  4.06206e-05
 Reference value :  4.07710e-05
 Reference value :  4.09302e-05
 Reference value :  4.11001e-05
 Reference value :  4.12602e-05
 Reference value :  4.14301e-05
 Reference value :  4.15805e-05
 Reference value :  4.17405e-05
 Reference value :  4.18904e-05
 Reference value :  4.20412e-05
 Reference value :  4.22111e-05
 Reference value :  4.23901e-05
 Reference value :  4.25402e-05
 Reference value :  4.27007e-05
 Reference value :  4.28700e-05
 Reference value :  4.30308e-05
 Reference value :  4.32001e-05
 Reference value :  4.33602e-05
 Reference value :  4.35601e-05
 Reference value :  4.37119e-05
 Reference value :  4.38903e-05
 Reference value :  4.40404e-05
 Reference value :  4.42008e-05
 Reference value :  4.43805e-05
 Reference value :  4.45601e-05
 Reference value :  4.47300e-05
 Reference value :  4.48802e-05
 Reference value :  4.50306e-05
 Reference value :  4.51902e-05
 Reference value :  4.53600e-05
 Reference value :  4.55104e-05
 Reference value :  4.56708e-05
 Reference value :  4.58408e-05
 Reference value :  4.60021e-05
 Reference value :  4.61701e-05
 Reference value :  4.63203e-05
 Reference value :  4.64706e-05
 Reference value :  4.66501e-05
 Reference value :  4.68008e-05
 Reference value :  4.69608e-05
 Reference value :  4.71401e-05
 Reference value :  4.73104e-05
 Reference value :  4.74900e-05
 Reference value :  4.76402e-05
 Reference value :  4.78016e-05
 Reference value :  4.79801e-05
 Reference value :  4.81516e-05
 Reference value :  4.83301e-05
 Reference value :  4.84816e-05
 Reference value :  4.86600e-05
 Reference value :  4.88102e-05
 Reference value :  4.89707e-05
 Reference value :  4.91413e-05
 Reference value :  4.93201e-05
 Reference value :  4.94802e-05
 Reference value :  4.96441e-05
 Reference value :  4.98011e-05
 Reference value :  4.99608e-05
 Reference value :  5.01302e-05
 Reference value :  5.02905e-05
 Reference value :  5.04601e-05
 Reference value :  5.06201e-05
 Reference value :  5.08006e-05
 Reference value :  5.09703e-05
 Reference value :  5.11308e-05
 Reference value :  5.13104e-05
 Reference value :  5.14610e-05
 Reference value :  5.16304e-05
 Reference value :  5.17910e-05
 Reference value :  5.19605e-05
 Reference value :  5.21208e-05
 Reference value :  5.22902e-05
 Reference value :  5.24506e-05
 Reference value :  5.26212e-05
 Reference value :  5.27812e-05
 Reference value :  5.29501e-05
 Reference value :  5.31108e-05
 Reference value :  5.32803e-05
 Reference value :  5.34409e-05
 Reference value :  5.36400e-05
 Reference value :  5.37919e-05
 Reference value :  5.39511e-05
 Reference value :  5.41038e-05
 Reference value :  5.42806e-05
 Reference value :  5.44502e-05
 Reference value :  5.46101e-05
 Reference value :  5.47608e-05
 Reference value :  5.49301e-05
 Reference value :  5.50846e-05
 Reference value :  5.52414e-05
 Reference value :  5.54109e-05
 Reference value :  5.55902e-05
 Reference value :  5.57507e-05
 Reference value :  5.59310e-05
 Reference value :  5.61004e-05
 Reference value :  5.62604e-05
 Reference value :  5.64302e-05
 Reference value :  5.65908e-05
 Reference value :  5.67603e-05
 Reference value :  5.69402e-05
 Reference value :  5.71008e-05
 Reference value :  5.72516e-05
 Reference value :  5.74307e-05
 Reference value :  5.76001e-05
 Reference value :  5.77601e-05
 Reference value :  5.79605e-05
 Reference value :  5.81223e-05
 Reference value :  5.82930e-05
 Reference value :  5.84511e-05
 Reference value :  5.86201e-05
 Reference value :  5.87737e-05
 Reference value :  5.89602e-05
 Reference value :  5.91301e-05
 Reference value :  5.92908e-05
 Reference value :  5.94601e-05
 Reference value :  5.96108e-05
 Reference value :  5.97708e-05
 Reference value :  5.99237e-05
 Reference value :  6.00906e-05
 Reference value :  6.02502e-05
 Reference value :  6.04201e-05
 Reference value :  6.05801e-05
 Reference value :  6.07500e-05
 Reference value :  6.09076e-05
 Reference value :  6.10800e-05
 Reference value :  6.12326e-05
 Reference value :  6.13908e-05
 Reference value :  6.15605e-05
 Reference value :  6.17213e-05
 Reference value :  6.18901e-05
 Reference value :  6.20501e-05
 Reference value :  6.22201e-05
 Reference value :  6.24000e-05
 Reference value :  6.25609e-05
 Reference value :  6.27301e-05
 Reference value :  6.28802e-05
 Reference value :  6.30404e-05
 Reference value :  6.31910e-05
 Reference value :  6.33603e-05
 Reference value :  6.35502e-05
 Reference value :  6.37145e-05
 Reference value :  6.38701e-05
 Reference value :  6.40301e-05
 Reference value :  6.42002e-05
 Reference value :  6.43612e-05
 Reference value :  6.45408e-05
 Reference value :  6.47107e-05
 Reference value :  6.48708e-05
 Reference value :  6.50401e-05
 Reference value :  6.52002e-05
 Reference value :  6.53702e-05
 Reference value :  6.55202e-05
 Reference value :  6.56701e-05
 Reference value :  6.58308e-05
 Reference value :  6.60009e-05
 Reference value :  6.61800e-05
 Reference value :  6.63316e-05
 Reference value :  6.65100e-05
 Reference value :  6.66638e-05
 Reference value :  6.68240e-05
 Reference value :  6.69902e-05
 Reference value :  6.71507e-05
 Reference value :  6.73011e-05
 Reference value :  6.74701e-05
 Reference value :  6.76202e-05
 Reference value :  6.77811e-05
 Reference value :  6.79607e-05
 Reference value :  6.81300e-05
 Reference value :  6.82804e-05
 Reference value :  6.84409e-05
 Reference value :  6.86103e-05
 Reference value :  6.88147e-05
 Reference value :  6.89712e-05
 Reference value :  6.91306e-05
 Reference value :  6.93002e-05
 Reference value :  6.94505e-05
 Reference value :  6.96102e-05
 Reference value :  6.97802e-05
 Reference value :  6.99405e-05
 Reference value :  7.01101e-05
 Reference value :  7.02702e-05
 Reference value :  7.04211e-05
 Reference value :  7.05906e-05
 Reference value :  7.07512e-05
 Reference value :  7.09201e-05
 Reference value :  7.10802e-05
 Reference value :  7.12502e-05
 Reference value :  7.14101e-05
 Reference value :  7.15610e-05
 Reference value :  7.17301e-05
 Reference value :  7.18902e-05
 Reference value :  7.20601e-05
 Reference value :  7.22174e-05
 Reference value :  7.23702e-05
 Reference value :  7.25407e-05
 Reference value :  7.27002e-05
 Reference value :  7.28701e-05
 Reference value :  7.30207e-05
 Reference value :  7.32001e-05
 Reference value :  7.33602e-05
 Reference value :  7.35184e-05
 Reference value :  7.36801e-05
 Reference value :  7.38601e-05
 Reference value :  7.40201e-05
 Reference value :  7.42201e-05
 Reference value :  7.43802e-05
 Reference value :  7.45309e-05
 Reference value :  7.47007e-05
 Reference value :  7.48601e-05
 Reference value :  7.50302e-05
 Reference value :  7.51904e-05
 Reference value :  7.53604e-05
 Reference value :  7.55202e-05
 Reference value :  7.56712e-05
 Reference value :  7.58400e-05
 Reference value :  7.59902e-05
 Reference value :  7.61508e-05
 Reference value :  7.63208e-05
 Reference value :  7.65001e-05
 Reference value :  7.66501e-05
 Reference value :  7.68011e-05
 Reference value :  7.69803e-05
 Reference value :  7.71600e-05
 Reference value :  7.73101e-05
 Reference value :  7.74602e-05
 Reference value :  7.76209e-05
 Reference value :  7.77900e-05
 Reference value :  7.79507e-05
 Reference value :  7.81211e-05
 Reference value :  7.82808e-05
 Reference value :  7.84311e-05
 Reference value :  7.86002e-05
 Reference value :  7.87506e-05
 Reference value :  7.89115e-05
 Reference value :  7.90800e-05
 Reference value :  7.92301e-05
 Reference value :  7.93812e-05
 Reference value :  7.95600e-05
 Reference value :  7.97105e-05
 Reference value :  7.98653e-05
No. of Data Rows : 488348
t_flip              =  3.57920e-05
vos_v               =  -4.20796e-03
m_dut_vos = -4.207960000e-03
Note: Simulation executed from .control section 

Warning: m=xx on .subckt line will override multiplier m hierarchy!

