
Note: Compatibility modes selected: hs a


Circuit: * comparator-kickback-vosprobe @ fs_125c_2.97v -- generated by sim/harness, do not edit

Doing analysis at TEMP = 125.000000 and TNOM = 27.000000

Using SPARSE 1.3 as Direct Linear Solver

Initial Transient Solution
--------------------------

Node                                   Voltage
----                                   -------
vdd                                       2.97
cm                                        1.65
clk                                          0
rmp                                      -0.04
vp                                        1.63
vn                                        1.67
ibn                                    0.89927
xdut.xlayout_dut.sp__t2            6.28775e-09
xdut.xlayout_dut.qp__t6                   2.97
xdut.xlayout_dut.vss__t17          3.78899e-11
xdut.xlayout_dut.vss__t2           4.64367e-19
xdut.xlayout_dut.dout__t3              1.34171
xdut.xlayout_dut.sp__t3            6.37225e-09
xdut.xlayout_dut.vss__t25          5.81108e-10
xdut.xlayout_dut.vss__t3           1.76452e-11
xdut.xlayout_dut.dout__t2              1.33704
xdut.xlayout_dut.doutb__t0              1.3437
xdut.xlayout_dut.vss__t24           0.00132814
xdut.xlayout_dut.vss__t4           1.86197e-11
xdut.xlayout_dut.ibias__t0            0.897992
xdut.xlayout_dut.ibias__t1             0.89927
xdut.xlayout_dut.vss__t20          0.000254896
xdut.xlayout_dut.vss__t8           3.57236e-11
xdut.xlayout_dut.sn__t2            6.28768e-09
xdut.xlayout_dut.qn__t6                   2.97
xdut.xlayout_dut.vss__t23          3.78194e-11
xdut.xlayout_dut.vss__t5           4.63492e-19
xdut.xlayout_dut.doutb__t1              1.3437
xdut.xlayout_dut.sn__t3            6.41583e-09
xdut.xlayout_dut.vss__t22           5.8049e-10
xdut.xlayout_dut.vss__t6           1.76441e-11
xdut.xlayout_dut.doutb__t4             1.33948
xdut.xlayout_dut.dout__t4              1.34171
xdut.xlayout_dut.vss__t21            0.0013216
xdut.xlayout_dut.vss__t7           1.86254e-11
xdut.xlayout_dut.qn__t4                   2.97
xdut.xlayout_dut.qp__t0                   2.97
xdut.xlayout_dut.mn__t0                   2.97
xdut.xlayout_dut.vss__t9           4.67089e-11
xdut.xlayout_dut.mn__t1                   2.97
xdut.xlayout_dut.aop__t2                1.5319
xdut.xlayout_dut.ltail__t0             1.59801
xdut.xlayout_dut.vss__t11          3.64689e-11
xdut.xlayout_dut.atail__t0            0.820785
xdut.xlayout_dut.ibias__t2             0.89927
xdut.xlayout_dut.vss__t19          0.000493864
xdut.xlayout_dut.vss__t13          4.35337e-11
xdut.xlayout_dut.qp__t1                   2.97
xdut.xlayout_dut.qn__t5                   2.97
xdut.xlayout_dut.mp__t2                   2.97
xdut.xlayout_dut.vss__t10           4.6793e-11
xdut.xlayout_dut.ltail__t1             1.59801
xdut.xlayout_dut.clk__t2                     0
xdut.xlayout_dut.vss__t18          2.16421e-09
xdut.xlayout_dut.vss__t14          1.66008e-11
xdut.xlayout_dut.mp__t1                   2.97
xdut.xlayout_dut.aon__t0               2.08263
xdut.xlayout_dut.ltail__t2             1.59801
xdut.xlayout_dut.vss__t12          3.68357e-11
xdut.xlayout_dut.aon__t1               2.08201
xdut.xlayout_dut.vinp__t0                 1.63
xdut.xlayout_dut.atail__t1            0.821363
xdut.xlayout_dut.vss__t15          2.07855e-10
xdut.xlayout_dut.aop__t1               1.53035
xdut.xlayout_dut.vinn__t0                 1.67
xdut.xlayout_dut.atail__t2            0.821703
xdut.xlayout_dut.vss__t16          1.87386e-10
xdut.xlayout_dut.mn__t2                   2.97
xdut.xlayout_dut.clk__t0                     0
xdut.xlayout_dut.vdd__t0                  2.97
xdut.xlayout_dut.vdd__t1                  2.97
xdut.xlayout_dut.qn__t1                   2.97
xdut.xlayout_dut.clk__t1                     0
xdut.xlayout_dut.vdd__t2                  2.97
xdut.xlayout_dut.vdd__t3                  2.97
xdut.xlayout_dut.sp__t0            6.55737e-09
xdut.xlayout_dut.qp__t2                   2.97
xdut.xlayout_dut.vdd__t4                  2.97
xdut.xlayout_dut.vdd__t5                  2.97
xdut.xlayout_dut.mp__t0                   2.97
xdut.xlayout_dut.clk__t4                     0
xdut.xlayout_dut.vdd__t21                 2.97
xdut.xlayout_dut.vdd__t20                 2.97
xdut.xlayout_dut.qn__t0                   2.97
xdut.xlayout_dut.qp__t3                   2.97
xdut.xlayout_dut.vdd__t6                  2.97
xdut.xlayout_dut.vdd__t7                  2.97
xdut.xlayout_dut.qp__t4                   2.97
xdut.xlayout_dut.clk__t3                     0
xdut.xlayout_dut.vdd__t19                 2.97
xdut.xlayout_dut.vdd__t18                 2.97
xdut.xlayout_dut.na__t1                2.84219
xdut.xlayout_dut.sp__t1            6.37225e-09
xdut.xlayout_dut.vdd__t23               2.9682
xdut.xlayout_dut.vdd__t8                  2.97
xdut.xlayout_dut.dout__t0              1.34513
xdut.xlayout_dut.doutb__t2              1.3437
xdut.xlayout_dut.na__t0                2.84052
xdut.xlayout_dut.vdd__t13                 2.97
xdut.xlayout_dut.sn__t0            6.61716e-09
xdut.xlayout_dut.qn__t3                   2.97
xdut.xlayout_dut.vdd__t17                 2.97
xdut.xlayout_dut.vdd__t16                 2.97
xdut.xlayout_dut.qp__t5                   2.97
xdut.xlayout_dut.qn__t2                   2.97
xdut.xlayout_dut.vdd__t15                 2.97
xdut.xlayout_dut.vdd__t14                 2.97
xdut.xlayout_dut.nb__t1                2.84253
xdut.xlayout_dut.sn__t1            6.41583e-09
xdut.xlayout_dut.vdd__t22              2.96806
xdut.xlayout_dut.vdd__t12                 2.97
xdut.xlayout_dut.doutb__t3             1.35291
xdut.xlayout_dut.dout__t1              1.34171
xdut.xlayout_dut.nb__t0                2.83822
xdut.xlayout_dut.vdd__t11                 2.97
xdut.xlayout_dut.aon__t2               2.08288
xdut.xlayout_dut.x$28.11               2.08331
xdut.xlayout_dut.vss__t0                     0
xdut.xlayout_dut.x$28.21               2.96859
xdut.xlayout_dut.vdd__t10              2.96902
xdut.xlayout_dut.aop__t0               1.53233
xdut.xlayout_dut.x$29.11               1.53302
xdut.xlayout_dut.vss__t1                     0
xdut.xlayout_dut.x$29.21               2.96867
xdut.xlayout_dut.vdd__t9               2.96937
xdut.xlayout_dut.aon                   2.08263
vsubs                                        0
xdut.xlayout_dut.aop                    1.5319
xdut.xlayout_dut.atail                0.821282
dout                                   1.34171
doutb                                   1.3437
xdut.xlayout_dut.ltail                 1.59801
xdut.xlayout_dut.mn                       2.97
xdut.xlayout_dut.mp                       2.97
xdut.xlayout_dut.na                    2.84136
xdut.xlayout_dut.nb                    2.84038
xdut.xlayout_dut.qn                       2.97
xdut.xlayout_dut.qp                       2.97
xdut.xlayout_dut.sn                6.41583e-09
xdut.xlayout_dut.sp                6.37225e-09
dn                                    0.451753
bdn#branch                                   0
bnn#branch                         1.17161e-18
bpp#branch                          3.4199e-19
vrmp#branch                                  0
vclk#branch                                  0
vcm#branch                                   0
vsup#branch                       -0.000255322

 Reference value :  1.00262e-07
 Reference value :  2.80194e-07
 Reference value :  4.61019e-07
 Reference value :  6.40985e-07
 Reference value :  8.20292e-07
 Reference value :  1.02008e-06
 Reference value :  1.20018e-06
 Reference value :  1.36148e-06
 Reference value :  1.54132e-06
 Reference value :  1.74008e-06
 Reference value :  1.92079e-06
 Reference value :  2.08269e-06
 Reference value :  2.29012e-06
 Reference value :  2.49044e-06
 Reference value :  2.67033e-06
 Reference value :  2.84730e-06
 Reference value :  3.01035e-06
 Reference value :  3.19010e-06
 Reference value :  3.36148e-06
 Reference value :  3.55171e-06
 Reference value :  3.73207e-06
 Reference value :  3.93000e-06
 Reference value :  4.09285e-06
 Reference value :  4.27022e-06
 Reference value :  4.44080e-06
 Reference value :  4.62006e-06
 Reference value :  4.78113e-06
 Reference value :  4.98009e-06
 Reference value :  5.14134e-06
 Reference value :  5.32060e-06
 Reference value :  5.50075e-06
 Reference value :  5.68022e-06
 Reference value :  5.86027e-06
 Reference value :  6.04162e-06
 Reference value :  6.22075e-06
 Reference value :  6.40018e-06
 Reference value :  6.57044e-06
 Reference value :  6.75033e-06
 Reference value :  6.93010e-06
 Reference value :  7.12012e-06
 Reference value :  7.30010e-06
 Reference value :  7.47184e-06
 Reference value :  7.65048e-06
 Reference value :  7.83017e-06
 Reference value :  8.01040e-06
 Reference value :  8.19249e-06
 Reference value :  8.40100e-06
 Reference value :  8.58021e-06
 Reference value :  8.76035e-06
 Reference value :  8.92340e-06
 Reference value :  9.10169e-06
 Reference value :  9.28066e-06
 Reference value :  9.46011e-06
 Reference value :  9.67107e-06
 Reference value :  9.85082e-06
 Reference value :  1.00301e-05
 Reference value :  1.02014e-05
 Reference value :  1.03605e-05
 Reference value :  1.05402e-05
 Reference value :  1.07217e-05
 Reference value :  1.09025e-05
 Reference value :  1.10859e-05
 Reference value :  1.12801e-05
 Reference value :  1.14416e-05
 Reference value :  1.16224e-05
 Reference value :  1.18203e-05
 Reference value :  1.20102e-05
 Reference value :  1.21902e-05
 Reference value :  1.23609e-05
 Reference value :  1.25406e-05
 Reference value :  1.27606e-05
 Reference value :  1.29402e-05
 Reference value :  1.31208e-05
 Reference value :  1.33204e-05
 Reference value :  1.35012e-05
 Reference value :  1.36811e-05
 Reference value :  1.38600e-05
 Reference value :  1.40215e-05
 Reference value :  1.42010e-05
 Reference value :  1.43801e-05
 Reference value :  1.45603e-05
 Reference value :  1.47600e-05
 Reference value :  1.49211e-05
 Reference value :  1.51003e-05
 Reference value :  1.52806e-05
 Reference value :  1.54802e-05
 Reference value :  1.56615e-05
 Reference value :  1.58404e-05
 Reference value :  1.60202e-05
 Reference value :  1.62101e-05
 Reference value :  1.63911e-05
 Reference value :  1.65709e-05
 Reference value :  1.67821e-05
 Reference value :  1.69606e-05
 Reference value :  1.71606e-05
 Reference value :  1.73403e-05
 Reference value :  1.75013e-05
 Reference value :  1.76810e-05
 Reference value :  1.78612e-05
 Reference value :  1.80582e-05
 Reference value :  1.82410e-05
 Reference value :  1.84273e-05
 Reference value :  1.86021e-05
 Reference value :  1.87803e-05
 Reference value :  1.89606e-05
 Reference value :  1.91403e-05
 Reference value :  1.93201e-05
 Reference value :  1.94807e-05
 Reference value :  1.96625e-05
 Reference value :  1.98601e-05
 Reference value :  2.00211e-05
 Reference value :  2.02206e-05
 Reference value :  2.04011e-05
 Reference value :  2.05662e-05
 Reference value :  2.07528e-05
 Reference value :  2.09208e-05
 Reference value :  2.11011e-05
 Reference value :  2.12811e-05
 Reference value :  2.14802e-05
 Reference value :  2.16610e-05
 Reference value :  2.18402e-05
 Reference value :  2.20201e-05
 Reference value :  2.22001e-05
 Reference value :  2.23802e-05
 Reference value :  2.25702e-05
 Reference value :  2.27417e-05
 Reference value :  2.29218e-05
 Reference value :  2.31010e-05
 Reference value :  2.32911e-05
 Reference value :  2.34806e-05
 Reference value :  2.37102e-05
 Reference value :  2.38908e-05
 Reference value :  2.40702e-05
 Reference value :  2.42501e-05
 Reference value :  2.44204e-05
 Reference value :  2.46000e-05
 Reference value :  2.47912e-05
 Reference value :  2.49901e-05
 Reference value :  2.51701e-05
 Reference value :  2.53501e-05
 Reference value :  2.55328e-05
 Reference value :  2.57206e-05
 Reference value :  2.59006e-05
 Reference value :  2.60802e-05
 Reference value :  2.62801e-05
 Reference value :  2.64701e-05
 Reference value :  2.66501e-05
 Reference value :  2.68501e-05
 Reference value :  2.70402e-05
 Reference value :  2.72209e-05
 Reference value :  2.74002e-05
 Reference value :  2.75714e-05
 Reference value :  2.77518e-05
 Reference value :  2.79404e-05
 Reference value :  2.81213e-05
 Reference value :  2.83145e-05
 Reference value :  2.84817e-05
 Reference value :  2.86602e-05
 Reference value :  2.88315e-05
 Reference value :  2.90206e-05
 Reference value :  2.92012e-05
 Reference value :  2.94000e-05
 Reference value :  2.95602e-05
 Reference value :  2.97410e-05
 Reference value :  2.99209e-05
 Reference value :  3.01200e-05
 Reference value :  3.02813e-05
 Reference value :  3.04812e-05
 Reference value :  3.06708e-05
 Reference value :  3.08127e-05
 Reference value :  3.09981e-05
 Reference value :  3.11701e-05
 Reference value :  3.13602e-05
 Reference value :  3.15601e-05
 Reference value :  3.17401e-05
 Reference value :  3.19200e-05
 Reference value :  3.20802e-05
 Reference value :  3.22603e-05
 Reference value :  3.24408e-05
 Reference value :  3.26502e-05
 Reference value :  3.28216e-05
 Reference value :  3.30005e-05
 Reference value :  3.31814e-05
 Reference value :  3.33604e-05
 Reference value :  3.35400e-05
 Reference value :  3.37002e-05
 Reference value :  3.38801e-05
 Reference value :  3.40601e-05
 Reference value :  3.42311e-05
 Reference value :  3.44102e-05
 Reference value :  3.45946e-05
 Reference value :  3.47817e-05
 Reference value :  3.49802e-05
 Reference value :  3.51607e-05
 Reference value :  3.53523e-05
 Reference value :  3.55505e-05
 Reference value :  3.57410e-05
 Reference value :  3.59501e-05
 Reference value :  3.61312e-05
 Reference value :  3.63114e-05
 Reference value :  3.64903e-05
 Reference value :  3.66613e-05
 Reference value :  3.68501e-05
 Reference value :  3.70309e-05
 Reference value :  3.72119e-05
 Reference value :  3.73904e-05
 Reference value :  3.75702e-05
 Reference value :  3.77418e-05
 Reference value :  3.79201e-05
 Reference value :  3.81001e-05
 Reference value :  3.82801e-05
 Reference value :  3.84413e-05
 Reference value :  3.86503e-05
 Reference value :  3.88312e-05
 Reference value :  3.90116e-05
 Reference value :  3.91911e-05
 Reference value :  3.93709e-05
 Reference value :  3.95407e-05
 Reference value :  3.97308e-05
 Reference value :  3.99055e-05
 Reference value :  4.00801e-05
 Reference value :  4.02412e-05
 Reference value :  4.04205e-05
 Reference value :  4.06013e-05
 Reference value :  4.07716e-05
 Reference value :  4.09502e-05
 Reference value :  4.11130e-05
 Reference value :  4.12902e-05
 Reference value :  4.14916e-05
 Reference value :  4.16701e-05
 Reference value :  4.18310e-05
 Reference value :  4.20001e-05
 Reference value :  4.21803e-05
 Reference value :  4.23413e-05
 Reference value :  4.25119e-05
 Reference value :  4.26900e-05
 Reference value :  4.28501e-05
 Reference value :  4.30200e-05
 Reference value :  4.32001e-05
 Reference value :  4.33801e-05
 Reference value :  4.35702e-05
 Reference value :  4.37502e-05
 Reference value :  4.39211e-05
 Reference value :  4.41301e-05
 Reference value :  4.42911e-05
 Reference value :  4.44707e-05
 Reference value :  4.46409e-05
 Reference value :  4.48202e-05
 Reference value :  4.49824e-05
 Reference value :  4.51614e-05
 Reference value :  4.53310e-05
 Reference value :  4.55101e-05
 Reference value :  4.56901e-05
 Reference value :  4.58705e-05
 Reference value :  4.60315e-05
 Reference value :  4.62453e-05
 Reference value :  4.64265e-05
 Reference value :  4.66005e-05
 Reference value :  4.67801e-05
 Reference value :  4.69502e-05
 Reference value :  4.71300e-05
 Reference value :  4.73101e-05
 Reference value :  4.74717e-05
 Reference value :  4.76508e-05
 Reference value :  4.78201e-05
 Reference value :  4.79819e-05
 Reference value :  4.81602e-05
 Reference value :  4.83303e-05
 Reference value :  4.84911e-05
 Reference value :  4.86701e-05
 Reference value :  4.88405e-05
 Reference value :  4.90014e-05
 Reference value :  4.91814e-05
 Reference value :  4.93602e-05
 Reference value :  4.95303e-05
 Reference value :  4.97101e-05
 Reference value :  4.98901e-05
 Reference value :  5.00508e-05
 Reference value :  5.02302e-05
 Reference value :  5.04012e-05
 Reference value :  5.05802e-05
 Reference value :  5.07418e-05
 Reference value :  5.09212e-05
 Reference value :  5.11121e-05
 Reference value :  5.12814e-05
 Reference value :  5.14505e-05
 Reference value :  5.16301e-05
 Reference value :  5.17904e-05
 Reference value :  5.19605e-05
 Reference value :  5.21701e-05
 Reference value :  5.23315e-05
 Reference value :  5.25002e-05
 Reference value :  5.26801e-05
 Reference value :  5.28419e-05
 Reference value :  5.30214e-05
 Reference value :  5.32206e-05
 Reference value :  5.34003e-05
 Reference value :  5.35615e-05
 Reference value :  5.37403e-05
 Reference value :  5.39103e-05
 Reference value :  5.40910e-05
 Reference value :  5.42701e-05
 Reference value :  5.44314e-05
 Reference value :  5.46004e-05
 Reference value :  5.47804e-05
 Reference value :  5.49609e-05
 Reference value :  5.51412e-05
 Reference value :  5.53302e-05
 Reference value :  5.55012e-05
 Reference value :  5.56901e-05
 Reference value :  5.58603e-05
 Reference value :  5.60401e-05
 Reference value :  5.62204e-05
 Reference value :  5.64001e-05
 Reference value :  5.65615e-05
 Reference value :  5.67403e-05
 Reference value :  5.69216e-05
 Reference value :  5.71231e-05
 Reference value :  5.73101e-05
 Reference value :  5.74836e-05
 Reference value :  5.76702e-05
 Reference value :  5.78503e-05
 Reference value :  5.80501e-05
 Reference value :  5.82418e-05
 Reference value :  5.84208e-05
 Reference value :  5.86002e-05
 Reference value :  5.87726e-05
 Reference value :  5.89501e-05
 Reference value :  5.91301e-05
 Reference value :  5.93103e-05
 Reference value :  5.94903e-05
 Reference value :  5.96702e-05
 Reference value :  5.98501e-05
 Reference value :  6.00302e-05
 Reference value :  6.02107e-05
 Reference value :  6.03901e-05
 Reference value :  6.05516e-05
 Reference value :  6.07345e-05
 Reference value :  6.09118e-05
 Reference value :  6.10914e-05
 Reference value :  6.12708e-05
 Reference value :  6.14516e-05
 Reference value :  6.16314e-05
 Reference value :  6.18103e-05
 Reference value :  6.19813e-05
 Reference value :  6.21901e-05
 Reference value :  6.23515e-05
 Reference value :  6.25312e-05
 Reference value :  6.27101e-05
 Reference value :  6.29100e-05
 Reference value :  6.30902e-05
 Reference value :  6.32701e-05
 Reference value :  6.34501e-05
 Reference value :  6.36303e-05
 Reference value :  6.38105e-05
 Reference value :  6.40203e-05
 Reference value :  6.42106e-05
 Reference value :  6.43869e-05
 Reference value :  6.45708e-05
 Reference value :  6.47501e-05
 Reference value :  6.49202e-05
 Reference value :  6.51105e-05
 Reference value :  6.52919e-05
 Reference value :  6.54903e-05
 Reference value :  6.56710e-05
 Reference value :  6.58506e-05
 Reference value :  6.60314e-05
 Reference value :  6.62102e-05
 Reference value :  6.63905e-05
 Reference value :  6.65708e-05
 Reference value :  6.67511e-05
 Reference value :  6.69315e-05
 Reference value :  6.71106e-05
 Reference value :  6.73034e-05
 Reference value :  6.75005e-05
 Reference value :  6.76800e-05
 Reference value :  6.78416e-05
 Reference value :  6.80401e-05
 Reference value :  6.82200e-05
 Reference value :  6.84101e-05
 Reference value :  6.85915e-05
 Reference value :  6.87701e-05
 Reference value :  6.89409e-05
 Reference value :  6.91202e-05
 Reference value :  6.93002e-05
 Reference value :  6.94902e-05
 Reference value :  6.96701e-05
 Reference value :  6.98505e-05
 Reference value :  7.00302e-05
 Reference value :  7.02125e-05
 Reference value :  7.03914e-05
 Reference value :  7.05707e-05
 Reference value :  7.07810e-05
 Reference value :  7.09601e-05
 Reference value :  7.11306e-05
 Reference value :  7.13101e-05
 Reference value :  7.14901e-05
 Reference value :  7.16513e-05
 Reference value :  7.18501e-05
 Reference value :  7.20308e-05
 Reference value :  7.22105e-05
 Reference value :  7.23901e-05
 Reference value :  7.25506e-05
 Reference value :  7.27218e-05
 Reference value :  7.29007e-05
 Reference value :  7.30803e-05
 Reference value :  7.32601e-05
 Reference value :  7.34207e-05
 Reference value :  7.36012e-05
 Reference value :  7.37819e-05
 Reference value :  7.39802e-05
 Reference value :  7.41610e-05
 Reference value :  7.43406e-05
 Reference value :  7.45210e-05
 Reference value :  7.47005e-05
 Reference value :  7.48803e-05
 Reference value :  7.50601e-05
 Reference value :  7.52401e-05
 Reference value :  7.54308e-05
 Reference value :  7.56710e-05
 Reference value :  7.59322e-05
 Reference value :  7.61103e-05
 Reference value :  7.62909e-05
 Reference value :  7.64802e-05
 Reference value :  7.66612e-05
 Reference value :  7.68408e-05
 Reference value :  7.70108e-05
 Reference value :  7.71906e-05
 Reference value :  7.73704e-05
 Reference value :  7.75803e-05
 Reference value :  7.77602e-05
 Reference value :  7.79400e-05
 Reference value :  7.81204e-05
 Reference value :  7.82812e-05
 Reference value :  7.84611e-05
 Reference value :  7.86409e-05
 Reference value :  7.88250e-05
 Reference value :  7.90202e-05
 Reference value :  7.92000e-05
 Reference value :  7.93610e-05
 Reference value :  7.95316e-05
 Reference value :  7.97109e-05
 Reference value :  7.98902e-05
No. of Data Rows : 444661
t_flip              =  3.06928e-05
vos_v               =  -9.30718e-03
m_dut_vos = -9.307180000e-03
Note: Simulation executed from .control section 

Warning: m=xx on .subckt line will override multiplier m hierarchy!

