
Note: Compatibility modes selected: hs a


Circuit: * comparator-kickback-vosprobe @ fs_27c_3.63v -- generated by sim/harness, do not edit

Doing analysis at TEMP = 27.000000 and TNOM = 27.000000

Using SPARSE 1.3 as Direct Linear Solver

Initial Transient Solution
--------------------------

Node                                   Voltage
----                                   -------
vdd                                       3.63
cm                                        1.65
clk                                          0
rmp                                      -0.04
vp                                        1.63
vn                                        1.67
ibn                                    0.91521
xdut.xlayout_dut.sp__t2            4.70582e-09
xdut.xlayout_dut.qp__t6                   3.63
xdut.xlayout_dut.vss__t17          4.11184e-11
xdut.xlayout_dut.vss__t2            4.4931e-20
xdut.xlayout_dut.dout__t3              1.65642
xdut.xlayout_dut.sp__t3            4.79751e-09
xdut.xlayout_dut.vss__t25           1.3229e-12
xdut.xlayout_dut.vss__t3           1.85475e-11
xdut.xlayout_dut.dout__t2              1.64729
xdut.xlayout_dut.doutb__t0             1.66036
xdut.xlayout_dut.vss__t24            0.0025981
xdut.xlayout_dut.vss__t4           2.02703e-11
xdut.xlayout_dut.ibias__t0            0.913932
xdut.xlayout_dut.ibias__t1             0.91521
xdut.xlayout_dut.vss__t20          0.000254896
xdut.xlayout_dut.vss__t8           2.33023e-11
xdut.xlayout_dut.sn__t2            4.70574e-09
xdut.xlayout_dut.qn__t6                   3.63
xdut.xlayout_dut.vss__t23          4.10418e-11
xdut.xlayout_dut.vss__t5           4.48459e-20
xdut.xlayout_dut.doutb__t1             1.66036
xdut.xlayout_dut.sn__t3            4.84481e-09
xdut.xlayout_dut.vss__t22          1.32197e-12
xdut.xlayout_dut.vss__t6           1.85669e-11
xdut.xlayout_dut.doutb__t4              1.6521
xdut.xlayout_dut.dout__t4              1.65642
xdut.xlayout_dut.vss__t21           0.00258076
xdut.xlayout_dut.vss__t7           2.04678e-11
xdut.xlayout_dut.qn__t4                   3.63
xdut.xlayout_dut.qp__t0                   3.63
xdut.xlayout_dut.mn__t0                   3.63
xdut.xlayout_dut.vss__t9            4.7653e-11
xdut.xlayout_dut.mn__t1                   3.63
xdut.xlayout_dut.aop__t2               2.02073
xdut.xlayout_dut.ltail__t0             2.09477
xdut.xlayout_dut.vss__t11          3.42359e-11
xdut.xlayout_dut.atail__t0            0.759237
xdut.xlayout_dut.ibias__t2             0.91521
xdut.xlayout_dut.vss__t19          0.000496878
xdut.xlayout_dut.vss__t13          1.86159e-11
xdut.xlayout_dut.qp__t1                   3.63
xdut.xlayout_dut.qn__t5                   3.63
xdut.xlayout_dut.mp__t2                   3.63
xdut.xlayout_dut.vss__t10          4.77388e-11
xdut.xlayout_dut.ltail__t1             2.09477
xdut.xlayout_dut.clk__t2                     0
xdut.xlayout_dut.vss__t18          5.88209e-12
xdut.xlayout_dut.vss__t14           1.1315e-11
xdut.xlayout_dut.mp__t1                   3.63
xdut.xlayout_dut.aon__t0               2.73033
xdut.xlayout_dut.ltail__t2             2.09477
xdut.xlayout_dut.vss__t12          3.45794e-11
xdut.xlayout_dut.aon__t1               2.72974
xdut.xlayout_dut.vinp__t0                 1.63
xdut.xlayout_dut.atail__t1            0.759814
xdut.xlayout_dut.vss__t15          4.10943e-08
xdut.xlayout_dut.aop__t1               2.01912
xdut.xlayout_dut.vinn__t0                 1.67
xdut.xlayout_dut.atail__t2            0.760177
xdut.xlayout_dut.vss__t16          8.82884e-11
xdut.xlayout_dut.mn__t2                   3.63
xdut.xlayout_dut.clk__t0                     0
xdut.xlayout_dut.vdd__t0                  3.63
xdut.xlayout_dut.vdd__t1                  3.63
xdut.xlayout_dut.qn__t1                   3.63
xdut.xlayout_dut.clk__t1                     0
xdut.xlayout_dut.vdd__t2                  3.63
xdut.xlayout_dut.vdd__t3                  3.63
xdut.xlayout_dut.sp__t0            4.99841e-09
xdut.xlayout_dut.qp__t2                   3.63
xdut.xlayout_dut.vdd__t4                  3.63
xdut.xlayout_dut.vdd__t5                  3.63
xdut.xlayout_dut.mp__t0                   3.63
xdut.xlayout_dut.clk__t4                     0
xdut.xlayout_dut.vdd__t21                 3.63
xdut.xlayout_dut.vdd__t20                 3.63
xdut.xlayout_dut.qn__t0                   3.63
xdut.xlayout_dut.qp__t3                   3.63
xdut.xlayout_dut.vdd__t6                  3.63
xdut.xlayout_dut.vdd__t7                  3.63
xdut.xlayout_dut.qp__t4                   3.63
xdut.xlayout_dut.clk__t3                     0
xdut.xlayout_dut.vdd__t19                 3.63
xdut.xlayout_dut.vdd__t18                 3.63
xdut.xlayout_dut.na__t1                 3.4577
xdut.xlayout_dut.sp__t1            4.79751e-09
xdut.xlayout_dut.vdd__t23              3.62648
xdut.xlayout_dut.vdd__t8                  3.63
xdut.xlayout_dut.dout__t0              1.66312
xdut.xlayout_dut.doutb__t2             1.66036
xdut.xlayout_dut.na__t0                3.45443
xdut.xlayout_dut.vdd__t13                 3.63
xdut.xlayout_dut.sn__t0            5.06329e-09
xdut.xlayout_dut.qn__t3                   3.63
xdut.xlayout_dut.vdd__t17                 3.63
xdut.xlayout_dut.vdd__t16                 3.63
xdut.xlayout_dut.qp__t5                   3.63
xdut.xlayout_dut.qn__t2                   3.63
xdut.xlayout_dut.vdd__t15                 3.63
xdut.xlayout_dut.vdd__t14                 3.63
xdut.xlayout_dut.nb__t1                3.45837
xdut.xlayout_dut.sn__t1            4.84481e-09
xdut.xlayout_dut.vdd__t22               3.6262
xdut.xlayout_dut.vdd__t12                 3.63
xdut.xlayout_dut.doutb__t3             1.67833
xdut.xlayout_dut.dout__t1              1.65642
xdut.xlayout_dut.nb__t0                3.44996
xdut.xlayout_dut.vdd__t11                 3.63
xdut.xlayout_dut.aon__t2               2.73057
xdut.xlayout_dut.x$28.11                2.7312
xdut.xlayout_dut.vss__t0                     0
xdut.xlayout_dut.x$28.21               3.62844
xdut.xlayout_dut.vdd__t10              3.62907
xdut.xlayout_dut.aop__t0               2.02118
xdut.xlayout_dut.x$29.11               2.02231
xdut.xlayout_dut.vss__t1                     0
xdut.xlayout_dut.x$29.21               3.62821
xdut.xlayout_dut.vdd__t9               3.62934
xdut.xlayout_dut.aon                   2.73033
vsubs                                        0
xdut.xlayout_dut.aop                   2.02073
xdut.xlayout_dut.atail                0.759737
dout                                   1.65642
doutb                                  1.66036
xdut.xlayout_dut.ltail                 2.09477
xdut.xlayout_dut.mn                       3.63
xdut.xlayout_dut.mp                       3.63
xdut.xlayout_dut.na                    3.45606
xdut.xlayout_dut.nb                    3.45417
xdut.xlayout_dut.qn                       3.63
xdut.xlayout_dut.qp                       3.63
xdut.xlayout_dut.sn                4.84481e-09
xdut.xlayout_dut.sp                4.79751e-09
dn                                    0.456313
bdn#branch                                   0
bnn#branch                         1.17161e-18
bpp#branch                          3.4199e-19
vrmp#branch                                  0
vclk#branch                                  0
vcm#branch                                   0
vsup#branch                       -0.000470361

 Reference value :  9.01925e-08
 Reference value :  2.40383e-07
 Reference value :  3.90360e-07
 Reference value :  5.40421e-07
 Reference value :  6.90382e-07
 Reference value :  8.41508e-07
 Reference value :  1.00082e-06
 Reference value :  1.17020e-06
 Reference value :  1.32069e-06
 Reference value :  1.48080e-06
 Reference value :  1.63093e-06
 Reference value :  1.80000e-06
 Reference value :  1.95010e-06
 Reference value :  2.10010e-06
 Reference value :  2.25026e-06
 Reference value :  2.40017e-06
 Reference value :  2.55021e-06
 Reference value :  2.70036e-06
 Reference value :  2.86020e-06
 Reference value :  3.03000e-06
 Reference value :  3.18013e-06
 Reference value :  3.34082e-06
 Reference value :  3.51024e-06
 Reference value :  3.67087e-06
 Reference value :  3.82251e-06
 Reference value :  3.99010e-06
 Reference value :  4.14009e-06
 Reference value :  4.29019e-06
 Reference value :  4.45012e-06
 Reference value :  4.62010e-06
 Reference value :  4.77008e-06
 Reference value :  4.92070e-06
 Reference value :  5.08079e-06
 Reference value :  5.25009e-06
 Reference value :  5.41042e-06
 Reference value :  5.58015e-06
 Reference value :  5.73124e-06
 Reference value :  5.88073e-06
 Reference value :  6.04069e-06
 Reference value :  6.22011e-06
 Reference value :  6.37021e-06
 Reference value :  6.52070e-06
 Reference value :  6.72012e-06
 Reference value :  6.88031e-06
 Reference value :  7.03119e-06
 Reference value :  7.20005e-06
 Reference value :  7.35002e-06
 Reference value :  7.50009e-06
 Reference value :  7.66014e-06
 Reference value :  7.83049e-06
 Reference value :  7.98180e-06
 Reference value :  8.14094e-06
 Reference value :  8.31008e-06
 Reference value :  8.46022e-06
 Reference value :  8.61114e-06
 Reference value :  8.77083e-06
 Reference value :  8.94044e-06
 Reference value :  9.10045e-06
 Reference value :  9.25110e-06
 Reference value :  9.42036e-06
 Reference value :  9.57015e-06
 Reference value :  9.72138e-06
 Reference value :  9.90024e-06
 Reference value :  1.00601e-05
 Reference value :  1.02109e-05
 Reference value :  1.03801e-05
 Reference value :  1.05303e-05
 Reference value :  1.06901e-05
 Reference value :  1.08406e-05
 Reference value :  1.10100e-05
 Reference value :  1.11604e-05
 Reference value :  1.13202e-05
 Reference value :  1.14709e-05
 Reference value :  1.16402e-05
 Reference value :  1.18006e-05
 Reference value :  1.19704e-05
 Reference value :  1.21503e-05
 Reference value :  1.23103e-05
 Reference value :  1.24802e-05
 Reference value :  1.26306e-05
 Reference value :  1.28101e-05
 Reference value :  1.29603e-05
 Reference value :  1.31401e-05
 Reference value :  1.33200e-05
 Reference value :  1.34801e-05
 Reference value :  1.36305e-05
 Reference value :  1.37811e-05
 Reference value :  1.39475e-05
 Reference value :  1.41101e-05
 Reference value :  1.42802e-05
 Reference value :  1.44405e-05
 Reference value :  1.46102e-05
 Reference value :  1.47701e-05
 Reference value :  1.49202e-05
 Reference value :  1.50784e-05
 Reference value :  1.52418e-05
 Reference value :  1.54202e-05
 Reference value :  1.55801e-05
 Reference value :  1.57306e-05
 Reference value :  1.59103e-05
 Reference value :  1.60902e-05
 Reference value :  1.62601e-05
 Reference value :  1.64206e-05
 Reference value :  1.65901e-05
 Reference value :  1.67502e-05
 Reference value :  1.69008e-05
 Reference value :  1.70506e-05
 Reference value :  1.72010e-05
 Reference value :  1.73700e-05
 Reference value :  1.75302e-05
 Reference value :  1.77005e-05
 Reference value :  1.78507e-05
 Reference value :  1.80102e-05
 Reference value :  1.81800e-05
 Reference value :  1.83425e-05
 Reference value :  1.85206e-05
 Reference value :  1.86901e-05
 Reference value :  1.88402e-05
 Reference value :  1.90001e-05
 Reference value :  1.91408e-05
 Reference value :  1.93010e-05
 Reference value :  1.94704e-05
 Reference value :  1.96612e-05
 Reference value :  1.98311e-05
 Reference value :  1.99904e-05
 Reference value :  2.01601e-05
 Reference value :  2.03104e-05
 Reference value :  2.04705e-05
 Reference value :  2.06413e-05
 Reference value :  2.08180e-05
 Reference value :  2.09720e-05
 Reference value :  2.11501e-05
 Reference value :  2.13102e-05
 Reference value :  2.14609e-05
 Reference value :  2.16307e-05
 Reference value :  2.17901e-05
 Reference value :  2.19408e-05
 Reference value :  2.20908e-05
 Reference value :  2.22412e-05
 Reference value :  2.24108e-05
 Reference value :  2.25709e-05
 Reference value :  2.27409e-05
 Reference value :  2.29009e-05
 Reference value :  2.30715e-05
 Reference value :  2.32308e-05
 Reference value :  2.33871e-05
 Reference value :  2.35505e-05
 Reference value :  2.37103e-05
 Reference value :  2.38816e-05
 Reference value :  2.40600e-05
 Reference value :  2.42114e-05
 Reference value :  2.43901e-05
 Reference value :  2.45402e-05
 Reference value :  2.47008e-05
 Reference value :  2.48805e-05
 Reference value :  2.50502e-05
 Reference value :  2.52010e-05
 Reference value :  2.53800e-05
 Reference value :  2.55402e-05
 Reference value :  2.57101e-05
 Reference value :  2.59008e-05
 Reference value :  2.60717e-05
 Reference value :  2.62307e-05
 Reference value :  2.63810e-05
 Reference value :  2.65500e-05
 Reference value :  2.67009e-05
 Reference value :  2.68803e-05
 Reference value :  2.70406e-05
 Reference value :  2.72101e-05
 Reference value :  2.73622e-05
 Reference value :  2.75213e-05
 Reference value :  2.76908e-05
 Reference value :  2.78503e-05
 Reference value :  2.80008e-05
 Reference value :  2.81706e-05
 Reference value :  2.83452e-05
 Reference value :  2.85001e-05
 Reference value :  2.86610e-05
 Reference value :  2.88380e-05
 Reference value :  2.90101e-05
 Reference value :  2.91612e-05
 Reference value :  2.93101e-05
 Reference value :  2.94601e-05
 Reference value :  2.96110e-05
 Reference value :  2.97901e-05
 Reference value :  2.99511e-05
 Reference value :  3.01201e-05
 Reference value :  3.02711e-05
 Reference value :  3.04213e-05
 Reference value :  3.05807e-05
 Reference value :  3.07601e-05
 Reference value :  3.09301e-05
 Reference value :  3.10901e-05
 Reference value :  3.12569e-05
 Reference value :  3.14112e-05
 Reference value :  3.15902e-05
 Reference value :  3.17511e-05
 Reference value :  3.19201e-05
 Reference value :  3.21108e-05
 Reference value :  3.22675e-05
 Reference value :  3.24407e-05
 Reference value :  3.26100e-05
 Reference value :  3.27913e-05
 Reference value :  3.29714e-05
 Reference value :  3.31473e-05
 Reference value :  3.33106e-05
 Reference value :  3.34805e-05
 Reference value :  3.36418e-05
 Reference value :  3.38202e-05
 Reference value :  3.40002e-05
 Reference value :  3.41510e-05
 Reference value :  3.43214e-05
 Reference value :  3.45005e-05
 Reference value :  3.46800e-05
 Reference value :  3.48305e-05
 Reference value :  3.49901e-05
 Reference value :  3.51409e-05
 Reference value :  3.53116e-05
 Reference value :  3.54702e-05
 Reference value :  3.56385e-05
 Reference value :  3.58008e-05
 Reference value :  3.59803e-05
 Reference value :  3.61513e-05
 Reference value :  3.63154e-05
 Reference value :  3.64903e-05
 Reference value :  3.66600e-05
 Reference value :  3.68509e-05
 Reference value :  3.70207e-05
 Reference value :  3.71802e-05
 Reference value :  3.73501e-05
 Reference value :  3.75101e-05
 Reference value :  3.76801e-05
 Reference value :  3.78408e-05
 Reference value :  3.80105e-05
 Reference value :  3.81702e-05
 Reference value :  3.83401e-05
 Reference value :  3.84914e-05
 Reference value :  3.86503e-05
 Reference value :  3.88202e-05
 Reference value :  3.89802e-05
 Reference value :  3.91501e-05
 Reference value :  3.93301e-05
 Reference value :  3.94805e-05
 Reference value :  3.96410e-05
 Reference value :  3.98104e-05
 Reference value :  3.99701e-05
 Reference value :  4.01401e-05
 Reference value :  4.03201e-05
 Reference value :  4.04705e-05
 Reference value :  4.06305e-05
 Reference value :  4.07811e-05
 Reference value :  4.09601e-05
 Reference value :  4.11301e-05
 Reference value :  4.12801e-05
 Reference value :  4.14311e-05
 Reference value :  4.15901e-05
 Reference value :  4.17711e-05
 Reference value :  4.19400e-05
 Reference value :  4.20903e-05
 Reference value :  4.22407e-05
 Reference value :  4.24002e-05
 Reference value :  4.25515e-05
 Reference value :  4.27008e-05
 Reference value :  4.28545e-05
 Reference value :  4.30030e-05
 Reference value :  4.31592e-05
 Reference value :  4.33201e-05
 Reference value :  4.34711e-05
 Reference value :  4.36500e-05
 Reference value :  4.38005e-05
 Reference value :  4.39602e-05
 Reference value :  4.41333e-05
 Reference value :  4.42902e-05
 Reference value :  4.44413e-05
 Reference value :  4.46102e-05
 Reference value :  4.47702e-05
 Reference value :  4.49209e-05
 Reference value :  4.50901e-05
 Reference value :  4.52405e-05
 Reference value :  4.53913e-05
 Reference value :  4.55506e-05
 Reference value :  4.57202e-05
 Reference value :  4.58705e-05
 Reference value :  4.60616e-05
 Reference value :  4.62401e-05
 Reference value :  4.63905e-05
 Reference value :  4.65410e-05
 Reference value :  4.66912e-05
 Reference value :  4.68416e-05
 Reference value :  4.70201e-05
 Reference value :  4.71708e-05
 Reference value :  4.73401e-05
 Reference value :  4.74902e-05
 Reference value :  4.76406e-05
 Reference value :  4.78005e-05
 Reference value :  4.79509e-05
 Reference value :  4.81010e-05
 Reference value :  4.82593e-05
 Reference value :  4.84201e-05
 Reference value :  4.85728e-05
 Reference value :  4.87213e-05
 Reference value :  4.88803e-05
 Reference value :  4.90312e-05
 Reference value :  4.92003e-05
 Reference value :  4.93502e-05
 Reference value :  4.95007e-05
 Reference value :  4.96601e-05
 Reference value :  4.98111e-05
 Reference value :  4.99801e-05
 Reference value :  5.01302e-05
 Reference value :  5.02831e-05
 Reference value :  5.04402e-05
 Reference value :  5.06201e-05
 Reference value :  5.07702e-05
 Reference value :  5.09210e-05
 Reference value :  5.10726e-05
 Reference value :  5.12401e-05
 Reference value :  5.13902e-05
 Reference value :  5.15704e-05
 Reference value :  5.17204e-05
 Reference value :  5.18710e-05
 Reference value :  5.20233e-05
 Reference value :  5.21808e-05
 Reference value :  5.23504e-05
 Reference value :  5.25300e-05
 Reference value :  5.26807e-05
 Reference value :  5.28362e-05
 Reference value :  5.29902e-05
 Reference value :  5.31411e-05
 Reference value :  5.33101e-05
 Reference value :  5.34601e-05
 Reference value :  5.35909e-05
 Reference value :  5.37410e-05
 Reference value :  5.39106e-05
 Reference value :  5.40701e-05
 Reference value :  5.42213e-05
 Reference value :  5.43737e-05
 Reference value :  5.45401e-05
 Reference value :  5.46901e-05
 Reference value :  5.48383e-05
 Reference value :  5.49901e-05
 Reference value :  5.51401e-05
 Reference value :  5.52901e-05
 Reference value :  5.54401e-05
 Reference value :  5.56002e-05
 Reference value :  5.57701e-05
 Reference value :  5.59201e-05
 Reference value :  5.60707e-05
 Reference value :  5.62326e-05
 Reference value :  5.63817e-05
 Reference value :  5.65803e-05
 Reference value :  5.67405e-05
 Reference value :  5.68905e-05
 Reference value :  5.70408e-05
 Reference value :  5.72100e-05
 Reference value :  5.73409e-05
 Reference value :  5.75101e-05
 Reference value :  5.76701e-05
 Reference value :  5.78206e-05
 Reference value :  5.79708e-05
 Reference value :  5.81363e-05
 Reference value :  5.82901e-05
 Reference value :  5.84502e-05
 Reference value :  5.86002e-05
 Reference value :  5.87505e-05
 Reference value :  5.89007e-05
 Reference value :  5.90502e-05
 Reference value :  5.92010e-05
 Reference value :  5.93701e-05
 Reference value :  5.95206e-05
 Reference value :  5.96801e-05
 Reference value :  5.98309e-05
 Reference value :  5.99809e-05
 Reference value :  6.01505e-05
 Reference value :  6.03022e-05
 Reference value :  6.04610e-05
 Reference value :  6.06106e-05
 Reference value :  6.07800e-05
 Reference value :  6.09316e-05
 Reference value :  6.10901e-05
 Reference value :  6.12402e-05
 Reference value :  6.14100e-05
 Reference value :  6.15601e-05
 Reference value :  6.17401e-05
 Reference value :  6.19008e-05
 Reference value :  6.20701e-05
 Reference value :  6.22201e-05
 Reference value :  6.23705e-05
 Reference value :  6.25206e-05
 Reference value :  6.27001e-05
 Reference value :  6.28504e-05
 Reference value :  6.30110e-05
 Reference value :  6.31807e-05
 Reference value :  6.33401e-05
 Reference value :  6.34907e-05
 Reference value :  6.36409e-05
 Reference value :  6.38104e-05
 Reference value :  6.39710e-05
 Reference value :  6.41401e-05
 Reference value :  6.42901e-05
 Reference value :  6.44700e-05
 Reference value :  6.46302e-05
 Reference value :  6.48001e-05
 Reference value :  6.49504e-05
 Reference value :  6.51003e-05
 Reference value :  6.52606e-05
 Reference value :  6.54123e-05
 Reference value :  6.55908e-05
 Reference value :  6.57601e-05
 Reference value :  6.59201e-05
 Reference value :  6.60900e-05
 Reference value :  6.62419e-05
 Reference value :  6.64201e-05
 Reference value :  6.65802e-05
 Reference value :  6.67476e-05
 Reference value :  6.69026e-05
 Reference value :  6.70801e-05
 Reference value :  6.72403e-05
 Reference value :  6.73989e-05
 Reference value :  6.75904e-05
 Reference value :  6.77502e-05
 Reference value :  6.79010e-05
 Reference value :  6.80700e-05
 Reference value :  6.82210e-05
 Reference value :  6.83806e-05
 Reference value :  6.85502e-05
 Reference value :  6.87304e-05
 Reference value :  6.89101e-05
 Reference value :  6.90701e-05
 Reference value :  6.92205e-05
 Reference value :  6.93705e-05
 Reference value :  6.95401e-05
 Reference value :  6.96906e-05
 Reference value :  6.98505e-05
 Reference value :  7.00200e-05
 Reference value :  7.01701e-05
 Reference value :  7.03501e-05
 Reference value :  7.05006e-05
 Reference value :  7.06805e-05
 Reference value :  7.08406e-05
 Reference value :  7.10101e-05
 Reference value :  7.11611e-05
 Reference value :  7.13210e-05
 Reference value :  7.14901e-05
 Reference value :  7.16501e-05
 Reference value :  7.18201e-05
 Reference value :  7.19802e-05
 Reference value :  7.22512e-05
 Reference value :  7.24907e-05
 Reference value :  7.26413e-05
 Reference value :  7.28105e-05
 Reference value :  7.29901e-05
 Reference value :  7.31407e-05
 Reference value :  7.33002e-05
 Reference value :  7.34622e-05
 Reference value :  7.36204e-05
 Reference value :  7.37809e-05
 Reference value :  7.39801e-05
 Reference value :  7.41402e-05
 Reference value :  7.42909e-05
 Reference value :  7.44601e-05
 Reference value :  7.46102e-05
 Reference value :  7.47701e-05
 Reference value :  7.49402e-05
 Reference value :  7.51001e-05
 Reference value :  7.52583e-05
 Reference value :  7.54018e-05
 Reference value :  7.55722e-05
 Reference value :  7.57302e-05
 Reference value :  7.58806e-05
 Reference value :  7.60500e-05
 Reference value :  7.62001e-05
 Reference value :  7.63501e-05
 Reference value :  7.65001e-05
 Reference value :  7.66503e-05
 Reference value :  7.68102e-05
 Reference value :  7.69800e-05
 Reference value :  7.71301e-05
 Reference value :  7.72800e-05
 Reference value :  7.74301e-05
 Reference value :  7.75801e-05
 Reference value :  7.77304e-05
 Reference value :  7.79100e-05
 Reference value :  7.80601e-05
 Reference value :  7.82101e-05
 Reference value :  7.83602e-05
 Reference value :  7.85109e-05
 Reference value :  7.86711e-05
 Reference value :  7.88211e-05
 Reference value :  7.89901e-05
 Reference value :  7.91401e-05
 Reference value :  7.93001e-05
 Reference value :  7.94511e-05
 Reference value :  7.96501e-05
 Reference value :  7.98002e-05
 Reference value :  7.99501e-05
No. of Data Rows : 485137
t_flip              =  2.91617e-05
vos_v               =  -1.08383e-02
m_dut_vos = -1.083830000e-02
Note: Simulation executed from .control section 

Warning: m=xx on .subckt line will override multiplier m hierarchy!

Note: Starting dynamic gmin stepping
Note: Dynamic gmin stepping completed
