
Note: Compatibility modes selected: hs a


Circuit: * comparator-kickback-vosprobe @ fs_27c_3.30v -- generated by sim/harness, do not edit

Doing analysis at TEMP = 27.000000 and TNOM = 27.000000

Using SPARSE 1.3 as Direct Linear Solver

Initial Transient Solution
--------------------------

Node                                   Voltage
----                                   -------
vdd                                        3.3
cm                                        1.65
clk                                          0
rmp                                      -0.04
vp                                        1.63
vn                                        1.67
ibn                                    0.91521
xdut.xlayout_dut.sp__t2            3.99385e-09
xdut.xlayout_dut.qp__t6                    3.3
xdut.xlayout_dut.vss__t17          3.34899e-11
xdut.xlayout_dut.vss__t2           3.81198e-20
xdut.xlayout_dut.dout__t3              1.49099
xdut.xlayout_dut.sp__t3            4.06854e-09
xdut.xlayout_dut.vss__t25          1.28817e-12
xdut.xlayout_dut.vss__t3           1.66951e-11
xdut.xlayout_dut.dout__t2              1.48401
xdut.xlayout_dut.doutb__t0             1.49396
xdut.xlayout_dut.vss__t24           0.00198731
xdut.xlayout_dut.vss__t4           1.75847e-11
xdut.xlayout_dut.ibias__t0            0.913932
xdut.xlayout_dut.ibias__t1             0.91521
xdut.xlayout_dut.vss__t20          0.000254896
xdut.xlayout_dut.vss__t8           2.33023e-11
xdut.xlayout_dut.sn__t2            3.99379e-09
xdut.xlayout_dut.qn__t6                    3.3
xdut.xlayout_dut.vss__t23          3.34276e-11
xdut.xlayout_dut.vss__t5           3.80477e-20
xdut.xlayout_dut.doutb__t1             1.49396
xdut.xlayout_dut.sn__t3            4.10706e-09
xdut.xlayout_dut.vss__t22          1.28708e-12
xdut.xlayout_dut.vss__t6           1.67061e-11
xdut.xlayout_dut.doutb__t4             1.48764
xdut.xlayout_dut.dout__t4              1.49099
xdut.xlayout_dut.vss__t21           0.00197485
xdut.xlayout_dut.vss__t7           1.76212e-11
xdut.xlayout_dut.qn__t4                    3.3
xdut.xlayout_dut.qp__t0                    3.3
xdut.xlayout_dut.mn__t0                    3.3
xdut.xlayout_dut.vss__t9           4.33209e-11
xdut.xlayout_dut.mn__t1                    3.3
xdut.xlayout_dut.aop__t2               1.69098
xdut.xlayout_dut.ltail__t0             1.81993
xdut.xlayout_dut.vss__t11          3.06188e-11
xdut.xlayout_dut.atail__t0             0.75883
xdut.xlayout_dut.ibias__t2             0.91521
xdut.xlayout_dut.vss__t19          0.000496875
xdut.xlayout_dut.vss__t13          1.86059e-11
xdut.xlayout_dut.qp__t1                    3.3
xdut.xlayout_dut.qn__t5                    3.3
xdut.xlayout_dut.mp__t2                    3.3
xdut.xlayout_dut.vss__t10          4.33989e-11
xdut.xlayout_dut.ltail__t1             1.81993
xdut.xlayout_dut.clk__t2                     0
xdut.xlayout_dut.vss__t18          5.64382e-12
xdut.xlayout_dut.vss__t14          9.82927e-12
xdut.xlayout_dut.mp__t1                    3.3
xdut.xlayout_dut.aon__t0               2.40029
xdut.xlayout_dut.ltail__t2             1.81993
xdut.xlayout_dut.vss__t12          3.09259e-11
xdut.xlayout_dut.aon__t1                2.3997
xdut.xlayout_dut.vinp__t0                 1.63
xdut.xlayout_dut.atail__t1            0.759406
xdut.xlayout_dut.vss__t15          2.71922e-09
xdut.xlayout_dut.aop__t1               1.68937
xdut.xlayout_dut.vinn__t0                 1.67
xdut.xlayout_dut.atail__t2            0.759769
xdut.xlayout_dut.vss__t16          5.90263e-11
xdut.xlayout_dut.mn__t2                    3.3
xdut.xlayout_dut.clk__t0                     0
xdut.xlayout_dut.vdd__t0                   3.3
xdut.xlayout_dut.vdd__t1                   3.3
xdut.xlayout_dut.qn__t1                    3.3
xdut.xlayout_dut.clk__t1                     0
xdut.xlayout_dut.vdd__t2                   3.3
xdut.xlayout_dut.vdd__t3                   3.3
xdut.xlayout_dut.sp__t0            4.23216e-09
xdut.xlayout_dut.qp__t2                    3.3
xdut.xlayout_dut.vdd__t4                   3.3
xdut.xlayout_dut.vdd__t5                   3.3
xdut.xlayout_dut.mp__t0                    3.3
xdut.xlayout_dut.clk__t4                     0
xdut.xlayout_dut.vdd__t21                  3.3
xdut.xlayout_dut.vdd__t20                  3.3
xdut.xlayout_dut.qn__t0                    3.3
xdut.xlayout_dut.qp__t3                    3.3
xdut.xlayout_dut.vdd__t6                   3.3
xdut.xlayout_dut.vdd__t7                   3.3
xdut.xlayout_dut.qp__t4                    3.3
xdut.xlayout_dut.clk__t3                     0
xdut.xlayout_dut.vdd__t19                  3.3
xdut.xlayout_dut.vdd__t18                  3.3
xdut.xlayout_dut.na__t1                3.15876
xdut.xlayout_dut.sp__t1            4.06854e-09
xdut.xlayout_dut.vdd__t23              3.29731
xdut.xlayout_dut.vdd__t8                   3.3
xdut.xlayout_dut.dout__t0              1.49612
xdut.xlayout_dut.doutb__t2             1.49396
xdut.xlayout_dut.na__t0                3.15626
xdut.xlayout_dut.vdd__t13                  3.3
xdut.xlayout_dut.sn__t0            4.28501e-09
xdut.xlayout_dut.qn__t3                    3.3
xdut.xlayout_dut.vdd__t17                  3.3
xdut.xlayout_dut.vdd__t16                  3.3
xdut.xlayout_dut.qp__t5                    3.3
xdut.xlayout_dut.qn__t2                    3.3
xdut.xlayout_dut.vdd__t15                  3.3
xdut.xlayout_dut.vdd__t14                  3.3
xdut.xlayout_dut.nb__t1                3.15927
xdut.xlayout_dut.sn__t1            4.10706e-09
xdut.xlayout_dut.vdd__t22              3.29709
xdut.xlayout_dut.vdd__t12                  3.3
xdut.xlayout_dut.doutb__t3             1.50771
xdut.xlayout_dut.dout__t1              1.49099
xdut.xlayout_dut.nb__t0                3.15284
xdut.xlayout_dut.vdd__t11                  3.3
xdut.xlayout_dut.aon__t2               2.40053
xdut.xlayout_dut.x$28.11               2.40116
xdut.xlayout_dut.vss__t0                     0
xdut.xlayout_dut.x$28.21               3.29844
xdut.xlayout_dut.vdd__t10              3.29907
xdut.xlayout_dut.aop__t0               1.69144
xdut.xlayout_dut.x$29.11               1.69256
xdut.xlayout_dut.vss__t1                     0
xdut.xlayout_dut.x$29.21               3.29821
xdut.xlayout_dut.vdd__t9               3.29934
xdut.xlayout_dut.aon                   2.40029
vsubs                                        0
xdut.xlayout_dut.aop                   1.69098
xdut.xlayout_dut.atail                 0.75933
dout                                   1.49099
doutb                                  1.49396
xdut.xlayout_dut.ltail                 1.81993
xdut.xlayout_dut.mn                        3.3
xdut.xlayout_dut.mp                        3.3
xdut.xlayout_dut.na                    3.15751
xdut.xlayout_dut.nb                    3.15605
xdut.xlayout_dut.qn                        3.3
xdut.xlayout_dut.qp                        3.3
xdut.xlayout_dut.sn                4.10706e-09
xdut.xlayout_dut.sp                4.06854e-09
dn                                    0.451815
bdn#branch                                   0
bnn#branch                         1.17161e-18
bpp#branch                          3.4199e-19
vrmp#branch                                  0
vclk#branch                                  0
vcm#branch                                   0
vsup#branch                       -0.000366968

 Reference value :  9.01916e-08
 Reference value :  2.40436e-07
 Reference value :  4.20241e-07
 Reference value :  6.07528e-07
 Reference value :  7.73100e-07
 Reference value :  9.30102e-07
 Reference value :  1.08581e-06
 Reference value :  1.23310e-06
 Reference value :  1.39087e-06
 Reference value :  1.56016e-06
 Reference value :  1.72122e-06
 Reference value :  1.89041e-06
 Reference value :  2.05092e-06
 Reference value :  2.22023e-06
 Reference value :  2.38012e-06
 Reference value :  2.53058e-06
 Reference value :  2.69290e-06
 Reference value :  2.85010e-06
 Reference value :  3.00019e-06
 Reference value :  3.15024e-06
 Reference value :  3.30089e-06
 Reference value :  3.46084e-06
 Reference value :  3.63118e-06
 Reference value :  3.78226e-06
 Reference value :  3.96008e-06
 Reference value :  4.12086e-06
 Reference value :  4.29043e-06
 Reference value :  4.45018e-06
 Reference value :  4.60074e-06
 Reference value :  4.75045e-06
 Reference value :  4.90021e-06
 Reference value :  5.05074e-06
 Reference value :  5.22007e-06
 Reference value :  5.37009e-06
 Reference value :  5.52049e-06
 Reference value :  5.68099e-06
 Reference value :  5.85008e-06
 Reference value :  6.00024e-06
 Reference value :  6.16020e-06
 Reference value :  6.33010e-06
 Reference value :  6.48013e-06
 Reference value :  6.63107e-06
 Reference value :  6.79150e-06
 Reference value :  6.96015e-06
 Reference value :  7.11018e-06
 Reference value :  7.29122e-06
 Reference value :  7.47026e-06
 Reference value :  7.63012e-06
 Reference value :  7.78043e-06
 Reference value :  7.93064e-06
 Reference value :  8.08093e-06
 Reference value :  8.25013e-06
 Reference value :  8.43009e-06
 Reference value :  8.58041e-06
 Reference value :  8.74024e-06
 Reference value :  8.89100e-06
 Reference value :  9.06007e-06
 Reference value :  9.21031e-06
 Reference value :  9.37079e-06
 Reference value :  9.52090e-06
 Reference value :  9.70012e-06
 Reference value :  9.85088e-06
 Reference value :  1.00201e-05
 Reference value :  1.01803e-05
 Reference value :  1.03313e-05
 Reference value :  1.05101e-05
 Reference value :  1.06801e-05
 Reference value :  1.08407e-05
 Reference value :  1.10102e-05
 Reference value :  1.11611e-05
 Reference value :  1.13202e-05
 Reference value :  1.14708e-05
 Reference value :  1.16214e-05
 Reference value :  1.17902e-05
 Reference value :  1.19501e-05
 Reference value :  1.21007e-05
 Reference value :  1.22509e-05
 Reference value :  1.24205e-05
 Reference value :  1.25829e-05
 Reference value :  1.27610e-05
 Reference value :  1.29401e-05
 Reference value :  1.30912e-05
 Reference value :  1.32602e-05
 Reference value :  1.34115e-05
 Reference value :  1.35708e-05
 Reference value :  1.37400e-05
 Reference value :  1.39205e-05
 Reference value :  1.40805e-05
 Reference value :  1.42501e-05
 Reference value :  1.44007e-05
 Reference value :  1.45504e-05
 Reference value :  1.47101e-05
 Reference value :  1.48614e-05
 Reference value :  1.50305e-05
 Reference value :  1.51906e-05
 Reference value :  1.53601e-05
 Reference value :  1.55201e-05
 Reference value :  1.56701e-05
 Reference value :  1.58297e-05
 Reference value :  1.60002e-05
 Reference value :  1.61717e-05
 Reference value :  1.63305e-05
 Reference value :  1.64809e-05
 Reference value :  1.66608e-05
 Reference value :  1.68409e-05
 Reference value :  1.70102e-05
 Reference value :  1.71706e-05
 Reference value :  1.73401e-05
 Reference value :  1.75010e-05
 Reference value :  1.76701e-05
 Reference value :  1.78205e-05
 Reference value :  1.79806e-05
 Reference value :  1.81501e-05
 Reference value :  1.83109e-05
 Reference value :  1.84909e-05
 Reference value :  1.86601e-05
 Reference value :  1.88112e-05
 Reference value :  1.89901e-05
 Reference value :  1.91508e-05
 Reference value :  1.93136e-05
 Reference value :  1.94802e-05
 Reference value :  1.96310e-05
 Reference value :  1.98007e-05
 Reference value :  1.99801e-05
 Reference value :  2.01402e-05
 Reference value :  2.03105e-05
 Reference value :  2.05010e-05
 Reference value :  2.06814e-05
 Reference value :  2.08501e-05
 Reference value :  2.10101e-05
 Reference value :  2.11609e-05
 Reference value :  2.13302e-05
 Reference value :  2.15103e-05
 Reference value :  2.16706e-05
 Reference value :  2.18422e-05
 Reference value :  2.20021e-05
 Reference value :  2.21701e-05
 Reference value :  2.23302e-05
 Reference value :  2.24809e-05
 Reference value :  2.26503e-05
 Reference value :  2.28002e-05
 Reference value :  2.29522e-05
 Reference value :  2.31307e-05
 Reference value :  2.32909e-05
 Reference value :  2.34701e-05
 Reference value :  2.36402e-05
 Reference value :  2.38004e-05
 Reference value :  2.39700e-05
 Reference value :  2.41201e-05
 Reference value :  2.42801e-05
 Reference value :  2.44310e-05
 Reference value :  2.46005e-05
 Reference value :  2.47801e-05
 Reference value :  2.49410e-05
 Reference value :  2.51101e-05
 Reference value :  2.52706e-05
 Reference value :  2.54210e-05
 Reference value :  2.55974e-05
 Reference value :  2.57702e-05
 Reference value :  2.59309e-05
 Reference value :  2.61004e-05
 Reference value :  2.62620e-05
 Reference value :  2.64376e-05
 Reference value :  2.66102e-05
 Reference value :  2.67715e-05
 Reference value :  2.69817e-05
 Reference value :  2.71502e-05
 Reference value :  2.73106e-05
 Reference value :  2.74625e-05
 Reference value :  2.76302e-05
 Reference value :  2.77910e-05
 Reference value :  2.79702e-05
 Reference value :  2.81400e-05
 Reference value :  2.83002e-05
 Reference value :  2.84708e-05
 Reference value :  2.86501e-05
 Reference value :  2.88023e-05
 Reference value :  2.89607e-05
 Reference value :  2.91302e-05
 Reference value :  2.93101e-05
 Reference value :  2.94609e-05
 Reference value :  2.96401e-05
 Reference value :  2.98022e-05
 Reference value :  2.99801e-05
 Reference value :  3.01320e-05
 Reference value :  3.03001e-05
 Reference value :  3.04502e-05
 Reference value :  3.06008e-05
 Reference value :  3.07801e-05
 Reference value :  3.09376e-05
 Reference value :  3.10902e-05
 Reference value :  3.12408e-05
 Reference value :  3.14100e-05
 Reference value :  3.15401e-05
 Reference value :  3.16812e-05
 Reference value :  3.18419e-05
 Reference value :  3.20110e-05
 Reference value :  3.21607e-05
 Reference value :  3.23202e-05
 Reference value :  3.24900e-05
 Reference value :  3.26412e-05
 Reference value :  3.28011e-05
 Reference value :  3.30003e-05
 Reference value :  3.31601e-05
 Reference value :  3.33106e-05
 Reference value :  3.34803e-05
 Reference value :  3.36310e-05
 Reference value :  3.38112e-05
 Reference value :  3.39906e-05
 Reference value :  3.41506e-05
 Reference value :  3.43206e-05
 Reference value :  3.44706e-05
 Reference value :  3.46303e-05
 Reference value :  3.47811e-05
 Reference value :  3.49502e-05
 Reference value :  3.51109e-05
 Reference value :  3.52627e-05
 Reference value :  3.54401e-05
 Reference value :  3.56101e-05
 Reference value :  3.57702e-05
 Reference value :  3.59208e-05
 Reference value :  3.60711e-05
 Reference value :  3.62401e-05
 Reference value :  3.64002e-05
 Reference value :  3.65548e-05
 Reference value :  3.67205e-05
 Reference value :  3.68808e-05
 Reference value :  3.70508e-05
 Reference value :  3.72301e-05
 Reference value :  3.73903e-05
 Reference value :  3.75602e-05
 Reference value :  3.77213e-05
 Reference value :  3.79020e-05
 Reference value :  3.81011e-05
 Reference value :  3.82604e-05
 Reference value :  3.84113e-05
 Reference value :  3.85801e-05
 Reference value :  3.87305e-05
 Reference value :  3.88902e-05
 Reference value :  3.90601e-05
 Reference value :  3.92209e-05
 Reference value :  3.93901e-05
 Reference value :  3.95405e-05
 Reference value :  3.97008e-05
 Reference value :  3.98512e-05
 Reference value :  4.00202e-05
 Reference value :  4.01804e-05
 Reference value :  4.03323e-05
 Reference value :  4.05302e-05
 Reference value :  4.06909e-05
 Reference value :  4.08603e-05
 Reference value :  4.10114e-05
 Reference value :  4.11709e-05
 Reference value :  4.13401e-05
 Reference value :  4.15020e-05
 Reference value :  4.16701e-05
 Reference value :  4.18309e-05
 Reference value :  4.19814e-05
 Reference value :  4.21503e-05
 Reference value :  4.23301e-05
 Reference value :  4.24810e-05
 Reference value :  4.26406e-05
 Reference value :  4.28104e-05
 Reference value :  4.29701e-05
 Reference value :  4.31511e-05
 Reference value :  4.33201e-05
 Reference value :  4.34710e-05
 Reference value :  4.36215e-05
 Reference value :  4.37806e-05
 Reference value :  4.39326e-05
 Reference value :  4.41002e-05
 Reference value :  4.42314e-05
 Reference value :  4.43819e-05
 Reference value :  4.45317e-05
 Reference value :  4.47003e-05
 Reference value :  4.48602e-05
 Reference value :  4.50303e-05
 Reference value :  4.51805e-05
 Reference value :  4.53613e-05
 Reference value :  4.55401e-05
 Reference value :  4.56902e-05
 Reference value :  4.58501e-05
 Reference value :  4.60004e-05
 Reference value :  4.61701e-05
 Reference value :  4.63214e-05
 Reference value :  4.64813e-05
 Reference value :  4.66501e-05
 Reference value :  4.68001e-05
 Reference value :  4.69604e-05
 Reference value :  4.71109e-05
 Reference value :  4.73105e-05
 Reference value :  4.74711e-05
 Reference value :  4.76401e-05
 Reference value :  4.77905e-05
 Reference value :  4.79501e-05
 Reference value :  4.80905e-05
 Reference value :  4.82508e-05
 Reference value :  4.84155e-05
 Reference value :  4.85702e-05
 Reference value :  4.87301e-05
 Reference value :  4.88707e-05
 Reference value :  4.90302e-05
 Reference value :  4.91807e-05
 Reference value :  4.93302e-05
 Reference value :  4.94801e-05
 Reference value :  4.96301e-05
 Reference value :  4.97722e-05
 Reference value :  4.99205e-05
 Reference value :  5.00703e-05
 Reference value :  5.02204e-05
 Reference value :  5.03803e-05
 Reference value :  5.05216e-05
 Reference value :  5.06801e-05
 Reference value :  5.08301e-05
 Reference value :  5.09803e-05
 Reference value :  5.11301e-05
 Reference value :  5.12718e-05
 Reference value :  5.14301e-05
 Reference value :  5.16002e-05
 Reference value :  5.17606e-05
 Reference value :  5.19108e-05
 Reference value :  5.20617e-05
 Reference value :  5.22300e-05
 Reference value :  5.23802e-05
 Reference value :  5.25302e-05
 Reference value :  5.27202e-05
 Reference value :  5.28709e-05
 Reference value :  5.30401e-05
 Reference value :  5.31902e-05
 Reference value :  5.33414e-05
 Reference value :  5.35202e-05
 Reference value :  5.37001e-05
 Reference value :  5.38602e-05
 Reference value :  5.40300e-05
 Reference value :  5.41901e-05
 Reference value :  5.43411e-05
 Reference value :  5.45112e-05
 Reference value :  5.46702e-05
 Reference value :  5.48111e-05
 Reference value :  5.49704e-05
 Reference value :  5.51210e-05
 Reference value :  5.53009e-05
 Reference value :  5.54701e-05
 Reference value :  5.56224e-05
 Reference value :  5.57806e-05
 Reference value :  5.59316e-05
 Reference value :  5.61001e-05
 Reference value :  5.62505e-05
 Reference value :  5.64108e-05
 Reference value :  5.65611e-05
 Reference value :  5.67110e-05
 Reference value :  5.68804e-05
 Reference value :  5.70411e-05
 Reference value :  5.72107e-05
 Reference value :  5.73701e-05
 Reference value :  5.75207e-05
 Reference value :  5.76904e-05
 Reference value :  5.78502e-05
 Reference value :  5.80501e-05
 Reference value :  5.82102e-05
 Reference value :  5.83602e-05
 Reference value :  5.85114e-05
 Reference value :  5.86804e-05
 Reference value :  5.88312e-05
 Reference value :  5.89916e-05
 Reference value :  5.91702e-05
 Reference value :  5.93262e-05
 Reference value :  5.94902e-05
 Reference value :  5.96411e-05
 Reference value :  5.98011e-05
 Reference value :  5.99701e-05
 Reference value :  6.01204e-05
 Reference value :  6.02727e-05
 Reference value :  6.04305e-05
 Reference value :  6.06001e-05
 Reference value :  6.07601e-05
 Reference value :  6.09122e-05
 Reference value :  6.10802e-05
 Reference value :  6.12406e-05
 Reference value :  6.14101e-05
 Reference value :  6.15705e-05
 Reference value :  6.17212e-05
 Reference value :  6.19009e-05
 Reference value :  6.20701e-05
 Reference value :  6.22207e-05
 Reference value :  6.23802e-05
 Reference value :  6.25501e-05
 Reference value :  6.27112e-05
 Reference value :  6.28801e-05
 Reference value :  6.30401e-05
 Reference value :  6.32101e-05
 Reference value :  6.33706e-05
 Reference value :  6.35401e-05
 Reference value :  6.37327e-05
 Reference value :  6.39005e-05
 Reference value :  6.40608e-05
 Reference value :  6.42302e-05
 Reference value :  6.43805e-05
 Reference value :  6.45607e-05
 Reference value :  6.47401e-05
 Reference value :  6.49009e-05
 Reference value :  6.50521e-05
 Reference value :  6.52203e-05
 Reference value :  6.53802e-05
 Reference value :  6.55501e-05
 Reference value :  6.57107e-05
 Reference value :  6.58801e-05
 Reference value :  6.60401e-05
 Reference value :  6.61910e-05
 Reference value :  6.63708e-05
 Reference value :  6.65402e-05
 Reference value :  6.66904e-05
 Reference value :  6.68410e-05
 Reference value :  6.70138e-05
 Reference value :  6.71702e-05
 Reference value :  6.73311e-05
 Reference value :  6.75101e-05
 Reference value :  6.76609e-05
 Reference value :  6.78112e-05
 Reference value :  6.79801e-05
 Reference value :  6.81402e-05
 Reference value :  6.83106e-05
 Reference value :  6.84710e-05
 Reference value :  6.86401e-05
 Reference value :  6.88002e-05
 Reference value :  6.89801e-05
 Reference value :  6.91501e-05
 Reference value :  6.93109e-05
 Reference value :  6.94906e-05
 Reference value :  6.96414e-05
 Reference value :  6.98101e-05
 Reference value :  6.99604e-05
 Reference value :  7.01401e-05
 Reference value :  7.02904e-05
 Reference value :  7.04701e-05
 Reference value :  7.06313e-05
 Reference value :  7.08101e-05
 Reference value :  7.09611e-05
 Reference value :  7.11214e-05
 Reference value :  7.12804e-05
 Reference value :  7.14402e-05
 Reference value :  7.16101e-05
 Reference value :  7.17616e-05
 Reference value :  7.19210e-05
 Reference value :  7.20902e-05
 Reference value :  7.22512e-05
 Reference value :  7.24315e-05
 Reference value :  7.26013e-05
 Reference value :  7.27609e-05
 Reference value :  7.29301e-05
 Reference value :  7.30804e-05
 Reference value :  7.32410e-05
 Reference value :  7.34101e-05
 Reference value :  7.35719e-05
 Reference value :  7.37505e-05
 Reference value :  7.40103e-05
 Reference value :  7.42301e-05
 Reference value :  7.43813e-05
 Reference value :  7.45603e-05
 Reference value :  7.47304e-05
 Reference value :  7.48906e-05
 Reference value :  7.50601e-05
 Reference value :  7.52202e-05
 Reference value :  7.53870e-05
 Reference value :  7.55704e-05
 Reference value :  7.57310e-05
 Reference value :  7.58874e-05
 Reference value :  7.60603e-05
 Reference value :  7.62111e-05
 Reference value :  7.63804e-05
 Reference value :  7.65405e-05
 Reference value :  7.67112e-05
 Reference value :  7.68901e-05
 Reference value :  7.70509e-05
 Reference value :  7.72013e-05
 Reference value :  7.73701e-05
 Reference value :  7.75214e-05
 Reference value :  7.77000e-05
 Reference value :  7.78503e-05
 Reference value :  7.80105e-05
 Reference value :  7.81800e-05
 Reference value :  7.83308e-05
 Reference value :  7.85101e-05
 Reference value :  7.86702e-05
 Reference value :  7.88401e-05
 Reference value :  7.89904e-05
 Reference value :  7.91501e-05
 Reference value :  7.93011e-05
 Reference value :  7.94702e-05
 Reference value :  7.96500e-05
 Reference value :  7.98002e-05
 Reference value :  7.99505e-05
No. of Data Rows : 477656
t_flip              =  3.15019e-05
vos_v               =  -8.49808e-03
m_dut_vos = -8.498080000e-03
Note: Simulation executed from .control section 

Warning: m=xx on .subckt line will override multiplier m hierarchy!

Note: Starting dynamic gmin stepping
Note: Dynamic gmin stepping completed
