
Note: Compatibility modes selected: hs a


Circuit: * comparator-kickback-vosprobe @ sf_-40c_3.30v -- generated by sim/harness, do not edit

Doing analysis at TEMP = -40.000000 and TNOM = 27.000000

Using SPARSE 1.3 as Direct Linear Solver

Initial Transient Solution
--------------------------

Node                                   Voltage
----                                   -------
vdd                                        3.3
cm                                        1.65
clk                                          0
rmp                                      -0.04
vp                                        1.63
vn                                        1.67
ibn                                    1.09489
xdut.xlayout_dut.sp__t2             3.7181e-09
xdut.xlayout_dut.qp__t6                    3.3
xdut.xlayout_dut.vss__t17          3.51079e-11
xdut.xlayout_dut.vss__t2           3.55235e-20
xdut.xlayout_dut.dout__t3          4.30688e-09
xdut.xlayout_dut.sp__t3             3.7964e-09
xdut.xlayout_dut.vss__t25          5.76904e-25
xdut.xlayout_dut.vss__t3           4.82256e-20
xdut.xlayout_dut.dout__t2          4.13652e-09
xdut.xlayout_dut.doutb__t0                 3.3
xdut.xlayout_dut.vss__t24          4.84806e-11
xdut.xlayout_dut.vss__t4           4.92784e-20
xdut.xlayout_dut.ibias__t0             1.09362
xdut.xlayout_dut.ibias__t1             1.09489
xdut.xlayout_dut.vss__t20          0.000254896
xdut.xlayout_dut.vss__t8           2.78884e-11
xdut.xlayout_dut.sn__t2            3.71804e-09
xdut.xlayout_dut.qn__t6                    3.3
xdut.xlayout_dut.vss__t23          3.50426e-11
xdut.xlayout_dut.vss__t5           3.54561e-20
xdut.xlayout_dut.doutb__t1                 3.3
xdut.xlayout_dut.sn__t3            3.83678e-09
xdut.xlayout_dut.vss__t22          6.39936e-18
xdut.xlayout_dut.vss__t6           3.69044e-11
xdut.xlayout_dut.doutb__t4                 3.3
xdut.xlayout_dut.dout__t4          4.30688e-09
xdut.xlayout_dut.vss__t21           6.7304e-18
xdut.xlayout_dut.vss__t7           3.88133e-11
xdut.xlayout_dut.qn__t4                    3.3
xdut.xlayout_dut.qp__t0                    3.3
xdut.xlayout_dut.mn__t0                    3.3
xdut.xlayout_dut.vss__t9           4.33209e-11
xdut.xlayout_dut.mn__t1                    3.3
xdut.xlayout_dut.aop__t2               1.51565
xdut.xlayout_dut.ltail__t0             1.53379
xdut.xlayout_dut.vss__t11          2.89076e-11
xdut.xlayout_dut.atail__t0            0.581289
xdut.xlayout_dut.ibias__t2             1.09489
xdut.xlayout_dut.vss__t19          0.000498495
xdut.xlayout_dut.vss__t13          1.42555e-11
xdut.xlayout_dut.qp__t1                    3.3
xdut.xlayout_dut.qn__t5                    3.3
xdut.xlayout_dut.mp__t2                    3.3
xdut.xlayout_dut.vss__t10          4.33989e-11
xdut.xlayout_dut.ltail__t1             1.53379
xdut.xlayout_dut.clk__t2                     0
xdut.xlayout_dut.vss__t18          2.29784e-17
xdut.xlayout_dut.vss__t14          8.28358e-12
xdut.xlayout_dut.mp__t1                    3.3
xdut.xlayout_dut.aon__t0               2.37994
xdut.xlayout_dut.ltail__t2             1.53379
xdut.xlayout_dut.vss__t12          2.91984e-11
xdut.xlayout_dut.aon__t1               2.37938
xdut.xlayout_dut.vinp__t0                 1.63
xdut.xlayout_dut.atail__t1            0.581863
xdut.xlayout_dut.vss__t15          1.23827e-08
xdut.xlayout_dut.aop__t1                 1.514
xdut.xlayout_dut.vinn__t0                 1.67
xdut.xlayout_dut.atail__t2            0.582244
xdut.xlayout_dut.vss__t16          5.05281e-11
xdut.xlayout_dut.mn__t2                    3.3
xdut.xlayout_dut.clk__t0                     0
xdut.xlayout_dut.vdd__t0                   3.3
xdut.xlayout_dut.vdd__t1                   3.3
xdut.xlayout_dut.qn__t1                    3.3
xdut.xlayout_dut.clk__t1                     0
xdut.xlayout_dut.vdd__t2                   3.3
xdut.xlayout_dut.vdd__t3                   3.3
xdut.xlayout_dut.sp__t0            3.96793e-09
xdut.xlayout_dut.qp__t2                    3.3
xdut.xlayout_dut.vdd__t4                   3.3
xdut.xlayout_dut.vdd__t5                   3.3
xdut.xlayout_dut.mp__t0                    3.3
xdut.xlayout_dut.clk__t4                     0
xdut.xlayout_dut.vdd__t21                  3.3
xdut.xlayout_dut.vdd__t20                  3.3
xdut.xlayout_dut.qn__t0                    3.3
xdut.xlayout_dut.qp__t3                    3.3
xdut.xlayout_dut.vdd__t6                   3.3
xdut.xlayout_dut.vdd__t7                   3.3
xdut.xlayout_dut.qp__t4                    3.3
xdut.xlayout_dut.clk__t3                     0
xdut.xlayout_dut.vdd__t19                  3.3
xdut.xlayout_dut.vdd__t18                  3.3
xdut.xlayout_dut.na__t1                    3.3
xdut.xlayout_dut.sp__t1             3.7964e-09
xdut.xlayout_dut.vdd__t23                  3.3
xdut.xlayout_dut.vdd__t8                   3.3
xdut.xlayout_dut.dout__t0          4.43198e-09
xdut.xlayout_dut.doutb__t2                 3.3
xdut.xlayout_dut.na__t0                    3.3
xdut.xlayout_dut.vdd__t13                  3.3
xdut.xlayout_dut.sn__t0            4.02332e-09
xdut.xlayout_dut.qn__t3                    3.3
xdut.xlayout_dut.vdd__t17                  3.3
xdut.xlayout_dut.vdd__t16                  3.3
xdut.xlayout_dut.qp__t5                    3.3
xdut.xlayout_dut.qn__t2                    3.3
xdut.xlayout_dut.vdd__t15                  3.3
xdut.xlayout_dut.vdd__t14                  3.3
xdut.xlayout_dut.nb__t1                    3.3
xdut.xlayout_dut.sn__t1            3.83678e-09
xdut.xlayout_dut.vdd__t22                  3.3
xdut.xlayout_dut.vdd__t12                  3.3
xdut.xlayout_dut.doutb__t3                 3.3
xdut.xlayout_dut.dout__t1          4.30688e-09
xdut.xlayout_dut.nb__t0                    3.3
xdut.xlayout_dut.vdd__t11                  3.3
xdut.xlayout_dut.aon__t2               2.38017
xdut.xlayout_dut.x$28.11                2.3812
xdut.xlayout_dut.vss__t0                     0
xdut.xlayout_dut.x$28.21               3.29808
xdut.xlayout_dut.vdd__t10              3.29911
xdut.xlayout_dut.aop__t0               1.51612
xdut.xlayout_dut.x$29.11               1.51813
xdut.xlayout_dut.vss__t1                     0
xdut.xlayout_dut.x$29.21               3.29732
xdut.xlayout_dut.vdd__t9               3.29932
xdut.xlayout_dut.aon                   2.37994
vsubs                                        0
xdut.xlayout_dut.aop                   1.51565
xdut.xlayout_dut.atail                 0.58179
dout                               4.30688e-09
doutb                                      3.3
xdut.xlayout_dut.ltail                 1.53379
xdut.xlayout_dut.mn                        3.3
xdut.xlayout_dut.mp                        3.3
xdut.xlayout_dut.na                        3.3
xdut.xlayout_dut.nb                        3.3
xdut.xlayout_dut.qn                        3.3
xdut.xlayout_dut.qp                        3.3
xdut.xlayout_dut.sn                3.83678e-09
xdut.xlayout_dut.sp                 3.7964e-09
dn                                 1.30512e-09
bdn#branch                                   0
bnn#branch                         1.17161e-18
bpp#branch                          3.4199e-19
vrmp#branch                                  0
vclk#branch                                  0
vcm#branch                                   0
vsup#branch                       -3.03448e-05

 Reference value :  9.05425e-08
 Reference value :  2.50200e-07
 Reference value :  4.00196e-07
 Reference value :  5.50103e-07
 Reference value :  6.90446e-07
 Reference value :  8.50103e-07
 Reference value :  1.00010e-06
 Reference value :  1.15017e-06
 Reference value :  1.29044e-06
 Reference value :  1.45078e-06
 Reference value :  1.60105e-06
 Reference value :  1.75399e-06
 Reference value :  1.90104e-06
 Reference value :  2.05083e-06
 Reference value :  2.20071e-06
 Reference value :  2.37009e-06
 Reference value :  2.52047e-06
 Reference value :  2.67033e-06
 Reference value :  2.82007e-06
 Reference value :  2.96489e-06
 Reference value :  3.10090e-06
 Reference value :  3.27006e-06
 Reference value :  3.40114e-06
 Reference value :  3.55032e-06
 Reference value :  3.70048e-06
 Reference value :  3.85068e-06
 Reference value :  4.00103e-06
 Reference value :  4.15068e-06
 Reference value :  4.32250e-06
 Reference value :  4.47001e-06
 Reference value :  4.60052e-06
 Reference value :  4.75010e-06
 Reference value :  4.89038e-06
 Reference value :  5.04021e-06
 Reference value :  5.19152e-06
 Reference value :  5.35151e-06
 Reference value :  5.50052e-06
 Reference value :  5.65020e-06
 Reference value :  5.79026e-06
 Reference value :  5.94002e-06
 Reference value :  6.09008e-06
 Reference value :  6.22112e-06
 Reference value :  6.37079e-06
 Reference value :  6.52020e-06
 Reference value :  6.66044e-06
 Reference value :  6.81062e-06
 Reference value :  6.97019e-06
 Reference value :  7.12034e-06
 Reference value :  7.27014e-06
 Reference value :  7.42018e-06
 Reference value :  7.56253e-06
 Reference value :  7.72011e-06
 Reference value :  7.86075e-06
 Reference value :  8.01294e-06
 Reference value :  8.17050e-06
 Reference value :  8.38021e-06
 Reference value :  8.61002e-06
 Reference value :  8.74055e-06
 Reference value :  8.88017e-06
 Reference value :  9.03010e-06
 Reference value :  9.16806e-06
 Reference value :  9.31086e-06
 Reference value :  9.46052e-06
 Reference value :  9.61259e-06
 Reference value :  9.78105e-06
 Reference value :  9.94021e-06
 Reference value :  1.00818e-05
 Reference value :  1.02405e-05
 Reference value :  1.03805e-05
 Reference value :  1.05314e-05
 Reference value :  1.06901e-05
 Reference value :  1.08409e-05
 Reference value :  1.10100e-05
 Reference value :  1.11410e-05
 Reference value :  1.12908e-05
 Reference value :  1.14409e-05
 Reference value :  1.16100e-05
 Reference value :  1.17600e-05
 Reference value :  1.18971e-05
 Reference value :  1.20403e-05
 Reference value :  1.21901e-05
 Reference value :  1.23408e-05
 Reference value :  1.24992e-05
 Reference value :  1.26559e-05
 Reference value :  1.28101e-05
 Reference value :  1.29409e-05
 Reference value :  1.30905e-05
 Reference value :  1.32402e-05
 Reference value :  1.33903e-05
 Reference value :  1.35407e-05
 Reference value :  1.36907e-05
 Reference value :  1.38406e-05
 Reference value :  1.39970e-05
 Reference value :  1.41601e-05
 Reference value :  1.43101e-05
 Reference value :  1.44602e-05
 Reference value :  1.46104e-05
 Reference value :  1.47702e-05
 Reference value :  1.49210e-05
 Reference value :  1.50905e-05
 Reference value :  1.52704e-05
 Reference value :  1.54202e-05
 Reference value :  1.55575e-05
 Reference value :  1.57015e-05
 Reference value :  1.58701e-05
 Reference value :  1.60202e-05
 Reference value :  1.61807e-05
 Reference value :  1.63501e-05
 Reference value :  1.65002e-05
 Reference value :  1.66502e-05
 Reference value :  1.68001e-05
 Reference value :  1.69601e-05
 Reference value :  1.71010e-05
 Reference value :  1.72502e-05
 Reference value :  1.73819e-05
 Reference value :  1.75303e-05
 Reference value :  1.76808e-05
 Reference value :  1.78006e-05
 Reference value :  1.79509e-05
 Reference value :  1.81002e-05
 Reference value :  1.82501e-05
 Reference value :  1.84001e-05
 Reference value :  1.85402e-05
 Reference value :  1.86707e-05
 Reference value :  1.88203e-05
 Reference value :  1.89608e-05
 Reference value :  1.91105e-05
 Reference value :  1.92604e-05
 Reference value :  1.94104e-05
 Reference value :  1.95601e-05
 Reference value :  1.96909e-05
 Reference value :  1.98408e-05
 Reference value :  2.00101e-05
 Reference value :  2.01417e-05
 Reference value :  2.03102e-05
 Reference value :  2.04409e-05
 Reference value :  2.05907e-05
 Reference value :  2.07601e-05
 Reference value :  2.08934e-05
 Reference value :  2.10817e-05
 Reference value :  2.12383e-05
 Reference value :  2.13705e-05
 Reference value :  2.15202e-05
 Reference value :  2.16702e-05
 Reference value :  2.18109e-05
 Reference value :  2.19603e-05
 Reference value :  2.21115e-05
 Reference value :  2.22706e-05
 Reference value :  2.24205e-05
 Reference value :  2.25901e-05
 Reference value :  2.27404e-05
 Reference value :  2.28901e-05
 Reference value :  2.30208e-05
 Reference value :  2.31705e-05
 Reference value :  2.33207e-05
 Reference value :  2.34684e-05
 Reference value :  2.36102e-05
 Reference value :  2.37601e-05
 Reference value :  2.38925e-05
 Reference value :  2.40601e-05
 Reference value :  2.42101e-05
 Reference value :  2.43602e-05
 Reference value :  2.45202e-05
 Reference value :  2.46702e-05
 Reference value :  2.48203e-05
 Reference value :  2.49707e-05
 Reference value :  2.51202e-05
 Reference value :  2.52701e-05
 Reference value :  2.54202e-05
 Reference value :  2.55701e-05
 Reference value :  2.57201e-05
 Reference value :  2.58711e-05
 Reference value :  2.60401e-05
 Reference value :  2.61710e-05
 Reference value :  2.63401e-05
 Reference value :  2.64901e-05
 Reference value :  2.66405e-05
 Reference value :  2.68005e-05
 Reference value :  2.69702e-05
 Reference value :  2.71280e-05
 Reference value :  2.72807e-05
 Reference value :  2.74501e-05
 Reference value :  2.76006e-05
 Reference value :  2.77800e-05
 Reference value :  2.79305e-05
 Reference value :  2.80902e-05
 Reference value :  2.82901e-05
 Reference value :  2.84403e-05
 Reference value :  2.86001e-05
 Reference value :  2.87466e-05
 Reference value :  2.89001e-05
 Reference value :  2.90504e-05
 Reference value :  2.92005e-05
 Reference value :  2.93507e-05
 Reference value :  2.95301e-05
 Reference value :  2.97000e-05
 Reference value :  2.98501e-05
 Reference value :  3.00101e-05
 Reference value :  3.01801e-05
 Reference value :  3.03307e-05
 Reference value :  3.04805e-05
 Reference value :  3.06302e-05
 Reference value :  3.07801e-05
 Reference value :  3.09305e-05
 Reference value :  3.10802e-05
 Reference value :  3.12301e-05
 Reference value :  3.13803e-05
 Reference value :  3.15306e-05
 Reference value :  3.16901e-05
 Reference value :  3.18601e-05
 Reference value :  3.20105e-05
 Reference value :  3.21702e-05
 Reference value :  3.23406e-05
 Reference value :  3.24906e-05
 Reference value :  3.26412e-05
 Reference value :  3.28002e-05
 Reference value :  3.29407e-05
 Reference value :  3.30916e-05
 Reference value :  3.32404e-05
 Reference value :  3.33903e-05
 Reference value :  3.35408e-05
 Reference value :  3.37002e-05
 Reference value :  3.38502e-05
 Reference value :  3.40002e-05
 Reference value :  3.41503e-05
 Reference value :  3.43003e-05
 Reference value :  3.44414e-05
 Reference value :  3.45709e-05
 Reference value :  3.47416e-05
 Reference value :  3.49201e-05
 Reference value :  3.50716e-05
 Reference value :  3.52302e-05
 Reference value :  3.54000e-05
 Reference value :  3.55502e-05
 Reference value :  3.57109e-05
 Reference value :  3.58808e-05
 Reference value :  3.60401e-05
 Reference value :  3.62402e-05
 Reference value :  3.64005e-05
 Reference value :  3.65701e-05
 Reference value :  3.67202e-05
 Reference value :  3.68801e-05
 Reference value :  3.70421e-05
 Reference value :  3.72001e-05
 Reference value :  3.73502e-05
 Reference value :  3.75012e-05
 Reference value :  3.76801e-05
 Reference value :  3.78403e-05
 Reference value :  3.80106e-05
 Reference value :  3.81710e-05
 Reference value :  3.83409e-05
 Reference value :  3.85005e-05
 Reference value :  3.86508e-05
 Reference value :  3.88205e-05
 Reference value :  3.89806e-05
 Reference value :  3.91532e-05
 Reference value :  3.93110e-05
 Reference value :  3.94803e-05
 Reference value :  3.96401e-05
 Reference value :  3.98102e-05
 Reference value :  3.99609e-05
 Reference value :  4.01213e-05
 Reference value :  4.02976e-05
 Reference value :  4.04505e-05
 Reference value :  4.06202e-05
 Reference value :  4.07705e-05
 Reference value :  4.09205e-05
 Reference value :  4.10702e-05
 Reference value :  4.12207e-05
 Reference value :  4.13802e-05
 Reference value :  4.15501e-05
 Reference value :  4.17102e-05
 Reference value :  4.18801e-05
 Reference value :  4.20304e-05
 Reference value :  4.21805e-05
 Reference value :  4.23308e-05
 Reference value :  4.24905e-05
 Reference value :  4.26602e-05
 Reference value :  4.28213e-05
 Reference value :  4.30002e-05
 Reference value :  4.31615e-05
 Reference value :  4.33204e-05
 Reference value :  4.35002e-05
 Reference value :  4.36601e-05
 Reference value :  4.38301e-05
 Reference value :  4.39801e-05
 Reference value :  4.41703e-05
 Reference value :  4.43201e-05
 Reference value :  4.44614e-05
 Reference value :  4.46103e-05
 Reference value :  4.47602e-05
 Reference value :  4.49101e-05
 Reference value :  4.50601e-05
 Reference value :  4.52109e-05
 Reference value :  4.53703e-05
 Reference value :  4.55401e-05
 Reference value :  4.57005e-05
 Reference value :  4.58701e-05
 Reference value :  4.60223e-05
 Reference value :  4.61807e-05
 Reference value :  4.63305e-05
 Reference value :  4.65001e-05
 Reference value :  4.66507e-05
 Reference value :  4.68014e-05
 Reference value :  4.69602e-05
 Reference value :  4.71105e-05
 Reference value :  4.72612e-05
 Reference value :  4.74302e-05
 Reference value :  4.75904e-05
 Reference value :  4.77601e-05
 Reference value :  4.79110e-05
 Reference value :  4.80704e-05
 Reference value :  4.82404e-05
 Reference value :  4.84008e-05
 Reference value :  4.85701e-05
 Reference value :  4.87307e-05
 Reference value :  4.89001e-05
 Reference value :  4.90504e-05
 Reference value :  4.92101e-05
 Reference value :  4.93616e-05
 Reference value :  4.95307e-05
 Reference value :  4.96812e-05
 Reference value :  4.98603e-05
 Reference value :  5.00207e-05
 Reference value :  5.01829e-05
 Reference value :  5.03410e-05
 Reference value :  5.05007e-05
 Reference value :  5.06701e-05
 Reference value :  5.08307e-05
 Reference value :  5.10105e-05
 Reference value :  5.11846e-05
 Reference value :  5.13407e-05
 Reference value :  5.15108e-05
 Reference value :  5.16707e-05
 Reference value :  5.18502e-05
 Reference value :  5.20203e-05
 Reference value :  5.21805e-05
 Reference value :  5.23507e-05
 Reference value :  5.25601e-05
 Reference value :  5.27201e-05
 Reference value :  5.28714e-05
 Reference value :  5.30401e-05
 Reference value :  5.32005e-05
 Reference value :  5.33535e-05
 Reference value :  5.35202e-05
 Reference value :  5.36805e-05
 Reference value :  5.38601e-05
 Reference value :  5.40310e-05
 Reference value :  5.42119e-05
 Reference value :  5.43904e-05
 Reference value :  5.45505e-05
 Reference value :  5.47007e-05
 Reference value :  5.48784e-05
 Reference value :  5.50314e-05
 Reference value :  5.52006e-05
 Reference value :  5.53607e-05
 Reference value :  5.55302e-05
 Reference value :  5.56902e-05
 Reference value :  5.58405e-05
 Reference value :  5.60102e-05
 Reference value :  5.61900e-05
 Reference value :  5.63509e-05
 Reference value :  5.65302e-05
 Reference value :  5.67001e-05
 Reference value :  5.68524e-05
 Reference value :  5.70276e-05
 Reference value :  5.71801e-05
 Reference value :  5.73402e-05
 Reference value :  5.74907e-05
 Reference value :  5.76603e-05
 Reference value :  5.78107e-05
 Reference value :  5.79702e-05
 Reference value :  5.81402e-05
 Reference value :  5.82953e-05
 Reference value :  5.84508e-05
 Reference value :  5.86201e-05
 Reference value :  5.87702e-05
 Reference value :  5.89302e-05
 Reference value :  5.90813e-05
 Reference value :  5.92603e-05
 Reference value :  5.94300e-05
 Reference value :  5.95801e-05
 Reference value :  5.97402e-05
 Reference value :  5.98907e-05
 Reference value :  6.00602e-05
 Reference value :  6.02207e-05
 Reference value :  6.03902e-05
 Reference value :  6.05507e-05
 Reference value :  6.07606e-05
 Reference value :  6.09300e-05
 Reference value :  6.10801e-05
 Reference value :  6.12401e-05
 Reference value :  6.13906e-05
 Reference value :  6.15411e-05
 Reference value :  6.17100e-05
 Reference value :  6.18601e-05
 Reference value :  6.20401e-05
 Reference value :  6.22008e-05
 Reference value :  6.23712e-05
 Reference value :  6.25461e-05
 Reference value :  6.27002e-05
 Reference value :  6.28504e-05
 Reference value :  6.30005e-05
 Reference value :  6.31602e-05
 Reference value :  6.33103e-05
 Reference value :  6.34800e-05
 Reference value :  6.36302e-05
 Reference value :  6.37807e-05
 Reference value :  6.39306e-05
 Reference value :  6.40806e-05
 Reference value :  6.42402e-05
 Reference value :  6.43915e-05
 Reference value :  6.45409e-05
 Reference value :  6.47109e-05
 Reference value :  6.48705e-05
 Reference value :  6.50204e-05
 Reference value :  6.51718e-05
 Reference value :  6.53402e-05
 Reference value :  6.54902e-05
 Reference value :  6.56400e-05
 Reference value :  6.57900e-05
 Reference value :  6.59401e-05
 Reference value :  6.60904e-05
 Reference value :  6.62700e-05
 Reference value :  6.64206e-05
 Reference value :  6.65720e-05
 Reference value :  6.67214e-05
 Reference value :  6.68703e-05
 Reference value :  6.70203e-05
 Reference value :  6.71704e-05
 Reference value :  6.73305e-05
 Reference value :  6.75000e-05
 Reference value :  6.76501e-05
 Reference value :  6.78003e-05
 Reference value :  6.79602e-05
 Reference value :  6.81046e-05
 Reference value :  6.82801e-05
 Reference value :  6.84319e-05
 Reference value :  6.86206e-05
 Reference value :  6.87901e-05
 Reference value :  6.89403e-05
 Reference value :  6.90902e-05
 Reference value :  6.92401e-05
 Reference value :  6.93746e-05
 Reference value :  6.95253e-05
 Reference value :  6.96901e-05
 Reference value :  6.98415e-05
 Reference value :  7.00008e-05
 Reference value :  7.01701e-05
 Reference value :  7.03048e-05
 Reference value :  7.04700e-05
 Reference value :  7.06201e-05
 Reference value :  7.07509e-05
 Reference value :  7.09011e-05
 Reference value :  7.10579e-05
 Reference value :  7.12201e-05
 Reference value :  7.13802e-05
 Reference value :  7.15302e-05
 Reference value :  7.16805e-05
 Reference value :  7.18304e-05
 Reference value :  7.20001e-05
 Reference value :  7.21514e-05
 Reference value :  7.23022e-05
 Reference value :  7.24607e-05
 Reference value :  7.26301e-05
 Reference value :  7.27804e-05
 Reference value :  7.29401e-05
 Reference value :  7.30901e-05
 Reference value :  7.32401e-05
 Reference value :  7.33904e-05
 Reference value :  7.35402e-05
 Reference value :  7.36902e-05
 Reference value :  7.38407e-05
 Reference value :  7.39902e-05
 Reference value :  7.41401e-05
 Reference value :  7.42803e-05
 Reference value :  7.44301e-05
 Reference value :  7.45803e-05
 Reference value :  7.47401e-05
 Reference value :  7.48902e-05
 Reference value :  7.50402e-05
 Reference value :  7.51902e-05
 Reference value :  7.53410e-05
 Reference value :  7.54910e-05
 Reference value :  7.56409e-05
 Reference value :  7.58101e-05
 Reference value :  7.59410e-05
 Reference value :  7.61409e-05
 Reference value :  7.62906e-05
 Reference value :  7.64401e-05
 Reference value :  7.65901e-05
 Reference value :  7.67208e-05
 Reference value :  7.68702e-05
 Reference value :  7.70123e-05
 Reference value :  7.71605e-05
 Reference value :  7.73104e-05
 Reference value :  7.74701e-05
 Reference value :  7.76233e-05
 Reference value :  7.77904e-05
 Reference value :  7.79502e-05
 Reference value :  7.81016e-05
 Reference value :  7.82509e-05
 Reference value :  7.84062e-05
 Reference value :  7.85509e-05
 Reference value :  7.87002e-05
 Reference value :  7.88501e-05
 Reference value :  7.90005e-05
 Reference value :  7.91504e-05
 Reference value :  7.93088e-05
 Reference value :  7.94701e-05
 Reference value :  7.96085e-05
 Reference value :  7.97502e-05
 Reference value :  7.99008e-05
No. of Data Rows : 509195
t_flip              =  3.44720e-05
vos_v               =  -5.52799e-03
m_dut_vos = -5.527990000e-03
Note: Simulation executed from .control section 

Warning: m=xx on .subckt line will override multiplier m hierarchy!

