
Note: Compatibility modes selected: hs a


Circuit: * comparator-kickback @ sf_125c_2.97v -- generated by sim/harness, do not edit

Doing analysis at TEMP = 125.000000 and TNOM = 27.000000

Using SPARSE 1.3 as Direct Linear Solver

Initial Transient Solution
--------------------------

Node                                   Voltage
----                                   -------
vdd                                       2.97
cm                                        1.65
clk                                          0
sa                                 -0.00755711
asp                                    1.64622
asn                                    1.65378
apa                                    1.64622
ana                                    1.65378
ibna                                    1.0774
xa.xlayout_dut.sp__t2              3.24486e-08
xa.xlayout_dut.qp__t6                     2.97
xa.xlayout_dut.vss__t17            1.71702e-10
xa.xlayout_dut.vss__t2             2.39978e-18
xa.xlayout_dut.dout__t3                1.57884
xa.xlayout_dut.sp__t3              3.28315e-08
xa.xlayout_dut.vss__t25            2.34874e-11
xa.xlayout_dut.vss__t3             2.03068e-11
xa.xlayout_dut.dout__t2                1.57406
xa.xlayout_dut.doutb__t0               1.58106
xa.xlayout_dut.vss__t24             0.00136045
xa.xlayout_dut.vss__t4               2.153e-11
xa.xlayout_dut.ibias__t0               1.07612
xa.xlayout_dut.ibias__t1                1.0774
xa.xlayout_dut.vss__t20            0.000254896
xa.xlayout_dut.vss__t8             4.02788e-11
xa.xlayout_dut.sn__t2              3.24483e-08
xa.xlayout_dut.qn__t6                     2.97
xa.xlayout_dut.vss__t23            1.71382e-10
xa.xlayout_dut.vss__t5             2.39527e-18
xa.xlayout_dut.doutb__t1               1.58106
xa.xlayout_dut.sn__t3               3.3029e-08
xa.xlayout_dut.vss__t22            2.34627e-11
xa.xlayout_dut.vss__t6             2.03047e-11
xa.xlayout_dut.doutb__t4               1.57673
xa.xlayout_dut.dout__t4                1.57884
xa.xlayout_dut.vss__t21              0.0013537
xa.xlayout_dut.vss__t7             2.15483e-11
xa.xlayout_dut.qn__t4                     2.97
xa.xlayout_dut.qp__t0                     2.97
xa.xlayout_dut.mn__t0                     2.97
xa.xlayout_dut.vss__t9             4.67164e-11
xa.xlayout_dut.mn__t1                     2.97
xa.xlayout_dut.aop__t2                 1.76087
xa.xlayout_dut.ltail__t0               1.37751
xa.xlayout_dut.vss__t11            3.51571e-11
xa.xlayout_dut.atail__t0              0.683679
xa.xlayout_dut.ibias__t2                1.0774
xa.xlayout_dut.vss__t19            0.000492727
xa.xlayout_dut.vss__t13            4.01876e-11
xa.xlayout_dut.qp__t1                     2.97
xa.xlayout_dut.qn__t5                     2.97
xa.xlayout_dut.mp__t2                     2.97
xa.xlayout_dut.vss__t10            4.68005e-11
xa.xlayout_dut.ltail__t1               1.37751
xa.xlayout_dut.clk__t2                       0
xa.xlayout_dut.vss__t18            8.29984e-11
xa.xlayout_dut.vss__t14             1.5398e-11
xa.xlayout_dut.mp__t1                     2.97
xa.xlayout_dut.aon__t0                 1.85886
xa.xlayout_dut.ltail__t2               1.37751
xa.xlayout_dut.vss__t12            3.55103e-11
xa.xlayout_dut.aon__t1                 1.85808
xa.xlayout_dut.vinp__t0                1.64622
xa.xlayout_dut.atail__t1              0.684276
xa.xlayout_dut.vss__t15            1.90351e-10
xa.xlayout_dut.aop__t1                 1.75958
xa.xlayout_dut.vinn__t0                1.65378
xa.xlayout_dut.atail__t2              0.684528
xa.xlayout_dut.vss__t16            1.89803e-10
xa.xlayout_dut.mn__t2                     2.97
xa.xlayout_dut.clk__t0                       0
xa.xlayout_dut.vdd__t0                    2.97
xa.xlayout_dut.vdd__t1                    2.97
xa.xlayout_dut.qn__t1                     2.97
xa.xlayout_dut.clk__t1                       0
xa.xlayout_dut.vdd__t2                    2.97
xa.xlayout_dut.vdd__t3                    2.97
xa.xlayout_dut.sp__t0              3.36704e-08
xa.xlayout_dut.qp__t2                     2.97
xa.xlayout_dut.vdd__t4                    2.97
xa.xlayout_dut.vdd__t5                    2.97
xa.xlayout_dut.mp__t0                     2.97
xa.xlayout_dut.clk__t4                       0
xa.xlayout_dut.vdd__t21                   2.97
xa.xlayout_dut.vdd__t20                   2.97
xa.xlayout_dut.qn__t0                     2.97
xa.xlayout_dut.qp__t3                     2.97
xa.xlayout_dut.vdd__t6                    2.97
xa.xlayout_dut.vdd__t7                    2.97
xa.xlayout_dut.qp__t4                     2.97
xa.xlayout_dut.clk__t3                       0
xa.xlayout_dut.vdd__t19                   2.97
xa.xlayout_dut.vdd__t18                   2.97
xa.xlayout_dut.na__t1                  2.85808
xa.xlayout_dut.sp__t1              3.28315e-08
xa.xlayout_dut.vdd__t23                2.96816
xa.xlayout_dut.vdd__t8                    2.97
xa.xlayout_dut.dout__t0                1.58235
xa.xlayout_dut.doutb__t2               1.58106
xa.xlayout_dut.na__t0                  2.85637
xa.xlayout_dut.vdd__t13                   2.97
xa.xlayout_dut.sn__t0              3.39413e-08
xa.xlayout_dut.qn__t3                     2.97
xa.xlayout_dut.vdd__t17                   2.97
xa.xlayout_dut.vdd__t16                   2.97
xa.xlayout_dut.qp__t5                     2.97
xa.xlayout_dut.qn__t2                     2.97
xa.xlayout_dut.vdd__t15                   2.97
xa.xlayout_dut.vdd__t14                   2.97
xa.xlayout_dut.nb__t1                  2.85835
xa.xlayout_dut.sn__t1               3.3029e-08
xa.xlayout_dut.vdd__t22                2.96801
xa.xlayout_dut.vdd__t12                   2.97
xa.xlayout_dut.doutb__t3               1.59049
xa.xlayout_dut.dout__t1                1.57884
xa.xlayout_dut.nb__t0                  2.85395
xa.xlayout_dut.vdd__t11                   2.97
xa.xlayout_dut.aon__t2                 1.85917
xa.xlayout_dut.x$28.11                  1.8597
xa.xlayout_dut.vss__t0                       0
xa.xlayout_dut.x$28.21                 2.96823
xa.xlayout_dut.vdd__t10                2.96877
xa.xlayout_dut.aop__t0                 1.76124
xa.xlayout_dut.x$29.11                 1.76182
xa.xlayout_dut.vss__t1                       0
xa.xlayout_dut.x$29.21                 2.96888
xa.xlayout_dut.vdd__t9                 2.96947
xa.xlayout_dut.aon                     1.85886
vsubs                                        0
xa.xlayout_dut.aop                     1.76087
xa.xlayout_dut.atail                  0.684174
douta                                  1.57884
doutba                                 1.58106
xa.xlayout_dut.ltail                   1.37751
xa.xlayout_dut.mn                         2.97
xa.xlayout_dut.mp                         2.97
xa.xlayout_dut.na                      2.85723
xa.xlayout_dut.nb                      2.85615
xa.xlayout_dut.qn                         2.97
xa.xlayout_dut.qp                         2.97
xa.xlayout_dut.sn                   3.3029e-08
xa.xlayout_dut.sp                  3.28315e-08
sb                                 -0.00755711
bsp                                    1.64622
bsn                                    1.65378
bpp                                    1.64622
bpn                                    1.65378
ibnb                                    1.0774
xb.xlayout_dut.sp__t2              3.24486e-08
xb.xlayout_dut.qp__t6                     2.97
xb.xlayout_dut.vss__t17            1.71702e-10
xb.xlayout_dut.vss__t2             2.39978e-18
xb.xlayout_dut.dout__t3                1.57884
xb.xlayout_dut.sp__t3              3.28315e-08
xb.xlayout_dut.vss__t25            2.34874e-11
xb.xlayout_dut.vss__t3             2.03068e-11
xb.xlayout_dut.dout__t2                1.57406
xb.xlayout_dut.doutb__t0               1.58106
xb.xlayout_dut.vss__t24             0.00136045
xb.xlayout_dut.vss__t4               2.153e-11
xb.xlayout_dut.ibias__t0               1.07612
xb.xlayout_dut.ibias__t1                1.0774
xb.xlayout_dut.vss__t20            0.000254896
xb.xlayout_dut.vss__t8             4.02788e-11
xb.xlayout_dut.sn__t2              3.24483e-08
xb.xlayout_dut.qn__t6                     2.97
xb.xlayout_dut.vss__t23            1.71382e-10
xb.xlayout_dut.vss__t5             2.39527e-18
xb.xlayout_dut.doutb__t1               1.58106
xb.xlayout_dut.sn__t3               3.3029e-08
xb.xlayout_dut.vss__t22            2.34627e-11
xb.xlayout_dut.vss__t6             2.03047e-11
xb.xlayout_dut.doutb__t4               1.57673
xb.xlayout_dut.dout__t4                1.57884
xb.xlayout_dut.vss__t21              0.0013537
xb.xlayout_dut.vss__t7             2.15483e-11
xb.xlayout_dut.qn__t4                     2.97
xb.xlayout_dut.qp__t0                     2.97
xb.xlayout_dut.mn__t0                     2.97
xb.xlayout_dut.vss__t9             4.67164e-11
xb.xlayout_dut.mn__t1                     2.97
xb.xlayout_dut.aop__t2                 1.76087
xb.xlayout_dut.ltail__t0               1.37751
xb.xlayout_dut.vss__t11            3.51571e-11
xb.xlayout_dut.atail__t0              0.683679
xb.xlayout_dut.ibias__t2                1.0774
xb.xlayout_dut.vss__t19            0.000492727
xb.xlayout_dut.vss__t13            4.01876e-11
xb.xlayout_dut.qp__t1                     2.97
xb.xlayout_dut.qn__t5                     2.97
xb.xlayout_dut.mp__t2                     2.97
xb.xlayout_dut.vss__t10            4.68005e-11
xb.xlayout_dut.ltail__t1               1.37751
xb.xlayout_dut.clk__t2                       0
xb.xlayout_dut.vss__t18            8.29984e-11
xb.xlayout_dut.vss__t14             1.5398e-11
xb.xlayout_dut.mp__t1                     2.97
xb.xlayout_dut.aon__t0                 1.85886
xb.xlayout_dut.ltail__t2               1.37751
xb.xlayout_dut.vss__t12            3.55103e-11
xb.xlayout_dut.aon__t1                 1.85808
xb.xlayout_dut.vinp__t0                1.64622
xb.xlayout_dut.atail__t1              0.684276
xb.xlayout_dut.vss__t15            1.90351e-10
xb.xlayout_dut.aop__t1                 1.75958
xb.xlayout_dut.vinn__t0                1.65378
xb.xlayout_dut.atail__t2              0.684528
xb.xlayout_dut.vss__t16            1.89803e-10
xb.xlayout_dut.mn__t2                     2.97
xb.xlayout_dut.clk__t0                       0
xb.xlayout_dut.vdd__t0                    2.97
xb.xlayout_dut.vdd__t1                    2.97
xb.xlayout_dut.qn__t1                     2.97
xb.xlayout_dut.clk__t1                       0
xb.xlayout_dut.vdd__t2                    2.97
xb.xlayout_dut.vdd__t3                    2.97
xb.xlayout_dut.sp__t0              3.36704e-08
xb.xlayout_dut.qp__t2                     2.97
xb.xlayout_dut.vdd__t4                    2.97
xb.xlayout_dut.vdd__t5                    2.97
xb.xlayout_dut.mp__t0                     2.97
xb.xlayout_dut.clk__t4                       0
xb.xlayout_dut.vdd__t21                   2.97
xb.xlayout_dut.vdd__t20                   2.97
xb.xlayout_dut.qn__t0                     2.97
xb.xlayout_dut.qp__t3                     2.97
xb.xlayout_dut.vdd__t6                    2.97
xb.xlayout_dut.vdd__t7                    2.97
xb.xlayout_dut.qp__t4                     2.97
xb.xlayout_dut.clk__t3                       0
xb.xlayout_dut.vdd__t19                   2.97
xb.xlayout_dut.vdd__t18                   2.97
xb.xlayout_dut.na__t1                  2.85808
xb.xlayout_dut.sp__t1              3.28315e-08
xb.xlayout_dut.vdd__t23                2.96816
xb.xlayout_dut.vdd__t8                    2.97
xb.xlayout_dut.dout__t0                1.58235
xb.xlayout_dut.doutb__t2               1.58106
xb.xlayout_dut.na__t0                  2.85637
xb.xlayout_dut.vdd__t13                   2.97
xb.xlayout_dut.sn__t0              3.39413e-08
xb.xlayout_dut.qn__t3                     2.97
xb.xlayout_dut.vdd__t17                   2.97
xb.xlayout_dut.vdd__t16                   2.97
xb.xlayout_dut.qp__t5                     2.97
xb.xlayout_dut.qn__t2                     2.97
xb.xlayout_dut.vdd__t15                   2.97
xb.xlayout_dut.vdd__t14                   2.97
xb.xlayout_dut.nb__t1                  2.85835
xb.xlayout_dut.sn__t1               3.3029e-08
xb.xlayout_dut.vdd__t22                2.96801
xb.xlayout_dut.vdd__t12                   2.97
xb.xlayout_dut.doutb__t3               1.59049
xb.xlayout_dut.dout__t1                1.57884
xb.xlayout_dut.nb__t0                  2.85395
xb.xlayout_dut.vdd__t11                   2.97
xb.xlayout_dut.aon__t2                 1.85917
xb.xlayout_dut.x$28.11                  1.8597
xb.xlayout_dut.vss__t0                       0
xb.xlayout_dut.x$28.21                 2.96823
xb.xlayout_dut.vdd__t10                2.96877
xb.xlayout_dut.aop__t0                 1.76124
xb.xlayout_dut.x$29.11                 1.76182
xb.xlayout_dut.vss__t1                       0
xb.xlayout_dut.x$29.21                 2.96888
xb.xlayout_dut.vdd__t9                 2.96947
xb.xlayout_dut.aon                     1.85886
xb.xlayout_dut.aop                     1.76087
xb.xlayout_dut.atail                  0.684174
doutb                                  1.57884
doutbb                                 1.58106
xb.xlayout_dut.ltail                   1.37751
xb.xlayout_dut.mn                         2.97
xb.xlayout_dut.mp                         2.97
xb.xlayout_dut.na                      2.85723
xb.xlayout_dut.nb                      2.85615
xb.xlayout_dut.qn                         2.97
xb.xlayout_dut.qp                         2.97
xb.xlayout_dut.sn                   3.3029e-08
xb.xlayout_dut.sp                  3.28315e-08
sc                                   0.0914429
csp                                    1.69572
csn                                    1.60428
cpp                                    1.69572
cpn                                    1.60428
ibnc                                    1.0774
xc.xlayout_dut.sp__t2              3.24486e-08
xc.xlayout_dut.qp__t6                     2.97
xc.xlayout_dut.vss__t17            1.71702e-10
xc.xlayout_dut.vss__t2             2.39978e-18
xc.xlayout_dut.dout__t3                1.57884
xc.xlayout_dut.sp__t3              3.28315e-08
xc.xlayout_dut.vss__t25            2.34874e-11
xc.xlayout_dut.vss__t3             2.03068e-11
xc.xlayout_dut.dout__t2                1.57406
xc.xlayout_dut.doutb__t0               1.58106
xc.xlayout_dut.vss__t24             0.00136045
xc.xlayout_dut.vss__t4               2.153e-11
xc.xlayout_dut.ibias__t0               1.07612
xc.xlayout_dut.ibias__t1                1.0774
xc.xlayout_dut.vss__t20            0.000254896
xc.xlayout_dut.vss__t8             4.02788e-11
xc.xlayout_dut.sn__t2              3.24483e-08
xc.xlayout_dut.qn__t6                     2.97
xc.xlayout_dut.vss__t23            1.71382e-10
xc.xlayout_dut.vss__t5             2.39527e-18
xc.xlayout_dut.doutb__t1               1.58106
xc.xlayout_dut.sn__t3               3.3029e-08
xc.xlayout_dut.vss__t22            2.34627e-11
xc.xlayout_dut.vss__t6             2.03047e-11
xc.xlayout_dut.doutb__t4               1.57673
xc.xlayout_dut.dout__t4                1.57884
xc.xlayout_dut.vss__t21              0.0013537
xc.xlayout_dut.vss__t7             2.15483e-11
xc.xlayout_dut.qn__t4                     2.97
xc.xlayout_dut.qp__t0                     2.97
xc.xlayout_dut.mn__t0                     2.97
xc.xlayout_dut.vss__t9             4.67164e-11
xc.xlayout_dut.mn__t1                     2.97
xc.xlayout_dut.aop__t2                 2.39606
xc.xlayout_dut.ltail__t0               1.80735
xc.xlayout_dut.vss__t11            3.77276e-11
xc.xlayout_dut.atail__t0              0.690145
xc.xlayout_dut.ibias__t2                1.0774
xc.xlayout_dut.vss__t19            0.000492766
xc.xlayout_dut.vss__t13            4.03461e-11
xc.xlayout_dut.qp__t1                     2.97
xc.xlayout_dut.qn__t5                     2.97
xc.xlayout_dut.mp__t2                     2.97
xc.xlayout_dut.vss__t10            4.68005e-11
xc.xlayout_dut.ltail__t1               1.80735
xc.xlayout_dut.clk__t2                       0
xc.xlayout_dut.vss__t18            8.74474e-11
xc.xlayout_dut.vss__t14            1.77229e-11
xc.xlayout_dut.mp__t1                     2.97
xc.xlayout_dut.aon__t0                 1.22306
xc.xlayout_dut.ltail__t2               1.80735
xc.xlayout_dut.vss__t12            3.81059e-11
xc.xlayout_dut.aon__t1                 1.22184
xc.xlayout_dut.vinp__t0                1.69572
xc.xlayout_dut.atail__t1              0.690799
xc.xlayout_dut.vss__t15            1.73586e-10
xc.xlayout_dut.aop__t1                 2.39545
xc.xlayout_dut.vinn__t0                1.60428
xc.xlayout_dut.atail__t2              0.690808
xc.xlayout_dut.vss__t16             3.1387e-09
xc.xlayout_dut.mn__t2                     2.97
xc.xlayout_dut.clk__t0                       0
xc.xlayout_dut.vdd__t0                    2.97
xc.xlayout_dut.vdd__t1                    2.97
xc.xlayout_dut.qn__t1                     2.97
xc.xlayout_dut.clk__t1                       0
xc.xlayout_dut.vdd__t2                    2.97
xc.xlayout_dut.vdd__t3                    2.97
xc.xlayout_dut.sp__t0              3.36704e-08
xc.xlayout_dut.qp__t2                     2.97
xc.xlayout_dut.vdd__t4                    2.97
xc.xlayout_dut.vdd__t5                    2.97
xc.xlayout_dut.mp__t0                     2.97
xc.xlayout_dut.clk__t4                       0
xc.xlayout_dut.vdd__t21                   2.97
xc.xlayout_dut.vdd__t20                   2.97
xc.xlayout_dut.qn__t0                     2.97
xc.xlayout_dut.qp__t3                     2.97
xc.xlayout_dut.vdd__t6                    2.97
xc.xlayout_dut.vdd__t7                    2.97
xc.xlayout_dut.qp__t4                     2.97
xc.xlayout_dut.clk__t3                       0
xc.xlayout_dut.vdd__t19                   2.97
xc.xlayout_dut.vdd__t18                   2.97
xc.xlayout_dut.na__t1                  2.85808
xc.xlayout_dut.sp__t1              3.28315e-08
xc.xlayout_dut.vdd__t23                2.96816
xc.xlayout_dut.vdd__t8                    2.97
xc.xlayout_dut.dout__t0                1.58235
xc.xlayout_dut.doutb__t2               1.58106
xc.xlayout_dut.na__t0                  2.85637
xc.xlayout_dut.vdd__t13                   2.97
xc.xlayout_dut.sn__t0              3.39413e-08
xc.xlayout_dut.qn__t3                     2.97
xc.xlayout_dut.vdd__t17                   2.97
xc.xlayout_dut.vdd__t16                   2.97
xc.xlayout_dut.qp__t5                     2.97
xc.xlayout_dut.qn__t2                     2.97
xc.xlayout_dut.vdd__t15                   2.97
xc.xlayout_dut.vdd__t14                   2.97
xc.xlayout_dut.nb__t1                  2.85835
xc.xlayout_dut.sn__t1               3.3029e-08
xc.xlayout_dut.vdd__t22                2.96801
xc.xlayout_dut.vdd__t12                   2.97
xc.xlayout_dut.doutb__t3               1.59049
xc.xlayout_dut.dout__t1                1.57884
xc.xlayout_dut.nb__t0                  2.85395
xc.xlayout_dut.vdd__t11                   2.97
xc.xlayout_dut.aon__t2                 1.22355
xc.xlayout_dut.x$28.11                 1.22439
xc.xlayout_dut.vss__t0                       0
xc.xlayout_dut.x$28.21                 2.96722
xc.xlayout_dut.vdd__t10                2.96806
xc.xlayout_dut.aop__t0                 2.39624
xc.xlayout_dut.x$29.11                 2.39651
xc.xlayout_dut.vss__t1                       0
xc.xlayout_dut.x$29.21                 2.96947
xc.xlayout_dut.vdd__t9                 2.96975
xc.xlayout_dut.aon                     1.22306
xc.xlayout_dut.aop                     2.39606
xc.xlayout_dut.atail                   0.69064
doutc                                  1.57884
doutbc                                 1.58106
xc.xlayout_dut.ltail                   1.80735
xc.xlayout_dut.mn                         2.97
xc.xlayout_dut.mp                         2.97
xc.xlayout_dut.na                      2.85723
xc.xlayout_dut.nb                      2.85615
xc.xlayout_dut.qn                         2.97
xc.xlayout_dut.qp                         2.97
xc.xlayout_dut.sn                   3.3029e-08
xc.xlayout_dut.sp                  3.28315e-08
ad                                -2.22045e-15
bd                                 -0.00755711
cd                                   0.0914429
bc                                  2.7682e-10
dan                                   0.531596
dbn                                   0.531596
dcn                                   0.531596
bdcn#branch                                  0
bdbn#branch                                  0
bdan#branch                                  0
bbc#branch                                   0
bcd#branch                                   0
bbd#branch                                   0
bad#branch                                   0
ecsn#branch                        2.69149e-19
ecsp#branch                         2.8449e-19
ebsn#branch                        2.77454e-19
ebsp#branch                        2.76186e-19
easn#branch                       -2.26582e-18
easp#branch                       -2.25557e-18
vsc#branch                                   0
vsb#branch                                   0
vsa#branch                                   0
vclk#branch                                  0
vcm#branch                         -3.4141e-18
vsup#branch                       -0.000782245

 Reference value :  7.36400e-10
 Reference value :  3.49640e-09
 Reference value :  6.66640e-09
 Reference value :  9.71140e-09
 Reference value :  1.24014e-08
 Reference value :  1.51864e-08
 Reference value :  1.82264e-08
 Reference value :  2.11364e-08
 Reference value :  2.39314e-08
 Reference value :  2.66514e-08
 Reference value :  2.93614e-08
 Reference value :  3.20152e-08
 Reference value :  3.49952e-08
 Reference value :  3.79202e-08
 Reference value :  4.05245e-08
 Reference value :  4.40295e-08
 Reference value :  4.75095e-08
 Reference value :  5.02995e-08
 Reference value :  5.32145e-08
 Reference value :  5.60395e-08
 Reference value :  5.90345e-08
No. of Data Rows : 12038
ad_pos              =  7.99384e-03 at=  4.05445e-08
ad_neg              =  -9.32263e-03 at=  4.02000e-08
ap0                 =  1.64622e+00
apmax               =  1.65422e+00 at=  4.05445e-08
apmin               =  1.63690e+00 at=  4.02000e-08
bd0                 =  -7.55734e-03
bd1                 =  -7.55805e-03
cd0                 =  9.14423e-02
cd1                 =  9.13658e-02
bc0                 =  6.31431e-06
bc1                 =  1.43534e-04
bp0                 =  1.64623e+00
bn0                 =  1.65378e+00
bp1                 =  1.64636e+00
bn1                 =  1.65392e+00
da_end              =  9.99990e-01
db_end              =  9.99990e-01
dc_end              =  9.99990e-01
m_kick_1k_peak_mv = 9.3226330000e+00
m_kick_1k_pos_mv = 7.9938360000e+00
m_kick_1k_neg_mv = -9.322633000e+00
m_kick_1k_raw_mv = 9.3220000000e+00
m_kick_resid_small_nv = -7.090000000e+02
m_kick_resid_big_nv = -7.651000000e+04
m_kick_sigdep_nv = 7.5801000000e+04
m_kick_cm_nv = 1.3722008700e+05
m_kick_resid_raw_uv = -9.999999999e-01
m_q_resid_small_ac = -7.090000000e-01
m_dout_1k_end = 9.9999030000e-01
m_dout_float_small_end = 9.9999030000e-01
m_dout_float_big_end = 9.9999030000e-01
Note: Simulation executed from .control section 

Warning: m=xx on .subckt line will override multiplier m hierarchy!

Note: Starting dynamic gmin stepping
Note: Dynamic gmin stepping completed
