
Note: Compatibility modes selected: hs a


Circuit: * comparator-kickback @ sf_125c_3.30v -- generated by sim/harness, do not edit

Doing analysis at TEMP = 125.000000 and TNOM = 27.000000

Using SPARSE 1.3 as Direct Linear Solver

Initial Transient Solution
--------------------------

Node                                   Voltage
----                                   -------
vdd                                        3.3
cm                                        1.65
clk                                          0
sa                                  -0.0104976
asp                                    1.64475
asn                                    1.65525
apa                                    1.64475
ana                                    1.65525
ibna                                    1.0774
xa.xlayout_dut.sp__t2              3.15939e-08
xa.xlayout_dut.qp__t6                      3.3
xa.xlayout_dut.vss__t17            1.80437e-10
xa.xlayout_dut.vss__t2             2.33755e-18
xa.xlayout_dut.dout__t3                 1.7589
xa.xlayout_dut.sp__t3              3.19963e-08
xa.xlayout_dut.vss__t25            2.40158e-11
xa.xlayout_dut.vss__t3             2.23236e-11
xa.xlayout_dut.dout__t2                1.75253
xa.xlayout_dut.doutb__t0               1.76191
xa.xlayout_dut.vss__t24             0.00181424
xa.xlayout_dut.vss__t4             2.45796e-11
xa.xlayout_dut.ibias__t0               1.07612
xa.xlayout_dut.ibias__t1                1.0774
xa.xlayout_dut.vss__t20            0.000254896
xa.xlayout_dut.vss__t8             4.02788e-11
xa.xlayout_dut.sn__t2              3.15936e-08
xa.xlayout_dut.qn__t6                      3.3
xa.xlayout_dut.vss__t23            1.80101e-10
xa.xlayout_dut.vss__t5             2.33315e-18
xa.xlayout_dut.doutb__t1               1.76191
xa.xlayout_dut.sn__t3              3.22039e-08
xa.xlayout_dut.vss__t22            2.39927e-11
xa.xlayout_dut.vss__t6             2.23276e-11
xa.xlayout_dut.doutb__t4               1.75613
xa.xlayout_dut.dout__t4                 1.7589
xa.xlayout_dut.vss__t21             0.00180458
xa.xlayout_dut.vss__t7             2.47339e-11
xa.xlayout_dut.qn__t4                      3.3
xa.xlayout_dut.qp__t0                      3.3
xa.xlayout_dut.mn__t0                      3.3
xa.xlayout_dut.vss__t9             5.10485e-11
xa.xlayout_dut.mn__t1                      3.3
xa.xlayout_dut.aop__t2                  2.0708
xa.xlayout_dut.ltail__t0               1.65809
xa.xlayout_dut.vss__t11            3.88086e-11
xa.xlayout_dut.atail__t0              0.684116
xa.xlayout_dut.ibias__t2                1.0774
xa.xlayout_dut.vss__t19             0.00049273
xa.xlayout_dut.vss__t13            4.01983e-11
xa.xlayout_dut.qp__t1                      3.3
xa.xlayout_dut.qn__t5                      3.3
xa.xlayout_dut.mp__t2                      3.3
xa.xlayout_dut.vss__t10            5.11404e-11
xa.xlayout_dut.ltail__t1               1.65809
xa.xlayout_dut.clk__t2                       0
xa.xlayout_dut.vss__t18            8.59027e-11
xa.xlayout_dut.vss__t14            1.69144e-11
xa.xlayout_dut.mp__t1                      3.3
xa.xlayout_dut.aon__t0                 2.20893
xa.xlayout_dut.ltail__t2               1.65809
xa.xlayout_dut.vss__t12            3.91989e-11
xa.xlayout_dut.aon__t1                 2.20816
xa.xlayout_dut.vinp__t0                1.64475
xa.xlayout_dut.atail__t1               0.68471
xa.xlayout_dut.vss__t15            7.75646e-10
xa.xlayout_dut.aop__t1                 2.06948
xa.xlayout_dut.vinn__t0                1.65525
xa.xlayout_dut.atail__t2              0.684971
xa.xlayout_dut.vss__t16            2.87257e-10
xa.xlayout_dut.mn__t2                      3.3
xa.xlayout_dut.clk__t0                       0
xa.xlayout_dut.vdd__t0                     3.3
xa.xlayout_dut.vdd__t1                     3.3
xa.xlayout_dut.qn__t1                      3.3
xa.xlayout_dut.clk__t1                       0
xa.xlayout_dut.vdd__t2                     3.3
xa.xlayout_dut.vdd__t3                     3.3
xa.xlayout_dut.sp__t0              3.28779e-08
xa.xlayout_dut.qp__t2                      3.3
xa.xlayout_dut.vdd__t4                     3.3
xa.xlayout_dut.vdd__t5                     3.3
xa.xlayout_dut.mp__t0                      3.3
xa.xlayout_dut.clk__t4                       0
xa.xlayout_dut.vdd__t21                    3.3
xa.xlayout_dut.vdd__t20                    3.3
xa.xlayout_dut.qn__t0                      3.3
xa.xlayout_dut.qp__t3                      3.3
xa.xlayout_dut.vdd__t6                     3.3
xa.xlayout_dut.vdd__t7                     3.3
xa.xlayout_dut.qp__t4                      3.3
xa.xlayout_dut.clk__t3                       0
xa.xlayout_dut.vdd__t19                    3.3
xa.xlayout_dut.vdd__t18                    3.3
xa.xlayout_dut.na__t1                  3.16189
xa.xlayout_dut.sp__t1              3.19963e-08
xa.xlayout_dut.vdd__t23                3.29754
xa.xlayout_dut.vdd__t8                     3.3
xa.xlayout_dut.dout__t0                1.76359
xa.xlayout_dut.doutb__t2               1.76191
xa.xlayout_dut.na__t0                   3.1596
xa.xlayout_dut.vdd__t13                    3.3
xa.xlayout_dut.sn__t0              3.31626e-08
xa.xlayout_dut.qn__t3                      3.3
xa.xlayout_dut.vdd__t17                    3.3
xa.xlayout_dut.vdd__t16                    3.3
xa.xlayout_dut.qp__t5                      3.3
xa.xlayout_dut.qn__t2                      3.3
xa.xlayout_dut.vdd__t15                    3.3
xa.xlayout_dut.vdd__t14                    3.3
xa.xlayout_dut.nb__t1                  3.16226
xa.xlayout_dut.sn__t1              3.22039e-08
xa.xlayout_dut.vdd__t22                3.29735
xa.xlayout_dut.vdd__t12                    3.3
xa.xlayout_dut.doutb__t3               1.77447
xa.xlayout_dut.dout__t1                 1.7589
xa.xlayout_dut.nb__t0                  3.15638
xa.xlayout_dut.vdd__t11                    3.3
xa.xlayout_dut.aon__t2                 2.20923
xa.xlayout_dut.x$28.11                 2.20976
xa.xlayout_dut.vss__t0                       0
xa.xlayout_dut.x$28.21                 3.29826
xa.xlayout_dut.vdd__t10                3.29879
xa.xlayout_dut.aop__t0                 2.07117
xa.xlayout_dut.x$29.11                 2.07177
xa.xlayout_dut.vss__t1                       0
xa.xlayout_dut.x$29.21                 3.29887
xa.xlayout_dut.vdd__t9                 3.29946
xa.xlayout_dut.aon                     2.20893
vsubs                                        0
xa.xlayout_dut.aop                      2.0708
xa.xlayout_dut.atail                  0.684611
douta                                   1.7589
doutba                                 1.76191
xa.xlayout_dut.ltail                   1.65809
xa.xlayout_dut.mn                          3.3
xa.xlayout_dut.mp                          3.3
xa.xlayout_dut.na                      3.16074
xa.xlayout_dut.nb                      3.15932
xa.xlayout_dut.qn                          3.3
xa.xlayout_dut.qp                          3.3
xa.xlayout_dut.sn                  3.22039e-08
xa.xlayout_dut.sp                  3.19963e-08
sb                                  -0.0104976
bsp                                    1.64475
bsn                                    1.65525
bpp                                    1.64475
bpn                                    1.65525
ibnb                                    1.0774
xb.xlayout_dut.sp__t2              3.15939e-08
xb.xlayout_dut.qp__t6                      3.3
xb.xlayout_dut.vss__t17            1.80437e-10
xb.xlayout_dut.vss__t2             2.33755e-18
xb.xlayout_dut.dout__t3                 1.7589
xb.xlayout_dut.sp__t3              3.19963e-08
xb.xlayout_dut.vss__t25            2.40158e-11
xb.xlayout_dut.vss__t3             2.23236e-11
xb.xlayout_dut.dout__t2                1.75253
xb.xlayout_dut.doutb__t0               1.76191
xb.xlayout_dut.vss__t24             0.00181424
xb.xlayout_dut.vss__t4             2.45796e-11
xb.xlayout_dut.ibias__t0               1.07612
xb.xlayout_dut.ibias__t1                1.0774
xb.xlayout_dut.vss__t20            0.000254896
xb.xlayout_dut.vss__t8             4.02788e-11
xb.xlayout_dut.sn__t2              3.15936e-08
xb.xlayout_dut.qn__t6                      3.3
xb.xlayout_dut.vss__t23            1.80101e-10
xb.xlayout_dut.vss__t5             2.33315e-18
xb.xlayout_dut.doutb__t1               1.76191
xb.xlayout_dut.sn__t3              3.22039e-08
xb.xlayout_dut.vss__t22            2.39927e-11
xb.xlayout_dut.vss__t6             2.23276e-11
xb.xlayout_dut.doutb__t4               1.75613
xb.xlayout_dut.dout__t4                 1.7589
xb.xlayout_dut.vss__t21             0.00180458
xb.xlayout_dut.vss__t7             2.47339e-11
xb.xlayout_dut.qn__t4                      3.3
xb.xlayout_dut.qp__t0                      3.3
xb.xlayout_dut.mn__t0                      3.3
xb.xlayout_dut.vss__t9             5.10485e-11
xb.xlayout_dut.mn__t1                      3.3
xb.xlayout_dut.aop__t2                  2.0708
xb.xlayout_dut.ltail__t0               1.65809
xb.xlayout_dut.vss__t11            3.88086e-11
xb.xlayout_dut.atail__t0              0.684116
xb.xlayout_dut.ibias__t2                1.0774
xb.xlayout_dut.vss__t19             0.00049273
xb.xlayout_dut.vss__t13            4.01983e-11
xb.xlayout_dut.qp__t1                      3.3
xb.xlayout_dut.qn__t5                      3.3
xb.xlayout_dut.mp__t2                      3.3
xb.xlayout_dut.vss__t10            5.11404e-11
xb.xlayout_dut.ltail__t1               1.65809
xb.xlayout_dut.clk__t2                       0
xb.xlayout_dut.vss__t18            8.59027e-11
xb.xlayout_dut.vss__t14            1.69144e-11
xb.xlayout_dut.mp__t1                      3.3
xb.xlayout_dut.aon__t0                 2.20893
xb.xlayout_dut.ltail__t2               1.65809
xb.xlayout_dut.vss__t12            3.91989e-11
xb.xlayout_dut.aon__t1                 2.20816
xb.xlayout_dut.vinp__t0                1.64475
xb.xlayout_dut.atail__t1               0.68471
xb.xlayout_dut.vss__t15            7.75646e-10
xb.xlayout_dut.aop__t1                 2.06948
xb.xlayout_dut.vinn__t0                1.65525
xb.xlayout_dut.atail__t2              0.684971
xb.xlayout_dut.vss__t16            2.87257e-10
xb.xlayout_dut.mn__t2                      3.3
xb.xlayout_dut.clk__t0                       0
xb.xlayout_dut.vdd__t0                     3.3
xb.xlayout_dut.vdd__t1                     3.3
xb.xlayout_dut.qn__t1                      3.3
xb.xlayout_dut.clk__t1                       0
xb.xlayout_dut.vdd__t2                     3.3
xb.xlayout_dut.vdd__t3                     3.3
xb.xlayout_dut.sp__t0              3.28779e-08
xb.xlayout_dut.qp__t2                      3.3
xb.xlayout_dut.vdd__t4                     3.3
xb.xlayout_dut.vdd__t5                     3.3
xb.xlayout_dut.mp__t0                      3.3
xb.xlayout_dut.clk__t4                       0
xb.xlayout_dut.vdd__t21                    3.3
xb.xlayout_dut.vdd__t20                    3.3
xb.xlayout_dut.qn__t0                      3.3
xb.xlayout_dut.qp__t3                      3.3
xb.xlayout_dut.vdd__t6                     3.3
xb.xlayout_dut.vdd__t7                     3.3
xb.xlayout_dut.qp__t4                      3.3
xb.xlayout_dut.clk__t3                       0
xb.xlayout_dut.vdd__t19                    3.3
xb.xlayout_dut.vdd__t18                    3.3
xb.xlayout_dut.na__t1                  3.16189
xb.xlayout_dut.sp__t1              3.19963e-08
xb.xlayout_dut.vdd__t23                3.29754
xb.xlayout_dut.vdd__t8                     3.3
xb.xlayout_dut.dout__t0                1.76359
xb.xlayout_dut.doutb__t2               1.76191
xb.xlayout_dut.na__t0                   3.1596
xb.xlayout_dut.vdd__t13                    3.3
xb.xlayout_dut.sn__t0              3.31626e-08
xb.xlayout_dut.qn__t3                      3.3
xb.xlayout_dut.vdd__t17                    3.3
xb.xlayout_dut.vdd__t16                    3.3
xb.xlayout_dut.qp__t5                      3.3
xb.xlayout_dut.qn__t2                      3.3
xb.xlayout_dut.vdd__t15                    3.3
xb.xlayout_dut.vdd__t14                    3.3
xb.xlayout_dut.nb__t1                  3.16226
xb.xlayout_dut.sn__t1              3.22039e-08
xb.xlayout_dut.vdd__t22                3.29735
xb.xlayout_dut.vdd__t12                    3.3
xb.xlayout_dut.doutb__t3               1.77447
xb.xlayout_dut.dout__t1                 1.7589
xb.xlayout_dut.nb__t0                  3.15638
xb.xlayout_dut.vdd__t11                    3.3
xb.xlayout_dut.aon__t2                 2.20923
xb.xlayout_dut.x$28.11                 2.20976
xb.xlayout_dut.vss__t0                       0
xb.xlayout_dut.x$28.21                 3.29826
xb.xlayout_dut.vdd__t10                3.29879
xb.xlayout_dut.aop__t0                 2.07117
xb.xlayout_dut.x$29.11                 2.07177
xb.xlayout_dut.vss__t1                       0
xb.xlayout_dut.x$29.21                 3.29887
xb.xlayout_dut.vdd__t9                 3.29946
xb.xlayout_dut.aon                     2.20893
xb.xlayout_dut.aop                      2.0708
xb.xlayout_dut.atail                  0.684611
doutb                                   1.7589
doutbb                                 1.76191
xb.xlayout_dut.ltail                   1.65809
xb.xlayout_dut.mn                          3.3
xb.xlayout_dut.mp                          3.3
xb.xlayout_dut.na                      3.16074
xb.xlayout_dut.nb                      3.15932
xb.xlayout_dut.qn                          3.3
xb.xlayout_dut.qp                          3.3
xb.xlayout_dut.sn                  3.22039e-08
xb.xlayout_dut.sp                  3.19963e-08
sc                                   0.0885024
csp                                    1.69425
csn                                    1.60575
cpp                                    1.69425
cpn                                    1.60575
ibnc                                    1.0774
xc.xlayout_dut.sp__t2              3.15939e-08
xc.xlayout_dut.qp__t6                      3.3
xc.xlayout_dut.vss__t17            1.80437e-10
xc.xlayout_dut.vss__t2             2.33755e-18
xc.xlayout_dut.dout__t3                 1.7589
xc.xlayout_dut.sp__t3              3.19963e-08
xc.xlayout_dut.vss__t25            2.40158e-11
xc.xlayout_dut.vss__t3             2.23236e-11
xc.xlayout_dut.dout__t2                1.75253
xc.xlayout_dut.doutb__t0               1.76191
xc.xlayout_dut.vss__t24             0.00181424
xc.xlayout_dut.vss__t4             2.45796e-11
xc.xlayout_dut.ibias__t0               1.07612
xc.xlayout_dut.ibias__t1                1.0774
xc.xlayout_dut.vss__t20            0.000254896
xc.xlayout_dut.vss__t8             4.02788e-11
xc.xlayout_dut.sn__t2              3.15936e-08
xc.xlayout_dut.qn__t6                      3.3
xc.xlayout_dut.vss__t23            1.80101e-10
xc.xlayout_dut.vss__t5             2.33315e-18
xc.xlayout_dut.doutb__t1               1.76191
xc.xlayout_dut.sn__t3              3.22039e-08
xc.xlayout_dut.vss__t22            2.39927e-11
xc.xlayout_dut.vss__t6             2.23276e-11
xc.xlayout_dut.doutb__t4               1.75613
xc.xlayout_dut.dout__t4                 1.7589
xc.xlayout_dut.vss__t21             0.00180458
xc.xlayout_dut.vss__t7             2.47339e-11
xc.xlayout_dut.qn__t4                      3.3
xc.xlayout_dut.qp__t0                      3.3
xc.xlayout_dut.mn__t0                      3.3
xc.xlayout_dut.vss__t9             5.10485e-11
xc.xlayout_dut.mn__t1                      3.3
xc.xlayout_dut.aop__t2                 2.71024
xc.xlayout_dut.ltail__t0                2.0662
xc.xlayout_dut.vss__t11            4.12492e-11
xc.xlayout_dut.atail__t0              0.690196
xc.xlayout_dut.ibias__t2                1.0774
xc.xlayout_dut.vss__t19            0.000492766
xc.xlayout_dut.vss__t13            4.03473e-11
xc.xlayout_dut.qp__t1                      3.3
xc.xlayout_dut.qn__t5                      3.3
xc.xlayout_dut.mp__t2                      3.3
xc.xlayout_dut.vss__t10            5.11404e-11
xc.xlayout_dut.ltail__t1                2.0662
xc.xlayout_dut.clk__t2                       0
xc.xlayout_dut.vss__t18            9.01322e-11
xc.xlayout_dut.vss__t14            1.91371e-11
xc.xlayout_dut.mp__t1                      3.3
xc.xlayout_dut.aon__t0                 1.56873
xc.xlayout_dut.ltail__t2                2.0662
xc.xlayout_dut.vss__t12            4.16627e-11
xc.xlayout_dut.aon__t1                 1.56752
xc.xlayout_dut.vinp__t0                1.69425
xc.xlayout_dut.atail__t1              0.690849
xc.xlayout_dut.vss__t15            1.81765e-10
xc.xlayout_dut.aop__t1                 2.70961
xc.xlayout_dut.vinn__t0                1.60575
xc.xlayout_dut.atail__t2              0.690864
xc.xlayout_dut.vss__t16            3.63902e-08
xc.xlayout_dut.mn__t2                      3.3
xc.xlayout_dut.clk__t0                       0
xc.xlayout_dut.vdd__t0                     3.3
xc.xlayout_dut.vdd__t1                     3.3
xc.xlayout_dut.qn__t1                      3.3
xc.xlayout_dut.clk__t1                       0
xc.xlayout_dut.vdd__t2                     3.3
xc.xlayout_dut.vdd__t3                     3.3
xc.xlayout_dut.sp__t0              3.28779e-08
xc.xlayout_dut.qp__t2                      3.3
xc.xlayout_dut.vdd__t4                     3.3
xc.xlayout_dut.vdd__t5                     3.3
xc.xlayout_dut.mp__t0                      3.3
xc.xlayout_dut.clk__t4                       0
xc.xlayout_dut.vdd__t21                    3.3
xc.xlayout_dut.vdd__t20                    3.3
xc.xlayout_dut.qn__t0                      3.3
xc.xlayout_dut.qp__t3                      3.3
xc.xlayout_dut.vdd__t6                     3.3
xc.xlayout_dut.vdd__t7                     3.3
xc.xlayout_dut.qp__t4                      3.3
xc.xlayout_dut.clk__t3                       0
xc.xlayout_dut.vdd__t19                    3.3
xc.xlayout_dut.vdd__t18                    3.3
xc.xlayout_dut.na__t1                  3.16189
xc.xlayout_dut.sp__t1              3.19963e-08
xc.xlayout_dut.vdd__t23                3.29754
xc.xlayout_dut.vdd__t8                     3.3
xc.xlayout_dut.dout__t0                1.76359
xc.xlayout_dut.doutb__t2               1.76191
xc.xlayout_dut.na__t0                   3.1596
xc.xlayout_dut.vdd__t13                    3.3
xc.xlayout_dut.sn__t0              3.31626e-08
xc.xlayout_dut.qn__t3                      3.3
xc.xlayout_dut.vdd__t17                    3.3
xc.xlayout_dut.vdd__t16                    3.3
xc.xlayout_dut.qp__t5                      3.3
xc.xlayout_dut.qn__t2                      3.3
xc.xlayout_dut.vdd__t15                    3.3
xc.xlayout_dut.vdd__t14                    3.3
xc.xlayout_dut.nb__t1                  3.16226
xc.xlayout_dut.sn__t1              3.22039e-08
xc.xlayout_dut.vdd__t22                3.29735
xc.xlayout_dut.vdd__t12                    3.3
xc.xlayout_dut.doutb__t3               1.77447
xc.xlayout_dut.dout__t1                 1.7589
xc.xlayout_dut.nb__t0                  3.15638
xc.xlayout_dut.vdd__t11                    3.3
xc.xlayout_dut.aon__t2                 1.56922
xc.xlayout_dut.x$28.11                 1.57006
xc.xlayout_dut.vss__t0                       0
xc.xlayout_dut.x$28.21                 3.29725
xc.xlayout_dut.vdd__t10                3.29808
xc.xlayout_dut.aop__t0                 2.71042
xc.xlayout_dut.x$29.11                  2.7107
xc.xlayout_dut.vss__t1                       0
xc.xlayout_dut.x$29.21                 3.29946
xc.xlayout_dut.vdd__t9                 3.29974
xc.xlayout_dut.aon                     1.56873
xc.xlayout_dut.aop                     2.71024
xc.xlayout_dut.atail                  0.690691
doutc                                   1.7589
doutbc                                 1.76191
xc.xlayout_dut.ltail                    2.0662
xc.xlayout_dut.mn                          3.3
xc.xlayout_dut.mp                          3.3
xc.xlayout_dut.na                      3.16074
xc.xlayout_dut.nb                      3.15932
xc.xlayout_dut.qn                          3.3
xc.xlayout_dut.qp                          3.3
xc.xlayout_dut.sn                  3.22039e-08
xc.xlayout_dut.sp                  3.19963e-08
ad                                -2.44249e-15
bd                                  -0.0104976
cd                                   0.0885024
bc                                  2.7682e-10
dan                                   0.533001
dbn                                   0.533001
dcn                                   0.533001
bdcn#branch                                  0
bdbn#branch                                  0
bdan#branch                                  0
bbc#branch                                   0
bcd#branch                                   0
bbd#branch                                   0
bad#branch                                   0
ecsn#branch                        2.69396e-19
ecsp#branch                        2.84244e-19
ebsn#branch                          2.777e-19
ebsp#branch                        2.75939e-19
easn#branch                       -2.14089e-18
easp#branch                        -2.3857e-18
vsc#branch                                   0
vsb#branch                                   0
vsa#branch                                   0
vclk#branch                                  0
vcm#branch                        -3.41931e-18
vsup#branch                        -0.00101288

 Reference value :  1.04640e-09
 Reference value :  3.78140e-09
 Reference value :  6.40640e-09
 Reference value :  9.34640e-09
 Reference value :  1.23614e-08
 Reference value :  1.52764e-08
 Reference value :  1.80564e-08
 Reference value :  2.10814e-08
 Reference value :  2.50514e-08
 Reference value :  2.78614e-08
 Reference value :  3.05944e-08
 Reference value :  3.34044e-08
 Reference value :  3.63494e-08
 Reference value :  3.92494e-08
 Reference value :  4.19203e-08
 Reference value :  4.52703e-08
 Reference value :  4.80853e-08
 Reference value :  5.10853e-08
 Reference value :  5.40353e-08
 Reference value :  5.69353e-08
 Reference value :  5.95853e-08
No. of Data Rows : 12039
ad_pos              =  9.40961e-03 at=  4.05303e-08
ad_neg              =  -9.76691e-03 at=  4.02000e-08
ap0                 =  1.64475e+00
apmax               =  1.65416e+00 at=  4.05303e-08
apmin               =  1.63498e+00 at=  4.02000e-08
bd0                 =  -1.04978e-02
bd1                 =  -1.04954e-02
cd0                 =  8.85018e-02
cd1                 =  8.84394e-02
bc0                 =  6.84460e-06
bc1                 =  1.60340e-04
bp0                 =  1.64476e+00
bn0                 =  1.65526e+00
bp1                 =  1.64491e+00
bn1                 =  1.65541e+00
da_end              =  9.99990e-01
db_end              =  9.99990e-01
dc_end              =  9.99990e-01
m_kick_1k_peak_mv = 9.7669110000e+00
m_kick_1k_pos_mv = 9.4096060000e+00
m_kick_1k_neg_mv = -9.766911000e+00
m_kick_1k_raw_mv = 9.7670000000e+00
m_kick_resid_small_nv = 2.4100000000e+03
m_kick_resid_big_nv = -6.235000000e+04
m_kick_sigdep_nv = 6.4760000000e+04
m_kick_cm_nv = 1.5349569600e+05
m_kick_resid_raw_uv = 3.0000000002e+00
m_q_resid_small_ac = 2.4100000000e+00
m_dout_1k_end = 9.9998960000e-01
m_dout_float_small_end = 9.9998960000e-01
m_dout_float_big_end = 9.9998960000e-01
Note: Simulation executed from .control section 

Warning: m=xx on .subckt line will override multiplier m hierarchy!

