
Note: Compatibility modes selected: hs a


Circuit: * comparator-kickback-vosprobe @ ss_-40c_3.30v -- generated by sim/harness, do not edit

Doing analysis at TEMP = -40.000000 and TNOM = 27.000000

Using SPARSE 1.3 as Direct Linear Solver

Initial Transient Solution
--------------------------

Node                                   Voltage
----                                   -------
vdd                                        3.3
cm                                        1.65
clk                                          0
rmp                                      -0.04
vp                                        1.63
vn                                        1.67
ibn                                    1.12883
xdut.xlayout_dut.sp__t2            3.57319e-09
xdut.xlayout_dut.qp__t6                    3.3
xdut.xlayout_dut.vss__t17          3.29313e-11
xdut.xlayout_dut.vss__t2           3.41313e-20
xdut.xlayout_dut.dout__t3                  3.3
xdut.xlayout_dut.sp__t3            3.64663e-09
xdut.xlayout_dut.vss__t25          2.69608e-18
xdut.xlayout_dut.vss__t3           3.69526e-11
xdut.xlayout_dut.dout__t2                  3.3
xdut.xlayout_dut.doutb__t0         3.90277e-09
xdut.xlayout_dut.vss__t24           2.8352e-18
xdut.xlayout_dut.vss__t4           3.88591e-11
xdut.xlayout_dut.ibias__t0             1.12756
xdut.xlayout_dut.ibias__t1             1.12883
xdut.xlayout_dut.vss__t20          0.000254896
xdut.xlayout_dut.vss__t8            2.8764e-11
xdut.xlayout_dut.sn__t2            3.57313e-09
xdut.xlayout_dut.qn__t6                    3.3
xdut.xlayout_dut.vss__t23            3.287e-11
xdut.xlayout_dut.vss__t5           3.40666e-20
xdut.xlayout_dut.doutb__t1         3.90277e-09
xdut.xlayout_dut.sn__t3            3.68451e-09
xdut.xlayout_dut.vss__t22            2.196e-25
xdut.xlayout_dut.vss__t6           4.36424e-20
xdut.xlayout_dut.doutb__t4         3.76511e-09
xdut.xlayout_dut.dout__t4                  3.3
xdut.xlayout_dut.vss__t21          4.30217e-11
xdut.xlayout_dut.vss__t7           4.47869e-20
xdut.xlayout_dut.qn__t4                    3.3
xdut.xlayout_dut.qp__t0                    3.3
xdut.xlayout_dut.mn__t0                    3.3
xdut.xlayout_dut.vss__t9           4.33209e-11
xdut.xlayout_dut.mn__t1                    3.3
xdut.xlayout_dut.aop__t2               1.16972
xdut.xlayout_dut.ltail__t0             1.34898
xdut.xlayout_dut.vss__t11          2.78023e-11
xdut.xlayout_dut.atail__t0            0.554137
xdut.xlayout_dut.ibias__t2             1.12883
xdut.xlayout_dut.vss__t19           0.00049833
xdut.xlayout_dut.vss__t13          1.35902e-11
xdut.xlayout_dut.qp__t1                    3.3
xdut.xlayout_dut.qn__t5                    3.3
xdut.xlayout_dut.mp__t2                    3.3
xdut.xlayout_dut.vss__t10          4.33989e-11
xdut.xlayout_dut.ltail__t1             1.34898
xdut.xlayout_dut.clk__t2                     0
xdut.xlayout_dut.vss__t18            9.334e-18
xdut.xlayout_dut.vss__t14          7.28547e-12
xdut.xlayout_dut.mp__t1                    3.3
xdut.xlayout_dut.aon__t0                2.1878
xdut.xlayout_dut.ltail__t2             1.34898
xdut.xlayout_dut.vss__t12          2.80841e-11
xdut.xlayout_dut.aon__t1               2.18723
xdut.xlayout_dut.vinp__t0                 1.63
xdut.xlayout_dut.atail__t1            0.554711
xdut.xlayout_dut.vss__t15          2.87336e-09
xdut.xlayout_dut.aop__t1               1.16807
xdut.xlayout_dut.vinn__t0                 1.67
xdut.xlayout_dut.atail__t2            0.555089
xdut.xlayout_dut.vss__t16          4.15252e-11
xdut.xlayout_dut.mn__t2                    3.3
xdut.xlayout_dut.clk__t0                     0
xdut.xlayout_dut.vdd__t0                   3.3
xdut.xlayout_dut.vdd__t1                   3.3
xdut.xlayout_dut.qn__t1                    3.3
xdut.xlayout_dut.clk__t1                     0
xdut.xlayout_dut.vdd__t2                   3.3
xdut.xlayout_dut.vdd__t3                   3.3
xdut.xlayout_dut.sp__t0            3.80753e-09
xdut.xlayout_dut.qp__t2                    3.3
xdut.xlayout_dut.vdd__t4                   3.3
xdut.xlayout_dut.vdd__t5                   3.3
xdut.xlayout_dut.mp__t0                    3.3
xdut.xlayout_dut.clk__t4                     0
xdut.xlayout_dut.vdd__t21                  3.3
xdut.xlayout_dut.vdd__t20                  3.3
xdut.xlayout_dut.qn__t0                    3.3
xdut.xlayout_dut.qp__t3                    3.3
xdut.xlayout_dut.vdd__t6                   3.3
xdut.xlayout_dut.vdd__t7                   3.3
xdut.xlayout_dut.qp__t4                    3.3
xdut.xlayout_dut.clk__t3                     0
xdut.xlayout_dut.vdd__t19                  3.3
xdut.xlayout_dut.vdd__t18                  3.3
xdut.xlayout_dut.na__t1                    3.3
xdut.xlayout_dut.sp__t1            3.64663e-09
xdut.xlayout_dut.vdd__t23                  3.3
xdut.xlayout_dut.vdd__t8                   3.3
xdut.xlayout_dut.dout__t0                  3.3
xdut.xlayout_dut.doutb__t2         3.90277e-09
xdut.xlayout_dut.na__t0                    3.3
xdut.xlayout_dut.vdd__t13                  3.3
xdut.xlayout_dut.sn__t0            3.85949e-09
xdut.xlayout_dut.qn__t3                    3.3
xdut.xlayout_dut.vdd__t17                  3.3
xdut.xlayout_dut.vdd__t16                  3.3
xdut.xlayout_dut.qp__t5                    3.3
xdut.xlayout_dut.qn__t2                    3.3
xdut.xlayout_dut.vdd__t15                  3.3
xdut.xlayout_dut.vdd__t14                  3.3
xdut.xlayout_dut.nb__t1                    3.3
xdut.xlayout_dut.sn__t1            3.68451e-09
xdut.xlayout_dut.vdd__t22                  3.3
xdut.xlayout_dut.vdd__t12                  3.3
xdut.xlayout_dut.doutb__t3         4.20237e-09
xdut.xlayout_dut.dout__t1                  3.3
xdut.xlayout_dut.nb__t0                    3.3
xdut.xlayout_dut.vdd__t11                  3.3
xdut.xlayout_dut.aon__t2               2.18802
xdut.xlayout_dut.x$28.11               2.18906
xdut.xlayout_dut.vss__t0                     0
xdut.xlayout_dut.x$28.21               3.29807
xdut.xlayout_dut.vdd__t10              3.29911
xdut.xlayout_dut.aop__t0               1.17018
xdut.xlayout_dut.x$29.11               1.17218
xdut.xlayout_dut.vss__t1                     0
xdut.xlayout_dut.x$29.21               3.29733
xdut.xlayout_dut.vdd__t9               3.29932
xdut.xlayout_dut.aon                    2.1878
vsubs                                        0
xdut.xlayout_dut.aop                   1.16972
xdut.xlayout_dut.atail                0.554638
dout                                       3.3
doutb                              3.90277e-09
xdut.xlayout_dut.ltail                 1.34898
xdut.xlayout_dut.mn                        3.3
xdut.xlayout_dut.mp                        3.3
xdut.xlayout_dut.na                        3.3
xdut.xlayout_dut.nb                        3.3
xdut.xlayout_dut.qn                        3.3
xdut.xlayout_dut.qp                        3.3
xdut.xlayout_dut.sn                3.68451e-09
xdut.xlayout_dut.sp                3.64663e-09
dn                                           1
bdn#branch                                   0
bnn#branch                         1.17161e-18
bpp#branch                          3.4199e-19
vrmp#branch                                  0
vclk#branch                                  0
vcm#branch                                   0
vsup#branch                       -3.03377e-05

 Reference value :  9.00794e-08
 Reference value :  2.20200e-07
 Reference value :  3.70208e-07
 Reference value :  5.21494e-07
 Reference value :  6.70960e-07
 Reference value :  8.21223e-07
 Reference value :  9.90128e-07
 Reference value :  1.12020e-06
 Reference value :  1.27012e-06
 Reference value :  1.41016e-06
 Reference value :  1.54020e-06
 Reference value :  1.69010e-06
 Reference value :  1.83043e-06
 Reference value :  1.98032e-06
 Reference value :  2.11079e-06
 Reference value :  2.25189e-06
 Reference value :  2.40009e-06
 Reference value :  2.53099e-06
 Reference value :  2.68080e-06
 Reference value :  2.83118e-06
 Reference value :  2.98041e-06
 Reference value :  3.12045e-06
 Reference value :  3.27020e-06
 Reference value :  3.42025e-06
 Reference value :  3.55083e-06
 Reference value :  3.70015e-06
 Reference value :  3.88020e-06
 Reference value :  4.02129e-06
 Reference value :  4.18065e-06
 Reference value :  4.35513e-06
 Reference value :  4.50009e-06
 Reference value :  4.63012e-06
 Reference value :  4.78060e-06
 Reference value :  4.93080e-06
 Reference value :  5.08020e-06
 Reference value :  5.22046e-06
 Reference value :  5.37000e-06
 Reference value :  5.49849e-06
 Reference value :  5.64024e-06
 Reference value :  5.77110e-06
 Reference value :  5.92012e-06
 Reference value :  6.06020e-06
 Reference value :  6.19114e-06
 Reference value :  6.34114e-06
 Reference value :  6.49012e-06
 Reference value :  6.63173e-06
 Reference value :  6.79049e-06
 Reference value :  6.94011e-06
 Reference value :  7.08045e-06
 Reference value :  7.23065e-06
 Reference value :  7.38008e-06
 Reference value :  7.51013e-06
 Reference value :  7.66013e-06
 Reference value :  7.81020e-06
 Reference value :  7.95020e-06
 Reference value :  8.08080e-06
 Reference value :  8.23010e-06
 Reference value :  8.37775e-06
 Reference value :  8.52002e-06
 Reference value :  8.67022e-06
 Reference value :  8.82051e-06
 Reference value :  8.97012e-06
 Reference value :  9.10063e-06
 Reference value :  9.24108e-06
 Reference value :  9.39013e-06
 Reference value :  9.54002e-06
 Reference value :  9.67090e-06
 Reference value :  9.85065e-06
 Reference value :  9.99070e-06
 Reference value :  1.01400e-05
 Reference value :  1.02706e-05
 Reference value :  1.04102e-05
 Reference value :  1.05601e-05
 Reference value :  1.06913e-05
 Reference value :  1.08601e-05
 Reference value :  1.09917e-05
 Reference value :  1.11425e-05
 Reference value :  1.12908e-05
 Reference value :  1.14308e-05
 Reference value :  1.15800e-05
 Reference value :  1.17301e-05
 Reference value :  1.18609e-05
 Reference value :  1.20011e-05
 Reference value :  1.21344e-05
 Reference value :  1.23001e-05
 Reference value :  1.24501e-05
 Reference value :  1.26003e-05
 Reference value :  1.27506e-05
 Reference value :  1.29006e-05
 Reference value :  1.30601e-05
 Reference value :  1.32001e-05
 Reference value :  1.33308e-05
 Reference value :  1.34802e-05
 Reference value :  1.36302e-05
 Reference value :  1.37803e-05
 Reference value :  1.39301e-05
 Reference value :  1.40808e-05
 Reference value :  1.42307e-05
 Reference value :  1.43743e-05
 Reference value :  1.45203e-05
 Reference value :  1.46701e-05
 Reference value :  1.48201e-05
 Reference value :  1.49701e-05
 Reference value :  1.51200e-05
 Reference value :  1.52701e-05
 Reference value :  1.54264e-05
 Reference value :  1.55801e-05
 Reference value :  1.57288e-05
 Reference value :  1.59008e-05
 Reference value :  1.60605e-05
 Reference value :  1.62101e-05
 Reference value :  1.63513e-05
 Reference value :  1.65003e-05
 Reference value :  1.66501e-05
 Reference value :  1.67808e-05
 Reference value :  1.69502e-05
 Reference value :  1.71002e-05
 Reference value :  1.72504e-05
 Reference value :  1.74014e-05
 Reference value :  1.75501e-05
 Reference value :  1.77000e-05
 Reference value :  1.78306e-05
 Reference value :  1.79720e-05
 Reference value :  1.81210e-05
 Reference value :  1.82700e-05
 Reference value :  1.84002e-05
 Reference value :  1.85510e-05
 Reference value :  1.87202e-05
 Reference value :  1.88701e-05
 Reference value :  1.90011e-05
 Reference value :  1.91517e-05
 Reference value :  1.93200e-05
 Reference value :  1.94701e-05
 Reference value :  1.96201e-05
 Reference value :  1.97508e-05
 Reference value :  1.98937e-05
 Reference value :  2.00401e-05
 Reference value :  2.01901e-05
 Reference value :  2.03313e-05
 Reference value :  2.04709e-05
 Reference value :  2.06202e-05
 Reference value :  2.07602e-05
 Reference value :  2.08924e-05
 Reference value :  2.10413e-05
 Reference value :  2.12101e-05
 Reference value :  2.13410e-05
 Reference value :  2.15100e-05
 Reference value :  2.16603e-05
 Reference value :  2.18101e-05
 Reference value :  2.19439e-05
 Reference value :  2.20905e-05
 Reference value :  2.22708e-05
 Reference value :  2.24203e-05
 Reference value :  2.25608e-05
 Reference value :  2.27101e-05
 Reference value :  2.28406e-05
 Reference value :  2.29846e-05
 Reference value :  2.31301e-05
 Reference value :  2.32613e-05
 Reference value :  2.34301e-05
 Reference value :  2.35801e-05
 Reference value :  2.37109e-05
 Reference value :  2.38602e-05
 Reference value :  2.40002e-05
 Reference value :  2.41312e-05
 Reference value :  2.42806e-05
 Reference value :  2.44301e-05
 Reference value :  2.45802e-05
 Reference value :  2.47203e-05
 Reference value :  2.48508e-05
 Reference value :  2.50007e-05
 Reference value :  2.51509e-05
 Reference value :  2.53006e-05
 Reference value :  2.54504e-05
 Reference value :  2.55902e-05
 Reference value :  2.57403e-05
 Reference value :  2.58705e-05
 Reference value :  2.60104e-05
 Reference value :  2.61601e-05
 Reference value :  2.63100e-05
 Reference value :  2.64418e-05
 Reference value :  2.65909e-05
 Reference value :  2.67402e-05
 Reference value :  2.68807e-05
 Reference value :  2.70301e-05
 Reference value :  2.71801e-05
 Reference value :  2.73301e-05
 Reference value :  2.74806e-05
 Reference value :  2.76300e-05
 Reference value :  2.77610e-05
 Reference value :  2.79119e-05
 Reference value :  2.80608e-05
 Reference value :  2.82107e-05
 Reference value :  2.83527e-05
 Reference value :  2.85401e-05
 Reference value :  2.86806e-05
 Reference value :  2.88301e-05
 Reference value :  2.89609e-05
 Reference value :  2.91102e-05
 Reference value :  2.92602e-05
 Reference value :  2.94102e-05
 Reference value :  2.95607e-05
 Reference value :  2.97102e-05
 Reference value :  2.98609e-05
 Reference value :  3.00108e-05
 Reference value :  3.01608e-05
 Reference value :  3.03102e-05
 Reference value :  3.04608e-05
 Reference value :  3.06301e-05
 Reference value :  3.07606e-05
 Reference value :  3.09023e-05
 Reference value :  3.10602e-05
 Reference value :  3.12118e-05
 Reference value :  3.13801e-05
 Reference value :  3.15301e-05
 Reference value :  3.16802e-05
 Reference value :  3.18303e-05
 Reference value :  3.19802e-05
 Reference value :  3.21300e-05
 Reference value :  3.22603e-05
 Reference value :  3.24018e-05
 Reference value :  3.25516e-05
 Reference value :  3.27020e-05
 Reference value :  3.28602e-05
 Reference value :  3.30102e-05
 Reference value :  3.31602e-05
 Reference value :  3.33005e-05
 Reference value :  3.34502e-05
 Reference value :  3.36003e-05
 Reference value :  3.37602e-05
 Reference value :  3.39009e-05
 Reference value :  3.40508e-05
 Reference value :  3.42000e-05
 Reference value :  3.43501e-05
 Reference value :  3.44808e-05
 Reference value :  3.46501e-05
 Reference value :  3.48301e-05
 Reference value :  3.49807e-05
 Reference value :  3.51109e-05
 Reference value :  3.52610e-05
 Reference value :  3.54104e-05
 Reference value :  3.55529e-05
 Reference value :  3.57002e-05
 Reference value :  3.58501e-05
 Reference value :  3.60001e-05
 Reference value :  3.61388e-05
 Reference value :  3.62888e-05
 Reference value :  3.64306e-05
 Reference value :  3.65807e-05
 Reference value :  3.67301e-05
 Reference value :  3.68702e-05
 Reference value :  3.70001e-05
 Reference value :  3.71416e-05
 Reference value :  3.72920e-05
 Reference value :  3.74401e-05
 Reference value :  3.75902e-05
 Reference value :  3.77400e-05
 Reference value :  3.78711e-05
 Reference value :  3.80110e-05
 Reference value :  3.81601e-05
 Reference value :  3.83101e-05
 Reference value :  3.84408e-05
 Reference value :  3.85912e-05
 Reference value :  3.87402e-05
 Reference value :  3.88809e-05
 Reference value :  3.90325e-05
 Reference value :  3.91808e-05
 Reference value :  3.93402e-05
 Reference value :  3.94902e-05
 Reference value :  3.96404e-05
 Reference value :  3.97901e-05
 Reference value :  3.99311e-05
 Reference value :  4.00902e-05
 Reference value :  4.02401e-05
 Reference value :  4.03902e-05
 Reference value :  4.05900e-05
 Reference value :  4.07209e-05
 Reference value :  4.08702e-05
 Reference value :  4.10202e-05
 Reference value :  4.11605e-05
 Reference value :  4.13107e-05
 Reference value :  4.14605e-05
 Reference value :  4.16201e-05
 Reference value :  4.17606e-05
 Reference value :  4.19102e-05
 Reference value :  4.20601e-05
 Reference value :  4.21902e-05
 Reference value :  4.23403e-05
 Reference value :  4.24825e-05
 Reference value :  4.26301e-05
 Reference value :  4.27609e-05
 Reference value :  4.29004e-05
 Reference value :  4.30500e-05
 Reference value :  4.31898e-05
 Reference value :  4.33308e-05
 Reference value :  4.34812e-05
 Reference value :  4.36302e-05
 Reference value :  4.37707e-05
 Reference value :  4.39201e-05
 Reference value :  4.40509e-05
 Reference value :  4.42001e-05
 Reference value :  4.43408e-05
 Reference value :  4.44904e-05
 Reference value :  4.46401e-05
 Reference value :  4.47901e-05
 Reference value :  4.49400e-05
 Reference value :  4.50707e-05
 Reference value :  4.52202e-05
 Reference value :  4.53791e-05
 Reference value :  4.55401e-05
 Reference value :  4.56719e-05
 Reference value :  4.58210e-05
 Reference value :  4.59901e-05
 Reference value :  4.61401e-05
 Reference value :  4.62719e-05
 Reference value :  4.64504e-05
 Reference value :  4.66001e-05
 Reference value :  4.67402e-05
 Reference value :  4.68900e-05
 Reference value :  4.70211e-05
 Reference value :  4.71702e-05
 Reference value :  4.73202e-05
 Reference value :  4.74900e-05
 Reference value :  4.76231e-05
 Reference value :  4.77831e-05
 Reference value :  4.79211e-05
 Reference value :  4.80703e-05
 Reference value :  4.82202e-05
 Reference value :  4.83610e-05
 Reference value :  4.85206e-05
 Reference value :  4.86608e-05
 Reference value :  4.88102e-05
 Reference value :  4.89701e-05
 Reference value :  4.91209e-05
 Reference value :  4.92708e-05
 Reference value :  4.94400e-05
 Reference value :  4.95900e-05
 Reference value :  4.97313e-05
 Reference value :  4.98905e-05
 Reference value :  5.00401e-05
 Reference value :  5.01709e-05
 Reference value :  5.03401e-05
 Reference value :  5.04900e-05
 Reference value :  5.06203e-05
 Reference value :  5.07708e-05
 Reference value :  5.09213e-05
 Reference value :  5.10904e-05
 Reference value :  5.12406e-05
 Reference value :  5.13921e-05
 Reference value :  5.15410e-05
 Reference value :  5.16906e-05
 Reference value :  5.18406e-05
 Reference value :  5.19901e-05
 Reference value :  5.21211e-05
 Reference value :  5.23202e-05
 Reference value :  5.24700e-05
 Reference value :  5.26008e-05
 Reference value :  5.27417e-05
 Reference value :  5.28907e-05
 Reference value :  5.30410e-05
 Reference value :  5.31914e-05
 Reference value :  5.33403e-05
 Reference value :  5.34906e-05
 Reference value :  5.36403e-05
 Reference value :  5.37901e-05
 Reference value :  5.39405e-05
 Reference value :  5.41001e-05
 Reference value :  5.42406e-05
 Reference value :  5.43871e-05
 Reference value :  5.45206e-05
 Reference value :  5.46902e-05
 Reference value :  5.48402e-05
 Reference value :  5.50002e-05
 Reference value :  5.51700e-05
 Reference value :  5.53013e-05
 Reference value :  5.54701e-05
 Reference value :  5.56014e-05
 Reference value :  5.57507e-05
 Reference value :  5.59008e-05
 Reference value :  5.60508e-05
 Reference value :  5.62001e-05
 Reference value :  5.63423e-05
 Reference value :  5.65001e-05
 Reference value :  5.66404e-05
 Reference value :  5.68001e-05
 Reference value :  5.69502e-05
 Reference value :  5.71002e-05
 Reference value :  5.72405e-05
 Reference value :  5.73906e-05
 Reference value :  5.75405e-05
 Reference value :  5.76902e-05
 Reference value :  5.78410e-05
 Reference value :  5.80309e-05
 Reference value :  5.81808e-05
 Reference value :  5.83301e-05
 Reference value :  5.84801e-05
 Reference value :  5.86210e-05
 Reference value :  5.87808e-05
 Reference value :  5.89501e-05
 Reference value :  5.91101e-05
 Reference value :  5.92801e-05
 Reference value :  5.94186e-05
 Reference value :  5.95611e-05
 Reference value :  5.97105e-05
 Reference value :  5.98611e-05
 Reference value :  6.00119e-05
 Reference value :  6.01607e-05
 Reference value :  6.03101e-05
 Reference value :  6.04589e-05
 Reference value :  6.06005e-05
 Reference value :  6.07502e-05
 Reference value :  6.09008e-05
 Reference value :  6.10502e-05
 Reference value :  6.12101e-05
 Reference value :  6.13504e-05
 Reference value :  6.15001e-05
 Reference value :  6.16311e-05
 Reference value :  6.17852e-05
 Reference value :  6.19302e-05
 Reference value :  6.20755e-05
 Reference value :  6.22206e-05
 Reference value :  6.23709e-05
 Reference value :  6.25201e-05
 Reference value :  6.26701e-05
 Reference value :  6.28207e-05
 Reference value :  6.29706e-05
 Reference value :  6.31216e-05
 Reference value :  6.32806e-05
 Reference value :  6.34311e-05
 Reference value :  6.35802e-05
 Reference value :  6.37510e-05
 Reference value :  6.39085e-05
 Reference value :  6.40511e-05
 Reference value :  6.42007e-05
 Reference value :  6.43502e-05
 Reference value :  6.45001e-05
 Reference value :  6.46500e-05
 Reference value :  6.48001e-05
 Reference value :  6.49503e-05
 Reference value :  6.51001e-05
 Reference value :  6.52503e-05
 Reference value :  6.54001e-05
 Reference value :  6.55312e-05
 Reference value :  6.56809e-05
 Reference value :  6.58308e-05
 Reference value :  6.59808e-05
 Reference value :  6.61203e-05
 Reference value :  6.62701e-05
 Reference value :  6.64301e-05
 Reference value :  6.65802e-05
 Reference value :  6.67222e-05
 Reference value :  6.68806e-05
 Reference value :  6.70311e-05
 Reference value :  6.71802e-05
 Reference value :  6.73302e-05
 Reference value :  6.74708e-05
 Reference value :  6.76202e-05
 Reference value :  6.77701e-05
 Reference value :  6.79010e-05
 Reference value :  6.80511e-05
 Reference value :  6.81917e-05
 Reference value :  6.83403e-05
 Reference value :  6.84712e-05
 Reference value :  6.86213e-05
 Reference value :  6.87706e-05
 Reference value :  6.89210e-05
 Reference value :  6.90901e-05
 Reference value :  6.92211e-05
 Reference value :  6.93702e-05
 Reference value :  6.95114e-05
 Reference value :  6.96718e-05
 Reference value :  6.98202e-05
 Reference value :  6.99608e-05
 Reference value :  7.01501e-05
 Reference value :  7.03008e-05
 Reference value :  7.04501e-05
 Reference value :  7.05901e-05
 Reference value :  7.07401e-05
 Reference value :  7.08706e-05
 Reference value :  7.10115e-05
 Reference value :  7.11701e-05
 Reference value :  7.13202e-05
 Reference value :  7.14605e-05
 Reference value :  7.16103e-05
 Reference value :  7.17600e-05
 Reference value :  7.18904e-05
 Reference value :  7.20307e-05
 Reference value :  7.21801e-05
 Reference value :  7.23216e-05
 Reference value :  7.24801e-05
 Reference value :  7.26102e-05
 Reference value :  7.27518e-05
 Reference value :  7.29102e-05
 Reference value :  7.30503e-05
 Reference value :  7.32003e-05
 Reference value :  7.33602e-05
 Reference value :  7.35007e-05
 Reference value :  7.36516e-05
 Reference value :  7.38001e-05
 Reference value :  7.39306e-05
 Reference value :  7.40717e-05
 Reference value :  7.42414e-05
 Reference value :  7.43833e-05
 Reference value :  7.45252e-05
 Reference value :  7.46703e-05
 Reference value :  7.48201e-05
 Reference value :  7.49509e-05
 Reference value :  7.51202e-05
 Reference value :  7.52702e-05
 Reference value :  7.54202e-05
 Reference value :  7.55516e-05
 Reference value :  7.57006e-05
 Reference value :  7.58501e-05
 Reference value :  7.59904e-05
 Reference value :  7.61402e-05
 Reference value :  7.62718e-05
 Reference value :  7.64206e-05
 Reference value :  7.66033e-05
 Reference value :  7.67508e-05
 Reference value :  7.68913e-05
 Reference value :  7.70403e-05
 Reference value :  7.71702e-05
 Reference value :  7.73102e-05
 Reference value :  7.74600e-05
 Reference value :  7.75912e-05
 Reference value :  7.77408e-05
 Reference value :  7.78901e-05
 Reference value :  7.80305e-05
 Reference value :  7.81800e-05
 Reference value :  7.83102e-05
 Reference value :  7.84502e-05
 Reference value :  7.85803e-05
 Reference value :  7.87204e-05
 Reference value :  7.88503e-05
 Reference value :  7.89901e-05
 Reference value :  7.91202e-05
 Reference value :  7.92610e-05
 Reference value :  7.93911e-05
 Reference value :  7.95322e-05
 Reference value :  7.96815e-05
 Reference value :  7.98302e-05
 Reference value :  7.99624e-05
No. of Data Rows : 537622
t_flip              =  3.68721e-05
vos_v               =  -3.12794e-03
m_dut_vos = -3.127940000e-03
Note: Simulation executed from .control section 

Warning: m=xx on .subckt line will override multiplier m hierarchy!

