
Note: Compatibility modes selected: hs a


Circuit: * comparator-kickback-vosprobe @ ss_-40c_3.63v -- generated by sim/harness, do not edit

Doing analysis at TEMP = -40.000000 and TNOM = 27.000000

Using SPARSE 1.3 as Direct Linear Solver

Initial Transient Solution
--------------------------

Node                                   Voltage
----                                   -------
vdd                                       3.63
cm                                        1.65
clk                                          0
rmp                                      -0.04
vp                                        1.63
vn                                        1.67
ibn                                    1.12883
xdut.xlayout_dut.sp__t2            4.10781e-09
xdut.xlayout_dut.qp__t6                   3.63
xdut.xlayout_dut.vss__t17          3.95622e-11
xdut.xlayout_dut.vss__t2           3.92542e-20
xdut.xlayout_dut.dout__t3                 3.63
xdut.xlayout_dut.sp__t3            4.19604e-09
xdut.xlayout_dut.vss__t25          2.85645e-18
xdut.xlayout_dut.vss__t3           4.06616e-11
xdut.xlayout_dut.dout__t2                 3.63
xdut.xlayout_dut.doutb__t0         4.83677e-09
xdut.xlayout_dut.vss__t24          3.00384e-18
xdut.xlayout_dut.vss__t4           4.27594e-11
xdut.xlayout_dut.ibias__t0             1.12756
xdut.xlayout_dut.ibias__t1             1.12883
xdut.xlayout_dut.vss__t20          0.000254896
xdut.xlayout_dut.vss__t8            2.8764e-11
xdut.xlayout_dut.sn__t2            4.10774e-09
xdut.xlayout_dut.qn__t6                   3.63
xdut.xlayout_dut.vss__t23          3.94886e-11
xdut.xlayout_dut.vss__t5           3.91797e-20
xdut.xlayout_dut.doutb__t1         4.83677e-09
xdut.xlayout_dut.sn__t3            4.24155e-09
xdut.xlayout_dut.vss__t22          2.72154e-25
xdut.xlayout_dut.vss__t6           5.40868e-20
xdut.xlayout_dut.doutb__t4         4.65879e-09
xdut.xlayout_dut.dout__t4                 3.63
xdut.xlayout_dut.vss__t21          5.56233e-11
xdut.xlayout_dut.vss__t7           5.54456e-20
xdut.xlayout_dut.qn__t4                   3.63
xdut.xlayout_dut.qp__t0                   3.63
xdut.xlayout_dut.mn__t0                   3.63
xdut.xlayout_dut.vss__t9            4.7653e-11
xdut.xlayout_dut.mn__t1                   3.63
xdut.xlayout_dut.aop__t2               1.49905
xdut.xlayout_dut.ltail__t0             1.61615
xdut.xlayout_dut.vss__t11          3.13736e-11
xdut.xlayout_dut.atail__t0            0.554578
xdut.xlayout_dut.ibias__t2             1.12883
xdut.xlayout_dut.vss__t19          0.000498333
xdut.xlayout_dut.vss__t13           1.3601e-11
xdut.xlayout_dut.qp__t1                   3.63
xdut.xlayout_dut.qn__t5                   3.63
xdut.xlayout_dut.mp__t2                   3.63
xdut.xlayout_dut.vss__t10          4.77387e-11
xdut.xlayout_dut.ltail__t1             1.61615
xdut.xlayout_dut.clk__t2                     0
xdut.xlayout_dut.vss__t18          9.81745e-18
xdut.xlayout_dut.vss__t14          8.72837e-12
xdut.xlayout_dut.mp__t1                   3.63
xdut.xlayout_dut.aon__t0               2.51818
xdut.xlayout_dut.ltail__t2             1.61615
xdut.xlayout_dut.vss__t12          3.16935e-11
xdut.xlayout_dut.aon__t1               2.51761
xdut.xlayout_dut.vinp__t0                 1.63
xdut.xlayout_dut.atail__t1            0.555152
xdut.xlayout_dut.vss__t15          4.21278e-08
xdut.xlayout_dut.aop__t1                1.4974
xdut.xlayout_dut.vinn__t0                 1.67
xdut.xlayout_dut.atail__t2             0.55553
xdut.xlayout_dut.vss__t16           4.9489e-11
xdut.xlayout_dut.mn__t2                   3.63
xdut.xlayout_dut.clk__t0                     0
xdut.xlayout_dut.vdd__t0                  3.63
xdut.xlayout_dut.vdd__t1                  3.63
xdut.xlayout_dut.qn__t1                   3.63
xdut.xlayout_dut.clk__t1                     0
xdut.xlayout_dut.vdd__t2                  3.63
xdut.xlayout_dut.vdd__t3                  3.63
xdut.xlayout_dut.sp__t0            4.38933e-09
xdut.xlayout_dut.qp__t2                   3.63
xdut.xlayout_dut.vdd__t4                  3.63
xdut.xlayout_dut.vdd__t5                  3.63
xdut.xlayout_dut.mp__t0                   3.63
xdut.xlayout_dut.clk__t4                     0
xdut.xlayout_dut.vdd__t21                 3.63
xdut.xlayout_dut.vdd__t20                 3.63
xdut.xlayout_dut.qn__t0                   3.63
xdut.xlayout_dut.qp__t3                   3.63
xdut.xlayout_dut.vdd__t6                  3.63
xdut.xlayout_dut.vdd__t7                  3.63
xdut.xlayout_dut.qp__t4                   3.63
xdut.xlayout_dut.clk__t3                     0
xdut.xlayout_dut.vdd__t19                 3.63
xdut.xlayout_dut.vdd__t18                 3.63
xdut.xlayout_dut.na__t1                   3.63
xdut.xlayout_dut.sp__t1            4.19604e-09
xdut.xlayout_dut.vdd__t23                 3.63
xdut.xlayout_dut.vdd__t8                  3.63
xdut.xlayout_dut.dout__t0                 3.63
xdut.xlayout_dut.doutb__t2         4.83677e-09
xdut.xlayout_dut.na__t0                   3.63
xdut.xlayout_dut.vdd__t13                 3.63
xdut.xlayout_dut.sn__t0            4.45176e-09
xdut.xlayout_dut.qn__t3                   3.63
xdut.xlayout_dut.vdd__t17                 3.63
xdut.xlayout_dut.vdd__t16                 3.63
xdut.xlayout_dut.qp__t5                   3.63
xdut.xlayout_dut.qn__t2                   3.63
xdut.xlayout_dut.vdd__t15                 3.63
xdut.xlayout_dut.vdd__t14                 3.63
xdut.xlayout_dut.nb__t1                   3.63
xdut.xlayout_dut.sn__t1            4.24155e-09
xdut.xlayout_dut.vdd__t22                 3.63
xdut.xlayout_dut.vdd__t12                 3.63
xdut.xlayout_dut.doutb__t3         5.22412e-09
xdut.xlayout_dut.dout__t1                 3.63
xdut.xlayout_dut.nb__t0                   3.63
xdut.xlayout_dut.vdd__t11                 3.63
xdut.xlayout_dut.aon__t2                2.5184
xdut.xlayout_dut.x$28.11               2.51944
xdut.xlayout_dut.vss__t0                     0
xdut.xlayout_dut.x$28.21               3.62807
xdut.xlayout_dut.vdd__t10              3.62911
xdut.xlayout_dut.aop__t0               1.49952
xdut.xlayout_dut.x$29.11               1.50151
xdut.xlayout_dut.vss__t1                     0
xdut.xlayout_dut.x$29.21               3.62733
xdut.xlayout_dut.vdd__t9               3.62932
xdut.xlayout_dut.aon                   2.51818
vsubs                                        0
xdut.xlayout_dut.aop                   1.49905
xdut.xlayout_dut.atail                0.555079
dout                                      3.63
doutb                              4.83677e-09
xdut.xlayout_dut.ltail                 1.61615
xdut.xlayout_dut.mn                       3.63
xdut.xlayout_dut.mp                       3.63
xdut.xlayout_dut.na                       3.63
xdut.xlayout_dut.nb                       3.63
xdut.xlayout_dut.qn                       3.63
xdut.xlayout_dut.qp                       3.63
xdut.xlayout_dut.sn                4.24155e-09
xdut.xlayout_dut.sp                4.19604e-09
dn                                           1
bdn#branch                                   0
bnn#branch                         1.17161e-18
bpp#branch                          3.4199e-19
vrmp#branch                                  0
vclk#branch                                  0
vcm#branch                                   0
vsup#branch                       -3.03395e-05

 Reference value :  9.03689e-08
 Reference value :  2.40000e-07
 Reference value :  3.90869e-07
 Reference value :  5.40713e-07
 Reference value :  7.00668e-07
 Reference value :  8.50976e-07
 Reference value :  9.91376e-07
 Reference value :  1.14046e-06
 Reference value :  1.29024e-06
 Reference value :  1.42077e-06
 Reference value :  1.56894e-06
 Reference value :  1.71227e-06
 Reference value :  1.86180e-06
 Reference value :  2.01018e-06
 Reference value :  2.14191e-06
 Reference value :  2.29041e-06
 Reference value :  2.44087e-06
 Reference value :  2.59124e-06
 Reference value :  2.76010e-06
 Reference value :  2.89195e-06
 Reference value :  3.04026e-06
 Reference value :  3.19021e-06
 Reference value :  3.34025e-06
 Reference value :  3.48033e-06
 Reference value :  3.63006e-06
 Reference value :  3.81024e-06
 Reference value :  3.96035e-06
 Reference value :  4.11045e-06
 Reference value :  4.29047e-06
 Reference value :  4.44039e-06
 Reference value :  4.57294e-06
 Reference value :  4.72136e-06
 Reference value :  4.87117e-06
 Reference value :  5.02077e-06
 Reference value :  5.17011e-06
 Reference value :  5.31013e-06
 Reference value :  5.44084e-06
 Reference value :  5.59013e-06
 Reference value :  5.73011e-06
 Reference value :  5.87125e-06
 Reference value :  6.01072e-06
 Reference value :  6.15050e-06
 Reference value :  6.31020e-06
 Reference value :  6.45162e-06
 Reference value :  6.60051e-06
 Reference value :  6.76053e-06
 Reference value :  6.91073e-06
 Reference value :  7.06020e-06
 Reference value :  7.21063e-06
 Reference value :  7.35110e-06
 Reference value :  7.50006e-06
 Reference value :  7.65002e-06
 Reference value :  7.80002e-06
 Reference value :  7.93013e-06
 Reference value :  8.07011e-06
 Reference value :  8.20280e-06
 Reference value :  8.35075e-06
 Reference value :  8.50010e-06
 Reference value :  8.64016e-06
 Reference value :  8.79045e-06
 Reference value :  8.94008e-06
 Reference value :  9.07084e-06
 Reference value :  9.22090e-06
 Reference value :  9.39000e-06
 Reference value :  9.52095e-06
 Reference value :  9.67075e-06
 Reference value :  9.85078e-06
 Reference value :  1.00001e-05
 Reference value :  1.01411e-05
 Reference value :  1.02901e-05
 Reference value :  1.04403e-05
 Reference value :  1.05901e-05
 Reference value :  1.07501e-05
 Reference value :  1.09002e-05
 Reference value :  1.10506e-05
 Reference value :  1.12015e-05
 Reference value :  1.13511e-05
 Reference value :  1.15008e-05
 Reference value :  1.16700e-05
 Reference value :  1.18201e-05
 Reference value :  1.19701e-05
 Reference value :  1.21200e-05
 Reference value :  1.22512e-05
 Reference value :  1.24201e-05
 Reference value :  1.25701e-05
 Reference value :  1.27202e-05
 Reference value :  1.28705e-05
 Reference value :  1.30205e-05
 Reference value :  1.31773e-05
 Reference value :  1.33204e-05
 Reference value :  1.34701e-05
 Reference value :  1.36201e-05
 Reference value :  1.37701e-05
 Reference value :  1.39303e-05
 Reference value :  1.40810e-05
 Reference value :  1.42506e-05
 Reference value :  1.44101e-05
 Reference value :  1.45503e-05
 Reference value :  1.47005e-05
 Reference value :  1.48509e-05
 Reference value :  1.50102e-05
 Reference value :  1.51606e-05
 Reference value :  1.53104e-05
 Reference value :  1.54606e-05
 Reference value :  1.56302e-05
 Reference value :  1.57803e-05
 Reference value :  1.59302e-05
 Reference value :  1.60925e-05
 Reference value :  1.62701e-05
 Reference value :  1.64105e-05
 Reference value :  1.65603e-05
 Reference value :  1.67102e-05
 Reference value :  1.68603e-05
 Reference value :  1.70101e-05
 Reference value :  1.71675e-05
 Reference value :  1.73209e-05
 Reference value :  1.74608e-05
 Reference value :  1.76121e-05
 Reference value :  1.77603e-05
 Reference value :  1.79102e-05
 Reference value :  1.80600e-05
 Reference value :  1.82065e-05
 Reference value :  1.83403e-05
 Reference value :  1.84805e-05
 Reference value :  1.86301e-05
 Reference value :  1.87801e-05
 Reference value :  1.89303e-05
 Reference value :  1.90800e-05
 Reference value :  1.92300e-05
 Reference value :  1.93810e-05
 Reference value :  1.95304e-05
 Reference value :  1.96805e-05
 Reference value :  1.98301e-05
 Reference value :  1.99608e-05
 Reference value :  2.01008e-05
 Reference value :  2.02505e-05
 Reference value :  2.04003e-05
 Reference value :  2.05501e-05
 Reference value :  2.07000e-05
 Reference value :  2.08303e-05
 Reference value :  2.09709e-05
 Reference value :  2.11201e-05
 Reference value :  2.12703e-05
 Reference value :  2.14204e-05
 Reference value :  2.15705e-05
 Reference value :  2.17202e-05
 Reference value :  2.18715e-05
 Reference value :  2.20206e-05
 Reference value :  2.21724e-05
 Reference value :  2.23502e-05
 Reference value :  2.25014e-05
 Reference value :  2.26502e-05
 Reference value :  2.28001e-05
 Reference value :  2.29315e-05
 Reference value :  2.30802e-05
 Reference value :  2.32205e-05
 Reference value :  2.33716e-05
 Reference value :  2.35304e-05
 Reference value :  2.36809e-05
 Reference value :  2.38308e-05
 Reference value :  2.39809e-05
 Reference value :  2.41231e-05
 Reference value :  2.42702e-05
 Reference value :  2.44202e-05
 Reference value :  2.45700e-05
 Reference value :  2.47201e-05
 Reference value :  2.48507e-05
 Reference value :  2.49905e-05
 Reference value :  2.51404e-05
 Reference value :  2.52912e-05
 Reference value :  2.54501e-05
 Reference value :  2.55907e-05
 Reference value :  2.57416e-05
 Reference value :  2.58901e-05
 Reference value :  2.60402e-05
 Reference value :  2.61705e-05
 Reference value :  2.63106e-05
 Reference value :  2.64606e-05
 Reference value :  2.66106e-05
 Reference value :  2.67604e-05
 Reference value :  2.69102e-05
 Reference value :  2.70601e-05
 Reference value :  2.71908e-05
 Reference value :  2.73406e-05
 Reference value :  2.74907e-05
 Reference value :  2.76601e-05
 Reference value :  2.78101e-05
 Reference value :  2.79409e-05
 Reference value :  2.80920e-05
 Reference value :  2.82411e-05
 Reference value :  2.83905e-05
 Reference value :  2.85403e-05
 Reference value :  2.86909e-05
 Reference value :  2.88708e-05
 Reference value :  2.90205e-05
 Reference value :  2.91701e-05
 Reference value :  2.93110e-05
 Reference value :  2.94606e-05
 Reference value :  2.96104e-05
 Reference value :  2.97614e-05
 Reference value :  2.99208e-05
 Reference value :  3.00717e-05
 Reference value :  3.02409e-05
 Reference value :  3.04001e-05
 Reference value :  3.05502e-05
 Reference value :  3.07001e-05
 Reference value :  3.08506e-05
 Reference value :  3.10205e-05
 Reference value :  3.11703e-05
 Reference value :  3.13201e-05
 Reference value :  3.14701e-05
 Reference value :  3.16307e-05
 Reference value :  3.18001e-05
 Reference value :  3.19506e-05
 Reference value :  3.21008e-05
 Reference value :  3.22602e-05
 Reference value :  3.24088e-05
 Reference value :  3.25518e-05
 Reference value :  3.27004e-05
 Reference value :  3.28506e-05
 Reference value :  3.30006e-05
 Reference value :  3.31508e-05
 Reference value :  3.33107e-05
 Reference value :  3.34607e-05
 Reference value :  3.36107e-05
 Reference value :  3.37801e-05
 Reference value :  3.39108e-05
 Reference value :  3.40801e-05
 Reference value :  3.42312e-05
 Reference value :  3.44052e-05
 Reference value :  3.45601e-05
 Reference value :  3.47102e-05
 Reference value :  3.48601e-05
 Reference value :  3.50109e-05
 Reference value :  3.51603e-05
 Reference value :  3.53113e-05
 Reference value :  3.54909e-05
 Reference value :  3.56417e-05
 Reference value :  3.57902e-05
 Reference value :  3.59501e-05
 Reference value :  3.60921e-05
 Reference value :  3.62503e-05
 Reference value :  3.64008e-05
 Reference value :  3.65701e-05
 Reference value :  3.67210e-05
 Reference value :  3.68815e-05
 Reference value :  3.70503e-05
 Reference value :  3.72009e-05
 Reference value :  3.73605e-05
 Reference value :  3.75110e-05
 Reference value :  3.76801e-05
 Reference value :  3.78301e-05
 Reference value :  3.79801e-05
 Reference value :  3.81313e-05
 Reference value :  3.82829e-05
 Reference value :  3.84410e-05
 Reference value :  3.85916e-05
 Reference value :  3.87603e-05
 Reference value :  3.89102e-05
 Reference value :  3.90604e-05
 Reference value :  3.92100e-05
 Reference value :  3.93600e-05
 Reference value :  3.95100e-05
 Reference value :  3.96602e-05
 Reference value :  3.98101e-05
 Reference value :  3.99485e-05
 Reference value :  4.01100e-05
 Reference value :  4.02409e-05
 Reference value :  4.04101e-05
 Reference value :  4.05602e-05
 Reference value :  4.07103e-05
 Reference value :  4.08601e-05
 Reference value :  4.10101e-05
 Reference value :  4.11609e-05
 Reference value :  4.13201e-05
 Reference value :  4.14702e-05
 Reference value :  4.16202e-05
 Reference value :  4.18004e-05
 Reference value :  4.19407e-05
 Reference value :  4.20901e-05
 Reference value :  4.22404e-05
 Reference value :  4.23901e-05
 Reference value :  4.25401e-05
 Reference value :  4.27002e-05
 Reference value :  4.28502e-05
 Reference value :  4.30002e-05
 Reference value :  4.31503e-05
 Reference value :  4.32908e-05
 Reference value :  4.34503e-05
 Reference value :  4.36010e-05
 Reference value :  4.37508e-05
 Reference value :  4.39002e-05
 Reference value :  4.40407e-05
 Reference value :  4.41902e-05
 Reference value :  4.43420e-05
 Reference value :  4.44905e-05
 Reference value :  4.46409e-05
 Reference value :  4.48004e-05
 Reference value :  4.49502e-05
 Reference value :  4.50910e-05
 Reference value :  4.52406e-05
 Reference value :  4.53902e-05
 Reference value :  4.55210e-05
 Reference value :  4.56754e-05
 Reference value :  4.58210e-05
 Reference value :  4.59703e-05
 Reference value :  4.61209e-05
 Reference value :  4.62709e-05
 Reference value :  4.64206e-05
 Reference value :  4.65817e-05
 Reference value :  4.67405e-05
 Reference value :  4.68912e-05
 Reference value :  4.70403e-05
 Reference value :  4.71907e-05
 Reference value :  4.73510e-05
 Reference value :  4.75008e-05
 Reference value :  4.76502e-05
 Reference value :  4.78308e-05
 Reference value :  4.79807e-05
 Reference value :  4.81214e-05
 Reference value :  4.82709e-05
 Reference value :  4.84204e-05
 Reference value :  4.85703e-05
 Reference value :  4.87202e-05
 Reference value :  4.88802e-05
 Reference value :  4.90208e-05
 Reference value :  4.91704e-05
 Reference value :  4.93205e-05
 Reference value :  4.94788e-05
 Reference value :  4.96205e-05
 Reference value :  4.97808e-05
 Reference value :  4.99501e-05
 Reference value :  5.01001e-05
 Reference value :  5.02352e-05
 Reference value :  5.04002e-05
 Reference value :  5.05604e-05
 Reference value :  5.07111e-05
 Reference value :  5.08616e-05
 Reference value :  5.10302e-05
 Reference value :  5.11812e-05
 Reference value :  5.13409e-05
 Reference value :  5.15111e-05
 Reference value :  5.16701e-05
 Reference value :  5.18203e-05
 Reference value :  5.19701e-05
 Reference value :  5.21203e-05
 Reference value :  5.22702e-05
 Reference value :  5.24202e-05
 Reference value :  5.25701e-05
 Reference value :  5.27202e-05
 Reference value :  5.28901e-05
 Reference value :  5.30503e-05
 Reference value :  5.32005e-05
 Reference value :  5.33506e-05
 Reference value :  5.35009e-05
 Reference value :  5.36701e-05
 Reference value :  5.38201e-05
 Reference value :  5.39811e-05
 Reference value :  5.41605e-05
 Reference value :  5.43109e-05
 Reference value :  5.44602e-05
 Reference value :  5.46057e-05
 Reference value :  5.47583e-05
 Reference value :  5.49102e-05
 Reference value :  5.50602e-05
 Reference value :  5.52107e-05
 Reference value :  5.53609e-05
 Reference value :  5.55105e-05
 Reference value :  5.56608e-05
 Reference value :  5.58106e-05
 Reference value :  5.59801e-05
 Reference value :  5.61105e-05
 Reference value :  5.62601e-05
 Reference value :  5.64106e-05
 Reference value :  5.65801e-05
 Reference value :  5.67304e-05
 Reference value :  5.68905e-05
 Reference value :  5.70412e-05
 Reference value :  5.71947e-05
 Reference value :  5.73600e-05
 Reference value :  5.74916e-05
 Reference value :  5.76422e-05
 Reference value :  5.77913e-05
 Reference value :  5.79601e-05
 Reference value :  5.81101e-05
 Reference value :  5.82601e-05
 Reference value :  5.84108e-05
 Reference value :  5.85605e-05
 Reference value :  5.87203e-05
 Reference value :  5.88709e-05
 Reference value :  5.90210e-05
 Reference value :  5.91702e-05
 Reference value :  5.93202e-05
 Reference value :  5.94710e-05
 Reference value :  5.96206e-05
 Reference value :  5.97708e-05
 Reference value :  5.99736e-05
 Reference value :  6.01202e-05
 Reference value :  6.02701e-05
 Reference value :  6.04201e-05
 Reference value :  6.05516e-05
 Reference value :  6.07079e-05
 Reference value :  6.08703e-05
 Reference value :  6.10301e-05
 Reference value :  6.11817e-05
 Reference value :  6.13501e-05
 Reference value :  6.15002e-05
 Reference value :  6.16505e-05
 Reference value :  6.18006e-05
 Reference value :  6.19614e-05
 Reference value :  6.21104e-05
 Reference value :  6.22608e-05
 Reference value :  6.24302e-05
 Reference value :  6.25801e-05
 Reference value :  6.27305e-05
 Reference value :  6.28901e-05
 Reference value :  6.30401e-05
 Reference value :  6.31906e-05
 Reference value :  6.33401e-05
 Reference value :  6.34901e-05
 Reference value :  6.36410e-05
 Reference value :  6.38101e-05
 Reference value :  6.39601e-05
 Reference value :  6.41101e-05
 Reference value :  6.42701e-05
 Reference value :  6.44201e-05
 Reference value :  6.45644e-05
 Reference value :  6.47401e-05
 Reference value :  6.48901e-05
 Reference value :  6.50405e-05
 Reference value :  6.52002e-05
 Reference value :  6.53508e-05
 Reference value :  6.55003e-05
 Reference value :  6.56802e-05
 Reference value :  6.58325e-05
 Reference value :  6.60001e-05
 Reference value :  6.61503e-05
 Reference value :  6.63002e-05
 Reference value :  6.64503e-05
 Reference value :  6.66004e-05
 Reference value :  6.67609e-05
 Reference value :  6.69108e-05
 Reference value :  6.70631e-05
 Reference value :  6.72302e-05
 Reference value :  6.73801e-05
 Reference value :  6.75168e-05
 Reference value :  6.76800e-05
 Reference value :  6.78304e-05
 Reference value :  6.79801e-05
 Reference value :  6.81139e-05
 Reference value :  6.82610e-05
 Reference value :  6.84301e-05
 Reference value :  6.85804e-05
 Reference value :  6.87305e-05
 Reference value :  6.88904e-05
 Reference value :  6.90601e-05
 Reference value :  6.92100e-05
 Reference value :  6.93601e-05
 Reference value :  6.95101e-05
 Reference value :  6.96601e-05
 Reference value :  6.97909e-05
 Reference value :  6.99601e-05
 Reference value :  7.01101e-05
 Reference value :  7.02475e-05
 Reference value :  7.03910e-05
 Reference value :  7.05442e-05
 Reference value :  7.07101e-05
 Reference value :  7.08605e-05
 Reference value :  7.10210e-05
 Reference value :  7.11903e-05
 Reference value :  7.13453e-05
 Reference value :  7.14906e-05
 Reference value :  7.16502e-05
 Reference value :  7.18202e-05
 Reference value :  7.19705e-05
 Reference value :  7.21206e-05
 Reference value :  7.23002e-05
 Reference value :  7.24801e-05
 Reference value :  7.26301e-05
 Reference value :  7.27620e-05
 Reference value :  7.29300e-05
 Reference value :  7.30611e-05
 Reference value :  7.32108e-05
 Reference value :  7.33801e-05
 Reference value :  7.35307e-05
 Reference value :  7.36823e-05
 Reference value :  7.38402e-05
 Reference value :  7.39901e-05
 Reference value :  7.41308e-05
 Reference value :  7.42804e-05
 Reference value :  7.44303e-05
 Reference value :  7.45801e-05
 Reference value :  7.47301e-05
 Reference value :  7.48801e-05
 Reference value :  7.50301e-05
 Reference value :  7.51806e-05
 Reference value :  7.53324e-05
 Reference value :  7.54908e-05
 Reference value :  7.56601e-05
 Reference value :  7.58100e-05
 Reference value :  7.59601e-05
 Reference value :  7.60981e-05
 Reference value :  7.62414e-05
 Reference value :  7.63903e-05
 Reference value :  7.65605e-05
 Reference value :  7.67102e-05
 Reference value :  7.68601e-05
 Reference value :  7.69915e-05
 Reference value :  7.71601e-05
 Reference value :  7.73101e-05
 Reference value :  7.74901e-05
 Reference value :  7.76404e-05
 Reference value :  7.77906e-05
 Reference value :  7.79403e-05
 Reference value :  7.80903e-05
 Reference value :  7.82401e-05
 Reference value :  7.83839e-05
 Reference value :  7.85400e-05
 Reference value :  7.86708e-05
 Reference value :  7.88202e-05
 Reference value :  7.89910e-05
 Reference value :  7.91501e-05
 Reference value :  7.92902e-05
 Reference value :  7.94209e-05
 Reference value :  7.95608e-05
 Reference value :  7.97103e-05
 Reference value :  7.98605e-05
No. of Data Rows : 523822
t_flip              =  3.53417e-05
vos_v               =  -4.65828e-03
m_dut_vos = -4.658280000e-03
Note: Simulation executed from .control section 

Warning: m=xx on .subckt line will override multiplier m hierarchy!

