
Note: Compatibility modes selected: hs a


Circuit: * comparator-kickback-vosprobe @ ss_-40c_2.97v -- generated by sim/harness, do not edit

Doing analysis at TEMP = -40.000000 and TNOM = 27.000000

Using SPARSE 1.3 as Direct Linear Solver

Initial Transient Solution
--------------------------

Node                                   Voltage
----                                   -------
vdd                                       2.97
cm                                        1.65
clk                                          0
rmp                                      -0.04
vp                                        1.63
vn                                        1.67
ibn                                    1.12883
xdut.xlayout_dut.sp__t2            3.28953e-09
xdut.xlayout_dut.qp__t6                   2.97
xdut.xlayout_dut.vss__t17          2.85676e-11
xdut.xlayout_dut.vss__t2           3.14052e-20
xdut.xlayout_dut.dout__t3              1.42968
xdut.xlayout_dut.sp__t3            3.35324e-09
xdut.xlayout_dut.vss__t25          1.94282e-18
xdut.xlayout_dut.vss__t3           1.60085e-11
xdut.xlayout_dut.dout__t2              1.42595
xdut.xlayout_dut.doutb__t0             1.43131
xdut.xlayout_dut.vss__t24           0.00106102
xdut.xlayout_dut.vss__t4           2.18481e-11
xdut.xlayout_dut.ibias__t0             1.12756
xdut.xlayout_dut.ibias__t1             1.12883
xdut.xlayout_dut.vss__t20          0.000254896
xdut.xlayout_dut.vss__t8            2.8764e-11
xdut.xlayout_dut.sn__t2            3.28948e-09
xdut.xlayout_dut.qn__t6                   2.97
xdut.xlayout_dut.vss__t23          2.85144e-11
xdut.xlayout_dut.vss__t5           3.13458e-20
xdut.xlayout_dut.doutb__t1             1.43131
xdut.xlayout_dut.sn__t3             3.3861e-09
xdut.xlayout_dut.vss__t22          1.94085e-18
xdut.xlayout_dut.vss__t6           1.60056e-11
xdut.xlayout_dut.doutb__t4             1.42794
xdut.xlayout_dut.dout__t4              1.42968
xdut.xlayout_dut.vss__t21           0.00105486
xdut.xlayout_dut.vss__t7           2.21404e-11
xdut.xlayout_dut.qn__t4                   2.97
xdut.xlayout_dut.qp__t0                   2.97
xdut.xlayout_dut.mn__t0                   2.97
xdut.xlayout_dut.vss__t9           3.89888e-11
xdut.xlayout_dut.mn__t1                   2.97
xdut.xlayout_dut.aop__t2              0.842072
xdut.xlayout_dut.ltail__t0             1.08502
xdut.xlayout_dut.vss__t11          2.42503e-11
xdut.xlayout_dut.atail__t0            0.553623
xdut.xlayout_dut.ibias__t2             1.12883
xdut.xlayout_dut.vss__t19          0.000498326
xdut.xlayout_dut.vss__t13          1.35776e-11
xdut.xlayout_dut.qp__t1                   2.97
xdut.xlayout_dut.qn__t5                   2.97
xdut.xlayout_dut.mp__t2                   2.97
xdut.xlayout_dut.vss__t10           3.9059e-11
xdut.xlayout_dut.ltail__t1             1.08502
xdut.xlayout_dut.clk__t2                     0
xdut.xlayout_dut.vss__t18          8.86118e-18
xdut.xlayout_dut.vss__t14          5.85988e-12
xdut.xlayout_dut.mp__t1                   2.97
xdut.xlayout_dut.aon__t0               1.85549
xdut.xlayout_dut.ltail__t2             1.08502
xdut.xlayout_dut.vss__t12           2.4495e-11
xdut.xlayout_dut.aon__t1               1.85492
xdut.xlayout_dut.vinp__t0                 1.63
xdut.xlayout_dut.atail__t1            0.554198
xdut.xlayout_dut.vss__t15           1.0208e-10
xdut.xlayout_dut.aop__t1              0.840422
xdut.xlayout_dut.vinn__t0                 1.67
xdut.xlayout_dut.atail__t2            0.554575
xdut.xlayout_dut.vss__t16          3.36171e-11
xdut.xlayout_dut.mn__t2                   2.97
xdut.xlayout_dut.clk__t0                     0
xdut.xlayout_dut.vdd__t0                  2.97
xdut.xlayout_dut.vdd__t1                  2.97
xdut.xlayout_dut.qn__t1                   2.97
xdut.xlayout_dut.clk__t1                     0
xdut.xlayout_dut.vdd__t2                  2.97
xdut.xlayout_dut.vdd__t3                  2.97
xdut.xlayout_dut.sp__t0            3.49282e-09
xdut.xlayout_dut.qp__t2                   2.97
xdut.xlayout_dut.vdd__t4                  2.97
xdut.xlayout_dut.vdd__t5                  2.97
xdut.xlayout_dut.mp__t0                   2.97
xdut.xlayout_dut.clk__t4                     0
xdut.xlayout_dut.vdd__t21                 2.97
xdut.xlayout_dut.vdd__t20                 2.97
xdut.xlayout_dut.qn__t0                   2.97
xdut.xlayout_dut.qp__t3                   2.97
xdut.xlayout_dut.vdd__t6                  2.97
xdut.xlayout_dut.vdd__t7                  2.97
xdut.xlayout_dut.qp__t4                   2.97
xdut.xlayout_dut.clk__t3                     0
xdut.xlayout_dut.vdd__t19                 2.97
xdut.xlayout_dut.vdd__t18                 2.97
xdut.xlayout_dut.na__t1                2.90088
xdut.xlayout_dut.sp__t1            3.35324e-09
xdut.xlayout_dut.vdd__t23              2.96856
xdut.xlayout_dut.vdd__t8                  2.97
xdut.xlayout_dut.dout__t0              1.43241
xdut.xlayout_dut.doutb__t2             1.43131
xdut.xlayout_dut.na__t0                2.89955
xdut.xlayout_dut.vdd__t13                 2.97
xdut.xlayout_dut.sn__t0            3.53789e-09
xdut.xlayout_dut.qn__t3                   2.97
xdut.xlayout_dut.vdd__t17                 2.97
xdut.xlayout_dut.vdd__t16                 2.97
xdut.xlayout_dut.qp__t5                   2.97
xdut.xlayout_dut.qn__t2                   2.97
xdut.xlayout_dut.vdd__t15                 2.97
xdut.xlayout_dut.vdd__t14                 2.97
xdut.xlayout_dut.nb__t1                2.90108
xdut.xlayout_dut.sn__t1             3.3861e-09
xdut.xlayout_dut.vdd__t22              2.96845
xdut.xlayout_dut.vdd__t12                 2.97
xdut.xlayout_dut.doutb__t3             1.43866
xdut.xlayout_dut.dout__t1              1.42968
xdut.xlayout_dut.nb__t0                2.89765
xdut.xlayout_dut.vdd__t11                 2.97
xdut.xlayout_dut.aon__t2               1.85571
xdut.xlayout_dut.x$28.11               1.85676
xdut.xlayout_dut.vss__t0                     0
xdut.xlayout_dut.x$28.21               2.96806
xdut.xlayout_dut.vdd__t10              2.96911
xdut.xlayout_dut.aop__t0              0.842537
xdut.xlayout_dut.x$29.11              0.844529
xdut.xlayout_dut.vss__t1                     0
xdut.xlayout_dut.x$29.21               2.96733
xdut.xlayout_dut.vdd__t9               2.96932
xdut.xlayout_dut.aon                   1.85549
vsubs                                        0
xdut.xlayout_dut.aop                  0.842072
xdut.xlayout_dut.atail                0.554124
dout                                   1.42968
doutb                                  1.43131
xdut.xlayout_dut.ltail                 1.08502
xdut.xlayout_dut.mn                       2.97
xdut.xlayout_dut.mp                       2.97
xdut.xlayout_dut.na                    2.90022
xdut.xlayout_dut.nb                    2.89937
xdut.xlayout_dut.qn                       2.97
xdut.xlayout_dut.qp                       2.97
xdut.xlayout_dut.sn                 3.3861e-09
xdut.xlayout_dut.sp                3.35324e-09
dn                                    0.481373
bdn#branch                                   0
bnn#branch                         1.17161e-18
bpp#branch                          3.4199e-19
vrmp#branch                                  0
vclk#branch                                  0
vcm#branch                                   0
vsup#branch                       -0.000210137

 Reference value :  9.19820e-08
 Reference value :  2.50122e-07
 Reference value :  3.90220e-07
 Reference value :  5.40110e-07
 Reference value :  6.70989e-07
 Reference value :  8.20389e-07
 Reference value :  9.70200e-07
 Reference value :  1.12020e-06
 Reference value :  1.29031e-06
 Reference value :  1.45011e-06
 Reference value :  1.60104e-06
 Reference value :  1.75206e-06
 Reference value :  1.90032e-06
 Reference value :  2.05019e-06
 Reference value :  2.20019e-06
 Reference value :  2.34016e-06
 Reference value :  2.49007e-06
 Reference value :  2.62149e-06
 Reference value :  2.77111e-06
 Reference value :  2.92028e-06
 Reference value :  3.06861e-06
 Reference value :  3.21092e-06
 Reference value :  3.36053e-06
 Reference value :  3.52019e-06
 Reference value :  3.67022e-06
 Reference value :  3.82013e-06
 Reference value :  3.97019e-06
 Reference value :  4.11193e-06
 Reference value :  4.27019e-06
 Reference value :  4.41090e-06
 Reference value :  4.56066e-06
 Reference value :  4.75010e-06
 Reference value :  4.90017e-06
 Reference value :  5.05116e-06
 Reference value :  5.25004e-06
 Reference value :  5.38123e-06
 Reference value :  5.53021e-06
 Reference value :  5.68107e-06
 Reference value :  5.85000e-06
 Reference value :  6.00007e-06
 Reference value :  6.13103e-06
 Reference value :  6.28018e-06
 Reference value :  6.42024e-06
 Reference value :  6.57010e-06
 Reference value :  6.71793e-06
 Reference value :  6.85079e-06
 Reference value :  6.99359e-06
 Reference value :  7.14043e-06
 Reference value :  7.30020e-06
 Reference value :  7.44078e-06
 Reference value :  7.59107e-06
 Reference value :  7.75079e-06
 Reference value :  7.90024e-06
 Reference value :  8.05020e-06
 Reference value :  8.20017e-06
 Reference value :  8.35013e-06
 Reference value :  8.49022e-06
 Reference value :  8.64071e-06
 Reference value :  8.80020e-06
 Reference value :  8.94007e-06
 Reference value :  9.07069e-06
 Reference value :  9.21287e-06
 Reference value :  9.36102e-06
 Reference value :  9.51004e-06
 Reference value :  9.66011e-06
 Reference value :  9.81012e-06
 Reference value :  9.94139e-06
 Reference value :  1.00908e-05
 Reference value :  1.02318e-05
 Reference value :  1.03908e-05
 Reference value :  1.05402e-05
 Reference value :  1.06807e-05
 Reference value :  1.08408e-05
 Reference value :  1.09901e-05
 Reference value :  1.11110e-05
 Reference value :  1.12602e-05
 Reference value :  1.13820e-05
 Reference value :  1.15302e-05
 Reference value :  1.16706e-05
 Reference value :  1.18200e-05
 Reference value :  1.19502e-05
 Reference value :  1.20995e-05
 Reference value :  1.22217e-05
 Reference value :  1.23606e-05
 Reference value :  1.24901e-05
 Reference value :  1.26309e-05
 Reference value :  1.27605e-05
 Reference value :  1.29000e-05
 Reference value :  1.30205e-05
 Reference value :  1.31701e-05
 Reference value :  1.33001e-05
 Reference value :  1.34410e-05
 Reference value :  1.35710e-05
 Reference value :  1.37111e-05
 Reference value :  1.38601e-05
 Reference value :  1.39813e-05
 Reference value :  1.41101e-05
 Reference value :  1.42322e-05
 Reference value :  1.43759e-05
 Reference value :  1.45206e-05
 Reference value :  1.46507e-05
 Reference value :  1.48002e-05
 Reference value :  1.49404e-05
 Reference value :  1.50701e-05
 Reference value :  1.52101e-05
 Reference value :  1.53401e-05
 Reference value :  1.54802e-05
 Reference value :  1.56107e-05
 Reference value :  1.57501e-05
 Reference value :  1.58808e-05
 Reference value :  1.60302e-05
 Reference value :  1.61742e-05
 Reference value :  1.63008e-05
 Reference value :  1.64404e-05
 Reference value :  1.66203e-05
 Reference value :  1.67502e-05
 Reference value :  1.68902e-05
 Reference value :  1.70208e-05
 Reference value :  1.71607e-05
 Reference value :  1.72901e-05
 Reference value :  1.74345e-05
 Reference value :  1.75901e-05
 Reference value :  1.77308e-05
 Reference value :  1.78804e-05
 Reference value :  1.80103e-05
 Reference value :  1.81511e-05
 Reference value :  1.82810e-05
 Reference value :  1.84209e-05
 Reference value :  1.85701e-05
 Reference value :  1.86915e-05
 Reference value :  1.88207e-05
 Reference value :  1.89702e-05
 Reference value :  1.91202e-05
 Reference value :  1.92641e-05
 Reference value :  1.94101e-05
 Reference value :  1.95601e-05
 Reference value :  1.96910e-05
 Reference value :  1.98403e-05
 Reference value :  1.99809e-05
 Reference value :  2.01107e-05
 Reference value :  2.02503e-05
 Reference value :  2.03802e-05
 Reference value :  2.05302e-05
 Reference value :  2.06701e-05
 Reference value :  2.08009e-05
 Reference value :  2.09426e-05
 Reference value :  2.10710e-05
 Reference value :  2.12127e-05
 Reference value :  2.13608e-05
 Reference value :  2.15104e-05
 Reference value :  2.16408e-05
 Reference value :  2.17907e-05
 Reference value :  2.19402e-05
 Reference value :  2.20811e-05
 Reference value :  2.22301e-05
 Reference value :  2.23609e-05
 Reference value :  2.25402e-05
 Reference value :  2.26809e-05
 Reference value :  2.28115e-05
 Reference value :  2.29601e-05
 Reference value :  2.31001e-05
 Reference value :  2.32302e-05
 Reference value :  2.33703e-05
 Reference value :  2.35204e-05
 Reference value :  2.36705e-05
 Reference value :  2.38141e-05
 Reference value :  2.39508e-05
 Reference value :  2.40984e-05
 Reference value :  2.42401e-05
 Reference value :  2.43710e-05
 Reference value :  2.45202e-05
 Reference value :  2.46612e-05
 Reference value :  2.47939e-05
 Reference value :  2.49402e-05
 Reference value :  2.50815e-05
 Reference value :  2.52317e-05
 Reference value :  2.53901e-05
 Reference value :  2.55308e-05
 Reference value :  2.56801e-05
 Reference value :  2.58102e-05
 Reference value :  2.59511e-05
 Reference value :  2.60968e-05
 Reference value :  2.62301e-05
 Reference value :  2.63801e-05
 Reference value :  2.65219e-05
 Reference value :  2.66712e-05
 Reference value :  2.68203e-05
 Reference value :  2.69517e-05
 Reference value :  2.71002e-05
 Reference value :  2.72421e-05
 Reference value :  2.74001e-05
 Reference value :  2.75507e-05
 Reference value :  2.77012e-05
 Reference value :  2.78501e-05
 Reference value :  2.79918e-05
 Reference value :  2.81418e-05
 Reference value :  2.82903e-05
 Reference value :  2.84401e-05
 Reference value :  2.85742e-05
 Reference value :  2.87511e-05
 Reference value :  2.89007e-05
 Reference value :  2.90501e-05
 Reference value :  2.91905e-05
 Reference value :  2.93401e-05
 Reference value :  2.94710e-05
 Reference value :  2.96401e-05
 Reference value :  2.97910e-05
 Reference value :  2.99413e-05
 Reference value :  3.01001e-05
 Reference value :  3.02409e-05
 Reference value :  3.03901e-05
 Reference value :  3.05208e-05
 Reference value :  3.06710e-05
 Reference value :  3.08209e-05
 Reference value :  3.09606e-05
 Reference value :  3.10909e-05
 Reference value :  3.12406e-05
 Reference value :  3.13908e-05
 Reference value :  3.15408e-05
 Reference value :  3.16902e-05
 Reference value :  3.18403e-05
 Reference value :  3.19902e-05
 Reference value :  3.21313e-05
 Reference value :  3.22805e-05
 Reference value :  3.24107e-05
 Reference value :  3.25513e-05
 Reference value :  3.27003e-05
 Reference value :  3.28511e-05
 Reference value :  3.30011e-05
 Reference value :  3.31503e-05
 Reference value :  3.33001e-05
 Reference value :  3.34304e-05
 Reference value :  3.35802e-05
 Reference value :  3.37305e-05
 Reference value :  3.38810e-05
 Reference value :  3.40304e-05
 Reference value :  3.41802e-05
 Reference value :  3.43301e-05
 Reference value :  3.44801e-05
 Reference value :  3.46215e-05
 Reference value :  3.47802e-05
 Reference value :  3.49609e-05
 Reference value :  3.51300e-05
 Reference value :  3.52607e-05
 Reference value :  3.54108e-05
 Reference value :  3.55601e-05
 Reference value :  3.57101e-05
 Reference value :  3.58514e-05
 Reference value :  3.60108e-05
 Reference value :  3.61606e-05
 Reference value :  3.63110e-05
 Reference value :  3.64610e-05
 Reference value :  3.66108e-05
 Reference value :  3.67608e-05
 Reference value :  3.69104e-05
 Reference value :  3.70604e-05
 Reference value :  3.72020e-05
 Reference value :  3.73501e-05
 Reference value :  3.75008e-05
 Reference value :  3.76501e-05
 Reference value :  3.77828e-05
 Reference value :  3.79308e-05
 Reference value :  3.80723e-05
 Reference value :  3.82009e-05
 Reference value :  3.83423e-05
 Reference value :  3.84922e-05
 Reference value :  3.86404e-05
 Reference value :  3.87936e-05
 Reference value :  3.89404e-05
 Reference value :  3.90903e-05
 Reference value :  3.92405e-05
 Reference value :  3.93905e-05
 Reference value :  3.95501e-05
 Reference value :  3.97003e-05
 Reference value :  3.98516e-05
 Reference value :  4.00008e-05
 Reference value :  4.01512e-05
 Reference value :  4.03215e-05
 Reference value :  4.04707e-05
 Reference value :  4.06259e-05
 Reference value :  4.08003e-05
 Reference value :  4.09513e-05
 Reference value :  4.10829e-05
 Reference value :  4.12303e-05
 Reference value :  4.13720e-05
 Reference value :  4.15203e-05
 Reference value :  4.16700e-05
 Reference value :  4.18015e-05
 Reference value :  4.19503e-05
 Reference value :  4.21002e-05
 Reference value :  4.22420e-05
 Reference value :  4.23902e-05
 Reference value :  4.25501e-05
 Reference value :  4.27002e-05
 Reference value :  4.28421e-05
 Reference value :  4.30001e-05
 Reference value :  4.31417e-05
 Reference value :  4.33011e-05
 Reference value :  4.34702e-05
 Reference value :  4.36302e-05
 Reference value :  4.38001e-05
 Reference value :  4.39512e-05
 Reference value :  4.41030e-05
 Reference value :  4.42515e-05
 Reference value :  4.44101e-05
 Reference value :  4.45602e-05
 Reference value :  4.47102e-05
 Reference value :  4.48601e-05
 Reference value :  4.50102e-05
 Reference value :  4.51602e-05
 Reference value :  4.53102e-05
 Reference value :  4.54603e-05
 Reference value :  4.56305e-05
 Reference value :  4.57908e-05
 Reference value :  4.59412e-05
 Reference value :  4.60909e-05
 Reference value :  4.62601e-05
 Reference value :  4.64109e-05
 Reference value :  4.65701e-05
 Reference value :  4.67209e-05
 Reference value :  4.69009e-05
 Reference value :  4.70505e-05
 Reference value :  4.72001e-05
 Reference value :  4.73508e-05
 Reference value :  4.75002e-05
 Reference value :  4.76509e-05
 Reference value :  4.78202e-05
 Reference value :  4.79802e-05
 Reference value :  4.81309e-05
 Reference value :  4.82821e-05
 Reference value :  4.84313e-05
 Reference value :  4.86001e-05
 Reference value :  4.87509e-05
 Reference value :  4.89103e-05
 Reference value :  4.90588e-05
 Reference value :  4.92012e-05
 Reference value :  4.93611e-05
 Reference value :  4.95301e-05
 Reference value :  4.96810e-05
 Reference value :  4.98314e-05
 Reference value :  4.99901e-05
 Reference value :  5.01401e-05
 Reference value :  5.02911e-05
 Reference value :  5.04601e-05
 Reference value :  5.05912e-05
 Reference value :  5.07404e-05
 Reference value :  5.08910e-05
 Reference value :  5.10401e-05
 Reference value :  5.11904e-05
 Reference value :  5.13402e-05
 Reference value :  5.14906e-05
 Reference value :  5.16411e-05
 Reference value :  5.17955e-05
 Reference value :  5.19410e-05
 Reference value :  5.20867e-05
 Reference value :  5.22403e-05
 Reference value :  5.23902e-05
 Reference value :  5.25401e-05
 Reference value :  5.27209e-05
 Reference value :  5.28706e-05
 Reference value :  5.30130e-05
 Reference value :  5.31602e-05
 Reference value :  5.32906e-05
 Reference value :  5.34320e-05
 Reference value :  5.35802e-05
 Reference value :  5.37301e-05
 Reference value :  5.38800e-05
 Reference value :  5.40113e-05
 Reference value :  5.41608e-05
 Reference value :  5.43101e-05
 Reference value :  5.44506e-05
 Reference value :  5.46015e-05
 Reference value :  5.47310e-05
 Reference value :  5.48708e-05
 Reference value :  5.50201e-05
 Reference value :  5.51700e-05
 Reference value :  5.53200e-05
 Reference value :  5.54583e-05
 Reference value :  5.56010e-05
 Reference value :  5.57411e-05
 Reference value :  5.58900e-05
 Reference value :  5.60127e-05
 Reference value :  5.61544e-05
 Reference value :  5.62902e-05
 Reference value :  5.64328e-05
 Reference value :  5.65801e-05
 Reference value :  5.67107e-05
 Reference value :  5.68603e-05
 Reference value :  5.70005e-05
 Reference value :  5.71358e-05
 Reference value :  5.72807e-05
 Reference value :  5.74303e-05
 Reference value :  5.75708e-05
 Reference value :  5.77012e-05
 Reference value :  5.78506e-05
 Reference value :  5.79928e-05
 Reference value :  5.81401e-05
 Reference value :  5.83013e-05
 Reference value :  5.84701e-05
 Reference value :  5.86003e-05
 Reference value :  5.87402e-05
 Reference value :  5.88707e-05
 Reference value :  5.90119e-05
 Reference value :  5.91701e-05
 Reference value :  5.93210e-05
 Reference value :  5.94715e-05
 Reference value :  5.96209e-05
 Reference value :  5.97701e-05
 Reference value :  5.99102e-05
 Reference value :  6.00406e-05
 Reference value :  6.01836e-05
 Reference value :  6.03308e-05
 Reference value :  6.04609e-05
 Reference value :  6.06101e-05
 Reference value :  6.07513e-05
 Reference value :  6.09000e-05
 Reference value :  6.10313e-05
 Reference value :  6.11809e-05
 Reference value :  6.13302e-05
 Reference value :  6.14709e-05
 Reference value :  6.16063e-05
 Reference value :  6.17502e-05
 Reference value :  6.18912e-05
 Reference value :  6.20408e-05
 Reference value :  6.21726e-05
 Reference value :  6.23209e-05
 Reference value :  6.24714e-05
 Reference value :  6.26143e-05
 Reference value :  6.27606e-05
 Reference value :  6.29111e-05
 Reference value :  6.30601e-05
 Reference value :  6.31909e-05
 Reference value :  6.33600e-05
 Reference value :  6.34903e-05
 Reference value :  6.36402e-05
 Reference value :  6.38101e-05
 Reference value :  6.39413e-05
 Reference value :  6.40903e-05
 Reference value :  6.42313e-05
 Reference value :  6.43700e-05
 Reference value :  6.45101e-05
 Reference value :  6.46502e-05
 Reference value :  6.48001e-05
 Reference value :  6.49311e-05
 Reference value :  6.50713e-05
 Reference value :  6.52207e-05
 Reference value :  6.53515e-05
 Reference value :  6.54961e-05
 Reference value :  6.56401e-05
 Reference value :  6.57702e-05
 Reference value :  6.59167e-05
 Reference value :  6.60406e-05
 Reference value :  6.61805e-05
 Reference value :  6.63115e-05
 Reference value :  6.64611e-05
 Reference value :  6.66002e-05
 Reference value :  6.67316e-05
 Reference value :  6.68811e-05
 Reference value :  6.70205e-05
 Reference value :  6.71502e-05
 Reference value :  6.72902e-05
 Reference value :  6.74201e-05
 Reference value :  6.75413e-05
 Reference value :  6.76811e-05
 Reference value :  6.78307e-05
 Reference value :  6.79565e-05
 Reference value :  6.80810e-05
 Reference value :  6.82204e-05
 Reference value :  6.83510e-05
 Reference value :  6.84902e-05
 Reference value :  6.86211e-05
 Reference value :  6.87702e-05
 Reference value :  6.89104e-05
 Reference value :  6.90411e-05
 Reference value :  6.91908e-05
 Reference value :  6.93407e-05
 Reference value :  6.94806e-05
 Reference value :  6.96300e-05
 Reference value :  6.97912e-05
 Reference value :  6.99409e-05
 Reference value :  7.00901e-05
 Reference value :  7.02301e-05
 Reference value :  7.03800e-05
 Reference value :  7.05102e-05
 Reference value :  7.06506e-05
 Reference value :  7.08007e-05
 Reference value :  7.09603e-05
 Reference value :  7.11009e-05
 Reference value :  7.12503e-05
 Reference value :  7.14000e-05
 Reference value :  7.15302e-05
 Reference value :  7.16702e-05
 Reference value :  7.18008e-05
 Reference value :  7.19502e-05
 Reference value :  7.20909e-05
 Reference value :  7.22210e-05
 Reference value :  7.23702e-05
 Reference value :  7.25206e-05
 Reference value :  7.26702e-05
 Reference value :  7.28107e-05
 Reference value :  7.29701e-05
 Reference value :  7.31101e-05
 Reference value :  7.32452e-05
 Reference value :  7.33882e-05
 Reference value :  7.35301e-05
 Reference value :  7.36602e-05
 Reference value :  7.38113e-05
 Reference value :  7.39609e-05
 Reference value :  7.41003e-05
 Reference value :  7.42310e-05
 Reference value :  7.43773e-05
 Reference value :  7.45201e-05
 Reference value :  7.46702e-05
 Reference value :  7.48164e-05
 Reference value :  7.49508e-05
 Reference value :  7.50904e-05
 Reference value :  7.52212e-05
 Reference value :  7.53607e-05
 Reference value :  7.54909e-05
 Reference value :  7.56318e-05
 Reference value :  7.57615e-05
 Reference value :  7.59005e-05
 Reference value :  7.60602e-05
 Reference value :  7.62008e-05
 Reference value :  7.63302e-05
 Reference value :  7.64702e-05
 Reference value :  7.65905e-05
 Reference value :  7.67208e-05
 Reference value :  7.68604e-05
 Reference value :  7.69911e-05
 Reference value :  7.71312e-05
 Reference value :  7.72610e-05
 Reference value :  7.74008e-05
 Reference value :  7.75302e-05
 Reference value :  7.76701e-05
 Reference value :  7.77914e-05
 Reference value :  7.79208e-05
 Reference value :  7.80418e-05
 Reference value :  7.81804e-05
 Reference value :  7.83102e-05
 Reference value :  7.84501e-05
 Reference value :  7.85811e-05
 Reference value :  7.87201e-05
 Reference value :  7.88515e-05
 Reference value :  7.90008e-05
 Reference value :  7.91501e-05
 Reference value :  7.92799e-05
 Reference value :  7.94108e-05
 Reference value :  7.95402e-05
 Reference value :  7.96801e-05
 Reference value :  7.98102e-05
 Reference value :  7.99501e-05
No. of Data Rows : 535350
t_flip              =  3.81930e-05
vos_v               =  -1.80695e-03
m_dut_vos = -1.806950000e-03
Note: Simulation executed from .control section 

Warning: m=xx on .subckt line will override multiplier m hierarchy!

Note: Starting dynamic gmin stepping
Note: Dynamic gmin stepping completed
