
Note: Compatibility modes selected: hs a


Circuit: * comparator-kickback-vosprobe @ ss_27c_3.30v -- generated by sim/harness, do not edit

Doing analysis at TEMP = 27.000000 and TNOM = 27.000000

Using SPARSE 1.3 as Direct Linear Solver

Initial Transient Solution
--------------------------

Node                                   Voltage
----                                   -------
vdd                                        3.3
cm                                        1.65
clk                                          0
rmp                                      -0.04
vp                                        1.63
vn                                        1.67
ibn                                    1.12362
xdut.xlayout_dut.sp__t2            4.51871e-09
xdut.xlayout_dut.qp__t6                    3.3
xdut.xlayout_dut.vss__t17          3.29605e-11
xdut.xlayout_dut.vss__t2           4.30827e-20
xdut.xlayout_dut.dout__t3          4.91431e-09
xdut.xlayout_dut.sp__t3            4.59221e-09
xdut.xlayout_dut.vss__t25          1.14861e-21
xdut.xlayout_dut.vss__t3           5.50296e-20
xdut.xlayout_dut.dout__t2           4.7627e-09
xdut.xlayout_dut.doutb__t0                 3.3
xdut.xlayout_dut.vss__t24          4.31429e-11
xdut.xlayout_dut.vss__t4           5.65914e-20
xdut.xlayout_dut.ibias__t0             1.12234
xdut.xlayout_dut.ibias__t1             1.12362
xdut.xlayout_dut.vss__t20          0.000254896
xdut.xlayout_dut.vss__t8           2.86165e-11
xdut.xlayout_dut.sn__t2            4.51865e-09
xdut.xlayout_dut.qn__t6                    3.3
xdut.xlayout_dut.vss__t23          3.28992e-11
xdut.xlayout_dut.vss__t5           4.30014e-20
xdut.xlayout_dut.doutb__t1                 3.3
xdut.xlayout_dut.sn__t3            4.63013e-09
xdut.xlayout_dut.vss__t22          1.21645e-14
xdut.xlayout_dut.vss__t6           3.69038e-11
xdut.xlayout_dut.doutb__t4                 3.3
xdut.xlayout_dut.dout__t4          4.91431e-09
xdut.xlayout_dut.vss__t21          1.27937e-14
xdut.xlayout_dut.vss__t7           3.88126e-11
xdut.xlayout_dut.qn__t4                    3.3
xdut.xlayout_dut.qp__t0                    3.3
xdut.xlayout_dut.mn__t0                    3.3
xdut.xlayout_dut.vss__t9           4.33209e-11
xdut.xlayout_dut.mn__t1                    3.3
xdut.xlayout_dut.aop__t2               1.39409
xdut.xlayout_dut.ltail__t0             1.49154
xdut.xlayout_dut.vss__t11           2.8655e-11
xdut.xlayout_dut.atail__t0             0.59693
xdut.xlayout_dut.ibias__t2             1.12362
xdut.xlayout_dut.vss__t19          0.000495476
xdut.xlayout_dut.vss__t13          1.46388e-11
xdut.xlayout_dut.qp__t1                    3.3
xdut.xlayout_dut.qn__t5                    3.3
xdut.xlayout_dut.mp__t2                    3.3
xdut.xlayout_dut.vss__t10          4.33989e-11
xdut.xlayout_dut.ltail__t1             1.49154
xdut.xlayout_dut.clk__t2                     0
xdut.xlayout_dut.vss__t18          3.91326e-14
xdut.xlayout_dut.vss__t14          8.05546e-12
xdut.xlayout_dut.mp__t1                    3.3
xdut.xlayout_dut.aon__t0               2.20507
xdut.xlayout_dut.ltail__t2             1.49154
xdut.xlayout_dut.vss__t12          2.89434e-11
xdut.xlayout_dut.aon__t1               2.20447
xdut.xlayout_dut.vinp__t0                 1.63
xdut.xlayout_dut.atail__t1            0.597506
xdut.xlayout_dut.vss__t15          1.90716e-09
xdut.xlayout_dut.aop__t1                1.3925
xdut.xlayout_dut.vinn__t0                 1.67
xdut.xlayout_dut.atail__t2            0.597862
xdut.xlayout_dut.vss__t16          4.79652e-11
xdut.xlayout_dut.mn__t2                    3.3
xdut.xlayout_dut.clk__t0                     0
xdut.xlayout_dut.vdd__t0                   3.3
xdut.xlayout_dut.vdd__t1                   3.3
xdut.xlayout_dut.qn__t1                    3.3
xdut.xlayout_dut.clk__t1                     0
xdut.xlayout_dut.vdd__t2                   3.3
xdut.xlayout_dut.vdd__t3                   3.3
xdut.xlayout_dut.sp__t0            4.75325e-09
xdut.xlayout_dut.qp__t2                    3.3
xdut.xlayout_dut.vdd__t4                   3.3
xdut.xlayout_dut.vdd__t5                   3.3
xdut.xlayout_dut.mp__t0                    3.3
xdut.xlayout_dut.clk__t4                     0
xdut.xlayout_dut.vdd__t21                  3.3
xdut.xlayout_dut.vdd__t20                  3.3
xdut.xlayout_dut.qn__t0                    3.3
xdut.xlayout_dut.qp__t3                    3.3
xdut.xlayout_dut.vdd__t6                   3.3
xdut.xlayout_dut.vdd__t7                   3.3
xdut.xlayout_dut.qp__t4                    3.3
xdut.xlayout_dut.clk__t3                     0
xdut.xlayout_dut.vdd__t19                  3.3
xdut.xlayout_dut.vdd__t18                  3.3
xdut.xlayout_dut.na__t1                    3.3
xdut.xlayout_dut.sp__t1            4.59221e-09
xdut.xlayout_dut.vdd__t23                  3.3
xdut.xlayout_dut.vdd__t8                   3.3
xdut.xlayout_dut.dout__t0          5.02563e-09
xdut.xlayout_dut.doutb__t2                 3.3
xdut.xlayout_dut.na__t0                    3.3
xdut.xlayout_dut.vdd__t13                  3.3
xdut.xlayout_dut.sn__t0            4.80526e-09
xdut.xlayout_dut.qn__t3                    3.3
xdut.xlayout_dut.vdd__t17                  3.3
xdut.xlayout_dut.vdd__t16                  3.3
xdut.xlayout_dut.qp__t5                    3.3
xdut.xlayout_dut.qn__t2                    3.3
xdut.xlayout_dut.vdd__t15                  3.3
xdut.xlayout_dut.vdd__t14                  3.3
xdut.xlayout_dut.nb__t1                    3.3
xdut.xlayout_dut.sn__t1            4.63013e-09
xdut.xlayout_dut.vdd__t22                  3.3
xdut.xlayout_dut.vdd__t12                  3.3
xdut.xlayout_dut.doutb__t3                 3.3
xdut.xlayout_dut.dout__t1          4.91431e-09
xdut.xlayout_dut.nb__t0                    3.3
xdut.xlayout_dut.vdd__t11                  3.3
xdut.xlayout_dut.aon__t2                2.2053
xdut.xlayout_dut.x$28.11               2.20594
xdut.xlayout_dut.vss__t0                     0
xdut.xlayout_dut.x$28.21               3.29842
xdut.xlayout_dut.vdd__t10              3.29906
xdut.xlayout_dut.aop__t0               1.39454
xdut.xlayout_dut.x$29.11               1.39565
xdut.xlayout_dut.vss__t1                     0
xdut.xlayout_dut.x$29.21               3.29824
xdut.xlayout_dut.vdd__t9               3.29935
xdut.xlayout_dut.aon                   2.20507
vsubs                                        0
xdut.xlayout_dut.aop                   1.39409
xdut.xlayout_dut.atail                0.597428
dout                               4.91431e-09
doutb                                      3.3
xdut.xlayout_dut.ltail                 1.49154
xdut.xlayout_dut.mn                        3.3
xdut.xlayout_dut.mp                        3.3
xdut.xlayout_dut.na                        3.3
xdut.xlayout_dut.nb                        3.3
xdut.xlayout_dut.qn                        3.3
xdut.xlayout_dut.qp                        3.3
xdut.xlayout_dut.sn                4.63013e-09
xdut.xlayout_dut.sp                4.59221e-09
dn                                 1.48918e-09
bdn#branch                                   0
bnn#branch                         1.17161e-18
bpp#branch                          3.4199e-19
vrmp#branch                                  0
vclk#branch                                  0
vcm#branch                                   0
vsup#branch                       -3.02212e-05

 Reference value :  1.00875e-07
 Reference value :  2.70388e-07
 Reference value :  4.30924e-07
 Reference value :  6.00117e-07
 Reference value :  7.58157e-07
 Reference value :  9.11309e-07
 Reference value :  1.09115e-06
 Reference value :  1.24140e-06
 Reference value :  1.41026e-06
 Reference value :  1.57020e-06
 Reference value :  1.74012e-06
 Reference value :  1.89220e-06
 Reference value :  2.07057e-06
 Reference value :  2.23161e-06
 Reference value :  2.40013e-06
 Reference value :  2.56020e-06
 Reference value :  2.73063e-06
 Reference value :  2.89089e-06
 Reference value :  3.06023e-06
 Reference value :  3.24023e-06
 Reference value :  3.40119e-06
 Reference value :  3.58343e-06
 Reference value :  3.79036e-06
 Reference value :  3.94452e-06
 Reference value :  4.11015e-06
 Reference value :  4.29013e-06
 Reference value :  4.45167e-06
 Reference value :  4.62249e-06
 Reference value :  4.78282e-06
 Reference value :  4.95010e-06
 Reference value :  5.10093e-06
 Reference value :  5.28006e-06
 Reference value :  5.44012e-06
 Reference value :  5.59203e-06
 Reference value :  5.76049e-06
 Reference value :  5.92035e-06
 Reference value :  6.10011e-06
 Reference value :  6.27002e-06
 Reference value :  6.43093e-06
 Reference value :  6.63009e-06
 Reference value :  6.79018e-06
 Reference value :  6.96000e-06
 Reference value :  7.12127e-06
 Reference value :  7.29055e-06
 Reference value :  7.45022e-06
 Reference value :  7.62023e-06
 Reference value :  7.78448e-06
 Reference value :  7.96040e-06
 Reference value :  8.11128e-06
 Reference value :  8.28010e-06
 Reference value :  8.44020e-06
 Reference value :  8.61029e-06
 Reference value :  8.77097e-06
 Reference value :  8.95108e-06
 Reference value :  9.12028e-06
 Reference value :  9.28024e-06
 Reference value :  9.45013e-06
 Reference value :  9.61226e-06
 Reference value :  9.78012e-06
 Reference value :  9.94010e-06
 Reference value :  1.01403e-05
 Reference value :  1.02921e-05
 Reference value :  1.04503e-05
 Reference value :  1.06204e-05
 Reference value :  1.07813e-05
 Reference value :  1.09602e-05
 Reference value :  1.11306e-05
 Reference value :  1.12913e-05
 Reference value :  1.14708e-05
 Reference value :  1.16406e-05
 Reference value :  1.18006e-05
 Reference value :  1.19702e-05
 Reference value :  1.21302e-05
 Reference value :  1.23007e-05
 Reference value :  1.24606e-05
 Reference value :  1.26300e-05
 Reference value :  1.27902e-05
 Reference value :  1.29601e-05
 Reference value :  1.31211e-05
 Reference value :  1.32907e-05
 Reference value :  1.34701e-05
 Reference value :  1.36207e-05
 Reference value :  1.37826e-05
 Reference value :  1.39502e-05
 Reference value :  1.41101e-05
 Reference value :  1.42801e-05
 Reference value :  1.44411e-05
 Reference value :  1.46206e-05
 Reference value :  1.48004e-05
 Reference value :  1.49804e-05
 Reference value :  1.51501e-05
 Reference value :  1.53102e-05
 Reference value :  1.54611e-05
 Reference value :  1.56402e-05
 Reference value :  1.58102e-05
 Reference value :  1.59707e-05
 Reference value :  1.61404e-05
 Reference value :  1.63202e-05
 Reference value :  1.65000e-05
 Reference value :  1.66606e-05
 Reference value :  1.68301e-05
 Reference value :  1.70212e-05
 Reference value :  1.71918e-05
 Reference value :  1.73507e-05
 Reference value :  1.75200e-05
 Reference value :  1.76712e-05
 Reference value :  1.78312e-05
 Reference value :  1.80002e-05
 Reference value :  1.81828e-05
 Reference value :  1.83701e-05
 Reference value :  1.85401e-05
 Reference value :  1.87009e-05
 Reference value :  1.88701e-05
 Reference value :  1.90214e-05
 Reference value :  1.91811e-05
 Reference value :  1.93512e-05
 Reference value :  1.95002e-05
 Reference value :  1.96512e-05
 Reference value :  1.98111e-05
 Reference value :  1.99902e-05
 Reference value :  2.01702e-05
 Reference value :  2.03262e-05
 Reference value :  2.05001e-05
 Reference value :  2.06706e-05
 Reference value :  2.08310e-05
 Reference value :  2.10002e-05
 Reference value :  2.11509e-05
 Reference value :  2.13102e-05
 Reference value :  2.14608e-05
 Reference value :  2.16302e-05
 Reference value :  2.17902e-05
 Reference value :  2.19603e-05
 Reference value :  2.21202e-05
 Reference value :  2.22901e-05
 Reference value :  2.24429e-05
 Reference value :  2.26027e-05
 Reference value :  2.27801e-05
 Reference value :  2.29506e-05
 Reference value :  2.31300e-05
 Reference value :  2.32908e-05
 Reference value :  2.34656e-05
 Reference value :  2.36402e-05
 Reference value :  2.38019e-05
 Reference value :  2.39709e-05
 Reference value :  2.41903e-05
 Reference value :  2.43602e-05
 Reference value :  2.45201e-05
 Reference value :  2.46720e-05
 Reference value :  2.48408e-05
 Reference value :  2.50009e-05
 Reference value :  2.51702e-05
 Reference value :  2.53500e-05
 Reference value :  2.55110e-05
 Reference value :  2.56809e-05
 Reference value :  2.58602e-05
 Reference value :  2.60206e-05
 Reference value :  2.61900e-05
 Reference value :  2.63410e-05
 Reference value :  2.65044e-05
 Reference value :  2.66801e-05
 Reference value :  2.68310e-05
 Reference value :  2.70003e-05
 Reference value :  2.71609e-05
 Reference value :  2.73401e-05
 Reference value :  2.75111e-05
 Reference value :  2.76729e-05
 Reference value :  2.78502e-05
 Reference value :  2.80164e-05
 Reference value :  2.81807e-05
 Reference value :  2.83503e-05
 Reference value :  2.85024e-05
 Reference value :  2.86619e-05
 Reference value :  2.88402e-05
 Reference value :  2.90111e-05
 Reference value :  2.91711e-05
 Reference value :  2.93501e-05
 Reference value :  2.95202e-05
 Reference value :  2.96806e-05
 Reference value :  2.98603e-05
 Reference value :  3.00414e-05
 Reference value :  3.02401e-05
 Reference value :  3.04011e-05
 Reference value :  3.05801e-05
 Reference value :  3.07602e-05
 Reference value :  3.09378e-05
 Reference value :  3.11102e-05
 Reference value :  3.12719e-05
 Reference value :  3.15002e-05
 Reference value :  3.16611e-05
 Reference value :  3.18308e-05
 Reference value :  3.19912e-05
 Reference value :  3.21614e-05
 Reference value :  3.23401e-05
 Reference value :  3.25001e-05
 Reference value :  3.26807e-05
 Reference value :  3.28604e-05
 Reference value :  3.30401e-05
 Reference value :  3.32110e-05
 Reference value :  3.33743e-05
 Reference value :  3.35512e-05
 Reference value :  3.37301e-05
 Reference value :  3.39109e-05
 Reference value :  3.40809e-05
 Reference value :  3.42411e-05
 Reference value :  3.44104e-05
 Reference value :  3.45912e-05
 Reference value :  3.47710e-05
 Reference value :  3.49314e-05
 Reference value :  3.51102e-05
 Reference value :  3.52606e-05
 Reference value :  3.54302e-05
 Reference value :  3.55902e-05
 Reference value :  3.57412e-05
 Reference value :  3.59110e-05
 Reference value :  3.60707e-05
 Reference value :  3.62412e-05
 Reference value :  3.64308e-05
 Reference value :  3.66009e-05
 Reference value :  3.67613e-05
 Reference value :  3.69304e-05
 Reference value :  3.70906e-05
 Reference value :  3.72701e-05
 Reference value :  3.74419e-05
 Reference value :  3.76206e-05
 Reference value :  3.77805e-05
 Reference value :  3.79513e-05
 Reference value :  3.81300e-05
 Reference value :  3.82906e-05
 Reference value :  3.84601e-05
 Reference value :  3.86201e-05
 Reference value :  3.88302e-05
 Reference value :  3.90012e-05
 Reference value :  3.91604e-05
 Reference value :  3.93402e-05
 Reference value :  3.95100e-05
 Reference value :  3.96706e-05
 Reference value :  3.98502e-05
 Reference value :  4.00301e-05
 Reference value :  4.02017e-05
 Reference value :  4.03901e-05
 Reference value :  4.05602e-05
 Reference value :  4.07401e-05
 Reference value :  4.09002e-05
 Reference value :  4.10715e-05
 Reference value :  4.12501e-05
 Reference value :  4.14108e-05
 Reference value :  4.15816e-05
 Reference value :  4.17604e-05
 Reference value :  4.19402e-05
 Reference value :  4.21201e-05
 Reference value :  4.22802e-05
 Reference value :  4.24502e-05
 Reference value :  4.26101e-05
 Reference value :  4.27807e-05
 Reference value :  4.29411e-05
 Reference value :  4.31202e-05
 Reference value :  4.32901e-05
 Reference value :  4.34513e-05
 Reference value :  4.36220e-05
 Reference value :  4.38002e-05
 Reference value :  4.39802e-05
 Reference value :  4.41601e-05
 Reference value :  4.43155e-05
 Reference value :  4.44709e-05
 Reference value :  4.46501e-05
 Reference value :  4.48201e-05
 Reference value :  4.49801e-05
 Reference value :  4.51501e-05
 Reference value :  4.53401e-05
 Reference value :  4.54909e-05
 Reference value :  4.56604e-05
 Reference value :  4.58202e-05
 Reference value :  4.59723e-05
 Reference value :  4.61503e-05
 Reference value :  4.63205e-05
 Reference value :  4.64809e-05
 Reference value :  4.66505e-05
 Reference value :  4.68114e-05
 Reference value :  4.69803e-05
 Reference value :  4.71702e-05
 Reference value :  4.73401e-05
 Reference value :  4.75001e-05
 Reference value :  4.76702e-05
 Reference value :  4.78302e-05
 Reference value :  4.80109e-05
 Reference value :  4.81902e-05
 Reference value :  4.83701e-05
 Reference value :  4.85501e-05
 Reference value :  4.87012e-05
 Reference value :  4.88711e-05
 Reference value :  4.90332e-05
 Reference value :  4.92012e-05
 Reference value :  4.93902e-05
 Reference value :  4.95612e-05
 Reference value :  4.97401e-05
 Reference value :  4.99007e-05
 Reference value :  5.00728e-05
 Reference value :  5.02501e-05
 Reference value :  5.04117e-05
 Reference value :  5.06102e-05
 Reference value :  5.07914e-05
 Reference value :  5.09701e-05
 Reference value :  5.11348e-05
 Reference value :  5.13122e-05
 Reference value :  5.15100e-05
 Reference value :  5.16708e-05
 Reference value :  5.19000e-05
 Reference value :  5.20605e-05
 Reference value :  5.22302e-05
 Reference value :  5.23910e-05
 Reference value :  5.25710e-05
 Reference value :  5.27404e-05
 Reference value :  5.29200e-05
 Reference value :  5.31005e-05
 Reference value :  5.32801e-05
 Reference value :  5.34416e-05
 Reference value :  5.36201e-05
 Reference value :  5.37902e-05
 Reference value :  5.39508e-05
 Reference value :  5.41215e-05
 Reference value :  5.43007e-05
 Reference value :  5.44610e-05
 Reference value :  5.46303e-05
 Reference value :  5.47911e-05
 Reference value :  5.49900e-05
 Reference value :  5.51542e-05
 Reference value :  5.53501e-05
 Reference value :  5.55107e-05
 Reference value :  5.56902e-05
 Reference value :  5.58712e-05
 Reference value :  5.60407e-05
 Reference value :  5.62200e-05
 Reference value :  5.63801e-05
 Reference value :  5.65618e-05
 Reference value :  5.67322e-05
 Reference value :  5.69103e-05
 Reference value :  5.70903e-05
 Reference value :  5.72563e-05
 Reference value :  5.74506e-05
 Reference value :  5.76307e-05
 Reference value :  5.78103e-05
 Reference value :  5.79710e-05
 Reference value :  5.81502e-05
 Reference value :  5.83312e-05
 Reference value :  5.85028e-05
 Reference value :  5.87101e-05
 Reference value :  5.89002e-05
 Reference value :  5.90705e-05
 Reference value :  5.92502e-05
 Reference value :  5.94102e-05
 Reference value :  5.95801e-05
 Reference value :  5.97412e-05
 Reference value :  5.99206e-05
 Reference value :  6.00907e-05
 Reference value :  6.02703e-05
 Reference value :  6.04602e-05
 Reference value :  6.06303e-05
 Reference value :  6.08101e-05
 Reference value :  6.09710e-05
 Reference value :  6.11507e-05
 Reference value :  6.13201e-05
 Reference value :  6.14801e-05
 Reference value :  6.16606e-05
 Reference value :  6.18317e-05
 Reference value :  6.20201e-05
 Reference value :  6.22001e-05
 Reference value :  6.23706e-05
 Reference value :  6.25501e-05
 Reference value :  6.27107e-05
 Reference value :  6.28802e-05
 Reference value :  6.30413e-05
 Reference value :  6.32202e-05
 Reference value :  6.34001e-05
 Reference value :  6.35702e-05
 Reference value :  6.37501e-05
 Reference value :  6.39101e-05
 Reference value :  6.40810e-05
 Reference value :  6.42602e-05
 Reference value :  6.44257e-05
 Reference value :  6.46002e-05
 Reference value :  6.47702e-05
 Reference value :  6.49501e-05
 Reference value :  6.51102e-05
 Reference value :  6.52806e-05
 Reference value :  6.55201e-05
 Reference value :  6.56805e-05
 Reference value :  6.58503e-05
 Reference value :  6.60115e-05
 Reference value :  6.61901e-05
 Reference value :  6.63604e-05
 Reference value :  6.65501e-05
 Reference value :  6.67302e-05
 Reference value :  6.69107e-05
 Reference value :  6.70813e-05
 Reference value :  6.72426e-05
 Reference value :  6.74201e-05
 Reference value :  6.75902e-05
 Reference value :  6.77702e-05
 Reference value :  6.79302e-05
 Reference value :  6.81006e-05
 Reference value :  6.82801e-05
 Reference value :  6.84401e-05
 Reference value :  6.86144e-05
 Reference value :  6.87902e-05
 Reference value :  6.89511e-05
 Reference value :  6.91272e-05
 Reference value :  6.92812e-05
 Reference value :  6.94601e-05
 Reference value :  6.96402e-05
 Reference value :  6.98101e-05
 Reference value :  6.99702e-05
 Reference value :  7.01402e-05
 Reference value :  7.03201e-05
 Reference value :  7.04801e-05
 Reference value :  7.06505e-05
 Reference value :  7.08305e-05
 Reference value :  7.10101e-05
 Reference value :  7.11903e-05
 Reference value :  7.13702e-05
 Reference value :  7.15424e-05
 Reference value :  7.17014e-05
 Reference value :  7.19106e-05
 Reference value :  7.20901e-05
 Reference value :  7.22503e-05
 Reference value :  7.24206e-05
 Reference value :  7.25810e-05
 Reference value :  7.27508e-05
 Reference value :  7.29259e-05
 Reference value :  7.30903e-05
 Reference value :  7.32701e-05
 Reference value :  7.34401e-05
 Reference value :  7.36201e-05
 Reference value :  7.37715e-05
 Reference value :  7.39501e-05
 Reference value :  7.41102e-05
 Reference value :  7.42802e-05
 Reference value :  7.44601e-05
 Reference value :  7.46108e-05
 Reference value :  7.47713e-05
 Reference value :  7.49502e-05
 Reference value :  7.51215e-05
 Reference value :  7.53001e-05
 Reference value :  7.54606e-05
 Reference value :  7.56410e-05
 Reference value :  7.58108e-05
 Reference value :  7.59900e-05
 Reference value :  7.61505e-05
 Reference value :  7.63027e-05
 Reference value :  7.64725e-05
 Reference value :  7.66500e-05
 Reference value :  7.68117e-05
 Reference value :  7.69901e-05
 Reference value :  7.71414e-05
 Reference value :  7.73106e-05
 Reference value :  7.74706e-05
 Reference value :  7.76401e-05
 Reference value :  7.78001e-05
 Reference value :  7.79715e-05
 Reference value :  7.81501e-05
 Reference value :  7.83010e-05
 Reference value :  7.84613e-05
 Reference value :  7.86402e-05
 Reference value :  7.88201e-05
 Reference value :  7.89733e-05
 Reference value :  7.91421e-05
 Reference value :  7.93603e-05
 Reference value :  7.95132e-05
 Reference value :  7.96810e-05
 Reference value :  7.98604e-05
No. of Data Rows : 466210
t_flip              =  3.51326e-05
vos_v               =  -4.86738e-03
m_dut_vos = -4.867380000e-03
Note: Simulation executed from .control section 

Warning: m=xx on .subckt line will override multiplier m hierarchy!

