
Note: Compatibility modes selected: hs a


Circuit: * comparator-kickback @ ss_27c_3.63v -- generated by sim/harness, do not edit

Doing analysis at TEMP = 27.000000 and TNOM = 27.000000

Using SPARSE 1.3 as Direct Linear Solver

Initial Transient Solution
--------------------------

Node                                   Voltage
----                                   -------
vdd                                       3.63
cm                                        1.65
clk                                          0
sa                                 -0.00581787
asp                                    1.64709
asn                                    1.65291
apa                                    1.64709
ana                                    1.65291
ibna                                   1.12362
xa.xlayout_dut.sp__t2              5.15165e-09
xa.xlayout_dut.qp__t6                     3.63
xa.xlayout_dut.vss__t17            3.96037e-11
xa.xlayout_dut.vss__t2             4.91365e-20
xa.xlayout_dut.dout__t3            6.04021e-09
xa.xlayout_dut.sp__t3              5.23996e-09
xa.xlayout_dut.vss__t25            1.41176e-21
xa.xlayout_dut.vss__t3             6.76373e-20
xa.xlayout_dut.dout__t2            5.84416e-09
xa.xlayout_dut.doutb__t0                  3.63
xa.xlayout_dut.vss__t24            5.57887e-11
xa.xlayout_dut.vss__t4             6.94752e-20
xa.xlayout_dut.ibias__t0               1.12234
xa.xlayout_dut.ibias__t1               1.12362
xa.xlayout_dut.vss__t20            0.000254896
xa.xlayout_dut.vss__t8             2.86165e-11
xa.xlayout_dut.sn__t2              5.15157e-09
xa.xlayout_dut.qn__t6                     3.63
xa.xlayout_dut.vss__t23              3.953e-11
xa.xlayout_dut.vss__t5             4.90436e-20
xa.xlayout_dut.doutb__t1                  3.63
xa.xlayout_dut.sn__t3              5.28552e-09
xa.xlayout_dut.vss__t22            1.27782e-14
xa.xlayout_dut.vss__t6              4.0608e-11
xa.xlayout_dut.doutb__t4                  3.63
xa.xlayout_dut.dout__t4            6.04021e-09
xa.xlayout_dut.vss__t21            1.34392e-14
xa.xlayout_dut.vss__t7             4.27085e-11
xa.xlayout_dut.qn__t4                     3.63
xa.xlayout_dut.qp__t0                     3.63
xa.xlayout_dut.mn__t0                     3.63
xa.xlayout_dut.vss__t9              4.7653e-11
xa.xlayout_dut.mn__t1                     3.63
xa.xlayout_dut.aop__t2                  2.0726
xa.xlayout_dut.ltail__t0               1.47873
xa.xlayout_dut.vss__t11            3.05522e-11
xa.xlayout_dut.atail__t0              0.595983
xa.xlayout_dut.ibias__t2               1.12362
xa.xlayout_dut.vss__t19             0.00049547
xa.xlayout_dut.vss__t13            1.46156e-11
xa.xlayout_dut.qp__t1                     3.63
xa.xlayout_dut.qn__t5                     3.63
xa.xlayout_dut.mp__t2                     3.63
xa.xlayout_dut.vss__t10            4.77388e-11
xa.xlayout_dut.ltail__t1               1.47873
xa.xlayout_dut.clk__t2                       0
xa.xlayout_dut.vss__t18            3.90551e-14
xa.xlayout_dut.vss__t14            7.98627e-12
xa.xlayout_dut.mp__t1                     3.63
xa.xlayout_dut.aon__t0                 2.18642
xa.xlayout_dut.ltail__t2               1.47873
xa.xlayout_dut.vss__t12            3.08678e-11
xa.xlayout_dut.aon__t1                 2.18564
xa.xlayout_dut.vinp__t0                1.64709
xa.xlayout_dut.atail__t1              0.596584
xa.xlayout_dut.vss__t15            1.86508e-09
xa.xlayout_dut.aop__t1                  2.0713
xa.xlayout_dut.vinn__t0                1.65291
xa.xlayout_dut.atail__t2              0.596836
xa.xlayout_dut.vss__t16             5.5917e-10
xa.xlayout_dut.mn__t2                     3.63
xa.xlayout_dut.clk__t0                       0
xa.xlayout_dut.vdd__t0                    3.63
xa.xlayout_dut.vdd__t1                    3.63
xa.xlayout_dut.qn__t1                     3.63
xa.xlayout_dut.clk__t1                       0
xa.xlayout_dut.vdd__t2                    3.63
xa.xlayout_dut.vdd__t3                    3.63
xa.xlayout_dut.sp__t0              5.43346e-09
xa.xlayout_dut.qp__t2                     3.63
xa.xlayout_dut.vdd__t4                    3.63
xa.xlayout_dut.vdd__t5                    3.63
xa.xlayout_dut.mp__t0                     3.63
xa.xlayout_dut.clk__t4                       0
xa.xlayout_dut.vdd__t21                   3.63
xa.xlayout_dut.vdd__t20                   3.63
xa.xlayout_dut.qn__t0                     3.63
xa.xlayout_dut.qp__t3                     3.63
xa.xlayout_dut.vdd__t6                    3.63
xa.xlayout_dut.vdd__t7                    3.63
xa.xlayout_dut.qp__t4                     3.63
xa.xlayout_dut.clk__t3                       0
xa.xlayout_dut.vdd__t19                   3.63
xa.xlayout_dut.vdd__t18                   3.63
xa.xlayout_dut.na__t1                     3.63
xa.xlayout_dut.sp__t1              5.23996e-09
xa.xlayout_dut.vdd__t23                   3.63
xa.xlayout_dut.vdd__t8                    3.63
xa.xlayout_dut.dout__t0            6.18416e-09
xa.xlayout_dut.doutb__t2                  3.63
xa.xlayout_dut.na__t0                     3.63
xa.xlayout_dut.vdd__t13                   3.63
xa.xlayout_dut.sn__t0              5.49595e-09
xa.xlayout_dut.qn__t3                     3.63
xa.xlayout_dut.vdd__t17                   3.63
xa.xlayout_dut.vdd__t16                   3.63
xa.xlayout_dut.qp__t5                     3.63
xa.xlayout_dut.qn__t2                     3.63
xa.xlayout_dut.vdd__t15                   3.63
xa.xlayout_dut.vdd__t14                   3.63
xa.xlayout_dut.nb__t1                     3.63
xa.xlayout_dut.sn__t1              5.28552e-09
xa.xlayout_dut.vdd__t22                   3.63
xa.xlayout_dut.vdd__t12                   3.63
xa.xlayout_dut.doutb__t3                  3.63
xa.xlayout_dut.dout__t1            6.04021e-09
xa.xlayout_dut.nb__t0                     3.63
xa.xlayout_dut.vdd__t11                   3.63
xa.xlayout_dut.aon__t2                 2.18674
xa.xlayout_dut.x$28.11                 2.18758
xa.xlayout_dut.vss__t0                       0
xa.xlayout_dut.x$28.21                 3.62791
xa.xlayout_dut.vdd__t10                3.62876
xa.xlayout_dut.aop__t0                 2.07296
xa.xlayout_dut.x$29.11                 2.07387
xa.xlayout_dut.vss__t1                       0
xa.xlayout_dut.x$29.21                 3.62856
xa.xlayout_dut.vdd__t9                 3.62947
xa.xlayout_dut.aon                     2.18642
vsubs                                        0
xa.xlayout_dut.aop                      2.0726
xa.xlayout_dut.atail                  0.596481
douta                              6.04021e-09
doutba                                    3.63
xa.xlayout_dut.ltail                   1.47873
xa.xlayout_dut.mn                         3.63
xa.xlayout_dut.mp                         3.63
xa.xlayout_dut.na                         3.63
xa.xlayout_dut.nb                         3.63
xa.xlayout_dut.qn                         3.63
xa.xlayout_dut.qp                         3.63
xa.xlayout_dut.sn                  5.28552e-09
xa.xlayout_dut.sp                  5.23996e-09
sb                                 -0.00581787
bsp                                    1.64709
bsn                                    1.65291
bpp                                    1.64709
bpn                                    1.65291
ibnb                                   1.12362
xb.xlayout_dut.sp__t2              5.15165e-09
xb.xlayout_dut.qp__t6                     3.63
xb.xlayout_dut.vss__t17            3.96037e-11
xb.xlayout_dut.vss__t2             4.91365e-20
xb.xlayout_dut.dout__t3            6.04021e-09
xb.xlayout_dut.sp__t3              5.23996e-09
xb.xlayout_dut.vss__t25            1.41176e-21
xb.xlayout_dut.vss__t3             6.76373e-20
xb.xlayout_dut.dout__t2            5.84416e-09
xb.xlayout_dut.doutb__t0                  3.63
xb.xlayout_dut.vss__t24            5.57887e-11
xb.xlayout_dut.vss__t4             6.94752e-20
xb.xlayout_dut.ibias__t0               1.12234
xb.xlayout_dut.ibias__t1               1.12362
xb.xlayout_dut.vss__t20            0.000254896
xb.xlayout_dut.vss__t8             2.86165e-11
xb.xlayout_dut.sn__t2              5.15157e-09
xb.xlayout_dut.qn__t6                     3.63
xb.xlayout_dut.vss__t23              3.953e-11
xb.xlayout_dut.vss__t5             4.90436e-20
xb.xlayout_dut.doutb__t1                  3.63
xb.xlayout_dut.sn__t3              5.28552e-09
xb.xlayout_dut.vss__t22            1.27782e-14
xb.xlayout_dut.vss__t6              4.0608e-11
xb.xlayout_dut.doutb__t4                  3.63
xb.xlayout_dut.dout__t4            6.04021e-09
xb.xlayout_dut.vss__t21            1.34392e-14
xb.xlayout_dut.vss__t7             4.27085e-11
xb.xlayout_dut.qn__t4                     3.63
xb.xlayout_dut.qp__t0                     3.63
xb.xlayout_dut.mn__t0                     3.63
xb.xlayout_dut.vss__t9              4.7653e-11
xb.xlayout_dut.mn__t1                     3.63
xb.xlayout_dut.aop__t2                  2.0726
xb.xlayout_dut.ltail__t0               1.47873
xb.xlayout_dut.vss__t11            3.05522e-11
xb.xlayout_dut.atail__t0              0.595983
xb.xlayout_dut.ibias__t2               1.12362
xb.xlayout_dut.vss__t19             0.00049547
xb.xlayout_dut.vss__t13            1.46156e-11
xb.xlayout_dut.qp__t1                     3.63
xb.xlayout_dut.qn__t5                     3.63
xb.xlayout_dut.mp__t2                     3.63
xb.xlayout_dut.vss__t10            4.77388e-11
xb.xlayout_dut.ltail__t1               1.47873
xb.xlayout_dut.clk__t2                       0
xb.xlayout_dut.vss__t18            3.90551e-14
xb.xlayout_dut.vss__t14            7.98627e-12
xb.xlayout_dut.mp__t1                     3.63
xb.xlayout_dut.aon__t0                 2.18642
xb.xlayout_dut.ltail__t2               1.47873
xb.xlayout_dut.vss__t12            3.08678e-11
xb.xlayout_dut.aon__t1                 2.18564
xb.xlayout_dut.vinp__t0                1.64709
xb.xlayout_dut.atail__t1              0.596584
xb.xlayout_dut.vss__t15            1.86508e-09
xb.xlayout_dut.aop__t1                  2.0713
xb.xlayout_dut.vinn__t0                1.65291
xb.xlayout_dut.atail__t2              0.596836
xb.xlayout_dut.vss__t16             5.5917e-10
xb.xlayout_dut.mn__t2                     3.63
xb.xlayout_dut.clk__t0                       0
xb.xlayout_dut.vdd__t0                    3.63
xb.xlayout_dut.vdd__t1                    3.63
xb.xlayout_dut.qn__t1                     3.63
xb.xlayout_dut.clk__t1                       0
xb.xlayout_dut.vdd__t2                    3.63
xb.xlayout_dut.vdd__t3                    3.63
xb.xlayout_dut.sp__t0              5.43346e-09
xb.xlayout_dut.qp__t2                     3.63
xb.xlayout_dut.vdd__t4                    3.63
xb.xlayout_dut.vdd__t5                    3.63
xb.xlayout_dut.mp__t0                     3.63
xb.xlayout_dut.clk__t4                       0
xb.xlayout_dut.vdd__t21                   3.63
xb.xlayout_dut.vdd__t20                   3.63
xb.xlayout_dut.qn__t0                     3.63
xb.xlayout_dut.qp__t3                     3.63
xb.xlayout_dut.vdd__t6                    3.63
xb.xlayout_dut.vdd__t7                    3.63
xb.xlayout_dut.qp__t4                     3.63
xb.xlayout_dut.clk__t3                       0
xb.xlayout_dut.vdd__t19                   3.63
xb.xlayout_dut.vdd__t18                   3.63
xb.xlayout_dut.na__t1                     3.63
xb.xlayout_dut.sp__t1              5.23996e-09
xb.xlayout_dut.vdd__t23                   3.63
xb.xlayout_dut.vdd__t8                    3.63
xb.xlayout_dut.dout__t0            6.18416e-09
xb.xlayout_dut.doutb__t2                  3.63
xb.xlayout_dut.na__t0                     3.63
xb.xlayout_dut.vdd__t13                   3.63
xb.xlayout_dut.sn__t0              5.49595e-09
xb.xlayout_dut.qn__t3                     3.63
xb.xlayout_dut.vdd__t17                   3.63
xb.xlayout_dut.vdd__t16                   3.63
xb.xlayout_dut.qp__t5                     3.63
xb.xlayout_dut.qn__t2                     3.63
xb.xlayout_dut.vdd__t15                   3.63
xb.xlayout_dut.vdd__t14                   3.63
xb.xlayout_dut.nb__t1                     3.63
xb.xlayout_dut.sn__t1              5.28552e-09
xb.xlayout_dut.vdd__t22                   3.63
xb.xlayout_dut.vdd__t12                   3.63
xb.xlayout_dut.doutb__t3                  3.63
xb.xlayout_dut.dout__t1            6.04021e-09
xb.xlayout_dut.nb__t0                     3.63
xb.xlayout_dut.vdd__t11                   3.63
xb.xlayout_dut.aon__t2                 2.18674
xb.xlayout_dut.x$28.11                 2.18758
xb.xlayout_dut.vss__t0                       0
xb.xlayout_dut.x$28.21                 3.62791
xb.xlayout_dut.vdd__t10                3.62876
xb.xlayout_dut.aop__t0                 2.07296
xb.xlayout_dut.x$29.11                 2.07387
xb.xlayout_dut.vss__t1                       0
xb.xlayout_dut.x$29.21                 3.62856
xb.xlayout_dut.vdd__t9                 3.62947
xb.xlayout_dut.aon                     2.18642
xb.xlayout_dut.aop                      2.0726
xb.xlayout_dut.atail                  0.596481
doutb                              6.04021e-09
doutbb                                    3.63
xb.xlayout_dut.ltail                   1.47873
xb.xlayout_dut.mn                         3.63
xb.xlayout_dut.mp                         3.63
xb.xlayout_dut.na                         3.63
xb.xlayout_dut.nb                         3.63
xb.xlayout_dut.qn                         3.63
xb.xlayout_dut.qp                         3.63
xb.xlayout_dut.sn                  5.28552e-09
xb.xlayout_dut.sp                  5.23996e-09
sc                                   0.0931821
csp                                    1.69659
csn                                    1.60341
cpp                                    1.69659
cpn                                    1.60341
ibnc                                   1.12362
xc.xlayout_dut.sp__t2              5.15165e-09
xc.xlayout_dut.qp__t6                     3.63
xc.xlayout_dut.vss__t17            3.96037e-11
xc.xlayout_dut.vss__t2             4.91365e-20
xc.xlayout_dut.dout__t3                   3.63
xc.xlayout_dut.sp__t3              5.23996e-09
xc.xlayout_dut.vss__t25            1.27952e-14
xc.xlayout_dut.vss__t3             4.06621e-11
xc.xlayout_dut.dout__t2                   3.63
xc.xlayout_dut.doutb__t0           6.02238e-09
xc.xlayout_dut.vss__t24            1.34553e-14
xc.xlayout_dut.vss__t4               4.276e-11
xc.xlayout_dut.ibias__t0               1.12234
xc.xlayout_dut.ibias__t1               1.12362
xc.xlayout_dut.vss__t20            0.000254896
xc.xlayout_dut.vss__t8             2.86165e-11
xc.xlayout_dut.sn__t2              5.15157e-09
xc.xlayout_dut.qn__t6                     3.63
xc.xlayout_dut.vss__t23              3.953e-11
xc.xlayout_dut.vss__t5             4.90436e-20
xc.xlayout_dut.doutb__t1           6.02238e-09
xc.xlayout_dut.sn__t3              5.28552e-09
xc.xlayout_dut.vss__t22            1.40572e-21
xc.xlayout_dut.vss__t6              6.7348e-20
xc.xlayout_dut.doutb__t4           5.84409e-09
xc.xlayout_dut.dout__t4                   3.63
xc.xlayout_dut.vss__t21            5.57216e-11
xc.xlayout_dut.vss__t7               6.939e-20
xc.xlayout_dut.qn__t4                     3.63
xc.xlayout_dut.qp__t0                     3.63
xc.xlayout_dut.mn__t0                     3.63
xc.xlayout_dut.vss__t9              4.7653e-11
xc.xlayout_dut.mn__t1                     3.63
xc.xlayout_dut.aop__t2                  3.0156
xc.xlayout_dut.ltail__t0                2.1507
xc.xlayout_dut.vss__t11            3.45705e-11
xc.xlayout_dut.atail__t0              0.603915
xc.xlayout_dut.ibias__t2               1.12362
xc.xlayout_dut.vss__t19            0.000495524
xc.xlayout_dut.vss__t13              1.481e-11
xc.xlayout_dut.qp__t1                     3.63
xc.xlayout_dut.qn__t5                     3.63
xc.xlayout_dut.mp__t2                     3.63
xc.xlayout_dut.vss__t10            4.77388e-11
xc.xlayout_dut.ltail__t1                2.1507
xc.xlayout_dut.clk__t2                       0
xc.xlayout_dut.vss__t18            4.31575e-14
xc.xlayout_dut.vss__t14            1.16154e-11
xc.xlayout_dut.mp__t1                     3.63
xc.xlayout_dut.aon__t0                 1.24079
xc.xlayout_dut.ltail__t2                2.1507
xc.xlayout_dut.vss__t12             3.4917e-11
xc.xlayout_dut.aon__t1                 1.23949
xc.xlayout_dut.vinp__t0                1.69659
xc.xlayout_dut.atail__t1              0.604583
xc.xlayout_dut.vss__t15            4.36257e-11
xc.xlayout_dut.aop__t1                 3.01509
xc.xlayout_dut.vinn__t0                1.60341
xc.xlayout_dut.atail__t2              0.604553
xc.xlayout_dut.vss__t16            2.99754e-07
xc.xlayout_dut.mn__t2                     3.63
xc.xlayout_dut.clk__t0                       0
xc.xlayout_dut.vdd__t0                    3.63
xc.xlayout_dut.vdd__t1                    3.63
xc.xlayout_dut.qn__t1                     3.63
xc.xlayout_dut.clk__t1                       0
xc.xlayout_dut.vdd__t2                    3.63
xc.xlayout_dut.vdd__t3                    3.63
xc.xlayout_dut.sp__t0              5.43346e-09
xc.xlayout_dut.qp__t2                     3.63
xc.xlayout_dut.vdd__t4                    3.63
xc.xlayout_dut.vdd__t5                    3.63
xc.xlayout_dut.mp__t0                     3.63
xc.xlayout_dut.clk__t4                       0
xc.xlayout_dut.vdd__t21                   3.63
xc.xlayout_dut.vdd__t20                   3.63
xc.xlayout_dut.qn__t0                     3.63
xc.xlayout_dut.qp__t3                     3.63
xc.xlayout_dut.vdd__t6                    3.63
xc.xlayout_dut.vdd__t7                    3.63
xc.xlayout_dut.qp__t4                     3.63
xc.xlayout_dut.clk__t3                       0
xc.xlayout_dut.vdd__t19                   3.63
xc.xlayout_dut.vdd__t18                   3.63
xc.xlayout_dut.na__t1                     3.63
xc.xlayout_dut.sp__t1              5.23996e-09
xc.xlayout_dut.vdd__t23                   3.63
xc.xlayout_dut.vdd__t8                    3.63
xc.xlayout_dut.dout__t0                   3.63
xc.xlayout_dut.doutb__t2           6.02238e-09
xc.xlayout_dut.na__t0                     3.63
xc.xlayout_dut.vdd__t13                   3.63
xc.xlayout_dut.sn__t0              5.49595e-09
xc.xlayout_dut.qn__t3                     3.63
xc.xlayout_dut.vdd__t17                   3.63
xc.xlayout_dut.vdd__t16                   3.63
xc.xlayout_dut.qp__t5                     3.63
xc.xlayout_dut.qn__t2                     3.63
xc.xlayout_dut.vdd__t15                   3.63
xc.xlayout_dut.vdd__t14                   3.63
xc.xlayout_dut.nb__t1                     3.63
xc.xlayout_dut.sn__t1              5.28552e-09
xc.xlayout_dut.vdd__t22                   3.63
xc.xlayout_dut.vdd__t12                   3.63
xc.xlayout_dut.doutb__t3           6.41042e-09
xc.xlayout_dut.dout__t1                   3.63
xc.xlayout_dut.nb__t0                     3.63
xc.xlayout_dut.vdd__t11                   3.63
xc.xlayout_dut.aon__t2                 1.24131
xc.xlayout_dut.x$28.11                  1.2427
xc.xlayout_dut.vss__t0                       0
xc.xlayout_dut.x$28.21                 3.62655
xc.xlayout_dut.vdd__t10                3.62794
xc.xlayout_dut.aop__t0                 3.01574
xc.xlayout_dut.x$29.11                  3.0161
xc.xlayout_dut.vss__t1                       0
xc.xlayout_dut.x$29.21                 3.62943
xc.xlayout_dut.vdd__t9                 3.62979
xc.xlayout_dut.aon                     1.24079
xc.xlayout_dut.aop                      3.0156
xc.xlayout_dut.atail                  0.604413
doutc                                     3.63
doutbc                             6.02238e-09
xc.xlayout_dut.ltail                    2.1507
xc.xlayout_dut.mn                         3.63
xc.xlayout_dut.mp                         3.63
xc.xlayout_dut.na                         3.63
xc.xlayout_dut.nb                         3.63
xc.xlayout_dut.qn                         3.63
xc.xlayout_dut.qp                         3.63
xc.xlayout_dut.sn                  5.28552e-09
xc.xlayout_dut.sp                  5.23996e-09
ad                                 -1.9984e-15
bd                                 -0.00581787
cd                                   0.0931821
bc                                  2.7682e-10
dan                                1.66397e-09
dbn                                1.66397e-09
dcn                                          1
bdcn#branch                                  0
bdbn#branch                                  0
bdan#branch                                  0
bbc#branch                                   0
bcd#branch                                   0
bbd#branch                                   0
bad#branch                                   0
ecsn#branch                        2.69003e-19
ecsp#branch                        2.84636e-19
ebsn#branch                        2.77308e-19
ebsp#branch                        2.76332e-19
easn#branch                       -2.02124e-18
easp#branch                       -2.05605e-18
vsc#branch                                   0
vsb#branch                                   0
vsa#branch                                   0
vclk#branch                                  0
vcm#branch                        -2.97002e-18
vsup#branch                       -9.06773e-05

 Reference value :  1.03140e-09
 Reference value :  3.92640e-09
 Reference value :  6.70640e-09
 Reference value :  9.31640e-09
 Reference value :  1.20164e-08
 Reference value :  1.52464e-08
 Reference value :  1.80164e-08
 Reference value :  2.07264e-08
 Reference value :  2.34964e-08
 Reference value :  2.63914e-08
 Reference value :  2.91364e-08
 Reference value :  3.18676e-08
 Reference value :  3.48576e-08
 Reference value :  3.79176e-08
 Reference value :  4.05614e-08
 Reference value :  4.32864e-08
 Reference value :  4.61164e-08
 Reference value :  4.88564e-08
 Reference value :  5.17514e-08
 Reference value :  5.45264e-08
 Reference value :  5.73214e-08
No. of Data Rows : 12044
ad_pos              =  1.01998e-02 at=  4.05114e-08
ad_neg              =  -1.06336e-02 at=  4.02000e-08
ap0                 =  1.64709e+00
apmax               =  1.65729e+00 at=  4.05114e-08
apmin               =  1.63646e+00 at=  4.02000e-08
bd0                 =  -5.81787e-03
bd1                 =  -5.81197e-03
cd0                 =  9.31821e-02
cd1                 =  9.30402e-02
bc0                 =  2.76817e-10
bc1                 =  2.28067e-04
bp0                 =  1.64709e+00
bn0                 =  1.65291e+00
bp1                 =  1.64732e+00
bn1                 =  1.65313e+00
da_end              =  9.99992e-01
db_end              =  9.99992e-01
dc_end              =  9.99992e-01
m_kick_1k_peak_mv = 1.0633620000e+01
m_kick_1k_pos_mv = 1.0199780000e+01
m_kick_1k_neg_mv = -1.063362000e+01
m_kick_1k_raw_mv = 1.0634000000e+01
m_kick_resid_small_nv = 5.9030000000e+03
m_kick_resid_big_nv = -1.419400000e+05
m_kick_sigdep_nv = 1.4784300000e+05
m_kick_cm_nv = 2.2806702318e+05
m_kick_resid_raw_uv = 6.0000000002e+00
m_q_resid_small_ac = 5.9030000000e+00
m_dout_1k_end = 9.9999220000e-01
m_dout_float_small_end = 9.9999220000e-01
m_dout_float_big_end = 9.9999220000e-01
Note: Simulation executed from .control section 

Warning: m=xx on .subckt line will override multiplier m hierarchy!

