
Note: Compatibility modes selected: hs a


Circuit: * comparator-kickback-vosprobe @ tt_-40c_2.97v -- generated by sim/harness, do not edit

Doing analysis at TEMP = -40.000000 and TNOM = 27.000000

Using SPARSE 1.3 as Direct Linear Solver

Initial Transient Solution
--------------------------

Node                                   Voltage
----                                   -------
vdd                                       2.97
cm                                        1.65
clk                                          0
rmp                                      -0.04
vp                                        1.63
vn                                        1.67
ibn                                     1.0097
xdut.xlayout_dut.sp__t2             3.0571e-09
xdut.xlayout_dut.qp__t6                   2.97
xdut.xlayout_dut.vss__t17          2.89097e-11
xdut.xlayout_dut.vss__t2           2.92085e-20
xdut.xlayout_dut.dout__t3              1.43309
xdut.xlayout_dut.sp__t3            3.12157e-09
xdut.xlayout_dut.vss__t25          6.71376e-17
xdut.xlayout_dut.vss__t3           1.60467e-11
xdut.xlayout_dut.dout__t2              1.42754
xdut.xlayout_dut.doutb__t0              1.4355
xdut.xlayout_dut.vss__t24           0.00157956
xdut.xlayout_dut.vss__t4           1.84077e-11
xdut.xlayout_dut.ibias__t0             1.00842
xdut.xlayout_dut.ibias__t1              1.0097
xdut.xlayout_dut.vss__t20          0.000254896
xdut.xlayout_dut.vss__t8           2.57111e-11
xdut.xlayout_dut.sn__t2            3.05704e-09
xdut.xlayout_dut.qn__t6                   2.97
xdut.xlayout_dut.vss__t23          2.88559e-11
xdut.xlayout_dut.vss__t5           2.91531e-20
xdut.xlayout_dut.doutb__t1              1.4355
xdut.xlayout_dut.sn__t3            3.15482e-09
xdut.xlayout_dut.vss__t22          6.70801e-17
xdut.xlayout_dut.vss__t6           1.60523e-11
xdut.xlayout_dut.doutb__t4             1.43048
xdut.xlayout_dut.dout__t4              1.43309
xdut.xlayout_dut.vss__t21           0.00156902
xdut.xlayout_dut.vss__t7           1.85826e-11
xdut.xlayout_dut.qn__t4                   2.97
xdut.xlayout_dut.qp__t0                   2.97
xdut.xlayout_dut.mn__t0                   2.97
xdut.xlayout_dut.vss__t9           3.89888e-11
xdut.xlayout_dut.mn__t1                   2.97
xdut.xlayout_dut.aop__t2               1.17757
xdut.xlayout_dut.ltail__t0             1.33995
xdut.xlayout_dut.vss__t11          2.57749e-11
xdut.xlayout_dut.atail__t0            0.646775
xdut.xlayout_dut.ibias__t2              1.0097
xdut.xlayout_dut.vss__t19          0.000499265
xdut.xlayout_dut.vss__t13          1.58602e-11
xdut.xlayout_dut.qp__t1                   2.97
xdut.xlayout_dut.qn__t5                   2.97
xdut.xlayout_dut.mp__t2                   2.97
xdut.xlayout_dut.vss__t10           3.9059e-11
xdut.xlayout_dut.ltail__t1             1.33995
xdut.xlayout_dut.clk__t2                     0
xdut.xlayout_dut.vss__t18          3.22214e-16
xdut.xlayout_dut.vss__t14          7.23673e-12
xdut.xlayout_dut.mp__t1                   2.97
xdut.xlayout_dut.aon__t0               2.05392
xdut.xlayout_dut.ltail__t2             1.33995
xdut.xlayout_dut.vss__t12          2.60336e-11
xdut.xlayout_dut.aon__t1               2.05336
xdut.xlayout_dut.vinp__t0                 1.63
xdut.xlayout_dut.atail__t1             0.64735
xdut.xlayout_dut.vss__t15          2.73577e-10
xdut.xlayout_dut.aop__t1                1.1759
xdut.xlayout_dut.vinn__t0                 1.67
xdut.xlayout_dut.atail__t2            0.647733
xdut.xlayout_dut.vss__t16          4.39466e-11
xdut.xlayout_dut.mn__t2                   2.97
xdut.xlayout_dut.clk__t0                     0
xdut.xlayout_dut.vdd__t0                  2.97
xdut.xlayout_dut.vdd__t1                  2.97
xdut.xlayout_dut.qn__t1                   2.97
xdut.xlayout_dut.clk__t1                     0
xdut.xlayout_dut.vdd__t2                  2.97
xdut.xlayout_dut.vdd__t3                  2.97
xdut.xlayout_dut.sp__t0            3.26281e-09
xdut.xlayout_dut.qp__t2                   2.97
xdut.xlayout_dut.vdd__t4                  2.97
xdut.xlayout_dut.vdd__t5                  2.97
xdut.xlayout_dut.mp__t0                   2.97
xdut.xlayout_dut.clk__t4                     0
xdut.xlayout_dut.vdd__t21                 2.97
xdut.xlayout_dut.vdd__t20                 2.97
xdut.xlayout_dut.qn__t0                   2.97
xdut.xlayout_dut.qp__t3                   2.97
xdut.xlayout_dut.vdd__t6                  2.97
xdut.xlayout_dut.vdd__t7                  2.97
xdut.xlayout_dut.qp__t4                   2.97
xdut.xlayout_dut.clk__t3                     0
xdut.xlayout_dut.vdd__t19                 2.97
xdut.xlayout_dut.vdd__t18                 2.97
xdut.xlayout_dut.na__t1                2.87717
xdut.xlayout_dut.sp__t1            3.12157e-09
xdut.xlayout_dut.vdd__t23              2.96786
xdut.xlayout_dut.vdd__t8                  2.97
xdut.xlayout_dut.dout__t0              1.43716
xdut.xlayout_dut.doutb__t2              1.4355
xdut.xlayout_dut.na__t0                2.87519
xdut.xlayout_dut.vdd__t13                 2.97
xdut.xlayout_dut.sn__t0            3.30843e-09
xdut.xlayout_dut.qn__t3                   2.97
xdut.xlayout_dut.vdd__t17                 2.97
xdut.xlayout_dut.vdd__t16                 2.97
xdut.xlayout_dut.qp__t5                   2.97
xdut.xlayout_dut.qn__t2                   2.97
xdut.xlayout_dut.vdd__t15                 2.97
xdut.xlayout_dut.vdd__t14                 2.97
xdut.xlayout_dut.nb__t1                2.87751
xdut.xlayout_dut.sn__t1            3.15482e-09
xdut.xlayout_dut.vdd__t22              2.96769
xdut.xlayout_dut.vdd__t12                 2.97
xdut.xlayout_dut.doutb__t3             1.44642
xdut.xlayout_dut.dout__t1              1.43309
xdut.xlayout_dut.nb__t0                 2.8724
xdut.xlayout_dut.vdd__t11                 2.97
xdut.xlayout_dut.aon__t2               2.05414
xdut.xlayout_dut.x$28.11               2.05517
xdut.xlayout_dut.vss__t0                     0
xdut.xlayout_dut.x$28.21               2.96809
xdut.xlayout_dut.vdd__t10              2.96912
xdut.xlayout_dut.aop__t0               1.17804
xdut.xlayout_dut.x$29.11               1.18005
xdut.xlayout_dut.vss__t1                     0
xdut.xlayout_dut.x$29.21                2.9673
xdut.xlayout_dut.vdd__t9               2.96932
xdut.xlayout_dut.aon                   2.05392
vsubs                                        0
xdut.xlayout_dut.aop                   1.17757
xdut.xlayout_dut.atail                0.647277
dout                                   1.43309
doutb                                   1.4355
xdut.xlayout_dut.ltail                 1.33995
xdut.xlayout_dut.mn                       2.97
xdut.xlayout_dut.mp                       2.97
xdut.xlayout_dut.na                    2.87618
xdut.xlayout_dut.nb                    2.87495
xdut.xlayout_dut.qn                       2.97
xdut.xlayout_dut.qp                       2.97
xdut.xlayout_dut.sn                3.15482e-09
xdut.xlayout_dut.sp                3.12157e-09
dn                                    0.482521
bdn#branch                                   0
bnn#branch                         1.17161e-18
bpp#branch                          3.4199e-19
vrmp#branch                                  0
vclk#branch                                  0
vcm#branch                                   0
vsup#branch                       -0.000297931

 Reference value :  9.05668e-08
 Reference value :  2.70101e-07
 Reference value :  4.20749e-07
 Reference value :  5.80964e-07
 Reference value :  7.50464e-07
 Reference value :  9.00801e-07
 Reference value :  1.06092e-06
 Reference value :  1.21104e-06
 Reference value :  1.38121e-06
 Reference value :  1.54094e-06
 Reference value :  1.71020e-06
 Reference value :  1.86047e-06
 Reference value :  2.01008e-06
 Reference value :  2.17012e-06
 Reference value :  2.32010e-06
 Reference value :  2.47072e-06
 Reference value :  2.64001e-06
 Reference value :  2.80074e-06
 Reference value :  2.95091e-06
 Reference value :  3.12022e-06
 Reference value :  3.28020e-06
 Reference value :  3.43079e-06
 Reference value :  3.60010e-06
 Reference value :  3.76058e-06
 Reference value :  3.94010e-06
 Reference value :  4.08139e-06
 Reference value :  4.24019e-06
 Reference value :  4.39133e-06
 Reference value :  4.54151e-06
 Reference value :  4.71000e-06
 Reference value :  4.87047e-06
 Reference value :  5.02119e-06
 Reference value :  5.19108e-06
 Reference value :  5.35057e-06
 Reference value :  5.50068e-06
 Reference value :  5.67022e-06
 Reference value :  5.82042e-06
 Reference value :  5.98045e-06
 Reference value :  6.13044e-06
 Reference value :  6.28104e-06
 Reference value :  6.46013e-06
 Reference value :  6.61110e-06
 Reference value :  6.76101e-06
 Reference value :  6.93040e-06
 Reference value :  7.08423e-06
 Reference value :  7.24071e-06
 Reference value :  7.41000e-06
 Reference value :  7.56071e-06
 Reference value :  7.72013e-06
 Reference value :  7.89010e-06
 Reference value :  8.05020e-06
 Reference value :  8.21370e-06
 Reference value :  8.35112e-06
 Reference value :  8.52059e-06
 Reference value :  8.68075e-06
 Reference value :  8.85006e-06
 Reference value :  9.01014e-06
 Reference value :  9.18047e-06
 Reference value :  9.34074e-06
 Reference value :  9.51022e-06
 Reference value :  9.67014e-06
 Reference value :  9.84010e-06
 Reference value :  9.99009e-06
 Reference value :  1.01518e-05
 Reference value :  1.03802e-05
 Reference value :  1.05357e-05
 Reference value :  1.06909e-05
 Reference value :  1.08607e-05
 Reference value :  1.10802e-05
 Reference value :  1.12608e-05
 Reference value :  1.14408e-05
 Reference value :  1.15910e-05
 Reference value :  1.17420e-05
 Reference value :  1.19102e-05
 Reference value :  1.20601e-05
 Reference value :  1.22202e-05
 Reference value :  1.23701e-05
 Reference value :  1.25212e-05
 Reference value :  1.26901e-05
 Reference value :  1.28478e-05
 Reference value :  1.30200e-05
 Reference value :  1.31704e-05
 Reference value :  1.33208e-05
 Reference value :  1.34709e-05
 Reference value :  1.36302e-05
 Reference value :  1.38005e-05
 Reference value :  1.39602e-05
 Reference value :  1.41107e-05
 Reference value :  1.42610e-05
 Reference value :  1.44301e-05
 Reference value :  1.45902e-05
 Reference value :  1.47409e-05
 Reference value :  1.49101e-05
 Reference value :  1.50709e-05
 Reference value :  1.52216e-05
 Reference value :  1.53900e-05
 Reference value :  1.55405e-05
 Reference value :  1.56984e-05
 Reference value :  1.58501e-05
 Reference value :  1.60002e-05
 Reference value :  1.61509e-05
 Reference value :  1.63302e-05
 Reference value :  1.64807e-05
 Reference value :  1.66306e-05
 Reference value :  1.67809e-05
 Reference value :  1.69501e-05
 Reference value :  1.71005e-05
 Reference value :  1.72601e-05
 Reference value :  1.74111e-05
 Reference value :  1.75800e-05
 Reference value :  1.77300e-05
 Reference value :  1.78901e-05
 Reference value :  1.80407e-05
 Reference value :  1.81908e-05
 Reference value :  1.83408e-05
 Reference value :  1.84803e-05
 Reference value :  1.86402e-05
 Reference value :  1.87901e-05
 Reference value :  1.89402e-05
 Reference value :  1.90906e-05
 Reference value :  1.92600e-05
 Reference value :  1.94101e-05
 Reference value :  1.95702e-05
 Reference value :  1.97211e-05
 Reference value :  1.98709e-05
 Reference value :  2.00210e-05
 Reference value :  2.02203e-05
 Reference value :  2.03705e-05
 Reference value :  2.05310e-05
 Reference value :  2.07001e-05
 Reference value :  2.08509e-05
 Reference value :  2.10104e-05
 Reference value :  2.11802e-05
 Reference value :  2.13301e-05
 Reference value :  2.14803e-05
 Reference value :  2.16308e-05
 Reference value :  2.17902e-05
 Reference value :  2.19407e-05
 Reference value :  2.21101e-05
 Reference value :  2.22601e-05
 Reference value :  2.24101e-05
 Reference value :  2.25525e-05
 Reference value :  2.27101e-05
 Reference value :  2.28416e-05
 Reference value :  2.30103e-05
 Reference value :  2.31602e-05
 Reference value :  2.33402e-05
 Reference value :  2.34916e-05
 Reference value :  2.36507e-05
 Reference value :  2.38202e-05
 Reference value :  2.39703e-05
 Reference value :  2.41206e-05
 Reference value :  2.42807e-05
 Reference value :  2.44308e-05
 Reference value :  2.45807e-05
 Reference value :  2.47608e-05
 Reference value :  2.49109e-05
 Reference value :  2.50609e-05
 Reference value :  2.52108e-05
 Reference value :  2.53602e-05
 Reference value :  2.55102e-05
 Reference value :  2.56614e-05
 Reference value :  2.58301e-05
 Reference value :  2.59617e-05
 Reference value :  2.61301e-05
 Reference value :  2.62698e-05
 Reference value :  2.64110e-05
 Reference value :  2.65801e-05
 Reference value :  2.67301e-05
 Reference value :  2.68702e-05
 Reference value :  2.70301e-05
 Reference value :  2.71801e-05
 Reference value :  2.73302e-05
 Reference value :  2.74802e-05
 Reference value :  2.76301e-05
 Reference value :  2.77614e-05
 Reference value :  2.79106e-05
 Reference value :  2.80601e-05
 Reference value :  2.82102e-05
 Reference value :  2.83602e-05
 Reference value :  2.85004e-05
 Reference value :  2.86506e-05
 Reference value :  2.88006e-05
 Reference value :  2.89501e-05
 Reference value :  2.91002e-05
 Reference value :  2.92502e-05
 Reference value :  2.94002e-05
 Reference value :  2.95504e-05
 Reference value :  2.97013e-05
 Reference value :  2.98601e-05
 Reference value :  3.00007e-05
 Reference value :  3.01801e-05
 Reference value :  3.03108e-05
 Reference value :  3.04609e-05
 Reference value :  3.06101e-05
 Reference value :  3.07501e-05
 Reference value :  3.09001e-05
 Reference value :  3.10501e-05
 Reference value :  3.12001e-05
 Reference value :  3.13309e-05
 Reference value :  3.14805e-05
 Reference value :  3.16309e-05
 Reference value :  3.17808e-05
 Reference value :  3.19302e-05
 Reference value :  3.20807e-05
 Reference value :  3.22500e-05
 Reference value :  3.24001e-05
 Reference value :  3.25507e-05
 Reference value :  3.27102e-05
 Reference value :  3.28509e-05
 Reference value :  3.30007e-05
 Reference value :  3.31508e-05
 Reference value :  3.33002e-05
 Reference value :  3.34608e-05
 Reference value :  3.36304e-05
 Reference value :  3.37801e-05
 Reference value :  3.39112e-05
 Reference value :  3.40800e-05
 Reference value :  3.42302e-05
 Reference value :  3.43819e-05
 Reference value :  3.45402e-05
 Reference value :  3.46902e-05
 Reference value :  3.48600e-05
 Reference value :  3.50101e-05
 Reference value :  3.51604e-05
 Reference value :  3.53201e-05
 Reference value :  3.54716e-05
 Reference value :  3.56209e-05
 Reference value :  3.57904e-05
 Reference value :  3.59406e-05
 Reference value :  3.60927e-05
 Reference value :  3.62502e-05
 Reference value :  3.64009e-05
 Reference value :  3.65700e-05
 Reference value :  3.67200e-05
 Reference value :  3.68537e-05
 Reference value :  3.70201e-05
 Reference value :  3.71802e-05
 Reference value :  3.73302e-05
 Reference value :  3.74805e-05
 Reference value :  3.76501e-05
 Reference value :  3.78002e-05
 Reference value :  3.79510e-05
 Reference value :  3.81105e-05
 Reference value :  3.82801e-05
 Reference value :  3.84313e-05
 Reference value :  3.85902e-05
 Reference value :  3.87401e-05
 Reference value :  3.88903e-05
 Reference value :  3.90601e-05
 Reference value :  3.92202e-05
 Reference value :  3.93900e-05
 Reference value :  3.95402e-05
 Reference value :  3.96907e-05
 Reference value :  3.98407e-05
 Reference value :  4.00001e-05
 Reference value :  4.01507e-05
 Reference value :  4.03207e-05
 Reference value :  4.04806e-05
 Reference value :  4.06305e-05
 Reference value :  4.08002e-05
 Reference value :  4.09602e-05
 Reference value :  4.11106e-05
 Reference value :  4.12608e-05
 Reference value :  4.14455e-05
 Reference value :  4.16214e-05
 Reference value :  4.17900e-05
 Reference value :  4.19407e-05
 Reference value :  4.20903e-05
 Reference value :  4.22404e-05
 Reference value :  4.23905e-05
 Reference value :  4.25520e-05
 Reference value :  4.27204e-05
 Reference value :  4.28714e-05
 Reference value :  4.30311e-05
 Reference value :  4.32001e-05
 Reference value :  4.33311e-05
 Reference value :  4.35000e-05
 Reference value :  4.36312e-05
 Reference value :  4.37848e-05
 Reference value :  4.39315e-05
 Reference value :  4.40810e-05
 Reference value :  4.42608e-05
 Reference value :  4.44112e-05
 Reference value :  4.45801e-05
 Reference value :  4.47312e-05
 Reference value :  4.48909e-05
 Reference value :  4.50545e-05
 Reference value :  4.52176e-05
 Reference value :  4.53703e-05
 Reference value :  4.55211e-05
 Reference value :  4.56900e-05
 Reference value :  4.58508e-05
 Reference value :  4.60301e-05
 Reference value :  4.61802e-05
 Reference value :  4.63308e-05
 Reference value :  4.65001e-05
 Reference value :  4.66512e-05
 Reference value :  4.68034e-05
 Reference value :  4.69677e-05
 Reference value :  4.71401e-05
 Reference value :  4.72907e-05
 Reference value :  4.74412e-05
 Reference value :  4.76108e-05
 Reference value :  4.77711e-05
 Reference value :  4.79407e-05
 Reference value :  4.81022e-05
 Reference value :  4.82802e-05
 Reference value :  4.84801e-05
 Reference value :  4.86304e-05
 Reference value :  4.87902e-05
 Reference value :  4.89409e-05
 Reference value :  4.91100e-05
 Reference value :  4.92601e-05
 Reference value :  4.94210e-05
 Reference value :  4.96202e-05
 Reference value :  4.98109e-05
 Reference value :  4.99804e-05
 Reference value :  5.01401e-05
 Reference value :  5.02811e-05
 Reference value :  5.04402e-05
 Reference value :  5.05924e-05
 Reference value :  5.07603e-05
 Reference value :  5.09106e-05
 Reference value :  5.10610e-05
 Reference value :  5.12201e-05
 Reference value :  5.13904e-05
 Reference value :  5.15504e-05
 Reference value :  5.17010e-05
 Reference value :  5.18802e-05
 Reference value :  5.20316e-05
 Reference value :  5.22001e-05
 Reference value :  5.23505e-05
 Reference value :  5.25006e-05
 Reference value :  5.26505e-05
 Reference value :  5.28101e-05
 Reference value :  5.29603e-05
 Reference value :  5.31300e-05
 Reference value :  5.32906e-05
 Reference value :  5.34408e-05
 Reference value :  5.35922e-05
 Reference value :  5.37601e-05
 Reference value :  5.39104e-05
 Reference value :  5.40629e-05
 Reference value :  5.42209e-05
 Reference value :  5.43840e-05
 Reference value :  5.45378e-05
 Reference value :  5.46908e-05
 Reference value :  5.48502e-05
 Reference value :  5.50005e-05
 Reference value :  5.52000e-05
 Reference value :  5.53902e-05
 Reference value :  5.56008e-05
 Reference value :  5.57701e-05
 Reference value :  5.59201e-05
 Reference value :  5.60702e-05
 Reference value :  5.62214e-05
 Reference value :  5.63806e-05
 Reference value :  5.65304e-05
 Reference value :  5.67005e-05
 Reference value :  5.68805e-05
 Reference value :  5.70402e-05
 Reference value :  5.71911e-05
 Reference value :  5.73410e-05
 Reference value :  5.75101e-05
 Reference value :  5.76701e-05
 Reference value :  5.78205e-05
 Reference value :  5.80001e-05
 Reference value :  5.81502e-05
 Reference value :  5.83010e-05
 Reference value :  5.84802e-05
 Reference value :  5.86501e-05
 Reference value :  5.88101e-05
 Reference value :  5.89803e-05
 Reference value :  5.91410e-05
 Reference value :  5.93101e-05
 Reference value :  5.94701e-05
 Reference value :  5.96202e-05
 Reference value :  5.97709e-05
 Reference value :  5.99401e-05
 Reference value :  6.01005e-05
 Reference value :  6.02701e-05
 Reference value :  6.04203e-05
 Reference value :  6.05802e-05
 Reference value :  6.07319e-05
 Reference value :  6.09003e-05
 Reference value :  6.10605e-05
 Reference value :  6.12301e-05
 Reference value :  6.13907e-05
 Reference value :  6.15435e-05
 Reference value :  6.17180e-05
 Reference value :  6.18906e-05
 Reference value :  6.20506e-05
 Reference value :  6.22010e-05
 Reference value :  6.23704e-05
 Reference value :  6.25615e-05
 Reference value :  6.27301e-05
 Reference value :  6.28809e-05
 Reference value :  6.30408e-05
 Reference value :  6.32101e-05
 Reference value :  6.33602e-05
 Reference value :  6.35405e-05
 Reference value :  6.37205e-05
 Reference value :  6.38811e-05
 Reference value :  6.40601e-05
 Reference value :  6.42108e-05
 Reference value :  6.43804e-05
 Reference value :  6.45408e-05
 Reference value :  6.47107e-05
 Reference value :  6.48702e-05
 Reference value :  6.50501e-05
 Reference value :  6.52306e-05
 Reference value :  6.54001e-05
 Reference value :  6.55602e-05
 Reference value :  6.57301e-05
 Reference value :  6.58910e-05
 Reference value :  6.60603e-05
 Reference value :  6.62205e-05
 Reference value :  6.63707e-05
 Reference value :  6.65211e-05
 Reference value :  6.66825e-05
 Reference value :  6.68502e-05
 Reference value :  6.70011e-05
 Reference value :  6.71516e-05
 Reference value :  6.73201e-05
 Reference value :  6.75003e-05
 Reference value :  6.76504e-05
 Reference value :  6.78112e-05
 Reference value :  6.79807e-05
 Reference value :  6.81313e-05
 Reference value :  6.82911e-05
 Reference value :  6.84701e-05
 Reference value :  6.86215e-05
 Reference value :  6.87901e-05
 Reference value :  6.89705e-05
 Reference value :  6.91306e-05
 Reference value :  6.92810e-05
 Reference value :  6.94339e-05
 Reference value :  6.96001e-05
 Reference value :  6.97602e-05
 Reference value :  6.99301e-05
 Reference value :  7.00901e-05
 Reference value :  7.02601e-05
 Reference value :  7.04202e-05
 Reference value :  7.05712e-05
 Reference value :  7.07401e-05
 Reference value :  7.08902e-05
 Reference value :  7.10404e-05
 Reference value :  7.11906e-05
 Reference value :  7.13507e-05
 Reference value :  7.15210e-05
 Reference value :  7.16803e-05
 Reference value :  7.18310e-05
 Reference value :  7.20003e-05
 Reference value :  7.21503e-05
 Reference value :  7.23102e-05
 Reference value :  7.24602e-05
 Reference value :  7.26102e-05
 Reference value :  7.27602e-05
 Reference value :  7.29301e-05
 Reference value :  7.30801e-05
 Reference value :  7.32301e-05
 Reference value :  7.33802e-05
 Reference value :  7.35302e-05
 Reference value :  7.36813e-05
 Reference value :  7.38410e-05
 Reference value :  7.40100e-05
 Reference value :  7.41601e-05
 Reference value :  7.43105e-05
 Reference value :  7.44709e-05
 Reference value :  7.46215e-05
 Reference value :  7.47902e-05
 Reference value :  7.49802e-05
 Reference value :  7.51501e-05
 Reference value :  7.53001e-05
 Reference value :  7.54503e-05
 Reference value :  7.56000e-05
 Reference value :  7.57318e-05
 Reference value :  7.58811e-05
 Reference value :  7.60505e-05
 Reference value :  7.62106e-05
 Reference value :  7.63622e-05
 Reference value :  7.65300e-05
 Reference value :  7.66609e-05
 Reference value :  7.68106e-05
 Reference value :  7.69610e-05
 Reference value :  7.71109e-05
 Reference value :  7.72603e-05
 Reference value :  7.74103e-05
 Reference value :  7.75613e-05
 Reference value :  7.77308e-05
 Reference value :  7.78811e-05
 Reference value :  7.80406e-05
 Reference value :  7.82101e-05
 Reference value :  7.83701e-05
 Reference value :  7.85206e-05
 Reference value :  7.86704e-05
 Reference value :  7.88203e-05
 Reference value :  7.89702e-05
 Reference value :  7.91208e-05
 Reference value :  7.92710e-05
 Reference value :  7.94202e-05
 Reference value :  7.95708e-05
 Reference value :  7.97208e-05
 Reference value :  7.98711e-05
No. of Data Rows : 496021
t_flip              =  3.60918e-05
vos_v               =  -3.90816e-03
m_dut_vos = -3.908160000e-03
Note: Simulation executed from .control section 

Warning: m=xx on .subckt line will override multiplier m hierarchy!

Note: Starting dynamic gmin stepping
Note: Dynamic gmin stepping completed
