
Note: Compatibility modes selected: hs a


Circuit: * comparator-kickback-vosprobe @ tt_-40c_3.30v -- generated by sim/harness, do not edit

Doing analysis at TEMP = -40.000000 and TNOM = 27.000000

Using SPARSE 1.3 as Direct Linear Solver

Initial Transient Solution
--------------------------

Node                                   Voltage
----                                   -------
vdd                                        3.3
cm                                        1.65
clk                                          0
rmp                                      -0.04
vp                                        1.63
vn                                        1.67
ibn                                     1.0097
xdut.xlayout_dut.sp__t2            3.43496e-09
xdut.xlayout_dut.qp__t6                    3.3
xdut.xlayout_dut.vss__t17          3.41656e-11
xdut.xlayout_dut.vss__t2           3.28346e-20
xdut.xlayout_dut.dout__t3          3.89998e-09
xdut.xlayout_dut.sp__t3            3.51115e-09
xdut.xlayout_dut.vss__t25           7.5452e-24
xdut.xlayout_dut.vss__t3           4.36693e-20
xdut.xlayout_dut.dout__t2          3.73783e-09
xdut.xlayout_dut.doutb__t0                 3.3
xdut.xlayout_dut.vss__t24          4.61406e-11
xdut.xlayout_dut.vss__t4           4.45563e-20
xdut.xlayout_dut.ibias__t0             1.00842
xdut.xlayout_dut.ibias__t1              1.0097
xdut.xlayout_dut.vss__t20          0.000254896
xdut.xlayout_dut.vss__t8           2.57111e-11
xdut.xlayout_dut.sn__t2             3.4349e-09
xdut.xlayout_dut.qn__t6                    3.3
xdut.xlayout_dut.vss__t23           3.4102e-11
xdut.xlayout_dut.vss__t5           3.27723e-20
xdut.xlayout_dut.doutb__t1                 3.3
xdut.xlayout_dut.sn__t3            3.55045e-09
xdut.xlayout_dut.vss__t22          9.35031e-17
xdut.xlayout_dut.vss__t6           3.69058e-11
xdut.xlayout_dut.doutb__t4                 3.3
xdut.xlayout_dut.dout__t4          3.89998e-09
xdut.xlayout_dut.vss__t21          9.83397e-17
xdut.xlayout_dut.vss__t7           3.88148e-11
xdut.xlayout_dut.qn__t4                    3.3
xdut.xlayout_dut.qp__t0                    3.3
xdut.xlayout_dut.mn__t0                    3.3
xdut.xlayout_dut.vss__t9           4.33209e-11
xdut.xlayout_dut.mn__t1                    3.3
xdut.xlayout_dut.aop__t2               1.50694
xdut.xlayout_dut.ltail__t0             1.60955
xdut.xlayout_dut.vss__t11          2.93606e-11
xdut.xlayout_dut.atail__t0            0.647227
xdut.xlayout_dut.ibias__t2              1.0097
xdut.xlayout_dut.vss__t19          0.000499268
xdut.xlayout_dut.vss__t13          1.58712e-11
xdut.xlayout_dut.qp__t1                    3.3
xdut.xlayout_dut.qn__t5                    3.3
xdut.xlayout_dut.mp__t2                    3.3
xdut.xlayout_dut.vss__t10          4.33989e-11
xdut.xlayout_dut.ltail__t1             1.60955
xdut.xlayout_dut.clk__t2                     0
xdut.xlayout_dut.vss__t18          3.39304e-16
xdut.xlayout_dut.vss__t14          8.69273e-12
xdut.xlayout_dut.mp__t1                    3.3
xdut.xlayout_dut.aon__t0                2.3845
xdut.xlayout_dut.ltail__t2             1.60955
xdut.xlayout_dut.vss__t12          2.96556e-11
xdut.xlayout_dut.aon__t1               2.38394
xdut.xlayout_dut.vinp__t0                 1.63
xdut.xlayout_dut.atail__t1            0.647802
xdut.xlayout_dut.vss__t15          7.45824e-09
xdut.xlayout_dut.aop__t1               1.50527
xdut.xlayout_dut.vinn__t0                 1.67
xdut.xlayout_dut.atail__t2            0.648185
xdut.xlayout_dut.vss__t16          5.18954e-11
xdut.xlayout_dut.mn__t2                    3.3
xdut.xlayout_dut.clk__t0                     0
xdut.xlayout_dut.vdd__t0                   3.3
xdut.xlayout_dut.vdd__t1                   3.3
xdut.xlayout_dut.qn__t1                    3.3
xdut.xlayout_dut.clk__t1                     0
xdut.xlayout_dut.vdd__t2                   3.3
xdut.xlayout_dut.vdd__t3                   3.3
xdut.xlayout_dut.sp__t0            3.67808e-09
xdut.xlayout_dut.qp__t2                    3.3
xdut.xlayout_dut.vdd__t4                   3.3
xdut.xlayout_dut.vdd__t5                   3.3
xdut.xlayout_dut.mp__t0                    3.3
xdut.xlayout_dut.clk__t4                     0
xdut.xlayout_dut.vdd__t21                  3.3
xdut.xlayout_dut.vdd__t20                  3.3
xdut.xlayout_dut.qn__t0                    3.3
xdut.xlayout_dut.qp__t3                    3.3
xdut.xlayout_dut.vdd__t6                   3.3
xdut.xlayout_dut.vdd__t7                   3.3
xdut.xlayout_dut.qp__t4                    3.3
xdut.xlayout_dut.clk__t3                     0
xdut.xlayout_dut.vdd__t19                  3.3
xdut.xlayout_dut.vdd__t18                  3.3
xdut.xlayout_dut.na__t1                    3.3
xdut.xlayout_dut.sp__t1            3.51115e-09
xdut.xlayout_dut.vdd__t23                  3.3
xdut.xlayout_dut.vdd__t8                   3.3
xdut.xlayout_dut.dout__t0          4.01903e-09
xdut.xlayout_dut.doutb__t2                 3.3
xdut.xlayout_dut.na__t0                    3.3
xdut.xlayout_dut.vdd__t13                  3.3
xdut.xlayout_dut.sn__t0            3.73199e-09
xdut.xlayout_dut.qn__t3                    3.3
xdut.xlayout_dut.vdd__t17                  3.3
xdut.xlayout_dut.vdd__t16                  3.3
xdut.xlayout_dut.qp__t5                    3.3
xdut.xlayout_dut.qn__t2                    3.3
xdut.xlayout_dut.vdd__t15                  3.3
xdut.xlayout_dut.vdd__t14                  3.3
xdut.xlayout_dut.nb__t1                    3.3
xdut.xlayout_dut.sn__t1            3.55045e-09
xdut.xlayout_dut.vdd__t22                  3.3
xdut.xlayout_dut.vdd__t12                  3.3
xdut.xlayout_dut.doutb__t3                 3.3
xdut.xlayout_dut.dout__t1          3.89998e-09
xdut.xlayout_dut.nb__t0                    3.3
xdut.xlayout_dut.vdd__t11                  3.3
xdut.xlayout_dut.aon__t2               2.38472
xdut.xlayout_dut.x$28.11               2.38575
xdut.xlayout_dut.vss__t0                     0
xdut.xlayout_dut.x$28.21               3.29809
xdut.xlayout_dut.vdd__t10              3.29912
xdut.xlayout_dut.aop__t0               1.50741
xdut.xlayout_dut.x$29.11               1.50942
xdut.xlayout_dut.vss__t1                     0
xdut.xlayout_dut.x$29.21                3.2973
xdut.xlayout_dut.vdd__t9               3.29932
xdut.xlayout_dut.aon                    2.3845
vsubs                                        0
xdut.xlayout_dut.aop                   1.50694
xdut.xlayout_dut.atail                0.647729
dout                               3.89998e-09
doutb                                      3.3
xdut.xlayout_dut.ltail                 1.60955
xdut.xlayout_dut.mn                        3.3
xdut.xlayout_dut.mp                        3.3
xdut.xlayout_dut.na                        3.3
xdut.xlayout_dut.nb                        3.3
xdut.xlayout_dut.qn                        3.3
xdut.xlayout_dut.qp                        3.3
xdut.xlayout_dut.sn                3.55045e-09
xdut.xlayout_dut.sp                3.51115e-09
dn                                 1.18181e-09
bdn#branch                                   0
bnn#branch                         1.17161e-18
bpp#branch                          3.4199e-19
vrmp#branch                                  0
vclk#branch                                  0
vcm#branch                                   0
vsup#branch                       -3.03762e-05

 Reference value :  1.00102e-07
 Reference value :  2.70082e-07
 Reference value :  4.21621e-07
 Reference value :  6.00068e-07
 Reference value :  7.50394e-07
 Reference value :  9.10577e-07
 Reference value :  1.08009e-06
 Reference value :  1.23008e-06
 Reference value :  1.39012e-06
 Reference value :  1.54056e-06
 Reference value :  1.71033e-06
 Reference value :  1.86061e-06
 Reference value :  2.01424e-06
 Reference value :  2.17797e-06
 Reference value :  2.32085e-06
 Reference value :  2.49007e-06
 Reference value :  2.64015e-06
 Reference value :  2.80046e-06
 Reference value :  2.97014e-06
 Reference value :  3.12036e-06
 Reference value :  3.28058e-06
 Reference value :  3.45119e-06
 Reference value :  3.61022e-06
 Reference value :  3.78009e-06
 Reference value :  3.93050e-06
 Reference value :  4.11017e-06
 Reference value :  4.26009e-06
 Reference value :  4.41009e-06
 Reference value :  4.56010e-06
 Reference value :  4.71023e-06
 Reference value :  4.86053e-06
 Reference value :  5.03765e-06
 Reference value :  5.19016e-06
 Reference value :  5.35012e-06
 Reference value :  5.50074e-06
 Reference value :  5.67007e-06
 Reference value :  5.82010e-06
 Reference value :  5.97111e-06
 Reference value :  6.13103e-06
 Reference value :  6.28023e-06
 Reference value :  6.43854e-06
 Reference value :  6.61020e-06
 Reference value :  6.76089e-06
 Reference value :  6.91089e-06
 Reference value :  7.08030e-06
 Reference value :  7.23016e-06
 Reference value :  7.38051e-06
 Reference value :  7.54012e-06
 Reference value :  7.69110e-06
 Reference value :  7.86009e-06
 Reference value :  8.02019e-06
 Reference value :  8.17076e-06
 Reference value :  8.34000e-06
 Reference value :  8.47071e-06
 Reference value :  8.64004e-06
 Reference value :  8.79051e-06
 Reference value :  8.94061e-06
 Reference value :  9.10072e-06
 Reference value :  9.27565e-06
 Reference value :  9.43020e-06
 Reference value :  9.60007e-06
 Reference value :  9.75011e-06
 Reference value :  9.91041e-06
 Reference value :  1.00604e-05
 Reference value :  1.02286e-05
 Reference value :  1.04207e-05
 Reference value :  1.05901e-05
 Reference value :  1.07401e-05
 Reference value :  1.08907e-05
 Reference value :  1.11001e-05
 Reference value :  1.12902e-05
 Reference value :  1.14701e-05
 Reference value :  1.16211e-05
 Reference value :  1.17707e-05
 Reference value :  1.19215e-05
 Reference value :  1.20705e-05
 Reference value :  1.22212e-05
 Reference value :  1.23702e-05
 Reference value :  1.25207e-05
 Reference value :  1.26710e-05
 Reference value :  1.28212e-05
 Reference value :  1.29709e-05
 Reference value :  1.31328e-05
 Reference value :  1.32901e-05
 Reference value :  1.34337e-05
 Reference value :  1.35787e-05
 Reference value :  1.37501e-05
 Reference value :  1.39005e-05
 Reference value :  1.40503e-05
 Reference value :  1.42007e-05
 Reference value :  1.43526e-05
 Reference value :  1.45200e-05
 Reference value :  1.46700e-05
 Reference value :  1.48203e-05
 Reference value :  1.49803e-05
 Reference value :  1.51301e-05
 Reference value :  1.53001e-05
 Reference value :  1.54504e-05
 Reference value :  1.56005e-05
 Reference value :  1.57501e-05
 Reference value :  1.59004e-05
 Reference value :  1.60504e-05
 Reference value :  1.62177e-05
 Reference value :  1.63800e-05
 Reference value :  1.65107e-05
 Reference value :  1.66607e-05
 Reference value :  1.68108e-05
 Reference value :  1.69606e-05
 Reference value :  1.71101e-05
 Reference value :  1.72602e-05
 Reference value :  1.74005e-05
 Reference value :  1.75502e-05
 Reference value :  1.77006e-05
 Reference value :  1.78505e-05
 Reference value :  1.79807e-05
 Reference value :  1.81305e-05
 Reference value :  1.82805e-05
 Reference value :  1.84306e-05
 Reference value :  1.85704e-05
 Reference value :  1.87201e-05
 Reference value :  1.88702e-05
 Reference value :  1.90204e-05
 Reference value :  1.91705e-05
 Reference value :  1.93206e-05
 Reference value :  1.94802e-05
 Reference value :  1.96204e-05
 Reference value :  1.97701e-05
 Reference value :  1.99311e-05
 Reference value :  2.00810e-05
 Reference value :  2.02313e-05
 Reference value :  2.04004e-05
 Reference value :  2.05504e-05
 Reference value :  2.07080e-05
 Reference value :  2.08613e-05
 Reference value :  2.10300e-05
 Reference value :  2.11607e-05
 Reference value :  2.13108e-05
 Reference value :  2.14609e-05
 Reference value :  2.16103e-05
 Reference value :  2.17747e-05
 Reference value :  2.19109e-05
 Reference value :  2.20618e-05
 Reference value :  2.22265e-05
 Reference value :  2.23610e-05
 Reference value :  2.25107e-05
 Reference value :  2.26601e-05
 Reference value :  2.28104e-05
 Reference value :  2.29801e-05
 Reference value :  2.31407e-05
 Reference value :  2.32994e-05
 Reference value :  2.34603e-05
 Reference value :  2.36207e-05
 Reference value :  2.37709e-05
 Reference value :  2.39211e-05
 Reference value :  2.40901e-05
 Reference value :  2.42403e-05
 Reference value :  2.43904e-05
 Reference value :  2.45516e-05
 Reference value :  2.47201e-05
 Reference value :  2.48701e-05
 Reference value :  2.50201e-05
 Reference value :  2.51508e-05
 Reference value :  2.53010e-05
 Reference value :  2.54510e-05
 Reference value :  2.56007e-05
 Reference value :  2.57511e-05
 Reference value :  2.59068e-05
 Reference value :  2.60502e-05
 Reference value :  2.62008e-05
 Reference value :  2.63510e-05
 Reference value :  2.65003e-05
 Reference value :  2.66701e-05
 Reference value :  2.68501e-05
 Reference value :  2.70001e-05
 Reference value :  2.71501e-05
 Reference value :  2.73008e-05
 Reference value :  2.74518e-05
 Reference value :  2.76035e-05
 Reference value :  2.77521e-05
 Reference value :  2.79102e-05
 Reference value :  2.80611e-05
 Reference value :  2.82107e-05
 Reference value :  2.83608e-05
 Reference value :  2.85117e-05
 Reference value :  2.86608e-05
 Reference value :  2.88300e-05
 Reference value :  2.89801e-05
 Reference value :  2.91306e-05
 Reference value :  2.92822e-05
 Reference value :  2.94424e-05
 Reference value :  2.95936e-05
 Reference value :  2.97615e-05
 Reference value :  2.99401e-05
 Reference value :  3.00904e-05
 Reference value :  3.02502e-05
 Reference value :  3.04009e-05
 Reference value :  3.05511e-05
 Reference value :  3.07068e-05
 Reference value :  3.08773e-05
 Reference value :  3.10315e-05
 Reference value :  3.12001e-05
 Reference value :  3.13506e-05
 Reference value :  3.15102e-05
 Reference value :  3.16607e-05
 Reference value :  3.18301e-05
 Reference value :  3.19803e-05
 Reference value :  3.21402e-05
 Reference value :  3.23008e-05
 Reference value :  3.24601e-05
 Reference value :  3.26205e-05
 Reference value :  3.27842e-05
 Reference value :  3.29400e-05
 Reference value :  3.30901e-05
 Reference value :  3.32406e-05
 Reference value :  3.33907e-05
 Reference value :  3.35506e-05
 Reference value :  3.37064e-05
 Reference value :  3.38516e-05
 Reference value :  3.40007e-05
 Reference value :  3.41508e-05
 Reference value :  3.43008e-05
 Reference value :  3.44701e-05
 Reference value :  3.46302e-05
 Reference value :  3.47807e-05
 Reference value :  3.49501e-05
 Reference value :  3.51300e-05
 Reference value :  3.52803e-05
 Reference value :  3.54402e-05
 Reference value :  3.56701e-05
 Reference value :  3.58208e-05
 Reference value :  3.59813e-05
 Reference value :  3.61601e-05
 Reference value :  3.63110e-05
 Reference value :  3.64917e-05
 Reference value :  3.66614e-05
 Reference value :  3.68210e-05
 Reference value :  3.69902e-05
 Reference value :  3.71410e-05
 Reference value :  3.73002e-05
 Reference value :  3.74701e-05
 Reference value :  3.76307e-05
 Reference value :  3.78001e-05
 Reference value :  3.79601e-05
 Reference value :  3.81301e-05
 Reference value :  3.82902e-05
 Reference value :  3.84600e-05
 Reference value :  3.86206e-05
 Reference value :  3.88001e-05
 Reference value :  3.89508e-05
 Reference value :  3.91201e-05
 Reference value :  3.92708e-05
 Reference value :  3.94302e-05
 Reference value :  3.96000e-05
 Reference value :  3.97507e-05
 Reference value :  3.99105e-05
 Reference value :  4.00607e-05
 Reference value :  4.02225e-05
 Reference value :  4.03801e-05
 Reference value :  4.05302e-05
 Reference value :  4.06809e-05
 Reference value :  4.08409e-05
 Reference value :  4.10104e-05
 Reference value :  4.11602e-05
 Reference value :  4.13204e-05
 Reference value :  4.15002e-05
 Reference value :  4.16508e-05
 Reference value :  4.18023e-05
 Reference value :  4.19701e-05
 Reference value :  4.21605e-05
 Reference value :  4.23304e-05
 Reference value :  4.24902e-05
 Reference value :  4.26401e-05
 Reference value :  4.27901e-05
 Reference value :  4.29402e-05
 Reference value :  4.30909e-05
 Reference value :  4.32603e-05
 Reference value :  4.34109e-05
 Reference value :  4.35705e-05
 Reference value :  4.37401e-05
 Reference value :  4.38901e-05
 Reference value :  4.40402e-05
 Reference value :  4.41904e-05
 Reference value :  4.43404e-05
 Reference value :  4.44906e-05
 Reference value :  4.46501e-05
 Reference value :  4.48302e-05
 Reference value :  4.49806e-05
 Reference value :  4.51343e-05
 Reference value :  4.53005e-05
 Reference value :  4.54603e-05
 Reference value :  4.56108e-05
 Reference value :  4.57801e-05
 Reference value :  4.59301e-05
 Reference value :  4.60712e-05
 Reference value :  4.62300e-05
 Reference value :  4.63806e-05
 Reference value :  4.65601e-05
 Reference value :  4.67101e-05
 Reference value :  4.68602e-05
 Reference value :  4.70103e-05
 Reference value :  4.71701e-05
 Reference value :  4.73202e-05
 Reference value :  4.74712e-05
 Reference value :  4.76404e-05
 Reference value :  4.78005e-05
 Reference value :  4.79502e-05
 Reference value :  4.81008e-05
 Reference value :  4.82702e-05
 Reference value :  4.84302e-05
 Reference value :  4.86001e-05
 Reference value :  4.87508e-05
 Reference value :  4.89601e-05
 Reference value :  4.91103e-05
 Reference value :  4.92701e-05
 Reference value :  4.94312e-05
 Reference value :  4.95902e-05
 Reference value :  4.97405e-05
 Reference value :  4.99003e-05
 Reference value :  5.00812e-05
 Reference value :  5.02806e-05
 Reference value :  5.04601e-05
 Reference value :  5.06201e-05
 Reference value :  5.07705e-05
 Reference value :  5.09220e-05
 Reference value :  5.10928e-05
 Reference value :  5.12700e-05
 Reference value :  5.14204e-05
 Reference value :  5.15802e-05
 Reference value :  5.17414e-05
 Reference value :  5.19108e-05
 Reference value :  5.20805e-05
 Reference value :  5.22602e-05
 Reference value :  5.24400e-05
 Reference value :  5.26006e-05
 Reference value :  5.27700e-05
 Reference value :  5.29301e-05
 Reference value :  5.30808e-05
 Reference value :  5.32315e-05
 Reference value :  5.34004e-05
 Reference value :  5.35606e-05
 Reference value :  5.37401e-05
 Reference value :  5.38902e-05
 Reference value :  5.40403e-05
 Reference value :  5.41908e-05
 Reference value :  5.43605e-05
 Reference value :  5.45120e-05
 Reference value :  5.46740e-05
 Reference value :  5.48446e-05
 Reference value :  5.50006e-05
 Reference value :  5.51509e-05
 Reference value :  5.53205e-05
 Reference value :  5.54814e-05
 Reference value :  5.56608e-05
 Reference value :  5.58702e-05
 Reference value :  5.61004e-05
 Reference value :  5.62611e-05
 Reference value :  5.64302e-05
 Reference value :  5.65804e-05
 Reference value :  5.67402e-05
 Reference value :  5.68910e-05
 Reference value :  5.70601e-05
 Reference value :  5.72210e-05
 Reference value :  5.74003e-05
 Reference value :  5.75701e-05
 Reference value :  5.77227e-05
 Reference value :  5.78802e-05
 Reference value :  5.80501e-05
 Reference value :  5.82003e-05
 Reference value :  5.83505e-05
 Reference value :  5.85300e-05
 Reference value :  5.86800e-05
 Reference value :  5.88301e-05
 Reference value :  5.89907e-05
 Reference value :  5.91413e-05
 Reference value :  5.93104e-05
 Reference value :  5.94712e-05
 Reference value :  5.96401e-05
 Reference value :  5.97910e-05
 Reference value :  5.99504e-05
 Reference value :  6.01002e-05
 Reference value :  6.02511e-05
 Reference value :  6.04201e-05
 Reference value :  6.05801e-05
 Reference value :  6.07306e-05
 Reference value :  6.09000e-05
 Reference value :  6.10501e-05
 Reference value :  6.12021e-05
 Reference value :  6.13610e-05
 Reference value :  6.15301e-05
 Reference value :  6.16804e-05
 Reference value :  6.18410e-05
 Reference value :  6.20104e-05
 Reference value :  6.21900e-05
 Reference value :  6.23502e-05
 Reference value :  6.25008e-05
 Reference value :  6.26701e-05
 Reference value :  6.28602e-05
 Reference value :  6.30106e-05
 Reference value :  6.31634e-05
 Reference value :  6.33302e-05
 Reference value :  6.34801e-05
 Reference value :  6.36402e-05
 Reference value :  6.38116e-05
 Reference value :  6.39709e-05
 Reference value :  6.41404e-05
 Reference value :  6.42917e-05
 Reference value :  6.44507e-05
 Reference value :  6.46049e-05
 Reference value :  6.47801e-05
 Reference value :  6.49211e-05
 Reference value :  6.50705e-05
 Reference value :  6.52506e-05
 Reference value :  6.54601e-05
 Reference value :  6.56107e-05
 Reference value :  6.57703e-05
 Reference value :  6.59402e-05
 Reference value :  6.61001e-05
 Reference value :  6.62506e-05
 Reference value :  6.64009e-05
 Reference value :  6.65502e-05
 Reference value :  6.67001e-05
 Reference value :  6.68473e-05
 Reference value :  6.70003e-05
 Reference value :  6.71508e-05
 Reference value :  6.73013e-05
 Reference value :  6.74801e-05
 Reference value :  6.76311e-05
 Reference value :  6.78002e-05
 Reference value :  6.79605e-05
 Reference value :  6.81112e-05
 Reference value :  6.82609e-05
 Reference value :  6.84303e-05
 Reference value :  6.85908e-05
 Reference value :  6.87451e-05
 Reference value :  6.89103e-05
 Reference value :  6.91308e-05
 Reference value :  6.93000e-05
 Reference value :  6.94501e-05
 Reference value :  6.96001e-05
 Reference value :  6.97501e-05
 Reference value :  6.99101e-05
 Reference value :  7.00800e-05
 Reference value :  7.02386e-05
 Reference value :  7.03933e-05
 Reference value :  7.05602e-05
 Reference value :  7.07104e-05
 Reference value :  7.08701e-05
 Reference value :  7.10202e-05
 Reference value :  7.11701e-05
 Reference value :  7.13104e-05
 Reference value :  7.14609e-05
 Reference value :  7.16404e-05
 Reference value :  7.18002e-05
 Reference value :  7.19502e-05
 Reference value :  7.21200e-05
 Reference value :  7.22701e-05
 Reference value :  7.24208e-05
 Reference value :  7.25801e-05
 Reference value :  7.27301e-05
 Reference value :  7.28787e-05
 Reference value :  7.30302e-05
 Reference value :  7.32001e-05
 Reference value :  7.33430e-05
 Reference value :  7.35001e-05
 Reference value :  7.36501e-05
 Reference value :  7.38001e-05
 Reference value :  7.39504e-05
 Reference value :  7.41107e-05
 Reference value :  7.42609e-05
 Reference value :  7.44112e-05
 Reference value :  7.45803e-05
 Reference value :  7.47402e-05
 Reference value :  7.48909e-05
 Reference value :  7.50601e-05
 Reference value :  7.52501e-05
 Reference value :  7.54109e-05
 Reference value :  7.55509e-05
 Reference value :  7.57034e-05
 Reference value :  7.58518e-05
 Reference value :  7.60008e-05
 Reference value :  7.61549e-05
 Reference value :  7.63219e-05
 Reference value :  7.64804e-05
 Reference value :  7.66500e-05
 Reference value :  7.67809e-05
 Reference value :  7.69302e-05
 Reference value :  7.70806e-05
 Reference value :  7.72306e-05
 Reference value :  7.73802e-05
 Reference value :  7.75205e-05
 Reference value :  7.76702e-05
 Reference value :  7.78308e-05
 Reference value :  7.80002e-05
 Reference value :  7.81501e-05
 Reference value :  7.83005e-05
 Reference value :  7.84801e-05
 Reference value :  7.86305e-05
 Reference value :  7.87901e-05
 Reference value :  7.89401e-05
 Reference value :  7.90805e-05
 Reference value :  7.92309e-05
 Reference value :  7.93911e-05
 Reference value :  7.95409e-05
 Reference value :  7.96904e-05
 Reference value :  7.98403e-05
 Reference value :  7.99804e-05
No. of Data Rows : 504647
t_flip              =  3.42316e-05
vos_v               =  -5.76837e-03
m_dut_vos = -5.768370000e-03
Note: Simulation executed from .control section 

Warning: m=xx on .subckt line will override multiplier m hierarchy!

