
Note: Compatibility modes selected: hs a


Circuit: * comparator-kickback @ tt_-40c_3.63v -- generated by sim/harness, do not edit

Doing analysis at TEMP = -40.000000 and TNOM = 27.000000

Using SPARSE 1.3 as Direct Linear Solver

Initial Transient Solution
--------------------------

Node                                   Voltage
----                                   -------
vdd                                       3.63
cm                                        1.65
clk                                          0
sa                                 -0.00674834
asp                                    1.64663
asn                                    1.65337
apa                                    1.64663
ana                                    1.65337
ibna                                    1.0097
xa.xlayout_dut.sp__t2              4.17117e-09
xa.xlayout_dut.qp__t6                     3.63
xa.xlayout_dut.vss__t17            4.30484e-11
xa.xlayout_dut.vss__t2             3.98869e-20
xa.xlayout_dut.dout__t3                   3.63
xa.xlayout_dut.sp__t3              4.26717e-09
xa.xlayout_dut.vss__t25             9.9452e-17
xa.xlayout_dut.vss__t3             4.06823e-11
xa.xlayout_dut.dout__t2                   3.63
xa.xlayout_dut.doutb__t0           5.23022e-09
xa.xlayout_dut.vss__t24            1.04583e-16
xa.xlayout_dut.vss__t4             4.27812e-11
xa.xlayout_dut.ibias__t0               1.00842
xa.xlayout_dut.ibias__t1                1.0097
xa.xlayout_dut.vss__t20            0.000254896
xa.xlayout_dut.vss__t8             2.57111e-11
xa.xlayout_dut.sn__t2              4.17109e-09
xa.xlayout_dut.qn__t6                     3.63
xa.xlayout_dut.vss__t23            4.29682e-11
xa.xlayout_dut.vss__t5             3.98111e-20
xa.xlayout_dut.doutb__t1           5.23022e-09
xa.xlayout_dut.sn__t3              4.31669e-09
xa.xlayout_dut.vss__t22            1.01053e-23
xa.xlayout_dut.vss__t6             5.84866e-20
xa.xlayout_dut.doutb__t4           5.02457e-09
xa.xlayout_dut.dout__t4                   3.63
xa.xlayout_dut.vss__t21            6.42744e-11
xa.xlayout_dut.vss__t7             5.98492e-20
xa.xlayout_dut.qn__t4                     3.63
xa.xlayout_dut.qp__t0                     3.63
xa.xlayout_dut.mn__t0                     3.63
xa.xlayout_dut.vss__t9              4.7653e-11
xa.xlayout_dut.mn__t1                     3.63
xa.xlayout_dut.aop__t2                 2.20298
xa.xlayout_dut.ltail__t0               1.58128
xa.xlayout_dut.vss__t11            3.11651e-11
xa.xlayout_dut.atail__t0                0.6459
xa.xlayout_dut.ibias__t2                1.0097
xa.xlayout_dut.vss__t19            0.000499259
xa.xlayout_dut.vss__t13            1.58387e-11
xa.xlayout_dut.qp__t1                     3.63
xa.xlayout_dut.qn__t5                     3.63
xa.xlayout_dut.mp__t2                     3.63
xa.xlayout_dut.vss__t10            4.77387e-11
xa.xlayout_dut.ltail__t1               1.58128
xa.xlayout_dut.clk__t2                       0
xa.xlayout_dut.vss__t18            3.37501e-16
xa.xlayout_dut.vss__t14            8.54008e-12
xa.xlayout_dut.mp__t1                     3.63
xa.xlayout_dut.aon__t0                 2.34829
xa.xlayout_dut.ltail__t2               1.58128
xa.xlayout_dut.vss__t12            3.14841e-11
xa.xlayout_dut.aon__t1                 2.34751
xa.xlayout_dut.vinp__t0                1.64663
xa.xlayout_dut.atail__t1              0.646503
xa.xlayout_dut.vss__t15            7.01517e-09
xa.xlayout_dut.aop__t1                 2.20165
xa.xlayout_dut.vinn__t0                1.65337
xa.xlayout_dut.atail__t2              0.646765
xa.xlayout_dut.vss__t16            1.81318e-09
xa.xlayout_dut.mn__t2                     3.63
xa.xlayout_dut.clk__t0                       0
xa.xlayout_dut.vdd__t0                    3.63
xa.xlayout_dut.vdd__t1                    3.63
xa.xlayout_dut.qn__t1                     3.63
xa.xlayout_dut.clk__t1                       0
xa.xlayout_dut.vdd__t2                    3.63
xa.xlayout_dut.vdd__t3                    3.63
xa.xlayout_dut.sp__t0               4.4775e-09
xa.xlayout_dut.qp__t2                     3.63
xa.xlayout_dut.vdd__t4                    3.63
xa.xlayout_dut.vdd__t5                    3.63
xa.xlayout_dut.mp__t0                     3.63
xa.xlayout_dut.clk__t4                       0
xa.xlayout_dut.vdd__t21                   3.63
xa.xlayout_dut.vdd__t20                   3.63
xa.xlayout_dut.qn__t0                     3.63
xa.xlayout_dut.qp__t3                     3.63
xa.xlayout_dut.vdd__t6                    3.63
xa.xlayout_dut.vdd__t7                    3.63
xa.xlayout_dut.qp__t4                     3.63
xa.xlayout_dut.clk__t3                       0
xa.xlayout_dut.vdd__t19                   3.63
xa.xlayout_dut.vdd__t18                   3.63
xa.xlayout_dut.na__t1                     3.63
xa.xlayout_dut.sp__t1              4.26717e-09
xa.xlayout_dut.vdd__t23                   3.63
xa.xlayout_dut.vdd__t8                    3.63
xa.xlayout_dut.dout__t0                   3.63
xa.xlayout_dut.doutb__t2           5.23022e-09
xa.xlayout_dut.na__t0                     3.63
xa.xlayout_dut.vdd__t13                   3.63
xa.xlayout_dut.sn__t0              4.54543e-09
xa.xlayout_dut.qn__t3                     3.63
xa.xlayout_dut.vdd__t17                   3.63
xa.xlayout_dut.vdd__t16                   3.63
xa.xlayout_dut.qp__t5                     3.63
xa.xlayout_dut.qn__t2                     3.63
xa.xlayout_dut.vdd__t15                   3.63
xa.xlayout_dut.vdd__t14                   3.63
xa.xlayout_dut.nb__t1                     3.63
xa.xlayout_dut.sn__t1              4.31669e-09
xa.xlayout_dut.vdd__t22                   3.63
xa.xlayout_dut.vdd__t12                   3.63
xa.xlayout_dut.doutb__t3           5.67782e-09
xa.xlayout_dut.dout__t1                   3.63
xa.xlayout_dut.nb__t0                     3.63
xa.xlayout_dut.vdd__t11                   3.63
xa.xlayout_dut.aon__t2                  2.3486
xa.xlayout_dut.x$28.11                 2.35004
xa.xlayout_dut.vss__t0                       0
xa.xlayout_dut.x$28.21                 3.62733
xa.xlayout_dut.vdd__t10                3.62877
xa.xlayout_dut.aop__t0                 2.20335
xa.xlayout_dut.x$29.11                 2.20495
xa.xlayout_dut.vss__t1                       0
xa.xlayout_dut.x$29.21                 3.62785
xa.xlayout_dut.vdd__t9                 3.62946
xa.xlayout_dut.aon                     2.34829
vsubs                                        0
xa.xlayout_dut.aop                     2.20298
xa.xlayout_dut.atail                  0.646402
douta                                     3.63
doutba                             5.23022e-09
xa.xlayout_dut.ltail                   1.58128
xa.xlayout_dut.mn                         3.63
xa.xlayout_dut.mp                         3.63
xa.xlayout_dut.na                         3.63
xa.xlayout_dut.nb                         3.63
xa.xlayout_dut.qn                         3.63
xa.xlayout_dut.qp                         3.63
xa.xlayout_dut.sn                  4.31669e-09
xa.xlayout_dut.sp                  4.26717e-09
sb                                 -0.00674834
bsp                                    1.64663
bsn                                    1.65337
bpp                                    1.64663
bpn                                    1.65337
ibnb                                    1.0097
xb.xlayout_dut.sp__t2              4.17117e-09
xb.xlayout_dut.qp__t6                     3.63
xb.xlayout_dut.vss__t17            4.30484e-11
xb.xlayout_dut.vss__t2             3.98869e-20
xb.xlayout_dut.dout__t3                   3.63
xb.xlayout_dut.sp__t3              4.26717e-09
xb.xlayout_dut.vss__t25             9.9452e-17
xb.xlayout_dut.vss__t3             4.06823e-11
xb.xlayout_dut.dout__t2                   3.63
xb.xlayout_dut.doutb__t0           5.23022e-09
xb.xlayout_dut.vss__t24            1.04583e-16
xb.xlayout_dut.vss__t4             4.27812e-11
xb.xlayout_dut.ibias__t0               1.00842
xb.xlayout_dut.ibias__t1                1.0097
xb.xlayout_dut.vss__t20            0.000254896
xb.xlayout_dut.vss__t8             2.57111e-11
xb.xlayout_dut.sn__t2              4.17109e-09
xb.xlayout_dut.qn__t6                     3.63
xb.xlayout_dut.vss__t23            4.29682e-11
xb.xlayout_dut.vss__t5             3.98111e-20
xb.xlayout_dut.doutb__t1           5.23022e-09
xb.xlayout_dut.sn__t3              4.31669e-09
xb.xlayout_dut.vss__t22            1.01053e-23
xb.xlayout_dut.vss__t6             5.84866e-20
xb.xlayout_dut.doutb__t4           5.02457e-09
xb.xlayout_dut.dout__t4                   3.63
xb.xlayout_dut.vss__t21            6.42744e-11
xb.xlayout_dut.vss__t7             5.98492e-20
xb.xlayout_dut.qn__t4                     3.63
xb.xlayout_dut.qp__t0                     3.63
xb.xlayout_dut.mn__t0                     3.63
xb.xlayout_dut.vss__t9              4.7653e-11
xb.xlayout_dut.mn__t1                     3.63
xb.xlayout_dut.aop__t2                 2.20298
xb.xlayout_dut.ltail__t0               1.58128
xb.xlayout_dut.vss__t11            3.11651e-11
xb.xlayout_dut.atail__t0                0.6459
xb.xlayout_dut.ibias__t2                1.0097
xb.xlayout_dut.vss__t19            0.000499259
xb.xlayout_dut.vss__t13            1.58387e-11
xb.xlayout_dut.qp__t1                     3.63
xb.xlayout_dut.qn__t5                     3.63
xb.xlayout_dut.mp__t2                     3.63
xb.xlayout_dut.vss__t10            4.77387e-11
xb.xlayout_dut.ltail__t1               1.58128
xb.xlayout_dut.clk__t2                       0
xb.xlayout_dut.vss__t18            3.37501e-16
xb.xlayout_dut.vss__t14            8.54008e-12
xb.xlayout_dut.mp__t1                     3.63
xb.xlayout_dut.aon__t0                 2.34829
xb.xlayout_dut.ltail__t2               1.58128
xb.xlayout_dut.vss__t12            3.14841e-11
xb.xlayout_dut.aon__t1                 2.34751
xb.xlayout_dut.vinp__t0                1.64663
xb.xlayout_dut.atail__t1              0.646503
xb.xlayout_dut.vss__t15            7.01517e-09
xb.xlayout_dut.aop__t1                 2.20165
xb.xlayout_dut.vinn__t0                1.65337
xb.xlayout_dut.atail__t2              0.646765
xb.xlayout_dut.vss__t16            1.81318e-09
xb.xlayout_dut.mn__t2                     3.63
xb.xlayout_dut.clk__t0                       0
xb.xlayout_dut.vdd__t0                    3.63
xb.xlayout_dut.vdd__t1                    3.63
xb.xlayout_dut.qn__t1                     3.63
xb.xlayout_dut.clk__t1                       0
xb.xlayout_dut.vdd__t2                    3.63
xb.xlayout_dut.vdd__t3                    3.63
xb.xlayout_dut.sp__t0               4.4775e-09
xb.xlayout_dut.qp__t2                     3.63
xb.xlayout_dut.vdd__t4                    3.63
xb.xlayout_dut.vdd__t5                    3.63
xb.xlayout_dut.mp__t0                     3.63
xb.xlayout_dut.clk__t4                       0
xb.xlayout_dut.vdd__t21                   3.63
xb.xlayout_dut.vdd__t20                   3.63
xb.xlayout_dut.qn__t0                     3.63
xb.xlayout_dut.qp__t3                     3.63
xb.xlayout_dut.vdd__t6                    3.63
xb.xlayout_dut.vdd__t7                    3.63
xb.xlayout_dut.qp__t4                     3.63
xb.xlayout_dut.clk__t3                       0
xb.xlayout_dut.vdd__t19                   3.63
xb.xlayout_dut.vdd__t18                   3.63
xb.xlayout_dut.na__t1                     3.63
xb.xlayout_dut.sp__t1              4.26717e-09
xb.xlayout_dut.vdd__t23                   3.63
xb.xlayout_dut.vdd__t8                    3.63
xb.xlayout_dut.dout__t0                   3.63
xb.xlayout_dut.doutb__t2           5.23022e-09
xb.xlayout_dut.na__t0                     3.63
xb.xlayout_dut.vdd__t13                   3.63
xb.xlayout_dut.sn__t0              4.54543e-09
xb.xlayout_dut.qn__t3                     3.63
xb.xlayout_dut.vdd__t17                   3.63
xb.xlayout_dut.vdd__t16                   3.63
xb.xlayout_dut.qp__t5                     3.63
xb.xlayout_dut.qn__t2                     3.63
xb.xlayout_dut.vdd__t15                   3.63
xb.xlayout_dut.vdd__t14                   3.63
xb.xlayout_dut.nb__t1                     3.63
xb.xlayout_dut.sn__t1              4.31669e-09
xb.xlayout_dut.vdd__t22                   3.63
xb.xlayout_dut.vdd__t12                   3.63
xb.xlayout_dut.doutb__t3           5.67782e-09
xb.xlayout_dut.dout__t1                   3.63
xb.xlayout_dut.nb__t0                     3.63
xb.xlayout_dut.vdd__t11                   3.63
xb.xlayout_dut.aon__t2                  2.3486
xb.xlayout_dut.x$28.11                 2.35004
xb.xlayout_dut.vss__t0                       0
xb.xlayout_dut.x$28.21                 3.62733
xb.xlayout_dut.vdd__t10                3.62877
xb.xlayout_dut.aop__t0                 2.20335
xb.xlayout_dut.x$29.11                 2.20495
xb.xlayout_dut.vss__t1                       0
xb.xlayout_dut.x$29.21                 3.62785
xb.xlayout_dut.vdd__t9                 3.62946
xb.xlayout_dut.aon                     2.34829
xb.xlayout_dut.aop                     2.20298
xb.xlayout_dut.atail                  0.646402
doutb                                     3.63
doutbb                             5.23022e-09
xb.xlayout_dut.ltail                   1.58128
xb.xlayout_dut.mn                         3.63
xb.xlayout_dut.mp                         3.63
xb.xlayout_dut.na                         3.63
xb.xlayout_dut.nb                         3.63
xb.xlayout_dut.qn                         3.63
xb.xlayout_dut.qp                         3.63
xb.xlayout_dut.sn                  4.31669e-09
xb.xlayout_dut.sp                  4.26717e-09
sc                                   0.0922517
csp                                    1.69613
csn                                    1.60387
cpp                                    1.69613
cpn                                    1.60387
ibnc                                    1.0097
xc.xlayout_dut.sp__t2              4.17117e-09
xc.xlayout_dut.qp__t6                     3.63
xc.xlayout_dut.vss__t17            4.30484e-11
xc.xlayout_dut.vss__t2             3.98869e-20
xc.xlayout_dut.dout__t3                1.77493
xc.xlayout_dut.sp__t3              4.26717e-09
xc.xlayout_dut.vss__t25            7.16864e-17
xc.xlayout_dut.vss__t3             1.98744e-11
xc.xlayout_dut.dout__t2                1.76452
xc.xlayout_dut.doutb__t0               1.77963
xc.xlayout_dut.vss__t24              0.0029615
xc.xlayout_dut.vss__t4             1.00886e-10
xc.xlayout_dut.ibias__t0               1.00842
xc.xlayout_dut.ibias__t1                1.0097
xc.xlayout_dut.vss__t20            0.000254896
xc.xlayout_dut.vss__t8             2.57111e-11
xc.xlayout_dut.sn__t2              4.17109e-09
xc.xlayout_dut.qn__t6                     3.63
xc.xlayout_dut.vss__t23            4.29682e-11
xc.xlayout_dut.vss__t5             3.98111e-20
xc.xlayout_dut.doutb__t1               1.77963
xc.xlayout_dut.sn__t3              4.31669e-09
xc.xlayout_dut.vss__t22            7.16541e-17
xc.xlayout_dut.vss__t6             1.99006e-11
xc.xlayout_dut.doutb__t4               1.77022
xc.xlayout_dut.dout__t4                1.77493
xc.xlayout_dut.vss__t21             0.00293873
xc.xlayout_dut.vss__t7             1.12613e-10
xc.xlayout_dut.qn__t4                     3.63
xc.xlayout_dut.qp__t0                     3.63
xc.xlayout_dut.mn__t0                     3.63
xc.xlayout_dut.vss__t9              4.7653e-11
xc.xlayout_dut.mn__t1                     3.63
xc.xlayout_dut.aop__t2                 3.19125
xc.xlayout_dut.ltail__t0               2.28104
xc.xlayout_dut.vss__t11            3.53499e-11
xc.xlayout_dut.atail__t0              0.655807
xc.xlayout_dut.ibias__t2                1.0097
xc.xlayout_dut.vss__t19            0.000499323
xc.xlayout_dut.vss__t13            1.60815e-11
xc.xlayout_dut.qp__t1                     3.63
xc.xlayout_dut.qn__t5                     3.63
xc.xlayout_dut.mp__t2                     3.63
xc.xlayout_dut.vss__t10            4.77387e-11
xc.xlayout_dut.ltail__t1               2.28104
xc.xlayout_dut.clk__t2                       0
xc.xlayout_dut.vss__t18            3.83041e-16
xc.xlayout_dut.vss__t14            1.23193e-11
xc.xlayout_dut.mp__t1                     3.63
xc.xlayout_dut.aon__t0                  1.3567
xc.xlayout_dut.ltail__t2               2.28104
xc.xlayout_dut.vss__t12            3.57043e-11
xc.xlayout_dut.aon__t1                 1.35531
xc.xlayout_dut.vinp__t0                1.69613
xc.xlayout_dut.atail__t1              0.656489
xc.xlayout_dut.vss__t15            4.75931e-11
xc.xlayout_dut.aop__t1                 3.19084
xc.xlayout_dut.vinn__t0                1.60387
xc.xlayout_dut.atail__t2               0.65642
xc.xlayout_dut.vss__t16            4.48838e-07
xc.xlayout_dut.mn__t2                     3.63
xc.xlayout_dut.clk__t0                       0
xc.xlayout_dut.vdd__t0                    3.63
xc.xlayout_dut.vdd__t1                    3.63
xc.xlayout_dut.qn__t1                     3.63
xc.xlayout_dut.clk__t1                       0
xc.xlayout_dut.vdd__t2                    3.63
xc.xlayout_dut.vdd__t3                    3.63
xc.xlayout_dut.sp__t0               4.4775e-09
xc.xlayout_dut.qp__t2                     3.63
xc.xlayout_dut.vdd__t4                    3.63
xc.xlayout_dut.vdd__t5                    3.63
xc.xlayout_dut.mp__t0                     3.63
xc.xlayout_dut.clk__t4                       0
xc.xlayout_dut.vdd__t21                   3.63
xc.xlayout_dut.vdd__t20                   3.63
xc.xlayout_dut.qn__t0                     3.63
xc.xlayout_dut.qp__t3                     3.63
xc.xlayout_dut.vdd__t6                    3.63
xc.xlayout_dut.vdd__t7                    3.63
xc.xlayout_dut.qp__t4                     3.63
xc.xlayout_dut.clk__t3                       0
xc.xlayout_dut.vdd__t19                   3.63
xc.xlayout_dut.vdd__t18                   3.63
xc.xlayout_dut.na__t1                  3.47789
xc.xlayout_dut.sp__t1              4.26717e-09
xc.xlayout_dut.vdd__t23                3.62599
xc.xlayout_dut.vdd__t8                    3.63
xc.xlayout_dut.dout__t0                1.78257
xc.xlayout_dut.doutb__t2               1.77963
xc.xlayout_dut.na__t0                  3.47416
xc.xlayout_dut.vdd__t13                   3.63
xc.xlayout_dut.sn__t0              4.54543e-09
xc.xlayout_dut.qn__t3                     3.63
xc.xlayout_dut.vdd__t17                   3.63
xc.xlayout_dut.vdd__t16                   3.63
xc.xlayout_dut.qp__t5                     3.63
xc.xlayout_dut.qn__t2                     3.63
xc.xlayout_dut.vdd__t15                   3.63
xc.xlayout_dut.vdd__t14                   3.63
xc.xlayout_dut.nb__t1                  3.47856
xc.xlayout_dut.sn__t1              4.31669e-09
xc.xlayout_dut.vdd__t22                3.62568
xc.xlayout_dut.vdd__t12                   3.63
xc.xlayout_dut.doutb__t3               1.80009
xc.xlayout_dut.dout__t1                1.77493
xc.xlayout_dut.nb__t0                  3.46899
xc.xlayout_dut.vdd__t11                   3.63
xc.xlayout_dut.aon__t2                 1.35725
xc.xlayout_dut.x$28.11                  1.3598
xc.xlayout_dut.vss__t0                       0
xc.xlayout_dut.x$28.21                 3.62526
xc.xlayout_dut.vdd__t10                3.62781
xc.xlayout_dut.aop__t0                 3.19136
xc.xlayout_dut.x$29.11                 3.19185
xc.xlayout_dut.vss__t1                       0
xc.xlayout_dut.x$29.21                 3.62934
xc.xlayout_dut.vdd__t9                 3.62983
xc.xlayout_dut.aon                      1.3567
xc.xlayout_dut.aop                     3.19125
xc.xlayout_dut.atail                  0.656309
doutc                                  1.77493
doutbc                                 1.77963
xc.xlayout_dut.ltail                   2.28104
xc.xlayout_dut.mn                         3.63
xc.xlayout_dut.mp                         3.63
xc.xlayout_dut.na                      3.47602
xc.xlayout_dut.nb                      3.47377
xc.xlayout_dut.qn                         3.63
xc.xlayout_dut.qp                         3.63
xc.xlayout_dut.sn                  4.31669e-09
xc.xlayout_dut.sp                  4.26717e-09
ad                                -2.22045e-15
bd                                 -0.00674834
cd                                   0.0922517
bc                                  2.7682e-10
dan                                          1
dbn                                          1
dcn                                    0.48896
bdcn#branch                                  0
bdbn#branch                                  0
bdan#branch                                  0
bbc#branch                                   0
bcd#branch                                   0
bbd#branch                                   0
bad#branch                                   0
ecsn#branch                        2.69081e-19
ecsp#branch                        2.84558e-19
ebsn#branch                        2.77386e-19
ebsp#branch                        2.76254e-19
easn#branch                       -2.16521e-18
easp#branch                       -2.13933e-18
vsc#branch                                   0
vsb#branch                                   0
vsa#branch                                   0
vclk#branch                                  0
vcm#branch                        -3.19726e-18
vsup#branch                       -0.000592529

 Reference value :  1.16640e-09
 Reference value :  3.91640e-09
 Reference value :  6.78140e-09
 Reference value :  9.76640e-09
 Reference value :  1.26264e-08
 Reference value :  1.55664e-08
 Reference value :  1.84964e-08
 Reference value :  2.13064e-08
 Reference value :  2.41514e-08
 Reference value :  2.70264e-08
 Reference value :  2.98314e-08
 Reference value :  3.22149e-08
 Reference value :  3.52399e-08
 Reference value :  3.82099e-08
 Reference value :  4.10501e-08
 Reference value :  4.41901e-08
 Reference value :  4.69901e-08
 Reference value :  4.98601e-08
 Reference value :  5.26701e-08
 Reference value :  5.54351e-08
 Reference value :  5.81851e-08
No. of Data Rows : 12056
ad_pos              =  1.16283e-02 at=  4.04451e-08
ad_neg              =  -1.23615e-02 at=  3.02771e-08
ap0                 =  1.64663e+00
apmax               =  1.65825e+00 at=  4.04451e-08
apmin               =  1.63426e+00 at=  3.02771e-08
bd0                 =  -6.74827e-03
bd1                 =  -6.74513e-03
cd0                 =  9.22518e-02
cd1                 =  9.21470e-02
bc0                 =  -2.41036e-06
bc1                 =  2.07048e-04
bp0                 =  1.64662e+00
bn0                 =  1.65337e+00
bp1                 =  1.64683e+00
bn1                 =  1.65358e+00
da_end              =  9.99993e-01
db_end              =  9.99993e-01
dc_end              =  9.99993e-01
m_kick_1k_peak_mv = 1.2361450000e+01
m_kick_1k_pos_mv = 1.1628270000e+01
m_kick_1k_neg_mv = -1.236145000e+01
m_kick_1k_raw_mv = 1.2362000000e+01
m_kick_resid_small_nv = 3.1410000000e+03
m_kick_resid_big_nv = -1.047200000e+05
m_kick_sigdep_nv = 1.0786100000e+05
m_kick_cm_nv = 2.0945806000e+05
m_kick_resid_raw_uv = 3.0000000000e+00
m_q_resid_small_ac = 3.1410000000e+00
m_dout_1k_end = 9.9999340000e-01
m_dout_float_small_end = 9.9999340000e-01
m_dout_float_big_end = 9.9999340000e-01
Note: Simulation executed from .control section 

Warning: m=xx on .subckt line will override multiplier m hierarchy!

