
Note: Compatibility modes selected: hs a


Circuit: * comparator-kickback @ tt_125c_3.63v -- generated by sim/harness, do not edit

Doing analysis at TEMP = 125.000000 and TNOM = 27.000000

Using SPARSE 1.3 as Direct Linear Solver

Initial Transient Solution
--------------------------

Node                                   Voltage
----                                   -------
vdd                                       3.63
cm                                        1.65
clk                                          0
sa                                  -0.0137678
asp                                    1.64312
asn                                    1.65688
apa                                    1.64312
ana                                    1.65688
ibna                                  0.988195
xa.xlayout_dut.sp__t2               1.1345e-08
xa.xlayout_dut.qp__t6                     3.63
xa.xlayout_dut.vss__t17             7.2899e-11
xa.xlayout_dut.vss__t2             8.39089e-19
xa.xlayout_dut.dout__t3                1.80724
xa.xlayout_dut.sp__t3              1.15076e-08
xa.xlayout_dut.vss__t25            1.20914e-10
xa.xlayout_dut.vss__t3             2.28664e-11
xa.xlayout_dut.dout__t2                1.79914
xa.xlayout_dut.doutb__t0               1.81094
xa.xlayout_dut.vss__t24             0.00230378
xa.xlayout_dut.vss__t4             2.46062e-11
xa.xlayout_dut.ibias__t0              0.986917
xa.xlayout_dut.ibias__t1              0.988195
xa.xlayout_dut.vss__t20            0.000254896
xa.xlayout_dut.vss__t8             3.79977e-11
xa.xlayout_dut.sn__t2              1.13449e-08
xa.xlayout_dut.qn__t6                     3.63
xa.xlayout_dut.vss__t23            7.27633e-11
xa.xlayout_dut.vss__t5             8.37507e-19
xa.xlayout_dut.doutb__t1               1.81094
xa.xlayout_dut.sn__t3              1.15915e-08
xa.xlayout_dut.vss__t22            1.20808e-10
xa.xlayout_dut.vss__t6             2.28776e-11
xa.xlayout_dut.doutb__t4               1.80361
xa.xlayout_dut.dout__t4                1.80724
xa.xlayout_dut.vss__t21             0.00229074
xa.xlayout_dut.vss__t7             2.47162e-11
xa.xlayout_dut.qn__t4                     3.63
xa.xlayout_dut.qp__t0                     3.63
xa.xlayout_dut.mn__t0                     3.63
xa.xlayout_dut.vss__t9             5.53769e-11
xa.xlayout_dut.mn__t1                     3.63
xa.xlayout_dut.aop__t2                  2.3756
xa.xlayout_dut.ltail__t0                1.9753
xa.xlayout_dut.vss__t11            4.26757e-11
xa.xlayout_dut.atail__t0              0.751989
xa.xlayout_dut.ibias__t2              0.988195
xa.xlayout_dut.vss__t19            0.000493309
xa.xlayout_dut.vss__t13            4.18547e-11
xa.xlayout_dut.qp__t1                     3.63
xa.xlayout_dut.qn__t5                     3.63
xa.xlayout_dut.mp__t2                     3.63
xa.xlayout_dut.vss__t10            5.54765e-11
xa.xlayout_dut.ltail__t1                1.9753
xa.xlayout_dut.clk__t2                       0
xa.xlayout_dut.vss__t18            4.45307e-10
xa.xlayout_dut.vss__t14            1.86821e-11
xa.xlayout_dut.mp__t1                     3.63
xa.xlayout_dut.aon__t0                 2.56135
xa.xlayout_dut.ltail__t2                1.9753
xa.xlayout_dut.vss__t12            4.31093e-11
xa.xlayout_dut.aon__t1                  2.5606
xa.xlayout_dut.vinp__t0                1.64312
xa.xlayout_dut.atail__t1              0.752583
xa.xlayout_dut.vss__t15            1.11406e-08
xa.xlayout_dut.aop__t1                 2.37426
xa.xlayout_dut.vinn__t0                1.65688
xa.xlayout_dut.atail__t2              0.752853
xa.xlayout_dut.vss__t16            2.18712e-09
xa.xlayout_dut.mn__t2                     3.63
xa.xlayout_dut.clk__t0                       0
xa.xlayout_dut.vdd__t0                    3.63
xa.xlayout_dut.vdd__t1                    3.63
xa.xlayout_dut.qn__t1                     3.63
xa.xlayout_dut.clk__t1                       0
xa.xlayout_dut.vdd__t2                    3.63
xa.xlayout_dut.vdd__t3                    3.63
xa.xlayout_dut.sp__t0              1.18638e-08
xa.xlayout_dut.qp__t2                     3.63
xa.xlayout_dut.vdd__t4                    3.63
xa.xlayout_dut.vdd__t5                    3.63
xa.xlayout_dut.mp__t0                     3.63
xa.xlayout_dut.clk__t4                       0
xa.xlayout_dut.vdd__t21                   3.63
xa.xlayout_dut.vdd__t20                   3.63
xa.xlayout_dut.qn__t0                     3.63
xa.xlayout_dut.qp__t3                     3.63
xa.xlayout_dut.vdd__t6                    3.63
xa.xlayout_dut.vdd__t7                    3.63
xa.xlayout_dut.qp__t4                     3.63
xa.xlayout_dut.clk__t3                       0
xa.xlayout_dut.vdd__t19                   3.63
xa.xlayout_dut.vdd__t18                   3.63
xa.xlayout_dut.na__t1                  3.45428
xa.xlayout_dut.sp__t1              1.15076e-08
xa.xlayout_dut.vdd__t23                3.62688
xa.xlayout_dut.vdd__t8                    3.63
xa.xlayout_dut.dout__t0                1.81318
xa.xlayout_dut.doutb__t2               1.81094
xa.xlayout_dut.na__t0                  3.45138
xa.xlayout_dut.vdd__t13                   3.63
xa.xlayout_dut.sn__t0              1.19788e-08
xa.xlayout_dut.qn__t3                     3.63
xa.xlayout_dut.vdd__t17                   3.63
xa.xlayout_dut.vdd__t16                   3.63
xa.xlayout_dut.qp__t5                     3.63
xa.xlayout_dut.qn__t2                     3.63
xa.xlayout_dut.vdd__t15                   3.63
xa.xlayout_dut.vdd__t14                   3.63
xa.xlayout_dut.nb__t1                  3.45482
xa.xlayout_dut.sn__t1              1.15915e-08
xa.xlayout_dut.vdd__t22                3.62663
xa.xlayout_dut.vdd__t12                   3.63
xa.xlayout_dut.doutb__t3               1.82689
xa.xlayout_dut.dout__t1                1.80724
xa.xlayout_dut.nb__t0                  3.44736
xa.xlayout_dut.vdd__t11                   3.63
xa.xlayout_dut.aon__t2                 2.56165
xa.xlayout_dut.x$28.11                 2.56217
xa.xlayout_dut.vss__t0                       0
xa.xlayout_dut.x$28.21                  3.6283
xa.xlayout_dut.vdd__t10                3.62882
xa.xlayout_dut.aop__t0                 2.37598
xa.xlayout_dut.x$29.11                 2.37659
xa.xlayout_dut.vss__t1                       0
xa.xlayout_dut.x$29.21                 3.62884
xa.xlayout_dut.vdd__t9                 3.62945
xa.xlayout_dut.aon                     2.56135
vsubs                                        0
xa.xlayout_dut.aop                      2.3756
xa.xlayout_dut.atail                  0.752485
douta                                  1.80724
doutba                                 1.81094
xa.xlayout_dut.ltail                    1.9753
xa.xlayout_dut.mn                         3.63
xa.xlayout_dut.mp                         3.63
xa.xlayout_dut.na                      3.45283
xa.xlayout_dut.nb                      3.45109
xa.xlayout_dut.qn                         3.63
xa.xlayout_dut.qp                         3.63
xa.xlayout_dut.sn                  1.15915e-08
xa.xlayout_dut.sp                  1.15076e-08
sb                                  -0.0137678
bsp                                    1.64312
bsn                                    1.65688
bpp                                    1.64312
bpn                                    1.65688
ibnb                                  0.988195
xb.xlayout_dut.sp__t2               1.1345e-08
xb.xlayout_dut.qp__t6                     3.63
xb.xlayout_dut.vss__t17             7.2899e-11
xb.xlayout_dut.vss__t2             8.39089e-19
xb.xlayout_dut.dout__t3                1.80724
xb.xlayout_dut.sp__t3              1.15076e-08
xb.xlayout_dut.vss__t25            1.20914e-10
xb.xlayout_dut.vss__t3             2.28664e-11
xb.xlayout_dut.dout__t2                1.79914
xb.xlayout_dut.doutb__t0               1.81094
xb.xlayout_dut.vss__t24             0.00230378
xb.xlayout_dut.vss__t4             2.46062e-11
xb.xlayout_dut.ibias__t0              0.986917
xb.xlayout_dut.ibias__t1              0.988195
xb.xlayout_dut.vss__t20            0.000254896
xb.xlayout_dut.vss__t8             3.79977e-11
xb.xlayout_dut.sn__t2              1.13449e-08
xb.xlayout_dut.qn__t6                     3.63
xb.xlayout_dut.vss__t23            7.27633e-11
xb.xlayout_dut.vss__t5             8.37507e-19
xb.xlayout_dut.doutb__t1               1.81094
xb.xlayout_dut.sn__t3              1.15915e-08
xb.xlayout_dut.vss__t22            1.20808e-10
xb.xlayout_dut.vss__t6             2.28776e-11
xb.xlayout_dut.doutb__t4               1.80361
xb.xlayout_dut.dout__t4                1.80724
xb.xlayout_dut.vss__t21             0.00229074
xb.xlayout_dut.vss__t7             2.47162e-11
xb.xlayout_dut.qn__t4                     3.63
xb.xlayout_dut.qp__t0                     3.63
xb.xlayout_dut.mn__t0                     3.63
xb.xlayout_dut.vss__t9             5.53769e-11
xb.xlayout_dut.mn__t1                     3.63
xb.xlayout_dut.aop__t2                  2.3756
xb.xlayout_dut.ltail__t0                1.9753
xb.xlayout_dut.vss__t11            4.26757e-11
xb.xlayout_dut.atail__t0              0.751989
xb.xlayout_dut.ibias__t2              0.988195
xb.xlayout_dut.vss__t19            0.000493309
xb.xlayout_dut.vss__t13            4.18547e-11
xb.xlayout_dut.qp__t1                     3.63
xb.xlayout_dut.qn__t5                     3.63
xb.xlayout_dut.mp__t2                     3.63
xb.xlayout_dut.vss__t10            5.54765e-11
xb.xlayout_dut.ltail__t1                1.9753
xb.xlayout_dut.clk__t2                       0
xb.xlayout_dut.vss__t18            4.45307e-10
xb.xlayout_dut.vss__t14            1.86821e-11
xb.xlayout_dut.mp__t1                     3.63
xb.xlayout_dut.aon__t0                 2.56135
xb.xlayout_dut.ltail__t2                1.9753
xb.xlayout_dut.vss__t12            4.31093e-11
xb.xlayout_dut.aon__t1                  2.5606
xb.xlayout_dut.vinp__t0                1.64312
xb.xlayout_dut.atail__t1              0.752583
xb.xlayout_dut.vss__t15            1.11385e-08
xb.xlayout_dut.aop__t1                 2.37426
xb.xlayout_dut.vinn__t0                1.65688
xb.xlayout_dut.atail__t2              0.752853
xb.xlayout_dut.vss__t16            2.18632e-09
xb.xlayout_dut.mn__t2                     3.63
xb.xlayout_dut.clk__t0                       0
xb.xlayout_dut.vdd__t0                    3.63
xb.xlayout_dut.vdd__t1                    3.63
xb.xlayout_dut.qn__t1                     3.63
xb.xlayout_dut.clk__t1                       0
xb.xlayout_dut.vdd__t2                    3.63
xb.xlayout_dut.vdd__t3                    3.63
xb.xlayout_dut.sp__t0              1.18638e-08
xb.xlayout_dut.qp__t2                     3.63
xb.xlayout_dut.vdd__t4                    3.63
xb.xlayout_dut.vdd__t5                    3.63
xb.xlayout_dut.mp__t0                     3.63
xb.xlayout_dut.clk__t4                       0
xb.xlayout_dut.vdd__t21                   3.63
xb.xlayout_dut.vdd__t20                   3.63
xb.xlayout_dut.qn__t0                     3.63
xb.xlayout_dut.qp__t3                     3.63
xb.xlayout_dut.vdd__t6                    3.63
xb.xlayout_dut.vdd__t7                    3.63
xb.xlayout_dut.qp__t4                     3.63
xb.xlayout_dut.clk__t3                       0
xb.xlayout_dut.vdd__t19                   3.63
xb.xlayout_dut.vdd__t18                   3.63
xb.xlayout_dut.na__t1                  3.45428
xb.xlayout_dut.sp__t1              1.15076e-08
xb.xlayout_dut.vdd__t23                3.62688
xb.xlayout_dut.vdd__t8                    3.63
xb.xlayout_dut.dout__t0                1.81318
xb.xlayout_dut.doutb__t2               1.81094
xb.xlayout_dut.na__t0                  3.45138
xb.xlayout_dut.vdd__t13                   3.63
xb.xlayout_dut.sn__t0              1.19788e-08
xb.xlayout_dut.qn__t3                     3.63
xb.xlayout_dut.vdd__t17                   3.63
xb.xlayout_dut.vdd__t16                   3.63
xb.xlayout_dut.qp__t5                     3.63
xb.xlayout_dut.qn__t2                     3.63
xb.xlayout_dut.vdd__t15                   3.63
xb.xlayout_dut.vdd__t14                   3.63
xb.xlayout_dut.nb__t1                  3.45482
xb.xlayout_dut.sn__t1              1.15915e-08
xb.xlayout_dut.vdd__t22                3.62663
xb.xlayout_dut.vdd__t12                   3.63
xb.xlayout_dut.doutb__t3               1.82689
xb.xlayout_dut.dout__t1                1.80724
xb.xlayout_dut.nb__t0                  3.44736
xb.xlayout_dut.vdd__t11                   3.63
xb.xlayout_dut.aon__t2                 2.56165
xb.xlayout_dut.x$28.11                 2.56217
xb.xlayout_dut.vss__t0                       0
xb.xlayout_dut.x$28.21                  3.6283
xb.xlayout_dut.vdd__t10                3.62882
xb.xlayout_dut.aop__t0                 2.37598
xb.xlayout_dut.x$29.11                 2.37659
xb.xlayout_dut.vss__t1                       0
xb.xlayout_dut.x$29.21                 3.62884
xb.xlayout_dut.vdd__t9                 3.62945
xb.xlayout_dut.aon                     2.56135
xb.xlayout_dut.aop                      2.3756
xb.xlayout_dut.atail                  0.752485
doutb                                  1.80724
doutbb                                 1.81094
xb.xlayout_dut.ltail                    1.9753
xb.xlayout_dut.mn                         3.63
xb.xlayout_dut.mp                         3.63
xb.xlayout_dut.na                      3.45283
xb.xlayout_dut.nb                      3.45109
xb.xlayout_dut.qn                         3.63
xb.xlayout_dut.qp                         3.63
xb.xlayout_dut.sn                  1.15915e-08
xb.xlayout_dut.sp                  1.15076e-08
sc                                   0.0852323
csp                                    1.69262
csn                                    1.60738
cpp                                    1.69262
cpn                                    1.60738
ibnc                                  0.988195
xc.xlayout_dut.sp__t2               1.1345e-08
xc.xlayout_dut.qp__t6                     3.63
xc.xlayout_dut.vss__t17             7.2899e-11
xc.xlayout_dut.vss__t2             8.39089e-19
xc.xlayout_dut.dout__t3                1.80724
xc.xlayout_dut.sp__t3              1.15076e-08
xc.xlayout_dut.vss__t25            1.20914e-10
xc.xlayout_dut.vss__t3             2.28664e-11
xc.xlayout_dut.dout__t2                1.79914
xc.xlayout_dut.doutb__t0               1.81094
xc.xlayout_dut.vss__t24             0.00230378
xc.xlayout_dut.vss__t4             2.46062e-11
xc.xlayout_dut.ibias__t0              0.986917
xc.xlayout_dut.ibias__t1              0.988195
xc.xlayout_dut.vss__t20            0.000254896
xc.xlayout_dut.vss__t8             3.79977e-11
xc.xlayout_dut.sn__t2              1.13449e-08
xc.xlayout_dut.qn__t6                     3.63
xc.xlayout_dut.vss__t23            7.27633e-11
xc.xlayout_dut.vss__t5             8.37507e-19
xc.xlayout_dut.doutb__t1               1.81094
xc.xlayout_dut.sn__t3              1.15915e-08
xc.xlayout_dut.vss__t22            1.20808e-10
xc.xlayout_dut.vss__t6             2.28776e-11
xc.xlayout_dut.doutb__t4               1.80361
xc.xlayout_dut.dout__t4                1.80724
xc.xlayout_dut.vss__t21             0.00229074
xc.xlayout_dut.vss__t7             2.47162e-11
xc.xlayout_dut.qn__t4                     3.63
xc.xlayout_dut.qp__t0                     3.63
xc.xlayout_dut.mn__t0                     3.63
xc.xlayout_dut.vss__t9             5.53768e-11
xc.xlayout_dut.mn__t1                     3.63
xc.xlayout_dut.aop__t2                 3.02805
xc.xlayout_dut.ltail__t0               2.36326
xc.xlayout_dut.vss__t11            4.49958e-11
xc.xlayout_dut.atail__t0              0.757766
xc.xlayout_dut.ibias__t2              0.988195
xc.xlayout_dut.vss__t19            0.000493339
xc.xlayout_dut.vss__t13            4.19963e-11
xc.xlayout_dut.qp__t1                     3.63
xc.xlayout_dut.qn__t5                     3.63
xc.xlayout_dut.mp__t2                     3.63
xc.xlayout_dut.vss__t10            5.54765e-11
xc.xlayout_dut.ltail__t1               2.36326
xc.xlayout_dut.clk__t2                       0
xc.xlayout_dut.vss__t18            4.65814e-10
xc.xlayout_dut.vss__t14            2.11835e-11
xc.xlayout_dut.mp__t1                     3.63
xc.xlayout_dut.aon__t0                 1.90763
xc.xlayout_dut.ltail__t2               2.36326
xc.xlayout_dut.vss__t12            4.54469e-11
xc.xlayout_dut.aon__t1                 1.90642
xc.xlayout_dut.vinp__t0                1.69262
xc.xlayout_dut.atail__t1              0.758419
xc.xlayout_dut.vss__t15            1.92302e-10
xc.xlayout_dut.aop__t1                  3.0274
xc.xlayout_dut.vinn__t0                1.60738
xc.xlayout_dut.atail__t2              0.758438
xc.xlayout_dut.vss__t16            1.63911e-07
xc.xlayout_dut.mn__t2                     3.63
xc.xlayout_dut.clk__t0                       0
xc.xlayout_dut.vdd__t0                    3.63
xc.xlayout_dut.vdd__t1                    3.63
xc.xlayout_dut.qn__t1                     3.63
xc.xlayout_dut.clk__t1                       0
xc.xlayout_dut.vdd__t2                    3.63
xc.xlayout_dut.vdd__t3                    3.63
xc.xlayout_dut.sp__t0              1.18638e-08
xc.xlayout_dut.qp__t2                     3.63
xc.xlayout_dut.vdd__t4                    3.63
xc.xlayout_dut.vdd__t5                    3.63
xc.xlayout_dut.mp__t0                     3.63
xc.xlayout_dut.clk__t4                       0
xc.xlayout_dut.vdd__t21                   3.63
xc.xlayout_dut.vdd__t20                   3.63
xc.xlayout_dut.qn__t0                     3.63
xc.xlayout_dut.qp__t3                     3.63
xc.xlayout_dut.vdd__t6                    3.63
xc.xlayout_dut.vdd__t7                    3.63
xc.xlayout_dut.qp__t4                     3.63
xc.xlayout_dut.clk__t3                       0
xc.xlayout_dut.vdd__t19                   3.63
xc.xlayout_dut.vdd__t18                   3.63
xc.xlayout_dut.na__t1                  3.45428
xc.xlayout_dut.sp__t1              1.15076e-08
xc.xlayout_dut.vdd__t23                3.62688
xc.xlayout_dut.vdd__t8                    3.63
xc.xlayout_dut.dout__t0                1.81318
xc.xlayout_dut.doutb__t2               1.81094
xc.xlayout_dut.na__t0                  3.45138
xc.xlayout_dut.vdd__t13                   3.63
xc.xlayout_dut.sn__t0              1.19788e-08
xc.xlayout_dut.qn__t3                     3.63
xc.xlayout_dut.vdd__t17                   3.63
xc.xlayout_dut.vdd__t16                   3.63
xc.xlayout_dut.qp__t5                     3.63
xc.xlayout_dut.qn__t2                     3.63
xc.xlayout_dut.vdd__t15                   3.63
xc.xlayout_dut.vdd__t14                   3.63
xc.xlayout_dut.nb__t1                  3.45482
xc.xlayout_dut.sn__t1              1.15915e-08
xc.xlayout_dut.vdd__t22                3.62663
xc.xlayout_dut.vdd__t12                   3.63
xc.xlayout_dut.doutb__t3               1.82689
xc.xlayout_dut.dout__t1                1.80724
xc.xlayout_dut.nb__t0                  3.44736
xc.xlayout_dut.vdd__t11                   3.63
xc.xlayout_dut.aon__t2                 1.90811
xc.xlayout_dut.x$28.11                 1.90894
xc.xlayout_dut.vss__t0                       0
xc.xlayout_dut.x$28.21                 3.62726
xc.xlayout_dut.vdd__t10                3.62809
xc.xlayout_dut.aop__t0                 3.02823
xc.xlayout_dut.x$29.11                 3.02852
xc.xlayout_dut.vss__t1                       0
xc.xlayout_dut.x$29.21                 3.62944
xc.xlayout_dut.vdd__t9                 3.62974
xc.xlayout_dut.aon                     1.90763
xc.xlayout_dut.aop                     3.02805
xc.xlayout_dut.atail                  0.758261
doutc                                  1.80724
doutbc                                 1.81094
xc.xlayout_dut.ltail                   2.36326
xc.xlayout_dut.mn                         3.63
xc.xlayout_dut.mp                         3.63
xc.xlayout_dut.na                      3.45283
xc.xlayout_dut.nb                      3.45109
xc.xlayout_dut.qn                         3.63
xc.xlayout_dut.qp                         3.63
xc.xlayout_dut.sn                  1.15915e-08
xc.xlayout_dut.sp                  1.15076e-08
ad                                -2.22045e-15
bd                                  -0.0137678
cd                                   0.0852323
bc                                  2.7682e-10
dan                                   0.497862
dbn                                   0.497862
dcn                                   0.497862
bdcn#branch                                  0
bdbn#branch                                  0
bdan#branch                                  0
bbc#branch                                   0
bcd#branch                                   0
bbd#branch                                   0
bad#branch                                   0
ecsn#branch                         2.6967e-19
ecsp#branch                         2.8397e-19
ebsn#branch                        2.77975e-19
ebsp#branch                        2.75665e-19
easn#branch                       -2.31259e-18
easp#branch                       -2.20879e-18
vsc#branch                                   0
vsb#branch                                   0
vsa#branch                                   0
vclk#branch                                  0
vcm#branch                         -3.4141e-18
vsup#branch                        -0.00126169

 Reference value :  8.46400e-10
 Reference value :  3.67140e-09
 Reference value :  6.60140e-09
 Reference value :  9.42140e-09
 Reference value :  1.23364e-08
 Reference value :  1.52064e-08
 Reference value :  1.79514e-08
 Reference value :  2.07464e-08
 Reference value :  2.38364e-08
 Reference value :  2.68514e-08
 Reference value :  2.95614e-08
 Reference value :  3.19995e-08
 Reference value :  3.47945e-08
 Reference value :  3.75145e-08
 Reference value :  4.02706e-08
 Reference value :  4.30906e-08
 Reference value :  4.58956e-08
 Reference value :  4.87806e-08
 Reference value :  5.18106e-08
 Reference value :  5.49156e-08
 Reference value :  5.76606e-08
No. of Data Rows : 12041
ad_pos              =  1.02353e-02 at=  4.05456e-08
ad_neg              =  -1.19595e-02 at=  3.03295e-08
ap0                 =  1.64312e+00
apmax               =  1.65335e+00 at=  4.05456e-08
apmin               =  1.63116e+00 at=  3.03295e-08
bd0                 =  -1.37676e-02
bd1                 =  -1.37628e-02
cd0                 =  8.52328e-02
cd1                 =  8.51692e-02
bc0                 =  -8.59975e-06
bc1                 =  1.82662e-04
bp0                 =  1.64311e+00
bn0                 =  1.65688e+00
bp1                 =  1.64330e+00
bn1                 =  1.65706e+00
da_end              =  9.99988e-01
db_end              =  9.99988e-01
dc_end              =  9.99988e-01
m_kick_1k_peak_mv = 1.1959530000e+01
m_kick_1k_pos_mv = 1.0235250000e+01
m_kick_1k_neg_mv = -1.195953000e+01
m_kick_1k_raw_mv = 1.1959000000e+01
m_kick_resid_small_nv = 4.7800000000e+03
m_kick_resid_big_nv = -6.360000000e+04
m_kick_sigdep_nv = 6.8380000000e+04
m_kick_cm_nv = 1.9126165100e+05
m_kick_resid_raw_uv = 3.9999999999e+00
m_q_resid_small_ac = 4.7800000000e+00
m_dout_1k_end = 9.9998840000e-01
m_dout_float_small_end = 9.9998840000e-01
m_dout_float_big_end = 9.9998840000e-01
Note: Simulation executed from .control section 

Warning: m=xx on .subckt line will override multiplier m hierarchy!

Note: Starting dynamic gmin stepping
Note: Dynamic gmin stepping completed
