
Note: Compatibility modes selected: hs a


Circuit: * comparator-kickback-vosprobe @ tt_125c_2.97v -- generated by sim/harness, do not edit

Doing analysis at TEMP = 125.000000 and TNOM = 27.000000

Using SPARSE 1.3 as Direct Linear Solver

Initial Transient Solution
--------------------------

Node                                   Voltage
----                                   -------
vdd                                       2.97
cm                                        1.65
clk                                          0
rmp                                      -0.04
vp                                        1.63
vn                                        1.67
ibn                                   0.988195
xdut.xlayout_dut.sp__t2            1.02072e-08
xdut.xlayout_dut.qp__t6                   2.97
xdut.xlayout_dut.vss__t17          5.76684e-11
xdut.xlayout_dut.vss__t2            7.5435e-19
xdut.xlayout_dut.dout__t3              1.45947
xdut.xlayout_dut.sp__t3            1.03358e-08
xdut.xlayout_dut.vss__t25           1.1573e-10
xdut.xlayout_dut.vss__t3            1.8967e-11
xdut.xlayout_dut.dout__t2              1.45473
xdut.xlayout_dut.doutb__t0             1.46158
xdut.xlayout_dut.vss__t24           0.00134797
xdut.xlayout_dut.vss__t4           2.00142e-11
xdut.xlayout_dut.ibias__t0            0.986917
xdut.xlayout_dut.ibias__t1            0.988195
xdut.xlayout_dut.vss__t20          0.000254896
xdut.xlayout_dut.vss__t8           3.79977e-11
xdut.xlayout_dut.sn__t2            1.02071e-08
xdut.xlayout_dut.qn__t6                   2.97
xdut.xlayout_dut.vss__t23           5.7561e-11
xdut.xlayout_dut.vss__t5            7.5293e-19
xdut.xlayout_dut.doutb__t1             1.46158
xdut.xlayout_dut.sn__t3            1.04021e-08
xdut.xlayout_dut.vss__t22          1.15608e-10
xdut.xlayout_dut.vss__t6           1.89654e-11
xdut.xlayout_dut.doutb__t4             1.45729
xdut.xlayout_dut.dout__t4              1.45947
xdut.xlayout_dut.vss__t21           0.00134129
xdut.xlayout_dut.vss__t7           2.00202e-11
xdut.xlayout_dut.qn__t4                   2.97
xdut.xlayout_dut.qp__t0                   2.97
xdut.xlayout_dut.mn__t0                   2.97
xdut.xlayout_dut.vss__t9           4.67127e-11
xdut.xlayout_dut.mn__t1                   2.97
xdut.xlayout_dut.aop__t2               1.53749
xdut.xlayout_dut.ltail__t0             1.57721
xdut.xlayout_dut.vss__t11          3.63479e-11
xdut.xlayout_dut.atail__t0            0.752283
xdut.xlayout_dut.ibias__t2            0.988195
xdut.xlayout_dut.vss__t19          0.000493311
xdut.xlayout_dut.vss__t13          4.18619e-11
xdut.xlayout_dut.qp__t1                   2.97
xdut.xlayout_dut.qn__t5                   2.97
xdut.xlayout_dut.mp__t2                   2.97
xdut.xlayout_dut.vss__t10          4.67968e-11
xdut.xlayout_dut.ltail__t1             1.57721
xdut.xlayout_dut.clk__t2                     0
xdut.xlayout_dut.vss__t18          4.24426e-10
xdut.xlayout_dut.vss__t14          1.64774e-11
xdut.xlayout_dut.mp__t1                   2.97
xdut.xlayout_dut.aon__t0               2.07964
xdut.xlayout_dut.ltail__t2             1.57721
xdut.xlayout_dut.vss__t12          3.67127e-11
xdut.xlayout_dut.aon__t1               2.07901
xdut.xlayout_dut.vinp__t0                 1.63
xdut.xlayout_dut.atail__t1             0.75286
xdut.xlayout_dut.vss__t15          2.28454e-10
xdut.xlayout_dut.aop__t1               1.53596
xdut.xlayout_dut.vinn__t0                 1.67
xdut.xlayout_dut.atail__t2            0.753198
xdut.xlayout_dut.vss__t16          1.85884e-10
xdut.xlayout_dut.mn__t2                   2.97
xdut.xlayout_dut.clk__t0                     0
xdut.xlayout_dut.vdd__t0                  2.97
xdut.xlayout_dut.vdd__t1                  2.97
xdut.xlayout_dut.qn__t1                   2.97
xdut.xlayout_dut.clk__t1                     0
xdut.xlayout_dut.vdd__t2                  2.97
xdut.xlayout_dut.vdd__t3                  2.97
xdut.xlayout_dut.sp__t0            1.06175e-08
xdut.xlayout_dut.qp__t2                   2.97
xdut.xlayout_dut.vdd__t4                  2.97
xdut.xlayout_dut.vdd__t5                  2.97
xdut.xlayout_dut.mp__t0                   2.97
xdut.xlayout_dut.clk__t4                     0
xdut.xlayout_dut.vdd__t21                 2.97
xdut.xlayout_dut.vdd__t20                 2.97
xdut.xlayout_dut.qn__t0                   2.97
xdut.xlayout_dut.qp__t3                   2.97
xdut.xlayout_dut.vdd__t6                  2.97
xdut.xlayout_dut.vdd__t7                  2.97
xdut.xlayout_dut.qp__t4                   2.97
xdut.xlayout_dut.clk__t3                     0
xdut.xlayout_dut.vdd__t19                 2.97
xdut.xlayout_dut.vdd__t18                 2.97
xdut.xlayout_dut.na__t1                2.85016
xdut.xlayout_dut.sp__t1            1.03358e-08
xdut.xlayout_dut.vdd__t23              2.96817
xdut.xlayout_dut.vdd__t8                  2.97
xdut.xlayout_dut.dout__t0              1.46294
xdut.xlayout_dut.doutb__t2             1.46158
xdut.xlayout_dut.na__t0                2.84847
xdut.xlayout_dut.vdd__t13                 2.97
xdut.xlayout_dut.sn__t0            1.07085e-08
xdut.xlayout_dut.qn__t3                   2.97
xdut.xlayout_dut.vdd__t17                 2.97
xdut.xlayout_dut.vdd__t16                 2.97
xdut.xlayout_dut.qp__t5                   2.97
xdut.xlayout_dut.qn__t2                   2.97
xdut.xlayout_dut.vdd__t15                 2.97
xdut.xlayout_dut.vdd__t14                 2.97
xdut.xlayout_dut.nb__t1                2.85047
xdut.xlayout_dut.sn__t1            1.04021e-08
xdut.xlayout_dut.vdd__t22              2.96803
xdut.xlayout_dut.vdd__t12                 2.97
xdut.xlayout_dut.doutb__t3             1.47092
xdut.xlayout_dut.dout__t1              1.45947
xdut.xlayout_dut.nb__t0                 2.8461
xdut.xlayout_dut.vdd__t11                 2.97
xdut.xlayout_dut.aon__t2               2.07989
xdut.xlayout_dut.x$28.11               2.08032
xdut.xlayout_dut.vss__t0                     0
xdut.xlayout_dut.x$28.21               2.96858
xdut.xlayout_dut.vdd__t10              2.96901
xdut.xlayout_dut.aop__t0               1.53792
xdut.xlayout_dut.x$29.11               1.53862
xdut.xlayout_dut.vss__t1                     0
xdut.xlayout_dut.x$29.21               2.96868
xdut.xlayout_dut.vdd__t9               2.96937
xdut.xlayout_dut.aon                   2.07964
vsubs                                        0
xdut.xlayout_dut.aop                   1.53749
xdut.xlayout_dut.atail                0.752779
dout                                   1.45947
doutb                                  1.46158
xdut.xlayout_dut.ltail                 1.57721
xdut.xlayout_dut.mn                       2.97
xdut.xlayout_dut.mp                       2.97
xdut.xlayout_dut.na                    2.84932
xdut.xlayout_dut.nb                    2.84828
xdut.xlayout_dut.qn                       2.97
xdut.xlayout_dut.qp                       2.97
xdut.xlayout_dut.sn                1.04021e-08
xdut.xlayout_dut.sp                1.03358e-08
dn                                    0.491403
bdn#branch                                   0
bnn#branch                         1.17161e-18
bpp#branch                          3.4199e-19
vrmp#branch                                  0
vclk#branch                                  0
vcm#branch                                   0
vsup#branch                       -0.000258657

 Reference value :  1.01070e-07
 Reference value :  3.01806e-07
 Reference value :  4.90125e-07
 Reference value :  6.79042e-07
 Reference value :  8.70509e-07
 Reference value :  1.06013e-06
 Reference value :  1.26006e-06
 Reference value :  1.42338e-06
 Reference value :  1.63011e-06
 Reference value :  1.80359e-06
 Reference value :  2.01002e-06
 Reference value :  2.19037e-06
 Reference value :  2.37001e-06
 Reference value :  2.55222e-06
 Reference value :  2.73158e-06
 Reference value :  2.92021e-06
 Reference value :  3.09623e-06
 Reference value :  3.30011e-06
 Reference value :  3.48029e-06
 Reference value :  3.67020e-06
 Reference value :  3.87029e-06
 Reference value :  4.05356e-06
 Reference value :  4.24119e-06
 Reference value :  4.44004e-06
 Reference value :  4.63164e-06
 Reference value :  4.81013e-06
 Reference value :  4.99020e-06
 Reference value :  5.17089e-06
 Reference value :  5.35020e-06
 Reference value :  5.53027e-06
 Reference value :  5.73062e-06
 Reference value :  5.92012e-06
 Reference value :  6.10100e-06
 Reference value :  6.28095e-06
 Reference value :  6.46156e-06
 Reference value :  6.66010e-06
 Reference value :  6.83732e-06
 Reference value :  7.02009e-06
 Reference value :  7.18104e-06
 Reference value :  7.36063e-06
 Reference value :  7.54081e-06
 Reference value :  7.72068e-06
 Reference value :  7.89032e-06
 Reference value :  8.08012e-06
 Reference value :  8.25271e-06
 Reference value :  8.43216e-06
 Reference value :  8.61029e-06
 Reference value :  8.80020e-06
 Reference value :  8.97004e-06
 Reference value :  9.13144e-06
 Reference value :  9.33192e-06
 Reference value :  9.52012e-06
 Reference value :  9.69063e-06
 Reference value :  9.87050e-06
 Reference value :  1.00509e-05
 Reference value :  1.02308e-05
 Reference value :  1.04201e-05
 Reference value :  1.06070e-05
 Reference value :  1.08000e-05
 Reference value :  1.09803e-05
 Reference value :  1.11606e-05
 Reference value :  1.13502e-05
 Reference value :  1.15205e-05
 Reference value :  1.17007e-05
 Reference value :  1.19377e-05
 Reference value :  1.21208e-05
 Reference value :  1.23000e-05
 Reference value :  1.24801e-05
 Reference value :  1.27002e-05
 Reference value :  1.29402e-05
 Reference value :  1.31408e-05
 Reference value :  1.33211e-05
 Reference value :  1.35001e-05
 Reference value :  1.36612e-05
 Reference value :  1.38401e-05
 Reference value :  1.40208e-05
 Reference value :  1.41912e-05
 Reference value :  1.43801e-05
 Reference value :  1.45601e-05
 Reference value :  1.47401e-05
 Reference value :  1.49118e-05
 Reference value :  1.50962e-05
 Reference value :  1.52801e-05
 Reference value :  1.54509e-05
 Reference value :  1.56306e-05
 Reference value :  1.58202e-05
 Reference value :  1.60004e-05
 Reference value :  1.61802e-05
 Reference value :  1.63603e-05
 Reference value :  1.65411e-05
 Reference value :  1.67218e-05
 Reference value :  1.69014e-05
 Reference value :  1.71019e-05
 Reference value :  1.72909e-05
 Reference value :  1.74702e-05
 Reference value :  1.76416e-05
 Reference value :  1.78310e-05
 Reference value :  1.80110e-05
 Reference value :  1.81908e-05
 Reference value :  1.83616e-05
 Reference value :  1.85422e-05
 Reference value :  1.87502e-05
 Reference value :  1.89302e-05
 Reference value :  1.91103e-05
 Reference value :  1.92716e-05
 Reference value :  1.94512e-05
 Reference value :  1.96324e-05
 Reference value :  1.98109e-05
 Reference value :  1.99902e-05
 Reference value :  2.01702e-05
 Reference value :  2.03411e-05
 Reference value :  2.05020e-05
 Reference value :  2.07001e-05
 Reference value :  2.08801e-05
 Reference value :  2.10417e-05
 Reference value :  2.12212e-05
 Reference value :  2.14009e-05
 Reference value :  2.15803e-05
 Reference value :  2.17503e-05
 Reference value :  2.19301e-05
 Reference value :  2.21102e-05
 Reference value :  2.22907e-05
 Reference value :  2.24709e-05
 Reference value :  2.26607e-05
 Reference value :  2.28402e-05
 Reference value :  2.30107e-05
 Reference value :  2.31902e-05
 Reference value :  2.34000e-05
 Reference value :  2.35613e-05
 Reference value :  2.37601e-05
 Reference value :  2.39400e-05
 Reference value :  2.41202e-05
 Reference value :  2.43016e-05
 Reference value :  2.44913e-05
 Reference value :  2.46708e-05
 Reference value :  2.48501e-05
 Reference value :  2.50310e-05
 Reference value :  2.52117e-05
 Reference value :  2.54102e-05
 Reference value :  2.55905e-05
 Reference value :  2.57708e-05
 Reference value :  2.59607e-05
 Reference value :  2.61407e-05
 Reference value :  2.63211e-05
 Reference value :  2.65008e-05
 Reference value :  2.66814e-05
 Reference value :  2.68801e-05
 Reference value :  2.70712e-05
 Reference value :  2.72700e-05
 Reference value :  2.74511e-05
 Reference value :  2.76408e-05
 Reference value :  2.78217e-05
 Reference value :  2.80004e-05
 Reference value :  2.81809e-05
 Reference value :  2.83611e-05
 Reference value :  2.85407e-05
 Reference value :  2.87421e-05
 Reference value :  2.89304e-05
 Reference value :  2.91108e-05
 Reference value :  2.92902e-05
 Reference value :  2.94702e-05
 Reference value :  2.96503e-05
 Reference value :  2.98302e-05
 Reference value :  3.00015e-05
 Reference value :  3.01902e-05
 Reference value :  3.03623e-05
 Reference value :  3.05403e-05
 Reference value :  3.07200e-05
 Reference value :  3.08807e-05
 Reference value :  3.10509e-05
 Reference value :  3.12107e-05
 Reference value :  3.13816e-05
 Reference value :  3.15603e-05
 Reference value :  3.17216e-05
 Reference value :  3.19001e-05
 Reference value :  3.20710e-05
 Reference value :  3.22501e-05
 Reference value :  3.24113e-05
 Reference value :  3.26102e-05
 Reference value :  3.27902e-05
 Reference value :  3.29509e-05
 Reference value :  3.31302e-05
 Reference value :  3.33009e-05
 Reference value :  3.34808e-05
 Reference value :  3.36603e-05
 Reference value :  3.38401e-05
 Reference value :  3.40002e-05
 Reference value :  3.41802e-05
 Reference value :  3.43603e-05
 Reference value :  3.45600e-05
 Reference value :  3.47408e-05
 Reference value :  3.49301e-05
 Reference value :  3.51001e-05
 Reference value :  3.52806e-05
 Reference value :  3.54600e-05
 Reference value :  3.56210e-05
 Reference value :  3.58010e-05
 Reference value :  3.59812e-05
 Reference value :  3.61733e-05
 Reference value :  3.63407e-05
 Reference value :  3.65202e-05
 Reference value :  3.67001e-05
 Reference value :  3.68807e-05
 Reference value :  3.70610e-05
 Reference value :  3.72602e-05
 Reference value :  3.74419e-05
 Reference value :  3.76301e-05
 Reference value :  3.78304e-05
 Reference value :  3.80102e-05
 Reference value :  3.81708e-05
 Reference value :  3.83501e-05
 Reference value :  3.85210e-05
 Reference value :  3.87001e-05
 Reference value :  3.88907e-05
 Reference value :  3.90715e-05
 Reference value :  3.92502e-05
 Reference value :  3.94213e-05
 Reference value :  3.96101e-05
 Reference value :  3.97914e-05
 Reference value :  3.99702e-05
 Reference value :  4.01412e-05
 Reference value :  4.03202e-05
 Reference value :  4.05008e-05
 Reference value :  4.06801e-05
 Reference value :  4.08601e-05
 Reference value :  4.10503e-05
 Reference value :  4.12220e-05
 Reference value :  4.14002e-05
 Reference value :  4.15824e-05
 Reference value :  4.17601e-05
 Reference value :  4.19524e-05
 Reference value :  4.21503e-05
 Reference value :  4.23305e-05
 Reference value :  4.25103e-05
 Reference value :  4.26902e-05
 Reference value :  4.28700e-05
 Reference value :  4.30503e-05
 Reference value :  4.32401e-05
 Reference value :  4.34106e-05
 Reference value :  4.35906e-05
 Reference value :  4.37802e-05
 Reference value :  4.39611e-05
 Reference value :  4.41601e-05
 Reference value :  4.43350e-05
 Reference value :  4.45301e-05
 Reference value :  4.47102e-05
 Reference value :  4.48816e-05
 Reference value :  4.50604e-05
 Reference value :  4.52263e-05
 Reference value :  4.54008e-05
 Reference value :  4.56001e-05
 Reference value :  4.57802e-05
 Reference value :  4.59428e-05
 Reference value :  4.61206e-05
 Reference value :  4.62937e-05
 Reference value :  4.64701e-05
 Reference value :  4.66501e-05
 Reference value :  4.68302e-05
 Reference value :  4.70101e-05
 Reference value :  4.71710e-05
 Reference value :  4.73502e-05
 Reference value :  4.75503e-05
 Reference value :  4.77302e-05
 Reference value :  4.78923e-05
 Reference value :  4.80702e-05
 Reference value :  4.82822e-05
 Reference value :  4.84801e-05
 Reference value :  4.86408e-05
 Reference value :  4.88114e-05
 Reference value :  4.89901e-05
 Reference value :  4.91502e-05
 Reference value :  4.93302e-05
 Reference value :  4.95123e-05
 Reference value :  4.96917e-05
 Reference value :  4.98707e-05
 Reference value :  5.00512e-05
 Reference value :  5.02212e-05
 Reference value :  5.04003e-05
 Reference value :  5.05611e-05
 Reference value :  5.07309e-05
 Reference value :  5.09107e-05
 Reference value :  5.10900e-05
 Reference value :  5.12816e-05
 Reference value :  5.14614e-05
 Reference value :  5.16426e-05
 Reference value :  5.18403e-05
 Reference value :  5.20301e-05
 Reference value :  5.22102e-05
 Reference value :  5.23918e-05
 Reference value :  5.25708e-05
 Reference value :  5.27501e-05
 Reference value :  5.29211e-05
 Reference value :  5.31110e-05
 Reference value :  5.33106e-05
 Reference value :  5.34901e-05
 Reference value :  5.36521e-05
 Reference value :  5.38314e-05
 Reference value :  5.40111e-05
 Reference value :  5.41902e-05
 Reference value :  5.43710e-05
 Reference value :  5.45702e-05
 Reference value :  5.47503e-05
 Reference value :  5.49117e-05
 Reference value :  5.51101e-05
 Reference value :  5.52911e-05
 Reference value :  5.54808e-05
 Reference value :  5.56802e-05
 Reference value :  5.58702e-05
 Reference value :  5.60815e-05
 Reference value :  5.62601e-05
 Reference value :  5.64402e-05
 Reference value :  5.66231e-05
 Reference value :  5.68202e-05
 Reference value :  5.70001e-05
 Reference value :  5.71801e-05
 Reference value :  5.74006e-05
 Reference value :  5.76116e-05
 Reference value :  5.78202e-05
 Reference value :  5.80002e-05
 Reference value :  5.81807e-05
 Reference value :  5.83537e-05
 Reference value :  5.85404e-05
 Reference value :  5.87214e-05
 Reference value :  5.89205e-05
 Reference value :  5.91002e-05
 Reference value :  5.92801e-05
 Reference value :  5.94601e-05
 Reference value :  5.96501e-05
 Reference value :  5.98302e-05
 Reference value :  6.00302e-05
 Reference value :  6.02201e-05
 Reference value :  6.04201e-05
 Reference value :  6.05819e-05
 Reference value :  6.07616e-05
 Reference value :  6.09404e-05
 Reference value :  6.11122e-05
 Reference value :  6.12919e-05
 Reference value :  6.14802e-05
 Reference value :  6.16679e-05
 Reference value :  6.18408e-05
 Reference value :  6.20202e-05
 Reference value :  6.21920e-05
 Reference value :  6.23802e-05
 Reference value :  6.25602e-05
 Reference value :  6.27410e-05
 Reference value :  6.29213e-05
 Reference value :  6.31010e-05
 Reference value :  6.32802e-05
 Reference value :  6.34603e-05
 Reference value :  6.36403e-05
 Reference value :  6.38502e-05
 Reference value :  6.40803e-05
 Reference value :  6.43201e-05
 Reference value :  6.45001e-05
 Reference value :  6.46612e-05
 Reference value :  6.48402e-05
 Reference value :  6.50108e-05
 Reference value :  6.51722e-05
 Reference value :  6.53700e-05
 Reference value :  6.55606e-05
 Reference value :  6.57410e-05
 Reference value :  6.59207e-05
 Reference value :  6.60905e-05
 Reference value :  6.62701e-05
 Reference value :  6.64333e-05
 Reference value :  6.66112e-05
 Reference value :  6.68080e-05
 Reference value :  6.69714e-05
 Reference value :  6.71510e-05
 Reference value :  6.73308e-05
 Reference value :  6.75115e-05
 Reference value :  6.76914e-05
 Reference value :  6.78865e-05
 Reference value :  6.80522e-05
 Reference value :  6.82316e-05
 Reference value :  6.84300e-05
 Reference value :  6.85911e-05
 Reference value :  6.87605e-05
 Reference value :  6.89405e-05
 Reference value :  6.91206e-05
 Reference value :  6.93259e-05
 Reference value :  6.94913e-05
 Reference value :  6.96702e-05
 Reference value :  6.98403e-05
 Reference value :  7.00207e-05
 Reference value :  7.02002e-05
 Reference value :  7.03807e-05
 Reference value :  7.05601e-05
 Reference value :  7.07411e-05
 Reference value :  7.09212e-05
 Reference value :  7.11006e-05
 Reference value :  7.12923e-05
 Reference value :  7.14712e-05
 Reference value :  7.16502e-05
 Reference value :  7.18557e-05
 Reference value :  7.20308e-05
 Reference value :  7.21926e-05
 Reference value :  7.23708e-05
 Reference value :  7.25502e-05
 Reference value :  7.27203e-05
 Reference value :  7.29009e-05
 Reference value :  7.30907e-05
 Reference value :  7.32620e-05
 Reference value :  7.34501e-05
 Reference value :  7.36203e-05
 Reference value :  7.37821e-05
 Reference value :  7.39601e-05
 Reference value :  7.41417e-05
 Reference value :  7.43201e-05
 Reference value :  7.44906e-05
 Reference value :  7.46815e-05
 Reference value :  7.49101e-05
 Reference value :  7.50789e-05
 Reference value :  7.52522e-05
 Reference value :  7.54500e-05
 Reference value :  7.56300e-05
 Reference value :  7.57908e-05
 Reference value :  7.59711e-05
 Reference value :  7.61477e-05
 Reference value :  7.63201e-05
 Reference value :  7.64806e-05
 Reference value :  7.66609e-05
 Reference value :  7.68412e-05
 Reference value :  7.70105e-05
 Reference value :  7.71901e-05
 Reference value :  7.73801e-05
 Reference value :  7.75501e-05
 Reference value :  7.77333e-05
 Reference value :  7.79106e-05
 Reference value :  7.80715e-05
 Reference value :  7.82515e-05
 Reference value :  7.84312e-05
 Reference value :  7.86166e-05
 Reference value :  7.87902e-05
 Reference value :  7.89920e-05
 Reference value :  7.91711e-05
 Reference value :  7.93503e-05
 Reference value :  7.95300e-05
 Reference value :  7.96911e-05
 Reference value :  7.98716e-05
No. of Data Rows : 444641
t_flip              =  3.10530e-05
vos_v               =  -8.94696e-03
m_dut_vos = -8.946960000e-03
Note: Simulation executed from .control section 

Warning: m=xx on .subckt line will override multiplier m hierarchy!

Note: Starting dynamic gmin stepping
Note: Dynamic gmin stepping completed
