
Note: Compatibility modes selected: hs a


Circuit: * comparator-kickback @ tt_27c_3.30v -- generated by sim/harness, do not edit

Doing analysis at TEMP = 27.000000 and TNOM = 27.000000

Using SPARSE 1.3 as Direct Linear Solver

Initial Transient Solution
--------------------------

Node                                   Voltage
----                                   -------
vdd                                        3.3
cm                                        1.65
clk                                          0
sa                                 -0.00719812
asp                                     1.6464
asn                                     1.6536
apa                                     1.6464
ana                                     1.6536
ibna                                   1.00167
xa.xlayout_dut.sp__t2              4.31139e-09
xa.xlayout_dut.qp__t6                      3.3
xa.xlayout_dut.vss__t17            3.42067e-11
xa.xlayout_dut.vss__t2             4.11322e-20
xa.xlayout_dut.dout__t3                1.61162
xa.xlayout_dut.sp__t3              4.38767e-09
xa.xlayout_dut.vss__t25            1.56155e-13
xa.xlayout_dut.vss__t3             1.80458e-11
xa.xlayout_dut.dout__t2                1.60455
xa.xlayout_dut.doutb__t0               1.61476
xa.xlayout_dut.vss__t24             0.00201212
xa.xlayout_dut.vss__t4             2.03646e-11
xa.xlayout_dut.ibias__t0               1.00039
xa.xlayout_dut.ibias__t1               1.00167
xa.xlayout_dut.vss__t20            0.000254896
xa.xlayout_dut.vss__t8             2.55062e-11
xa.xlayout_dut.sn__t2              4.31133e-09
xa.xlayout_dut.qn__t6                      3.3
xa.xlayout_dut.vss__t23            3.41431e-11
xa.xlayout_dut.vss__t5             4.10544e-20
xa.xlayout_dut.doutb__t1               1.61476
xa.xlayout_dut.sn__t3              4.42702e-09
xa.xlayout_dut.vss__t22            1.56024e-13
xa.xlayout_dut.vss__t6             1.80569e-11
xa.xlayout_dut.doutb__t4               1.60836
xa.xlayout_dut.dout__t4                1.61162
xa.xlayout_dut.vss__t21             0.00199948
xa.xlayout_dut.vss__t7             2.05909e-11
xa.xlayout_dut.qn__t4                      3.3
xa.xlayout_dut.qp__t0                      3.3
xa.xlayout_dut.mn__t0                      3.3
xa.xlayout_dut.vss__t9             4.33209e-11
xa.xlayout_dut.mn__t1                      3.3
xa.xlayout_dut.aop__t2                 1.98582
xa.xlayout_dut.ltail__t0               1.51469
xa.xlayout_dut.vss__t11            2.87934e-11
xa.xlayout_dut.atail__t0              0.689736
xa.xlayout_dut.ibias__t2               1.00167
xa.xlayout_dut.vss__t19            0.000496222
xa.xlayout_dut.vss__t13            1.69129e-11
xa.xlayout_dut.qp__t1                      3.3
xa.xlayout_dut.qn__t5                      3.3
xa.xlayout_dut.mp__t2                      3.3
xa.xlayout_dut.vss__t10            4.33989e-11
xa.xlayout_dut.ltail__t1               1.51469
xa.xlayout_dut.clk__t2                       0
xa.xlayout_dut.vss__t18            6.40508e-13
xa.xlayout_dut.vss__t14            8.18049e-12
xa.xlayout_dut.mp__t1                      3.3
xa.xlayout_dut.aon__t0                 2.10858
xa.xlayout_dut.ltail__t2               1.51469
xa.xlayout_dut.vss__t12            2.90831e-11
xa.xlayout_dut.aon__t1                 2.10781
xa.xlayout_dut.vinp__t0                 1.6464
xa.xlayout_dut.atail__t1              0.690336
xa.xlayout_dut.vss__t15            2.90921e-10
xa.xlayout_dut.aop__t1                 1.98451
xa.xlayout_dut.vinn__t0                 1.6536
xa.xlayout_dut.atail__t2              0.690594
xa.xlayout_dut.vss__t16            1.00862e-10
xa.xlayout_dut.mn__t2                      3.3
xa.xlayout_dut.clk__t0                       0
xa.xlayout_dut.vdd__t0                     3.3
xa.xlayout_dut.vdd__t1                     3.3
xa.xlayout_dut.qn__t1                      3.3
xa.xlayout_dut.clk__t1                       0
xa.xlayout_dut.vdd__t2                     3.3
xa.xlayout_dut.vdd__t3                     3.3
xa.xlayout_dut.sp__t0               4.5548e-09
xa.xlayout_dut.qp__t2                      3.3
xa.xlayout_dut.vdd__t4                     3.3
xa.xlayout_dut.vdd__t5                     3.3
xa.xlayout_dut.mp__t0                      3.3
xa.xlayout_dut.clk__t4                       0
xa.xlayout_dut.vdd__t21                    3.3
xa.xlayout_dut.vdd__t20                    3.3
xa.xlayout_dut.qn__t0                      3.3
xa.xlayout_dut.qp__t3                      3.3
xa.xlayout_dut.vdd__t6                     3.3
xa.xlayout_dut.vdd__t7                     3.3
xa.xlayout_dut.qp__t4                      3.3
xa.xlayout_dut.clk__t3                       0
xa.xlayout_dut.vdd__t19                    3.3
xa.xlayout_dut.vdd__t18                    3.3
xa.xlayout_dut.na__t1                  3.16701
xa.xlayout_dut.sp__t1              4.38767e-09
xa.xlayout_dut.vdd__t23                3.29728
xa.xlayout_dut.vdd__t8                     3.3
xa.xlayout_dut.dout__t0                1.61681
xa.xlayout_dut.doutb__t2               1.61476
xa.xlayout_dut.na__t0                  3.16448
xa.xlayout_dut.vdd__t13                    3.3
xa.xlayout_dut.sn__t0              4.60878e-09
xa.xlayout_dut.qn__t3                      3.3
xa.xlayout_dut.vdd__t17                    3.3
xa.xlayout_dut.vdd__t16                    3.3
xa.xlayout_dut.qp__t5                      3.3
xa.xlayout_dut.qn__t2                      3.3
xa.xlayout_dut.vdd__t15                    3.3
xa.xlayout_dut.vdd__t14                    3.3
xa.xlayout_dut.nb__t1                  3.16747
xa.xlayout_dut.sn__t1              4.42702e-09
xa.xlayout_dut.vdd__t22                3.29706
xa.xlayout_dut.vdd__t12                    3.3
xa.xlayout_dut.doutb__t3               1.62868
xa.xlayout_dut.dout__t1                1.61162
xa.xlayout_dut.nb__t0                  3.16096
xa.xlayout_dut.vdd__t11                    3.3
xa.xlayout_dut.aon__t2                  2.1089
xa.xlayout_dut.x$28.11                 2.10973
xa.xlayout_dut.vss__t0                       0
xa.xlayout_dut.x$28.21                 3.29793
xa.xlayout_dut.vdd__t10                3.29877
xa.xlayout_dut.aop__t0                 1.98619
xa.xlayout_dut.x$29.11                 1.98712
xa.xlayout_dut.vss__t1                       0
xa.xlayout_dut.x$29.21                 3.29854
xa.xlayout_dut.vdd__t9                 3.29946
xa.xlayout_dut.aon                     2.10858
vsubs                                        0
xa.xlayout_dut.aop                     1.98582
xa.xlayout_dut.atail                  0.690235
douta                                  1.61162
doutba                                 1.61476
xa.xlayout_dut.ltail                   1.51469
xa.xlayout_dut.mn                          3.3
xa.xlayout_dut.mp                          3.3
xa.xlayout_dut.na                      3.16574
xa.xlayout_dut.nb                      3.16421
xa.xlayout_dut.qn                          3.3
xa.xlayout_dut.qp                          3.3
xa.xlayout_dut.sn                  4.42702e-09
xa.xlayout_dut.sp                  4.38767e-09
sb                                 -0.00719812
bsp                                     1.6464
bsn                                     1.6536
bpp                                     1.6464
bpn                                     1.6536
ibnb                                   1.00167
xb.xlayout_dut.sp__t2              4.31139e-09
xb.xlayout_dut.qp__t6                      3.3
xb.xlayout_dut.vss__t17            3.42067e-11
xb.xlayout_dut.vss__t2             4.11322e-20
xb.xlayout_dut.dout__t3                1.61162
xb.xlayout_dut.sp__t3              4.38767e-09
xb.xlayout_dut.vss__t25            1.56155e-13
xb.xlayout_dut.vss__t3             1.80458e-11
xb.xlayout_dut.dout__t2                1.60455
xb.xlayout_dut.doutb__t0               1.61476
xb.xlayout_dut.vss__t24             0.00201212
xb.xlayout_dut.vss__t4             2.03646e-11
xb.xlayout_dut.ibias__t0               1.00039
xb.xlayout_dut.ibias__t1               1.00167
xb.xlayout_dut.vss__t20            0.000254896
xb.xlayout_dut.vss__t8             2.55062e-11
xb.xlayout_dut.sn__t2              4.31133e-09
xb.xlayout_dut.qn__t6                      3.3
xb.xlayout_dut.vss__t23            3.41431e-11
xb.xlayout_dut.vss__t5             4.10544e-20
xb.xlayout_dut.doutb__t1               1.61476
xb.xlayout_dut.sn__t3              4.42702e-09
xb.xlayout_dut.vss__t22            1.56024e-13
xb.xlayout_dut.vss__t6             1.80569e-11
xb.xlayout_dut.doutb__t4               1.60836
xb.xlayout_dut.dout__t4                1.61162
xb.xlayout_dut.vss__t21             0.00199948
xb.xlayout_dut.vss__t7             2.05909e-11
xb.xlayout_dut.qn__t4                      3.3
xb.xlayout_dut.qp__t0                      3.3
xb.xlayout_dut.mn__t0                      3.3
xb.xlayout_dut.vss__t9             4.33209e-11
xb.xlayout_dut.mn__t1                      3.3
xb.xlayout_dut.aop__t2                 1.98582
xb.xlayout_dut.ltail__t0               1.51469
xb.xlayout_dut.vss__t11            2.87934e-11
xb.xlayout_dut.atail__t0              0.689736
xb.xlayout_dut.ibias__t2               1.00167
xb.xlayout_dut.vss__t19            0.000496222
xb.xlayout_dut.vss__t13            1.69129e-11
xb.xlayout_dut.qp__t1                      3.3
xb.xlayout_dut.qn__t5                      3.3
xb.xlayout_dut.mp__t2                      3.3
xb.xlayout_dut.vss__t10            4.33989e-11
xb.xlayout_dut.ltail__t1               1.51469
xb.xlayout_dut.clk__t2                       0
xb.xlayout_dut.vss__t18            6.40508e-13
xb.xlayout_dut.vss__t14            8.18049e-12
xb.xlayout_dut.mp__t1                      3.3
xb.xlayout_dut.aon__t0                 2.10858
xb.xlayout_dut.ltail__t2               1.51469
xb.xlayout_dut.vss__t12            2.90831e-11
xb.xlayout_dut.aon__t1                 2.10781
xb.xlayout_dut.vinp__t0                 1.6464
xb.xlayout_dut.atail__t1              0.690336
xb.xlayout_dut.vss__t15            2.90921e-10
xb.xlayout_dut.aop__t1                 1.98451
xb.xlayout_dut.vinn__t0                 1.6536
xb.xlayout_dut.atail__t2              0.690594
xb.xlayout_dut.vss__t16            1.00862e-10
xb.xlayout_dut.mn__t2                      3.3
xb.xlayout_dut.clk__t0                       0
xb.xlayout_dut.vdd__t0                     3.3
xb.xlayout_dut.vdd__t1                     3.3
xb.xlayout_dut.qn__t1                      3.3
xb.xlayout_dut.clk__t1                       0
xb.xlayout_dut.vdd__t2                     3.3
xb.xlayout_dut.vdd__t3                     3.3
xb.xlayout_dut.sp__t0               4.5548e-09
xb.xlayout_dut.qp__t2                      3.3
xb.xlayout_dut.vdd__t4                     3.3
xb.xlayout_dut.vdd__t5                     3.3
xb.xlayout_dut.mp__t0                      3.3
xb.xlayout_dut.clk__t4                       0
xb.xlayout_dut.vdd__t21                    3.3
xb.xlayout_dut.vdd__t20                    3.3
xb.xlayout_dut.qn__t0                      3.3
xb.xlayout_dut.qp__t3                      3.3
xb.xlayout_dut.vdd__t6                     3.3
xb.xlayout_dut.vdd__t7                     3.3
xb.xlayout_dut.qp__t4                      3.3
xb.xlayout_dut.clk__t3                       0
xb.xlayout_dut.vdd__t19                    3.3
xb.xlayout_dut.vdd__t18                    3.3
xb.xlayout_dut.na__t1                  3.16701
xb.xlayout_dut.sp__t1              4.38767e-09
xb.xlayout_dut.vdd__t23                3.29728
xb.xlayout_dut.vdd__t8                     3.3
xb.xlayout_dut.dout__t0                1.61681
xb.xlayout_dut.doutb__t2               1.61476
xb.xlayout_dut.na__t0                  3.16448
xb.xlayout_dut.vdd__t13                    3.3
xb.xlayout_dut.sn__t0              4.60878e-09
xb.xlayout_dut.qn__t3                      3.3
xb.xlayout_dut.vdd__t17                    3.3
xb.xlayout_dut.vdd__t16                    3.3
xb.xlayout_dut.qp__t5                      3.3
xb.xlayout_dut.qn__t2                      3.3
xb.xlayout_dut.vdd__t15                    3.3
xb.xlayout_dut.vdd__t14                    3.3
xb.xlayout_dut.nb__t1                  3.16747
xb.xlayout_dut.sn__t1              4.42702e-09
xb.xlayout_dut.vdd__t22                3.29706
xb.xlayout_dut.vdd__t12                    3.3
xb.xlayout_dut.doutb__t3               1.62868
xb.xlayout_dut.dout__t1                1.61162
xb.xlayout_dut.nb__t0                  3.16096
xb.xlayout_dut.vdd__t11                    3.3
xb.xlayout_dut.aon__t2                  2.1089
xb.xlayout_dut.x$28.11                 2.10973
xb.xlayout_dut.vss__t0                       0
xb.xlayout_dut.x$28.21                 3.29793
xb.xlayout_dut.vdd__t10                3.29877
xb.xlayout_dut.aop__t0                 1.98619
xb.xlayout_dut.x$29.11                 1.98712
xb.xlayout_dut.vss__t1                       0
xb.xlayout_dut.x$29.21                 3.29854
xb.xlayout_dut.vdd__t9                 3.29946
xb.xlayout_dut.aon                     2.10858
xb.xlayout_dut.aop                     1.98582
xb.xlayout_dut.atail                  0.690235
doutb                                  1.61162
doutbb                                 1.61476
xb.xlayout_dut.ltail                   1.51469
xb.xlayout_dut.mn                          3.3
xb.xlayout_dut.mp                          3.3
xb.xlayout_dut.na                      3.16574
xb.xlayout_dut.nb                      3.16421
xb.xlayout_dut.qn                          3.3
xb.xlayout_dut.qp                          3.3
xb.xlayout_dut.sn                  4.42702e-09
xb.xlayout_dut.sp                  4.38767e-09
sc                                   0.0918019
csp                                     1.6959
csn                                     1.6041
cpp                                     1.6959
cpn                                     1.6041
ibnc                                   1.00167
xc.xlayout_dut.sp__t2              4.31139e-09
xc.xlayout_dut.qp__t6                      3.3
xc.xlayout_dut.vss__t17            3.42067e-11
xc.xlayout_dut.vss__t2             4.11322e-20
xc.xlayout_dut.dout__t3                1.61162
xc.xlayout_dut.sp__t3              4.38767e-09
xc.xlayout_dut.vss__t25            1.56155e-13
xc.xlayout_dut.vss__t3             1.80458e-11
xc.xlayout_dut.dout__t2                1.60455
xc.xlayout_dut.doutb__t0               1.61476
xc.xlayout_dut.vss__t24             0.00201212
xc.xlayout_dut.vss__t4             2.03646e-11
xc.xlayout_dut.ibias__t0               1.00039
xc.xlayout_dut.ibias__t1               1.00167
xc.xlayout_dut.vss__t20            0.000254896
xc.xlayout_dut.vss__t8             2.55062e-11
xc.xlayout_dut.sn__t2              4.31133e-09
xc.xlayout_dut.qn__t6                      3.3
xc.xlayout_dut.vss__t23            3.41431e-11
xc.xlayout_dut.vss__t5             4.10544e-20
xc.xlayout_dut.doutb__t1               1.61476
xc.xlayout_dut.sn__t3              4.42702e-09
xc.xlayout_dut.vss__t22            1.56024e-13
xc.xlayout_dut.vss__t6             1.80569e-11
xc.xlayout_dut.doutb__t4               1.60836
xc.xlayout_dut.dout__t4                1.61162
xc.xlayout_dut.vss__t21             0.00199948
xc.xlayout_dut.vss__t7             2.05909e-11
xc.xlayout_dut.qn__t4                      3.3
xc.xlayout_dut.qp__t0                      3.3
xc.xlayout_dut.mn__t0                      3.3
xc.xlayout_dut.vss__t9             4.33209e-11
xc.xlayout_dut.mn__t1                      3.3
xc.xlayout_dut.aop__t2                 2.79749
xc.xlayout_dut.ltail__t0               2.07736
xc.xlayout_dut.vss__t11            3.21583e-11
xc.xlayout_dut.atail__t0               0.69791
xc.xlayout_dut.ibias__t2               1.00167
xc.xlayout_dut.vss__t19            0.000496269
xc.xlayout_dut.vss__t13            1.71132e-11
xc.xlayout_dut.qp__t1                      3.3
xc.xlayout_dut.qn__t5                      3.3
xc.xlayout_dut.mp__t2                      3.3
xc.xlayout_dut.vss__t10            4.33989e-11
xc.xlayout_dut.ltail__t1               2.07736
xc.xlayout_dut.clk__t2                       0
xc.xlayout_dut.vss__t18             6.9725e-13
xc.xlayout_dut.vss__t14            1.12195e-11
xc.xlayout_dut.mp__t1                      3.3
xc.xlayout_dut.aon__t0                  1.2959
xc.xlayout_dut.ltail__t2               2.07736
xc.xlayout_dut.vss__t12            3.24808e-11
xc.xlayout_dut.aon__t1                 1.29459
xc.xlayout_dut.vinp__t0                 1.6959
xc.xlayout_dut.atail__t1               0.69858
xc.xlayout_dut.vss__t15            4.71529e-11
xc.xlayout_dut.aop__t1                 2.79698
xc.xlayout_dut.vinn__t0                 1.6041
xc.xlayout_dut.atail__t2              0.698546
xc.xlayout_dut.vss__t16            5.86859e-08
xc.xlayout_dut.mn__t2                      3.3
xc.xlayout_dut.clk__t0                       0
xc.xlayout_dut.vdd__t0                     3.3
xc.xlayout_dut.vdd__t1                     3.3
xc.xlayout_dut.qn__t1                      3.3
xc.xlayout_dut.clk__t1                       0
xc.xlayout_dut.vdd__t2                     3.3
xc.xlayout_dut.vdd__t3                     3.3
xc.xlayout_dut.sp__t0               4.5548e-09
xc.xlayout_dut.qp__t2                      3.3
xc.xlayout_dut.vdd__t4                     3.3
xc.xlayout_dut.vdd__t5                     3.3
xc.xlayout_dut.mp__t0                      3.3
xc.xlayout_dut.clk__t4                       0
xc.xlayout_dut.vdd__t21                    3.3
xc.xlayout_dut.vdd__t20                    3.3
xc.xlayout_dut.qn__t0                      3.3
xc.xlayout_dut.qp__t3                      3.3
xc.xlayout_dut.vdd__t6                     3.3
xc.xlayout_dut.vdd__t7                     3.3
xc.xlayout_dut.qp__t4                      3.3
xc.xlayout_dut.clk__t3                       0
xc.xlayout_dut.vdd__t19                    3.3
xc.xlayout_dut.vdd__t18                    3.3
xc.xlayout_dut.na__t1                  3.16701
xc.xlayout_dut.sp__t1              4.38767e-09
xc.xlayout_dut.vdd__t23                3.29728
xc.xlayout_dut.vdd__t8                     3.3
xc.xlayout_dut.dout__t0                1.61681
xc.xlayout_dut.doutb__t2               1.61476
xc.xlayout_dut.na__t0                  3.16448
xc.xlayout_dut.vdd__t13                    3.3
xc.xlayout_dut.sn__t0              4.60878e-09
xc.xlayout_dut.qn__t3                      3.3
xc.xlayout_dut.vdd__t17                    3.3
xc.xlayout_dut.vdd__t16                    3.3
xc.xlayout_dut.qp__t5                      3.3
xc.xlayout_dut.qn__t2                      3.3
xc.xlayout_dut.vdd__t15                    3.3
xc.xlayout_dut.vdd__t14                    3.3
xc.xlayout_dut.nb__t1                  3.16747
xc.xlayout_dut.sn__t1              4.42702e-09
xc.xlayout_dut.vdd__t22                3.29706
xc.xlayout_dut.vdd__t12                    3.3
xc.xlayout_dut.doutb__t3               1.62868
xc.xlayout_dut.dout__t1                1.61162
xc.xlayout_dut.nb__t0                  3.16096
xc.xlayout_dut.vdd__t11                    3.3
xc.xlayout_dut.aon__t2                 1.29642
xc.xlayout_dut.x$28.11                 1.29782
xc.xlayout_dut.vss__t0                       0
xc.xlayout_dut.x$28.21                 3.29653
xc.xlayout_dut.vdd__t10                3.29793
xc.xlayout_dut.aop__t0                 2.79763
xc.xlayout_dut.x$29.11                 2.79798
xc.xlayout_dut.vss__t1                       0
xc.xlayout_dut.x$29.21                 3.29944
xc.xlayout_dut.vdd__t9                 3.29979
xc.xlayout_dut.aon                      1.2959
xc.xlayout_dut.aop                     2.79749
xc.xlayout_dut.atail                  0.698409
doutc                                  1.61162
doutbc                                 1.61476
xc.xlayout_dut.ltail                   2.07736
xc.xlayout_dut.mn                          3.3
xc.xlayout_dut.mp                          3.3
xc.xlayout_dut.na                      3.16574
xc.xlayout_dut.nb                      3.16421
xc.xlayout_dut.qn                          3.3
xc.xlayout_dut.qp                          3.3
xc.xlayout_dut.sn                  4.42702e-09
xc.xlayout_dut.sp                  4.38767e-09
ad                                -2.22045e-15
bd                                 -0.00719812
cd                                   0.0918019
bc                                  2.7682e-10
dan                                    0.48837
dbn                                    0.48837
dcn                                    0.48837
bdcn#branch                                  0
bdbn#branch                                  0
bdan#branch                                  0
bbc#branch                                   0
bcd#branch                                   0
bbd#branch                                   0
bad#branch                                   0
ecsn#branch                        2.69119e-19
ecsp#branch                        2.84521e-19
ebsn#branch                        2.77424e-19
ebsp#branch                        2.76216e-19
easn#branch                       -2.21378e-18
easp#branch                        -2.3076e-18
vsc#branch                                   0
vsb#branch                                   0
vsa#branch                                   0
vclk#branch                                  0
vcm#branch                         -3.4141e-18
vsup#branch                        -0.00111344

 Reference value :  6.46400e-10
 Reference value :  3.34140e-09
 Reference value :  6.28640e-09
 Reference value :  9.34640e-09
 Reference value :  1.20964e-08
 Reference value :  1.50164e-08
 Reference value :  1.85664e-08
 Reference value :  2.16164e-08
 Reference value :  2.43264e-08
 Reference value :  2.71414e-08
 Reference value :  2.98864e-08
 Reference value :  3.22690e-08
 Reference value :  3.50790e-08
 Reference value :  3.80190e-08
 Reference value :  4.07512e-08
 Reference value :  4.36912e-08
 Reference value :  4.64262e-08
 Reference value :  4.91362e-08
 Reference value :  5.19312e-08
 Reference value :  5.47112e-08
 Reference value :  5.74362e-08
No. of Data Rows : 12043
ad_pos              =  9.45097e-03 at=  4.04962e-08
ad_neg              =  -1.00326e-02 at=  3.03290e-08
ap0                 =  1.64640e+00
apmax               =  1.65585e+00 at=  4.04962e-08
apmin               =  1.63637e+00 at=  3.03290e-08
bd0                 =  -7.19869e-03
bd1                 =  -7.19770e-03
cd0                 =  9.18007e-02
cd1                 =  9.17135e-02
bc0                 =  1.94033e-05
bc1                 =  1.71603e-04
bp0                 =  1.64642e+00
bn0                 =  1.65362e+00
bp1                 =  1.64657e+00
bn1                 =  1.65377e+00
da_end              =  9.99992e-01
db_end              =  9.99992e-01
dc_end              =  9.99992e-01
m_kick_1k_peak_mv = 1.0032550000e+01
m_kick_1k_pos_mv = 9.4509730000e+00
m_kick_1k_neg_mv = -1.003255000e+01
m_kick_1k_raw_mv = 1.0033000000e+01
m_kick_resid_small_nv = 9.8400000000e+02
m_kick_resid_big_nv = -8.727000000e+04
m_kick_sigdep_nv = 8.8254000000e+04
m_kick_cm_nv = 1.5219991000e+05
m_kick_resid_raw_uv = 2.0000000001e+00
m_q_resid_small_ac = 9.8400000000e-01
m_dout_1k_end = 9.9999170000e-01
m_dout_float_small_end = 9.9999170000e-01
m_dout_float_big_end = 9.9999170000e-01
Note: Simulation executed from .control section 

Warning: m=xx on .subckt line will override multiplier m hierarchy!

Note: Starting dynamic gmin stepping
Note: Dynamic gmin stepping completed
