
Note: Compatibility modes selected: hs a


Circuit: * comparator-kickback-vosprobe @ tt_27c_2.97v -- generated by sim/harness, do not edit

Doing analysis at TEMP = 27.000000 and TNOM = 27.000000

Using SPARSE 1.3 as Direct Linear Solver

Initial Transient Solution
--------------------------

Node                                   Voltage
----                                   -------
vdd                                       2.97
cm                                        1.65
clk                                          0
rmp                                      -0.04
vp                                        1.63
vn                                        1.67
ibn                                    1.00167
xdut.xlayout_dut.sp__t2            3.87113e-09
xdut.xlayout_dut.qp__t6                   2.97
xdut.xlayout_dut.vss__t17          2.89416e-11
xdut.xlayout_dut.vss__t2           3.69152e-20
xdut.xlayout_dut.dout__t3              1.44168
xdut.xlayout_dut.sp__t3            3.93567e-09
xdut.xlayout_dut.vss__t25          1.51981e-13
xdut.xlayout_dut.vss__t3            1.6143e-11
xdut.xlayout_dut.dout__t2              1.43657
xdut.xlayout_dut.doutb__t0             1.44391
xdut.xlayout_dut.vss__t24           0.00145492
xdut.xlayout_dut.vss__t4           1.70948e-11
xdut.xlayout_dut.ibias__t0             1.00039
xdut.xlayout_dut.ibias__t1             1.00167
xdut.xlayout_dut.vss__t20          0.000254896
xdut.xlayout_dut.vss__t8           2.55062e-11
xdut.xlayout_dut.sn__t2            3.87108e-09
xdut.xlayout_dut.qn__t6                   2.97
xdut.xlayout_dut.vss__t23          2.88877e-11
xdut.xlayout_dut.vss__t5           3.68455e-20
xdut.xlayout_dut.doutb__t1             1.44391
xdut.xlayout_dut.sn__t3            3.96897e-09
xdut.xlayout_dut.vss__t22          1.51834e-13
xdut.xlayout_dut.vss__t6           1.61465e-11
xdut.xlayout_dut.doutb__t4             1.43928
xdut.xlayout_dut.dout__t4              1.44168
xdut.xlayout_dut.vss__t21           0.00144648
xdut.xlayout_dut.vss__t7           1.71253e-11
xdut.xlayout_dut.qn__t4                   2.97
xdut.xlayout_dut.qp__t0                   2.97
xdut.xlayout_dut.mn__t0                   2.97
xdut.xlayout_dut.vss__t9           3.89888e-11
xdut.xlayout_dut.mn__t1                   2.97
xdut.xlayout_dut.aop__t2                1.3685
xdut.xlayout_dut.ltail__t0             1.47858
xdut.xlayout_dut.vss__t11          2.66039e-11
xdut.xlayout_dut.atail__t0            0.690748
xdut.xlayout_dut.ibias__t2             1.00167
xdut.xlayout_dut.vss__t19          0.000496228
xdut.xlayout_dut.vss__t13          1.69377e-11
xdut.xlayout_dut.qp__t1                   2.97
xdut.xlayout_dut.qn__t5                   2.97
xdut.xlayout_dut.mp__t2                   2.97
xdut.xlayout_dut.vss__t10           3.9059e-11
xdut.xlayout_dut.ltail__t1             1.47858
xdut.xlayout_dut.clk__t2                     0
xdut.xlayout_dut.vss__t18          6.36901e-13
xdut.xlayout_dut.vss__t14          7.98545e-12
xdut.xlayout_dut.mp__t1                   2.97
xdut.xlayout_dut.aon__t0               2.06605
xdut.xlayout_dut.ltail__t2             1.47858
xdut.xlayout_dut.vss__t12          2.68707e-11
xdut.xlayout_dut.aon__t1               2.06546
xdut.xlayout_dut.vinp__t0                 1.63
xdut.xlayout_dut.atail__t1            0.691323
xdut.xlayout_dut.vss__t15          1.71415e-10
xdut.xlayout_dut.aop__t1                1.3669
xdut.xlayout_dut.vinn__t0                 1.67
xdut.xlayout_dut.atail__t2            0.691684
xdut.xlayout_dut.vss__t16          4.96091e-11
xdut.xlayout_dut.mn__t2                   2.97
xdut.xlayout_dut.clk__t0                     0
xdut.xlayout_dut.vdd__t0                  2.97
xdut.xlayout_dut.vdd__t1                  2.97
xdut.xlayout_dut.qn__t1                   2.97
xdut.xlayout_dut.clk__t1                     0
xdut.xlayout_dut.vdd__t2                  2.97
xdut.xlayout_dut.vdd__t3                  2.97
xdut.xlayout_dut.sp__t0            4.07708e-09
xdut.xlayout_dut.qp__t2                   2.97
xdut.xlayout_dut.vdd__t4                  2.97
xdut.xlayout_dut.vdd__t5                  2.97
xdut.xlayout_dut.mp__t0                   2.97
xdut.xlayout_dut.clk__t4                     0
xdut.xlayout_dut.vdd__t21                 2.97
xdut.xlayout_dut.vdd__t20                 2.97
xdut.xlayout_dut.qn__t0                   2.97
xdut.xlayout_dut.qp__t3                   2.97
xdut.xlayout_dut.vdd__t6                  2.97
xdut.xlayout_dut.vdd__t7                  2.97
xdut.xlayout_dut.qp__t4                   2.97
xdut.xlayout_dut.clk__t3                     0
xdut.xlayout_dut.vdd__t19                 2.97
xdut.xlayout_dut.vdd__t18                 2.97
xdut.xlayout_dut.na__t1                2.86595
xdut.xlayout_dut.sp__t1            3.93567e-09
xdut.xlayout_dut.vdd__t23              2.96803
xdut.xlayout_dut.vdd__t8                  2.97
xdut.xlayout_dut.dout__t0              1.44543
xdut.xlayout_dut.doutb__t2             1.44391
xdut.xlayout_dut.na__t0                2.86412
xdut.xlayout_dut.vdd__t13                 2.97
xdut.xlayout_dut.sn__t0            4.12274e-09
xdut.xlayout_dut.qn__t3                   2.97
xdut.xlayout_dut.vdd__t17                 2.97
xdut.xlayout_dut.vdd__t16                 2.97
xdut.xlayout_dut.qp__t5                   2.97
xdut.xlayout_dut.qn__t2                   2.97
xdut.xlayout_dut.vdd__t15                 2.97
xdut.xlayout_dut.vdd__t14                 2.97
xdut.xlayout_dut.nb__t1                2.86627
xdut.xlayout_dut.sn__t1            3.96897e-09
xdut.xlayout_dut.vdd__t22              2.96787
xdut.xlayout_dut.vdd__t12                 2.97
xdut.xlayout_dut.doutb__t3             1.45399
xdut.xlayout_dut.dout__t1              1.44168
xdut.xlayout_dut.nb__t0                2.86156
xdut.xlayout_dut.vdd__t11                 2.97
xdut.xlayout_dut.aon__t2               2.06629
xdut.xlayout_dut.x$28.11               2.06692
xdut.xlayout_dut.vss__t0                     0
xdut.xlayout_dut.x$28.21               2.96843
xdut.xlayout_dut.vdd__t10              2.96907
xdut.xlayout_dut.aop__t0               1.36895
xdut.xlayout_dut.x$29.11               1.37008
xdut.xlayout_dut.vss__t1                     0
xdut.xlayout_dut.x$29.21               2.96822
xdut.xlayout_dut.vdd__t9               2.96934
xdut.xlayout_dut.aon                   2.06605
vsubs                                        0
xdut.xlayout_dut.aop                    1.3685
xdut.xlayout_dut.atail                0.691247
dout                                   1.44168
doutb                                  1.44391
xdut.xlayout_dut.ltail                 1.47858
xdut.xlayout_dut.mn                       2.97
xdut.xlayout_dut.mp                       2.97
xdut.xlayout_dut.na                    2.86503
xdut.xlayout_dut.nb                    2.86391
xdut.xlayout_dut.qn                       2.97
xdut.xlayout_dut.qp                       2.97
xdut.xlayout_dut.sn                3.96897e-09
xdut.xlayout_dut.sp                3.93567e-09
dn                                    0.485414
bdn#branch                                   0
bnn#branch                         1.17161e-18
bpp#branch                          3.4199e-19
vrmp#branch                                  0
vclk#branch                                  0
vcm#branch                                   0
vsup#branch                       -0.000276803

 Reference value :  1.00257e-07
 Reference value :  2.81006e-07
 Reference value :  4.52196e-07
 Reference value :  6.40202e-07
 Reference value :  8.10701e-07
 Reference value :  9.90301e-07
 Reference value :  1.17018e-06
 Reference value :  1.33109e-06
 Reference value :  1.53008e-06
 Reference value :  1.69013e-06
 Reference value :  1.87020e-06
 Reference value :  2.04037e-06
 Reference value :  2.20021e-06
 Reference value :  2.38050e-06
 Reference value :  2.55010e-06
 Reference value :  2.71125e-06
 Reference value :  2.89021e-06
 Reference value :  3.07070e-06
 Reference value :  3.24050e-06
 Reference value :  3.42000e-06
 Reference value :  3.60011e-06
 Reference value :  3.78027e-06
 Reference value :  3.96000e-06
 Reference value :  4.12096e-06
 Reference value :  4.32034e-06
 Reference value :  4.48089e-06
 Reference value :  4.66012e-06
 Reference value :  4.83142e-06
 Reference value :  4.99043e-06
 Reference value :  5.17075e-06
 Reference value :  5.34090e-06
 Reference value :  5.53070e-06
 Reference value :  5.71020e-06
 Reference value :  5.89022e-06
 Reference value :  6.06047e-06
 Reference value :  6.22072e-06
 Reference value :  6.42010e-06
 Reference value :  6.58014e-06
 Reference value :  6.76082e-06
 Reference value :  6.93051e-06
 Reference value :  7.11009e-06
 Reference value :  7.27107e-06
 Reference value :  7.45084e-06
 Reference value :  7.62023e-06
 Reference value :  7.80046e-06
 Reference value :  7.98002e-06
 Reference value :  8.14230e-06
 Reference value :  8.32049e-06
 Reference value :  8.50065e-06
 Reference value :  8.67033e-06
 Reference value :  8.85325e-06
 Reference value :  9.03045e-06
 Reference value :  9.21011e-06
 Reference value :  9.36047e-06
 Reference value :  9.57008e-06
 Reference value :  9.73089e-06
 Reference value :  9.91020e-06
 Reference value :  1.00635e-05
 Reference value :  1.02603e-05
 Reference value :  1.04211e-05
 Reference value :  1.06011e-05
 Reference value :  1.07806e-05
 Reference value :  1.09607e-05
 Reference value :  1.11402e-05
 Reference value :  1.13104e-05
 Reference value :  1.15207e-05
 Reference value :  1.17111e-05
 Reference value :  1.18804e-05
 Reference value :  1.20601e-05
 Reference value :  1.22501e-05
 Reference value :  1.24801e-05
 Reference value :  1.26729e-05
 Reference value :  1.28512e-05
 Reference value :  1.30212e-05
 Reference value :  1.31811e-05
 Reference value :  1.33603e-05
 Reference value :  1.35270e-05
 Reference value :  1.36909e-05
 Reference value :  1.38601e-05
 Reference value :  1.40211e-05
 Reference value :  1.41914e-05
 Reference value :  1.43703e-05
 Reference value :  1.45309e-05
 Reference value :  1.47008e-05
 Reference value :  1.48803e-05
 Reference value :  1.50402e-05
 Reference value :  1.52100e-05
 Reference value :  1.53709e-05
 Reference value :  1.55419e-05
 Reference value :  1.57201e-05
 Reference value :  1.58801e-05
 Reference value :  1.60502e-05
 Reference value :  1.62108e-05
 Reference value :  1.63801e-05
 Reference value :  1.65601e-05
 Reference value :  1.67400e-05
 Reference value :  1.68901e-05
 Reference value :  1.70505e-05
 Reference value :  1.72316e-05
 Reference value :  1.74005e-05
 Reference value :  1.75607e-05
 Reference value :  1.77301e-05
 Reference value :  1.78901e-05
 Reference value :  1.80702e-05
 Reference value :  1.82401e-05
 Reference value :  1.83913e-05
 Reference value :  1.85511e-05
 Reference value :  1.87301e-05
 Reference value :  1.88810e-05
 Reference value :  1.90501e-05
 Reference value :  1.92019e-05
 Reference value :  1.93611e-05
 Reference value :  1.95303e-05
 Reference value :  1.97100e-05
 Reference value :  1.98600e-05
 Reference value :  2.00207e-05
 Reference value :  2.01901e-05
 Reference value :  2.03502e-05
 Reference value :  2.05200e-05
 Reference value :  2.06703e-05
 Reference value :  2.08307e-05
 Reference value :  2.10001e-05
 Reference value :  2.11621e-05
 Reference value :  2.13304e-05
 Reference value :  2.14913e-05
 Reference value :  2.16607e-05
 Reference value :  2.18202e-05
 Reference value :  2.19719e-05
 Reference value :  2.21709e-05
 Reference value :  2.23304e-05
 Reference value :  2.25003e-05
 Reference value :  2.26801e-05
 Reference value :  2.28406e-05
 Reference value :  2.30109e-05
 Reference value :  2.31909e-05
 Reference value :  2.33510e-05
 Reference value :  2.35202e-05
 Reference value :  2.36811e-05
 Reference value :  2.38601e-05
 Reference value :  2.40110e-05
 Reference value :  2.41901e-05
 Reference value :  2.43600e-05
 Reference value :  2.45106e-05
 Reference value :  2.46706e-05
 Reference value :  2.48406e-05
 Reference value :  2.50008e-05
 Reference value :  2.51708e-05
 Reference value :  2.53503e-05
 Reference value :  2.55406e-05
 Reference value :  2.57201e-05
 Reference value :  2.58901e-05
 Reference value :  2.60701e-05
 Reference value :  2.62320e-05
 Reference value :  2.64005e-05
 Reference value :  2.65801e-05
 Reference value :  2.67412e-05
 Reference value :  2.69106e-05
 Reference value :  2.71008e-05
 Reference value :  2.72809e-05
 Reference value :  2.74503e-05
 Reference value :  2.76107e-05
 Reference value :  2.77807e-05
 Reference value :  2.79601e-05
 Reference value :  2.81216e-05
 Reference value :  2.83011e-05
 Reference value :  2.84712e-05
 Reference value :  2.86508e-05
 Reference value :  2.88109e-05
 Reference value :  2.89901e-05
 Reference value :  2.91604e-05
 Reference value :  2.93210e-05
 Reference value :  2.95004e-05
 Reference value :  2.96805e-05
 Reference value :  2.98603e-05
 Reference value :  3.00306e-05
 Reference value :  3.02007e-05
 Reference value :  3.03646e-05
 Reference value :  3.05401e-05
 Reference value :  3.07007e-05
 Reference value :  3.08721e-05
 Reference value :  3.10501e-05
 Reference value :  3.12402e-05
 Reference value :  3.14102e-05
 Reference value :  3.15702e-05
 Reference value :  3.17402e-05
 Reference value :  3.19013e-05
 Reference value :  3.20806e-05
 Reference value :  3.22511e-05
 Reference value :  3.24114e-05
 Reference value :  3.25827e-05
 Reference value :  3.27606e-05
 Reference value :  3.29400e-05
 Reference value :  3.31007e-05
 Reference value :  3.33001e-05
 Reference value :  3.34602e-05
 Reference value :  3.36111e-05
 Reference value :  3.37902e-05
 Reference value :  3.39600e-05
 Reference value :  3.41101e-05
 Reference value :  3.42602e-05
 Reference value :  3.44400e-05
 Reference value :  3.46007e-05
 Reference value :  3.47703e-05
 Reference value :  3.49309e-05
 Reference value :  3.51018e-05
 Reference value :  3.52607e-05
 Reference value :  3.54309e-05
 Reference value :  3.55918e-05
 Reference value :  3.57715e-05
 Reference value :  3.59442e-05
 Reference value :  3.61013e-05
 Reference value :  3.62881e-05
 Reference value :  3.64508e-05
 Reference value :  3.66129e-05
 Reference value :  3.67902e-05
 Reference value :  3.69413e-05
 Reference value :  3.71207e-05
 Reference value :  3.73200e-05
 Reference value :  3.74707e-05
 Reference value :  3.76302e-05
 Reference value :  3.78003e-05
 Reference value :  3.79610e-05
 Reference value :  3.81314e-05
 Reference value :  3.83104e-05
 Reference value :  3.84710e-05
 Reference value :  3.86502e-05
 Reference value :  3.88310e-05
 Reference value :  3.90005e-05
 Reference value :  3.91620e-05
 Reference value :  3.93608e-05
 Reference value :  3.95203e-05
 Reference value :  3.96909e-05
 Reference value :  3.98706e-05
 Reference value :  4.00303e-05
 Reference value :  4.02106e-05
 Reference value :  4.03909e-05
 Reference value :  4.05606e-05
 Reference value :  4.07209e-05
 Reference value :  4.08905e-05
 Reference value :  4.10501e-05
 Reference value :  4.12200e-05
 Reference value :  4.13802e-05
 Reference value :  4.15516e-05
 Reference value :  4.17113e-05
 Reference value :  4.18902e-05
 Reference value :  4.20609e-05
 Reference value :  4.22401e-05
 Reference value :  4.24005e-05
 Reference value :  4.25807e-05
 Reference value :  4.27602e-05
 Reference value :  4.29301e-05
 Reference value :  4.30901e-05
 Reference value :  4.32601e-05
 Reference value :  4.34201e-05
 Reference value :  4.35906e-05
 Reference value :  4.37701e-05
 Reference value :  4.39301e-05
 Reference value :  4.40812e-05
 Reference value :  4.42504e-05
 Reference value :  4.44101e-05
 Reference value :  4.45802e-05
 Reference value :  4.47406e-05
 Reference value :  4.49104e-05
 Reference value :  4.50622e-05
 Reference value :  4.52400e-05
 Reference value :  4.54003e-05
 Reference value :  4.55701e-05
 Reference value :  4.57202e-05
 Reference value :  4.58706e-05
 Reference value :  4.60514e-05
 Reference value :  4.62305e-05
 Reference value :  4.63806e-05
 Reference value :  4.65402e-05
 Reference value :  4.66910e-05
 Reference value :  4.68410e-05
 Reference value :  4.69942e-05
 Reference value :  4.71725e-05
 Reference value :  4.73501e-05
 Reference value :  4.75201e-05
 Reference value :  4.76802e-05
 Reference value :  4.78501e-05
 Reference value :  4.80002e-05
 Reference value :  4.81603e-05
 Reference value :  4.83112e-05
 Reference value :  4.84803e-05
 Reference value :  4.86411e-05
 Reference value :  4.88103e-05
 Reference value :  4.89903e-05
 Reference value :  4.91509e-05
 Reference value :  4.93211e-05
 Reference value :  4.95003e-05
 Reference value :  4.96800e-05
 Reference value :  4.98306e-05
 Reference value :  4.99909e-05
 Reference value :  5.01416e-05
 Reference value :  5.03105e-05
 Reference value :  5.04710e-05
 Reference value :  5.06701e-05
 Reference value :  5.08313e-05
 Reference value :  5.10001e-05
 Reference value :  5.11614e-05
 Reference value :  5.13303e-05
 Reference value :  5.14913e-05
 Reference value :  5.16746e-05
 Reference value :  5.18518e-05
 Reference value :  5.20302e-05
 Reference value :  5.22000e-05
 Reference value :  5.23609e-05
 Reference value :  5.25308e-05
 Reference value :  5.27102e-05
 Reference value :  5.28902e-05
 Reference value :  5.30510e-05
 Reference value :  5.32610e-05
 Reference value :  5.34304e-05
 Reference value :  5.36100e-05
 Reference value :  5.37709e-05
 Reference value :  5.39405e-05
 Reference value :  5.41011e-05
 Reference value :  5.42711e-05
 Reference value :  5.44802e-05
 Reference value :  5.46638e-05
 Reference value :  5.48709e-05
 Reference value :  5.50505e-05
 Reference value :  5.52193e-05
 Reference value :  5.53901e-05
 Reference value :  5.55603e-05
 Reference value :  5.57401e-05
 Reference value :  5.59009e-05
 Reference value :  5.60702e-05
 Reference value :  5.62310e-05
 Reference value :  5.64007e-05
 Reference value :  5.65902e-05
 Reference value :  5.67606e-05
 Reference value :  5.69501e-05
 Reference value :  5.71306e-05
 Reference value :  5.73009e-05
 Reference value :  5.74800e-05
 Reference value :  5.76406e-05
 Reference value :  5.78107e-05
 Reference value :  5.79901e-05
 Reference value :  5.81536e-05
 Reference value :  5.83505e-05
 Reference value :  5.85300e-05
 Reference value :  5.86811e-05
 Reference value :  5.88601e-05
 Reference value :  5.90400e-05
 Reference value :  5.91907e-05
 Reference value :  5.93702e-05
 Reference value :  5.95503e-05
 Reference value :  5.97111e-05
 Reference value :  5.98804e-05
 Reference value :  6.00601e-05
 Reference value :  6.02253e-05
 Reference value :  6.04202e-05
 Reference value :  6.06305e-05
 Reference value :  6.08710e-05
 Reference value :  6.10601e-05
 Reference value :  6.12301e-05
 Reference value :  6.13903e-05
 Reference value :  6.15603e-05
 Reference value :  6.17213e-05
 Reference value :  6.18906e-05
 Reference value :  6.20809e-05
 Reference value :  6.22801e-05
 Reference value :  6.24410e-05
 Reference value :  6.26105e-05
 Reference value :  6.27709e-05
 Reference value :  6.29502e-05
 Reference value :  6.31201e-05
 Reference value :  6.32771e-05
 Reference value :  6.34602e-05
 Reference value :  6.36300e-05
 Reference value :  6.37901e-05
 Reference value :  6.39605e-05
 Reference value :  6.41401e-05
 Reference value :  6.43012e-05
 Reference value :  6.44813e-05
 Reference value :  6.46606e-05
 Reference value :  6.48306e-05
 Reference value :  6.50101e-05
 Reference value :  6.51610e-05
 Reference value :  6.53401e-05
 Reference value :  6.55002e-05
 Reference value :  6.56897e-05
 Reference value :  6.58602e-05
 Reference value :  6.60301e-05
 Reference value :  6.61901e-05
 Reference value :  6.63604e-05
 Reference value :  6.65211e-05
 Reference value :  6.67002e-05
 Reference value :  6.68705e-05
 Reference value :  6.70501e-05
 Reference value :  6.72106e-05
 Reference value :  6.73803e-05
 Reference value :  6.75702e-05
 Reference value :  6.77401e-05
 Reference value :  6.79002e-05
 Reference value :  6.81012e-05
 Reference value :  6.82801e-05
 Reference value :  6.84316e-05
 Reference value :  6.85912e-05
 Reference value :  6.87603e-05
 Reference value :  6.89206e-05
 Reference value :  6.90928e-05
 Reference value :  6.92807e-05
 Reference value :  6.94505e-05
 Reference value :  6.96302e-05
 Reference value :  6.97903e-05
 Reference value :  6.99601e-05
 Reference value :  7.01205e-05
 Reference value :  7.03006e-05
 Reference value :  7.04521e-05
 Reference value :  7.06302e-05
 Reference value :  7.08027e-05
 Reference value :  7.10103e-05
 Reference value :  7.11710e-05
 Reference value :  7.13501e-05
 Reference value :  7.15205e-05
 Reference value :  7.17000e-05
 Reference value :  7.18611e-05
 Reference value :  7.20402e-05
 Reference value :  7.21999e-05
 Reference value :  7.23602e-05
 Reference value :  7.25201e-05
 Reference value :  7.26901e-05
 Reference value :  7.28511e-05
 Reference value :  7.30202e-05
 Reference value :  7.31802e-05
 Reference value :  7.33617e-05
 Reference value :  7.35301e-05
 Reference value :  7.36908e-05
 Reference value :  7.38602e-05
 Reference value :  7.40106e-05
 Reference value :  7.41721e-05
 Reference value :  7.43700e-05
 Reference value :  7.45212e-05
 Reference value :  7.46820e-05
 Reference value :  7.48808e-05
 Reference value :  7.50411e-05
 Reference value :  7.52106e-05
 Reference value :  7.53711e-05
 Reference value :  7.55403e-05
 Reference value :  7.57202e-05
 Reference value :  7.58814e-05
 Reference value :  7.60510e-05
 Reference value :  7.62300e-05
 Reference value :  7.63902e-05
 Reference value :  7.65601e-05
 Reference value :  7.67208e-05
 Reference value :  7.68904e-05
 Reference value :  7.70505e-05
 Reference value :  7.72201e-05
 Reference value :  7.74002e-05
 Reference value :  7.75804e-05
 Reference value :  7.77406e-05
 Reference value :  7.79108e-05
 Reference value :  7.80901e-05
 Reference value :  7.82501e-05
 Reference value :  7.84202e-05
 Reference value :  7.85804e-05
 Reference value :  7.87385e-05
 Reference value :  7.89003e-05
 Reference value :  7.90802e-05
 Reference value :  7.92402e-05
 Reference value :  7.94101e-05
 Reference value :  7.95616e-05
 Reference value :  7.97212e-05
 Reference value :  7.98915e-05
No. of Data Rows : 465794
t_flip              =  3.41121e-05
vos_v               =  -5.88786e-03
m_dut_vos = -5.887860000e-03
Note: Simulation executed from .control section 

Warning: m=xx on .subckt line will override multiplier m hierarchy!

Note: Starting dynamic gmin stepping
Note: Dynamic gmin stepping completed
