
Note: No compatibility mode selected!


Circuit: * comparator-preamp-noise @ ff_125c_3.30v -- generated by sim/harness, do not edit

Doing analysis at TEMP = 125.000000 and TNOM = 27.000000

Using SPARSE 1.3 as Direct Linear Solver

No. of Data Rows : 1
Doing analysis at TEMP = 125.000000 and TNOM = 27.000000

Using SPARSE 1.3 as Direct Linear Solver

No. of Data Rows : 181

No. of Data Rows : 1
Doing analysis at TEMP = 125.000000 and TNOM = 27.000000

Using SPARSE 1.3 as Direct Linear Solver

No. of Data Rows : 121

No. of Data Rows : 1
Doing analysis at TEMP = 125.000000 and TNOM = 27.000000

Using SPARSE 1.3 as Direct Linear Solver

No. of Data Rows : 181
m_av_dc = 6.0362751027e+00
m_vn_in_uv = 2.1329765069e+02
m_vn_in_hf_uv = 2.1295789327e+02
m_onoise_uv = 1.2875232983e+03
m_onoise_hf_uv = 1.2854724291e+03
m_inoise_band_uv = 6.1094459319e+02
m_flicker_frac_pct = 3.1832213603e-01
m_white_nv_rthz = 1.2745381728e+02
m_enbw_mhz = 1.0204800023e+02
m_vbias_anchor_mv = 5.7522924713e+02
Note: Simulation executed from .control section 

Note: Starting dynamic gmin stepping
Note: Dynamic gmin stepping completed
Note: Starting dynamic gmin stepping
Note: Dynamic gmin stepping completed
Note: Starting dynamic gmin stepping
Note: Dynamic gmin stepping completed
Note: Starting dynamic gmin stepping
Note: Dynamic gmin stepping completed
