
Note: No compatibility mode selected!


Circuit: * comparator-preamp-noise @ ff_27c_3.30v -- generated by sim/harness, do not edit

Doing analysis at TEMP = 27.000000 and TNOM = 27.000000

Using SPARSE 1.3 as Direct Linear Solver

No. of Data Rows : 1
Doing analysis at TEMP = 27.000000 and TNOM = 27.000000

Using SPARSE 1.3 as Direct Linear Solver

No. of Data Rows : 181

No. of Data Rows : 1
Doing analysis at TEMP = 27.000000 and TNOM = 27.000000

Using SPARSE 1.3 as Direct Linear Solver

No. of Data Rows : 121

No. of Data Rows : 1
Doing analysis at TEMP = 27.000000 and TNOM = 27.000000

Using SPARSE 1.3 as Direct Linear Solver

No. of Data Rows : 181
m_av_dc = 7.7731333891e+00
m_vn_in_uv = 1.6860617869e+02
m_vn_in_hf_uv = 1.6822616779e+02
m_onoise_uv = 1.3105983172e+03
m_onoise_hf_uv = 1.3076444418e+03
m_inoise_band_uv = 5.1390413733e+02
m_flicker_frac_pct = 4.5025948677e-01
m_white_nv_rthz = 1.3485929600e+02
m_enbw_mhz = 9.4444666104e+01
m_vbias_anchor_mv = 6.5277058045e+02
Note: Simulation executed from .control section 

Note: Starting dynamic gmin stepping
Note: Dynamic gmin stepping completed
Note: Starting dynamic gmin stepping
Note: Dynamic gmin stepping completed
Note: Starting dynamic gmin stepping
Note: Dynamic gmin stepping completed
Note: Starting dynamic gmin stepping
Note: Dynamic gmin stepping completed
