
Note: No compatibility mode selected!


Circuit: * comparator-preamp-noise @ fs_-40c_2.97v -- generated by sim/harness, do not edit

Doing analysis at TEMP = -40.000000 and TNOM = 27.000000

Using SPARSE 1.3 as Direct Linear Solver

No. of Data Rows : 1
Doing analysis at TEMP = -40.000000 and TNOM = 27.000000

Using SPARSE 1.3 as Direct Linear Solver

No. of Data Rows : 181

No. of Data Rows : 1
Doing analysis at TEMP = -40.000000 and TNOM = 27.000000

Using SPARSE 1.3 as Direct Linear Solver

No. of Data Rows : 121

No. of Data Rows : 1
Doing analysis at TEMP = -40.000000 and TNOM = 27.000000

Using SPARSE 1.3 as Direct Linear Solver

No. of Data Rows : 181
m_av_dc = 1.1753909634e+01
m_vn_in_uv = 1.2681756237e+02
m_vn_in_hf_uv = 1.2631747195e+02
m_onoise_uv = 1.4906021681e+03
m_onoise_hf_uv = 1.4847241506e+03
m_inoise_band_uv = 4.5154903985e+02
m_flicker_frac_pct = 7.8712187662e-01
m_white_nv_rthz = 1.7891366903e+02
m_enbw_mhz = 6.9412302885e+01
m_vbias_anchor_mv = 7.3848612319e+02
Note: Simulation executed from .control section 

