
Note: No compatibility mode selected!


Circuit: * comparator-preamp-noise @ fs_125c_3.63v -- generated by sim/harness, do not edit

Doing analysis at TEMP = 125.000000 and TNOM = 27.000000

Using SPARSE 1.3 as Direct Linear Solver

No. of Data Rows : 1
Doing analysis at TEMP = 125.000000 and TNOM = 27.000000

Using SPARSE 1.3 as Direct Linear Solver

No. of Data Rows : 181

No. of Data Rows : 1
Doing analysis at TEMP = 125.000000 and TNOM = 27.000000

Using SPARSE 1.3 as Direct Linear Solver

No. of Data Rows : 121

No. of Data Rows : 1
Doing analysis at TEMP = 125.000000 and TNOM = 27.000000

Using SPARSE 1.3 as Direct Linear Solver

No. of Data Rows : 181
m_av_dc = 7.4120324240e+00
m_vn_in_uv = 1.9313879346e+02
m_vn_in_hf_uv = 1.9274504820e+02
m_onoise_uv = 1.4315509995e+03
m_onoise_hf_uv = 1.4286325468e+03
m_inoise_band_uv = 6.1177448041e+02
m_flicker_frac_pct = 4.0731734112e-01
m_white_nv_rthz = 1.5736101299e+02
m_enbw_mhz = 8.2759786912e+01
m_vbias_anchor_mv = 6.0680998026e+02
Note: Simulation executed from .control section 

Note: Starting dynamic gmin stepping
Note: Dynamic gmin stepping completed
Note: Starting dynamic gmin stepping
Note: Dynamic gmin stepping completed
Note: Starting dynamic gmin stepping
Note: Dynamic gmin stepping completed
Note: Starting dynamic gmin stepping
Note: Dynamic gmin stepping completed
