
Note: No compatibility mode selected!


Circuit: * comparator-preamp-noise @ sf_-40c_3.63v -- generated by sim/harness, do not edit

Doing analysis at TEMP = -40.000000 and TNOM = 27.000000

Using SPARSE 1.3 as Direct Linear Solver

No. of Data Rows : 1
Doing analysis at TEMP = -40.000000 and TNOM = 27.000000

Using SPARSE 1.3 as Direct Linear Solver

No. of Data Rows : 181

No. of Data Rows : 1
Doing analysis at TEMP = -40.000000 and TNOM = 27.000000

Using SPARSE 1.3 as Direct Linear Solver

No. of Data Rows : 121

No. of Data Rows : 1
Doing analysis at TEMP = -40.000000 and TNOM = 27.000000

Using SPARSE 1.3 as Direct Linear Solver

No. of Data Rows : 181
m_av_dc = 1.1259977282e+01
m_vn_in_uv = 1.2820679749e+02
m_vn_in_hf_uv = 1.2767703232e+02
m_onoise_uv = 1.4436056272e+03
m_onoise_hf_uv = 1.4376404834e+03
m_inoise_band_uv = 4.5127334165e+02
m_flicker_frac_pct = 8.2471546712e-01
m_white_nv_rthz = 1.7309594194e+02
m_enbw_mhz = 6.9554199994e+01
m_vbias_anchor_mv = 9.0084326486e+02
Note: Simulation executed from .control section 

