
Note: No compatibility mode selected!


Circuit: * comparator-preamp-noise @ sf_125c_3.30v -- generated by sim/harness, do not edit

Doing analysis at TEMP = 125.000000 and TNOM = 27.000000

Using SPARSE 1.3 as Direct Linear Solver

No. of Data Rows : 1
Doing analysis at TEMP = 125.000000 and TNOM = 27.000000

Using SPARSE 1.3 as Direct Linear Solver

No. of Data Rows : 181

No. of Data Rows : 1
Doing analysis at TEMP = 125.000000 and TNOM = 27.000000

Using SPARSE 1.3 as Direct Linear Solver

No. of Data Rows : 121

No. of Data Rows : 1
Doing analysis at TEMP = 125.000000 and TNOM = 27.000000

Using SPARSE 1.3 as Direct Linear Solver

No. of Data Rows : 181
m_av_dc = 7.1597905215e+00
m_vn_in_uv = 1.9626957281e+02
m_vn_in_hf_uv = 1.9584776489e+02
m_onoise_uv = 1.4052490271e+03
m_onoise_hf_uv = 1.4022289707e+03
m_inoise_band_uv = 6.1967181768e+02
m_flicker_frac_pct = 4.2936319824e-01
m_white_nv_rthz = 1.5674499179e+02
m_enbw_mhz = 8.0374676819e+01
m_vbias_anchor_mv = 7.7164084537e+02
Note: Simulation executed from .control section 

