
Note: No compatibility mode selected!


Circuit: * comparator-preamp-noise @ ss_-40c_3.30v -- generated by sim/harness, do not edit

Doing analysis at TEMP = -40.000000 and TNOM = 27.000000

Using SPARSE 1.3 as Direct Linear Solver

No. of Data Rows : 1
Doing analysis at TEMP = -40.000000 and TNOM = 27.000000

Using SPARSE 1.3 as Direct Linear Solver

No. of Data Rows : 181

No. of Data Rows : 1
Doing analysis at TEMP = -40.000000 and TNOM = 27.000000

Using SPARSE 1.3 as Direct Linear Solver

No. of Data Rows : 121

No. of Data Rows : 1
Doing analysis at TEMP = -40.000000 and TNOM = 27.000000

Using SPARSE 1.3 as Direct Linear Solver

No. of Data Rows : 181
m_av_dc = 1.3316051107e+01
m_vn_in_uv = 1.1888864918e+02
m_vn_in_hf_uv = 1.1828829904e+02
m_onoise_uv = 1.5831273285e+03
m_onoise_hf_uv = 1.5751330354e+03
m_inoise_band_uv = 4.5809702760e+02
m_flicker_frac_pct = 1.0073869226e+00
m_white_nv_rthz = 2.0889786831e+02
m_enbw_mhz = 5.7433287386e+01
m_vbias_anchor_mv = 9.3149015042e+02
Note: Simulation executed from .control section 

