
Note: No compatibility mode selected!


Circuit: * comparator-preamp-noise @ ss_125c_3.63v -- generated by sim/harness, do not edit

Doing analysis at TEMP = 125.000000 and TNOM = 27.000000

Using SPARSE 1.3 as Direct Linear Solver

No. of Data Rows : 1
Doing analysis at TEMP = 125.000000 and TNOM = 27.000000

Using SPARSE 1.3 as Direct Linear Solver

No. of Data Rows : 181

No. of Data Rows : 1
Doing analysis at TEMP = 125.000000 and TNOM = 27.000000

Using SPARSE 1.3 as Direct Linear Solver

No. of Data Rows : 121

No. of Data Rows : 1
Doing analysis at TEMP = 125.000000 and TNOM = 27.000000

Using SPARSE 1.3 as Direct Linear Solver

No. of Data Rows : 181
m_av_dc = 8.4362682311e+00
m_vn_in_uv = 1.8123364854e+02
m_vn_in_hf_uv = 1.8075616815e+02
m_onoise_uv = 1.5289356716e+03
m_onoise_hf_uv = 1.5249075189e+03
m_inoise_band_uv = 6.2016100578e+02
m_flicker_frac_pct = 5.2622832691e-01
m_white_nv_rthz = 1.8571286225e+02
m_enbw_mhz = 6.7778891152e+01
m_vbias_anchor_mv = 8.0325278661e+02
Note: Simulation executed from .control section 

