
Note: No compatibility mode selected!


Circuit: * comparator-preamp-noise @ ss_27c_3.30v -- generated by sim/harness, do not edit

Doing analysis at TEMP = 27.000000 and TNOM = 27.000000

Using SPARSE 1.3 as Direct Linear Solver

No. of Data Rows : 1
Doing analysis at TEMP = 27.000000 and TNOM = 27.000000

Using SPARSE 1.3 as Direct Linear Solver

No. of Data Rows : 181

No. of Data Rows : 1
Doing analysis at TEMP = 27.000000 and TNOM = 27.000000

Using SPARSE 1.3 as Direct Linear Solver

No. of Data Rows : 121

No. of Data Rows : 1
Doing analysis at TEMP = 27.000000 and TNOM = 27.000000

Using SPARSE 1.3 as Direct Linear Solver

No. of Data Rows : 181
m_av_dc = 1.0858429854e+01
m_vn_in_uv = 1.4339814148e+02
m_vn_in_hf_uv = 1.4286668484e+02
m_onoise_uv = 1.5570786603e+03
m_onoise_hf_uv = 1.5513078757e+03
m_inoise_band_uv = 5.2654384247e+02
m_flicker_frac_pct = 7.3985868961e-01
m_white_nv_rthz = 1.9761462647e+02
m_enbw_mhz = 6.2084463697e+01
m_vbias_anchor_mv = 8.7819610579e+02
Note: Simulation executed from .control section 

