
Note: No compatibility mode selected!


Circuit: * comparator-preamp-noise @ tt_-40c_2.97v -- generated by sim/harness, do not edit

Doing analysis at TEMP = -40.000000 and TNOM = 27.000000

Using SPARSE 1.3 as Direct Linear Solver

No. of Data Rows : 1
Doing analysis at TEMP = -40.000000 and TNOM = 27.000000

Using SPARSE 1.3 as Direct Linear Solver

No. of Data Rows : 181

No. of Data Rows : 1
Doing analysis at TEMP = -40.000000 and TNOM = 27.000000

Using SPARSE 1.3 as Direct Linear Solver

No. of Data Rows : 121

No. of Data Rows : 1
Doing analysis at TEMP = -40.000000 and TNOM = 27.000000

Using SPARSE 1.3 as Direct Linear Solver

No. of Data Rows : 181
m_av_dc = 1.1537379770e+01
m_vn_in_uv = 1.2771721228e+02
m_vn_in_hf_uv = 1.2720145658e+02
m_onoise_uv = 1.4735219813e+03
m_onoise_hf_uv = 1.4675715119e+03
m_inoise_band_uv = 4.5448206797e+02
m_flicker_frac_pct = 8.0602186087e-01
m_white_nv_rthz = 1.7775897283e+02
m_enbw_mhz = 6.8714782085e+01
m_vbias_anchor_mv = 8.1959989840e+02
Note: Simulation executed from .control section 

