
Note: No compatibility mode selected!


Circuit: * comparator-preamp-noise @ tt_125c_2.97v -- generated by sim/harness, do not edit

Doing analysis at TEMP = 125.000000 and TNOM = 27.000000

Using SPARSE 1.3 as Direct Linear Solver

No. of Data Rows : 1
Doing analysis at TEMP = 125.000000 and TNOM = 27.000000

Using SPARSE 1.3 as Direct Linear Solver

No. of Data Rows : 181

No. of Data Rows : 1
Doing analysis at TEMP = 125.000000 and TNOM = 27.000000

Using SPARSE 1.3 as Direct Linear Solver

No. of Data Rows : 121

No. of Data Rows : 1
Doing analysis at TEMP = 125.000000 and TNOM = 27.000000

Using SPARSE 1.3 as Direct Linear Solver

No. of Data Rows : 181
m_av_dc = 7.3048794837e+00
m_vn_in_uv = 1.9431778882e+02
m_vn_in_hf_uv = 1.9390970637e+02
m_onoise_uv = 1.4194680289e+03
m_onoise_hf_uv = 1.4164870358e+03
m_inoise_band_uv = 6.1853528367e+02
m_flicker_frac_pct = 4.1957449800e-01
m_white_nv_rthz = 1.5845760055e+02
m_enbw_mhz = 8.0246311594e+01
m_vbias_anchor_mv = 6.8916549010e+02
Note: Simulation executed from .control section 

Note: Starting dynamic gmin stepping
Note: Dynamic gmin stepping completed
Note: Starting dynamic gmin stepping
Note: Dynamic gmin stepping completed
Note: Starting dynamic gmin stepping
Note: Dynamic gmin stepping completed
Note: Starting dynamic gmin stepping
Note: Dynamic gmin stepping completed
