
Note: No compatibility mode selected!


Circuit: * comparator-preamp-noise @ tt_125c_3.63v -- generated by sim/harness, do not edit

Doing analysis at TEMP = 125.000000 and TNOM = 27.000000

Using SPARSE 1.3 as Direct Linear Solver

No. of Data Rows : 1
Doing analysis at TEMP = 125.000000 and TNOM = 27.000000

Using SPARSE 1.3 as Direct Linear Solver

No. of Data Rows : 181

No. of Data Rows : 1
Doing analysis at TEMP = 125.000000 and TNOM = 27.000000

Using SPARSE 1.3 as Direct Linear Solver

No. of Data Rows : 121

No. of Data Rows : 1
Doing analysis at TEMP = 125.000000 and TNOM = 27.000000

Using SPARSE 1.3 as Direct Linear Solver

No. of Data Rows : 181
m_av_dc = 7.2769289725e+00
m_vn_in_uv = 1.9466757111e+02
m_vn_in_hf_uv = 1.9426041574e+02
m_onoise_uv = 1.4165820882e+03
m_onoise_hf_uv = 1.4136192475e+03
m_inoise_band_uv = 6.1430595940e+02
m_flicker_frac_pct = 4.1787091091e-01
m_white_nv_rthz = 1.5639807694e+02
m_enbw_mhz = 8.2039059850e+01
m_vbias_anchor_mv = 6.8916549010e+02
Note: Simulation executed from .control section 

