
Note: No compatibility mode selected!


Circuit: * comparator-preamp-noise @ tt_27c_3.30v -- generated by sim/harness, do not edit

Doing analysis at TEMP = 27.000000 and TNOM = 27.000000

Using SPARSE 1.3 as Direct Linear Solver

No. of Data Rows : 1
Doing analysis at TEMP = 27.000000 and TNOM = 27.000000

Using SPARSE 1.3 as Direct Linear Solver

No. of Data Rows : 181

No. of Data Rows : 1
Doing analysis at TEMP = 27.000000 and TNOM = 27.000000

Using SPARSE 1.3 as Direct Linear Solver

No. of Data Rows : 121

No. of Data Rows : 1
Doing analysis at TEMP = 27.000000 and TNOM = 27.000000

Using SPARSE 1.3 as Direct Linear Solver

No. of Data Rows : 181
m_av_dc = 9.3766270324e+00
m_vn_in_uv = 1.5396915764e+02
m_vn_in_hf_uv = 1.5351423339e+02
m_onoise_uv = 1.4437113656e+03
m_onoise_hf_uv = 1.4394457107e+03
m_inoise_band_uv = 5.2032905030e+02
m_flicker_frac_pct = 5.9005606466e-01
m_white_nv_rthz = 1.6656907016e+02
m_enbw_mhz = 7.5122845226e+01
m_vbias_anchor_mv = 7.6540505414e+02
Note: Simulation executed from .control section 

Note: Starting dynamic gmin stepping
Note: Dynamic gmin stepping completed
Note: Starting dynamic gmin stepping
Note: Dynamic gmin stepping completed
Note: Starting dynamic gmin stepping
Note: Dynamic gmin stepping completed
Note: Starting dynamic gmin stepping
Note: Dynamic gmin stepping completed
